[2020-12-14T23:29:27.761+0000][7][gc,heap] Heap region size: 1M
[2020-12-14T23:29:27.761+0000][7][gc,heap,coops] Heap address: 0x00000000c0000000, size: 1024 MB, Compressed Oops mode: 32-bit
[2020-12-14T23:29:27.787+0000][7][gc           ] Using G1
[2020-12-14T23:29:27.788+0000][7][gc,cds       ] Mark closed archive regions in map: [0x00000000fff00000, 0x00000000fff7eff8]
[2020-12-14T23:29:27.788+0000][7][gc,cds       ] Mark open archive regions in map: [0x00000000ffe00000, 0x00000000ffe51ff8]
[2020-12-14T23:29:27.800+0000][7][gc           ] Periodic GC disabled
[2020-12-14T23:29:28.174+0000][7][gc,start     ] GC(0) Pause Young (Normal) (G1 Evacuation Pause)
[2020-12-14T23:29:28.175+0000][7][gc,task      ] GC(0) Using 6 workers of 10 for evacuation
[2020-12-14T23:29:28.175+0000][7][gc,age       ] GC(0) Desired survivor size 1572864 bytes, new threshold 15 (max threshold 15)
[2020-12-14T23:29:28.178+0000][7][gc,age       ] GC(0) Age table with threshold 15 (max threshold 15)
[2020-12-14T23:29:28.178+0000][7][gc,age       ] GC(0) - age   1:    2783736 bytes,    2783736 total
[2020-12-14T23:29:28.178+0000][7][gc,phases    ] GC(0)   Pre Evacuate Collection Set: 0.1ms
[2020-12-14T23:29:28.178+0000][7][gc,phases    ] GC(0)   Merge Heap Roots: 0.1ms
[2020-12-14T23:29:28.178+0000][7][gc,phases    ] GC(0)   Evacuate Collection Set: 2.3ms
[2020-12-14T23:29:28.178+0000][7][gc,phases    ] GC(0)   Post Evacuate Collection Set: 0.4ms
[2020-12-14T23:29:28.178+0000][7][gc,phases    ] GC(0)   Other: 0.7ms
[2020-12-14T23:29:28.178+0000][7][gc,heap      ] GC(0) Eden regions: 23->0(35)
[2020-12-14T23:29:28.178+0000][7][gc,heap      ] GC(0) Survivor regions: 0->3(3)
[2020-12-14T23:29:28.178+0000][7][gc,heap      ] GC(0) Old regions: 0->0
[2020-12-14T23:29:28.178+0000][7][gc,heap      ] GC(0) Archive regions: 2->2
[2020-12-14T23:29:28.178+0000][7][gc,heap      ] GC(0) Humongous regions: 1->1
[2020-12-14T23:29:28.178+0000][7][gc,metaspace ] GC(0) Metaspace: 6209K(8704K)->6209K(8704K) NonClass: 5504K(7680K)->5504K(7680K) Class: 704K(1024K)->704K(1024K)
[2020-12-14T23:29:28.178+0000][7][gc           ] GC(0) Pause Young (Normal) (G1 Evacuation Pause) 24M->4M(258M) 3.493ms
[2020-12-14T23:29:28.178+0000][7][gc,cpu       ] GC(0) User=0.00s Sys=0.00s Real=0.00s
[2020-12-14T23:29:28.178+0000][7][safepoint    ] Safepoint "G1CollectForAllocation", Time since last: 380068156 ns, Reaching safepoint: 100512 ns, At safepoint: 3563421 ns, Total: 3663933 ns
[2020-12-14T23:29:28.855+0000][7][safepoint    ] Safepoint "ICBufferFull", Time since last: 677072140 ns, Reaching safepoint: 116221 ns, At safepoint: 14203 ns, Total: 130424 ns
[2020-12-14T23:29:28.947+0000][7][gc,start     ] GC(1) Pause Young (Normal) (G1 Evacuation Pause)
[2020-12-14T23:29:28.947+0000][7][gc,task      ] GC(1) Using 6 workers of 10 for evacuation
[2020-12-14T23:29:28.947+0000][7][gc,age       ] GC(1) Desired survivor size 2621440 bytes, new threshold 1 (max threshold 15)
[2020-12-14T23:29:28.951+0000][7][gc,age       ] GC(1) Age table with threshold 1 (max threshold 15)
[2020-12-14T23:29:28.951+0000][7][gc,age       ] GC(1) - age   1:    3287944 bytes,    3287944 total
[2020-12-14T23:29:28.951+0000][7][gc,phases    ] GC(1)   Pre Evacuate Collection Set: 0.1ms
[2020-12-14T23:29:28.951+0000][7][gc,phases    ] GC(1)   Merge Heap Roots: 0.0ms
[2020-12-14T23:29:28.951+0000][7][gc,phases    ] GC(1)   Evacuate Collection Set: 2.8ms
[2020-12-14T23:29:28.951+0000][7][gc,phases    ] GC(1)   Post Evacuate Collection Set: 0.5ms
[2020-12-14T23:29:28.951+0000][7][gc,phases    ] GC(1)   Other: 0.2ms
[2020-12-14T23:29:28.951+0000][7][gc,heap      ] GC(1) Eden regions: 35->0(95)
[2020-12-14T23:29:28.951+0000][7][gc,heap      ] GC(1) Survivor regions: 3->4(5)
[2020-12-14T23:29:28.951+0000][7][gc,heap      ] GC(1) Old regions: 0->3
[2020-12-14T23:29:28.951+0000][7][gc,heap      ] GC(1) Archive regions: 2->2
[2020-12-14T23:29:28.951+0000][7][gc,heap      ] GC(1) Humongous regions: 1->1
[2020-12-14T23:29:28.951+0000][7][gc,metaspace ] GC(1) Metaspace: 13404K(14208K)->13404K(14208K) NonClass: 11757K(12288K)->11757K(12288K) Class: 1646K(1920K)->1646K(1920K)
[2020-12-14T23:29:28.951+0000][7][gc           ] GC(1) Pause Young (Normal) (G1 Evacuation Pause) 39M->7M(258M) 3.658ms
[2020-12-14T23:29:28.951+0000][7][gc,cpu       ] GC(1) User=0.02s Sys=0.00s Real=0.00s
[2020-12-14T23:29:28.951+0000][7][safepoint    ] Safepoint "G1CollectForAllocation", Time since last: 92079220 ns, Reaching safepoint: 153563 ns, At safepoint: 3732411 ns, Total: 3885974 ns
[2020-12-14T23:29:29.294+0000][7][gc,start     ] GC(2) Pause Young (Normal) (G1 Evacuation Pause)
[2020-12-14T23:29:29.294+0000][7][gc,task      ] GC(2) Using 6 workers of 10 for evacuation
[2020-12-14T23:29:29.294+0000][7][gc,age       ] GC(2) Desired survivor size 6815744 bytes, new threshold 15 (max threshold 15)
[2020-12-14T23:29:29.297+0000][7][gc,age       ] GC(2) Age table with threshold 15 (max threshold 15)
[2020-12-14T23:29:29.297+0000][7][gc,age       ] GC(2) - age   1:    3015152 bytes,    3015152 total
[2020-12-14T23:29:29.297+0000][7][gc,age       ] GC(2) - age   2:    1969832 bytes,    4984984 total
[2020-12-14T23:29:29.297+0000][7][gc,phases    ] GC(2)   Pre Evacuate Collection Set: 0.1ms
[2020-12-14T23:29:29.297+0000][7][gc,phases    ] GC(2)   Merge Heap Roots: 0.0ms
[2020-12-14T23:29:29.297+0000][7][gc,phases    ] GC(2)   Evacuate Collection Set: 2.2ms
[2020-12-14T23:29:29.297+0000][7][gc,phases    ] GC(2)   Post Evacuate Collection Set: 0.3ms
[2020-12-14T23:29:29.297+0000][7][gc,phases    ] GC(2)   Other: 0.1ms
[2020-12-14T23:29:29.297+0000][7][gc,heap      ] GC(2) Eden regions: 95->0(147)
[2020-12-14T23:29:29.297+0000][7][gc,heap      ] GC(2) Survivor regions: 4->6(13)
[2020-12-14T23:29:29.297+0000][7][gc,heap      ] GC(2) Old regions: 3->3
[2020-12-14T23:29:29.297+0000][7][gc,heap      ] GC(2) Archive regions: 2->2
[2020-12-14T23:29:29.297+0000][7][gc,heap      ] GC(2) Humongous regions: 2->1
[2020-12-14T23:29:29.297+0000][7][gc,metaspace ] GC(2) Metaspace: 15984K(16896K)->15984K(16896K) NonClass: 13998K(14592K)->13998K(14592K) Class: 1985K(2304K)->1985K(2304K)
[2020-12-14T23:29:29.297+0000][7][gc           ] GC(2) Pause Young (Normal) (G1 Evacuation Pause) 103M->9M(258M) 2.872ms
[2020-12-14T23:29:29.297+0000][7][gc,cpu       ] GC(2) User=0.01s Sys=0.00s Real=0.00s
[2020-12-14T23:29:29.297+0000][7][safepoint    ] Safepoint "G1CollectForAllocation", Time since last: 343288795 ns, Reaching safepoint: 110537 ns, At safepoint: 2924754 ns, Total: 3035291 ns
[2020-12-14T23:29:29.297+0000][7][safepoint    ] Safepoint "BulkRevokeBias", Time since last: 67955 ns, Reaching safepoint: 28879 ns, At safepoint: 49336 ns, Total: 78215 ns
[2020-12-14T23:29:29.298+0000][7][safepoint    ] Safepoint "BulkRevokeBias", Time since last: 444532 ns, Reaching safepoint: 88837 ns, At safepoint: 43965 ns, Total: 132802 ns
[2020-12-14T23:29:29.298+0000][7][safepoint    ] Safepoint "BulkRevokeBias", Time since last: 35410 ns, Reaching safepoint: 25132 ns, At safepoint: 43588 ns, Total: 68720 ns
[2020-12-14T23:29:29.543+0000][7][safepoint    ] Safepoint "ICBufferFull", Time since last: 244577747 ns, Reaching safepoint: 196550 ns, At safepoint: 8703 ns, Total: 205253 ns
[2020-12-14T23:29:29.577+0000][7][gc,start     ] GC(3) Pause Young (Normal) (G1 Evacuation Pause)
[2020-12-14T23:29:29.577+0000][7][gc,task      ] GC(3) Using 6 workers of 10 for evacuation
[2020-12-14T23:29:29.577+0000][7][gc,age       ] GC(3) Desired survivor size 10485760 bytes, new threshold 15 (max threshold 15)
[2020-12-14T23:29:29.581+0000][7][gc,age       ] GC(3) Age table with threshold 15 (max threshold 15)
[2020-12-14T23:29:29.581+0000][7][gc,age       ] GC(3) - age   1:    3745792 bytes,    3745792 total
[2020-12-14T23:29:29.581+0000][7][gc,age       ] GC(3) - age   2:    2172440 bytes,    5918232 total
[2020-12-14T23:29:29.581+0000][7][gc,age       ] GC(3) - age   3:    1969776 bytes,    7888008 total
[2020-12-14T23:29:29.581+0000][7][gc,phases    ] GC(3)   Pre Evacuate Collection Set: 0.1ms
[2020-12-14T23:29:29.581+0000][7][gc,phases    ] GC(3)   Merge Heap Roots: 0.0ms
[2020-12-14T23:29:29.581+0000][7][gc,phases    ] GC(3)   Evacuate Collection Set: 3.3ms
[2020-12-14T23:29:29.581+0000][7][gc,phases    ] GC(3)   Post Evacuate Collection Set: 0.4ms
[2020-12-14T23:29:29.581+0000][7][gc,phases    ] GC(3)   Other: 0.2ms
[2020-12-14T23:29:29.581+0000][7][gc,heap      ] GC(3) Eden regions: 147->0(145)
[2020-12-14T23:29:29.581+0000][7][gc,heap      ] GC(3) Survivor regions: 6->8(20)
[2020-12-14T23:29:29.581+0000][7][gc,heap      ] GC(3) Old regions: 3->3
[2020-12-14T23:29:29.581+0000][7][gc,heap      ] GC(3) Archive regions: 2->2
[2020-12-14T23:29:29.581+0000][7][gc,heap      ] GC(3) Humongous regions: 1->1
[2020-12-14T23:29:29.581+0000][7][gc,metaspace ] GC(3) Metaspace: 16642K(17536K)->16642K(17536K) NonClass: 14590K(15104K)->14590K(15104K) Class: 2052K(2432K)->2052K(2432K)
[2020-12-14T23:29:29.581+0000][7][gc           ] GC(3) Pause Young (Normal) (G1 Evacuation Pause) 156M->12M(258M) 4.118ms
[2020-12-14T23:29:29.581+0000][7][gc,cpu       ] GC(3) User=0.02s Sys=0.01s Real=0.00s
[2020-12-14T23:29:29.581+0000][7][safepoint    ] Safepoint "G1CollectForAllocation", Time since last: 34265956 ns, Reaching safepoint: 46640 ns, At safepoint: 4180932 ns, Total: 4227572 ns
[2020-12-14T23:29:29.582+0000][7][safepoint    ] Safepoint "BulkRevokeBias", Time since last: 142525 ns, Reaching safepoint: 93369 ns, At safepoint: 48426 ns, Total: 141795 ns
[2020-12-14T23:29:29.975+0000][7][gc,start     ] GC(4) Pause Young (Concurrent Start) (Metadata GC Threshold)
[2020-12-14T23:29:29.975+0000][7][gc,task      ] GC(4) Using 6 workers of 10 for evacuation
[2020-12-14T23:29:29.975+0000][7][gc,age       ] GC(4) Desired survivor size 10485760 bytes, new threshold 15 (max threshold 15)
[2020-12-14T23:29:29.979+0000][7][gc,age       ] GC(4) Age table with threshold 15 (max threshold 15)
[2020-12-14T23:29:29.979+0000][7][gc,age       ] GC(4) - age   1:    1423112 bytes,    1423112 total
[2020-12-14T23:29:29.979+0000][7][gc,age       ] GC(4) - age   2:    2002888 bytes,    3426000 total
[2020-12-14T23:29:29.979+0000][7][gc,age       ] GC(4) - age   3:    2161248 bytes,    5587248 total
[2020-12-14T23:29:29.979+0000][7][gc,age       ] GC(4) - age   4:    1967352 bytes,    7554600 total
[2020-12-14T23:29:29.979+0000][7][gc,phases    ] GC(4)   Pre Evacuate Collection Set: 0.1ms
[2020-12-14T23:29:29.979+0000][7][gc,phases    ] GC(4)   Merge Heap Roots: 0.0ms
[2020-12-14T23:29:29.979+0000][7][gc,phases    ] GC(4)   Evacuate Collection Set: 3.3ms
[2020-12-14T23:29:29.979+0000][7][gc,phases    ] GC(4)   Post Evacuate Collection Set: 0.3ms
[2020-12-14T23:29:29.979+0000][7][gc,phases    ] GC(4)   Other: 0.3ms
[2020-12-14T23:29:29.979+0000][7][gc,heap      ] GC(4) Eden regions: 98->0(145)
[2020-12-14T23:29:29.979+0000][7][gc,heap      ] GC(4) Survivor regions: 8->8(20)
[2020-12-14T23:29:29.979+0000][7][gc,heap      ] GC(4) Old regions: 3->3
[2020-12-14T23:29:29.979+0000][7][gc,heap      ] GC(4) Archive regions: 2->2
[2020-12-14T23:29:29.979+0000][7][gc,heap      ] GC(4) Humongous regions: 1->1
[2020-12-14T23:29:29.979+0000][7][gc,metaspace ] GC(4) Metaspace: 20179K(21248K)->20179K(21248K) NonClass: 17744K(18432K)->17744K(18432K) Class: 2434K(2816K)->2434K(2816K)
[2020-12-14T23:29:29.979+0000][7][gc           ] GC(4) Pause Young (Concurrent Start) (Metadata GC Threshold) 110M->12M(258M) 4.123ms
[2020-12-14T23:29:29.979+0000][7][gc,cpu       ] GC(4) User=0.03s Sys=0.01s Real=0.00s
[2020-12-14T23:29:29.979+0000][7][gc           ] GC(5) Concurrent Cycle
[2020-12-14T23:29:29.979+0000][7][gc,marking   ] GC(5) Concurrent Clear Claimed Marks
[2020-12-14T23:29:29.979+0000][7][gc,marking   ] GC(5) Concurrent Clear Claimed Marks 0.046ms
[2020-12-14T23:29:29.979+0000][7][gc,marking   ] GC(5) Concurrent Scan Root Regions
[2020-12-14T23:29:29.979+0000][7][safepoint    ] Safepoint "CollectForMetadataAllocation", Time since last: 392819974 ns, Reaching safepoint: 121550 ns, At safepoint: 4278114 ns, Total: 4399664 ns
[2020-12-14T23:29:29.981+0000][7][gc,marking   ] GC(5) Concurrent Scan Root Regions 2.045ms
[2020-12-14T23:29:29.981+0000][7][gc,marking   ] GC(5) Concurrent Mark (2.225s)
[2020-12-14T23:29:29.981+0000][7][gc,marking   ] GC(5) Concurrent Mark From Roots
[2020-12-14T23:29:29.981+0000][7][gc,task      ] GC(5) Using 3 workers of 3 for marking
[2020-12-14T23:29:29.984+0000][7][gc,marking   ] GC(5) Concurrent Mark From Roots 2.813ms
[2020-12-14T23:29:29.984+0000][7][gc,marking   ] GC(5) Concurrent Preclean
[2020-12-14T23:29:29.984+0000][7][gc,marking   ] GC(5) Concurrent Preclean 0.342ms
[2020-12-14T23:29:29.984+0000][7][safepoint    ] Safepoint "BulkRevokeBias", Time since last: 5230915 ns, Reaching safepoint: 117425 ns, At safepoint: 58308 ns, Total: 175733 ns
[2020-12-14T23:29:29.984+0000][7][gc,marking   ] GC(5) Concurrent Mark (2.225s, 2.229s) 3.192ms
[2020-12-14T23:29:29.985+0000][7][gc,start     ] GC(5) Pause Remark
[2020-12-14T23:29:29.987+0000][7][gc           ] GC(5) Pause Remark 12M->12M(256M) 2.074ms
[2020-12-14T23:29:29.987+0000][7][gc,cpu       ] GC(5) User=0.02s Sys=0.00s Real=0.00s
[2020-12-14T23:29:29.987+0000][7][safepoint    ] Safepoint "BulkRevokeBias", Time since last: 51723 ns, Reaching safepoint: 99055 ns, At safepoint: 2175204 ns, Total: 2274259 ns
[2020-12-14T23:29:29.987+0000][7][gc,marking   ] GC(5) Concurrent Rebuild Remembered Sets
[2020-12-14T23:29:29.988+0000][7][gc,marking   ] GC(5) Concurrent Rebuild Remembered Sets 1.635ms
[2020-12-14T23:29:29.989+0000][7][gc,start     ] GC(5) Pause Cleanup
[2020-12-14T23:29:29.989+0000][7][gc           ] GC(5) Pause Cleanup 12M->12M(256M) 0.087ms
[2020-12-14T23:29:29.989+0000][7][gc,cpu       ] GC(5) User=0.00s Sys=0.00s Real=0.00s
[2020-12-14T23:29:29.989+0000][7][safepoint    ] Safepoint "G1Concurrent", Time since last: 1726078 ns, Reaching safepoint: 319393 ns, At safepoint: 123274 ns, Total: 442667 ns
[2020-12-14T23:29:29.989+0000][7][gc,marking   ] GC(5) Concurrent Cleanup for Next Mark
[2020-12-14T23:29:29.989+0000][7][gc,marking   ] GC(5) Concurrent Cleanup for Next Mark 0.259ms
[2020-12-14T23:29:29.989+0000][7][gc           ] GC(5) Concurrent Cycle 10.298ms
[2020-12-14T23:29:30.573+0000][7][safepoint    ] Safepoint "ICBufferFull", Time since last: 583952673 ns, Reaching safepoint: 264270 ns, At safepoint: 8717 ns, Total: 272987 ns
[2020-12-14T23:29:31.486+0000][7][gc,start     ] GC(6) Pause Young (Normal) (G1 Evacuation Pause)
[2020-12-14T23:29:31.486+0000][7][gc,task      ] GC(6) Using 6 workers of 10 for evacuation
[2020-12-14T23:29:31.487+0000][7][gc,age       ] GC(6) Desired survivor size 10485760 bytes, new threshold 15 (max threshold 15)
[2020-12-14T23:29:31.504+0000][7][gc,age       ] GC(6) Age table with threshold 15 (max threshold 15)
[2020-12-14T23:29:31.504+0000][7][gc,age       ] GC(6) - age   1:   13432624 bytes,   13432624 total
[2020-12-14T23:29:31.504+0000][7][gc,age       ] GC(6) - age   2:    1382888 bytes,   14815512 total
[2020-12-14T23:29:31.504+0000][7][gc,age       ] GC(6) - age   3:    2000688 bytes,   16816200 total
[2020-12-14T23:29:31.504+0000][7][gc,age       ] GC(6) - age   4:    2156360 bytes,   18972560 total
[2020-12-14T23:29:31.504+0000][7][gc,age       ] GC(6) - age   5:    1937096 bytes,   20909656 total
[2020-12-14T23:29:31.504+0000][7][gc,phases    ] GC(6)   Pre Evacuate Collection Set: 0.1ms
[2020-12-14T23:29:31.504+0000][7][gc,phases    ] GC(6)   Merge Heap Roots: 0.1ms
[2020-12-14T23:29:31.504+0000][7][gc,phases    ] GC(6)   Evacuate Collection Set: 16.3ms
[2020-12-14T23:29:31.504+0000][7][gc,phases    ] GC(6)   Post Evacuate Collection Set: 0.9ms
[2020-12-14T23:29:31.504+0000][7][gc,phases    ] GC(6)   Other: 0.2ms
[2020-12-14T23:29:31.504+0000][7][gc,heap      ] GC(6) Eden regions: 145->0(133)
[2020-12-14T23:29:31.504+0000][7][gc,heap      ] GC(6) Survivor regions: 8->20(20)
[2020-12-14T23:29:31.504+0000][7][gc,heap      ] GC(6) Old regions: 3->9
[2020-12-14T23:29:31.504+0000][7][gc,heap      ] GC(6) Archive regions: 2->2
[2020-12-14T23:29:31.504+0000][7][gc,heap      ] GC(6) Humongous regions: 1->1
[2020-12-14T23:29:31.504+0000][7][gc,metaspace ] GC(6) Metaspace: 24749K(26112K)->24749K(26112K) NonClass: 21662K(22528K)->21662K(22528K) Class: 3087K(3584K)->3087K(3584K)
[2020-12-14T23:29:31.504+0000][7][gc           ] GC(6) Pause Young (Normal) (G1 Evacuation Pause) 157M->29M(256M) 17.623ms
[2020-12-14T23:29:31.504+0000][7][gc,cpu       ] GC(6) User=0.10s Sys=0.00s Real=0.02s
[2020-12-14T23:29:31.504+0000][7][safepoint    ] Safepoint "G1CollectForAllocation", Time since last: 913296027 ns, Reaching safepoint: 88311 ns, At safepoint: 17694137 ns, Total: 17782448 ns
[2020-12-14T23:29:32.008+0000][7][safepoint    ] Safepoint "ICBufferFull", Time since last: 504158481 ns, Reaching safepoint: 156903 ns, At safepoint: 6521 ns, Total: 163424 ns
[2020-12-14T23:29:32.423+0000][7][gc,start     ] GC(7) Pause Young (Concurrent Start) (Metadata GC Threshold)
[2020-12-14T23:29:32.423+0000][7][gc,task      ] GC(7) Using 6 workers of 10 for evacuation
[2020-12-14T23:29:32.423+0000][7][gc,age       ] GC(7) Desired survivor size 10485760 bytes, new threshold 1 (max threshold 15)
[2020-12-14T23:29:32.451+0000][7][gc,age       ] GC(7) Age table with threshold 1 (max threshold 15)
[2020-12-14T23:29:32.451+0000][7][gc,age       ] GC(7) - age   1:   10135352 bytes,   10135352 total
[2020-12-14T23:29:32.451+0000][7][gc,phases    ] GC(7)   Pre Evacuate Collection Set: 0.2ms
[2020-12-14T23:29:32.451+0000][7][gc,phases    ] GC(7)   Merge Heap Roots: 0.2ms
[2020-12-14T23:29:32.451+0000][7][gc,phases    ] GC(7)   Evacuate Collection Set: 26.5ms
[2020-12-14T23:29:32.451+0000][7][gc,phases    ] GC(7)   Post Evacuate Collection Set: 0.7ms
[2020-12-14T23:29:32.451+0000][7][gc,phases    ] GC(7)   Other: 0.2ms
[2020-12-14T23:29:32.451+0000][7][gc,heap      ] GC(7) Eden regions: 98->0(121)
[2020-12-14T23:29:32.451+0000][7][gc,heap      ] GC(7) Survivor regions: 20->12(20)
[2020-12-14T23:29:32.451+0000][7][gc,heap      ] GC(7) Old regions: 9->29
[2020-12-14T23:29:32.451+0000][7][gc,heap      ] GC(7) Archive regions: 2->2
[2020-12-14T23:29:32.451+0000][7][gc,heap      ] GC(7) Humongous regions: 1->1
[2020-12-14T23:29:32.451+0000][7][gc,metaspace ] GC(7) Metaspace: 33411K(35628K)->33411K(35628K) NonClass: 29011K(30380K)->29011K(30380K) Class: 4400K(5248K)->4400K(5248K)
[2020-12-14T23:29:32.451+0000][7][gc           ] GC(7) Pause Young (Concurrent Start) (Metadata GC Threshold) 127M->41M(256M) 27.833ms
[2020-12-14T23:29:32.451+0000][7][gc,cpu       ] GC(7) User=0.19s Sys=0.00s Real=0.03s
[2020-12-14T23:29:32.451+0000][7][gc           ] GC(8) Concurrent Cycle
[2020-12-14T23:29:32.451+0000][7][gc,marking   ] GC(8) Concurrent Clear Claimed Marks
[2020-12-14T23:29:32.451+0000][7][safepoint    ] Safepoint "CollectForMetadataAllocation", Time since last: 414411758 ns, Reaching safepoint: 232634 ns, At safepoint: 28021409 ns, Total: 28254043 ns
[2020-12-14T23:29:32.451+0000][7][gc,marking   ] GC(8) Concurrent Clear Claimed Marks 0.136ms
[2020-12-14T23:29:32.451+0000][7][gc,marking   ] GC(8) Concurrent Scan Root Regions
[2020-12-14T23:29:32.465+0000][7][gc,marking   ] GC(8) Concurrent Scan Root Regions 14.162ms
[2020-12-14T23:29:32.465+0000][7][gc,marking   ] GC(8) Concurrent Mark (4.710s)
[2020-12-14T23:29:32.465+0000][7][gc,marking   ] GC(8) Concurrent Mark From Roots
[2020-12-14T23:29:32.465+0000][7][gc,task      ] GC(8) Using 3 workers of 3 for marking
[2020-12-14T23:29:32.470+0000][7][safepoint    ] Safepoint "CollectForMetadataAllocation", Time since last: 18542051 ns, Reaching safepoint: 72269 ns, At safepoint: 121000 ns, Total: 193269 ns
[2020-12-14T23:29:32.479+0000][7][gc,marking   ] GC(8) Concurrent Mark From Roots 13.141ms
[2020-12-14T23:29:32.479+0000][7][gc,marking   ] GC(8) Concurrent Preclean
[2020-12-14T23:29:32.479+0000][7][gc,marking   ] GC(8) Concurrent Preclean 0.644ms
[2020-12-14T23:29:32.479+0000][7][gc,marking   ] GC(8) Concurrent Mark (4.710s, 4.724s) 13.854ms
[2020-12-14T23:29:32.479+0000][7][gc,start     ] GC(8) Pause Remark
[2020-12-14T23:29:32.482+0000][7][gc           ] GC(8) Pause Remark 43M->43M(256M) 2.124ms
[2020-12-14T23:29:32.482+0000][7][gc,cpu       ] GC(8) User=0.02s Sys=0.00s Real=0.00s
[2020-12-14T23:29:32.482+0000][7][safepoint    ] Safepoint "G1Concurrent", Time since last: 9462283 ns, Reaching safepoint: 115194 ns, At safepoint: 2201853 ns, Total: 2317047 ns
[2020-12-14T23:29:32.482+0000][7][gc,marking   ] GC(8) Concurrent Rebuild Remembered Sets
[2020-12-14T23:29:32.502+0000][7][gc,marking   ] GC(8) Concurrent Rebuild Remembered Sets 20.785ms
[2020-12-14T23:29:32.503+0000][7][gc,start     ] GC(8) Pause Cleanup
[2020-12-14T23:29:32.503+0000][7][gc           ] GC(8) Pause Cleanup 45M->45M(256M) 0.129ms
[2020-12-14T23:29:32.503+0000][7][gc,cpu       ] GC(8) User=0.00s Sys=0.00s Real=0.00s
[2020-12-14T23:29:32.503+0000][7][safepoint    ] Safepoint "G1Concurrent", Time since last: 20895642 ns, Reaching safepoint: 424080 ns, At safepoint: 182111 ns, Total: 606191 ns
[2020-12-14T23:29:32.503+0000][7][gc,marking   ] GC(8) Concurrent Cleanup for Next Mark
[2020-12-14T23:29:32.503+0000][7][gc,marking   ] GC(8) Concurrent Cleanup for Next Mark 0.301ms
[2020-12-14T23:29:32.503+0000][7][gc           ] GC(8) Concurrent Cycle 52.464ms
[2020-12-14T23:29:33.069+0000][7][safepoint    ] Safepoint "ICBufferFull", Time since last: 564797008 ns, Reaching safepoint: 1085804 ns, At safepoint: 17248 ns, Total: 1103052 ns
[2020-12-14T23:29:33.519+0000][7][safepoint    ] Safepoint "BulkRevokeBias", Time since last: 449518846 ns, Reaching safepoint: 473565 ns, At safepoint: 56861 ns, Total: 530426 ns
[2020-12-14T23:29:33.524+0000][7][safepoint    ] Safepoint "BulkRevokeBias", Time since last: 4412704 ns, Reaching safepoint: 117617 ns, At safepoint: 56617 ns, Total: 174234 ns
[2020-12-14T23:29:34.370+0000][7][safepoint    ] Safepoint "BulkRevokeBias", Time since last: 845758495 ns, Reaching safepoint: 197310 ns, At safepoint: 118115 ns, Total: 315425 ns
[2020-12-14T23:29:34.617+0000][7][gc,start     ] GC(9) Pause Young (Concurrent Start) (G1 Evacuation Pause)
[2020-12-14T23:29:34.618+0000][7][gc,task      ] GC(9) Using 6 workers of 10 for evacuation
[2020-12-14T23:29:34.618+0000][7][gc,age       ] GC(9) Desired survivor size 8912896 bytes, new threshold 1 (max threshold 15)
[2020-12-14T23:29:34.634+0000][7][gc,age       ] GC(9) Age table with threshold 1 (max threshold 15)
[2020-12-14T23:29:34.634+0000][7][gc,age       ] GC(9) - age   1:    7580832 bytes,    7580832 total
[2020-12-14T23:29:34.634+0000][7][gc,phases    ] GC(9)   Pre Evacuate Collection Set: 0.5ms
[2020-12-14T23:29:34.634+0000][7][gc,phases    ] GC(9)   Merge Heap Roots: 0.1ms
[2020-12-14T23:29:34.634+0000][7][gc,phases    ] GC(9)   Evacuate Collection Set: 14.4ms
[2020-12-14T23:29:34.634+0000][7][gc,phases    ] GC(9)   Post Evacuate Collection Set: 1.3ms
[2020-12-14T23:29:34.634+0000][7][gc,phases    ] GC(9)   Other: 0.4ms
[2020-12-14T23:29:34.634+0000][7][gc,heap      ] GC(9) Eden regions: 121->0(114)
[2020-12-14T23:29:34.634+0000][7][gc,heap      ] GC(9) Survivor regions: 12->9(17)
[2020-12-14T23:29:34.634+0000][7][gc,heap      ] GC(9) Old regions: 29->40
[2020-12-14T23:29:34.634+0000][7][gc,heap      ] GC(9) Archive regions: 2->2
[2020-12-14T23:29:34.634+0000][7][gc,heap      ] GC(9) Humongous regions: 1->1
[2020-12-14T23:29:34.634+0000][7][gc,metaspace ] GC(9) Metaspace: 56536K(60356K)->56536K(60356K) NonClass: 49008K(51116K)->49008K(51116K) Class: 7527K(9240K)->7527K(9240K)
[2020-12-14T23:29:34.634+0000][7][gc           ] GC(9) Pause Young (Concurrent Start) (G1 Evacuation Pause) 162M->49M(256M) 16.780ms
[2020-12-14T23:29:34.634+0000][7][gc,cpu       ] GC(9) User=0.09s Sys=0.01s Real=0.02s
[2020-12-14T23:29:34.634+0000][7][gc           ] GC(10) Concurrent Cycle
[2020-12-14T23:29:34.634+0000][7][safepoint    ] Safepoint "G1CollectForAllocation", Time since last: 247582981 ns, Reaching safepoint: 113572 ns, At safepoint: 16900681 ns, Total: 17014253 ns
[2020-12-14T23:29:34.634+0000][7][gc,marking   ] GC(10) Concurrent Clear Claimed Marks
[2020-12-14T23:29:34.635+0000][7][gc,marking   ] GC(10) Concurrent Clear Claimed Marks 0.435ms
[2020-12-14T23:29:34.635+0000][7][gc,marking   ] GC(10) Concurrent Scan Root Regions
[2020-12-14T23:29:34.643+0000][7][gc,marking   ] GC(10) Concurrent Scan Root Regions 8.267ms
[2020-12-14T23:29:34.643+0000][7][gc,marking   ] GC(10) Concurrent Mark (6.887s)
[2020-12-14T23:29:34.643+0000][7][gc,marking   ] GC(10) Concurrent Mark From Roots
[2020-12-14T23:29:34.643+0000][7][gc,task      ] GC(10) Using 3 workers of 3 for marking
[2020-12-14T23:29:34.671+0000][7][gc,marking   ] GC(10) Concurrent Mark From Roots 28.161ms
[2020-12-14T23:29:34.671+0000][7][gc,marking   ] GC(10) Concurrent Preclean
[2020-12-14T23:29:34.672+0000][7][gc,marking   ] GC(10) Concurrent Preclean 0.487ms
[2020-12-14T23:29:34.672+0000][7][gc,marking   ] GC(10) Concurrent Mark (6.887s, 6.916s) 28.727ms
[2020-12-14T23:29:34.672+0000][7][gc,start     ] GC(10) Pause Remark
[2020-12-14T23:29:34.675+0000][7][gc           ] GC(10) Pause Remark 51M->51M(256M) 2.733ms
[2020-12-14T23:29:34.675+0000][7][gc,cpu       ] GC(10) User=0.02s Sys=0.00s Real=0.01s
[2020-12-14T23:29:34.675+0000][7][safepoint    ] Safepoint "G1Concurrent", Time since last: 37586788 ns, Reaching safepoint: 78696 ns, At safepoint: 2796846 ns, Total: 2875542 ns
[2020-12-14T23:29:34.675+0000][7][gc,marking   ] GC(10) Concurrent Rebuild Remembered Sets
[2020-12-14T23:29:34.700+0000][7][gc,marking   ] GC(10) Concurrent Rebuild Remembered Sets 25.282ms
[2020-12-14T23:29:34.701+0000][7][gc,start     ] GC(10) Pause Cleanup
[2020-12-14T23:29:34.701+0000][7][gc           ] GC(10) Pause Cleanup 51M->51M(256M) 0.142ms
[2020-12-14T23:29:34.701+0000][7][gc,cpu       ] GC(10) User=0.00s Sys=0.00s Real=0.00s
[2020-12-14T23:29:34.701+0000][7][safepoint    ] Safepoint "G1Concurrent", Time since last: 25411467 ns, Reaching safepoint: 742178 ns, At safepoint: 190026 ns, Total: 932204 ns
[2020-12-14T23:29:34.701+0000][7][gc,marking   ] GC(10) Concurrent Cleanup for Next Mark
[2020-12-14T23:29:34.701+0000][7][gc,marking   ] GC(10) Concurrent Cleanup for Next Mark 0.300ms
[2020-12-14T23:29:34.702+0000][7][gc           ] GC(10) Concurrent Cycle 67.176ms
[2020-12-14T23:29:34.836+0000][7][safepoint    ] Safepoint "BulkRevokeBias", Time since last: 134686074 ns, Reaching safepoint: 88421 ns, At safepoint: 155523 ns, Total: 243944 ns
[2020-12-14T23:29:34.841+0000][7][safepoint    ] Safepoint "BulkRevokeBias", Time since last: 4511096 ns, Reaching safepoint: 142749 ns, At safepoint: 147964 ns, Total: 290713 ns
[2020-12-14T23:29:35.771+0000][7][safepoint    ] Safepoint "BulkRevokeBias", Time since last: 929994181 ns, Reaching safepoint: 316172 ns, At safepoint: 231420 ns, Total: 547592 ns
[2020-12-14T23:29:35.819+0000][7][safepoint    ] Safepoint "BulkRevokeBias", Time since last: 47327493 ns, Reaching safepoint: 95960 ns, At safepoint: 269173 ns, Total: 365133 ns
[2020-12-14T23:29:36.034+0000][7][gc,start     ] GC(11) Pause Young (Concurrent Start) (G1 Humongous Allocation)
[2020-12-14T23:29:36.034+0000][7][gc,task      ] GC(11) Using 6 workers of 10 for evacuation
[2020-12-14T23:29:36.034+0000][7][gc,age       ] GC(11) Desired survivor size 8388608 bytes, new threshold 15 (max threshold 15)
[2020-12-14T23:29:36.079+0000][7][gc,age       ] GC(11) Age table with threshold 15 (max threshold 15)
[2020-12-14T23:29:36.079+0000][7][gc,age       ] GC(11) - age   1:    9977744 bytes,    9977744 total
[2020-12-14T23:29:36.079+0000][7][gc,age       ] GC(11) - age   2:    6779656 bytes,   16757400 total
[2020-12-14T23:29:36.079+0000][7][gc,phases    ] GC(11)   Pre Evacuate Collection Set: 0.5ms
[2020-12-14T23:29:36.079+0000][7][gc,phases    ] GC(11)   Merge Heap Roots: 0.2ms
[2020-12-14T23:29:36.079+0000][7][gc,phases    ] GC(11)   Evacuate Collection Set: 43.0ms
[2020-12-14T23:29:36.079+0000][7][gc,phases    ] GC(11)   Post Evacuate Collection Set: 1.0ms
[2020-12-14T23:29:36.079+0000][7][gc,phases    ] GC(11)   Other: 0.4ms
[2020-12-14T23:29:36.079+0000][7][gc,heap      ] GC(11) Eden regions: 102->0(38)
[2020-12-14T23:29:36.079+0000][7][gc,heap      ] GC(11) Survivor regions: 9->16(16)
[2020-12-14T23:29:36.079+0000][7][gc,heap      ] GC(11) Old regions: 40->73
[2020-12-14T23:29:36.079+0000][7][gc,heap      ] GC(11) Archive regions: 2->2
[2020-12-14T23:29:36.079+0000][7][gc,heap      ] GC(11) Humongous regions: 31->31
[2020-12-14T23:29:36.079+0000][7][gc,metaspace ] GC(11) Metaspace: 61698K(65988K)->61698K(65988K) NonClass: 53461K(55980K)->53461K(55980K) Class: 8237K(10008K)->8237K(10008K)
[2020-12-14T23:29:36.079+0000][7][gc           ] GC(11) Pause Young (Concurrent Start) (G1 Humongous Allocation) 181M->120M(256M) 45.038ms
[2020-12-14T23:29:36.079+0000][7][gc,cpu       ] GC(11) User=0.26s Sys=0.00s Real=0.05s
[2020-12-14T23:29:36.079+0000][7][gc           ] GC(12) Concurrent Cycle
[2020-12-14T23:29:36.079+0000][7][safepoint    ] Safepoint "G1TryInitiateConcMark", Time since last: 214572976 ns, Reaching safepoint: 122225 ns, At safepoint: 45146640 ns, Total: 45268865 ns
[2020-12-14T23:29:36.079+0000][7][gc,marking   ] GC(12) Concurrent Clear Claimed Marks
[2020-12-14T23:29:36.079+0000][7][gc,marking   ] GC(12) Concurrent Clear Claimed Marks 0.389ms
[2020-12-14T23:29:36.079+0000][7][gc,marking   ] GC(12) Concurrent Scan Root Regions
[2020-12-14T23:29:36.090+0000][7][gc,marking   ] GC(12) Concurrent Scan Root Regions 10.277ms
[2020-12-14T23:29:36.090+0000][7][gc,marking   ] GC(12) Concurrent Mark (8.334s)
[2020-12-14T23:29:36.090+0000][7][gc,marking   ] GC(12) Concurrent Mark From Roots
[2020-12-14T23:29:36.090+0000][7][gc,task      ] GC(12) Using 3 workers of 3 for marking
[2020-12-14T23:29:36.122+0000][7][gc,marking   ] GC(12) Concurrent Mark From Roots 32.726ms
[2020-12-14T23:29:36.122+0000][7][gc,marking   ] GC(12) Concurrent Preclean
[2020-12-14T23:29:36.123+0000][7][gc,marking   ] GC(12) Concurrent Preclean 0.453ms
[2020-12-14T23:29:36.123+0000][7][gc,marking   ] GC(12) Concurrent Mark (8.334s, 8.367s) 33.236ms
[2020-12-14T23:29:36.123+0000][7][gc,start     ] GC(12) Pause Remark
[2020-12-14T23:29:36.126+0000][7][gc           ] GC(12) Pause Remark 140M->133M(256M) 2.521ms
[2020-12-14T23:29:36.126+0000][7][gc,cpu       ] GC(12) User=0.01s Sys=0.00s Real=0.01s
[2020-12-14T23:29:36.126+0000][7][safepoint    ] Safepoint "G1Concurrent", Time since last: 44038868 ns, Reaching safepoint: 115004 ns, At safepoint: 2575449 ns, Total: 2690453 ns
[2020-12-14T23:29:36.126+0000][7][gc,marking   ] GC(12) Concurrent Rebuild Remembered Sets
[2020-12-14T23:29:36.161+0000][7][gc,marking   ] GC(12) Concurrent Rebuild Remembered Sets 34.907ms
[2020-12-14T23:29:36.161+0000][7][gc,start     ] GC(12) Pause Cleanup
[2020-12-14T23:29:36.161+0000][7][gc           ] GC(12) Pause Cleanup 173M->173M(256M) 0.159ms
[2020-12-14T23:29:36.161+0000][7][gc,cpu       ] GC(12) User=0.00s Sys=0.00s Real=0.00s
[2020-12-14T23:29:36.161+0000][7][safepoint    ] Safepoint "G1Concurrent", Time since last: 35065865 ns, Reaching safepoint: 441547 ns, At safepoint: 210565 ns, Total: 652112 ns
[2020-12-14T23:29:36.161+0000][7][gc,marking   ] GC(12) Concurrent Cleanup for Next Mark
[2020-12-14T23:29:36.162+0000][7][gc,marking   ] GC(12) Concurrent Cleanup for Next Mark 0.296ms
[2020-12-14T23:29:36.162+0000][7][gc           ] GC(12) Concurrent Cycle 82.832ms
[2020-12-14T23:29:36.179+0000][7][gc,start     ] GC(13) Pause Young (Normal) (G1 Evacuation Pause)
[2020-12-14T23:29:36.179+0000][7][gc,task      ] GC(13) Using 6 workers of 10 for evacuation
[2020-12-14T23:29:36.179+0000][7][gc,age       ] GC(13) Desired survivor size 3670016 bytes, new threshold 1 (max threshold 15)
[2020-12-14T23:29:36.193+0000][7][gc,age       ] GC(13) Age table with threshold 1 (max threshold 15)
[2020-12-14T23:29:36.193+0000][7][gc,age       ] GC(13) - age   1:    7300448 bytes,    7300448 total
[2020-12-14T23:29:36.193+0000][7][gc,phases    ] GC(13)   Pre Evacuate Collection Set: 0.1ms
[2020-12-14T23:29:36.193+0000][7][gc,phases    ] GC(13)   Merge Heap Roots: 0.1ms
[2020-12-14T23:29:36.193+0000][7][gc,phases    ] GC(13)   Evacuate Collection Set: 14.0ms
[2020-12-14T23:29:36.193+0000][7][gc,phases    ] GC(13)   Post Evacuate Collection Set: 0.4ms
[2020-12-14T23:29:36.193+0000][7][gc,phases    ] GC(13)   Other: 0.2ms
[2020-12-14T23:29:36.193+0000][7][gc,heap      ] GC(13) Eden regions: 38->0(26)
[2020-12-14T23:29:36.193+0000][7][gc,heap      ] GC(13) Survivor regions: 16->7(7)
[2020-12-14T23:29:36.193+0000][7][gc,heap      ] GC(13) Old regions: 73->91
[2020-12-14T23:29:36.193+0000][7][gc,heap      ] GC(13) Archive regions: 2->2
[2020-12-14T23:29:36.193+0000][7][gc,heap      ] GC(13) Humongous regions: 64->48
[2020-12-14T23:29:36.193+0000][7][gc,metaspace ] GC(13) Metaspace: 61715K(65988K)->61715K(65988K) NonClass: 53476K(55980K)->53476K(55980K) Class: 8238K(10008K)->8238K(10008K)
[2020-12-14T23:29:36.193+0000][7][gc           ] GC(13) Pause Young (Normal) (G1 Evacuation Pause) 191M->146M(256M) 14.857ms
[2020-12-14T23:29:36.193+0000][7][gc,cpu       ] GC(13) User=0.12s Sys=0.00s Real=0.01s
[2020-12-14T23:29:36.194+0000][7][safepoint    ] Safepoint "G1CollectForAllocation", Time since last: 17107015 ns, Reaching safepoint: 66042 ns, At safepoint: 14939675 ns, Total: 15005717 ns
[2020-12-14T23:29:36.215+0000][7][gc,start     ] GC(14) Pause Young (Concurrent Start) (G1 Evacuation Pause)
[2020-12-14T23:29:36.215+0000][7][gc,task      ] GC(14) Using 6 workers of 10 for evacuation
[2020-12-14T23:29:36.215+0000][7][gc,age       ] GC(14) Desired survivor size 2621440 bytes, new threshold 1 (max threshold 15)
[2020-12-14T23:29:36.221+0000][7][gc,age       ] GC(14) Age table with threshold 1 (max threshold 15)
[2020-12-14T23:29:36.221+0000][7][gc,age       ] GC(14) - age   1:    1791664 bytes,    1791664 total
[2020-12-14T23:29:36.221+0000][7][gc,phases    ] GC(14)   Pre Evacuate Collection Set: 0.4ms
[2020-12-14T23:29:36.221+0000][7][gc,phases    ] GC(14)   Merge Heap Roots: 0.1ms
[2020-12-14T23:29:36.221+0000][7][gc,phases    ] GC(14)   Evacuate Collection Set: 5.6ms
[2020-12-14T23:29:36.221+0000][7][gc,phases    ] GC(14)   Post Evacuate Collection Set: 0.3ms
[2020-12-14T23:29:36.221+0000][7][gc,phases    ] GC(14)   Other: 0.2ms
[2020-12-14T23:29:36.221+0000][7][gc,heap      ] GC(14) Eden regions: 26->0(25)
[2020-12-14T23:29:36.221+0000][7][gc,heap      ] GC(14) Survivor regions: 7->3(5)
[2020-12-14T23:29:36.221+0000][7][gc,heap      ] GC(14) Old regions: 91->99
[2020-12-14T23:29:36.221+0000][7][gc,heap      ] GC(14) Archive regions: 2->2
[2020-12-14T23:29:36.221+0000][7][gc,heap      ] GC(14) Humongous regions: 48->48
[2020-12-14T23:29:36.221+0000][7][gc,metaspace ] GC(14) Metaspace: 61719K(65988K)->61719K(65988K) NonClass: 53481K(55980K)->53481K(55980K) Class: 8238K(10008K)->8238K(10008K)
[2020-12-14T23:29:36.221+0000][7][gc           ] GC(14) Pause Young (Concurrent Start) (G1 Evacuation Pause) 172M->150M(256M) 6.586ms
[2020-12-14T23:29:36.221+0000][7][gc,cpu       ] GC(14) User=0.04s Sys=0.00s Real=0.00s
[2020-12-14T23:29:36.221+0000][7][safepoint    ] Safepoint "G1CollectForAllocation", Time since last: 20911417 ns, Reaching safepoint: 68026 ns, At safepoint: 6662657 ns, Total: 6730683 ns
[2020-12-14T23:29:36.221+0000][7][gc           ] GC(15) Concurrent Cycle
[2020-12-14T23:29:36.221+0000][7][gc,marking   ] GC(15) Concurrent Clear Claimed Marks
[2020-12-14T23:29:36.222+0000][7][gc,marking   ] GC(15) Concurrent Clear Claimed Marks 0.379ms
[2020-12-14T23:29:36.222+0000][7][gc,marking   ] GC(15) Concurrent Scan Root Regions
[2020-12-14T23:29:36.224+0000][7][gc,marking   ] GC(15) Concurrent Scan Root Regions 2.490ms
[2020-12-14T23:29:36.224+0000][7][gc,marking   ] GC(15) Concurrent Mark (8.468s)
[2020-12-14T23:29:36.224+0000][7][gc,marking   ] GC(15) Concurrent Mark From Roots
[2020-12-14T23:29:36.224+0000][7][gc,task      ] GC(15) Using 3 workers of 3 for marking
[2020-12-14T23:29:36.238+0000][7][gc,start     ] GC(16) Pause Young (Normal) (G1 Evacuation Pause)
[2020-12-14T23:29:36.238+0000][7][gc,task      ] GC(16) Using 6 workers of 10 for evacuation
[2020-12-14T23:29:36.238+0000][7][gc,age       ] GC(16) Desired survivor size 2097152 bytes, new threshold 15 (max threshold 15)
[2020-12-14T23:29:36.241+0000][7][gc,age       ] GC(16) Age table with threshold 15 (max threshold 15)
[2020-12-14T23:29:36.241+0000][7][gc,age       ] GC(16) - age   1:    1899176 bytes,    1899176 total
[2020-12-14T23:29:36.241+0000][7][gc,age       ] GC(16) - age   2:    1506568 bytes,    3405744 total
[2020-12-14T23:29:36.241+0000][7][gc,phases    ] GC(16)   Pre Evacuate Collection Set: 0.1ms
[2020-12-14T23:29:36.241+0000][7][gc,phases    ] GC(16)   Merge Heap Roots: 0.0ms
[2020-12-14T23:29:36.241+0000][7][gc,phases    ] GC(16)   Evacuate Collection Set: 2.8ms
[2020-12-14T23:29:36.241+0000][7][gc,phases    ] GC(16)   Post Evacuate Collection Set: 0.2ms
[2020-12-14T23:29:36.241+0000][7][gc,phases    ] GC(16)   Other: 0.2ms
[2020-12-14T23:29:36.241+0000][7][gc,heap      ] GC(16) Eden regions: 25->0(26)
[2020-12-14T23:29:36.241+0000][7][gc,heap      ] GC(16) Survivor regions: 3->4(4)
[2020-12-14T23:29:36.241+0000][7][gc,heap      ] GC(16) Old regions: 99->99
[2020-12-14T23:29:36.241+0000][7][gc,heap      ] GC(16) Archive regions: 2->2
[2020-12-14T23:29:36.241+0000][7][gc,heap      ] GC(16) Humongous regions: 48->48
[2020-12-14T23:29:36.241+0000][7][gc,metaspace ] GC(16) Metaspace: 61719K(65988K)->61719K(65988K) NonClass: 53481K(55980K)->53481K(55980K) Class: 8238K(10008K)->8238K(10008K)
[2020-12-14T23:29:36.241+0000][7][gc           ] GC(16) Pause Young (Normal) (G1 Evacuation Pause) 175M->151M(256M) 3.368ms
[2020-12-14T23:29:36.241+0000][7][gc,cpu       ] GC(16) User=0.01s Sys=0.00s Real=0.00s
[2020-12-14T23:29:36.241+0000][7][safepoint    ] Safepoint "G1CollectForAllocation", Time since last: 16402059 ns, Reaching safepoint: 83328 ns, At safepoint: 3447702 ns, Total: 3531030 ns
[2020-12-14T23:29:36.255+0000][7][gc,start     ] GC(17) Pause Young (Normal) (G1 Evacuation Pause)
[2020-12-14T23:29:36.256+0000][7][gc,task      ] GC(17) Using 6 workers of 10 for evacuation
[2020-12-14T23:29:36.256+0000][7][gc,age       ] GC(17) Desired survivor size 2097152 bytes, new threshold 2 (max threshold 15)
[2020-12-14T23:29:36.261+0000][7][gc,age       ] GC(17) Age table with threshold 2 (max threshold 15)
[2020-12-14T23:29:36.261+0000][7][gc,age       ] GC(17) - age   1:    1589488 bytes,    1589488 total
[2020-12-14T23:29:36.261+0000][7][gc,age       ] GC(17) - age   2:    1472320 bytes,    3061808 total
[2020-12-14T23:29:36.261+0000][7][gc,phases    ] GC(17)   Pre Evacuate Collection Set: 0.1ms
[2020-12-14T23:29:36.261+0000][7][gc,phases    ] GC(17)   Merge Heap Roots: 0.0ms
[2020-12-14T23:29:36.261+0000][7][gc,phases    ] GC(17)   Evacuate Collection Set: 4.9ms
[2020-12-14T23:29:36.261+0000][7][gc,phases    ] GC(17)   Post Evacuate Collection Set: 0.2ms
[2020-12-14T23:29:36.261+0000][7][gc,phases    ] GC(17)   Other: 0.2ms
[2020-12-14T23:29:36.261+0000][7][gc,heap      ] GC(17) Eden regions: 26->0(25)
[2020-12-14T23:29:36.261+0000][7][gc,heap      ] GC(17) Survivor regions: 4->4(4)
[2020-12-14T23:29:36.261+0000][7][gc,heap      ] GC(17) Old regions: 99->101
[2020-12-14T23:29:36.261+0000][7][gc,heap      ] GC(17) Archive regions: 2->2
[2020-12-14T23:29:36.261+0000][7][gc,heap      ] GC(17) Humongous regions: 49->49
[2020-12-14T23:29:36.261+0000][7][gc,metaspace ] GC(17) Metaspace: 61719K(65988K)->61719K(65988K) NonClass: 53481K(55980K)->53481K(55980K) Class: 8238K(10008K)->8238K(10008K)
[2020-12-14T23:29:36.261+0000][7][gc           ] GC(17) Pause Young (Normal) (G1 Evacuation Pause) 178M->153M(256M) 5.447ms
[2020-12-14T23:29:36.261+0000][7][gc,cpu       ] GC(17) User=0.03s Sys=0.00s Real=0.00s
[2020-12-14T23:29:36.261+0000][7][safepoint    ] Safepoint "G1CollectForAllocation", Time since last: 14259761 ns, Reaching safepoint: 97046 ns, At safepoint: 5520398 ns, Total: 5617444 ns
[2020-12-14T23:29:36.272+0000][7][gc,marking   ] GC(15) Concurrent Mark From Roots 48.256ms
[2020-12-14T23:29:36.272+0000][7][gc,marking   ] GC(15) Concurrent Preclean
[2020-12-14T23:29:36.273+0000][7][gc,marking   ] GC(15) Concurrent Preclean 0.510ms
[2020-12-14T23:29:36.273+0000][7][gc,marking   ] GC(15) Concurrent Mark (8.468s, 8.517s) 48.845ms
[2020-12-14T23:29:36.273+0000][7][gc,start     ] GC(15) Pause Remark
[2020-12-14T23:29:36.279+0000][7][gc           ] GC(15) Pause Remark 178M->146M(256M) 5.508ms
[2020-12-14T23:29:36.279+0000][7][gc,cpu       ] GC(15) User=0.03s Sys=0.00s Real=0.01s
[2020-12-14T23:29:36.279+0000][7][safepoint    ] Safepoint "G1Concurrent", Time since last: 12053858 ns, Reaching safepoint: 87580 ns, At safepoint: 5588778 ns, Total: 5676358 ns
[2020-12-14T23:29:36.279+0000][7][gc,marking   ] GC(15) Concurrent Rebuild Remembered Sets
[2020-12-14T23:29:36.280+0000][7][gc,start     ] GC(18) Pause Young (Normal) (G1 Evacuation Pause)
[2020-12-14T23:29:36.280+0000][7][gc,task      ] GC(18) Using 6 workers of 10 for evacuation
[2020-12-14T23:29:36.280+0000][7][gc,age       ] GC(18) Desired survivor size 2097152 bytes, new threshold 2 (max threshold 15)
[2020-12-14T23:29:36.286+0000][7][gc,age       ] GC(18) Age table with threshold 2 (max threshold 15)
[2020-12-14T23:29:36.286+0000][7][gc,age       ] GC(18) - age   1:    1536104 bytes,    1536104 total
[2020-12-14T23:29:36.286+0000][7][gc,age       ] GC(18) - age   2:    1589288 bytes,    3125392 total
[2020-12-14T23:29:36.286+0000][7][gc,phases    ] GC(18)   Pre Evacuate Collection Set: 0.0ms
[2020-12-14T23:29:36.286+0000][7][gc,phases    ] GC(18)   Merge Heap Roots: 0.0ms
[2020-12-14T23:29:36.286+0000][7][gc,phases    ] GC(18)   Evacuate Collection Set: 5.5ms
[2020-12-14T23:29:36.286+0000][7][gc,phases    ] GC(18)   Post Evacuate Collection Set: 0.3ms
[2020-12-14T23:29:36.286+0000][7][gc,phases    ] GC(18)   Other: 0.2ms
[2020-12-14T23:29:36.286+0000][7][gc,heap      ] GC(18) Eden regions: 25->0(42)
[2020-12-14T23:29:36.286+0000][7][gc,heap      ] GC(18) Survivor regions: 4->4(4)
[2020-12-14T23:29:36.286+0000][7][gc,heap      ] GC(18) Old regions: 78->80
[2020-12-14T23:29:36.286+0000][7][gc,heap      ] GC(18) Archive regions: 2->2
[2020-12-14T23:29:36.286+0000][7][gc,heap      ] GC(18) Humongous regions: 40->40
[2020-12-14T23:29:36.286+0000][7][gc,metaspace ] GC(18) Metaspace: 61715K(65988K)->61715K(65988K) NonClass: 53478K(55980K)->53478K(55980K) Class: 8236K(10008K)->8236K(10008K)
[2020-12-14T23:29:36.286+0000][7][gc           ] GC(18) Pause Young (Normal) (G1 Evacuation Pause) 146M->123M(256M) 6.133ms
[2020-12-14T23:29:36.286+0000][7][gc,cpu       ] GC(18) User=0.03s Sys=0.00s Real=0.01s
[2020-12-14T23:29:36.286+0000][7][safepoint    ] Safepoint "G1CollectForAllocation", Time since last: 112033 ns, Reaching safepoint: 979252 ns, At safepoint: 6217224 ns, Total: 7196476 ns
[2020-12-14T23:29:36.305+0000][7][gc,start     ] GC(19) Pause Young (Normal) (G1 Evacuation Pause)
[2020-12-14T23:29:36.305+0000][7][gc,task      ] GC(19) Using 6 workers of 10 for evacuation
[2020-12-14T23:29:36.305+0000][7][gc,age       ] GC(19) Desired survivor size 3145728 bytes, new threshold 15 (max threshold 15)
[2020-12-14T23:29:36.313+0000][7][gc,age       ] GC(19) Age table with threshold 15 (max threshold 15)
[2020-12-14T23:29:36.313+0000][7][gc,age       ] GC(19) - age   1:    2575688 bytes,    2575688 total
[2020-12-14T23:29:36.313+0000][7][gc,age       ] GC(19) - age   2:    1536016 bytes,    4111704 total
[2020-12-14T23:29:36.313+0000][7][gc,age       ] GC(19) - age   3:    1589288 bytes,    5700992 total
[2020-12-14T23:29:36.314+0000][7][gc,phases    ] GC(19)   Pre Evacuate Collection Set: 0.1ms
[2020-12-14T23:29:36.314+0000][7][gc,phases    ] GC(19)   Merge Heap Roots: 0.1ms
[2020-12-14T23:29:36.314+0000][7][gc,phases    ] GC(19)   Evacuate Collection Set: 7.5ms
[2020-12-14T23:29:36.314+0000][7][gc,phases    ] GC(19)   Post Evacuate Collection Set: 0.4ms
[2020-12-14T23:29:36.314+0000][7][gc,phases    ] GC(19)   Other: 0.3ms
[2020-12-14T23:29:36.314+0000][7][gc,heap      ] GC(19) Eden regions: 42->0(43)
[2020-12-14T23:29:36.314+0000][7][gc,heap      ] GC(19) Survivor regions: 4->6(6)
[2020-12-14T23:29:36.314+0000][7][gc,heap      ] GC(19) Old regions: 80->80
[2020-12-14T23:29:36.314+0000][7][gc,heap      ] GC(19) Archive regions: 2->2
[2020-12-14T23:29:36.314+0000][7][gc,heap      ] GC(19) Humongous regions: 41->41
[2020-12-14T23:29:36.314+0000][7][gc,metaspace ] GC(19) Metaspace: 61715K(65988K)->61715K(65988K) NonClass: 53478K(55980K)->53478K(55980K) Class: 8236K(10008K)->8236K(10008K)
[2020-12-14T23:29:36.314+0000][7][gc           ] GC(19) Pause Young (Normal) (G1 Evacuation Pause) 166M->126M(256M) 8.375ms
[2020-12-14T23:29:36.314+0000][7][gc,cpu       ] GC(19) User=0.04s Sys=0.00s Real=0.00s
[2020-12-14T23:29:36.314+0000][7][safepoint    ] Safepoint "G1CollectForAllocation", Time since last: 18605253 ns, Reaching safepoint: 574387 ns, At safepoint: 8482275 ns, Total: 9056662 ns
[2020-12-14T23:29:36.330+0000][7][gc,marking   ] GC(15) Concurrent Rebuild Remembered Sets 50.891ms
[2020-12-14T23:29:36.330+0000][7][gc,start     ] GC(15) Pause Cleanup
[2020-12-14T23:29:36.330+0000][7][gc           ] GC(15) Pause Cleanup 164M->164M(256M) 0.130ms
[2020-12-14T23:29:36.330+0000][7][gc,cpu       ] GC(15) User=0.00s Sys=0.00s Real=0.00s
[2020-12-14T23:29:36.330+0000][7][safepoint    ] Safepoint "G1Concurrent", Time since last: 16065993 ns, Reaching safepoint: 140129 ns, At safepoint: 172509 ns, Total: 312638 ns
[2020-12-14T23:29:36.330+0000][7][gc,marking   ] GC(15) Concurrent Cleanup for Next Mark
[2020-12-14T23:29:36.330+0000][7][gc,marking   ] GC(15) Concurrent Cleanup for Next Mark 0.335ms
[2020-12-14T23:29:36.330+0000][7][gc           ] GC(15) Concurrent Cycle 109.314ms
[2020-12-14T23:29:36.333+0000][7][gc,start     ] GC(20) Pause Young (Prepare Mixed) (G1 Evacuation Pause)
[2020-12-14T23:29:36.333+0000][7][gc,task      ] GC(20) Using 6 workers of 10 for evacuation
[2020-12-14T23:29:36.333+0000][7][gc,age       ] GC(20) Desired survivor size 3670016 bytes, new threshold 2 (max threshold 15)
[2020-12-14T23:29:36.343+0000][7][gc,age       ] GC(20) Age table with threshold 2 (max threshold 15)
[2020-12-14T23:29:36.343+0000][7][gc,age       ] GC(20) - age   1:    2633328 bytes,    2633328 total
[2020-12-14T23:29:36.343+0000][7][gc,age       ] GC(20) - age   2:    2575560 bytes,    5208888 total
[2020-12-14T23:29:36.343+0000][7][gc,phases    ] GC(20)   Pre Evacuate Collection Set: 0.1ms
[2020-12-14T23:29:36.343+0000][7][gc,phases    ] GC(20)   Merge Heap Roots: 0.1ms
[2020-12-14T23:29:36.343+0000][7][gc,phases    ] GC(20)   Evacuate Collection Set: 9.5ms
[2020-12-14T23:29:36.343+0000][7][gc,phases    ] GC(20)   Post Evacuate Collection Set: 0.3ms
[2020-12-14T23:29:36.343+0000][7][gc,phases    ] GC(20)   Other: 0.2ms
[2020-12-14T23:29:36.343+0000][7][gc,heap      ] GC(20) Eden regions: 43->0(6)
[2020-12-14T23:29:36.343+0000][7][gc,heap      ] GC(20) Survivor regions: 6->6(7)
[2020-12-14T23:29:36.343+0000][7][gc,heap      ] GC(20) Old regions: 80->83
[2020-12-14T23:29:36.343+0000][7][gc,heap      ] GC(20) Archive regions: 2->2
[2020-12-14T23:29:36.343+0000][7][gc,heap      ] GC(20) Humongous regions: 43->43
[2020-12-14T23:29:36.343+0000][7][gc,metaspace ] GC(20) Metaspace: 61715K(65988K)->61715K(65988K) NonClass: 53478K(55980K)->53478K(55980K) Class: 8236K(10008K)->8236K(10008K)
[2020-12-14T23:29:36.344+0000][7][gc           ] GC(20) Pause Young (Prepare Mixed) (G1 Evacuation Pause) 171M->131M(256M) 10.125ms
[2020-12-14T23:29:36.344+0000][7][gc,cpu       ] GC(20) User=0.06s Sys=0.00s Real=0.01s
[2020-12-14T23:29:36.344+0000][7][safepoint    ] Safepoint "G1CollectForAllocation", Time since last: 3268076 ns, Reaching safepoint: 50561 ns, At safepoint: 10192172 ns, Total: 10242733 ns
[2020-12-14T23:29:36.346+0000][7][gc,start     ] GC(21) Pause Young (Mixed) (G1 Evacuation Pause)
[2020-12-14T23:29:36.346+0000][7][gc,task      ] GC(21) Using 6 workers of 10 for evacuation
[2020-12-14T23:29:36.346+0000][7][gc,age       ] GC(21) Desired survivor size 1048576 bytes, new threshold 1 (max threshold 15)
[2020-12-14T23:29:36.357+0000][7][gc,age       ] GC(21) Age table with threshold 1 (max threshold 15)
[2020-12-14T23:29:36.357+0000][7][gc,age       ] GC(21) - age   1:     364744 bytes,     364744 total
[2020-12-14T23:29:36.357+0000][7][gc,phases    ] GC(21)   Pre Evacuate Collection Set: 0.1ms
[2020-12-14T23:29:36.357+0000][7][gc,phases    ] GC(21)   Merge Heap Roots: 0.1ms
[2020-12-14T23:29:36.357+0000][7][gc,phases    ] GC(21)   Evacuate Collection Set: 9.9ms
[2020-12-14T23:29:36.357+0000][7][gc,phases    ] GC(21)   Post Evacuate Collection Set: 0.3ms
[2020-12-14T23:29:36.357+0000][7][gc,phases    ] GC(21)   Other: 0.1ms
[2020-12-14T23:29:36.357+0000][7][gc,heap      ] GC(21) Eden regions: 6->0(53)
[2020-12-14T23:29:36.357+0000][7][gc,heap      ] GC(21) Survivor regions: 6->1(2)
[2020-12-14T23:29:36.357+0000][7][gc,heap      ] GC(21) Old regions: 83->69
[2020-12-14T23:29:36.357+0000][7][gc,heap      ] GC(21) Archive regions: 2->2
[2020-12-14T23:29:36.357+0000][7][gc,heap      ] GC(21) Humongous regions: 43->43
[2020-12-14T23:29:36.357+0000][7][gc,metaspace ] GC(21) Metaspace: 61715K(65988K)->61715K(65988K) NonClass: 53478K(55980K)->53478K(55980K) Class: 8236K(10008K)->8236K(10008K)
[2020-12-14T23:29:36.357+0000][7][gc           ] GC(21) Pause Young (Mixed) (G1 Evacuation Pause) 137M->112M(256M) 10.582ms
[2020-12-14T23:29:36.357+0000][7][gc,cpu       ] GC(21) User=0.06s Sys=0.00s Real=0.01s
[2020-12-14T23:29:36.357+0000][7][safepoint    ] Safepoint "G1CollectForAllocation", Time since last: 2614145 ns, Reaching safepoint: 55813 ns, At safepoint: 10641779 ns, Total: 10697592 ns
[2020-12-14T23:29:36.380+0000][7][gc,start     ] GC(22) Pause Young (Concurrent Start) (G1 Evacuation Pause)
[2020-12-14T23:29:36.380+0000][7][gc,task      ] GC(22) Using 6 workers of 10 for evacuation
[2020-12-14T23:29:36.380+0000][7][gc,age       ] GC(22) Desired survivor size 3670016 bytes, new threshold 15 (max threshold 15)
[2020-12-14T23:29:36.387+0000][7][gc,age       ] GC(22) Age table with threshold 15 (max threshold 15)
[2020-12-14T23:29:36.387+0000][7][gc,age       ] GC(22) - age   1:    3245576 bytes,    3245576 total
[2020-12-14T23:29:36.387+0000][7][gc,age       ] GC(22) - age   2:     364472 bytes,    3610048 total
[2020-12-14T23:29:36.387+0000][7][gc,phases    ] GC(22)   Pre Evacuate Collection Set: 0.3ms
[2020-12-14T23:29:36.387+0000][7][gc,phases    ] GC(22)   Merge Heap Roots: 0.1ms
[2020-12-14T23:29:36.387+0000][7][gc,phases    ] GC(22)   Evacuate Collection Set: 6.3ms
[2020-12-14T23:29:36.387+0000][7][gc,phases    ] GC(22)   Post Evacuate Collection Set: 0.3ms
[2020-12-14T23:29:36.387+0000][7][gc,phases    ] GC(22)   Other: 0.2ms
[2020-12-14T23:29:36.387+0000][7][gc,heap      ] GC(22) Eden regions: 53->0(53)
[2020-12-14T23:29:36.387+0000][7][gc,heap      ] GC(22) Survivor regions: 1->4(7)
[2020-12-14T23:29:36.387+0000][7][gc,heap      ] GC(22) Old regions: 69->69
[2020-12-14T23:29:36.387+0000][7][gc,heap      ] GC(22) Archive regions: 2->2
[2020-12-14T23:29:36.387+0000][7][gc,heap      ] GC(22) Humongous regions: 43->43
[2020-12-14T23:29:36.387+0000][7][gc,metaspace ] GC(22) Metaspace: 61716K(65988K)->61716K(65988K) NonClass: 53479K(55980K)->53479K(55980K) Class: 8236K(10008K)->8236K(10008K)
[2020-12-14T23:29:36.387+0000][7][gc           ] GC(22) Pause Young (Concurrent Start) (G1 Evacuation Pause) 165M->115M(256M) 7.254ms
[2020-12-14T23:29:36.387+0000][7][gc,cpu       ] GC(22) User=0.04s Sys=0.00s Real=0.01s
[2020-12-14T23:29:36.388+0000][7][safepoint    ] Safepoint "G1CollectForAllocation", Time since last: 23244900 ns, Reaching safepoint: 82227 ns, At safepoint: 7326855 ns, Total: 7409082 ns
[2020-12-14T23:29:36.388+0000][7][gc           ] GC(23) Concurrent Cycle
[2020-12-14T23:29:36.388+0000][7][gc,marking   ] GC(23) Concurrent Clear Claimed Marks
[2020-12-14T23:29:36.388+0000][7][gc,marking   ] GC(23) Concurrent Clear Claimed Marks 0.355ms
[2020-12-14T23:29:36.388+0000][7][gc,marking   ] GC(23) Concurrent Scan Root Regions
[2020-12-14T23:29:36.389+0000][7][gc,marking   ] GC(23) Concurrent Scan Root Regions 1.033ms
[2020-12-14T23:29:36.389+0000][7][gc,marking   ] GC(23) Concurrent Mark (8.633s)
[2020-12-14T23:29:36.389+0000][7][gc,marking   ] GC(23) Concurrent Mark From Roots
[2020-12-14T23:29:36.389+0000][7][gc,task      ] GC(23) Using 3 workers of 3 for marking
[2020-12-14T23:29:36.413+0000][7][gc,start     ] GC(24) Pause Young (Normal) (G1 Evacuation Pause)
[2020-12-14T23:29:36.413+0000][7][gc,task      ] GC(24) Using 6 workers of 10 for evacuation
[2020-12-14T23:29:36.413+0000][7][gc,age       ] GC(24) Desired survivor size 4194304 bytes, new threshold 15 (max threshold 15)
[2020-12-14T23:29:36.422+0000][7][gc,age       ] GC(24) Age table with threshold 15 (max threshold 15)
[2020-12-14T23:29:36.422+0000][7][gc,age       ] GC(24) - age   1:    3247808 bytes,    3247808 total
[2020-12-14T23:29:36.422+0000][7][gc,age       ] GC(24) - age   2:    3245576 bytes,    6493384 total
[2020-12-14T23:29:36.422+0000][7][gc,age       ] GC(24) - age   3:     364472 bytes,    6857856 total
[2020-12-14T23:29:36.422+0000][7][gc,phases    ] GC(24)   Pre Evacuate Collection Set: 0.1ms
[2020-12-14T23:29:36.422+0000][7][gc,phases    ] GC(24)   Merge Heap Roots: 0.1ms
[2020-12-14T23:29:36.422+0000][7][gc,phases    ] GC(24)   Evacuate Collection Set: 8.4ms
[2020-12-14T23:29:36.422+0000][7][gc,phases    ] GC(24)   Post Evacuate Collection Set: 0.4ms
[2020-12-14T23:29:36.422+0000][7][gc,phases    ] GC(24)   Other: 0.2ms
[2020-12-14T23:29:36.422+0000][7][gc,heap      ] GC(24) Eden regions: 53->0(51)
[2020-12-14T23:29:36.422+0000][7][gc,heap      ] GC(24) Survivor regions: 4->7(8)
[2020-12-14T23:29:36.422+0000][7][gc,heap      ] GC(24) Old regions: 69->69
[2020-12-14T23:29:36.422+0000][7][gc,heap      ] GC(24) Archive regions: 2->2
[2020-12-14T23:29:36.422+0000][7][gc,heap      ] GC(24) Humongous regions: 46->46
[2020-12-14T23:29:36.422+0000][7][gc,metaspace ] GC(24) Metaspace: 61716K(65988K)->61716K(65988K) NonClass: 53479K(55980K)->53479K(55980K) Class: 8236K(10008K)->8236K(10008K)
[2020-12-14T23:29:36.422+0000][7][gc           ] GC(24) Pause Young (Normal) (G1 Evacuation Pause) 171M->121M(256M) 9.234ms
[2020-12-14T23:29:36.422+0000][7][gc,cpu       ] GC(24) User=0.05s Sys=0.00s Real=0.01s
[2020-12-14T23:29:36.422+0000][7][safepoint    ] Safepoint "G1CollectForAllocation", Time since last: 25406788 ns, Reaching safepoint: 149050 ns, At safepoint: 9310476 ns, Total: 9459526 ns
[2020-12-14T23:29:36.446+0000][7][gc,start     ] GC(25) Pause Young (Normal) (G1 Evacuation Pause)
[2020-12-14T23:29:36.446+0000][7][gc,task      ] GC(25) Using 6 workers of 10 for evacuation
[2020-12-14T23:29:36.446+0000][7][gc,age       ] GC(25) Desired survivor size 4194304 bytes, new threshold 2 (max threshold 15)
[2020-12-14T23:29:36.455+0000][7][gc,age       ] GC(25) Age table with threshold 2 (max threshold 15)
[2020-12-14T23:29:36.455+0000][7][gc,age       ] GC(25) - age   1:    3138688 bytes,    3138688 total
[2020-12-14T23:29:36.455+0000][7][gc,age       ] GC(25) - age   2:    3247720 bytes,    6386408 total
[2020-12-14T23:29:36.455+0000][7][gc,phases    ] GC(25)   Pre Evacuate Collection Set: 0.1ms
[2020-12-14T23:29:36.455+0000][7][gc,phases    ] GC(25)   Merge Heap Roots: 0.1ms
[2020-12-14T23:29:36.455+0000][7][gc,phases    ] GC(25)   Evacuate Collection Set: 8.4ms
[2020-12-14T23:29:36.455+0000][7][gc,phases    ] GC(25)   Post Evacuate Collection Set: 0.3ms
[2020-12-14T23:29:36.455+0000][7][gc,phases    ] GC(25)   Other: 0.2ms
[2020-12-14T23:29:36.455+0000][7][gc,heap      ] GC(25) Eden regions: 51->0(50)
[2020-12-14T23:29:36.455+0000][7][gc,heap      ] GC(25) Survivor regions: 7->7(8)
[2020-12-14T23:29:36.455+0000][7][gc,heap      ] GC(25) Old regions: 69->72
[2020-12-14T23:29:36.455+0000][7][gc,heap      ] GC(25) Archive regions: 2->2
[2020-12-14T23:29:36.455+0000][7][gc,heap      ] GC(25) Humongous regions: 46->46
[2020-12-14T23:29:36.455+0000][7][gc,metaspace ] GC(25) Metaspace: 61723K(65988K)->61723K(65988K) NonClass: 53485K(55980K)->53485K(55980K) Class: 8238K(10008K)->8238K(10008K)
[2020-12-14T23:29:36.455+0000][7][gc           ] GC(25) Pause Young (Normal) (G1 Evacuation Pause) 172M->125M(256M) 9.111ms
[2020-12-14T23:29:36.455+0000][7][gc,cpu       ] GC(25) User=0.05s Sys=0.00s Real=0.01s
[2020-12-14T23:29:36.455+0000][7][safepoint    ] Safepoint "G1CollectForAllocation", Time since last: 23541627 ns, Reaching safepoint: 152117 ns, At safepoint: 9204006 ns, Total: 9356123 ns
[2020-12-14T23:29:36.456+0000][7][gc,marking   ] GC(23) Concurrent Mark From Roots 66.692ms
[2020-12-14T23:29:36.456+0000][7][gc,marking   ] GC(23) Concurrent Preclean
[2020-12-14T23:29:36.457+0000][7][gc,marking   ] GC(23) Concurrent Preclean 0.890ms
[2020-12-14T23:29:36.457+0000][7][gc,marking   ] GC(23) Concurrent Mark (8.633s, 8.701s) 67.679ms
[2020-12-14T23:29:36.457+0000][7][gc,start     ] GC(23) Pause Remark
[2020-12-14T23:29:36.465+0000][7][gc           ] GC(23) Pause Remark 128M->122M(256M) 7.723ms
[2020-12-14T23:29:36.465+0000][7][gc,cpu       ] GC(23) User=0.04s Sys=0.00s Real=0.01s
[2020-12-14T23:29:36.465+0000][7][safepoint    ] Safepoint "G1Concurrent", Time since last: 1472282 ns, Reaching safepoint: 40455 ns, At safepoint: 7801388 ns, Total: 7841843 ns
[2020-12-14T23:29:36.465+0000][7][gc,marking   ] GC(23) Concurrent Rebuild Remembered Sets
[2020-12-14T23:29:36.484+0000][7][gc,start     ] GC(26) Pause Young (Normal) (G1 Evacuation Pause)
[2020-12-14T23:29:36.485+0000][7][gc,task      ] GC(26) Using 6 workers of 10 for evacuation
[2020-12-14T23:29:36.485+0000][7][gc,age       ] GC(26) Desired survivor size 4194304 bytes, new threshold 2 (max threshold 15)
[2020-12-14T23:29:36.492+0000][7][gc,age       ] GC(26) Age table with threshold 2 (max threshold 15)
[2020-12-14T23:29:36.492+0000][7][gc,age       ] GC(26) - age   1:    3061152 bytes,    3061152 total
[2020-12-14T23:29:36.492+0000][7][gc,age       ] GC(26) - age   2:    3138168 bytes,    6199320 total
[2020-12-14T23:29:36.492+0000][7][gc,phases    ] GC(26)   Pre Evacuate Collection Set: 0.1ms
[2020-12-14T23:29:36.492+0000][7][gc,phases    ] GC(26)   Merge Heap Roots: 0.1ms
[2020-12-14T23:29:36.492+0000][7][gc,phases    ] GC(26)   Evacuate Collection Set: 7.3ms
[2020-12-14T23:29:36.492+0000][7][gc,phases    ] GC(26)   Post Evacuate Collection Set: 0.3ms
[2020-12-14T23:29:36.492+0000][7][gc,phases    ] GC(26)   Other: 0.2ms
[2020-12-14T23:29:36.492+0000][7][gc,heap      ] GC(26) Eden regions: 50->0(53)
[2020-12-14T23:29:36.492+0000][7][gc,heap      ] GC(26) Survivor regions: 7->7(8)
[2020-12-14T23:29:36.492+0000][7][gc,heap      ] GC(26) Old regions: 68->72
[2020-12-14T23:29:36.492+0000][7][gc,heap      ] GC(26) Archive regions: 2->2
[2020-12-14T23:29:36.492+0000][7][gc,heap      ] GC(26) Humongous regions: 44->44
[2020-12-14T23:29:36.492+0000][7][gc,metaspace ] GC(26) Metaspace: 61723K(65988K)->61723K(65988K) NonClass: 53485K(55980K)->53485K(55980K) Class: 8238K(10008K)->8238K(10008K)
[2020-12-14T23:29:36.492+0000][7][gc           ] GC(26) Pause Young (Normal) (G1 Evacuation Pause) 169M->121M(256M) 7.935ms
[2020-12-14T23:29:36.492+0000][7][gc,cpu       ] GC(26) User=0.04s Sys=0.00s Real=0.00s
[2020-12-14T23:29:36.492+0000][7][safepoint    ] Safepoint "G1CollectForAllocation", Time since last: 19474936 ns, Reaching safepoint: 353234 ns, At safepoint: 8015995 ns, Total: 8369229 ns
[2020-12-14T23:29:36.512+0000][7][gc,marking   ] GC(23) Concurrent Rebuild Remembered Sets 46.996ms
[2020-12-14T23:29:36.512+0000][7][gc,start     ] GC(23) Pause Cleanup
[2020-12-14T23:29:36.512+0000][7][gc           ] GC(23) Pause Cleanup 168M->168M(256M) 0.154ms
[2020-12-14T23:29:36.512+0000][7][gc,cpu       ] GC(23) User=0.00s Sys=0.00s Real=0.00s
[2020-12-14T23:29:36.512+0000][7][safepoint    ] Safepoint "G1Concurrent", Time since last: 19355213 ns, Reaching safepoint: 117834 ns, At safepoint: 204723 ns, Total: 322557 ns
[2020-12-14T23:29:36.512+0000][7][gc,marking   ] GC(23) Concurrent Cleanup for Next Mark
[2020-12-14T23:29:36.512+0000][7][gc,marking   ] GC(23) Concurrent Cleanup for Next Mark 0.280ms
[2020-12-14T23:29:36.512+0000][7][gc           ] GC(23) Concurrent Cycle 124.903ms
[2020-12-14T23:29:36.516+0000][7][gc,start     ] GC(27) Pause Young (Normal) (G1 Evacuation Pause)
[2020-12-14T23:29:36.516+0000][7][gc,task      ] GC(27) Using 6 workers of 10 for evacuation
[2020-12-14T23:29:36.516+0000][7][gc,age       ] GC(27) Desired survivor size 4194304 bytes, new threshold 2 (max threshold 15)
[2020-12-14T23:29:36.524+0000][7][gc,age       ] GC(27) Age table with threshold 2 (max threshold 15)
[2020-12-14T23:29:36.524+0000][7][gc,age       ] GC(27) - age   1:    3275176 bytes,    3275176 total
[2020-12-14T23:29:36.524+0000][7][gc,age       ] GC(27) - age   2:    3061024 bytes,    6336200 total
[2020-12-14T23:29:36.550+0000][7][gc,phases    ] GC(27)   Pre Evacuate Collection Set: 0.1ms
[2020-12-14T23:29:36.550+0000][7][gc,phases    ] GC(27)   Merge Heap Roots: 0.1ms
[2020-12-14T23:29:36.550+0000][7][gc,phases    ] GC(27)   Evacuate Collection Set: 7.5ms
[2020-12-14T23:29:36.550+0000][7][gc,phases    ] GC(27)   Post Evacuate Collection Set: 25.7ms
[2020-12-14T23:29:36.550+0000][7][gc,phases    ] GC(27)   Other: 0.2ms
[2020-12-14T23:29:36.550+0000][7][gc,heap      ] GC(27) Eden regions: 53->0(175)
[2020-12-14T23:29:36.550+0000][7][gc,heap      ] GC(27) Survivor regions: 7->7(8)
[2020-12-14T23:29:36.550+0000][7][gc,heap      ] GC(27) Old regions: 72->75
[2020-12-14T23:29:36.550+0000][7][gc,heap      ] GC(27) Archive regions: 2->2
[2020-12-14T23:29:36.550+0000][7][gc,heap      ] GC(27) Humongous regions: 48->48
[2020-12-14T23:29:36.550+0000][7][gc,metaspace ] GC(27) Metaspace: 61723K(65988K)->61723K(65988K) NonClass: 53485K(55980K)->53485K(55980K) Class: 8238K(10008K)->8238K(10008K)
[2020-12-14T23:29:36.550+0000][7][gc           ] GC(27) Pause Young (Normal) (G1 Evacuation Pause) 178M->129M(489M) 33.585ms
[2020-12-14T23:29:36.550+0000][7][gc,cpu       ] GC(27) User=0.04s Sys=0.03s Real=0.03s
[2020-12-14T23:29:36.550+0000][7][safepoint    ] Safepoint "G1CollectForAllocation", Time since last: 4150781 ns, Reaching safepoint: 58395 ns, At safepoint: 33655265 ns, Total: 33713660 ns
[2020-12-14T23:29:36.621+0000][7][gc,start     ] GC(28) Pause Young (Normal) (G1 Evacuation Pause)
[2020-12-14T23:29:36.621+0000][7][gc,task      ] GC(28) Using 10 workers of 10 for evacuation
[2020-12-14T23:29:36.621+0000][7][gc,age       ] GC(28) Desired survivor size 12058624 bytes, new threshold 15 (max threshold 15)
[2020-12-14T23:29:36.639+0000][7][gc,age       ] GC(28) Age table with threshold 15 (max threshold 15)
[2020-12-14T23:29:36.639+0000][7][gc,age       ] GC(28) - age   1:   11211216 bytes,   11211216 total
[2020-12-14T23:29:36.639+0000][7][gc,age       ] GC(28) - age   2:    3274704 bytes,   14485920 total
[2020-12-14T23:29:36.639+0000][7][gc,age       ] GC(28) - age   3:    3061024 bytes,   17546944 total
[2020-12-14T23:29:36.639+0000][7][gc,phases    ] GC(28)   Pre Evacuate Collection Set: 0.2ms
[2020-12-14T23:29:36.639+0000][7][gc,phases    ] GC(28)   Merge Heap Roots: 0.1ms
[2020-12-14T23:29:36.639+0000][7][gc,phases    ] GC(28)   Evacuate Collection Set: 17.3ms
[2020-12-14T23:29:36.639+0000][7][gc,phases    ] GC(28)   Post Evacuate Collection Set: 0.4ms
[2020-12-14T23:29:36.639+0000][7][gc,phases    ] GC(28)   Other: 0.7ms
[2020-12-14T23:29:36.639+0000][7][gc,heap      ] GC(28) Eden regions: 175->0(169)
[2020-12-14T23:29:36.639+0000][7][gc,heap      ] GC(28) Survivor regions: 7->18(23)
[2020-12-14T23:29:36.639+0000][7][gc,heap      ] GC(28) Old regions: 75->75
[2020-12-14T23:29:36.639+0000][7][gc,heap      ] GC(28) Archive regions: 2->2
[2020-12-14T23:29:36.640+0000][7][gc,heap      ] GC(28) Humongous regions: 53->53
[2020-12-14T23:29:36.640+0000][7][gc,metaspace ] GC(28) Metaspace: 61723K(65988K)->61723K(65988K) NonClass: 53485K(55980K)->53485K(55980K) Class: 8238K(10008K)->8238K(10008K)
[2020-12-14T23:29:36.640+0000][7][gc           ] GC(28) Pause Young (Normal) (G1 Evacuation Pause) 309M->145M(489M) 18.691ms
[2020-12-14T23:29:36.640+0000][7][gc,cpu       ] GC(28) User=0.16s Sys=0.00s Real=0.02s
[2020-12-14T23:29:36.640+0000][7][safepoint    ] Safepoint "G1CollectForAllocation", Time since last: 70710104 ns, Reaching safepoint: 96860 ns, At safepoint: 18774049 ns, Total: 18870909 ns
[2020-12-14T23:29:36.718+0000][7][gc,start     ] GC(29) Pause Young (Normal) (G1 Evacuation Pause)
[2020-12-14T23:29:36.718+0000][7][gc,task      ] GC(29) Using 10 workers of 10 for evacuation
[2020-12-14T23:29:36.718+0000][7][gc,age       ] GC(29) Desired survivor size 12582912 bytes, new threshold 2 (max threshold 15)
[2020-12-14T23:29:36.736+0000][7][gc,age       ] GC(29) Age table with threshold 2 (max threshold 15)
[2020-12-14T23:29:36.736+0000][7][gc,age       ] GC(29) - age   1:    6231064 bytes,    6231064 total
[2020-12-14T23:29:36.736+0000][7][gc,age       ] GC(29) - age   2:   11211216 bytes,   17442280 total
[2020-12-14T23:29:36.736+0000][7][gc,phases    ] GC(29)   Pre Evacuate Collection Set: 0.1ms
[2020-12-14T23:29:36.736+0000][7][gc,phases    ] GC(29)   Merge Heap Roots: 0.1ms
[2020-12-14T23:29:36.736+0000][7][gc,phases    ] GC(29)   Evacuate Collection Set: 17.1ms
[2020-12-14T23:29:36.736+0000][7][gc,phases    ] GC(29)   Post Evacuate Collection Set: 0.5ms
[2020-12-14T23:29:36.736+0000][7][gc,phases    ] GC(29)   Other: 0.2ms
[2020-12-14T23:29:36.736+0000][7][gc,heap      ] GC(29) Eden regions: 169->0(170)
[2020-12-14T23:29:36.736+0000][7][gc,heap      ] GC(29) Survivor regions: 18->18(24)
[2020-12-14T23:29:36.736+0000][7][gc,heap      ] GC(29) Old regions: 75->81
[2020-12-14T23:29:36.736+0000][7][gc,heap      ] GC(29) Archive regions: 2->2
[2020-12-14T23:29:36.736+0000][7][gc,heap      ] GC(29) Humongous regions: 53->53
[2020-12-14T23:29:36.736+0000][7][gc,metaspace ] GC(29) Metaspace: 61739K(65988K)->61739K(65988K) NonClass: 53500K(55980K)->53500K(55980K) Class: 8239K(10008K)->8239K(10008K)
[2020-12-14T23:29:36.736+0000][7][gc           ] GC(29) Pause Young (Normal) (G1 Evacuation Pause) 314M->151M(489M) 18.108ms
[2020-12-14T23:29:36.736+0000][7][gc,cpu       ] GC(29) User=0.18s Sys=0.01s Real=0.02s
[2020-12-14T23:29:36.736+0000][7][safepoint    ] Safepoint "G1CollectForAllocation", Time since last: 78415207 ns, Reaching safepoint: 228171 ns, At safepoint: 18188386 ns, Total: 18416557 ns
[2020-12-14T23:29:36.813+0000][7][gc,start     ] GC(30) Pause Young (Normal) (G1 Evacuation Pause)
[2020-12-14T23:29:36.813+0000][7][gc,task      ] GC(30) Using 10 workers of 10 for evacuation
[2020-12-14T23:29:36.813+0000][7][gc,age       ] GC(30) Desired survivor size 12582912 bytes, new threshold 2 (max threshold 15)
[2020-12-14T23:29:36.824+0000][7][gc,age       ] GC(30) Age table with threshold 2 (max threshold 15)
[2020-12-14T23:29:36.824+0000][7][gc,age       ] GC(30) - age   1:       1168 bytes,       1168 total
[2020-12-14T23:29:36.824+0000][7][gc,age       ] GC(30) - age   2:    6230856 bytes,    6232024 total
[2020-12-14T23:29:36.824+0000][7][gc,phases    ] GC(30)   Pre Evacuate Collection Set: 0.2ms
[2020-12-14T23:29:36.824+0000][7][gc,phases    ] GC(30)   Merge Heap Roots: 0.1ms
[2020-12-14T23:29:36.824+0000][7][gc,phases    ] GC(30)   Evacuate Collection Set: 10.3ms
[2020-12-14T23:29:36.824+0000][7][gc,phases    ] GC(30)   Post Evacuate Collection Set: 0.6ms
[2020-12-14T23:29:36.824+0000][7][gc,phases    ] GC(30)   Other: 0.3ms
[2020-12-14T23:29:36.824+0000][7][gc,heap      ] GC(30) Eden regions: 170->0(178)
[2020-12-14T23:29:36.824+0000][7][gc,heap      ] GC(30) Survivor regions: 18->8(24)
[2020-12-14T23:29:36.824+0000][7][gc,heap      ] GC(30) Old regions: 81->92
[2020-12-14T23:29:36.824+0000][7][gc,heap      ] GC(30) Archive regions: 2->2
[2020-12-14T23:29:36.824+0000][7][gc,heap      ] GC(30) Humongous regions: 53->53
[2020-12-14T23:29:36.824+0000][7][gc,metaspace ] GC(30) Metaspace: 61742K(65988K)->61742K(65988K) NonClass: 53503K(55980K)->53503K(55980K) Class: 8239K(10008K)->8239K(10008K)
[2020-12-14T23:29:36.824+0000][7][gc           ] GC(30) Pause Young (Normal) (G1 Evacuation Pause) 321M->153M(489M) 11.583ms
[2020-12-14T23:29:36.824+0000][7][gc,cpu       ] GC(30) User=0.12s Sys=0.00s Real=0.02s
[2020-12-14T23:29:36.824+0000][7][safepoint    ] Safepoint "G1CollectForAllocation", Time since last: 76191843 ns, Reaching safepoint: 137370 ns, At safepoint: 11714970 ns, Total: 11852340 ns
[2020-12-14T23:29:36.892+0000][7][gc,start     ] GC(31) Pause Young (Concurrent Start) (G1 Evacuation Pause)
[2020-12-14T23:29:36.892+0000][7][gc,task      ] GC(31) Using 10 workers of 10 for evacuation
[2020-12-14T23:29:36.892+0000][7][gc,age       ] GC(31) Desired survivor size 12582912 bytes, new threshold 15 (max threshold 15)
[2020-12-14T23:29:36.900+0000][7][gc,age       ] GC(31) Age table with threshold 15 (max threshold 15)
[2020-12-14T23:29:36.900+0000][7][gc,age       ] GC(31) - age   1:        376 bytes,        376 total
[2020-12-14T23:29:36.900+0000][7][gc,age       ] GC(31) - age   2:        976 bytes,       1352 total
[2020-12-14T23:29:36.900+0000][7][gc,age       ] GC(31) - age   3:    6230856 bytes,    6232208 total
[2020-12-14T23:29:36.925+0000][7][gc,phases    ] GC(31)   Pre Evacuate Collection Set: 0.5ms
[2020-12-14T23:29:36.925+0000][7][gc,phases    ] GC(31)   Merge Heap Roots: 0.1ms
[2020-12-14T23:29:36.925+0000][7][gc,phases    ] GC(31)   Evacuate Collection Set: 6.4ms
[2020-12-14T23:29:36.925+0000][7][gc,phases    ] GC(31)   Post Evacuate Collection Set: 25.7ms
[2020-12-14T23:29:36.925+0000][7][gc,phases    ] GC(31)   Other: 0.5ms
[2020-12-14T23:29:36.925+0000][7][gc,heap      ] GC(31) Eden regions: 178->0(349)
[2020-12-14T23:29:36.925+0000][7][gc,heap      ] GC(31) Survivor regions: 8->7(24)
[2020-12-14T23:29:36.925+0000][7][gc,heap      ] GC(31) Old regions: 92->92
[2020-12-14T23:29:36.925+0000][7][gc,heap      ] GC(31) Archive regions: 2->2
[2020-12-14T23:29:36.925+0000][7][gc,heap      ] GC(31) Humongous regions: 53->53
[2020-12-14T23:29:36.925+0000][7][gc,metaspace ] GC(31) Metaspace: 61744K(65988K)->61744K(65988K) NonClass: 53505K(55980K)->53505K(55980K) Class: 8239K(10008K)->8239K(10008K)
[2020-12-14T23:29:36.925+0000][7][gc           ] GC(31) Pause Young (Concurrent Start) (G1 Evacuation Pause) 331M->152M(703M) 33.470ms
[2020-12-14T23:29:36.925+0000][7][gc,cpu       ] GC(31) User=0.07s Sys=0.03s Real=0.04s
[2020-12-14T23:29:36.925+0000][7][safepoint    ] Safepoint "G1CollectForAllocation", Time since last: 67201562 ns, Reaching safepoint: 140240 ns, At safepoint: 33627554 ns, Total: 33767794 ns
[2020-12-14T23:29:36.925+0000][7][gc           ] GC(32) Concurrent Cycle
[2020-12-14T23:29:36.925+0000][7][gc,marking   ] GC(32) Concurrent Clear Claimed Marks
[2020-12-14T23:29:36.926+0000][7][gc,marking   ] GC(32) Concurrent Clear Claimed Marks 0.373ms
[2020-12-14T23:29:36.926+0000][7][gc,marking   ] GC(32) Concurrent Scan Root Regions
[2020-12-14T23:29:36.928+0000][7][gc,marking   ] GC(32) Concurrent Scan Root Regions 1.741ms
[2020-12-14T23:29:36.928+0000][7][gc,marking   ] GC(32) Concurrent Mark (9.172s)
[2020-12-14T23:29:36.928+0000][7][gc,marking   ] GC(32) Concurrent Mark From Roots
[2020-12-14T23:29:36.928+0000][7][gc,task      ] GC(32) Using 3 workers of 3 for marking
[2020-12-14T23:29:36.996+0000][7][gc,marking   ] GC(32) Concurrent Mark From Roots 68.441ms
[2020-12-14T23:29:36.996+0000][7][gc,marking   ] GC(32) Concurrent Preclean
[2020-12-14T23:29:36.997+0000][7][gc,marking   ] GC(32) Concurrent Preclean 0.846ms
[2020-12-14T23:29:36.997+0000][7][gc,marking   ] GC(32) Concurrent Mark (9.172s, 9.241s) 69.380ms
[2020-12-14T23:29:36.997+0000][7][gc,start     ] GC(32) Pause Remark
[2020-12-14T23:29:36.999+0000][7][gc           ] GC(32) Pause Remark 305M->296M(703M) 2.120ms
[2020-12-14T23:29:36.999+0000][7][gc,cpu       ] GC(32) User=0.02s Sys=0.01s Real=0.00s
[2020-12-14T23:29:36.999+0000][7][safepoint    ] Safepoint "G1Concurrent", Time since last: 71662058 ns, Reaching safepoint: 82035 ns, At safepoint: 2175450 ns, Total: 2257485 ns
[2020-12-14T23:29:36.999+0000][7][gc,marking   ] GC(32) Concurrent Rebuild Remembered Sets
[2020-12-14T23:29:37.043+0000][7][gc,marking   ] GC(32) Concurrent Rebuild Remembered Sets 43.889ms
[2020-12-14T23:29:37.043+0000][7][gc,start     ] GC(32) Pause Cleanup
[2020-12-14T23:29:37.044+0000][7][gc           ] GC(32) Pause Cleanup 407M->407M(703M) 0.202ms
[2020-12-14T23:29:37.044+0000][7][gc,cpu       ] GC(32) User=0.00s Sys=0.00s Real=0.00s
[2020-12-14T23:29:37.044+0000][7][safepoint    ] Safepoint "G1Concurrent", Time since last: 44004683 ns, Reaching safepoint: 127143 ns, At safepoint: 243942 ns, Total: 371085 ns
[2020-12-14T23:29:37.044+0000][7][gc,marking   ] GC(32) Concurrent Cleanup for Next Mark
[2020-12-14T23:29:37.044+0000][7][gc,marking   ] GC(32) Concurrent Cleanup for Next Mark 0.602ms
[2020-12-14T23:29:37.044+0000][7][gc           ] GC(32) Concurrent Cycle 118.954ms
[2020-12-14T23:29:37.075+0000][7][gc,start     ] GC(33) Pause Young (Normal) (G1 Evacuation Pause)
[2020-12-14T23:29:37.075+0000][7][gc,task      ] GC(33) Using 10 workers of 10 for evacuation
[2020-12-14T23:29:37.075+0000][7][gc,age       ] GC(33) Desired survivor size 23592960 bytes, new threshold 15 (max threshold 15)
[2020-12-14T23:29:37.083+0000][7][gc,age       ] GC(33) Age table with threshold 15 (max threshold 15)
[2020-12-14T23:29:37.083+0000][7][gc,age       ] GC(33) - age   1:        160 bytes,        160 total
[2020-12-14T23:29:37.083+0000][7][gc,age       ] GC(33) - age   2:        248 bytes,        408 total
[2020-12-14T23:29:37.083+0000][7][gc,age       ] GC(33) - age   3:        976 bytes,       1384 total
[2020-12-14T23:29:37.083+0000][7][gc,age       ] GC(33) - age   4:    6230856 bytes,    6232240 total
[2020-12-14T23:29:37.083+0000][7][gc,phases    ] GC(33)   Pre Evacuate Collection Set: 0.2ms
[2020-12-14T23:29:37.083+0000][7][gc,phases    ] GC(33)   Merge Heap Roots: 0.1ms
[2020-12-14T23:29:37.083+0000][7][gc,phases    ] GC(33)   Evacuate Collection Set: 7.3ms
[2020-12-14T23:29:37.083+0000][7][gc,phases    ] GC(33)   Post Evacuate Collection Set: 0.5ms
[2020-12-14T23:29:37.083+0000][7][gc,phases    ] GC(33)   Other: 0.3ms
[2020-12-14T23:29:37.083+0000][7][gc,heap      ] GC(33) Eden regions: 349->0(363)
[2020-12-14T23:29:37.083+0000][7][gc,heap      ] GC(33) Survivor regions: 7->7(45)
[2020-12-14T23:29:37.083+0000][7][gc,heap      ] GC(33) Old regions: 92->92
[2020-12-14T23:29:37.083+0000][7][gc,heap      ] GC(33) Archive regions: 2->2
[2020-12-14T23:29:37.083+0000][7][gc,heap      ] GC(33) Humongous regions: 44->44
[2020-12-14T23:29:37.083+0000][7][gc,metaspace ] GC(33) Metaspace: 61744K(65988K)->61744K(65988K) NonClass: 53505K(55980K)->53505K(55980K) Class: 8239K(10008K)->8239K(10008K)
[2020-12-14T23:29:37.083+0000][7][gc           ] GC(33) Pause Young (Normal) (G1 Evacuation Pause) 492M->142M(703M) 8.489ms
[2020-12-14T23:29:37.084+0000][7][gc,cpu       ] GC(33) User=0.07s Sys=0.00s Real=0.00s
[2020-12-14T23:29:37.084+0000][7][safepoint    ] Safepoint "G1CollectForAllocation", Time since last: 31151245 ns, Reaching safepoint: 99060 ns, At safepoint: 8573179 ns, Total: 8672239 ns
[2020-12-14T23:29:37.212+0000][7][gc,start     ] GC(34) Pause Young (Normal) (G1 Evacuation Pause)
[2020-12-14T23:29:37.212+0000][7][gc,task      ] GC(34) Using 10 workers of 10 for evacuation
[2020-12-14T23:29:37.212+0000][7][gc,age       ] GC(34) Desired survivor size 24641536 bytes, new threshold 15 (max threshold 15)
[2020-12-14T23:29:37.221+0000][7][gc,age       ] GC(34) Age table with threshold 15 (max threshold 15)
[2020-12-14T23:29:37.221+0000][7][gc,age       ] GC(34) - age   3:        248 bytes,        248 total
[2020-12-14T23:29:37.221+0000][7][gc,age       ] GC(34) - age   4:        976 bytes,       1224 total
[2020-12-14T23:29:37.221+0000][7][gc,age       ] GC(34) - age   5:    6230856 bytes,    6232080 total
[2020-12-14T23:29:37.221+0000][7][gc,phases    ] GC(34)   Pre Evacuate Collection Set: 0.2ms
[2020-12-14T23:29:37.221+0000][7][gc,phases    ] GC(34)   Merge Heap Roots: 0.1ms
[2020-12-14T23:29:37.222+0000][7][gc,phases    ] GC(34)   Evacuate Collection Set: 8.5ms
[2020-12-14T23:29:37.222+0000][7][gc,phases    ] GC(34)   Post Evacuate Collection Set: 0.7ms
[2020-12-14T23:29:37.222+0000][7][gc,phases    ] GC(34)   Other: 0.3ms
[2020-12-14T23:29:37.222+0000][7][gc,heap      ] GC(34) Eden regions: 363->0(367)
[2020-12-14T23:29:37.222+0000][7][gc,heap      ] GC(34) Survivor regions: 7->7(47)
[2020-12-14T23:29:37.222+0000][7][gc,heap      ] GC(34) Old regions: 92->92
[2020-12-14T23:29:37.222+0000][7][gc,heap      ] GC(34) Archive regions: 2->2
[2020-12-14T23:29:37.222+0000][7][gc,heap      ] GC(34) Humongous regions: 44->44
[2020-12-14T23:29:37.222+0000][7][gc,metaspace ] GC(34) Metaspace: 61744K(65988K)->61744K(65988K) NonClass: 53505K(55980K)->53505K(55980K) Class: 8239K(10008K)->8239K(10008K)
[2020-12-14T23:29:37.222+0000][7][gc           ] GC(34) Pause Young (Normal) (G1 Evacuation Pause) 505M->142M(703M) 10.036ms
[2020-12-14T23:29:37.222+0000][7][gc,cpu       ] GC(34) User=0.08s Sys=0.01s Real=0.01s
[2020-12-14T23:29:37.222+0000][7][safepoint    ] Safepoint "G1CollectForAllocation", Time since last: 127939235 ns, Reaching safepoint: 121720 ns, At safepoint: 10173361 ns, Total: 10295081 ns
[2020-12-14T23:29:37.349+0000][7][gc,start     ] GC(35) Pause Young (Normal) (G1 Evacuation Pause)
[2020-12-14T23:29:37.349+0000][7][gc,task      ] GC(35) Using 10 workers of 10 for evacuation
[2020-12-14T23:29:37.349+0000][7][gc,age       ] GC(35) Desired survivor size 24641536 bytes, new threshold 15 (max threshold 15)
[2020-12-14T23:29:37.359+0000][7][gc,age       ] GC(35) Age table with threshold 15 (max threshold 15)
[2020-12-14T23:29:37.359+0000][7][gc,age       ] GC(35) - age   4:        248 bytes,        248 total
[2020-12-14T23:29:37.359+0000][7][gc,age       ] GC(35) - age   5:        976 bytes,       1224 total
[2020-12-14T23:29:37.359+0000][7][gc,age       ] GC(35) - age   6:    6230856 bytes,    6232080 total
[2020-12-14T23:29:37.359+0000][7][gc,phases    ] GC(35)   Pre Evacuate Collection Set: 0.2ms
[2020-12-14T23:29:37.359+0000][7][gc,phases    ] GC(35)   Merge Heap Roots: 0.1ms
[2020-12-14T23:29:37.359+0000][7][gc,phases    ] GC(35)   Evacuate Collection Set: 9.0ms
[2020-12-14T23:29:37.359+0000][7][gc,phases    ] GC(35)   Post Evacuate Collection Set: 0.8ms
[2020-12-14T23:29:37.359+0000][7][gc,phases    ] GC(35)   Other: 0.4ms
[2020-12-14T23:29:37.359+0000][7][gc,heap      ] GC(35) Eden regions: 367->0(370)
[2020-12-14T23:29:37.359+0000][7][gc,heap      ] GC(35) Survivor regions: 7->7(47)
[2020-12-14T23:29:37.359+0000][7][gc,heap      ] GC(35) Old regions: 92->92
[2020-12-14T23:29:37.359+0000][7][gc,heap      ] GC(35) Archive regions: 2->2
[2020-12-14T23:29:37.359+0000][7][gc,heap      ] GC(35) Humongous regions: 44->44
[2020-12-14T23:29:37.359+0000][7][gc,metaspace ] GC(35) Metaspace: 61744K(65988K)->61744K(65988K) NonClass: 53505K(55980K)->53505K(55980K) Class: 8239K(10008K)->8239K(10008K)
[2020-12-14T23:29:37.359+0000][7][gc           ] GC(35) Pause Young (Normal) (G1 Evacuation Pause) 509M->142M(703M) 10.705ms
[2020-12-14T23:29:37.360+0000][7][gc,cpu       ] GC(35) User=0.08s Sys=0.00s Real=0.01s
[2020-12-14T23:29:37.360+0000][7][safepoint    ] Safepoint "G1CollectForAllocation", Time since last: 126781288 ns, Reaching safepoint: 157260 ns, At safepoint: 10850386 ns, Total: 11007646 ns
[2020-12-14T23:29:37.488+0000][7][gc,start     ] GC(36) Pause Young (Normal) (G1 Evacuation Pause)
[2020-12-14T23:29:37.488+0000][7][gc,task      ] GC(36) Using 10 workers of 10 for evacuation
[2020-12-14T23:29:37.488+0000][7][gc,age       ] GC(36) Desired survivor size 25165824 bytes, new threshold 15 (max threshold 15)
[2020-12-14T23:29:37.498+0000][7][gc,age       ] GC(36) Age table with threshold 15 (max threshold 15)
[2020-12-14T23:29:37.498+0000][7][gc,age       ] GC(36) - age   1:       1032 bytes,       1032 total
[2020-12-14T23:29:37.498+0000][7][gc,age       ] GC(36) - age   5:        216 bytes,       1248 total
[2020-12-14T23:29:37.498+0000][7][gc,age       ] GC(36) - age   6:        976 bytes,       2224 total
[2020-12-14T23:29:37.498+0000][7][gc,age       ] GC(36) - age   7:    6230856 bytes,    6233080 total
[2020-12-14T23:29:37.508+0000][7][gc,phases    ] GC(36)   Pre Evacuate Collection Set: 0.2ms
[2020-12-14T23:29:37.508+0000][7][gc,phases    ] GC(36)   Merge Heap Roots: 0.1ms
[2020-12-14T23:29:37.508+0000][7][gc,phases    ] GC(36)   Evacuate Collection Set: 9.1ms
[2020-12-14T23:29:37.508+0000][7][gc,phases    ] GC(36)   Post Evacuate Collection Set: 10.7ms
[2020-12-14T23:29:37.508+0000][7][gc,phases    ] GC(36)   Other: 0.4ms
[2020-12-14T23:29:37.508+0000][7][gc,heap      ] GC(36) Eden regions: 370->0(431)
[2020-12-14T23:29:37.508+0000][7][gc,heap      ] GC(36) Survivor regions: 7->7(48)
[2020-12-14T23:29:37.508+0000][7][gc,heap      ] GC(36) Old regions: 92->92
[2020-12-14T23:29:37.508+0000][7][gc,heap      ] GC(36) Archive regions: 2->2
[2020-12-14T23:29:37.508+0000][7][gc,heap      ] GC(36) Humongous regions: 44->44
[2020-12-14T23:29:37.508+0000][7][gc,metaspace ] GC(36) Metaspace: 61745K(65988K)->61745K(65988K) NonClass: 53506K(55980K)->53506K(55980K) Class: 8239K(10008K)->8239K(10008K)
[2020-12-14T23:29:37.508+0000][7][gc           ] GC(36) Pause Young (Normal) (G1 Evacuation Pause) 512M->142M(782M) 20.660ms
[2020-12-14T23:29:37.508+0000][7][gc,cpu       ] GC(36) User=0.09s Sys=0.02s Real=0.02s
[2020-12-14T23:29:37.509+0000][7][safepoint    ] Safepoint "G1CollectForAllocation", Time since last: 128055029 ns, Reaching safepoint: 136342 ns, At safepoint: 20801810 ns, Total: 20938152 ns
[2020-12-14T23:29:37.657+0000][7][gc,start     ] GC(37) Pause Young (Normal) (G1 Evacuation Pause)
[2020-12-14T23:29:37.657+0000][7][gc,task      ] GC(37) Using 10 workers of 10 for evacuation
[2020-12-14T23:29:37.657+0000][7][gc,age       ] GC(37) Desired survivor size 28835840 bytes, new threshold 15 (max threshold 15)
[2020-12-14T23:29:37.667+0000][7][gc,age       ] GC(37) Age table with threshold 15 (max threshold 15)
[2020-12-14T23:29:37.667+0000][7][gc,age       ] GC(37) - age   1:        128 bytes,        128 total
[2020-12-14T23:29:37.667+0000][7][gc,age       ] GC(37) - age   2:        904 bytes,       1032 total
[2020-12-14T23:29:37.667+0000][7][gc,age       ] GC(37) - age   6:        216 bytes,       1248 total
[2020-12-14T23:29:37.667+0000][7][gc,age       ] GC(37) - age   7:        976 bytes,       2224 total
[2020-12-14T23:29:37.667+0000][7][gc,age       ] GC(37) - age   8:    6230856 bytes,    6233080 total
[2020-12-14T23:29:37.667+0000][7][gc,phases    ] GC(37)   Pre Evacuate Collection Set: 0.2ms
[2020-12-14T23:29:37.667+0000][7][gc,phases    ] GC(37)   Merge Heap Roots: 0.1ms
[2020-12-14T23:29:37.667+0000][7][gc,phases    ] GC(37)   Evacuate Collection Set: 8.5ms
[2020-12-14T23:29:37.667+0000][7][gc,phases    ] GC(37)   Post Evacuate Collection Set: 0.7ms
[2020-12-14T23:29:37.667+0000][7][gc,phases    ] GC(37)   Other: 0.4ms
[2020-12-14T23:29:37.667+0000][7][gc,heap      ] GC(37) Eden regions: 431->0(433)
[2020-12-14T23:29:37.667+0000][7][gc,heap      ] GC(37) Survivor regions: 7->7(55)
[2020-12-14T23:29:37.667+0000][7][gc,heap      ] GC(37) Old regions: 92->92
[2020-12-14T23:29:37.667+0000][7][gc,heap      ] GC(37) Archive regions: 2->2
[2020-12-14T23:29:37.667+0000][7][gc,heap      ] GC(37) Humongous regions: 44->44
[2020-12-14T23:29:37.667+0000][7][gc,metaspace ] GC(37) Metaspace: 61745K(65988K)->61745K(65988K) NonClass: 53506K(55980K)->53506K(55980K) Class: 8239K(10008K)->8239K(10008K)
[2020-12-14T23:29:37.667+0000][7][gc           ] GC(37) Pause Young (Normal) (G1 Evacuation Pause) 573M->142M(782M) 10.106ms
[2020-12-14T23:29:37.667+0000][7][gc,cpu       ] GC(37) User=0.09s Sys=0.00s Real=0.01s
[2020-12-14T23:29:37.667+0000][7][safepoint    ] Safepoint "G1CollectForAllocation", Time since last: 148085410 ns, Reaching safepoint: 185824 ns, At safepoint: 10251479 ns, Total: 10437303 ns
[2020-12-14T23:29:37.888+0000][7][gc,start     ] GC(38) Pause Young (Normal) (G1 Evacuation Pause)
[2020-12-14T23:29:37.888+0000][7][gc,task      ] GC(38) Using 10 workers of 10 for evacuation
[2020-12-14T23:29:37.888+0000][7][gc,age       ] GC(38) Desired survivor size 28835840 bytes, new threshold 15 (max threshold 15)
[2020-12-14T23:29:37.899+0000][7][gc,age       ] GC(38) Age table with threshold 15 (max threshold 15)
[2020-12-14T23:29:37.899+0000][7][gc,age       ] GC(38) - age   1:       2080 bytes,       2080 total
[2020-12-14T23:29:37.899+0000][7][gc,age       ] GC(38) - age   3:        872 bytes,       2952 total
[2020-12-14T23:29:37.899+0000][7][gc,age       ] GC(38) - age   7:         32 bytes,       2984 total
[2020-12-14T23:29:37.899+0000][7][gc,age       ] GC(38) - age   8:        760 bytes,       3744 total
[2020-12-14T23:29:37.899+0000][7][gc,age       ] GC(38) - age   9:    6230856 bytes,    6234600 total
[2020-12-14T23:29:37.899+0000][7][gc,phases    ] GC(38)   Pre Evacuate Collection Set: 0.2ms
[2020-12-14T23:29:37.899+0000][7][gc,phases    ] GC(38)   Merge Heap Roots: 0.1ms
[2020-12-14T23:29:37.899+0000][7][gc,phases    ] GC(38)   Evacuate Collection Set: 9.7ms
[2020-12-14T23:29:37.899+0000][7][gc,phases    ] GC(38)   Post Evacuate Collection Set: 1.1ms
[2020-12-14T23:29:37.900+0000][7][gc,phases    ] GC(38)   Other: 0.4ms
[2020-12-14T23:29:37.900+0000][7][gc,heap      ] GC(38) Eden regions: 433->0(434)
[2020-12-14T23:29:37.900+0000][7][gc,heap      ] GC(38) Survivor regions: 7->7(55)
[2020-12-14T23:29:37.900+0000][7][gc,heap      ] GC(38) Old regions: 92->92
[2020-12-14T23:29:37.900+0000][7][gc,heap      ] GC(38) Archive regions: 2->2
[2020-12-14T23:29:37.900+0000][7][gc,heap      ] GC(38) Humongous regions: 44->44
[2020-12-14T23:29:37.900+0000][7][gc,metaspace ] GC(38) Metaspace: 61751K(65988K)->61751K(65988K) NonClass: 53511K(55980K)->53511K(55980K) Class: 8240K(10008K)->8240K(10008K)
[2020-12-14T23:29:37.900+0000][7][gc           ] GC(38) Pause Young (Normal) (G1 Evacuation Pause) 575M->142M(782M) 11.750ms
[2020-12-14T23:29:37.900+0000][7][gc,cpu       ] GC(38) User=0.10s Sys=0.01s Real=0.01s
[2020-12-14T23:29:37.900+0000][7][safepoint    ] Safepoint "G1CollectForAllocation", Time since last: 220602685 ns, Reaching safepoint: 150501 ns, At safepoint: 11886972 ns, Total: 12037473 ns
[2020-12-14T23:29:38.080+0000][7][gc,start     ] GC(39) Pause Young (Normal) (G1 Evacuation Pause)
[2020-12-14T23:29:38.080+0000][7][gc,task      ] GC(39) Using 10 workers of 10 for evacuation
[2020-12-14T23:29:38.080+0000][7][gc,age       ] GC(39) Desired survivor size 29360128 bytes, new threshold 15 (max threshold 15)
[2020-12-14T23:29:38.089+0000][7][gc,age       ] GC(39) Age table with threshold 15 (max threshold 15)
[2020-12-14T23:29:38.089+0000][7][gc,age       ] GC(39) - age   1:     132360 bytes,     132360 total
[2020-12-14T23:29:38.089+0000][7][gc,age       ] GC(39) - age   2:       1872 bytes,     134232 total
[2020-12-14T23:29:38.089+0000][7][gc,age       ] GC(39) - age   4:        872 bytes,     135104 total
[2020-12-14T23:29:38.089+0000][7][gc,age       ] GC(39) - age   8:         32 bytes,     135136 total
[2020-12-14T23:29:38.089+0000][7][gc,age       ] GC(39) - age   9:        760 bytes,     135896 total
[2020-12-14T23:29:38.089+0000][7][gc,age       ] GC(39) - age  10:    6214456 bytes,    6350352 total
[2020-12-14T23:29:38.090+0000][7][gc,phases    ] GC(39)   Pre Evacuate Collection Set: 0.2ms
[2020-12-14T23:29:38.090+0000][7][gc,phases    ] GC(39)   Merge Heap Roots: 0.1ms
[2020-12-14T23:29:38.090+0000][7][gc,phases    ] GC(39)   Evacuate Collection Set: 8.3ms
[2020-12-14T23:29:38.090+0000][7][gc,phases    ] GC(39)   Post Evacuate Collection Set: 0.8ms
[2020-12-14T23:29:38.090+0000][7][gc,phases    ] GC(39)   Other: 0.4ms
[2020-12-14T23:29:38.090+0000][7][gc,heap      ] GC(39) Eden regions: 434->0(434)
[2020-12-14T23:29:38.090+0000][7][gc,heap      ] GC(39) Survivor regions: 7->7(56)
[2020-12-14T23:29:38.090+0000][7][gc,heap      ] GC(39) Old regions: 92->92
[2020-12-14T23:29:38.090+0000][7][gc,heap      ] GC(39) Archive regions: 2->2
[2020-12-14T23:29:38.090+0000][7][gc,heap      ] GC(39) Humongous regions: 44->44
[2020-12-14T23:29:38.090+0000][7][gc,metaspace ] GC(39) Metaspace: 61759K(65988K)->61759K(65988K) NonClass: 53518K(55980K)->53518K(55980K) Class: 8240K(10008K)->8240K(10008K)
[2020-12-14T23:29:38.090+0000][7][gc           ] GC(39) Pause Young (Normal) (G1 Evacuation Pause) 576M->143M(782M) 10.046ms
[2020-12-14T23:29:38.090+0000][7][gc,cpu       ] GC(39) User=0.07s Sys=0.00s Real=0.01s
[2020-12-14T23:29:38.090+0000][7][safepoint    ] Safepoint "G1CollectForAllocation", Time since last: 179828341 ns, Reaching safepoint: 128610 ns, At safepoint: 10181596 ns, Total: 10310206 ns
[2020-12-14T23:29:38.259+0000][7][gc,start     ] GC(40) Pause Young (Normal) (G1 Evacuation Pause)
[2020-12-14T23:29:38.259+0000][7][gc,task      ] GC(40) Using 10 workers of 10 for evacuation
[2020-12-14T23:29:38.259+0000][7][gc,age       ] GC(40) Desired survivor size 29360128 bytes, new threshold 15 (max threshold 15)
[2020-12-14T23:29:38.270+0000][7][gc,age       ] GC(40) Age table with threshold 15 (max threshold 15)
[2020-12-14T23:29:38.270+0000][7][gc,age       ] GC(40) - age   1:     130776 bytes,     130776 total
[2020-12-14T23:29:38.270+0000][7][gc,age       ] GC(40) - age   2:       1112 bytes,     131888 total
[2020-12-14T23:29:38.270+0000][7][gc,age       ] GC(40) - age   3:       1872 bytes,     133760 total
[2020-12-14T23:29:38.270+0000][7][gc,age       ] GC(40) - age   5:        872 bytes,     134632 total
[2020-12-14T23:29:38.270+0000][7][gc,age       ] GC(40) - age   9:         32 bytes,     134664 total
[2020-12-14T23:29:38.270+0000][7][gc,age       ] GC(40) - age  10:        760 bytes,     135424 total
[2020-12-14T23:29:38.270+0000][7][gc,age       ] GC(40) - age  11:    6214456 bytes,    6349880 total
[2020-12-14T23:29:38.270+0000][7][gc,phases    ] GC(40)   Pre Evacuate Collection Set: 0.2ms
[2020-12-14T23:29:38.270+0000][7][gc,phases    ] GC(40)   Merge Heap Roots: 0.2ms
[2020-12-14T23:29:38.270+0000][7][gc,phases    ] GC(40)   Evacuate Collection Set: 9.3ms
[2020-12-14T23:29:38.270+0000][7][gc,phases    ] GC(40)   Post Evacuate Collection Set: 0.8ms
[2020-12-14T23:29:38.270+0000][7][gc,phases    ] GC(40)   Other: 0.5ms
[2020-12-14T23:29:38.270+0000][7][gc,heap      ] GC(40) Eden regions: 434->0(433)
[2020-12-14T23:29:38.270+0000][7][gc,heap      ] GC(40) Survivor regions: 7->7(56)
[2020-12-14T23:29:38.270+0000][7][gc,heap      ] GC(40) Old regions: 92->92
[2020-12-14T23:29:38.270+0000][7][gc,heap      ] GC(40) Archive regions: 2->2
[2020-12-14T23:29:38.270+0000][7][gc,heap      ] GC(40) Humongous regions: 45->45
[2020-12-14T23:29:38.270+0000][7][gc,metaspace ] GC(40) Metaspace: 61766K(65988K)->61766K(65988K) NonClass: 53526K(55980K)->53526K(55980K) Class: 8240K(10008K)->8240K(10008K)
[2020-12-14T23:29:38.270+0000][7][gc           ] GC(40) Pause Young (Normal) (G1 Evacuation Pause) 578M->143M(782M) 11.070ms
[2020-12-14T23:29:38.270+0000][7][gc,cpu       ] GC(40) User=0.09s Sys=0.00s Real=0.01s
[2020-12-14T23:29:38.270+0000][7][safepoint    ] Safepoint "G1CollectForAllocation", Time since last: 169176121 ns, Reaching safepoint: 157401 ns, At safepoint: 11210340 ns, Total: 11367741 ns
[2020-12-14T23:29:38.438+0000][7][gc,start     ] GC(41) Pause Young (Normal) (G1 Evacuation Pause)
[2020-12-14T23:29:38.438+0000][7][gc,task      ] GC(41) Using 10 workers of 10 for evacuation
[2020-12-14T23:29:38.438+0000][7][gc,age       ] GC(41) Desired survivor size 28835840 bytes, new threshold 15 (max threshold 15)
[2020-12-14T23:29:38.448+0000][7][gc,age       ] GC(41) Age table with threshold 15 (max threshold 15)
[2020-12-14T23:29:38.448+0000][7][gc,age       ] GC(41) - age   1:        232 bytes,        232 total
[2020-12-14T23:29:38.448+0000][7][gc,age       ] GC(41) - age   2:     130544 bytes,     130776 total
[2020-12-14T23:29:38.448+0000][7][gc,age       ] GC(41) - age   3:       1112 bytes,     131888 total
[2020-12-14T23:29:38.448+0000][7][gc,age       ] GC(41) - age   4:       1872 bytes,     133760 total
[2020-12-14T23:29:38.448+0000][7][gc,age       ] GC(41) - age   6:        872 bytes,     134632 total
[2020-12-14T23:29:38.448+0000][7][gc,age       ] GC(41) - age  10:         32 bytes,     134664 total
[2020-12-14T23:29:38.448+0000][7][gc,age       ] GC(41) - age  11:        760 bytes,     135424 total
[2020-12-14T23:29:38.448+0000][7][gc,age       ] GC(41) - age  12:    6214456 bytes,    6349880 total
[2020-12-14T23:29:38.448+0000][7][gc,phases    ] GC(41)   Pre Evacuate Collection Set: 0.2ms
[2020-12-14T23:29:38.448+0000][7][gc,phases    ] GC(41)   Merge Heap Roots: 0.2ms
[2020-12-14T23:29:38.448+0000][7][gc,phases    ] GC(41)   Evacuate Collection Set: 8.7ms
[2020-12-14T23:29:38.448+0000][7][gc,phases    ] GC(41)   Post Evacuate Collection Set: 0.8ms
[2020-12-14T23:29:38.448+0000][7][gc,phases    ] GC(41)   Other: 0.5ms
[2020-12-14T23:29:38.449+0000][7][gc,heap      ] GC(41) Eden regions: 433->0(433)
[2020-12-14T23:29:38.449+0000][7][gc,heap      ] GC(41) Survivor regions: 7->7(55)
[2020-12-14T23:29:38.449+0000][7][gc,heap      ] GC(41) Old regions: 92->92
[2020-12-14T23:29:38.449+0000][7][gc,heap      ] GC(41) Archive regions: 2->2
[2020-12-14T23:29:38.449+0000][7][gc,heap      ] GC(41) Humongous regions: 45->45
[2020-12-14T23:29:38.449+0000][7][gc,metaspace ] GC(41) Metaspace: 61766K(65988K)->61766K(65988K) NonClass: 53526K(55980K)->53526K(55980K) Class: 8240K(10008K)->8240K(10008K)
[2020-12-14T23:29:38.449+0000][7][gc           ] GC(41) Pause Young (Normal) (G1 Evacuation Pause) 576M->144M(782M) 10.487ms
[2020-12-14T23:29:38.449+0000][7][gc,cpu       ] GC(41) User=0.09s Sys=0.00s Real=0.01s
[2020-12-14T23:29:38.449+0000][7][safepoint    ] Safepoint "G1CollectForAllocation", Time since last: 167497125 ns, Reaching safepoint: 146301 ns, At safepoint: 10680455 ns, Total: 10826756 ns
[2020-12-14T23:29:38.616+0000][7][gc,start     ] GC(42) Pause Young (Normal) (G1 Evacuation Pause)
[2020-12-14T23:29:38.616+0000][7][gc,task      ] GC(42) Using 10 workers of 10 for evacuation
[2020-12-14T23:29:38.616+0000][7][gc,age       ] GC(42) Desired survivor size 28835840 bytes, new threshold 15 (max threshold 15)
[2020-12-14T23:29:38.627+0000][7][gc,age       ] GC(42) Age table with threshold 15 (max threshold 15)
[2020-12-14T23:29:38.627+0000][7][gc,age       ] GC(42) - age   1:        880 bytes,        880 total
[2020-12-14T23:29:38.627+0000][7][gc,age       ] GC(42) - age   3:     130544 bytes,     131424 total
[2020-12-14T23:29:38.627+0000][7][gc,age       ] GC(42) - age   4:       1112 bytes,     132536 total
[2020-12-14T23:29:38.627+0000][7][gc,age       ] GC(42) - age   5:       1840 bytes,     134376 total
[2020-12-14T23:29:38.627+0000][7][gc,age       ] GC(42) - age   7:         24 bytes,     134400 total
[2020-12-14T23:29:38.627+0000][7][gc,age       ] GC(42) - age  11:         32 bytes,     134432 total
[2020-12-14T23:29:38.627+0000][7][gc,age       ] GC(42) - age  12:        760 bytes,     135192 total
[2020-12-14T23:29:38.627+0000][7][gc,age       ] GC(42) - age  13:    6214456 bytes,    6349648 total
[2020-12-14T23:29:38.628+0000][7][gc,phases    ] GC(42)   Pre Evacuate Collection Set: 0.2ms
[2020-12-14T23:29:38.628+0000][7][gc,phases    ] GC(42)   Merge Heap Roots: 0.2ms
[2020-12-14T23:29:38.628+0000][7][gc,phases    ] GC(42)   Evacuate Collection Set: 10.2ms
[2020-12-14T23:29:38.628+0000][7][gc,phases    ] GC(42)   Post Evacuate Collection Set: 0.8ms
[2020-12-14T23:29:38.628+0000][7][gc,phases    ] GC(42)   Other: 0.4ms
[2020-12-14T23:29:38.628+0000][7][gc,heap      ] GC(42) Eden regions: 433->0(433)
[2020-12-14T23:29:38.628+0000][7][gc,heap      ] GC(42) Survivor regions: 7->7(55)
[2020-12-14T23:29:38.628+0000][7][gc,heap      ] GC(42) Old regions: 92->92
[2020-12-14T23:29:38.628+0000][7][gc,heap      ] GC(42) Archive regions: 2->2
[2020-12-14T23:29:38.628+0000][7][gc,heap      ] GC(42) Humongous regions: 45->45
[2020-12-14T23:29:38.628+0000][7][gc,metaspace ] GC(42) Metaspace: 61766K(65988K)->61766K(65988K) NonClass: 53526K(55980K)->53526K(55980K) Class: 8240K(10008K)->8240K(10008K)
[2020-12-14T23:29:38.628+0000][7][gc           ] GC(42) Pause Young (Normal) (G1 Evacuation Pause) 577M->143M(782M) 12.023ms
[2020-12-14T23:29:38.628+0000][7][gc,cpu       ] GC(42) User=0.10s Sys=0.01s Real=0.01s
[2020-12-14T23:29:38.628+0000][7][safepoint    ] Safepoint "G1CollectForAllocation", Time since last: 166795752 ns, Reaching safepoint: 138037 ns, At safepoint: 12158241 ns, Total: 12296278 ns
[2020-12-14T23:29:38.784+0000][7][gc,start     ] GC(43) Pause Young (Normal) (G1 Evacuation Pause)
[2020-12-14T23:29:38.784+0000][7][gc,task      ] GC(43) Using 10 workers of 10 for evacuation
[2020-12-14T23:29:38.784+0000][7][gc,age       ] GC(43) Desired survivor size 28835840 bytes, new threshold 15 (max threshold 15)
[2020-12-14T23:29:38.794+0000][7][gc,age       ] GC(43) Age table with threshold 15 (max threshold 15)
[2020-12-14T23:29:38.794+0000][7][gc,age       ] GC(43) - age   2:        880 bytes,        880 total
[2020-12-14T23:29:38.794+0000][7][gc,age       ] GC(43) - age   4:     130544 bytes,     131424 total
[2020-12-14T23:29:38.794+0000][7][gc,age       ] GC(43) - age   5:       1112 bytes,     132536 total
[2020-12-14T23:29:38.794+0000][7][gc,age       ] GC(43) - age   6:       1840 bytes,     134376 total
[2020-12-14T23:29:38.794+0000][7][gc,age       ] GC(43) - age   8:         24 bytes,     134400 total
[2020-12-14T23:29:38.794+0000][7][gc,age       ] GC(43) - age  12:         32 bytes,     134432 total
[2020-12-14T23:29:38.794+0000][7][gc,age       ] GC(43) - age  13:        760 bytes,     135192 total
[2020-12-14T23:29:38.794+0000][7][gc,age       ] GC(43) - age  14:    6214456 bytes,    6349648 total
[2020-12-14T23:29:38.794+0000][7][gc,phases    ] GC(43)   Pre Evacuate Collection Set: 0.2ms
[2020-12-14T23:29:38.794+0000][7][gc,phases    ] GC(43)   Merge Heap Roots: 0.2ms
[2020-12-14T23:29:38.794+0000][7][gc,phases    ] GC(43)   Evacuate Collection Set: 8.6ms
[2020-12-14T23:29:38.794+0000][7][gc,phases    ] GC(43)   Post Evacuate Collection Set: 0.7ms
[2020-12-14T23:29:38.794+0000][7][gc,phases    ] GC(43)   Other: 0.4ms
[2020-12-14T23:29:38.794+0000][7][gc,heap      ] GC(43) Eden regions: 433->0(433)
[2020-12-14T23:29:38.794+0000][7][gc,heap      ] GC(43) Survivor regions: 7->7(55)
[2020-12-14T23:29:38.794+0000][7][gc,heap      ] GC(43) Old regions: 92->92
[2020-12-14T23:29:38.794+0000][7][gc,heap      ] GC(43) Archive regions: 2->2
[2020-12-14T23:29:38.794+0000][7][gc,heap      ] GC(43) Humongous regions: 45->45
[2020-12-14T23:29:38.794+0000][7][gc,metaspace ] GC(43) Metaspace: 61766K(65988K)->61766K(65988K) NonClass: 53526K(55980K)->53526K(55980K) Class: 8240K(10008K)->8240K(10008K)
[2020-12-14T23:29:38.794+0000][7][gc           ] GC(43) Pause Young (Normal) (G1 Evacuation Pause) 576M->144M(782M) 10.137ms
[2020-12-14T23:29:38.794+0000][7][gc,cpu       ] GC(43) User=0.09s Sys=0.00s Real=0.01s
[2020-12-14T23:29:38.794+0000][7][safepoint    ] Safepoint "G1CollectForAllocation", Time since last: 156180467 ns, Reaching safepoint: 133131 ns, At safepoint: 10256446 ns, Total: 10389577 ns
[2020-12-14T23:29:38.952+0000][7][gc,start     ] GC(44) Pause Young (Normal) (G1 Evacuation Pause)
[2020-12-14T23:29:38.952+0000][7][gc,task      ] GC(44) Using 10 workers of 10 for evacuation
[2020-12-14T23:29:38.952+0000][7][gc,age       ] GC(44) Desired survivor size 28835840 bytes, new threshold 15 (max threshold 15)
[2020-12-14T23:29:38.961+0000][7][gc,age       ] GC(44) Age table with threshold 15 (max threshold 15)
[2020-12-14T23:29:38.961+0000][7][gc,age       ] GC(44) - age   1:        592 bytes,        592 total
[2020-12-14T23:29:38.961+0000][7][gc,age       ] GC(44) - age   3:        848 bytes,       1440 total
[2020-12-14T23:29:38.961+0000][7][gc,age       ] GC(44) - age   5:     130544 bytes,     131984 total
[2020-12-14T23:29:38.961+0000][7][gc,age       ] GC(44) - age   6:       1112 bytes,     133096 total
[2020-12-14T23:29:38.961+0000][7][gc,age       ] GC(44) - age   7:       1440 bytes,     134536 total
[2020-12-14T23:29:38.961+0000][7][gc,age       ] GC(44) - age   9:         24 bytes,     134560 total
[2020-12-14T23:29:38.961+0000][7][gc,age       ] GC(44) - age  14:        760 bytes,     135320 total
[2020-12-14T23:29:38.961+0000][7][gc,age       ] GC(44) - age  15:    6214456 bytes,    6349776 total
[2020-12-14T23:29:38.961+0000][7][gc,phases    ] GC(44)   Pre Evacuate Collection Set: 0.2ms
[2020-12-14T23:29:38.961+0000][7][gc,phases    ] GC(44)   Merge Heap Roots: 0.2ms
[2020-12-14T23:29:38.961+0000][7][gc,phases    ] GC(44)   Evacuate Collection Set: 7.7ms
[2020-12-14T23:29:38.961+0000][7][gc,phases    ] GC(44)   Post Evacuate Collection Set: 0.8ms
[2020-12-14T23:29:38.961+0000][7][gc,phases    ] GC(44)   Other: 0.5ms
[2020-12-14T23:29:38.961+0000][7][gc,heap      ] GC(44) Eden regions: 433->0(433)
[2020-12-14T23:29:38.961+0000][7][gc,heap      ] GC(44) Survivor regions: 7->7(55)
[2020-12-14T23:29:38.961+0000][7][gc,heap      ] GC(44) Old regions: 92->92
[2020-12-14T23:29:38.961+0000][7][gc,heap      ] GC(44) Archive regions: 2->2
[2020-12-14T23:29:38.961+0000][7][gc,heap      ] GC(44) Humongous regions: 45->45
[2020-12-14T23:29:38.961+0000][7][gc,metaspace ] GC(44) Metaspace: 61766K(65988K)->61766K(65988K) NonClass: 53526K(55980K)->53526K(55980K) Class: 8240K(10008K)->8240K(10008K)
[2020-12-14T23:29:38.961+0000][7][gc           ] GC(44) Pause Young (Normal) (G1 Evacuation Pause) 577M->144M(782M) 9.524ms
[2020-12-14T23:29:38.961+0000][7][gc,cpu       ] GC(44) User=0.08s Sys=0.00s Real=0.01s
[2020-12-14T23:29:38.962+0000][7][safepoint    ] Safepoint "G1CollectForAllocation", Time since last: 157354965 ns, Reaching safepoint: 144656 ns, At safepoint: 9649523 ns, Total: 9794179 ns
[2020-12-14T23:29:39.122+0000][7][gc,start     ] GC(45) Pause Young (Normal) (G1 Evacuation Pause)
[2020-12-14T23:29:39.122+0000][7][gc,task      ] GC(45) Using 10 workers of 10 for evacuation
[2020-12-14T23:29:39.122+0000][7][gc,age       ] GC(45) Desired survivor size 28835840 bytes, new threshold 15 (max threshold 15)
[2020-12-14T23:29:39.130+0000][7][gc,age       ] GC(45) Age table with threshold 15 (max threshold 15)
[2020-12-14T23:29:39.130+0000][7][gc,age       ] GC(45) - age   1:        128 bytes,        128 total
[2020-12-14T23:29:39.130+0000][7][gc,age       ] GC(45) - age   2:        464 bytes,        592 total
[2020-12-14T23:29:39.130+0000][7][gc,age       ] GC(45) - age   4:        848 bytes,       1440 total
[2020-12-14T23:29:39.130+0000][7][gc,age       ] GC(45) - age   6:     130544 bytes,     131984 total
[2020-12-14T23:29:39.130+0000][7][gc,age       ] GC(45) - age   7:       1112 bytes,     133096 total
[2020-12-14T23:29:39.130+0000][7][gc,age       ] GC(45) - age   8:       1440 bytes,     134536 total
[2020-12-14T23:29:39.130+0000][7][gc,age       ] GC(45) - age  10:         24 bytes,     134560 total
[2020-12-14T23:29:39.130+0000][7][gc,age       ] GC(45) - age  15:        760 bytes,     135320 total
[2020-12-14T23:29:39.130+0000][7][gc,phases    ] GC(45)   Pre Evacuate Collection Set: 0.2ms
[2020-12-14T23:29:39.130+0000][7][gc,phases    ] GC(45)   Merge Heap Roots: 0.2ms
[2020-12-14T23:29:39.130+0000][7][gc,phases    ] GC(45)   Evacuate Collection Set: 6.9ms
[2020-12-14T23:29:39.130+0000][7][gc,phases    ] GC(45)   Post Evacuate Collection Set: 0.8ms
[2020-12-14T23:29:39.130+0000][7][gc,phases    ] GC(45)   Other: 0.4ms
[2020-12-14T23:29:39.130+0000][7][gc,heap      ] GC(45) Eden regions: 433->0(436)
[2020-12-14T23:29:39.130+0000][7][gc,heap      ] GC(45) Survivor regions: 7->1(55)
[2020-12-14T23:29:39.130+0000][7][gc,heap      ] GC(45) Old regions: 92->98
[2020-12-14T23:29:39.130+0000][7][gc,heap      ] GC(45) Archive regions: 2->2
[2020-12-14T23:29:39.130+0000][7][gc,heap      ] GC(45) Humongous regions: 47->47
[2020-12-14T23:29:39.130+0000][7][gc,metaspace ] GC(45) Metaspace: 61766K(65988K)->61766K(65988K) NonClass: 53526K(55980K)->53526K(55980K) Class: 8240K(10008K)->8240K(10008K)
[2020-12-14T23:29:39.130+0000][7][gc           ] GC(45) Pause Young (Normal) (G1 Evacuation Pause) 579M->146M(782M) 8.639ms
[2020-12-14T23:29:39.130+0000][7][gc,cpu       ] GC(45) User=0.06s Sys=0.01s Real=0.01s
[2020-12-14T23:29:39.130+0000][7][safepoint    ] Safepoint "G1CollectForAllocation", Time since last: 159901209 ns, Reaching safepoint: 136132 ns, At safepoint: 8762462 ns, Total: 8898594 ns
[2020-12-14T23:29:39.292+0000][7][gc,start     ] GC(46) Pause Young (Normal) (G1 Evacuation Pause)
[2020-12-14T23:29:39.292+0000][7][gc,task      ] GC(46) Using 10 workers of 10 for evacuation
[2020-12-14T23:29:39.292+0000][7][gc,age       ] GC(46) Desired survivor size 28835840 bytes, new threshold 15 (max threshold 15)
[2020-12-14T23:29:39.296+0000][7][gc,age       ] GC(46) Age table with threshold 15 (max threshold 15)
[2020-12-14T23:29:39.296+0000][7][gc,age       ] GC(46) - age   1:        232 bytes,        232 total
[2020-12-14T23:29:39.296+0000][7][gc,age       ] GC(46) - age   3:        464 bytes,        696 total
[2020-12-14T23:29:39.296+0000][7][gc,age       ] GC(46) - age   5:        848 bytes,       1544 total
[2020-12-14T23:29:39.296+0000][7][gc,age       ] GC(46) - age   7:     130544 bytes,     132088 total
[2020-12-14T23:29:39.296+0000][7][gc,age       ] GC(46) - age   8:       1112 bytes,     133200 total
[2020-12-14T23:29:39.296+0000][7][gc,age       ] GC(46) - age   9:       1440 bytes,     134640 total
[2020-12-14T23:29:39.296+0000][7][gc,age       ] GC(46) - age  11:         24 bytes,     134664 total
[2020-12-14T23:29:39.296+0000][7][gc,phases    ] GC(46)   Pre Evacuate Collection Set: 0.2ms
[2020-12-14T23:29:39.296+0000][7][gc,phases    ] GC(46)   Merge Heap Roots: 0.1ms
[2020-12-14T23:29:39.296+0000][7][gc,phases    ] GC(46)   Evacuate Collection Set: 2.3ms
[2020-12-14T23:29:39.296+0000][7][gc,phases    ] GC(46)   Post Evacuate Collection Set: 0.8ms
[2020-12-14T23:29:39.296+0000][7][gc,phases    ] GC(46)   Other: 0.4ms
[2020-12-14T23:29:39.296+0000][7][gc,heap      ] GC(46) Eden regions: 436->0(433)
[2020-12-14T23:29:39.296+0000][7][gc,heap      ] GC(46) Survivor regions: 1->1(55)
[2020-12-14T23:29:39.296+0000][7][gc,heap      ] GC(46) Old regions: 98->98
[2020-12-14T23:29:39.296+0000][7][gc,heap      ] GC(46) Archive regions: 2->2
[2020-12-14T23:29:39.296+0000][7][gc,heap      ] GC(46) Humongous regions: 50->50
[2020-12-14T23:29:39.296+0000][7][gc,metaspace ] GC(46) Metaspace: 61766K(65988K)->61766K(65988K) NonClass: 53526K(55980K)->53526K(55980K) Class: 8240K(10008K)->8240K(10008K)
[2020-12-14T23:29:39.296+0000][7][gc           ] GC(46) Pause Young (Normal) (G1 Evacuation Pause) 585M->148M(782M) 4.000ms
[2020-12-14T23:29:39.296+0000][7][gc,cpu       ] GC(46) User=0.02s Sys=0.00s Real=0.01s
[2020-12-14T23:29:39.296+0000][7][safepoint    ] Safepoint "G1CollectForAllocation", Time since last: 161771669 ns, Reaching safepoint: 156538 ns, At safepoint: 4112718 ns, Total: 4269256 ns
[2020-12-14T23:29:39.449+0000][7][gc,start     ] GC(47) Pause Young (Normal) (G1 Evacuation Pause)
[2020-12-14T23:29:39.449+0000][7][gc,task      ] GC(47) Using 10 workers of 10 for evacuation
[2020-12-14T23:29:39.449+0000][7][gc,age       ] GC(47) Desired survivor size 28835840 bytes, new threshold 15 (max threshold 15)
[2020-12-14T23:29:39.451+0000][7][gc,age       ] GC(47) Age table with threshold 15 (max threshold 15)
[2020-12-14T23:29:39.451+0000][7][gc,age       ] GC(47) - age   4:        464 bytes,        464 total
[2020-12-14T23:29:39.451+0000][7][gc,age       ] GC(47) - age   6:        848 bytes,       1312 total
[2020-12-14T23:29:39.451+0000][7][gc,age       ] GC(47) - age   8:     130544 bytes,     131856 total
[2020-12-14T23:29:39.451+0000][7][gc,age       ] GC(47) - age   9:       1112 bytes,     132968 total
[2020-12-14T23:29:39.451+0000][7][gc,age       ] GC(47) - age  10:       1440 bytes,     134408 total
[2020-12-14T23:29:39.451+0000][7][gc,age       ] GC(47) - age  12:         24 bytes,     134432 total
[2020-12-14T23:29:39.451+0000][7][gc,phases    ] GC(47)   Pre Evacuate Collection Set: 0.2ms
[2020-12-14T23:29:39.451+0000][7][gc,phases    ] GC(47)   Merge Heap Roots: 0.1ms
[2020-12-14T23:29:39.451+0000][7][gc,phases    ] GC(47)   Evacuate Collection Set: 1.2ms
[2020-12-14T23:29:39.451+0000][7][gc,phases    ] GC(47)   Post Evacuate Collection Set: 0.7ms
[2020-12-14T23:29:39.451+0000][7][gc,phases    ] GC(47)   Other: 0.3ms
[2020-12-14T23:29:39.451+0000][7][gc,heap      ] GC(47) Eden regions: 433->0(434)
[2020-12-14T23:29:39.451+0000][7][gc,heap      ] GC(47) Survivor regions: 1->1(55)
[2020-12-14T23:29:39.451+0000][7][gc,heap      ] GC(47) Old regions: 98->98
[2020-12-14T23:29:39.451+0000][7][gc,heap      ] GC(47) Archive regions: 2->2
[2020-12-14T23:29:39.451+0000][7][gc,heap      ] GC(47) Humongous regions: 50->50
[2020-12-14T23:29:39.451+0000][7][gc,metaspace ] GC(47) Metaspace: 61766K(65988K)->61766K(65988K) NonClass: 53526K(55980K)->53526K(55980K) Class: 8240K(10008K)->8240K(10008K)
[2020-12-14T23:29:39.451+0000][7][gc           ] GC(47) Pause Young (Normal) (G1 Evacuation Pause) 581M->148M(782M) 2.594ms
[2020-12-14T23:29:39.451+0000][7][gc,cpu       ] GC(47) User=0.01s Sys=0.00s Real=0.00s
[2020-12-14T23:29:39.451+0000][7][safepoint    ] Safepoint "G1CollectForAllocation", Time since last: 151985758 ns, Reaching safepoint: 120144 ns, At safepoint: 2692408 ns, Total: 2812552 ns
[2020-12-14T23:29:39.611+0000][7][gc,start     ] GC(48) Pause Young (Normal) (G1 Evacuation Pause)
[2020-12-14T23:29:39.611+0000][7][gc,task      ] GC(48) Using 10 workers of 10 for evacuation
[2020-12-14T23:29:39.611+0000][7][gc,age       ] GC(48) Desired survivor size 28835840 bytes, new threshold 15 (max threshold 15)
[2020-12-14T23:29:39.613+0000][7][gc,age       ] GC(48) Age table with threshold 15 (max threshold 15)
[2020-12-14T23:29:39.613+0000][7][gc,age       ] GC(48) - age   1:       1008 bytes,       1008 total
[2020-12-14T23:29:39.613+0000][7][gc,age       ] GC(48) - age   5:        432 bytes,       1440 total
[2020-12-14T23:29:39.613+0000][7][gc,age       ] GC(48) - age   9:     130544 bytes,     131984 total
[2020-12-14T23:29:39.613+0000][7][gc,age       ] GC(48) - age  10:       1112 bytes,     133096 total
[2020-12-14T23:29:39.613+0000][7][gc,age       ] GC(48) - age  11:       1440 bytes,     134536 total
[2020-12-14T23:29:39.613+0000][7][gc,age       ] GC(48) - age  13:         24 bytes,     134560 total
[2020-12-14T23:29:39.613+0000][7][gc,phases    ] GC(48)   Pre Evacuate Collection Set: 0.2ms
[2020-12-14T23:29:39.613+0000][7][gc,phases    ] GC(48)   Merge Heap Roots: 0.1ms
[2020-12-14T23:29:39.613+0000][7][gc,phases    ] GC(48)   Evacuate Collection Set: 1.1ms
[2020-12-14T23:29:39.613+0000][7][gc,phases    ] GC(48)   Post Evacuate Collection Set: 0.7ms
[2020-12-14T23:29:39.613+0000][7][gc,phases    ] GC(48)   Other: 0.4ms
[2020-12-14T23:29:39.613+0000][7][gc,heap      ] GC(48) Eden regions: 434->0(434)
[2020-12-14T23:29:39.613+0000][7][gc,heap      ] GC(48) Survivor regions: 1->1(55)
[2020-12-14T23:29:39.613+0000][7][gc,heap      ] GC(48) Old regions: 98->98
[2020-12-14T23:29:39.613+0000][7][gc,heap      ] GC(48) Archive regions: 2->2
[2020-12-14T23:29:39.613+0000][7][gc,heap      ] GC(48) Humongous regions: 50->50
[2020-12-14T23:29:39.613+0000][7][gc,metaspace ] GC(48) Metaspace: 61774K(65988K)->61774K(65988K) NonClass: 53533K(55980K)->53533K(55980K) Class: 8240K(10008K)->8240K(10008K)
[2020-12-14T23:29:39.614+0000][7][gc           ] GC(48) Pause Young (Normal) (G1 Evacuation Pause) 582M->148M(782M) 2.671ms
[2020-12-14T23:29:39.614+0000][7][gc,cpu       ] GC(48) User=0.01s Sys=0.01s Real=0.00s
[2020-12-14T23:29:39.614+0000][7][safepoint    ] Safepoint "G1CollectForAllocation", Time since last: 159465017 ns, Reaching safepoint: 137720 ns, At safepoint: 2791297 ns, Total: 2929017 ns
[2020-12-14T23:29:40.269+0000][7][gc,start     ] GC(49) Pause Young (Normal) (G1 Evacuation Pause)
[2020-12-14T23:29:40.269+0000][7][gc,task      ] GC(49) Using 10 workers of 10 for evacuation
[2020-12-14T23:29:40.269+0000][7][gc,age       ] GC(49) Desired survivor size 28835840 bytes, new threshold 15 (max threshold 15)
[2020-12-14T23:29:40.275+0000][7][gc,age       ] GC(49) Age table with threshold 15 (max threshold 15)
[2020-12-14T23:29:40.275+0000][7][gc,age       ] GC(49) - age   1:    5069808 bytes,    5069808 total
[2020-12-14T23:29:40.275+0000][7][gc,age       ] GC(49) - age   2:        848 bytes,    5070656 total
[2020-12-14T23:29:40.275+0000][7][gc,age       ] GC(49) - age   6:         32 bytes,    5070688 total
[2020-12-14T23:29:40.275+0000][7][gc,age       ] GC(49) - age  10:     130544 bytes,    5201232 total
[2020-12-14T23:29:40.276+0000][7][gc,age       ] GC(49) - age  11:       1112 bytes,    5202344 total
[2020-12-14T23:29:40.276+0000][7][gc,age       ] GC(49) - age  12:       1408 bytes,    5203752 total
[2020-12-14T23:29:40.276+0000][7][gc,age       ] GC(49) - age  14:         24 bytes,    5203776 total
[2020-12-14T23:29:40.276+0000][7][gc,phases    ] GC(49)   Pre Evacuate Collection Set: 0.1ms
[2020-12-14T23:29:40.276+0000][7][gc,phases    ] GC(49)   Merge Heap Roots: 0.1ms
[2020-12-14T23:29:40.276+0000][7][gc,phases    ] GC(49)   Evacuate Collection Set: 5.4ms
[2020-12-14T23:29:40.276+0000][7][gc,phases    ] GC(49)   Post Evacuate Collection Set: 0.6ms
[2020-12-14T23:29:40.276+0000][7][gc,phases    ] GC(49)   Other: 0.4ms
[2020-12-14T23:29:40.276+0000][7][gc,heap      ] GC(49) Eden regions: 434->0(416)
[2020-12-14T23:29:40.276+0000][7][gc,heap      ] GC(49) Survivor regions: 1->6(55)
[2020-12-14T23:29:40.276+0000][7][gc,heap      ] GC(49) Old regions: 98->98
[2020-12-14T23:29:40.276+0000][7][gc,heap      ] GC(49) Archive regions: 2->2
[2020-12-14T23:29:40.276+0000][7][gc,heap      ] GC(49) Humongous regions: 58->58
[2020-12-14T23:29:40.276+0000][7][gc,metaspace ] GC(49) Metaspace: 61879K(65988K)->61879K(65988K) NonClass: 53639K(55980K)->53639K(55980K) Class: 8240K(10008K)->8240K(10008K)
[2020-12-14T23:29:40.276+0000][7][gc           ] GC(49) Pause Young (Normal) (G1 Evacuation Pause) 590M->161M(782M) 6.760ms
[2020-12-14T23:29:40.276+0000][7][gc,cpu       ] GC(49) User=0.06s Sys=0.00s Real=0.01s
[2020-12-14T23:29:40.276+0000][7][safepoint    ] Safepoint "G1CollectForAllocation", Time since last: 655192182 ns, Reaching safepoint: 182425 ns, At safepoint: 6882359 ns, Total: 7064784 ns
[2020-12-14T23:29:41.177+0000][7][gc,start     ] GC(50) Pause Young (Normal) (G1 Evacuation Pause)
[2020-12-14T23:29:41.177+0000][7][gc,task      ] GC(50) Using 10 workers of 10 for evacuation
[2020-12-14T23:29:41.177+0000][7][gc,age       ] GC(50) Desired survivor size 27787264 bytes, new threshold 15 (max threshold 15)
[2020-12-14T23:29:41.193+0000][7][gc,age       ] GC(50) Age table with threshold 15 (max threshold 15)
[2020-12-14T23:29:41.193+0000][7][gc,age       ] GC(50) - age   1:   10279448 bytes,   10279448 total
[2020-12-14T23:29:41.193+0000][7][gc,age       ] GC(50) - age   2:    4661600 bytes,   14941048 total
[2020-12-14T23:29:41.193+0000][7][gc,age       ] GC(50) - age  11:      63432 bytes,   15004480 total
[2020-12-14T23:29:41.193+0000][7][gc,age       ] GC(50) - age  12:         32 bytes,   15004512 total
[2020-12-14T23:29:41.193+0000][7][gc,age       ] GC(50) - age  13:       1408 bytes,   15005920 total
[2020-12-14T23:29:41.193+0000][7][gc,age       ] GC(50) - age  15:         24 bytes,   15005944 total
[2020-12-14T23:29:41.193+0000][7][gc,phases    ] GC(50)   Pre Evacuate Collection Set: 0.2ms
[2020-12-14T23:29:41.193+0000][7][gc,phases    ] GC(50)   Merge Heap Roots: 0.2ms
[2020-12-14T23:29:41.193+0000][7][gc,phases    ] GC(50)   Evacuate Collection Set: 14.6ms
[2020-12-14T23:29:41.193+0000][7][gc,phases    ] GC(50)   Post Evacuate Collection Set: 0.7ms
[2020-12-14T23:29:41.193+0000][7][gc,phases    ] GC(50)   Other: 0.4ms
[2020-12-14T23:29:41.193+0000][7][gc,heap      ] GC(50) Eden regions: 416->0(397)
[2020-12-14T23:29:41.193+0000][7][gc,heap      ] GC(50) Survivor regions: 6->15(53)
[2020-12-14T23:29:41.193+0000][7][gc,heap      ] GC(50) Old regions: 98->98
[2020-12-14T23:29:41.193+0000][7][gc,heap      ] GC(50) Archive regions: 2->2
[2020-12-14T23:29:41.193+0000][7][gc,heap      ] GC(50) Humongous regions: 61->59
[2020-12-14T23:29:41.193+0000][7][gc,metaspace ] GC(50) Metaspace: 61901K(66244K)->61901K(66244K) NonClass: 53660K(56236K)->53660K(56236K) Class: 8240K(10008K)->8240K(10008K)
[2020-12-14T23:29:41.193+0000][7][gc           ] GC(50) Pause Young (Normal) (G1 Evacuation Pause) 580M->171M(782M) 16.141ms
[2020-12-14T23:29:41.193+0000][7][gc,cpu       ] GC(50) User=0.14s Sys=0.00s Real=0.01s
[2020-12-14T23:29:41.194+0000][7][safepoint    ] Safepoint "G1CollectForAllocation", Time since last: 901306077 ns, Reaching safepoint: 147598 ns, At safepoint: 16257635 ns, Total: 16405233 ns
[2020-12-14T23:29:41.761+0000][7][safepoint    ] Safepoint "ICBufferFull", Time since last: 566941063 ns, Reaching safepoint: 254159 ns, At safepoint: 17740 ns, Total: 271899 ns
[2020-12-14T23:29:41.767+0000][7][safepoint    ] Safepoint "BulkRevokeBias", Time since last: 5739537 ns, Reaching safepoint: 108545 ns, At safepoint: 355491 ns, Total: 464036 ns
[2020-12-14T23:29:41.947+0000][7][safepoint    ] Safepoint "BulkRevokeBias", Time since last: 179834316 ns, Reaching safepoint: 221055 ns, At safepoint: 309125 ns, Total: 530180 ns
[2020-12-14T23:29:43.172+0000][7][safepoint    ] Safepoint "Cleanup", Time since last: 1224448665 ns, Reaching safepoint: 228128 ns, At safepoint: 13945 ns, Total: 242073 ns
[2020-12-14T23:29:44.309+0000][7][safepoint    ] Safepoint "Cleanup", Time since last: 1136509091 ns, Reaching safepoint: 204260 ns, At safepoint: 11941 ns, Total: 216201 ns
[2020-12-14T23:29:45.309+0000][7][safepoint    ] Safepoint "Cleanup", Time since last: 1000164279 ns, Reaching safepoint: 240153 ns, At safepoint: 14833 ns, Total: 254986 ns
[2020-12-14T23:29:46.420+0000][7][safepoint    ] Safepoint "Cleanup", Time since last: 1110186298 ns, Reaching safepoint: 156910 ns, At safepoint: 15319 ns, Total: 172229 ns
[2020-12-14T23:29:47.420+0000][7][safepoint    ] Safepoint "Cleanup", Time since last: 1000187393 ns, Reaching safepoint: 178423 ns, At safepoint: 14753 ns, Total: 193176 ns
[2020-12-14T23:29:48.921+0000][7][safepoint    ] Safepoint "Cleanup", Time since last: 1501417109 ns, Reaching safepoint: 149679 ns, At safepoint: 14662 ns, Total: 164341 ns
[2020-12-14T23:29:49.922+0000][7][safepoint    ] Safepoint "Cleanup", Time since last: 1000192101 ns, Reaching safepoint: 157671 ns, At safepoint: 14455 ns, Total: 172126 ns
[2020-12-14T23:29:51.423+0000][7][safepoint    ] Safepoint "Cleanup", Time since last: 1500808268 ns, Reaching safepoint: 163716 ns, At safepoint: 13583 ns, Total: 177299 ns
[2020-12-14T23:29:52.423+0000][7][safepoint    ] Safepoint "Cleanup", Time since last: 1000157785 ns, Reaching safepoint: 289339 ns, At safepoint: 12133 ns, Total: 301472 ns
[2020-12-14T23:29:53.925+0000][7][safepoint    ] Safepoint "Cleanup", Time since last: 1501054707 ns, Reaching safepoint: 181494 ns, At safepoint: 14128 ns, Total: 195622 ns
[2020-12-14T23:29:54.925+0000][7][safepoint    ] Safepoint "Cleanup", Time since last: 1000195432 ns, Reaching safepoint: 137246 ns, At safepoint: 12427 ns, Total: 149673 ns
[2020-12-14T23:29:56.426+0000][7][safepoint    ] Safepoint "Cleanup", Time since last: 1501126668 ns, Reaching safepoint: 212519 ns, At safepoint: 13068 ns, Total: 225587 ns
[2020-12-14T23:29:57.427+0000][7][safepoint    ] Safepoint "Cleanup", Time since last: 1000175746 ns, Reaching safepoint: 139037 ns, At safepoint: 11740 ns, Total: 150777 ns
[2020-12-14T23:29:57.928+0000][7][safepoint    ] Safepoint "BulkRevokeBias", Time since last: 499628930 ns, Reaching safepoint: 151143 ns, At safepoint: 1531717 ns, Total: 1682860 ns
[2020-12-14T23:29:58.928+0000][7][safepoint    ] Safepoint "Cleanup", Time since last: 1000222918 ns, Reaching safepoint: 151184 ns, At safepoint: 12210 ns, Total: 163394 ns
[2020-12-14T23:29:59.929+0000][7][safepoint    ] Safepoint "Cleanup", Time since last: 1000197910 ns, Reaching safepoint: 183688 ns, At safepoint: 14856 ns, Total: 198544 ns
[2020-12-14T23:30:01.426+0000][7][safepoint    ] Safepoint "Cleanup", Time since last: 1497674078 ns, Reaching safepoint: 140204 ns, At safepoint: 12657 ns, Total: 152861 ns
[2020-12-14T23:30:02.427+0000][7][safepoint    ] Safepoint "Cleanup", Time since last: 1000190091 ns, Reaching safepoint: 192724 ns, At safepoint: 13161 ns, Total: 205885 ns
[2020-12-14T23:30:03.930+0000][7][safepoint    ] Safepoint "Cleanup", Time since last: 1502658957 ns, Reaching safepoint: 186644 ns, At safepoint: 14380 ns, Total: 201024 ns
[2020-12-14T23:30:05.429+0000][7][safepoint    ] Safepoint "Cleanup", Time since last: 1498818357 ns, Reaching safepoint: 197494 ns, At safepoint: 17890 ns, Total: 215384 ns
[2020-12-14T23:30:06.839+0000][7][safepoint    ] Safepoint "Cleanup", Time since last: 1410255163 ns, Reaching safepoint: 172582 ns, At safepoint: 13881 ns, Total: 186463 ns
[2020-12-14T23:30:07.932+0000][7][safepoint    ] Safepoint "Cleanup", Time since last: 1092449914 ns, Reaching safepoint: 162313 ns, At safepoint: 17354 ns, Total: 179667 ns
[2020-12-14T23:30:08.932+0000][7][safepoint    ] Safepoint "Cleanup", Time since last: 1000267239 ns, Reaching safepoint: 161119 ns, At safepoint: 15399 ns, Total: 176518 ns
[2020-12-14T23:30:10.431+0000][7][safepoint    ] Safepoint "Cleanup", Time since last: 1498872260 ns, Reaching safepoint: 244867 ns, At safepoint: 16293 ns, Total: 261160 ns
[2020-12-14T23:30:11.614+0000][7][safepoint    ] Safepoint "Cleanup", Time since last: 1182422298 ns, Reaching safepoint: 156676 ns, At safepoint: 13541 ns, Total: 170217 ns
[2020-12-14T23:30:12.935+0000][7][safepoint    ] Safepoint "Cleanup", Time since last: 1320545100 ns, Reaching safepoint: 155796 ns, At safepoint: 17007 ns, Total: 172803 ns
[2020-12-14T23:30:17.938+0000][7][safepoint    ] Safepoint "Cleanup", Time since last: 5002860563 ns, Reaching safepoint: 166385 ns, At safepoint: 18294 ns, Total: 184679 ns
[2020-12-14T23:30:20.439+0000][7][safepoint    ] Safepoint "Cleanup", Time since last: 2501012643 ns, Reaching safepoint: 160869 ns, At safepoint: 14906 ns, Total: 175775 ns
[2020-12-14T23:30:22.440+0000][7][safepoint    ] Safepoint "Cleanup", Time since last: 2000395555 ns, Reaching safepoint: 167430 ns, At safepoint: 15435 ns, Total: 182865 ns
[2020-12-14T23:30:23.942+0000][7][safepoint    ] Safepoint "Cleanup", Time since last: 1501876354 ns, Reaching safepoint: 170768 ns, At safepoint: 14335 ns, Total: 185103 ns
[2020-12-14T23:30:25.443+0000][7][safepoint    ] Safepoint "Cleanup", Time since last: 1500823803 ns, Reaching safepoint: 268331 ns, At safepoint: 17326 ns, Total: 285657 ns
[2020-12-14T23:30:27.946+0000][7][safepoint    ] Safepoint "Cleanup", Time since last: 2502767951 ns, Reaching safepoint: 156576 ns, At safepoint: 14547 ns, Total: 171123 ns
[2020-12-14T23:30:30.447+0000][7][safepoint    ] Safepoint "Cleanup", Time since last: 2500871608 ns, Reaching safepoint: 156237 ns, At safepoint: 14398 ns, Total: 170635 ns
[2020-12-14T23:30:31.447+0000][7][safepoint    ] Safepoint "Cleanup", Time since last: 1000254546 ns, Reaching safepoint: 231888 ns, At safepoint: 15587 ns, Total: 247475 ns
[2020-12-14T23:30:32.948+0000][7][safepoint    ] Safepoint "Cleanup", Time since last: 1500441266 ns, Reaching safepoint: 193634 ns, At safepoint: 15803 ns, Total: 209437 ns
[2020-12-14T23:30:34.847+0000][7][safepoint    ] Safepoint "Cleanup", Time since last: 1898551694 ns, Reaching safepoint: 230293 ns, At safepoint: 16566 ns, Total: 246859 ns
[2020-12-14T23:30:37.951+0000][7][safepoint    ] Safepoint "Cleanup", Time since last: 3103832516 ns, Reaching safepoint: 159788 ns, At safepoint: 16957 ns, Total: 176745 ns
[2020-12-14T23:30:38.951+0000][7][safepoint    ] Safepoint "Cleanup", Time since last: 1000213247 ns, Reaching safepoint: 163044 ns, At safepoint: 14424 ns, Total: 177468 ns
[2020-12-14T23:30:40.452+0000][7][safepoint    ] Safepoint "Cleanup", Time since last: 1500375752 ns, Reaching safepoint: 162773 ns, At safepoint: 16880 ns, Total: 179653 ns
[2020-12-14T23:30:42.452+0000][7][safepoint    ] Safepoint "Cleanup", Time since last: 2000351713 ns, Reaching safepoint: 184353 ns, At safepoint: 14262 ns, Total: 198615 ns
[2020-12-14T23:30:47.956+0000][7][safepoint    ] Safepoint "Cleanup", Time since last: 5503792895 ns, Reaching safepoint: 241782 ns, At safepoint: 15249 ns, Total: 257031 ns
[2020-12-14T23:30:52.960+0000][7][safepoint    ] Safepoint "Cleanup", Time since last: 5003249990 ns, Reaching safepoint: 140437 ns, At safepoint: 19905 ns, Total: 160342 ns
[2020-12-14T23:30:55.460+0000][7][safepoint    ] Safepoint "Cleanup", Time since last: 2500483562 ns, Reaching safepoint: 160049 ns, At safepoint: 14929 ns, Total: 174978 ns
[2020-12-14T23:30:56.825+0000][7][safepoint    ] Safepoint "Cleanup", Time since last: 1364681922 ns, Reaching safepoint: 218166 ns, At safepoint: 17223 ns, Total: 235389 ns
[2020-12-14T23:30:56.870+0000][7][safepoint    ] Safepoint "BulkRevokeBias", Time since last: 43738252 ns, Reaching safepoint: 273489 ns, At safepoint: 593650 ns, Total: 867139 ns
[2020-12-14T23:30:57.883+0000][7][safepoint    ] Safepoint "Cleanup", Time since last: 1013367266 ns, Reaching safepoint: 289750 ns, At safepoint: 18127 ns, Total: 307877 ns
[2020-12-14T23:30:57.884+0000][7][safepoint    ] Safepoint "BulkRevokeBias", Time since last: 73352 ns, Reaching safepoint: 131095 ns, At safepoint: 514279 ns, Total: 645374 ns
[2020-12-14T23:30:58.961+0000][7][safepoint    ] Safepoint "Cleanup", Time since last: 1076732649 ns, Reaching safepoint: 178626 ns, At safepoint: 15539 ns, Total: 194165 ns
[2020-12-14T23:30:59.961+0000][7][safepoint    ] Safepoint "Cleanup", Time since last: 1000194941 ns, Reaching safepoint: 154308 ns, At safepoint: 15472 ns, Total: 169780 ns
[2020-12-14T23:31:01.463+0000][7][safepoint    ] Safepoint "Cleanup", Time since last: 1501073340 ns, Reaching safepoint: 210898 ns, At safepoint: 15185 ns, Total: 226083 ns
[2020-12-14T23:31:02.463+0000][7][safepoint    ] Safepoint "Cleanup", Time since last: 1000186526 ns, Reaching safepoint: 198868 ns, At safepoint: 15595 ns, Total: 214463 ns
[2020-12-14T23:31:03.965+0000][7][safepoint    ] Safepoint "Cleanup", Time since last: 1502065046 ns, Reaching safepoint: 165338 ns, At safepoint: 15673 ns, Total: 181011 ns
[2020-12-14T23:31:04.966+0000][7][safepoint    ] Safepoint "Cleanup", Time since last: 1000194092 ns, Reaching safepoint: 151837 ns, At safepoint: 15719 ns, Total: 167556 ns
[2020-12-14T23:31:06.466+0000][7][safepoint    ] Safepoint "Cleanup", Time since last: 1500218137 ns, Reaching safepoint: 207773 ns, At safepoint: 15402 ns, Total: 223175 ns
[2020-12-14T23:31:07.969+0000][7][safepoint    ] Safepoint "BulkRevokeBias", Time since last: 1502246482 ns, Reaching safepoint: 160426 ns, At safepoint: 512261 ns, Total: 672687 ns
[2020-12-14T23:31:10.470+0000][7][safepoint    ] Safepoint "Cleanup", Time since last: 2500277764 ns, Reaching safepoint: 153235 ns, At safepoint: 19131 ns, Total: 172366 ns
[2020-12-14T23:31:12.973+0000][7][safepoint    ] Safepoint "Cleanup", Time since last: 2502923321 ns, Reaching safepoint: 169034 ns, At safepoint: 20525 ns, Total: 189559 ns
[2020-12-14T23:31:15.474+0000][7][safepoint    ] Safepoint "Cleanup", Time since last: 2501048067 ns, Reaching safepoint: 164144 ns, At safepoint: 15709 ns, Total: 179853 ns
[2020-12-14T23:31:17.474+0000][7][safepoint    ] Safepoint "Cleanup", Time since last: 2000340865 ns, Reaching safepoint: 160996 ns, At safepoint: 15345 ns, Total: 176341 ns
[2020-12-14T23:31:18.977+0000][7][safepoint    ] Safepoint "Cleanup", Time since last: 1502081305 ns, Reaching safepoint: 164334 ns, At safepoint: 15239 ns, Total: 179573 ns
[2020-12-14T23:31:22.980+0000][7][safepoint    ] Safepoint "Cleanup", Time since last: 4003137610 ns, Reaching safepoint: 167043 ns, At safepoint: 16893 ns, Total: 183936 ns
[2020-12-14T23:31:27.983+0000][7][safepoint    ] Safepoint "Cleanup", Time since last: 5003167957 ns, Reaching safepoint: 167603 ns, At safepoint: 15359 ns, Total: 182962 ns
[2020-12-14T23:31:30.483+0000][7][safepoint    ] Safepoint "Cleanup", Time since last: 2499111839 ns, Reaching safepoint: 160109 ns, At safepoint: 21622 ns, Total: 181731 ns
[2020-12-14T23:31:33.983+0000][7][safepoint    ] Safepoint "Cleanup", Time since last: 3499780595 ns, Reaching safepoint: 173950 ns, At safepoint: 15008 ns, Total: 188958 ns
[2020-12-14T23:31:37.989+0000][7][safepoint    ] Safepoint "Cleanup", Time since last: 4006609378 ns, Reaching safepoint: 153054 ns, At safepoint: 14694 ns, Total: 167748 ns
[2020-12-14T23:31:40.490+0000][7][safepoint    ] Safepoint "Cleanup", Time since last: 2500364642 ns, Reaching safepoint: 133684 ns, At safepoint: 12250 ns, Total: 145934 ns
[2020-12-14T23:31:41.490+0000][7][safepoint    ] Safepoint "Cleanup", Time since last: 1000219066 ns, Reaching safepoint: 159755 ns, At safepoint: 15279 ns, Total: 175034 ns
[2020-12-14T23:31:47.494+0000][7][safepoint    ] Safepoint "Cleanup", Time since last: 6003872544 ns, Reaching safepoint: 162533 ns, At safepoint: 15413 ns, Total: 177946 ns
[2020-12-14T23:31:48.995+0000][7][safepoint    ] Safepoint "Cleanup", Time since last: 1500466859 ns, Reaching safepoint: 172633 ns, At safepoint: 16036 ns, Total: 188669 ns
[2020-12-14T23:31:50.497+0000][7][safepoint    ] Safepoint "Cleanup", Time since last: 1501776703 ns, Reaching safepoint: 151130 ns, At safepoint: 19948 ns, Total: 171078 ns
[2020-12-14T23:31:51.497+0000][7][safepoint    ] Safepoint "Cleanup", Time since last: 1000254869 ns, Reaching safepoint: 184880 ns, At safepoint: 16159 ns, Total: 201039 ns
[2020-12-14T23:32:05.010+0000][7][safepoint    ] Safepoint "Cleanup", Time since last: 13512505667 ns, Reaching safepoint: 198854 ns, At safepoint: 14792 ns, Total: 213646 ns
[2020-12-14T23:32:06.511+0000][7][safepoint    ] Safepoint "Cleanup", Time since last: 1500461464 ns, Reaching safepoint: 187908 ns, At safepoint: 14879 ns, Total: 202787 ns
[2020-12-14T23:32:08.014+0000][7][safepoint    ] Safepoint "Cleanup", Time since last: 1502814646 ns, Reaching safepoint: 172425 ns, At safepoint: 17230 ns, Total: 189655 ns
[2020-12-14T23:32:10.515+0000][7][safepoint    ] Safepoint "Cleanup", Time since last: 2501096566 ns, Reaching safepoint: 126536 ns, At safepoint: 26512 ns, Total: 153048 ns
[2020-12-14T23:32:11.515+0000][7][safepoint    ] Safepoint "Cleanup", Time since last: 1000214341 ns, Reaching safepoint: 176098 ns, At safepoint: 15996 ns, Total: 192094 ns
[2020-12-14T23:32:12.516+0000][7][safepoint    ] Safepoint "Cleanup", Time since last: 1000190902 ns, Reaching safepoint: 169370 ns, At safepoint: 15499 ns, Total: 184869 ns
[2020-12-14T23:32:14.018+0000][7][safepoint    ] Safepoint "Cleanup", Time since last: 1501592052 ns, Reaching safepoint: 197480 ns, At safepoint: 15602 ns, Total: 213082 ns
[2020-12-14T23:32:15.519+0000][7][safepoint    ] Safepoint "Cleanup", Time since last: 1501296933 ns, Reaching safepoint: 237881 ns, At safepoint: 13861 ns, Total: 251742 ns
[2020-12-14T23:32:18.021+0000][7][safepoint    ] Safepoint "Cleanup", Time since last: 2501154231 ns, Reaching safepoint: 152238 ns, At safepoint: 15649 ns, Total: 167887 ns
[2020-12-14T23:32:20.523+0000][7][safepoint    ] Safepoint "BulkRevokeBias", Time since last: 2501224925 ns, Reaching safepoint: 165528 ns, At safepoint: 647975 ns, Total: 813503 ns
[2020-12-14T23:32:30.025+0000][7][safepoint    ] Safepoint "Cleanup", Time since last: 9502211376 ns, Reaching safepoint: 157181 ns, At safepoint: 15365 ns, Total: 172546 ns
[2020-12-14T23:32:31.527+0000][7][safepoint    ] Safepoint "Cleanup", Time since last: 1501458120 ns, Reaching safepoint: 143163 ns, At safepoint: 10580 ns, Total: 153743 ns
[2020-12-14T23:32:32.937+0000][7][safepoint    ] Safepoint "Cleanup", Time since last: 1410087340 ns, Reaching safepoint: 128342 ns, At safepoint: 12530 ns, Total: 140872 ns
[2020-12-14T23:32:34.462+0000][7][safepoint    ] Safepoint "Cleanup", Time since last: 1524551146 ns, Reaching safepoint: 282989 ns, At safepoint: 15959 ns, Total: 298948 ns
[2020-12-14T23:32:35.462+0000][7][safepoint    ] Safepoint "Cleanup", Time since last: 1000196115 ns, Reaching safepoint: 228905 ns, At safepoint: 15826 ns, Total: 244731 ns
[2020-12-14T23:32:36.531+0000][7][safepoint    ] Safepoint "Cleanup", Time since last: 1068554177 ns, Reaching safepoint: 220710 ns, At safepoint: 25772 ns, Total: 246482 ns
[2020-12-14T23:32:38.033+0000][7][safepoint    ] Safepoint "Cleanup", Time since last: 1501590000 ns, Reaching safepoint: 171514 ns, At safepoint: 16197 ns, Total: 187711 ns
[2020-12-14T23:32:39.950+0000][7][safepoint    ] Safepoint "Cleanup", Time since last: 1917266078 ns, Reaching safepoint: 263735 ns, At safepoint: 16486 ns, Total: 280221 ns
[2020-12-14T23:32:40.535+0000][7][safepoint    ] Safepoint "BulkRevokeBias", Time since last: 583720556 ns, Reaching safepoint: 221481 ns, At safepoint: 722852 ns, Total: 944333 ns
[2020-12-14T23:32:45.536+0000][7][safepoint    ] Safepoint "Cleanup", Time since last: 5000718198 ns, Reaching safepoint: 179920 ns, At safepoint: 17187 ns, Total: 197107 ns
[2020-12-14T23:32:46.751+0000][7][safepoint    ] Safepoint "Cleanup", Time since last: 1214563623 ns, Reaching safepoint: 166322 ns, At safepoint: 16687 ns, Total: 183009 ns
[2020-12-14T23:32:47.770+0000][7][safepoint    ] Safepoint "Cleanup", Time since last: 1019582143 ns, Reaching safepoint: 225907 ns, At safepoint: 23650 ns, Total: 249557 ns
[2020-12-14T23:32:48.771+0000][7][safepoint    ] Safepoint "Cleanup", Time since last: 1000188763 ns, Reaching safepoint: 217782 ns, At safepoint: 16036 ns, Total: 233818 ns
[2020-12-14T23:32:49.817+0000][7][safepoint    ] Safepoint "Cleanup", Time since last: 1045661137 ns, Reaching safepoint: 185713 ns, At safepoint: 19171 ns, Total: 204884 ns
[2020-12-14T23:32:49.982+0000][7][safepoint    ] Safepoint "ICBufferFull", Time since last: 164770817 ns, Reaching safepoint: 219239 ns, At safepoint: 13768 ns, Total: 233007 ns
[2020-12-14T23:32:51.019+0000][7][safepoint    ] Safepoint "Cleanup", Time since last: 1036974933 ns, Reaching safepoint: 273254 ns, At safepoint: 18638 ns, Total: 291892 ns
[2020-12-14T23:32:54.020+0000][7][safepoint    ] Safepoint "Cleanup", Time since last: 3000416382 ns, Reaching safepoint: 212262 ns, At safepoint: 22573 ns, Total: 234835 ns
[2020-12-14T23:32:59.020+0000][7][safepoint    ] Safepoint "Cleanup", Time since last: 5000685349 ns, Reaching safepoint: 209320 ns, At safepoint: 17430 ns, Total: 226750 ns
[2020-12-14T23:33:01.021+0000][7][safepoint    ] Safepoint "Cleanup", Time since last: 2000304707 ns, Reaching safepoint: 169287 ns, At safepoint: 16747 ns, Total: 186034 ns
[2020-12-14T23:33:04.022+0000][7][safepoint    ] Safepoint "Cleanup", Time since last: 3000431388 ns, Reaching safepoint: 248713 ns, At safepoint: 21745 ns, Total: 270458 ns
[2020-12-14T23:33:05.022+0000][7][safepoint    ] Safepoint "Cleanup", Time since last: 1000183081 ns, Reaching safepoint: 208644 ns, At safepoint: 17737 ns, Total: 226381 ns
[2020-12-14T23:33:06.023+0000][7][safepoint    ] Safepoint "Cleanup", Time since last: 1000188287 ns, Reaching safepoint: 205500 ns, At safepoint: 15144 ns, Total: 220644 ns
[2020-12-14T23:33:09.023+0000][7][safepoint    ] Safepoint "Cleanup", Time since last: 3000414332 ns, Reaching safepoint: 232910 ns, At safepoint: 17717 ns, Total: 250627 ns
[2020-12-14T23:33:11.024+0000][7][safepoint    ] Safepoint "Cleanup", Time since last: 2000323891 ns, Reaching safepoint: 212146 ns, At safepoint: 16956 ns, Total: 229102 ns
[2020-12-14T23:33:12.024+0000][7][safepoint    ] Safepoint "Cleanup", Time since last: 1000183394 ns, Reaching safepoint: 241889 ns, At safepoint: 18317 ns, Total: 260206 ns
[2020-12-14T23:33:14.025+0000][7][safepoint    ] Safepoint "Cleanup", Time since last: 2000312705 ns, Reaching safepoint: 209427 ns, At safepoint: 17233 ns, Total: 226660 ns
[2020-12-14T23:33:26.026+0000][7][safepoint    ] Safepoint "Cleanup", Time since last: 12001517408 ns, Reaching safepoint: 200799 ns, At safepoint: 16810 ns, Total: 217609 ns
[2020-12-14T23:33:29.027+0000][7][safepoint    ] Safepoint "Cleanup", Time since last: 3000425440 ns, Reaching safepoint: 290568 ns, At safepoint: 17543 ns, Total: 308111 ns
[2020-12-14T23:33:30.028+0000][7][safepoint    ] Safepoint "Cleanup", Time since last: 1000190496 ns, Reaching safepoint: 225113 ns, At safepoint: 17223 ns, Total: 242336 ns
[2020-12-14T23:33:31.028+0000][7][safepoint    ] Safepoint "Cleanup", Time since last: 1000190861 ns, Reaching safepoint: 207783 ns, At safepoint: 15649 ns, Total: 223432 ns
[2020-12-14T23:33:33.527+0000][7][safepoint    ] Safepoint "Cleanup", Time since last: 2498417259 ns, Reaching safepoint: 175566 ns, At safepoint: 14335 ns, Total: 189901 ns
[2020-12-14T23:33:33.599+0000][7][safepoint    ] Safepoint "BulkRevokeBias", Time since last: 71919591 ns, Reaching safepoint: 203913 ns, At safepoint: 505043 ns, Total: 708956 ns
[2020-12-14T23:33:34.622+0000][7][safepoint    ] Safepoint "Cleanup", Time since last: 1022608412 ns, Reaching safepoint: 208037 ns, At safepoint: 15555 ns, Total: 223592 ns
[2020-12-14T23:33:35.622+0000][7][safepoint    ] Safepoint "Cleanup", Time since last: 1000186990 ns, Reaching safepoint: 204578 ns, At safepoint: 17023 ns, Total: 221601 ns
[2020-12-14T23:33:36.623+0000][7][safepoint    ] Safepoint "Cleanup", Time since last: 1000182275 ns, Reaching safepoint: 216139 ns, At safepoint: 15825 ns, Total: 231964 ns
[2020-12-14T23:33:38.058+0000][7][safepoint    ] Safepoint "Cleanup", Time since last: 1435039648 ns, Reaching safepoint: 211218 ns, At safepoint: 16763 ns, Total: 227981 ns
[2020-12-14T23:33:38.971+0000][7][safepoint    ] Safepoint "BulkRevokeBias", Time since last: 911038534 ns, Reaching safepoint: 202583 ns, At safepoint: 1570826 ns, Total: 1773409 ns
[2020-12-14T23:33:39.977+0000][7][safepoint    ] Safepoint "Cleanup", Time since last: 1005736169 ns, Reaching safepoint: 223068 ns, At safepoint: 17167 ns, Total: 240235 ns
[2020-12-14T23:33:40.977+0000][7][safepoint    ] Safepoint "Cleanup", Time since last: 1000188520 ns, Reaching safepoint: 173164 ns, At safepoint: 13551 ns, Total: 186715 ns
[2020-12-14T23:33:41.978+0000][7][safepoint    ] Safepoint "Cleanup", Time since last: 1000179676 ns, Reaching safepoint: 192887 ns, At safepoint: 17324 ns, Total: 210211 ns
[2020-12-14T23:33:43.978+0000][7][safepoint    ] Safepoint "Cleanup", Time since last: 2000313774 ns, Reaching safepoint: 237147 ns, At safepoint: 17079 ns, Total: 254226 ns
[2020-12-14T23:33:45.979+0000][7][safepoint    ] Safepoint "Cleanup", Time since last: 2000338517 ns, Reaching safepoint: 218936 ns, At safepoint: 18444 ns, Total: 237380 ns
[2020-12-14T23:33:48.980+0000][7][safepoint    ] Safepoint "Cleanup", Time since last: 3000451923 ns, Reaching safepoint: 223422 ns, At safepoint: 16346 ns, Total: 239768 ns
[2020-12-14T23:33:50.980+0000][7][safepoint    ] Safepoint "Cleanup", Time since last: 2000317124 ns, Reaching safepoint: 240675 ns, At safepoint: 18364 ns, Total: 259039 ns
[2020-12-14T23:33:57.981+0000][7][safepoint    ] Safepoint "Cleanup", Time since last: 7000894273 ns, Reaching safepoint: 209973 ns, At safepoint: 15397 ns, Total: 225370 ns
[2020-12-14T23:34:00.982+0000][7][safepoint    ] Safepoint "Cleanup", Time since last: 3000326048 ns, Reaching safepoint: 192084 ns, At safepoint: 22603 ns, Total: 214687 ns
[2020-12-14T23:34:03.982+0000][7][safepoint    ] Safepoint "Cleanup", Time since last: 3000420188 ns, Reaching safepoint: 238874 ns, At safepoint: 16003 ns, Total: 254877 ns
[2020-12-14T23:34:04.983+0000][7][safepoint    ] Safepoint "Cleanup", Time since last: 1000178718 ns, Reaching safepoint: 212506 ns, At safepoint: 15812 ns, Total: 228318 ns
[2020-12-14T23:34:05.983+0000][7][safepoint    ] Safepoint "Cleanup", Time since last: 1000192610 ns, Reaching safepoint: 211245 ns, At safepoint: 16716 ns, Total: 227961 ns
[2020-12-14T23:34:08.984+0000][7][safepoint    ] Safepoint "Cleanup", Time since last: 3000411200 ns, Reaching safepoint: 222962 ns, At safepoint: 18482 ns, Total: 241444 ns
[2020-12-14T23:34:15.985+0000][7][safepoint    ] Safepoint "Cleanup", Time since last: 7000874301 ns, Reaching safepoint: 197277 ns, At safepoint: 17390 ns, Total: 214667 ns
[2020-12-14T23:34:23.986+0000][7][safepoint    ] Safepoint "Cleanup", Time since last: 8001054712 ns, Reaching safepoint: 217072 ns, At safepoint: 18467 ns, Total: 235539 ns
[2020-12-14T23:34:28.987+0000][7][safepoint    ] Safepoint "Cleanup", Time since last: 5000705707 ns, Reaching safepoint: 220007 ns, At safepoint: 15855 ns, Total: 235862 ns
[2020-12-14T23:34:30.244+0000][7][safepoint    ] Safepoint "Cleanup", Time since last: 1256597957 ns, Reaching safepoint: 173526 ns, At safepoint: 37966 ns, Total: 211492 ns
[2020-12-14T23:34:30.248+0000][7][safepoint    ] Safepoint "BulkRevokeBias", Time since last: 3018055 ns, Reaching safepoint: 198317 ns, At safepoint: 694094 ns, Total: 892411 ns
[2020-12-14T23:34:31.250+0000][7][safepoint    ] Safepoint "Cleanup", Time since last: 1001310398 ns, Reaching safepoint: 216037 ns, At safepoint: 15472 ns, Total: 231509 ns
[2020-12-14T23:34:33.250+0000][7][safepoint    ] Safepoint "Cleanup", Time since last: 2000303256 ns, Reaching safepoint: 234251 ns, At safepoint: 17770 ns, Total: 252021 ns
[2020-12-14T23:34:34.777+0000][7][safepoint    ] Safepoint "Cleanup", Time since last: 1526922269 ns, Reaching safepoint: 259572 ns, At safepoint: 17504 ns, Total: 277076 ns
[2020-12-14T23:34:35.778+0000][7][safepoint    ] Safepoint "Cleanup", Time since last: 1000182592 ns, Reaching safepoint: 199191 ns, At safepoint: 14957 ns, Total: 214148 ns
[2020-12-14T23:34:39.014+0000][7][safepoint    ] Safepoint "Cleanup", Time since last: 3235907815 ns, Reaching safepoint: 231846 ns, At safepoint: 16757 ns, Total: 248603 ns
[2020-12-14T23:34:39.020+0000][7][safepoint    ] Safepoint "BulkRevokeBias", Time since last: 4780578 ns, Reaching safepoint: 213639 ns, At safepoint: 880063 ns, Total: 1093702 ns
[2020-12-14T23:34:39.042+0000][7][safepoint    ] Safepoint "BulkRevokeBias", Time since last: 21891711 ns, Reaching safepoint: 140767 ns, At safepoint: 677490 ns, Total: 818257 ns
[2020-12-14T23:34:41.043+0000][7][safepoint    ] Safepoint "Cleanup", Time since last: 2000258609 ns, Reaching safepoint: 205558 ns, At safepoint: 11717 ns, Total: 217275 ns
[2020-12-14T23:34:41.053+0000][7][safepoint    ] Safepoint "BulkRevokeBias", Time since last: 8837362 ns, Reaching safepoint: 167179 ns, At safepoint: 1018397 ns, Total: 1185576 ns
[2020-12-14T23:34:41.066+0000][7][safepoint    ] Safepoint "BulkRevokeBias", Time since last: 11779888 ns, Reaching safepoint: 121361 ns, At safepoint: 1453233 ns, Total: 1574594 ns
[2020-12-14T23:34:41.237+0000][7][safepoint    ] Safepoint "BulkRevokeBias", Time since last: 170293387 ns, Reaching safepoint: 85061 ns, At safepoint: 420187 ns, Total: 505248 ns
[2020-12-14T23:34:41.252+0000][7][gc,heap,exit ] Heap
[2020-12-14T23:34:41.252+0000][7][gc,heap,exit ]  garbage-first heap   total 800768K, used 544715K [0x00000000c0000000, 0x0000000100000000)
[2020-12-14T23:34:41.252+0000][7][gc,heap,exit ]   region size 1024K, 371 young (379904K), 15 survivors (15360K)
[2020-12-14T23:34:41.252+0000][7][gc,heap,exit ]  Metaspace       used 69229K, capacity 73787K, committed 74052K, reserved 1112064K
[2020-12-14T23:34:41.252+0000][7][gc,heap,exit ]   class space    used 9133K, capacity 11076K, committed 11160K, reserved 1048576K
