[2020-12-14T01:27:03.006+0000][6][gc,heap] Heap region size: 1M
[2020-12-14T01:27:03.006+0000][6][gc,heap,coops] Heap address: 0x00000000c0000000, size: 1024 MB, Compressed Oops mode: 32-bit
[2020-12-14T01:27:03.034+0000][6][gc           ] Using G1
[2020-12-14T01:27:03.034+0000][6][gc,cds       ] Mark closed archive regions in map: [0x00000000fff00000, 0x00000000fff7eff8]
[2020-12-14T01:27:03.034+0000][6][gc,cds       ] Mark open archive regions in map: [0x00000000ffe00000, 0x00000000ffe51ff8]
[2020-12-14T01:27:03.045+0000][6][gc           ] Periodic GC disabled
[2020-12-14T01:27:03.426+0000][6][gc,start     ] GC(0) Pause Young (Normal) (G1 Evacuation Pause)
[2020-12-14T01:27:03.427+0000][6][gc,task      ] GC(0) Using 6 workers of 10 for evacuation
[2020-12-14T01:27:03.427+0000][6][gc,age       ] GC(0) Desired survivor size 1572864 bytes, new threshold 15 (max threshold 15)
[2020-12-14T01:27:03.429+0000][6][gc,age       ] GC(0) Age table with threshold 15 (max threshold 15)
[2020-12-14T01:27:03.429+0000][6][gc,age       ] GC(0) - age   1:    2784664 bytes,    2784664 total
[2020-12-14T01:27:03.429+0000][6][gc,phases    ] GC(0)   Pre Evacuate Collection Set: 0.1ms
[2020-12-14T01:27:03.429+0000][6][gc,phases    ] GC(0)   Merge Heap Roots: 0.0ms
[2020-12-14T01:27:03.429+0000][6][gc,phases    ] GC(0)   Evacuate Collection Set: 1.7ms
[2020-12-14T01:27:03.429+0000][6][gc,phases    ] GC(0)   Post Evacuate Collection Set: 0.4ms
[2020-12-14T01:27:03.429+0000][6][gc,phases    ] GC(0)   Other: 0.7ms
[2020-12-14T01:27:03.429+0000][6][gc,heap      ] GC(0) Eden regions: 23->0(35)
[2020-12-14T01:27:03.429+0000][6][gc,heap      ] GC(0) Survivor regions: 0->3(3)
[2020-12-14T01:27:03.429+0000][6][gc,heap      ] GC(0) Old regions: 0->0
[2020-12-14T01:27:03.429+0000][6][gc,heap      ] GC(0) Archive regions: 2->2
[2020-12-14T01:27:03.429+0000][6][gc,heap      ] GC(0) Humongous regions: 1->1
[2020-12-14T01:27:03.429+0000][6][gc,metaspace ] GC(0) Metaspace: 6234K(8704K)->6234K(8704K) NonClass: 5529K(7680K)->5529K(7680K) Class: 705K(1024K)->705K(1024K)
[2020-12-14T01:27:03.429+0000][6][gc           ] GC(0) Pause Young (Normal) (G1 Evacuation Pause) 24M->4M(258M) 2.872ms
[2020-12-14T01:27:03.429+0000][6][gc,cpu       ] GC(0) User=0.01s Sys=0.00s Real=0.00s
[2020-12-14T01:27:03.429+0000][6][safepoint    ] Safepoint "G1CollectForAllocation", Time since last: 385845667 ns, Reaching safepoint: 112001 ns, At safepoint: 2951468 ns, Total: 3063469 ns
[2020-12-14T01:27:04.105+0000][6][safepoint    ] Safepoint "ICBufferFull", Time since last: 675249522 ns, Reaching safepoint: 120434 ns, At safepoint: 7262 ns, Total: 127696 ns
[2020-12-14T01:27:04.293+0000][6][gc,start     ] GC(1) Pause Young (Normal) (G1 Evacuation Pause)
[2020-12-14T01:27:04.293+0000][6][gc,task      ] GC(1) Using 6 workers of 10 for evacuation
[2020-12-14T01:27:04.293+0000][6][gc,age       ] GC(1) Desired survivor size 2621440 bytes, new threshold 1 (max threshold 15)
[2020-12-14T01:27:04.296+0000][6][gc,age       ] GC(1) Age table with threshold 1 (max threshold 15)
[2020-12-14T01:27:04.296+0000][6][gc,age       ] GC(1) - age   1:    3265776 bytes,    3265776 total
[2020-12-14T01:27:04.296+0000][6][gc,phases    ] GC(1)   Pre Evacuate Collection Set: 0.0ms
[2020-12-14T01:27:04.296+0000][6][gc,phases    ] GC(1)   Merge Heap Roots: 0.0ms
[2020-12-14T01:27:04.296+0000][6][gc,phases    ] GC(1)   Evacuate Collection Set: 2.6ms
[2020-12-14T01:27:04.296+0000][6][gc,phases    ] GC(1)   Post Evacuate Collection Set: 0.4ms
[2020-12-14T01:27:04.296+0000][6][gc,phases    ] GC(1)   Other: 0.1ms
[2020-12-14T01:27:04.296+0000][6][gc,heap      ] GC(1) Eden regions: 35->0(94)
[2020-12-14T01:27:04.296+0000][6][gc,heap      ] GC(1) Survivor regions: 3->4(5)
[2020-12-14T01:27:04.296+0000][6][gc,heap      ] GC(1) Old regions: 0->3
[2020-12-14T01:27:04.296+0000][6][gc,heap      ] GC(1) Archive regions: 2->2
[2020-12-14T01:27:04.296+0000][6][gc,heap      ] GC(1) Humongous regions: 1->1
[2020-12-14T01:27:04.296+0000][6][gc,metaspace ] GC(1) Metaspace: 13492K(14208K)->13492K(14208K) NonClass: 11845K(12288K)->11845K(12288K) Class: 1647K(1920K)->1647K(1920K)
[2020-12-14T01:27:04.296+0000][6][gc           ] GC(1) Pause Young (Normal) (G1 Evacuation Pause) 39M->7M(258M) 3.302ms
[2020-12-14T01:27:04.296+0000][6][gc,cpu       ] GC(1) User=0.03s Sys=0.00s Real=0.01s
[2020-12-14T01:27:04.296+0000][6][safepoint    ] Safepoint "G1CollectForAllocation", Time since last: 187784929 ns, Reaching safepoint: 82909 ns, At safepoint: 3361184 ns, Total: 3444093 ns
[2020-12-14T01:27:04.690+0000][6][gc,start     ] GC(2) Pause Young (Normal) (G1 Evacuation Pause)
[2020-12-14T01:27:04.690+0000][6][gc,task      ] GC(2) Using 6 workers of 10 for evacuation
[2020-12-14T01:27:04.690+0000][6][gc,age       ] GC(2) Desired survivor size 6815744 bytes, new threshold 15 (max threshold 15)
[2020-12-14T01:27:04.693+0000][6][gc,age       ] GC(2) Age table with threshold 15 (max threshold 15)
[2020-12-14T01:27:04.693+0000][6][gc,age       ] GC(2) - age   1:    4075760 bytes,    4075760 total
[2020-12-14T01:27:04.693+0000][6][gc,age       ] GC(2) - age   2:    1974936 bytes,    6050696 total
[2020-12-14T01:27:04.693+0000][6][gc,phases    ] GC(2)   Pre Evacuate Collection Set: 0.1ms
[2020-12-14T01:27:04.693+0000][6][gc,phases    ] GC(2)   Merge Heap Roots: 0.0ms
[2020-12-14T01:27:04.693+0000][6][gc,phases    ] GC(2)   Evacuate Collection Set: 2.6ms
[2020-12-14T01:27:04.693+0000][6][gc,phases    ] GC(2)   Post Evacuate Collection Set: 0.4ms
[2020-12-14T01:27:04.693+0000][6][gc,phases    ] GC(2)   Other: 0.2ms
[2020-12-14T01:27:04.693+0000][6][gc,heap      ] GC(2) Eden regions: 94->0(147)
[2020-12-14T01:27:04.693+0000][6][gc,heap      ] GC(2) Survivor regions: 4->6(13)
[2020-12-14T01:27:04.693+0000][6][gc,heap      ] GC(2) Old regions: 3->3
[2020-12-14T01:27:04.693+0000][6][gc,heap      ] GC(2) Archive regions: 2->2
[2020-12-14T01:27:04.693+0000][6][gc,heap      ] GC(2) Humongous regions: 2->1
[2020-12-14T01:27:04.693+0000][6][gc,metaspace ] GC(2) Metaspace: 15925K(16640K)->15925K(16640K) NonClass: 13955K(14336K)->13955K(14336K) Class: 1969K(2304K)->1969K(2304K)
[2020-12-14T01:27:04.693+0000][6][gc           ] GC(2) Pause Young (Normal) (G1 Evacuation Pause) 102M->10M(258M) 3.254ms
[2020-12-14T01:27:04.693+0000][6][gc,cpu       ] GC(2) User=0.02s Sys=0.00s Real=0.00s
[2020-12-14T01:27:04.693+0000][6][safepoint    ] Safepoint "G1CollectForAllocation", Time since last: 393919873 ns, Reaching safepoint: 120758 ns, At safepoint: 3314859 ns, Total: 3435617 ns
[2020-12-14T01:27:04.693+0000][6][safepoint    ] Safepoint "BulkRevokeBias", Time since last: 85237 ns, Reaching safepoint: 29394 ns, At safepoint: 54332 ns, Total: 83726 ns
[2020-12-14T01:27:04.694+0000][6][safepoint    ] Safepoint "BulkRevokeBias", Time since last: 502372 ns, Reaching safepoint: 89704 ns, At safepoint: 27944 ns, Total: 117648 ns
[2020-12-14T01:27:04.694+0000][6][safepoint    ] Safepoint "BulkRevokeBias", Time since last: 28814 ns, Reaching safepoint: 58440 ns, At safepoint: 34093 ns, Total: 92533 ns
[2020-12-14T01:27:05.011+0000][6][safepoint    ] Safepoint "ICBufferFull", Time since last: 316729252 ns, Reaching safepoint: 133970 ns, At safepoint: 7187 ns, Total: 141157 ns
[2020-12-14T01:27:05.016+0000][6][gc,start     ] GC(3) Pause Young (Normal) (G1 Evacuation Pause)
[2020-12-14T01:27:05.016+0000][6][gc,task      ] GC(3) Using 6 workers of 10 for evacuation
[2020-12-14T01:27:05.016+0000][6][gc,age       ] GC(3) Desired survivor size 10485760 bytes, new threshold 15 (max threshold 15)
[2020-12-14T01:27:05.020+0000][6][gc,age       ] GC(3) Age table with threshold 15 (max threshold 15)
[2020-12-14T01:27:05.020+0000][6][gc,age       ] GC(3) - age   1:    3041688 bytes,    3041688 total
[2020-12-14T01:27:05.020+0000][6][gc,age       ] GC(3) - age   2:    1926760 bytes,    4968448 total
[2020-12-14T01:27:05.020+0000][6][gc,age       ] GC(3) - age   3:    1974880 bytes,    6943328 total
[2020-12-14T01:27:05.020+0000][6][gc,phases    ] GC(3)   Pre Evacuate Collection Set: 0.1ms
[2020-12-14T01:27:05.020+0000][6][gc,phases    ] GC(3)   Merge Heap Roots: 0.0ms
[2020-12-14T01:27:05.020+0000][6][gc,phases    ] GC(3)   Evacuate Collection Set: 3.3ms
[2020-12-14T01:27:05.020+0000][6][gc,phases    ] GC(3)   Post Evacuate Collection Set: 0.4ms
[2020-12-14T01:27:05.020+0000][6][gc,phases    ] GC(3)   Other: 0.2ms
[2020-12-14T01:27:05.020+0000][6][gc,heap      ] GC(3) Eden regions: 147->0(146)
[2020-12-14T01:27:05.020+0000][6][gc,heap      ] GC(3) Survivor regions: 6->7(20)
[2020-12-14T01:27:05.020+0000][6][gc,heap      ] GC(3) Old regions: 3->3
[2020-12-14T01:27:05.020+0000][6][gc,heap      ] GC(3) Archive regions: 2->2
[2020-12-14T01:27:05.020+0000][6][gc,heap      ] GC(3) Humongous regions: 1->1
[2020-12-14T01:27:05.020+0000][6][gc,metaspace ] GC(3) Metaspace: 16631K(17536K)->16631K(17536K) NonClass: 14590K(15104K)->14590K(15104K) Class: 2040K(2432K)->2040K(2432K)
[2020-12-14T01:27:05.020+0000][6][gc           ] GC(3) Pause Young (Normal) (G1 Evacuation Pause) 157M->11M(258M) 4.058ms
[2020-12-14T01:27:05.020+0000][6][gc,cpu       ] GC(3) User=0.02s Sys=0.00s Real=0.00s
[2020-12-14T01:27:05.020+0000][6][safepoint    ] Safepoint "G1CollectForAllocation", Time since last: 4522325 ns, Reaching safepoint: 102285 ns, At safepoint: 4117195 ns, Total: 4219480 ns
[2020-12-14T01:27:05.285+0000][6][gc,start     ] GC(4) Pause Young (Normal) (G1 Evacuation Pause)
[2020-12-14T01:27:05.285+0000][6][gc,task      ] GC(4) Using 6 workers of 10 for evacuation
[2020-12-14T01:27:05.285+0000][6][gc,age       ] GC(4) Desired survivor size 10485760 bytes, new threshold 15 (max threshold 15)
[2020-12-14T01:27:05.288+0000][6][gc,age       ] GC(4) Age table with threshold 15 (max threshold 15)
[2020-12-14T01:27:05.288+0000][6][gc,age       ] GC(4) - age   1:    1287856 bytes,    1287856 total
[2020-12-14T01:27:05.288+0000][6][gc,age       ] GC(4) - age   2:    2130368 bytes,    3418224 total
[2020-12-14T01:27:05.288+0000][6][gc,age       ] GC(4) - age   3:    1916448 bytes,    5334672 total
[2020-12-14T01:27:05.288+0000][6][gc,age       ] GC(4) - age   4:    1974128 bytes,    7308800 total
[2020-12-14T01:27:05.288+0000][6][gc,phases    ] GC(4)   Pre Evacuate Collection Set: 0.1ms
[2020-12-14T01:27:05.288+0000][6][gc,phases    ] GC(4)   Merge Heap Roots: 0.0ms
[2020-12-14T01:27:05.288+0000][6][gc,phases    ] GC(4)   Evacuate Collection Set: 2.7ms
[2020-12-14T01:27:05.288+0000][6][gc,phases    ] GC(4)   Post Evacuate Collection Set: 0.5ms
[2020-12-14T01:27:05.288+0000][6][gc,phases    ] GC(4)   Other: 0.2ms
[2020-12-14T01:27:05.288+0000][6][gc,heap      ] GC(4) Eden regions: 146->0(145)
[2020-12-14T01:27:05.288+0000][6][gc,heap      ] GC(4) Survivor regions: 7->8(20)
[2020-12-14T01:27:05.288+0000][6][gc,heap      ] GC(4) Old regions: 3->3
[2020-12-14T01:27:05.288+0000][6][gc,heap      ] GC(4) Archive regions: 2->2
[2020-12-14T01:27:05.288+0000][6][gc,heap      ] GC(4) Humongous regions: 1->1
[2020-12-14T01:27:05.288+0000][6][gc,metaspace ] GC(4) Metaspace: 18024K(18944K)->18024K(18944K) NonClass: 15840K(16384K)->15840K(16384K) Class: 2183K(2560K)->2183K(2560K)
[2020-12-14T01:27:05.288+0000][6][gc           ] GC(4) Pause Young (Normal) (G1 Evacuation Pause) 157M->12M(258M) 3.666ms
[2020-12-14T01:27:05.288+0000][6][gc,cpu       ] GC(4) User=0.03s Sys=0.00s Real=0.00s
[2020-12-14T01:27:05.288+0000][6][safepoint    ] Safepoint "G1CollectForAllocation", Time since last: 264872524 ns, Reaching safepoint: 150172 ns, At safepoint: 3738706 ns, Total: 3888878 ns
[2020-12-14T01:27:05.289+0000][6][safepoint    ] Safepoint "BulkRevokeBias", Time since last: 91399 ns, Reaching safepoint: 102742 ns, At safepoint: 75538 ns, Total: 178280 ns
[2020-12-14T01:27:05.291+0000][6][safepoint    ] Safepoint "BulkRevokeBias", Time since last: 2038769 ns, Reaching safepoint: 98487 ns, At safepoint: 56750 ns, Total: 155237 ns
[2020-12-14T01:27:05.291+0000][6][safepoint    ] Safepoint "BulkRevokeBias", Time since last: 39640 ns, Reaching safepoint: 31031 ns, At safepoint: 65107 ns, Total: 96138 ns
[2020-12-14T01:27:05.412+0000][6][gc,start     ] GC(5) Pause Young (Concurrent Start) (Metadata GC Threshold)
[2020-12-14T01:27:05.412+0000][6][gc,task      ] GC(5) Using 6 workers of 10 for evacuation
[2020-12-14T01:27:05.412+0000][6][gc,age       ] GC(5) Desired survivor size 10485760 bytes, new threshold 15 (max threshold 15)
[2020-12-14T01:27:05.417+0000][6][gc,age       ] GC(5) Age table with threshold 15 (max threshold 15)
[2020-12-14T01:27:05.417+0000][6][gc,age       ] GC(5) - age   1:     277536 bytes,     277536 total
[2020-12-14T01:27:05.417+0000][6][gc,age       ] GC(5) - age   2:    1225672 bytes,    1503208 total
[2020-12-14T01:27:05.417+0000][6][gc,age       ] GC(5) - age   3:    2130336 bytes,    3633544 total
[2020-12-14T01:27:05.417+0000][6][gc,age       ] GC(5) - age   4:    1916208 bytes,    5549752 total
[2020-12-14T01:27:05.417+0000][6][gc,age       ] GC(5) - age   5:    1973672 bytes,    7523424 total
[2020-12-14T01:27:05.417+0000][6][gc,phases    ] GC(5)   Pre Evacuate Collection Set: 0.1ms
[2020-12-14T01:27:05.417+0000][6][gc,phases    ] GC(5)   Merge Heap Roots: 0.0ms
[2020-12-14T01:27:05.417+0000][6][gc,phases    ] GC(5)   Evacuate Collection Set: 3.4ms
[2020-12-14T01:27:05.417+0000][6][gc,phases    ] GC(5)   Post Evacuate Collection Set: 0.5ms
[2020-12-14T01:27:05.417+0000][6][gc,phases    ] GC(5)   Other: 0.3ms
[2020-12-14T01:27:05.417+0000][6][gc,heap      ] GC(5) Eden regions: 12->0(145)
[2020-12-14T01:27:05.417+0000][6][gc,heap      ] GC(5) Survivor regions: 8->8(20)
[2020-12-14T01:27:05.417+0000][6][gc,heap      ] GC(5) Old regions: 3->3
[2020-12-14T01:27:05.417+0000][6][gc,heap      ] GC(5) Archive regions: 2->2
[2020-12-14T01:27:05.417+0000][6][gc,heap      ] GC(5) Humongous regions: 1->1
[2020-12-14T01:27:05.417+0000][6][gc,metaspace ] GC(5) Metaspace: 20219K(21248K)->20219K(21248K) NonClass: 17791K(18432K)->17791K(18432K) Class: 2427K(2816K)->2427K(2816K)
[2020-12-14T01:27:05.417+0000][6][gc           ] GC(5) Pause Young (Concurrent Start) (Metadata GC Threshold) 23M->12M(258M) 4.501ms
[2020-12-14T01:27:05.417+0000][6][gc,cpu       ] GC(5) User=0.03s Sys=0.00s Real=0.01s
[2020-12-14T01:27:05.417+0000][6][gc           ] GC(6) Concurrent Cycle
[2020-12-14T01:27:05.417+0000][6][gc,marking   ] GC(6) Concurrent Clear Claimed Marks
[2020-12-14T01:27:05.417+0000][6][gc,marking   ] GC(6) Concurrent Clear Claimed Marks 0.049ms
[2020-12-14T01:27:05.417+0000][6][gc,marking   ] GC(6) Concurrent Scan Root Regions
[2020-12-14T01:27:05.417+0000][6][safepoint    ] Safepoint "CollectForMetadataAllocation", Time since last: 121024298 ns, Reaching safepoint: 145681 ns, At safepoint: 4734945 ns, Total: 4880626 ns
[2020-12-14T01:27:05.419+0000][6][gc,marking   ] GC(6) Concurrent Scan Root Regions 1.775ms
[2020-12-14T01:27:05.419+0000][6][gc,marking   ] GC(6) Concurrent Mark (2.418s)
[2020-12-14T01:27:05.419+0000][6][gc,marking   ] GC(6) Concurrent Mark From Roots
[2020-12-14T01:27:05.419+0000][6][gc,task      ] GC(6) Using 3 workers of 3 for marking
[2020-12-14T01:27:05.422+0000][6][gc,marking   ] GC(6) Concurrent Mark From Roots 3.443ms
[2020-12-14T01:27:05.422+0000][6][gc,marking   ] GC(6) Concurrent Preclean
[2020-12-14T01:27:05.423+0000][6][gc,marking   ] GC(6) Concurrent Preclean 0.317ms
[2020-12-14T01:27:05.423+0000][6][gc,marking   ] GC(6) Concurrent Mark (2.418s, 2.422s) 3.801ms
[2020-12-14T01:27:05.423+0000][6][gc,start     ] GC(6) Pause Remark
[2020-12-14T01:27:05.424+0000][6][gc           ] GC(6) Pause Remark 12M->12M(256M) 1.551ms
[2020-12-14T01:27:05.424+0000][6][gc,cpu       ] GC(6) User=0.01s Sys=0.00s Real=0.01s
[2020-12-14T01:27:05.424+0000][6][safepoint    ] Safepoint "G1Concurrent", Time since last: 5555709 ns, Reaching safepoint: 169281 ns, At safepoint: 1608461 ns, Total: 1777742 ns
[2020-12-14T01:27:05.424+0000][6][gc,marking   ] GC(6) Concurrent Rebuild Remembered Sets
[2020-12-14T01:27:05.426+0000][6][gc,marking   ] GC(6) Concurrent Rebuild Remembered Sets 1.596ms
[2020-12-14T01:27:05.426+0000][6][gc,start     ] GC(6) Pause Cleanup
[2020-12-14T01:27:05.426+0000][6][gc           ] GC(6) Pause Cleanup 12M->12M(256M) 0.080ms
[2020-12-14T01:27:05.426+0000][6][gc,cpu       ] GC(6) User=0.00s Sys=0.00s Real=0.00s
[2020-12-14T01:27:05.427+0000][6][safepoint    ] Safepoint "G1Concurrent", Time since last: 1652838 ns, Reaching safepoint: 411106 ns, At safepoint: 124254 ns, Total: 535360 ns
[2020-12-14T01:27:05.427+0000][6][gc,marking   ] GC(6) Concurrent Cleanup for Next Mark
[2020-12-14T01:27:05.427+0000][6][gc,marking   ] GC(6) Concurrent Cleanup for Next Mark 0.210ms
[2020-12-14T01:27:05.427+0000][6][gc           ] GC(6) Concurrent Cycle 9.946ms
[2020-12-14T01:27:06.203+0000][6][safepoint    ] Safepoint "ICBufferFull", Time since last: 775752559 ns, Reaching safepoint: 265417 ns, At safepoint: 14488 ns, Total: 279905 ns
[2020-12-14T01:27:06.521+0000][6][gc,start     ] GC(7) Pause Young (Normal) (G1 Evacuation Pause)
[2020-12-14T01:27:06.521+0000][6][gc,task      ] GC(7) Using 6 workers of 10 for evacuation
[2020-12-14T01:27:06.521+0000][6][gc,age       ] GC(7) Desired survivor size 10485760 bytes, new threshold 15 (max threshold 15)
[2020-12-14T01:27:06.541+0000][6][gc,age       ] GC(7) Age table with threshold 15 (max threshold 15)
[2020-12-14T01:27:06.541+0000][6][gc,age       ] GC(7) - age   1:   13464648 bytes,   13464648 total
[2020-12-14T01:27:06.541+0000][6][gc,age       ] GC(7) - age   2:     264800 bytes,   13729448 total
[2020-12-14T01:27:06.541+0000][6][gc,age       ] GC(7) - age   3:    1219152 bytes,   14948600 total
[2020-12-14T01:27:06.541+0000][6][gc,age       ] GC(7) - age   4:    2127992 bytes,   17076592 total
[2020-12-14T01:27:06.541+0000][6][gc,age       ] GC(7) - age   5:    1911448 bytes,   18988040 total
[2020-12-14T01:27:06.541+0000][6][gc,age       ] GC(7) - age   6:    1943000 bytes,   20931040 total
[2020-12-14T01:27:06.541+0000][6][gc,phases    ] GC(7)   Pre Evacuate Collection Set: 0.1ms
[2020-12-14T01:27:06.541+0000][6][gc,phases    ] GC(7)   Merge Heap Roots: 0.1ms
[2020-12-14T01:27:06.541+0000][6][gc,phases    ] GC(7)   Evacuate Collection Set: 18.1ms
[2020-12-14T01:27:06.541+0000][6][gc,phases    ] GC(7)   Post Evacuate Collection Set: 1.1ms
[2020-12-14T01:27:06.541+0000][6][gc,phases    ] GC(7)   Other: 0.3ms
[2020-12-14T01:27:06.541+0000][6][gc,heap      ] GC(7) Eden regions: 145->0(132)
[2020-12-14T01:27:06.541+0000][6][gc,heap      ] GC(7) Survivor regions: 8->20(20)
[2020-12-14T01:27:06.541+0000][6][gc,heap      ] GC(7) Old regions: 3->9
[2020-12-14T01:27:06.541+0000][6][gc,heap      ] GC(7) Archive regions: 2->2
[2020-12-14T01:27:06.541+0000][6][gc,heap      ] GC(7) Humongous regions: 1->1
[2020-12-14T01:27:06.541+0000][6][gc,metaspace ] GC(7) Metaspace: 24803K(26492K)->24803K(26492K) NonClass: 21719K(22784K)->21719K(22784K) Class: 3084K(3708K)->3084K(3708K)
[2020-12-14T01:27:06.541+0000][6][gc           ] GC(7) Pause Young (Normal) (G1 Evacuation Pause) 157M->29M(256M) 19.773ms
[2020-12-14T01:27:06.541+0000][6][gc,cpu       ] GC(7) User=0.16s Sys=0.00s Real=0.02s
[2020-12-14T01:27:06.541+0000][6][safepoint    ] Safepoint "G1CollectForAllocation", Time since last: 318461826 ns, Reaching safepoint: 154818 ns, At safepoint: 19883286 ns, Total: 20038104 ns
[2020-12-14T01:27:07.141+0000][6][safepoint    ] Safepoint "ICBufferFull", Time since last: 599590358 ns, Reaching safepoint: 228310 ns, At safepoint: 11634 ns, Total: 239944 ns
[2020-12-14T01:27:07.354+0000][6][gc,start     ] GC(8) Pause Young (Concurrent Start) (Metadata GC Threshold)
[2020-12-14T01:27:07.354+0000][6][gc,task      ] GC(8) Using 6 workers of 10 for evacuation
[2020-12-14T01:27:07.355+0000][6][gc,age       ] GC(8) Desired survivor size 9961472 bytes, new threshold 1 (max threshold 15)
[2020-12-14T01:27:07.379+0000][6][gc,age       ] GC(8) Age table with threshold 1 (max threshold 15)
[2020-12-14T01:27:07.379+0000][6][gc,age       ] GC(8) - age   1:   10184840 bytes,   10184840 total
[2020-12-14T01:27:07.379+0000][6][gc,phases    ] GC(8)   Pre Evacuate Collection Set: 0.2ms
[2020-12-14T01:27:07.379+0000][6][gc,phases    ] GC(8)   Merge Heap Roots: 0.3ms
[2020-12-14T01:27:07.379+0000][6][gc,phases    ] GC(8)   Evacuate Collection Set: 23.0ms
[2020-12-14T01:27:07.379+0000][6][gc,phases    ] GC(8)   Post Evacuate Collection Set: 0.8ms
[2020-12-14T01:27:07.379+0000][6][gc,phases    ] GC(8)   Other: 0.3ms
[2020-12-14T01:27:07.379+0000][6][gc,heap      ] GC(8) Eden regions: 105->0(121)
[2020-12-14T01:27:07.379+0000][6][gc,heap      ] GC(8) Survivor regions: 20->11(19)
[2020-12-14T01:27:07.379+0000][6][gc,heap      ] GC(8) Old regions: 9->29
[2020-12-14T01:27:07.379+0000][6][gc,heap      ] GC(8) Archive regions: 2->2
[2020-12-14T01:27:07.379+0000][6][gc,heap      ] GC(8) Humongous regions: 1->1
[2020-12-14T01:27:07.379+0000][6][gc,metaspace ] GC(8) Metaspace: 33714K(36048K)->33714K(36048K) NonClass: 29288K(30720K)->29288K(30720K) Class: 4426K(5328K)->4426K(5328K)
[2020-12-14T01:27:07.379+0000][6][gc           ] GC(8) Pause Young (Concurrent Start) (Metadata GC Threshold) 134M->40M(256M) 24.718ms
[2020-12-14T01:27:07.379+0000][6][gc,cpu       ] GC(8) User=0.14s Sys=0.00s Real=0.02s
[2020-12-14T01:27:07.379+0000][6][gc           ] GC(9) Concurrent Cycle
[2020-12-14T01:27:07.379+0000][6][gc,marking   ] GC(9) Concurrent Clear Claimed Marks
[2020-12-14T01:27:07.379+0000][6][gc,marking   ] GC(9) Concurrent Clear Claimed Marks 0.152ms
[2020-12-14T01:27:07.379+0000][6][safepoint    ] Safepoint "CollectForMetadataAllocation", Time since last: 213297382 ns, Reaching safepoint: 213925 ns, At safepoint: 25004358 ns, Total: 25218283 ns
[2020-12-14T01:27:07.379+0000][6][gc,marking   ] GC(9) Concurrent Scan Root Regions
[2020-12-14T01:27:07.391+0000][6][safepoint    ] Safepoint "CollectForMetadataAllocation", Time since last: 11514187 ns, Reaching safepoint: 61613 ns, At safepoint: 162052 ns, Total: 223665 ns
[2020-12-14T01:27:07.396+0000][6][gc,marking   ] GC(9) Concurrent Scan Root Regions 16.096ms
[2020-12-14T01:27:07.396+0000][6][gc,marking   ] GC(9) Concurrent Mark (4.395s)
[2020-12-14T01:27:07.396+0000][6][gc,marking   ] GC(9) Concurrent Mark From Roots
[2020-12-14T01:27:07.396+0000][6][gc,task      ] GC(9) Using 3 workers of 3 for marking
[2020-12-14T01:27:07.404+0000][6][safepoint    ] Safepoint "CollectForMetadataAllocation", Time since last: 12962516 ns, Reaching safepoint: 120702 ns, At safepoint: 142491 ns, Total: 263193 ns
[2020-12-14T01:27:07.410+0000][6][gc,marking   ] GC(9) Concurrent Mark From Roots 14.585ms
[2020-12-14T01:27:07.410+0000][6][gc,marking   ] GC(9) Concurrent Preclean
[2020-12-14T01:27:07.411+0000][6][gc,marking   ] GC(9) Concurrent Preclean 0.589ms
[2020-12-14T01:27:07.411+0000][6][gc,marking   ] GC(9) Concurrent Mark (4.395s, 4.410s) 15.255ms
[2020-12-14T01:27:07.411+0000][6][gc,start     ] GC(9) Pause Remark
[2020-12-14T01:27:07.413+0000][6][gc           ] GC(9) Pause Remark 43M->43M(256M) 1.790ms
[2020-12-14T01:27:07.413+0000][6][gc,cpu       ] GC(9) User=0.01s Sys=0.01s Real=0.00s
[2020-12-14T01:27:07.413+0000][6][safepoint    ] Safepoint "G1Concurrent", Time since last: 6494101 ns, Reaching safepoint: 113298 ns, At safepoint: 1861265 ns, Total: 1974563 ns
[2020-12-14T01:27:07.413+0000][6][gc,marking   ] GC(9) Concurrent Rebuild Remembered Sets
[2020-12-14T01:27:07.437+0000][6][gc,marking   ] GC(9) Concurrent Rebuild Remembered Sets 23.673ms
[2020-12-14T01:27:07.437+0000][6][gc,start     ] GC(9) Pause Cleanup
[2020-12-14T01:27:07.437+0000][6][gc           ] GC(9) Pause Cleanup 44M->44M(256M) 0.101ms
[2020-12-14T01:27:07.437+0000][6][gc,cpu       ] GC(9) User=0.00s Sys=0.00s Real=0.00s
[2020-12-14T01:27:07.437+0000][6][safepoint    ] Safepoint "G1Concurrent", Time since last: 23810443 ns, Reaching safepoint: 429724 ns, At safepoint: 145733 ns, Total: 575457 ns
[2020-12-14T01:27:07.437+0000][6][gc,marking   ] GC(9) Concurrent Cleanup for Next Mark
[2020-12-14T01:27:07.438+0000][6][gc,marking   ] GC(9) Concurrent Cleanup for Next Mark 0.318ms
[2020-12-14T01:27:07.438+0000][6][gc           ] GC(9) Concurrent Cycle 58.375ms
[2020-12-14T01:27:08.050+0000][6][safepoint    ] Safepoint "ICBufferFull", Time since last: 611254759 ns, Reaching safepoint: 1221140 ns, At safepoint: 16704 ns, Total: 1237844 ns
[2020-12-14T01:27:08.478+0000][6][safepoint    ] Safepoint "BulkRevokeBias", Time since last: 428002443 ns, Reaching safepoint: 395315 ns, At safepoint: 97446 ns, Total: 492761 ns
[2020-12-14T01:27:08.483+0000][6][safepoint    ] Safepoint "BulkRevokeBias", Time since last: 4381693 ns, Reaching safepoint: 124535 ns, At safepoint: 92133 ns, Total: 216668 ns
[2020-12-14T01:27:09.357+0000][6][safepoint    ] Safepoint "BulkRevokeBias", Time since last: 873797840 ns, Reaching safepoint: 271740 ns, At safepoint: 138145 ns, Total: 409885 ns
[2020-12-14T01:27:09.427+0000][6][gc,start     ] GC(10) Pause Young (Concurrent Start) (G1 Evacuation Pause)
[2020-12-14T01:27:09.427+0000][6][gc,task      ] GC(10) Using 6 workers of 10 for evacuation
[2020-12-14T01:27:09.427+0000][6][gc,age       ] GC(10) Desired survivor size 8912896 bytes, new threshold 1 (max threshold 15)
[2020-12-14T01:27:09.444+0000][6][gc,age       ] GC(10) Age table with threshold 1 (max threshold 15)
[2020-12-14T01:27:09.444+0000][6][gc,age       ] GC(10) - age   1:    7035032 bytes,    7035032 total
[2020-12-14T01:27:09.444+0000][6][gc,phases    ] GC(10)   Pre Evacuate Collection Set: 0.5ms
[2020-12-14T01:27:09.444+0000][6][gc,phases    ] GC(10)   Merge Heap Roots: 0.1ms
[2020-12-14T01:27:09.444+0000][6][gc,phases    ] GC(10)   Evacuate Collection Set: 15.1ms
[2020-12-14T01:27:09.444+0000][6][gc,phases    ] GC(10)   Post Evacuate Collection Set: 1.3ms
[2020-12-14T01:27:09.444+0000][6][gc,phases    ] GC(10)   Other: 0.4ms
[2020-12-14T01:27:09.444+0000][6][gc,heap      ] GC(10) Eden regions: 121->0(116)
[2020-12-14T01:27:09.444+0000][6][gc,heap      ] GC(10) Survivor regions: 11->8(17)
[2020-12-14T01:27:09.444+0000][6][gc,heap      ] GC(10) Old regions: 29->39
[2020-12-14T01:27:09.444+0000][6][gc,heap      ] GC(10) Archive regions: 2->2
[2020-12-14T01:27:09.444+0000][6][gc,heap      ] GC(10) Humongous regions: 1->1
[2020-12-14T01:27:09.444+0000][6][gc,metaspace ] GC(10) Metaspace: 56148K(59804K)->56148K(59804K) NonClass: 48691K(50688K)->48691K(50688K) Class: 7457K(9116K)->7457K(9116K)
[2020-12-14T01:27:09.445+0000][6][gc           ] GC(10) Pause Young (Concurrent Start) (G1 Evacuation Pause) 161M->47M(256M) 17.470ms
[2020-12-14T01:27:09.445+0000][6][gc,cpu       ] GC(10) User=0.10s Sys=0.00s Real=0.02s
[2020-12-14T01:27:09.445+0000][6][gc           ] GC(11) Concurrent Cycle
[2020-12-14T01:27:09.445+0000][6][gc,marking   ] GC(11) Concurrent Clear Claimed Marks
[2020-12-14T01:27:09.445+0000][6][safepoint    ] Safepoint "G1CollectForAllocation", Time since last: 69873529 ns, Reaching safepoint: 121406 ns, At safepoint: 17594487 ns, Total: 17715893 ns
[2020-12-14T01:27:09.445+0000][6][gc,marking   ] GC(11) Concurrent Clear Claimed Marks 0.447ms
[2020-12-14T01:27:09.445+0000][6][gc,marking   ] GC(11) Concurrent Scan Root Regions
[2020-12-14T01:27:09.455+0000][6][gc,marking   ] GC(11) Concurrent Scan Root Regions 10.215ms
[2020-12-14T01:27:09.455+0000][6][gc,marking   ] GC(11) Concurrent Mark (6.454s)
[2020-12-14T01:27:09.455+0000][6][gc,marking   ] GC(11) Concurrent Mark From Roots
[2020-12-14T01:27:09.455+0000][6][gc,task      ] GC(11) Using 3 workers of 3 for marking
[2020-12-14T01:27:09.488+0000][6][gc,marking   ] GC(11) Concurrent Mark From Roots 32.179ms
[2020-12-14T01:27:09.488+0000][6][gc,marking   ] GC(11) Concurrent Preclean
[2020-12-14T01:27:09.488+0000][6][gc,marking   ] GC(11) Concurrent Preclean 0.664ms
[2020-12-14T01:27:09.488+0000][6][gc,marking   ] GC(11) Concurrent Mark (6.454s, 6.487s) 32.917ms
[2020-12-14T01:27:09.489+0000][6][gc,start     ] GC(11) Pause Remark
[2020-12-14T01:27:09.491+0000][6][gc           ] GC(11) Pause Remark 49M->49M(256M) 2.843ms
[2020-12-14T01:27:09.491+0000][6][gc,cpu       ] GC(11) User=0.01s Sys=0.00s Real=0.00s
[2020-12-14T01:27:09.491+0000][6][safepoint    ] Safepoint "G1Concurrent", Time since last: 43756167 ns, Reaching safepoint: 217047 ns, At safepoint: 2912528 ns, Total: 3129575 ns
[2020-12-14T01:27:09.492+0000][6][gc,marking   ] GC(11) Concurrent Rebuild Remembered Sets
[2020-12-14T01:27:09.526+0000][6][gc,marking   ] GC(11) Concurrent Rebuild Remembered Sets 34.049ms
[2020-12-14T01:27:09.526+0000][6][gc,start     ] GC(11) Pause Cleanup
[2020-12-14T01:27:09.527+0000][6][gc           ] GC(11) Pause Cleanup 52M->52M(256M) 0.161ms
[2020-12-14T01:27:09.527+0000][6][gc,cpu       ] GC(11) User=0.01s Sys=0.00s Real=0.00s
[2020-12-14T01:27:09.527+0000][6][safepoint    ] Safepoint "G1Concurrent", Time since last: 34203661 ns, Reaching safepoint: 781816 ns, At safepoint: 227251 ns, Total: 1009067 ns
[2020-12-14T01:27:09.527+0000][6][gc,marking   ] GC(11) Concurrent Cleanup for Next Mark
[2020-12-14T01:27:09.527+0000][6][gc,marking   ] GC(11) Concurrent Cleanup for Next Mark 0.551ms
[2020-12-14T01:27:09.527+0000][6][gc           ] GC(11) Concurrent Cycle 82.776ms
[2020-12-14T01:27:09.667+0000][6][safepoint    ] Safepoint "BulkRevokeBias", Time since last: 139955923 ns, Reaching safepoint: 184967 ns, At safepoint: 155305 ns, Total: 340272 ns
[2020-12-14T01:27:10.775+0000][6][safepoint    ] Safepoint "Cleanup", Time since last: 1108122800 ns, Reaching safepoint: 228538 ns, At safepoint: 18174 ns, Total: 246712 ns
[2020-12-14T01:27:10.793+0000][6][safepoint    ] Safepoint "BulkRevokeBias", Time since last: 17467819 ns, Reaching safepoint: 142242 ns, At safepoint: 251132 ns, Total: 393374 ns
[2020-12-14T01:27:10.892+0000][6][safepoint    ] Safepoint "BulkRevokeBias", Time since last: 98711894 ns, Reaching safepoint: 196254 ns, At safepoint: 271932 ns, Total: 468186 ns
[2020-12-14T01:27:10.962+0000][6][safepoint    ] Safepoint "BulkRevokeBias", Time since last: 69484627 ns, Reaching safepoint: 221622 ns, At safepoint: 247202 ns, Total: 468824 ns
[2020-12-14T01:27:11.112+0000][6][gc,start     ] GC(12) Pause Young (Normal) (G1 Evacuation Pause)
[2020-12-14T01:27:11.112+0000][6][gc,task      ] GC(12) Using 6 workers of 10 for evacuation
[2020-12-14T01:27:11.112+0000][6][gc,age       ] GC(12) Desired survivor size 8388608 bytes, new threshold 15 (max threshold 15)
[2020-12-14T01:27:11.148+0000][6][gc,age       ] GC(12) Age table with threshold 15 (max threshold 15)
[2020-12-14T01:27:11.148+0000][6][gc,age       ] GC(12) - age   1:   10824232 bytes,   10824232 total
[2020-12-14T01:27:11.148+0000][6][gc,age       ] GC(12) - age   2:    5941864 bytes,   16766096 total
[2020-12-14T01:27:11.148+0000][6][gc,phases    ] GC(12)   Pre Evacuate Collection Set: 0.1ms
[2020-12-14T01:27:11.148+0000][6][gc,phases    ] GC(12)   Merge Heap Roots: 0.1ms
[2020-12-14T01:27:11.148+0000][6][gc,phases    ] GC(12)   Evacuate Collection Set: 34.8ms
[2020-12-14T01:27:11.148+0000][6][gc,phases    ] GC(12)   Post Evacuate Collection Set: 0.7ms
[2020-12-14T01:27:11.148+0000][6][gc,phases    ] GC(12)   Other: 0.2ms
[2020-12-14T01:27:11.148+0000][6][gc,heap      ] GC(12) Eden regions: 116->0(33)
[2020-12-14T01:27:11.148+0000][6][gc,heap      ] GC(12) Survivor regions: 8->16(16)
[2020-12-14T01:27:11.148+0000][6][gc,heap      ] GC(12) Old regions: 39->76
[2020-12-14T01:27:11.148+0000][6][gc,heap      ] GC(12) Archive regions: 2->2
[2020-12-14T01:27:11.148+0000][6][gc,heap      ] GC(12) Humongous regions: 36->36
[2020-12-14T01:27:11.148+0000][6][gc,metaspace ] GC(12) Metaspace: 61805K(65820K)->61805K(65820K) NonClass: 53568K(55808K)->53568K(55808K) Class: 8237K(10012K)->8237K(10012K)
[2020-12-14T01:27:11.148+0000][6][gc           ] GC(12) Pause Young (Normal) (G1 Evacuation Pause) 198M->127M(256M) 36.009ms
[2020-12-14T01:27:11.148+0000][6][gc,cpu       ] GC(12) User=0.20s Sys=0.00s Real=0.04s
[2020-12-14T01:27:11.148+0000][6][safepoint    ] Safepoint "G1CollectForAllocation", Time since last: 149621769 ns, Reaching safepoint: 71104 ns, At safepoint: 36101315 ns, Total: 36172419 ns
[2020-12-14T01:27:11.165+0000][6][gc,start     ] GC(13) Pause Young (Concurrent Start) (G1 Humongous Allocation)
[2020-12-14T01:27:11.165+0000][6][gc,task      ] GC(13) Using 6 workers of 10 for evacuation
[2020-12-14T01:27:11.165+0000][6][gc,age       ] GC(13) Desired survivor size 3670016 bytes, new threshold 1 (max threshold 15)
[2020-12-14T01:27:11.178+0000][6][gc,age       ] GC(13) Age table with threshold 1 (max threshold 15)
[2020-12-14T01:27:11.178+0000][6][gc,age       ] GC(13) - age   1:    2683840 bytes,    2683840 total
[2020-12-14T01:27:11.178+0000][6][gc,phases    ] GC(13)   Pre Evacuate Collection Set: 0.4ms
[2020-12-14T01:27:11.178+0000][6][gc,phases    ] GC(13)   Merge Heap Roots: 0.1ms
[2020-12-14T01:27:11.178+0000][6][gc,phases    ] GC(13)   Evacuate Collection Set: 11.9ms
[2020-12-14T01:27:11.178+0000][6][gc,phases    ] GC(13)   Post Evacuate Collection Set: 0.3ms
[2020-12-14T01:27:11.178+0000][6][gc,phases    ] GC(13)   Other: 0.2ms
[2020-12-14T01:27:11.178+0000][6][gc,heap      ] GC(13) Eden regions: 4->0(25)
[2020-12-14T01:27:11.178+0000][6][gc,heap      ] GC(13) Survivor regions: 16->4(7)
[2020-12-14T01:27:11.178+0000][6][gc,heap      ] GC(13) Old regions: 76->94
[2020-12-14T01:27:11.178+0000][6][gc,heap      ] GC(13) Archive regions: 2->2
[2020-12-14T01:27:11.178+0000][6][gc,heap      ] GC(13) Humongous regions: 36->36
[2020-12-14T01:27:11.178+0000][6][gc,metaspace ] GC(13) Metaspace: 61805K(65820K)->61805K(65820K) NonClass: 53568K(55808K)->53568K(55808K) Class: 8237K(10012K)->8237K(10012K)
[2020-12-14T01:27:11.178+0000][6][gc           ] GC(13) Pause Young (Concurrent Start) (G1 Humongous Allocation) 131M->133M(256M) 12.931ms
[2020-12-14T01:27:11.178+0000][6][gc,cpu       ] GC(13) User=0.08s Sys=0.00s Real=0.01s
[2020-12-14T01:27:11.178+0000][6][gc           ] GC(14) Concurrent Cycle
[2020-12-14T01:27:11.178+0000][6][safepoint    ] Safepoint "G1TryInitiateConcMark", Time since last: 17208086 ns, Reaching safepoint: 54188 ns, At safepoint: 13012128 ns, Total: 13066316 ns
[2020-12-14T01:27:11.178+0000][6][gc,marking   ] GC(14) Concurrent Clear Claimed Marks
[2020-12-14T01:27:11.179+0000][6][gc,marking   ] GC(14) Concurrent Clear Claimed Marks 0.305ms
[2020-12-14T01:27:11.179+0000][6][gc,marking   ] GC(14) Concurrent Scan Root Regions
[2020-12-14T01:27:11.183+0000][6][gc,marking   ] GC(14) Concurrent Scan Root Regions 4.094ms
[2020-12-14T01:27:11.183+0000][6][gc,marking   ] GC(14) Concurrent Mark (8.182s)
[2020-12-14T01:27:11.183+0000][6][gc,marking   ] GC(14) Concurrent Mark From Roots
[2020-12-14T01:27:11.183+0000][6][gc,task      ] GC(14) Using 3 workers of 3 for marking
[2020-12-14T01:27:11.240+0000][6][gc,marking   ] GC(14) Concurrent Mark From Roots 57.190ms
[2020-12-14T01:27:11.240+0000][6][gc,marking   ] GC(14) Concurrent Preclean
[2020-12-14T01:27:11.241+0000][6][gc,marking   ] GC(14) Concurrent Preclean 0.709ms
[2020-12-14T01:27:11.241+0000][6][gc,marking   ] GC(14) Concurrent Mark (8.182s, 8.240s) 57.976ms
[2020-12-14T01:27:11.241+0000][6][gc,start     ] GC(14) Pause Remark
[2020-12-14T01:27:11.249+0000][6][gc           ] GC(14) Pause Remark 180M->169M(287M) 7.806ms
[2020-12-14T01:27:11.249+0000][6][gc,cpu       ] GC(14) User=0.03s Sys=0.00s Real=0.01s
[2020-12-14T01:27:11.249+0000][6][safepoint    ] Safepoint "G1Concurrent", Time since last: 62478245 ns, Reaching safepoint: 127335 ns, At safepoint: 7884944 ns, Total: 8012279 ns
[2020-12-14T01:27:11.249+0000][6][gc,marking   ] GC(14) Concurrent Rebuild Remembered Sets
[2020-12-14T01:27:11.261+0000][6][gc,start     ] GC(15) Pause Young (Normal) (G1 Evacuation Pause)
[2020-12-14T01:27:11.261+0000][6][gc,task      ] GC(15) Using 6 workers of 10 for evacuation
[2020-12-14T01:27:11.261+0000][6][gc,age       ] GC(15) Desired survivor size 2097152 bytes, new threshold 1 (max threshold 15)
[2020-12-14T01:27:11.265+0000][6][gc,age       ] GC(15) Age table with threshold 1 (max threshold 15)
[2020-12-14T01:27:11.265+0000][6][gc,age       ] GC(15) - age   1:    1591016 bytes,    1591016 total
[2020-12-14T01:27:11.265+0000][6][gc,phases    ] GC(15)   Pre Evacuate Collection Set: 0.1ms
[2020-12-14T01:27:11.265+0000][6][gc,phases    ] GC(15)   Merge Heap Roots: 0.0ms
[2020-12-14T01:27:11.265+0000][6][gc,phases    ] GC(15)   Evacuate Collection Set: 3.4ms
[2020-12-14T01:27:11.265+0000][6][gc,phases    ] GC(15)   Post Evacuate Collection Set: 0.2ms
[2020-12-14T01:27:11.265+0000][6][gc,phases    ] GC(15)   Other: 0.2ms
[2020-12-14T01:27:11.265+0000][6][gc,heap      ] GC(15) Eden regions: 25->0(34)
[2020-12-14T01:27:11.265+0000][6][gc,heap      ] GC(15) Survivor regions: 4->2(4)
[2020-12-14T01:27:11.265+0000][6][gc,heap      ] GC(15) Old regions: 94->98
[2020-12-14T01:27:11.265+0000][6][gc,heap      ] GC(15) Archive regions: 2->2
[2020-12-14T01:27:11.265+0000][6][gc,heap      ] GC(15) Humongous regions: 60->44
[2020-12-14T01:27:11.265+0000][6][gc,metaspace ] GC(15) Metaspace: 61822K(65820K)->61822K(65820K) NonClass: 53583K(55808K)->53583K(55808K) Class: 8238K(10012K)->8238K(10012K)
[2020-12-14T01:27:11.265+0000][6][gc           ] GC(15) Pause Young (Normal) (G1 Evacuation Pause) 182M->144M(287M) 4.024ms
[2020-12-14T01:27:11.265+0000][6][gc,cpu       ] GC(15) User=0.03s Sys=0.00s Real=0.01s
[2020-12-14T01:27:11.265+0000][6][safepoint    ] Safepoint "G1CollectForAllocation", Time since last: 11187012 ns, Reaching safepoint: 825285 ns, At safepoint: 4094374 ns, Total: 4919659 ns
[2020-12-14T01:27:11.291+0000][6][gc,start     ] GC(16) Pause Young (Normal) (G1 Evacuation Pause)
[2020-12-14T01:27:11.291+0000][6][gc,task      ] GC(16) Using 6 workers of 10 for evacuation
[2020-12-14T01:27:11.291+0000][6][gc,age       ] GC(16) Desired survivor size 2621440 bytes, new threshold 15 (max threshold 15)
[2020-12-14T01:27:11.294+0000][6][gc,age       ] GC(16) Age table with threshold 15 (max threshold 15)
[2020-12-14T01:27:11.294+0000][6][gc,age       ] GC(16) - age   1:    2250672 bytes,    2250672 total
[2020-12-14T01:27:11.294+0000][6][gc,age       ] GC(16) - age   2:    1464528 bytes,    3715200 total
[2020-12-14T01:27:11.294+0000][6][gc,phases    ] GC(16)   Pre Evacuate Collection Set: 0.1ms
[2020-12-14T01:27:11.294+0000][6][gc,phases    ] GC(16)   Merge Heap Roots: 0.0ms
[2020-12-14T01:27:11.294+0000][6][gc,phases    ] GC(16)   Evacuate Collection Set: 2.8ms
[2020-12-14T01:27:11.294+0000][6][gc,phases    ] GC(16)   Post Evacuate Collection Set: 0.2ms
[2020-12-14T01:27:11.294+0000][6][gc,phases    ] GC(16)   Other: 0.4ms
[2020-12-14T01:27:11.294+0000][6][gc,heap      ] GC(16) Eden regions: 34->0(36)
[2020-12-14T01:27:11.294+0000][6][gc,heap      ] GC(16) Survivor regions: 2->4(5)
[2020-12-14T01:27:11.294+0000][6][gc,heap      ] GC(16) Old regions: 98->98
[2020-12-14T01:27:11.294+0000][6][gc,heap      ] GC(16) Archive regions: 2->2
[2020-12-14T01:27:11.294+0000][6][gc,heap      ] GC(16) Humongous regions: 44->44
[2020-12-14T01:27:11.294+0000][6][gc,metaspace ] GC(16) Metaspace: 61826K(65820K)->61826K(65820K) NonClass: 53588K(55808K)->53588K(55808K) Class: 8238K(10012K)->8238K(10012K)
[2020-12-14T01:27:11.294+0000][6][gc           ] GC(16) Pause Young (Normal) (G1 Evacuation Pause) 178M->146M(287M) 3.555ms
[2020-12-14T01:27:11.294+0000][6][gc,cpu       ] GC(16) User=0.02s Sys=0.00s Real=0.01s
[2020-12-14T01:27:11.294+0000][6][safepoint    ] Safepoint "G1CollectForAllocation", Time since last: 25360795 ns, Reaching safepoint: 400121 ns, At safepoint: 3629837 ns, Total: 4029958 ns
[2020-12-14T01:27:11.303+0000][6][gc,marking   ] GC(14) Concurrent Rebuild Remembered Sets 54.345ms
[2020-12-14T01:27:11.304+0000][6][gc,start     ] GC(14) Pause Cleanup
[2020-12-14T01:27:11.304+0000][6][gc           ] GC(14) Pause Cleanup 160M->160M(287M) 0.129ms
[2020-12-14T01:27:11.304+0000][6][gc,cpu       ] GC(14) User=0.00s Sys=0.00s Real=0.00s
[2020-12-14T01:27:11.304+0000][6][safepoint    ] Safepoint "G1Concurrent", Time since last: 8964846 ns, Reaching safepoint: 117556 ns, At safepoint: 170112 ns, Total: 287668 ns
[2020-12-14T01:27:11.304+0000][6][gc,marking   ] GC(14) Concurrent Cleanup for Next Mark
[2020-12-14T01:27:11.304+0000][6][gc,marking   ] GC(14) Concurrent Cleanup for Next Mark 0.268ms
[2020-12-14T01:27:11.304+0000][6][gc           ] GC(14) Concurrent Cycle 125.561ms
[2020-12-14T01:27:11.314+0000][6][gc,start     ] GC(17) Pause Young (Concurrent Start) (G1 Humongous Allocation)
[2020-12-14T01:27:11.314+0000][6][gc,task      ] GC(17) Using 6 workers of 10 for evacuation
[2020-12-14T01:27:11.314+0000][6][gc,age       ] GC(17) Desired survivor size 2621440 bytes, new threshold 2 (max threshold 15)
[2020-12-14T01:27:11.319+0000][6][gc,age       ] GC(17) Age table with threshold 2 (max threshold 15)
[2020-12-14T01:27:11.319+0000][6][gc,age       ] GC(17) - age   1:    2257944 bytes,    2257944 total
[2020-12-14T01:27:11.319+0000][6][gc,age       ] GC(17) - age   2:    1965688 bytes,    4223632 total
[2020-12-14T01:27:11.319+0000][6][gc,phases    ] GC(17)   Pre Evacuate Collection Set: 0.4ms
[2020-12-14T01:27:11.319+0000][6][gc,phases    ] GC(17)   Merge Heap Roots: 0.0ms
[2020-12-14T01:27:11.319+0000][6][gc,phases    ] GC(17)   Evacuate Collection Set: 4.2ms
[2020-12-14T01:27:11.319+0000][6][gc,phases    ] GC(17)   Post Evacuate Collection Set: 0.3ms
[2020-12-14T01:27:11.319+0000][6][gc,phases    ] GC(17)   Other: 0.2ms
[2020-12-14T01:27:11.319+0000][6][gc,heap      ] GC(17) Eden regions: 32->0(38)
[2020-12-14T01:27:11.319+0000][6][gc,heap      ] GC(17) Survivor regions: 4->5(5)
[2020-12-14T01:27:11.319+0000][6][gc,heap      ] GC(17) Old regions: 98->100
[2020-12-14T01:27:11.319+0000][6][gc,heap      ] GC(17) Archive regions: 2->2
[2020-12-14T01:27:11.319+0000][6][gc,heap      ] GC(17) Humongous regions: 44->44
[2020-12-14T01:27:11.319+0000][6][gc,metaspace ] GC(17) Metaspace: 61826K(65820K)->61826K(65820K) NonClass: 53588K(55808K)->53588K(55808K) Class: 8238K(10012K)->8238K(10012K)
[2020-12-14T01:27:11.319+0000][6][gc           ] GC(17) Pause Young (Concurrent Start) (G1 Humongous Allocation) 177M->148M(287M) 5.118ms
[2020-12-14T01:27:11.319+0000][6][gc,cpu       ] GC(17) User=0.03s Sys=0.00s Real=0.01s
[2020-12-14T01:27:11.319+0000][6][safepoint    ] Safepoint "G1TryInitiateConcMark", Time since last: 9990591 ns, Reaching safepoint: 61138 ns, At safepoint: 5187617 ns, Total: 5248755 ns
[2020-12-14T01:27:11.319+0000][6][gc           ] GC(18) Concurrent Cycle
[2020-12-14T01:27:11.319+0000][6][gc,marking   ] GC(18) Concurrent Clear Claimed Marks
[2020-12-14T01:27:11.319+0000][6][gc,marking   ] GC(18) Concurrent Clear Claimed Marks 0.298ms
[2020-12-14T01:27:11.319+0000][6][gc,marking   ] GC(18) Concurrent Scan Root Regions
[2020-12-14T01:27:11.320+0000][6][gc,marking   ] GC(18) Concurrent Scan Root Regions 1.187ms
[2020-12-14T01:27:11.320+0000][6][gc,marking   ] GC(18) Concurrent Mark (8.320s)
[2020-12-14T01:27:11.320+0000][6][gc,marking   ] GC(18) Concurrent Mark From Roots
[2020-12-14T01:27:11.320+0000][6][gc,task      ] GC(18) Using 3 workers of 3 for marking
[2020-12-14T01:27:11.339+0000][6][gc,start     ] GC(19) Pause Young (Normal) (G1 Evacuation Pause)
[2020-12-14T01:27:11.339+0000][6][gc,task      ] GC(19) Using 6 workers of 10 for evacuation
[2020-12-14T01:27:11.339+0000][6][gc,age       ] GC(19) Desired survivor size 3145728 bytes, new threshold 2 (max threshold 15)
[2020-12-14T01:27:11.345+0000][6][gc,age       ] GC(19) Age table with threshold 2 (max threshold 15)
[2020-12-14T01:27:11.345+0000][6][gc,age       ] GC(19) - age   1:    2332024 bytes,    2332024 total
[2020-12-14T01:27:11.345+0000][6][gc,age       ] GC(19) - age   2:    1831088 bytes,    4163112 total
[2020-12-14T01:27:11.345+0000][6][gc,phases    ] GC(19)   Pre Evacuate Collection Set: 0.1ms
[2020-12-14T01:27:11.345+0000][6][gc,phases    ] GC(19)   Merge Heap Roots: 0.0ms
[2020-12-14T01:27:11.345+0000][6][gc,phases    ] GC(19)   Evacuate Collection Set: 5.0ms
[2020-12-14T01:27:11.345+0000][6][gc,phases    ] GC(19)   Post Evacuate Collection Set: 0.3ms
[2020-12-14T01:27:11.345+0000][6][gc,phases    ] GC(19)   Other: 0.3ms
[2020-12-14T01:27:11.345+0000][6][gc,heap      ] GC(19) Eden regions: 38->0(38)
[2020-12-14T01:27:11.345+0000][6][gc,heap      ] GC(19) Survivor regions: 5->5(6)
[2020-12-14T01:27:11.345+0000][6][gc,heap      ] GC(19) Old regions: 100->102
[2020-12-14T01:27:11.345+0000][6][gc,heap      ] GC(19) Archive regions: 2->2
[2020-12-14T01:27:11.345+0000][6][gc,heap      ] GC(19) Humongous regions: 45->45
[2020-12-14T01:27:11.345+0000][6][gc,metaspace ] GC(19) Metaspace: 61826K(65820K)->61826K(65820K) NonClass: 53588K(55808K)->53588K(55808K) Class: 8238K(10012K)->8238K(10012K)
[2020-12-14T01:27:11.345+0000][6][gc           ] GC(19) Pause Young (Normal) (G1 Evacuation Pause) 187M->151M(287M) 5.779ms
[2020-12-14T01:27:11.345+0000][6][gc,cpu       ] GC(19) User=0.03s Sys=0.00s Real=0.01s
[2020-12-14T01:27:11.345+0000][6][safepoint    ] Safepoint "G1CollectForAllocation", Time since last: 20052347 ns, Reaching safepoint: 116946 ns, At safepoint: 5885509 ns, Total: 6002455 ns
[2020-12-14T01:27:11.364+0000][6][gc,start     ] GC(20) Pause Young (Normal) (G1 Evacuation Pause)
[2020-12-14T01:27:11.364+0000][6][gc,task      ] GC(20) Using 6 workers of 10 for evacuation
[2020-12-14T01:27:11.364+0000][6][gc,age       ] GC(20) Desired survivor size 3145728 bytes, new threshold 2 (max threshold 15)
[2020-12-14T01:27:11.372+0000][6][gc,age       ] GC(20) Age table with threshold 2 (max threshold 15)
[2020-12-14T01:27:11.372+0000][6][gc,age       ] GC(20) - age   1:    2327816 bytes,    2327816 total
[2020-12-14T01:27:11.372+0000][6][gc,age       ] GC(20) - age   2:    2332024 bytes,    4659840 total
[2020-12-14T01:27:11.372+0000][6][gc,phases    ] GC(20)   Pre Evacuate Collection Set: 0.1ms
[2020-12-14T01:27:11.372+0000][6][gc,phases    ] GC(20)   Merge Heap Roots: 0.1ms
[2020-12-14T01:27:11.372+0000][6][gc,phases    ] GC(20)   Evacuate Collection Set: 8.1ms
[2020-12-14T01:27:11.372+0000][6][gc,phases    ] GC(20)   Post Evacuate Collection Set: 0.3ms
[2020-12-14T01:27:11.372+0000][6][gc,phases    ] GC(20)   Other: 0.3ms
[2020-12-14T01:27:11.373+0000][6][gc,heap      ] GC(20) Eden regions: 38->0(39)
[2020-12-14T01:27:11.373+0000][6][gc,heap      ] GC(20) Survivor regions: 5->5(6)
[2020-12-14T01:27:11.373+0000][6][gc,heap      ] GC(20) Old regions: 102->104
[2020-12-14T01:27:11.373+0000][6][gc,heap      ] GC(20) Archive regions: 2->2
[2020-12-14T01:27:11.373+0000][6][gc,heap      ] GC(20) Humongous regions: 46->46
[2020-12-14T01:27:11.373+0000][6][gc,metaspace ] GC(20) Metaspace: 61826K(65820K)->61826K(65820K) NonClass: 53588K(55808K)->53588K(55808K) Class: 8238K(10012K)->8238K(10012K)
[2020-12-14T01:27:11.373+0000][6][gc           ] GC(20) Pause Young (Normal) (G1 Evacuation Pause) 190M->154M(287M) 8.795ms
[2020-12-14T01:27:11.373+0000][6][gc,cpu       ] GC(20) User=0.04s Sys=0.00s Real=0.01s
[2020-12-14T01:27:11.373+0000][6][safepoint    ] Safepoint "G1CollectForAllocation", Time since last: 18643046 ns, Reaching safepoint: 102493 ns, At safepoint: 8888623 ns, Total: 8991116 ns
[2020-12-14T01:27:11.375+0000][6][gc,marking   ] GC(18) Concurrent Mark From Roots 54.435ms
[2020-12-14T01:27:11.375+0000][6][gc,marking   ] GC(18) Concurrent Preclean
[2020-12-14T01:27:11.375+0000][6][gc,marking   ] GC(18) Concurrent Preclean 0.517ms
[2020-12-14T01:27:11.375+0000][6][gc,marking   ] GC(18) Concurrent Mark (8.320s, 8.375s) 55.015ms
[2020-12-14T01:27:11.376+0000][6][gc,start     ] GC(18) Pause Remark
[2020-12-14T01:27:11.381+0000][6][gc           ] GC(18) Pause Remark 160M->123M(287M) 5.122ms
[2020-12-14T01:27:11.381+0000][6][gc,cpu       ] GC(18) User=0.03s Sys=0.00s Real=0.00s
[2020-12-14T01:27:11.381+0000][6][safepoint    ] Safepoint "G1Concurrent", Time since last: 2905971 ns, Reaching safepoint: 108077 ns, At safepoint: 5201127 ns, Total: 5309204 ns
[2020-12-14T01:27:11.381+0000][6][gc,marking   ] GC(18) Concurrent Rebuild Remembered Sets
[2020-12-14T01:27:11.396+0000][6][gc,start     ] GC(21) Pause Young (Normal) (G1 Evacuation Pause)
[2020-12-14T01:27:11.396+0000][6][gc,task      ] GC(21) Using 6 workers of 10 for evacuation
[2020-12-14T01:27:11.396+0000][6][gc,age       ] GC(21) Desired survivor size 3145728 bytes, new threshold 2 (max threshold 15)
[2020-12-14T01:27:11.403+0000][6][gc,age       ] GC(21) Age table with threshold 2 (max threshold 15)
[2020-12-14T01:27:11.403+0000][6][gc,age       ] GC(21) - age   1:    2386704 bytes,    2386704 total
[2020-12-14T01:27:11.403+0000][6][gc,age       ] GC(21) - age   2:    2327544 bytes,    4714248 total
[2020-12-14T01:27:11.403+0000][6][gc,phases    ] GC(21)   Pre Evacuate Collection Set: 0.1ms
[2020-12-14T01:27:11.403+0000][6][gc,phases    ] GC(21)   Merge Heap Roots: 0.1ms
[2020-12-14T01:27:11.403+0000][6][gc,phases    ] GC(21)   Evacuate Collection Set: 6.7ms
[2020-12-14T01:27:11.403+0000][6][gc,phases    ] GC(21)   Post Evacuate Collection Set: 0.4ms
[2020-12-14T01:27:11.403+0000][6][gc,phases    ] GC(21)   Other: 0.2ms
[2020-12-14T01:27:11.403+0000][6][gc,heap      ] GC(21) Eden regions: 39->0(58)
[2020-12-14T01:27:11.403+0000][6][gc,heap      ] GC(21) Survivor regions: 5->5(6)
[2020-12-14T01:27:11.403+0000][6][gc,heap      ] GC(21) Old regions: 72->74
[2020-12-14T01:27:11.403+0000][6][gc,heap      ] GC(21) Archive regions: 2->2
[2020-12-14T01:27:11.403+0000][6][gc,heap      ] GC(21) Humongous regions: 43->43
[2020-12-14T01:27:11.403+0000][6][gc,metaspace ] GC(21) Metaspace: 61816K(65820K)->61816K(65820K) NonClass: 53582K(55808K)->53582K(55808K) Class: 8233K(10012K)->8233K(10012K)
[2020-12-14T01:27:11.403+0000][6][gc           ] GC(21) Pause Young (Normal) (G1 Evacuation Pause) 158M->122M(287M) 7.517ms
[2020-12-14T01:27:11.403+0000][6][gc,cpu       ] GC(21) User=0.04s Sys=0.00s Real=0.00s
[2020-12-14T01:27:11.403+0000][6][safepoint    ] Safepoint "G1CollectForAllocation", Time since last: 14652312 ns, Reaching safepoint: 413036 ns, At safepoint: 7601951 ns, Total: 8014987 ns
[2020-12-14T01:27:11.416+0000][6][gc,marking   ] GC(18) Concurrent Rebuild Remembered Sets 35.577ms
[2020-12-14T01:27:11.417+0000][6][gc,start     ] GC(18) Pause Cleanup
[2020-12-14T01:27:11.417+0000][6][gc           ] GC(18) Pause Cleanup 152M->152M(287M) 0.132ms
[2020-12-14T01:27:11.417+0000][6][gc,cpu       ] GC(18) User=0.00s Sys=0.00s Real=0.00s
[2020-12-14T01:27:11.417+0000][6][safepoint    ] Safepoint "G1Concurrent", Time since last: 13039202 ns, Reaching safepoint: 115277 ns, At safepoint: 170878 ns, Total: 286155 ns
[2020-12-14T01:27:11.417+0000][6][gc,marking   ] GC(18) Concurrent Cleanup for Next Mark
[2020-12-14T01:27:11.417+0000][6][gc,marking   ] GC(18) Concurrent Cleanup for Next Mark 0.281ms
[2020-12-14T01:27:11.417+0000][6][gc           ] GC(18) Concurrent Cycle 98.202ms
[2020-12-14T01:27:11.429+0000][6][gc,start     ] GC(22) Pause Young (Prepare Mixed) (G1 Evacuation Pause)
[2020-12-14T01:27:11.429+0000][6][gc,task      ] GC(22) Using 6 workers of 10 for evacuation
[2020-12-14T01:27:11.429+0000][6][gc,age       ] GC(22) Desired survivor size 4194304 bytes, new threshold 2 (max threshold 15)
[2020-12-14T01:27:11.437+0000][6][gc,age       ] GC(22) Age table with threshold 2 (max threshold 15)
[2020-12-14T01:27:11.437+0000][6][gc,age       ] GC(22) - age   1:    3544032 bytes,    3544032 total
[2020-12-14T01:27:11.437+0000][6][gc,age       ] GC(22) - age   2:    2386376 bytes,    5930408 total
[2020-12-14T01:27:11.437+0000][6][gc,phases    ] GC(22)   Pre Evacuate Collection Set: 0.1ms
[2020-12-14T01:27:11.437+0000][6][gc,phases    ] GC(22)   Merge Heap Roots: 0.1ms
[2020-12-14T01:27:11.437+0000][6][gc,phases    ] GC(22)   Evacuate Collection Set: 7.2ms
[2020-12-14T01:27:11.437+0000][6][gc,phases    ] GC(22)   Post Evacuate Collection Set: 0.3ms
[2020-12-14T01:27:11.437+0000][6][gc,phases    ] GC(22)   Other: 0.3ms
[2020-12-14T01:27:11.437+0000][6][gc,heap      ] GC(22) Eden regions: 58->0(7)
[2020-12-14T01:27:11.437+0000][6][gc,heap      ] GC(22) Survivor regions: 5->7(8)
[2020-12-14T01:27:11.437+0000][6][gc,heap      ] GC(22) Old regions: 74->77
[2020-12-14T01:27:11.437+0000][6][gc,heap      ] GC(22) Archive regions: 2->2
[2020-12-14T01:27:11.437+0000][6][gc,heap      ] GC(22) Humongous regions: 43->43
[2020-12-14T01:27:11.437+0000][6][gc,metaspace ] GC(22) Metaspace: 61816K(65820K)->61816K(65820K) NonClass: 53582K(55808K)->53582K(55808K) Class: 8233K(10012K)->8233K(10012K)
[2020-12-14T01:27:11.437+0000][6][gc           ] GC(22) Pause Young (Prepare Mixed) (G1 Evacuation Pause) 180M->125M(287M) 7.949ms
[2020-12-14T01:27:11.437+0000][6][gc,cpu       ] GC(22) User=0.04s Sys=0.01s Real=0.01s
[2020-12-14T01:27:11.437+0000][6][safepoint    ] Safepoint "G1CollectForAllocation", Time since last: 12022687 ns, Reaching safepoint: 84162 ns, At safepoint: 8039534 ns, Total: 8123696 ns
[2020-12-14T01:27:11.440+0000][6][gc,start     ] GC(23) Pause Young (Mixed) (G1 Evacuation Pause)
[2020-12-14T01:27:11.440+0000][6][gc,task      ] GC(23) Using 6 workers of 10 for evacuation
[2020-12-14T01:27:11.440+0000][6][gc,age       ] GC(23) Desired survivor size 1048576 bytes, new threshold 1 (max threshold 15)
[2020-12-14T01:27:11.455+0000][6][gc,age       ] GC(23) Age table with threshold 1 (max threshold 15)
[2020-12-14T01:27:11.455+0000][6][gc,age       ] GC(23) - age   1:     436224 bytes,     436224 total
[2020-12-14T01:27:11.455+0000][6][gc,phases    ] GC(23)   Pre Evacuate Collection Set: 0.1ms
[2020-12-14T01:27:11.455+0000][6][gc,phases    ] GC(23)   Merge Heap Roots: 0.1ms
[2020-12-14T01:27:11.455+0000][6][gc,phases    ] GC(23)   Evacuate Collection Set: 14.1ms
[2020-12-14T01:27:11.455+0000][6][gc,phases    ] GC(23)   Post Evacuate Collection Set: 0.4ms
[2020-12-14T01:27:11.455+0000][6][gc,phases    ] GC(23)   Other: 0.2ms
[2020-12-14T01:27:11.455+0000][6][gc,heap      ] GC(23) Eden regions: 7->0(70)
[2020-12-14T01:27:11.455+0000][6][gc,heap      ] GC(23) Survivor regions: 7->1(2)
[2020-12-14T01:27:11.455+0000][6][gc,heap      ] GC(23) Old regions: 77->64
[2020-12-14T01:27:11.455+0000][6][gc,heap      ] GC(23) Archive regions: 2->2
[2020-12-14T01:27:11.455+0000][6][gc,heap      ] GC(23) Humongous regions: 43->43
[2020-12-14T01:27:11.455+0000][6][gc,metaspace ] GC(23) Metaspace: 61817K(65820K)->61817K(65820K) NonClass: 53583K(55808K)->53583K(55808K) Class: 8233K(10012K)->8233K(10012K)
[2020-12-14T01:27:11.455+0000][6][gc           ] GC(23) Pause Young (Mixed) (G1 Evacuation Pause) 132M->108M(287M) 14.874ms
[2020-12-14T01:27:11.455+0000][6][gc,cpu       ] GC(23) User=0.08s Sys=0.00s Real=0.02s
[2020-12-14T01:27:11.455+0000][6][safepoint    ] Safepoint "G1CollectForAllocation", Time since last: 3199565 ns, Reaching safepoint: 52997 ns, At safepoint: 14948557 ns, Total: 15001554 ns
[2020-12-14T01:27:11.466+0000][6][gc,start     ] GC(24) Pause Young (Concurrent Start) (G1 Humongous Allocation)
[2020-12-14T01:27:11.466+0000][6][gc,task      ] GC(24) Using 6 workers of 10 for evacuation
[2020-12-14T01:27:11.466+0000][6][gc,age       ] GC(24) Desired survivor size 4718592 bytes, new threshold 15 (max threshold 15)
[2020-12-14T01:27:11.471+0000][6][gc,age       ] GC(24) Age table with threshold 15 (max threshold 15)
[2020-12-14T01:27:11.471+0000][6][gc,age       ] GC(24) - age   1:    1467216 bytes,    1467216 total
[2020-12-14T01:27:11.471+0000][6][gc,age       ] GC(24) - age   2:     435840 bytes,    1903056 total
[2020-12-14T01:27:11.471+0000][6][gc,phases    ] GC(24)   Pre Evacuate Collection Set: 0.4ms
[2020-12-14T01:27:11.471+0000][6][gc,phases    ] GC(24)   Merge Heap Roots: 0.0ms
[2020-12-14T01:27:11.471+0000][6][gc,phases    ] GC(24)   Evacuate Collection Set: 4.6ms
[2020-12-14T01:27:11.471+0000][6][gc,phases    ] GC(24)   Post Evacuate Collection Set: 0.3ms
[2020-12-14T01:27:11.471+0000][6][gc,phases    ] GC(24)   Other: 0.3ms
[2020-12-14T01:27:11.471+0000][6][gc,heap      ] GC(24) Eden regions: 24->0(73)
[2020-12-14T01:27:11.471+0000][6][gc,heap      ] GC(24) Survivor regions: 1->2(9)
[2020-12-14T01:27:11.471+0000][6][gc,heap      ] GC(24) Old regions: 64->64
[2020-12-14T01:27:11.471+0000][6][gc,heap      ] GC(24) Archive regions: 2->2
[2020-12-14T01:27:11.471+0000][6][gc,heap      ] GC(24) Humongous regions: 43->43
[2020-12-14T01:27:11.471+0000][6][gc,metaspace ] GC(24) Metaspace: 61817K(65820K)->61817K(65820K) NonClass: 53583K(55808K)->53583K(55808K) Class: 8233K(10012K)->8233K(10012K)
[2020-12-14T01:27:11.471+0000][6][gc           ] GC(24) Pause Young (Concurrent Start) (G1 Humongous Allocation) 132M->109M(287M) 5.718ms
[2020-12-14T01:27:11.471+0000][6][gc,cpu       ] GC(24) User=0.03s Sys=0.00s Real=0.00s
[2020-12-14T01:27:11.471+0000][6][safepoint    ] Safepoint "G1TryInitiateConcMark", Time since last: 10337296 ns, Reaching safepoint: 85005 ns, At safepoint: 5818759 ns, Total: 5903764 ns
[2020-12-14T01:27:11.471+0000][6][gc           ] GC(25) Concurrent Cycle
[2020-12-14T01:27:11.471+0000][6][gc,marking   ] GC(25) Concurrent Clear Claimed Marks
[2020-12-14T01:27:11.472+0000][6][gc,marking   ] GC(25) Concurrent Clear Claimed Marks 0.206ms
[2020-12-14T01:27:11.472+0000][6][gc,marking   ] GC(25) Concurrent Scan Root Regions
[2020-12-14T01:27:11.472+0000][6][gc,marking   ] GC(25) Concurrent Scan Root Regions 0.619ms
[2020-12-14T01:27:11.472+0000][6][gc,marking   ] GC(25) Concurrent Mark (8.471s)
[2020-12-14T01:27:11.472+0000][6][gc,marking   ] GC(25) Concurrent Mark From Roots
[2020-12-14T01:27:11.472+0000][6][gc,task      ] GC(25) Using 3 workers of 3 for marking
[2020-12-14T01:27:11.507+0000][6][gc,start     ] GC(26) Pause Young (Normal) (G1 Evacuation Pause)
[2020-12-14T01:27:11.507+0000][6][gc,task      ] GC(26) Using 6 workers of 10 for evacuation
[2020-12-14T01:27:11.507+0000][6][gc,age       ] GC(26) Desired survivor size 5242880 bytes, new threshold 15 (max threshold 15)
[2020-12-14T01:27:11.515+0000][6][gc,age       ] GC(26) Age table with threshold 15 (max threshold 15)
[2020-12-14T01:27:11.515+0000][6][gc,age       ] GC(26) - age   1:    4456256 bytes,    4456256 total
[2020-12-14T01:27:11.515+0000][6][gc,age       ] GC(26) - age   2:    1467216 bytes,    5923472 total
[2020-12-14T01:27:11.516+0000][6][gc,age       ] GC(26) - age   3:     435840 bytes,    6359312 total
[2020-12-14T01:27:11.516+0000][6][gc,phases    ] GC(26)   Pre Evacuate Collection Set: 0.1ms
[2020-12-14T01:27:11.516+0000][6][gc,phases    ] GC(26)   Merge Heap Roots: 0.1ms
[2020-12-14T01:27:11.516+0000][6][gc,phases    ] GC(26)   Evacuate Collection Set: 7.6ms
[2020-12-14T01:27:11.516+0000][6][gc,phases    ] GC(26)   Post Evacuate Collection Set: 0.4ms
[2020-12-14T01:27:11.516+0000][6][gc,phases    ] GC(26)   Other: 0.4ms
[2020-12-14T01:27:11.516+0000][6][gc,heap      ] GC(26) Eden regions: 73->0(71)
[2020-12-14T01:27:11.516+0000][6][gc,heap      ] GC(26) Survivor regions: 2->7(10)
[2020-12-14T01:27:11.516+0000][6][gc,heap      ] GC(26) Old regions: 64->64
[2020-12-14T01:27:11.516+0000][6][gc,heap      ] GC(26) Archive regions: 2->2
[2020-12-14T01:27:11.516+0000][6][gc,heap      ] GC(26) Humongous regions: 46->46
[2020-12-14T01:27:11.516+0000][6][gc,metaspace ] GC(26) Metaspace: 61817K(65820K)->61817K(65820K) NonClass: 53583K(55808K)->53583K(55808K) Class: 8233K(10012K)->8233K(10012K)
[2020-12-14T01:27:11.516+0000][6][gc           ] GC(26) Pause Young (Normal) (G1 Evacuation Pause) 185M->116M(287M) 8.667ms
[2020-12-14T01:27:11.516+0000][6][gc,cpu       ] GC(26) User=0.05s Sys=0.00s Real=0.01s
[2020-12-14T01:27:11.516+0000][6][safepoint    ] Safepoint "G1CollectForAllocation", Time since last: 35449604 ns, Reaching safepoint: 182581 ns, At safepoint: 8820182 ns, Total: 9002763 ns
[2020-12-14T01:27:11.532+0000][6][gc,marking   ] GC(25) Concurrent Mark From Roots 59.562ms
[2020-12-14T01:27:11.532+0000][6][gc,marking   ] GC(25) Concurrent Preclean
[2020-12-14T01:27:11.533+0000][6][gc,marking   ] GC(25) Concurrent Preclean 0.722ms
[2020-12-14T01:27:11.533+0000][6][gc,marking   ] GC(25) Concurrent Mark (8.471s, 8.532s) 60.367ms
[2020-12-14T01:27:11.533+0000][6][gc,start     ] GC(25) Pause Remark
[2020-12-14T01:27:11.536+0000][6][gc           ] GC(25) Pause Remark 151M->149M(287M) 2.756ms
[2020-12-14T01:27:11.536+0000][6][gc,cpu       ] GC(25) User=0.01s Sys=0.00s Real=0.01s
[2020-12-14T01:27:11.536+0000][6][safepoint    ] Safepoint "G1Concurrent", Time since last: 16897366 ns, Reaching safepoint: 162408 ns, At safepoint: 2852814 ns, Total: 3015222 ns
[2020-12-14T01:27:11.536+0000][6][gc,marking   ] GC(25) Concurrent Rebuild Remembered Sets
[2020-12-14T01:27:11.552+0000][6][gc,start     ] GC(27) Pause Young (Normal) (G1 Evacuation Pause)
[2020-12-14T01:27:11.552+0000][6][gc,task      ] GC(27) Using 6 workers of 10 for evacuation
[2020-12-14T01:27:11.552+0000][6][gc,age       ] GC(27) Desired survivor size 5242880 bytes, new threshold 2 (max threshold 15)
[2020-12-14T01:27:11.563+0000][6][gc,age       ] GC(27) Age table with threshold 2 (max threshold 15)
[2020-12-14T01:27:11.563+0000][6][gc,age       ] GC(27) - age   1:    4345192 bytes,    4345192 total
[2020-12-14T01:27:11.563+0000][6][gc,age       ] GC(27) - age   2:    4456168 bytes,    8801360 total
[2020-12-14T01:27:11.563+0000][6][gc,phases    ] GC(27)   Pre Evacuate Collection Set: 0.1ms
[2020-12-14T01:27:11.563+0000][6][gc,phases    ] GC(27)   Merge Heap Roots: 0.1ms
[2020-12-14T01:27:11.563+0000][6][gc,phases    ] GC(27)   Evacuate Collection Set: 10.3ms
[2020-12-14T01:27:11.563+0000][6][gc,phases    ] GC(27)   Post Evacuate Collection Set: 0.4ms
[2020-12-14T01:27:11.563+0000][6][gc,phases    ] GC(27)   Other: 0.3ms
[2020-12-14T01:27:11.563+0000][6][gc,heap      ] GC(27) Eden regions: 71->0(71)
[2020-12-14T01:27:11.563+0000][6][gc,heap      ] GC(27) Survivor regions: 7->9(10)
[2020-12-14T01:27:11.563+0000][6][gc,heap      ] GC(27) Old regions: 64->66
[2020-12-14T01:27:11.563+0000][6][gc,heap      ] GC(27) Archive regions: 2->2
[2020-12-14T01:27:11.563+0000][6][gc,heap      ] GC(27) Humongous regions: 44->44
[2020-12-14T01:27:11.563+0000][6][gc,metaspace ] GC(27) Metaspace: 61817K(65820K)->61817K(65820K) NonClass: 53583K(55808K)->53583K(55808K) Class: 8233K(10012K)->8233K(10012K)
[2020-12-14T01:27:11.563+0000][6][gc           ] GC(27) Pause Young (Normal) (G1 Evacuation Pause) 185M->119M(287M) 11.406ms
[2020-12-14T01:27:11.563+0000][6][gc,cpu       ] GC(27) User=0.07s Sys=0.00s Real=0.01s
[2020-12-14T01:27:11.563+0000][6][safepoint    ] Safepoint "G1CollectForAllocation", Time since last: 15504305 ns, Reaching safepoint: 369696 ns, At safepoint: 11542302 ns, Total: 11911998 ns
[2020-12-14T01:27:11.583+0000][6][gc,marking   ] GC(25) Concurrent Rebuild Remembered Sets 47.639ms
[2020-12-14T01:27:11.584+0000][6][gc,start     ] GC(25) Pause Cleanup
[2020-12-14T01:27:11.584+0000][6][gc           ] GC(25) Pause Cleanup 169M->169M(287M) 0.199ms
[2020-12-14T01:27:11.584+0000][6][gc,cpu       ] GC(25) User=0.00s Sys=0.00s Real=0.00s
[2020-12-14T01:27:11.584+0000][6][safepoint    ] Safepoint "G1Concurrent", Time since last: 20408374 ns, Reaching safepoint: 148659 ns, At safepoint: 278637 ns, Total: 427296 ns
[2020-12-14T01:27:11.584+0000][6][gc,marking   ] GC(25) Concurrent Cleanup for Next Mark
[2020-12-14T01:27:11.584+0000][6][gc,marking   ] GC(25) Concurrent Cleanup for Next Mark 0.304ms
[2020-12-14T01:27:11.584+0000][6][gc           ] GC(25) Concurrent Cycle 112.983ms
[2020-12-14T01:27:11.595+0000][6][gc,start     ] GC(28) Pause Young (Normal) (G1 Evacuation Pause)
[2020-12-14T01:27:11.595+0000][6][gc,task      ] GC(28) Using 6 workers of 10 for evacuation
[2020-12-14T01:27:11.595+0000][6][gc,age       ] GC(28) Desired survivor size 5242880 bytes, new threshold 2 (max threshold 15)
[2020-12-14T01:27:11.609+0000][6][gc,age       ] GC(28) Age table with threshold 2 (max threshold 15)
[2020-12-14T01:27:11.609+0000][6][gc,age       ] GC(28) - age   1:    4585544 bytes,    4585544 total
[2020-12-14T01:27:11.609+0000][6][gc,age       ] GC(28) - age   2:    4345192 bytes,    8930736 total
[2020-12-14T01:27:11.635+0000][6][gc,phases    ] GC(28)   Pre Evacuate Collection Set: 0.1ms
[2020-12-14T01:27:11.635+0000][6][gc,phases    ] GC(28)   Merge Heap Roots: 0.1ms
[2020-12-14T01:27:11.635+0000][6][gc,phases    ] GC(28)   Evacuate Collection Set: 13.2ms
[2020-12-14T01:27:11.635+0000][6][gc,phases    ] GC(28)   Post Evacuate Collection Set: 26.5ms
[2020-12-14T01:27:11.635+0000][6][gc,phases    ] GC(28)   Other: 0.3ms
[2020-12-14T01:27:11.635+0000][6][gc,heap      ] GC(28) Eden regions: 71->0(176)
[2020-12-14T01:27:11.635+0000][6][gc,heap      ] GC(28) Survivor regions: 9->10(10)
[2020-12-14T01:27:11.635+0000][6][gc,heap      ] GC(28) Old regions: 66->70
[2020-12-14T01:27:11.635+0000][6][gc,heap      ] GC(28) Archive regions: 2->2
[2020-12-14T01:27:11.635+0000][6][gc,heap      ] GC(28) Humongous regions: 48->48
[2020-12-14T01:27:11.635+0000][6][gc,metaspace ] GC(28) Metaspace: 61817K(65820K)->61817K(65820K) NonClass: 53583K(55808K)->53583K(55808K) Class: 8233K(10012K)->8233K(10012K)
[2020-12-14T01:27:11.635+0000][6][gc           ] GC(28) Pause Young (Normal) (G1 Evacuation Pause) 194M->127M(489M) 40.415ms
[2020-12-14T01:27:11.635+0000][6][gc,cpu       ] GC(28) User=0.08s Sys=0.03s Real=0.04s
[2020-12-14T01:27:11.635+0000][6][safepoint    ] Safepoint "G1CollectForAllocation", Time since last: 10638096 ns, Reaching safepoint: 76138 ns, At safepoint: 40544233 ns, Total: 40620371 ns
[2020-12-14T01:27:11.712+0000][6][gc,start     ] GC(29) Pause Young (Normal) (G1 Evacuation Pause)
[2020-12-14T01:27:11.713+0000][6][gc,task      ] GC(29) Using 10 workers of 10 for evacuation
[2020-12-14T01:27:11.713+0000][6][gc,age       ] GC(29) Desired survivor size 12582912 bytes, new threshold 15 (max threshold 15)
[2020-12-14T01:27:11.733+0000][6][gc,age       ] GC(29) Age table with threshold 15 (max threshold 15)
[2020-12-14T01:27:11.733+0000][6][gc,age       ] GC(29) - age   1:   11128320 bytes,   11128320 total
[2020-12-14T01:27:11.733+0000][6][gc,age       ] GC(29) - age   2:    4585416 bytes,   15713736 total
[2020-12-14T01:27:11.733+0000][6][gc,age       ] GC(29) - age   3:    4345192 bytes,   20058928 total
[2020-12-14T01:27:11.733+0000][6][gc,phases    ] GC(29)   Pre Evacuate Collection Set: 0.1ms
[2020-12-14T01:27:11.733+0000][6][gc,phases    ] GC(29)   Merge Heap Roots: 0.2ms
[2020-12-14T01:27:11.733+0000][6][gc,phases    ] GC(29)   Evacuate Collection Set: 19.1ms
[2020-12-14T01:27:11.733+0000][6][gc,phases    ] GC(29)   Post Evacuate Collection Set: 0.6ms
[2020-12-14T01:27:11.733+0000][6][gc,phases    ] GC(29)   Other: 1.1ms
[2020-12-14T01:27:11.733+0000][6][gc,heap      ] GC(29) Eden regions: 176->0(171)
[2020-12-14T01:27:11.733+0000][6][gc,heap      ] GC(29) Survivor regions: 10->20(24)
[2020-12-14T01:27:11.733+0000][6][gc,heap      ] GC(29) Old regions: 70->70
[2020-12-14T01:27:11.733+0000][6][gc,heap      ] GC(29) Archive regions: 2->2
[2020-12-14T01:27:11.733+0000][6][gc,heap      ] GC(29) Humongous regions: 53->53
[2020-12-14T01:27:11.733+0000][6][gc,metaspace ] GC(29) Metaspace: 61817K(65820K)->61817K(65820K) NonClass: 53583K(55808K)->53583K(55808K) Class: 8233K(10012K)->8233K(10012K)
[2020-12-14T01:27:11.734+0000][6][gc           ] GC(29) Pause Young (Normal) (G1 Evacuation Pause) 308M->143M(489M) 21.257ms
[2020-12-14T01:27:11.734+0000][6][gc,cpu       ] GC(29) User=0.19s Sys=0.00s Real=0.02s
[2020-12-14T01:27:11.734+0000][6][safepoint    ] Safepoint "G1CollectForAllocation", Time since last: 76843637 ns, Reaching safepoint: 82392 ns, At safepoint: 21386652 ns, Total: 21469044 ns
[2020-12-14T01:27:11.817+0000][6][gc,start     ] GC(30) Pause Young (Normal) (G1 Evacuation Pause)
[2020-12-14T01:27:11.817+0000][6][gc,task      ] GC(30) Using 10 workers of 10 for evacuation
[2020-12-14T01:27:11.817+0000][6][gc,age       ] GC(30) Desired survivor size 12582912 bytes, new threshold 2 (max threshold 15)
[2020-12-14T01:27:11.836+0000][6][gc,age       ] GC(30) Age table with threshold 2 (max threshold 15)
[2020-12-14T01:27:11.836+0000][6][gc,age       ] GC(30) - age   1:    4458472 bytes,    4458472 total
[2020-12-14T01:27:11.836+0000][6][gc,age       ] GC(30) - age   2:   11128048 bytes,   15586520 total
[2020-12-14T01:27:11.836+0000][6][gc,phases    ] GC(30)   Pre Evacuate Collection Set: 0.1ms
[2020-12-14T01:27:11.836+0000][6][gc,phases    ] GC(30)   Merge Heap Roots: 0.1ms
[2020-12-14T01:27:11.836+0000][6][gc,phases    ] GC(30)   Evacuate Collection Set: 18.1ms
[2020-12-14T01:27:11.836+0000][6][gc,phases    ] GC(30)   Post Evacuate Collection Set: 0.6ms
[2020-12-14T01:27:11.836+0000][6][gc,phases    ] GC(30)   Other: 0.3ms
[2020-12-14T01:27:11.836+0000][6][gc,heap      ] GC(30) Eden regions: 171->0(174)
[2020-12-14T01:27:11.836+0000][6][gc,heap      ] GC(30) Survivor regions: 20->17(24)
[2020-12-14T01:27:11.837+0000][6][gc,heap      ] GC(30) Old regions: 70->79
[2020-12-14T01:27:11.837+0000][6][gc,heap      ] GC(30) Archive regions: 2->2
[2020-12-14T01:27:11.837+0000][6][gc,heap      ] GC(30) Humongous regions: 53->53
[2020-12-14T01:27:11.837+0000][6][gc,metaspace ] GC(30) Metaspace: 61836K(65820K)->61836K(65820K) NonClass: 53601K(55808K)->53601K(55808K) Class: 8234K(10012K)->8234K(10012K)
[2020-12-14T01:27:11.837+0000][6][gc           ] GC(30) Pause Young (Normal) (G1 Evacuation Pause) 314M->148M(489M) 19.260ms
[2020-12-14T01:27:11.837+0000][6][gc,cpu       ] GC(30) User=0.20s Sys=0.00s Real=0.02s
[2020-12-14T01:27:11.837+0000][6][safepoint    ] Safepoint "G1CollectForAllocation", Time since last: 83553180 ns, Reaching safepoint: 112781 ns, At safepoint: 19364305 ns, Total: 19477086 ns
[2020-12-14T01:27:11.912+0000][6][gc,start     ] GC(31) Pause Young (Normal) (G1 Evacuation Pause)
[2020-12-14T01:27:11.912+0000][6][gc,task      ] GC(31) Using 10 workers of 10 for evacuation
[2020-12-14T01:27:11.912+0000][6][gc,age       ] GC(31) Desired survivor size 12582912 bytes, new threshold 2 (max threshold 15)
[2020-12-14T01:27:11.926+0000][6][gc,age       ] GC(31) Age table with threshold 2 (max threshold 15)
[2020-12-14T01:27:11.926+0000][6][gc,age       ] GC(31) - age   1:       1136 bytes,       1136 total
[2020-12-14T01:27:11.926+0000][6][gc,age       ] GC(31) - age   2:    4458232 bytes,    4459368 total
[2020-12-14T01:27:11.926+0000][6][gc,phases    ] GC(31)   Pre Evacuate Collection Set: 0.1ms
[2020-12-14T01:27:11.926+0000][6][gc,phases    ] GC(31)   Merge Heap Roots: 0.1ms
[2020-12-14T01:27:11.926+0000][6][gc,phases    ] GC(31)   Evacuate Collection Set: 12.6ms
[2020-12-14T01:27:11.926+0000][6][gc,phases    ] GC(31)   Post Evacuate Collection Set: 0.5ms
[2020-12-14T01:27:11.926+0000][6][gc,phases    ] GC(31)   Other: 0.3ms
[2020-12-14T01:27:11.926+0000][6][gc,heap      ] GC(31) Eden regions: 174->0(183)
[2020-12-14T01:27:11.926+0000][6][gc,heap      ] GC(31) Survivor regions: 17->6(24)
[2020-12-14T01:27:11.926+0000][6][gc,heap      ] GC(31) Old regions: 79->90
[2020-12-14T01:27:11.926+0000][6][gc,heap      ] GC(31) Archive regions: 2->2
[2020-12-14T01:27:11.926+0000][6][gc,heap      ] GC(31) Humongous regions: 53->53
[2020-12-14T01:27:11.926+0000][6][gc,metaspace ] GC(31) Metaspace: 61836K(65820K)->61836K(65820K) NonClass: 53602K(55808K)->53602K(55808K) Class: 8234K(10012K)->8234K(10012K)
[2020-12-14T01:27:11.926+0000][6][gc           ] GC(31) Pause Young (Normal) (G1 Evacuation Pause) 322M->148M(489M) 13.723ms
[2020-12-14T01:27:11.926+0000][6][gc,cpu       ] GC(31) User=0.15s Sys=0.01s Real=0.02s
[2020-12-14T01:27:11.926+0000][6][safepoint    ] Safepoint "G1CollectForAllocation", Time since last: 75400395 ns, Reaching safepoint: 91668 ns, At safepoint: 13823112 ns, Total: 13914780 ns
[2020-12-14T01:27:11.999+0000][6][gc,start     ] GC(32) Pause Young (Normal) (G1 Evacuation Pause)
[2020-12-14T01:27:11.999+0000][6][gc,task      ] GC(32) Using 10 workers of 10 for evacuation
[2020-12-14T01:27:11.999+0000][6][gc,age       ] GC(32) Desired survivor size 12582912 bytes, new threshold 15 (max threshold 15)
[2020-12-14T01:27:12.008+0000][6][gc,age       ] GC(32) Age table with threshold 15 (max threshold 15)
[2020-12-14T01:27:12.008+0000][6][gc,age       ] GC(32) - age   1:        408 bytes,        408 total
[2020-12-14T01:27:12.008+0000][6][gc,age       ] GC(32) - age   2:        976 bytes,       1384 total
[2020-12-14T01:27:12.008+0000][6][gc,age       ] GC(32) - age   3:    4458232 bytes,    4459616 total
[2020-12-14T01:27:12.043+0000][6][gc,phases    ] GC(32)   Pre Evacuate Collection Set: 0.1ms
[2020-12-14T01:27:12.043+0000][6][gc,phases    ] GC(32)   Merge Heap Roots: 0.1ms
[2020-12-14T01:27:12.043+0000][6][gc,phases    ] GC(32)   Evacuate Collection Set: 7.7ms
[2020-12-14T01:27:12.043+0000][6][gc,phases    ] GC(32)   Post Evacuate Collection Set: 36.1ms
[2020-12-14T01:27:12.043+0000][6][gc,phases    ] GC(32)   Other: 0.4ms
[2020-12-14T01:27:12.043+0000][6][gc,heap      ] GC(32) Eden regions: 183->0(353)
[2020-12-14T01:27:12.043+0000][6][gc,heap      ] GC(32) Survivor regions: 6->5(24)
[2020-12-14T01:27:12.043+0000][6][gc,heap      ] GC(32) Old regions: 90->90
[2020-12-14T01:27:12.043+0000][6][gc,heap      ] GC(32) Archive regions: 2->2
[2020-12-14T01:27:12.043+0000][6][gc,heap      ] GC(32) Humongous regions: 53->53
[2020-12-14T01:27:12.043+0000][6][gc,metaspace ] GC(32) Metaspace: 61838K(65820K)->61838K(65820K) NonClass: 53603K(55808K)->53603K(55808K) Class: 8234K(10012K)->8234K(10012K)
[2020-12-14T01:27:12.044+0000][6][gc           ] GC(32) Pause Young (Normal) (G1 Evacuation Pause) 331M->148M(703M) 44.568ms
[2020-12-14T01:27:12.044+0000][6][gc,cpu       ] GC(32) User=0.08s Sys=0.03s Real=0.04s
[2020-12-14T01:27:12.044+0000][6][safepoint    ] Safepoint "G1CollectForAllocation", Time since last: 72895651 ns, Reaching safepoint: 88495 ns, At safepoint: 44699503 ns, Total: 44787998 ns
[2020-12-14T01:27:12.211+0000][6][gc,start     ] GC(33) Pause Young (Normal) (G1 Evacuation Pause)
[2020-12-14T01:27:12.211+0000][6][gc,task      ] GC(33) Using 10 workers of 10 for evacuation
[2020-12-14T01:27:12.211+0000][6][gc,age       ] GC(33) Desired survivor size 23592960 bytes, new threshold 15 (max threshold 15)
[2020-12-14T01:27:12.220+0000][6][gc,age       ] GC(33) Age table with threshold 15 (max threshold 15)
[2020-12-14T01:27:12.220+0000][6][gc,age       ] GC(33) - age   2:        248 bytes,        248 total
[2020-12-14T01:27:12.220+0000][6][gc,age       ] GC(33) - age   3:        976 bytes,       1224 total
[2020-12-14T01:27:12.220+0000][6][gc,age       ] GC(33) - age   4:    4458232 bytes,    4459456 total
[2020-12-14T01:27:12.220+0000][6][gc,phases    ] GC(33)   Pre Evacuate Collection Set: 0.2ms
[2020-12-14T01:27:12.220+0000][6][gc,phases    ] GC(33)   Merge Heap Roots: 0.1ms
[2020-12-14T01:27:12.220+0000][6][gc,phases    ] GC(33)   Evacuate Collection Set: 7.8ms
[2020-12-14T01:27:12.220+0000][6][gc,phases    ] GC(33)   Post Evacuate Collection Set: 0.8ms
[2020-12-14T01:27:12.220+0000][6][gc,phases    ] GC(33)   Other: 0.6ms
[2020-12-14T01:27:12.220+0000][6][gc,heap      ] GC(33) Eden regions: 353->0(358)
[2020-12-14T01:27:12.220+0000][6][gc,heap      ] GC(33) Survivor regions: 5->5(45)
[2020-12-14T01:27:12.220+0000][6][gc,heap      ] GC(33) Old regions: 90->90
[2020-12-14T01:27:12.220+0000][6][gc,heap      ] GC(33) Archive regions: 2->2
[2020-12-14T01:27:12.220+0000][6][gc,heap      ] GC(33) Humongous regions: 53->53
[2020-12-14T01:27:12.220+0000][6][gc,metaspace ] GC(33) Metaspace: 61838K(65820K)->61838K(65820K) NonClass: 53603K(55808K)->53603K(55808K) Class: 8234K(10012K)->8234K(10012K)
[2020-12-14T01:27:12.220+0000][6][gc           ] GC(33) Pause Young (Normal) (G1 Evacuation Pause) 501M->147M(703M) 9.753ms
[2020-12-14T01:27:12.220+0000][6][gc,cpu       ] GC(33) User=0.08s Sys=0.01s Real=0.01s
[2020-12-14T01:27:12.220+0000][6][safepoint    ] Safepoint "G1CollectForAllocation", Time since last: 166710851 ns, Reaching safepoint: 135503 ns, At safepoint: 9903429 ns, Total: 10038932 ns
[2020-12-14T01:27:12.355+0000][6][gc,start     ] GC(34) Pause Young (Normal) (G1 Evacuation Pause)
[2020-12-14T01:27:12.355+0000][6][gc,task      ] GC(34) Using 10 workers of 10 for evacuation
[2020-12-14T01:27:12.355+0000][6][gc,age       ] GC(34) Desired survivor size 24117248 bytes, new threshold 15 (max threshold 15)
[2020-12-14T01:27:12.364+0000][6][gc,age       ] GC(34) Age table with threshold 15 (max threshold 15)
[2020-12-14T01:27:12.364+0000][6][gc,age       ] GC(34) - age   1:        232 bytes,        232 total
[2020-12-14T01:27:12.364+0000][6][gc,age       ] GC(34) - age   3:        248 bytes,        480 total
[2020-12-14T01:27:12.364+0000][6][gc,age       ] GC(34) - age   4:        976 bytes,       1456 total
[2020-12-14T01:27:12.364+0000][6][gc,age       ] GC(34) - age   5:    4458232 bytes,    4459688 total
[2020-12-14T01:27:12.365+0000][6][gc,phases    ] GC(34)   Pre Evacuate Collection Set: 0.2ms
[2020-12-14T01:27:12.365+0000][6][gc,phases    ] GC(34)   Merge Heap Roots: 0.1ms
[2020-12-14T01:27:12.365+0000][6][gc,phases    ] GC(34)   Evacuate Collection Set: 8.3ms
[2020-12-14T01:27:12.365+0000][6][gc,phases    ] GC(34)   Post Evacuate Collection Set: 0.7ms
[2020-12-14T01:27:12.365+0000][6][gc,phases    ] GC(34)   Other: 0.4ms
[2020-12-14T01:27:12.365+0000][6][gc,heap      ] GC(34) Eden regions: 358->0(362)
[2020-12-14T01:27:12.365+0000][6][gc,heap      ] GC(34) Survivor regions: 5->5(46)
[2020-12-14T01:27:12.365+0000][6][gc,heap      ] GC(34) Old regions: 90->90
[2020-12-14T01:27:12.365+0000][6][gc,heap      ] GC(34) Archive regions: 2->2
[2020-12-14T01:27:12.365+0000][6][gc,heap      ] GC(34) Humongous regions: 53->53
[2020-12-14T01:27:12.365+0000][6][gc,metaspace ] GC(34) Metaspace: 61838K(65820K)->61838K(65820K) NonClass: 53603K(55808K)->53603K(55808K) Class: 8234K(10012K)->8234K(10012K)
[2020-12-14T01:27:12.365+0000][6][gc           ] GC(34) Pause Young (Normal) (G1 Evacuation Pause) 505M->147M(703M) 9.900ms
[2020-12-14T01:27:12.365+0000][6][gc,cpu       ] GC(34) User=0.08s Sys=0.01s Real=0.01s
[2020-12-14T01:27:12.365+0000][6][safepoint    ] Safepoint "G1CollectForAllocation", Time since last: 134310194 ns, Reaching safepoint: 128857 ns, At safepoint: 10036049 ns, Total: 10164906 ns
[2020-12-14T01:27:12.500+0000][6][gc,start     ] GC(35) Pause Young (Normal) (G1 Evacuation Pause)
[2020-12-14T01:27:12.500+0000][6][gc,task      ] GC(35) Using 10 workers of 10 for evacuation
[2020-12-14T01:27:12.500+0000][6][gc,age       ] GC(35) Desired survivor size 24117248 bytes, new threshold 15 (max threshold 15)
[2020-12-14T01:27:12.509+0000][6][gc,age       ] GC(35) Age table with threshold 15 (max threshold 15)
[2020-12-14T01:27:12.509+0000][6][gc,age       ] GC(35) - age   1:      31632 bytes,      31632 total
[2020-12-14T01:27:12.509+0000][6][gc,age       ] GC(35) - age   4:        216 bytes,      31848 total
[2020-12-14T01:27:12.509+0000][6][gc,age       ] GC(35) - age   5:        976 bytes,      32824 total
[2020-12-14T01:27:12.509+0000][6][gc,age       ] GC(35) - age   6:    4458232 bytes,    4491056 total
[2020-12-14T01:27:12.510+0000][6][gc,phases    ] GC(35)   Pre Evacuate Collection Set: 0.2ms
[2020-12-14T01:27:12.510+0000][6][gc,phases    ] GC(35)   Merge Heap Roots: 0.1ms
[2020-12-14T01:27:12.510+0000][6][gc,phases    ] GC(35)   Evacuate Collection Set: 8.6ms
[2020-12-14T01:27:12.510+0000][6][gc,phases    ] GC(35)   Post Evacuate Collection Set: 0.8ms
[2020-12-14T01:27:12.510+0000][6][gc,phases    ] GC(35)   Other: 0.4ms
[2020-12-14T01:27:12.510+0000][6][gc,heap      ] GC(35) Eden regions: 362->0(365)
[2020-12-14T01:27:12.510+0000][6][gc,heap      ] GC(35) Survivor regions: 5->5(46)
[2020-12-14T01:27:12.510+0000][6][gc,heap      ] GC(35) Old regions: 90->90
[2020-12-14T01:27:12.510+0000][6][gc,heap      ] GC(35) Archive regions: 2->2
[2020-12-14T01:27:12.510+0000][6][gc,heap      ] GC(35) Humongous regions: 53->53
[2020-12-14T01:27:12.510+0000][6][gc,metaspace ] GC(35) Metaspace: 61843K(65820K)->61843K(65820K) NonClass: 53607K(55808K)->53607K(55808K) Class: 8236K(10012K)->8236K(10012K)
[2020-12-14T01:27:12.510+0000][6][gc           ] GC(35) Pause Young (Normal) (G1 Evacuation Pause) 509M->147M(703M) 10.186ms
[2020-12-14T01:27:12.510+0000][6][gc,cpu       ] GC(35) User=0.09s Sys=0.00s Real=0.01s
[2020-12-14T01:27:12.510+0000][6][safepoint    ] Safepoint "G1CollectForAllocation", Time since last: 134490885 ns, Reaching safepoint: 131639 ns, At safepoint: 10338432 ns, Total: 10470071 ns
[2020-12-14T01:27:12.646+0000][6][gc,start     ] GC(36) Pause Young (Normal) (G1 Evacuation Pause)
[2020-12-14T01:27:12.646+0000][6][gc,task      ] GC(36) Using 10 workers of 10 for evacuation
[2020-12-14T01:27:12.646+0000][6][gc,age       ] GC(36) Desired survivor size 24641536 bytes, new threshold 15 (max threshold 15)
[2020-12-14T01:27:12.656+0000][6][gc,age       ] GC(36) Age table with threshold 15 (max threshold 15)
[2020-12-14T01:27:12.656+0000][6][gc,age       ] GC(36) - age   1:        160 bytes,        160 total
[2020-12-14T01:27:12.656+0000][6][gc,age       ] GC(36) - age   2:      31472 bytes,      31632 total
[2020-12-14T01:27:12.656+0000][6][gc,age       ] GC(36) - age   5:        216 bytes,      31848 total
[2020-12-14T01:27:12.656+0000][6][gc,age       ] GC(36) - age   6:        976 bytes,      32824 total
[2020-12-14T01:27:12.656+0000][6][gc,age       ] GC(36) - age   7:    4458232 bytes,    4491056 total
[2020-12-14T01:27:12.670+0000][6][gc,phases    ] GC(36)   Pre Evacuate Collection Set: 0.2ms
[2020-12-14T01:27:12.670+0000][6][gc,phases    ] GC(36)   Merge Heap Roots: 0.2ms
[2020-12-14T01:27:12.670+0000][6][gc,phases    ] GC(36)   Evacuate Collection Set: 8.5ms
[2020-12-14T01:27:12.670+0000][6][gc,phases    ] GC(36)   Post Evacuate Collection Set: 14.4ms
[2020-12-14T01:27:12.670+0000][6][gc,phases    ] GC(36)   Other: 0.5ms
[2020-12-14T01:27:12.670+0000][6][gc,heap      ] GC(36) Eden regions: 365->0(435)
[2020-12-14T01:27:12.670+0000][6][gc,heap      ] GC(36) Survivor regions: 5->5(47)
[2020-12-14T01:27:12.670+0000][6][gc,heap      ] GC(36) Old regions: 90->90
[2020-12-14T01:27:12.670+0000][6][gc,heap      ] GC(36) Archive regions: 2->2
[2020-12-14T01:27:12.670+0000][6][gc,heap      ] GC(36) Humongous regions: 53->53
[2020-12-14T01:27:12.670+0000][6][gc,metaspace ] GC(36) Metaspace: 61843K(65820K)->61843K(65820K) NonClass: 53607K(55808K)->53607K(55808K) Class: 8236K(10012K)->8236K(10012K)
[2020-12-14T01:27:12.670+0000][6][gc           ] GC(36) Pause Young (Normal) (G1 Evacuation Pause) 512M->147M(793M) 23.885ms
[2020-12-14T01:27:12.670+0000][6][gc,cpu       ] GC(36) User=0.08s Sys=0.01s Real=0.02s
[2020-12-14T01:27:12.670+0000][6][safepoint    ] Safepoint "G1CollectForAllocation", Time since last: 136068624 ns, Reaching safepoint: 135478 ns, At safepoint: 24053569 ns, Total: 24189047 ns
[2020-12-14T01:27:12.831+0000][6][gc,start     ] GC(37) Pause Young (Normal) (G1 Evacuation Pause)
[2020-12-14T01:27:12.831+0000][6][gc,task      ] GC(37) Using 10 workers of 10 for evacuation
[2020-12-14T01:27:12.831+0000][6][gc,age       ] GC(37) Desired survivor size 28835840 bytes, new threshold 15 (max threshold 15)
[2020-12-14T01:27:12.842+0000][6][gc,age       ] GC(37) Age table with threshold 15 (max threshold 15)
[2020-12-14T01:27:12.842+0000][6][gc,age       ] GC(37) - age   1:       1648 bytes,       1648 total
[2020-12-14T01:27:12.842+0000][6][gc,age       ] GC(37) - age   3:      31336 bytes,      32984 total
[2020-12-14T01:27:12.842+0000][6][gc,age       ] GC(37) - age   6:        216 bytes,      33200 total
[2020-12-14T01:27:12.842+0000][6][gc,age       ] GC(37) - age   7:        976 bytes,      34176 total
[2020-12-14T01:27:12.842+0000][6][gc,age       ] GC(37) - age   8:    4458232 bytes,    4492408 total
[2020-12-14T01:27:12.842+0000][6][gc,phases    ] GC(37)   Pre Evacuate Collection Set: 0.2ms
[2020-12-14T01:27:12.842+0000][6][gc,phases    ] GC(37)   Merge Heap Roots: 0.2ms
[2020-12-14T01:27:12.842+0000][6][gc,phases    ] GC(37)   Evacuate Collection Set: 8.8ms
[2020-12-14T01:27:12.842+0000][6][gc,phases    ] GC(37)   Post Evacuate Collection Set: 1.1ms
[2020-12-14T01:27:12.842+0000][6][gc,phases    ] GC(37)   Other: 0.5ms
[2020-12-14T01:27:12.842+0000][6][gc,heap      ] GC(37) Eden regions: 435->0(436)
[2020-12-14T01:27:12.842+0000][6][gc,heap      ] GC(37) Survivor regions: 5->5(55)
[2020-12-14T01:27:12.842+0000][6][gc,heap      ] GC(37) Old regions: 90->90
[2020-12-14T01:27:12.842+0000][6][gc,heap      ] GC(37) Archive regions: 2->2
[2020-12-14T01:27:12.842+0000][6][gc,heap      ] GC(37) Humongous regions: 53->53
[2020-12-14T01:27:12.842+0000][6][gc,metaspace ] GC(37) Metaspace: 61849K(65820K)->61849K(65820K) NonClass: 53612K(55808K)->53612K(55808K) Class: 8237K(10012K)->8237K(10012K)
[2020-12-14T01:27:12.842+0000][6][gc           ] GC(37) Pause Young (Normal) (G1 Evacuation Pause) 582M->148M(793M) 10.811ms
[2020-12-14T01:27:12.842+0000][6][gc,cpu       ] GC(37) User=0.09s Sys=0.01s Real=0.01s
[2020-12-14T01:27:12.842+0000][6][safepoint    ] Safepoint "G1CollectForAllocation", Time since last: 160799579 ns, Reaching safepoint: 131749 ns, At safepoint: 10951197 ns, Total: 11082946 ns
[2020-12-14T01:27:12.996+0000][6][gc,start     ] GC(38) Pause Young (Normal) (G1 Evacuation Pause)
[2020-12-14T01:27:12.996+0000][6][gc,task      ] GC(38) Using 10 workers of 10 for evacuation
[2020-12-14T01:27:12.996+0000][6][gc,age       ] GC(38) Desired survivor size 29360128 bytes, new threshold 15 (max threshold 15)
[2020-12-14T01:27:13.006+0000][6][gc,age       ] GC(38) Age table with threshold 15 (max threshold 15)
[2020-12-14T01:27:13.006+0000][6][gc,age       ] GC(38) - age   1:      66176 bytes,      66176 total
[2020-12-14T01:27:13.006+0000][6][gc,age       ] GC(38) - age   2:       1408 bytes,      67584 total
[2020-12-14T01:27:13.006+0000][6][gc,age       ] GC(38) - age   4:      31336 bytes,      98920 total
[2020-12-14T01:27:13.006+0000][6][gc,age       ] GC(38) - age   7:         32 bytes,      98952 total
[2020-12-14T01:27:13.006+0000][6][gc,age       ] GC(38) - age   8:        760 bytes,      99712 total
[2020-12-14T01:27:13.006+0000][6][gc,age       ] GC(38) - age   9:    4441832 bytes,    4541544 total
[2020-12-14T01:27:13.006+0000][6][gc,phases    ] GC(38)   Pre Evacuate Collection Set: 0.2ms
[2020-12-14T01:27:13.006+0000][6][gc,phases    ] GC(38)   Merge Heap Roots: 0.2ms
[2020-12-14T01:27:13.006+0000][6][gc,phases    ] GC(38)   Evacuate Collection Set: 8.5ms
[2020-12-14T01:27:13.006+0000][6][gc,phases    ] GC(38)   Post Evacuate Collection Set: 0.8ms
[2020-12-14T01:27:13.006+0000][6][gc,phases    ] GC(38)   Other: 0.4ms
[2020-12-14T01:27:13.006+0000][6][gc,heap      ] GC(38) Eden regions: 436->0(438)
[2020-12-14T01:27:13.006+0000][6][gc,heap      ] GC(38) Survivor regions: 5->5(56)
[2020-12-14T01:27:13.006+0000][6][gc,heap      ] GC(38) Old regions: 90->90
[2020-12-14T01:27:13.006+0000][6][gc,heap      ] GC(38) Archive regions: 2->2
[2020-12-14T01:27:13.006+0000][6][gc,heap      ] GC(38) Humongous regions: 53->53
[2020-12-14T01:27:13.006+0000][6][gc,metaspace ] GC(38) Metaspace: 61849K(65820K)->61849K(65820K) NonClass: 53612K(55808K)->53612K(55808K) Class: 8237K(10012K)->8237K(10012K)
[2020-12-14T01:27:13.006+0000][6][gc           ] GC(38) Pause Young (Normal) (G1 Evacuation Pause) 584M->148M(793M) 10.189ms
[2020-12-14T01:27:13.006+0000][6][gc,cpu       ] GC(38) User=0.09s Sys=0.00s Real=0.01s
[2020-12-14T01:27:13.006+0000][6][safepoint    ] Safepoint "G1CollectForAllocation", Time since last: 153642413 ns, Reaching safepoint: 124926 ns, At safepoint: 10329263 ns, Total: 10454189 ns
[2020-12-14T01:27:13.171+0000][6][gc,start     ] GC(39) Pause Young (Normal) (G1 Evacuation Pause)
[2020-12-14T01:27:13.171+0000][6][gc,task      ] GC(39) Using 10 workers of 10 for evacuation
[2020-12-14T01:27:13.171+0000][6][gc,age       ] GC(39) Desired survivor size 29360128 bytes, new threshold 15 (max threshold 15)
[2020-12-14T01:27:13.180+0000][6][gc,age       ] GC(39) Age table with threshold 15 (max threshold 15)
[2020-12-14T01:27:13.180+0000][6][gc,age       ] GC(39) - age   1:     131216 bytes,     131216 total
[2020-12-14T01:27:13.180+0000][6][gc,age       ] GC(39) - age   2:        464 bytes,     131680 total
[2020-12-14T01:27:13.180+0000][6][gc,age       ] GC(39) - age   3:       1408 bytes,     133088 total
[2020-12-14T01:27:13.180+0000][6][gc,age       ] GC(39) - age   5:      31336 bytes,     164424 total
[2020-12-14T01:27:13.180+0000][6][gc,age       ] GC(39) - age   8:         32 bytes,     164456 total
[2020-12-14T01:27:13.180+0000][6][gc,age       ] GC(39) - age   9:        760 bytes,     165216 total
[2020-12-14T01:27:13.180+0000][6][gc,age       ] GC(39) - age  10:    4441832 bytes,    4607048 total
[2020-12-14T01:27:13.180+0000][6][gc,phases    ] GC(39)   Pre Evacuate Collection Set: 0.1ms
[2020-12-14T01:27:13.180+0000][6][gc,phases    ] GC(39)   Merge Heap Roots: 0.1ms
[2020-12-14T01:27:13.180+0000][6][gc,phases    ] GC(39)   Evacuate Collection Set: 7.9ms
[2020-12-14T01:27:13.180+0000][6][gc,phases    ] GC(39)   Post Evacuate Collection Set: 0.6ms
[2020-12-14T01:27:13.180+0000][6][gc,phases    ] GC(39)   Other: 0.2ms
[2020-12-14T01:27:13.180+0000][6][gc,heap      ] GC(39) Eden regions: 438->0(439)
[2020-12-14T01:27:13.180+0000][6][gc,heap      ] GC(39) Survivor regions: 5->5(56)
[2020-12-14T01:27:13.180+0000][6][gc,heap      ] GC(39) Old regions: 90->90
[2020-12-14T01:27:13.180+0000][6][gc,heap      ] GC(39) Archive regions: 2->2
[2020-12-14T01:27:13.180+0000][6][gc,heap      ] GC(39) Humongous regions: 53->53
[2020-12-14T01:27:13.180+0000][6][gc,metaspace ] GC(39) Metaspace: 61849K(65820K)->61849K(65820K) NonClass: 53612K(55808K)->53612K(55808K) Class: 8237K(10012K)->8237K(10012K)
[2020-12-14T01:27:13.180+0000][6][gc           ] GC(39) Pause Young (Normal) (G1 Evacuation Pause) 586M->147M(793M) 9.083ms
[2020-12-14T01:27:13.180+0000][6][gc,cpu       ] GC(39) User=0.07s Sys=0.01s Real=0.01s
[2020-12-14T01:27:13.181+0000][6][safepoint    ] Safepoint "G1CollectForAllocation", Time since last: 165232241 ns, Reaching safepoint: 94838 ns, At safepoint: 9154844 ns, Total: 9249682 ns
[2020-12-14T01:27:13.344+0000][6][gc,start     ] GC(40) Pause Young (Normal) (G1 Evacuation Pause)
[2020-12-14T01:27:13.344+0000][6][gc,task      ] GC(40) Using 10 workers of 10 for evacuation
[2020-12-14T01:27:13.344+0000][6][gc,age       ] GC(40) Desired survivor size 29360128 bytes, new threshold 15 (max threshold 15)
[2020-12-14T01:27:13.353+0000][6][gc,age       ] GC(40) Age table with threshold 15 (max threshold 15)
[2020-12-14T01:27:13.353+0000][6][gc,age       ] GC(40) - age   1:       1328 bytes,       1328 total
[2020-12-14T01:27:13.353+0000][6][gc,age       ] GC(40) - age   3:        464 bytes,       1792 total
[2020-12-14T01:27:13.353+0000][6][gc,age       ] GC(40) - age   4:       1408 bytes,       3200 total
[2020-12-14T01:27:13.353+0000][6][gc,age       ] GC(40) - age   6:      31336 bytes,      34536 total
[2020-12-14T01:27:13.353+0000][6][gc,age       ] GC(40) - age   9:         32 bytes,      34568 total
[2020-12-14T01:27:13.353+0000][6][gc,age       ] GC(40) - age  10:        760 bytes,      35328 total
[2020-12-14T01:27:13.353+0000][6][gc,age       ] GC(40) - age  11:    4441832 bytes,    4477160 total
[2020-12-14T01:27:13.353+0000][6][gc,phases    ] GC(40)   Pre Evacuate Collection Set: 0.2ms
[2020-12-14T01:27:13.353+0000][6][gc,phases    ] GC(40)   Merge Heap Roots: 0.1ms
[2020-12-14T01:27:13.354+0000][6][gc,phases    ] GC(40)   Evacuate Collection Set: 8.2ms
[2020-12-14T01:27:13.354+0000][6][gc,phases    ] GC(40)   Post Evacuate Collection Set: 0.8ms
[2020-12-14T01:27:13.354+0000][6][gc,phases    ] GC(40)   Other: 0.4ms
[2020-12-14T01:27:13.354+0000][6][gc,heap      ] GC(40) Eden regions: 439->0(438)
[2020-12-14T01:27:13.354+0000][6][gc,heap      ] GC(40) Survivor regions: 5->5(56)
[2020-12-14T01:27:13.354+0000][6][gc,heap      ] GC(40) Old regions: 90->90
[2020-12-14T01:27:13.354+0000][6][gc,heap      ] GC(40) Archive regions: 2->2
[2020-12-14T01:27:13.354+0000][6][gc,heap      ] GC(40) Humongous regions: 54->54
[2020-12-14T01:27:13.354+0000][6][gc,metaspace ] GC(40) Metaspace: 61856K(66076K)->61856K(66076K) NonClass: 53618K(56064K)->53618K(56064K) Class: 8237K(10012K)->8237K(10012K)
[2020-12-14T01:27:13.354+0000][6][gc           ] GC(40) Pause Young (Normal) (G1 Evacuation Pause) 587M->148M(793M) 9.829ms
[2020-12-14T01:27:13.354+0000][6][gc,cpu       ] GC(40) User=0.07s Sys=0.01s Real=0.01s
[2020-12-14T01:27:13.354+0000][6][safepoint    ] Safepoint "G1CollectForAllocation", Time since last: 163083773 ns, Reaching safepoint: 195546 ns, At safepoint: 9954295 ns, Total: 10149841 ns
[2020-12-14T01:27:13.512+0000][6][gc,start     ] GC(41) Pause Young (Normal) (G1 Evacuation Pause)
[2020-12-14T01:27:13.512+0000][6][gc,task      ] GC(41) Using 10 workers of 10 for evacuation
[2020-12-14T01:27:13.512+0000][6][gc,age       ] GC(41) Desired survivor size 29360128 bytes, new threshold 15 (max threshold 15)
[2020-12-14T01:27:13.521+0000][6][gc,age       ] GC(41) Age table with threshold 15 (max threshold 15)
[2020-12-14T01:27:13.521+0000][6][gc,age       ] GC(41) - age   1:     115032 bytes,     115032 total
[2020-12-14T01:27:13.521+0000][6][gc,age       ] GC(41) - age   2:       1200 bytes,     116232 total
[2020-12-14T01:27:13.521+0000][6][gc,age       ] GC(41) - age   4:        432 bytes,     116664 total
[2020-12-14T01:27:13.521+0000][6][gc,age       ] GC(41) - age   5:       1408 bytes,     118072 total
[2020-12-14T01:27:13.521+0000][6][gc,age       ] GC(41) - age   7:      30488 bytes,     148560 total
[2020-12-14T01:27:13.521+0000][6][gc,age       ] GC(41) - age  10:         32 bytes,     148592 total
[2020-12-14T01:27:13.521+0000][6][gc,age       ] GC(41) - age  11:        760 bytes,     149352 total
[2020-12-14T01:27:13.521+0000][6][gc,age       ] GC(41) - age  12:    4441832 bytes,    4591184 total
[2020-12-14T01:27:13.521+0000][6][gc,phases    ] GC(41)   Pre Evacuate Collection Set: 0.2ms
[2020-12-14T01:27:13.521+0000][6][gc,phases    ] GC(41)   Merge Heap Roots: 0.1ms
[2020-12-14T01:27:13.521+0000][6][gc,phases    ] GC(41)   Evacuate Collection Set: 8.1ms
[2020-12-14T01:27:13.521+0000][6][gc,phases    ] GC(41)   Post Evacuate Collection Set: 0.6ms
[2020-12-14T01:27:13.521+0000][6][gc,phases    ] GC(41)   Other: 0.2ms
[2020-12-14T01:27:13.521+0000][6][gc,heap      ] GC(41) Eden regions: 438->0(438)
[2020-12-14T01:27:13.521+0000][6][gc,heap      ] GC(41) Survivor regions: 5->5(56)
[2020-12-14T01:27:13.521+0000][6][gc,heap      ] GC(41) Old regions: 90->90
[2020-12-14T01:27:13.521+0000][6][gc,heap      ] GC(41) Archive regions: 2->2
[2020-12-14T01:27:13.521+0000][6][gc,heap      ] GC(41) Humongous regions: 54->54
[2020-12-14T01:27:13.521+0000][6][gc,metaspace ] GC(41) Metaspace: 61863K(66076K)->61863K(66076K) NonClass: 53625K(56064K)->53625K(56064K) Class: 8237K(10012K)->8237K(10012K)
[2020-12-14T01:27:13.521+0000][6][gc           ] GC(41) Pause Young (Normal) (G1 Evacuation Pause) 586M->148M(793M) 9.223ms
[2020-12-14T01:27:13.521+0000][6][gc,cpu       ] GC(41) User=0.07s Sys=0.00s Real=0.01s
[2020-12-14T01:27:13.521+0000][6][safepoint    ] Safepoint "G1CollectForAllocation", Time since last: 158342653 ns, Reaching safepoint: 108686 ns, At safepoint: 9294728 ns, Total: 9403414 ns
[2020-12-14T01:27:13.760+0000][6][gc,start     ] GC(42) Pause Young (Normal) (G1 Evacuation Pause)
[2020-12-14T01:27:13.760+0000][6][gc,task      ] GC(42) Using 10 workers of 10 for evacuation
[2020-12-14T01:27:13.760+0000][6][gc,age       ] GC(42) Desired survivor size 29360128 bytes, new threshold 15 (max threshold 15)
[2020-12-14T01:27:13.770+0000][6][gc,age       ] GC(42) Age table with threshold 15 (max threshold 15)
[2020-12-14T01:27:13.770+0000][6][gc,age       ] GC(42) - age   1:        232 bytes,        232 total
[2020-12-14T01:27:13.770+0000][6][gc,age       ] GC(42) - age   2:     114800 bytes,     115032 total
[2020-12-14T01:27:13.770+0000][6][gc,age       ] GC(42) - age   3:       1200 bytes,     116232 total
[2020-12-14T01:27:13.770+0000][6][gc,age       ] GC(42) - age   5:        432 bytes,     116664 total
[2020-12-14T01:27:13.770+0000][6][gc,age       ] GC(42) - age   6:       1408 bytes,     118072 total
[2020-12-14T01:27:13.770+0000][6][gc,age       ] GC(42) - age   8:      30488 bytes,     148560 total
[2020-12-14T01:27:13.770+0000][6][gc,age       ] GC(42) - age  11:         32 bytes,     148592 total
[2020-12-14T01:27:13.770+0000][6][gc,age       ] GC(42) - age  12:        760 bytes,     149352 total
[2020-12-14T01:27:13.770+0000][6][gc,age       ] GC(42) - age  13:    4441832 bytes,    4591184 total
[2020-12-14T01:27:13.770+0000][6][gc,phases    ] GC(42)   Pre Evacuate Collection Set: 0.2ms
[2020-12-14T01:27:13.770+0000][6][gc,phases    ] GC(42)   Merge Heap Roots: 0.2ms
[2020-12-14T01:27:13.770+0000][6][gc,phases    ] GC(42)   Evacuate Collection Set: 8.7ms
[2020-12-14T01:27:13.770+0000][6][gc,phases    ] GC(42)   Post Evacuate Collection Set: 0.8ms
[2020-12-14T01:27:13.770+0000][6][gc,phases    ] GC(42)   Other: 0.4ms
[2020-12-14T01:27:13.770+0000][6][gc,heap      ] GC(42) Eden regions: 438->0(438)
[2020-12-14T01:27:13.770+0000][6][gc,heap      ] GC(42) Survivor regions: 5->5(56)
[2020-12-14T01:27:13.770+0000][6][gc,heap      ] GC(42) Old regions: 90->90
[2020-12-14T01:27:13.770+0000][6][gc,heap      ] GC(42) Archive regions: 2->2
[2020-12-14T01:27:13.770+0000][6][gc,heap      ] GC(42) Humongous regions: 54->54
[2020-12-14T01:27:13.770+0000][6][gc,metaspace ] GC(42) Metaspace: 61863K(66076K)->61863K(66076K) NonClass: 53625K(56064K)->53625K(56064K) Class: 8237K(10012K)->8237K(10012K)
[2020-12-14T01:27:13.771+0000][6][gc           ] GC(42) Pause Young (Normal) (G1 Evacuation Pause) 586M->148M(793M) 10.429ms
[2020-12-14T01:27:13.771+0000][6][gc,cpu       ] GC(42) User=0.09s Sys=0.00s Real=0.01s
[2020-12-14T01:27:13.771+0000][6][safepoint    ] Safepoint "G1CollectForAllocation", Time since last: 238415700 ns, Reaching safepoint: 113235 ns, At safepoint: 10564451 ns, Total: 10677686 ns
[2020-12-14T01:27:13.943+0000][6][gc,start     ] GC(43) Pause Young (Normal) (G1 Evacuation Pause)
[2020-12-14T01:27:13.943+0000][6][gc,task      ] GC(43) Using 10 workers of 10 for evacuation
[2020-12-14T01:27:13.943+0000][6][gc,age       ] GC(43) Desired survivor size 29360128 bytes, new threshold 15 (max threshold 15)
[2020-12-14T01:27:13.952+0000][6][gc,age       ] GC(43) Age table with threshold 15 (max threshold 15)
[2020-12-14T01:27:13.952+0000][6][gc,age       ] GC(43) - age   1:        696 bytes,        696 total
[2020-12-14T01:27:13.952+0000][6][gc,age       ] GC(43) - age   3:     114768 bytes,     115464 total
[2020-12-14T01:27:13.952+0000][6][gc,age       ] GC(43) - age   4:       1200 bytes,     116664 total
[2020-12-14T01:27:13.952+0000][6][gc,age       ] GC(43) - age   6:         32 bytes,     116696 total
[2020-12-14T01:27:13.952+0000][6][gc,age       ] GC(43) - age   7:       1408 bytes,     118104 total
[2020-12-14T01:27:13.952+0000][6][gc,age       ] GC(43) - age   9:      30488 bytes,     148592 total
[2020-12-14T01:27:13.952+0000][6][gc,age       ] GC(43) - age  13:        760 bytes,     149352 total
[2020-12-14T01:27:13.952+0000][6][gc,age       ] GC(43) - age  14:    4441832 bytes,    4591184 total
[2020-12-14T01:27:13.952+0000][6][gc,phases    ] GC(43)   Pre Evacuate Collection Set: 0.2ms
[2020-12-14T01:27:13.952+0000][6][gc,phases    ] GC(43)   Merge Heap Roots: 0.2ms
[2020-12-14T01:27:13.952+0000][6][gc,phases    ] GC(43)   Evacuate Collection Set: 8.0ms
[2020-12-14T01:27:13.953+0000][6][gc,phases    ] GC(43)   Post Evacuate Collection Set: 0.8ms
[2020-12-14T01:27:13.953+0000][6][gc,phases    ] GC(43)   Other: 0.4ms
[2020-12-14T01:27:13.953+0000][6][gc,heap      ] GC(43) Eden regions: 438->0(438)
[2020-12-14T01:27:13.953+0000][6][gc,heap      ] GC(43) Survivor regions: 5->5(56)
[2020-12-14T01:27:13.953+0000][6][gc,heap      ] GC(43) Old regions: 90->90
[2020-12-14T01:27:13.953+0000][6][gc,heap      ] GC(43) Archive regions: 2->2
[2020-12-14T01:27:13.953+0000][6][gc,heap      ] GC(43) Humongous regions: 54->54
[2020-12-14T01:27:13.953+0000][6][gc,metaspace ] GC(43) Metaspace: 61863K(66076K)->61863K(66076K) NonClass: 53625K(56064K)->53625K(56064K) Class: 8237K(10012K)->8237K(10012K)
[2020-12-14T01:27:13.953+0000][6][gc           ] GC(43) Pause Young (Normal) (G1 Evacuation Pause) 586M->149M(793M) 9.708ms
[2020-12-14T01:27:13.953+0000][6][gc,cpu       ] GC(43) User=0.08s Sys=0.01s Real=0.01s
[2020-12-14T01:27:13.953+0000][6][safepoint    ] Safepoint "G1CollectForAllocation", Time since last: 172172958 ns, Reaching safepoint: 133578 ns, At safepoint: 9827571 ns, Total: 9961149 ns
[2020-12-14T01:27:14.125+0000][6][gc,start     ] GC(44) Pause Young (Normal) (G1 Evacuation Pause)
[2020-12-14T01:27:14.126+0000][6][gc,task      ] GC(44) Using 10 workers of 10 for evacuation
[2020-12-14T01:27:14.126+0000][6][gc,age       ] GC(44) Desired survivor size 29360128 bytes, new threshold 15 (max threshold 15)
[2020-12-14T01:27:14.132+0000][6][gc,age       ] GC(44) Age table with threshold 15 (max threshold 15)
[2020-12-14T01:27:14.132+0000][6][gc,age       ] GC(44) - age   1:        232 bytes,        232 total
[2020-12-14T01:27:14.132+0000][6][gc,age       ] GC(44) - age   2:        464 bytes,        696 total
[2020-12-14T01:27:14.132+0000][6][gc,age       ] GC(44) - age   4:     114768 bytes,     115464 total
[2020-12-14T01:27:14.132+0000][6][gc,age       ] GC(44) - age   5:       1200 bytes,     116664 total
[2020-12-14T01:27:14.132+0000][6][gc,age       ] GC(44) - age   7:         32 bytes,     116696 total
[2020-12-14T01:27:14.132+0000][6][gc,age       ] GC(44) - age   8:       1408 bytes,     118104 total
[2020-12-14T01:27:14.132+0000][6][gc,age       ] GC(44) - age  10:      30488 bytes,     148592 total
[2020-12-14T01:27:14.132+0000][6][gc,age       ] GC(44) - age  14:        760 bytes,     149352 total
[2020-12-14T01:27:14.132+0000][6][gc,age       ] GC(44) - age  15:    4441832 bytes,    4591184 total
[2020-12-14T01:27:14.132+0000][6][gc,phases    ] GC(44)   Pre Evacuate Collection Set: 0.2ms
[2020-12-14T01:27:14.132+0000][6][gc,phases    ] GC(44)   Merge Heap Roots: 0.2ms
[2020-12-14T01:27:14.132+0000][6][gc,phases    ] GC(44)   Evacuate Collection Set: 5.4ms
[2020-12-14T01:27:14.132+0000][6][gc,phases    ] GC(44)   Post Evacuate Collection Set: 0.8ms
[2020-12-14T01:27:14.132+0000][6][gc,phases    ] GC(44)   Other: 0.4ms
[2020-12-14T01:27:14.133+0000][6][gc,heap      ] GC(44) Eden regions: 438->0(438)
[2020-12-14T01:27:14.133+0000][6][gc,heap      ] GC(44) Survivor regions: 5->5(56)
[2020-12-14T01:27:14.133+0000][6][gc,heap      ] GC(44) Old regions: 90->90
[2020-12-14T01:27:14.133+0000][6][gc,heap      ] GC(44) Archive regions: 2->2
[2020-12-14T01:27:14.133+0000][6][gc,heap      ] GC(44) Humongous regions: 54->54
[2020-12-14T01:27:14.133+0000][6][gc,metaspace ] GC(44) Metaspace: 61863K(66076K)->61863K(66076K) NonClass: 53625K(56064K)->53625K(56064K) Class: 8237K(10012K)->8237K(10012K)
[2020-12-14T01:27:14.133+0000][6][gc           ] GC(44) Pause Young (Normal) (G1 Evacuation Pause) 587M->149M(793M) 7.134ms
[2020-12-14T01:27:14.133+0000][6][gc,cpu       ] GC(44) User=0.06s Sys=0.00s Real=0.00s
[2020-12-14T01:27:14.133+0000][6][safepoint    ] Safepoint "G1CollectForAllocation", Time since last: 172578641 ns, Reaching safepoint: 138570 ns, At safepoint: 7257890 ns, Total: 7396460 ns
[2020-12-14T01:27:14.308+0000][6][gc,start     ] GC(45) Pause Young (Normal) (G1 Evacuation Pause)
[2020-12-14T01:27:14.308+0000][6][gc,task      ] GC(45) Using 10 workers of 10 for evacuation
[2020-12-14T01:27:14.308+0000][6][gc,age       ] GC(45) Desired survivor size 29360128 bytes, new threshold 15 (max threshold 15)
[2020-12-14T01:27:14.318+0000][6][gc,age       ] GC(45) Age table with threshold 15 (max threshold 15)
[2020-12-14T01:27:14.318+0000][6][gc,age       ] GC(45) - age   1:        232 bytes,        232 total
[2020-12-14T01:27:14.318+0000][6][gc,age       ] GC(45) - age   3:        464 bytes,        696 total
[2020-12-14T01:27:14.318+0000][6][gc,age       ] GC(45) - age   5:     114768 bytes,     115464 total
[2020-12-14T01:27:14.318+0000][6][gc,age       ] GC(45) - age   6:       1200 bytes,     116664 total
[2020-12-14T01:27:14.318+0000][6][gc,age       ] GC(45) - age   8:         32 bytes,     116696 total
[2020-12-14T01:27:14.318+0000][6][gc,age       ] GC(45) - age   9:       1408 bytes,     118104 total
[2020-12-14T01:27:14.318+0000][6][gc,age       ] GC(45) - age  11:      30488 bytes,     148592 total
[2020-12-14T01:27:14.318+0000][6][gc,age       ] GC(45) - age  15:        760 bytes,     149352 total
[2020-12-14T01:27:14.318+0000][6][gc,phases    ] GC(45)   Pre Evacuate Collection Set: 0.2ms
[2020-12-14T01:27:14.318+0000][6][gc,phases    ] GC(45)   Merge Heap Roots: 0.2ms
[2020-12-14T01:27:14.318+0000][6][gc,phases    ] GC(45)   Evacuate Collection Set: 8.5ms
[2020-12-14T01:27:14.318+0000][6][gc,phases    ] GC(45)   Post Evacuate Collection Set: 0.9ms
[2020-12-14T01:27:14.319+0000][6][gc,phases    ] GC(45)   Other: 0.5ms
[2020-12-14T01:27:14.319+0000][6][gc,heap      ] GC(45) Eden regions: 438->0(439)
[2020-12-14T01:27:14.319+0000][6][gc,heap      ] GC(45) Survivor regions: 5->1(56)
[2020-12-14T01:27:14.319+0000][6][gc,heap      ] GC(45) Old regions: 90->94
[2020-12-14T01:27:14.319+0000][6][gc,heap      ] GC(45) Archive regions: 2->2
[2020-12-14T01:27:14.319+0000][6][gc,heap      ] GC(45) Humongous regions: 56->56
[2020-12-14T01:27:14.319+0000][6][gc,metaspace ] GC(45) Metaspace: 61863K(66076K)->61863K(66076K) NonClass: 53625K(56064K)->53625K(56064K) Class: 8237K(10012K)->8237K(10012K)
[2020-12-14T01:27:14.319+0000][6][gc           ] GC(45) Pause Young (Normal) (G1 Evacuation Pause) 589M->151M(793M) 10.333ms
[2020-12-14T01:27:14.319+0000][6][gc,cpu       ] GC(45) User=0.08s Sys=0.01s Real=0.01s
[2020-12-14T01:27:14.319+0000][6][safepoint    ] Safepoint "G1CollectForAllocation", Time since last: 175359709 ns, Reaching safepoint: 183819 ns, At safepoint: 10469474 ns, Total: 10653293 ns
[2020-12-14T01:27:14.495+0000][6][gc,start     ] GC(46) Pause Young (Normal) (G1 Evacuation Pause)
[2020-12-14T01:27:14.495+0000][6][gc,task      ] GC(46) Using 10 workers of 10 for evacuation
[2020-12-14T01:27:14.495+0000][6][gc,age       ] GC(46) Desired survivor size 28835840 bytes, new threshold 15 (max threshold 15)
[2020-12-14T01:27:14.499+0000][6][gc,age       ] GC(46) Age table with threshold 15 (max threshold 15)
[2020-12-14T01:27:14.499+0000][6][gc,age       ] GC(46) - age   1:       1232 bytes,       1232 total
[2020-12-14T01:27:14.499+0000][6][gc,age       ] GC(46) - age   4:        432 bytes,       1664 total
[2020-12-14T01:27:14.499+0000][6][gc,age       ] GC(46) - age   6:     113920 bytes,     115584 total
[2020-12-14T01:27:14.499+0000][6][gc,age       ] GC(46) - age   7:       1200 bytes,     116784 total
[2020-12-14T01:27:14.499+0000][6][gc,age       ] GC(46) - age   9:         32 bytes,     116816 total
[2020-12-14T01:27:14.499+0000][6][gc,age       ] GC(46) - age  10:       1408 bytes,     118224 total
[2020-12-14T01:27:14.499+0000][6][gc,age       ] GC(46) - age  12:      30488 bytes,     148712 total
[2020-12-14T01:27:14.499+0000][6][gc,phases    ] GC(46)   Pre Evacuate Collection Set: 0.2ms
[2020-12-14T01:27:14.499+0000][6][gc,phases    ] GC(46)   Merge Heap Roots: 0.1ms
[2020-12-14T01:27:14.499+0000][6][gc,phases    ] GC(46)   Evacuate Collection Set: 2.5ms
[2020-12-14T01:27:14.499+0000][6][gc,phases    ] GC(46)   Post Evacuate Collection Set: 0.8ms
[2020-12-14T01:27:14.499+0000][6][gc,phases    ] GC(46)   Other: 0.4ms
[2020-12-14T01:27:14.499+0000][6][gc,heap      ] GC(46) Eden regions: 439->0(436)
[2020-12-14T01:27:14.499+0000][6][gc,heap      ] GC(46) Survivor regions: 1->1(55)
[2020-12-14T01:27:14.499+0000][6][gc,heap      ] GC(46) Old regions: 94->94
[2020-12-14T01:27:14.499+0000][6][gc,heap      ] GC(46) Archive regions: 2->2
[2020-12-14T01:27:14.499+0000][6][gc,heap      ] GC(46) Humongous regions: 59->59
[2020-12-14T01:27:14.499+0000][6][gc,metaspace ] GC(46) Metaspace: 61870K(66076K)->61870K(66076K) NonClass: 53633K(56064K)->53633K(56064K) Class: 8237K(10012K)->8237K(10012K)
[2020-12-14T01:27:14.499+0000][6][gc           ] GC(46) Pause Young (Normal) (G1 Evacuation Pause) 593M->153M(793M) 4.184ms
[2020-12-14T01:27:14.499+0000][6][gc,cpu       ] GC(46) User=0.03s Sys=0.00s Real=0.00s
[2020-12-14T01:27:14.499+0000][6][safepoint    ] Safepoint "G1CollectForAllocation", Time since last: 175908428 ns, Reaching safepoint: 187247 ns, At safepoint: 4320682 ns, Total: 4507929 ns
[2020-12-14T01:27:14.656+0000][6][gc,start     ] GC(47) Pause Young (Normal) (G1 Evacuation Pause)
[2020-12-14T01:27:14.656+0000][6][gc,task      ] GC(47) Using 10 workers of 10 for evacuation
[2020-12-14T01:27:14.656+0000][6][gc,age       ] GC(47) Desired survivor size 28835840 bytes, new threshold 15 (max threshold 15)
[2020-12-14T01:27:14.658+0000][6][gc,age       ] GC(47) Age table with threshold 15 (max threshold 15)
[2020-12-14T01:27:14.659+0000][6][gc,age       ] GC(47) - age   1:        128 bytes,        128 total
[2020-12-14T01:27:14.659+0000][6][gc,age       ] GC(47) - age   2:        880 bytes,       1008 total
[2020-12-14T01:27:14.659+0000][6][gc,age       ] GC(47) - age   5:        432 bytes,       1440 total
[2020-12-14T01:27:14.659+0000][6][gc,age       ] GC(47) - age   7:     113920 bytes,     115360 total
[2020-12-14T01:27:14.659+0000][6][gc,age       ] GC(47) - age   8:       1200 bytes,     116560 total
[2020-12-14T01:27:14.659+0000][6][gc,age       ] GC(47) - age  10:         32 bytes,     116592 total
[2020-12-14T01:27:14.659+0000][6][gc,age       ] GC(47) - age  11:       1408 bytes,     118000 total
[2020-12-14T01:27:14.659+0000][6][gc,age       ] GC(47) - age  13:      30488 bytes,     148488 total
[2020-12-14T01:27:14.659+0000][6][gc,phases    ] GC(47)   Pre Evacuate Collection Set: 0.2ms
[2020-12-14T01:27:14.659+0000][6][gc,phases    ] GC(47)   Merge Heap Roots: 0.1ms
[2020-12-14T01:27:14.659+0000][6][gc,phases    ] GC(47)   Evacuate Collection Set: 1.2ms
[2020-12-14T01:27:14.659+0000][6][gc,phases    ] GC(47)   Post Evacuate Collection Set: 0.8ms
[2020-12-14T01:27:14.659+0000][6][gc,phases    ] GC(47)   Other: 0.4ms
[2020-12-14T01:27:14.659+0000][6][gc,heap      ] GC(47) Eden regions: 436->0(437)
[2020-12-14T01:27:14.659+0000][6][gc,heap      ] GC(47) Survivor regions: 1->1(55)
[2020-12-14T01:27:14.659+0000][6][gc,heap      ] GC(47) Old regions: 94->94
[2020-12-14T01:27:14.659+0000][6][gc,heap      ] GC(47) Archive regions: 2->2
[2020-12-14T01:27:14.659+0000][6][gc,heap      ] GC(47) Humongous regions: 59->59
[2020-12-14T01:27:14.659+0000][6][gc,metaspace ] GC(47) Metaspace: 61870K(66076K)->61870K(66076K) NonClass: 53633K(56064K)->53633K(56064K) Class: 8237K(10012K)->8237K(10012K)
[2020-12-14T01:27:14.659+0000][6][gc           ] GC(47) Pause Young (Normal) (G1 Evacuation Pause) 589M->153M(793M) 2.927ms
[2020-12-14T01:27:14.659+0000][6][gc,cpu       ] GC(47) User=0.02s Sys=0.00s Real=0.00s
[2020-12-14T01:27:14.659+0000][6][safepoint    ] Safepoint "G1CollectForAllocation", Time since last: 156638709 ns, Reaching safepoint: 143499 ns, At safepoint: 3050671 ns, Total: 3194170 ns
[2020-12-14T01:27:14.813+0000][6][gc,start     ] GC(48) Pause Young (Normal) (G1 Evacuation Pause)
[2020-12-14T01:27:14.813+0000][6][gc,task      ] GC(48) Using 10 workers of 10 for evacuation
[2020-12-14T01:27:14.813+0000][6][gc,age       ] GC(48) Desired survivor size 28835840 bytes, new threshold 15 (max threshold 15)
[2020-12-14T01:27:14.816+0000][6][gc,age       ] GC(48) Age table with threshold 15 (max threshold 15)
[2020-12-14T01:27:14.816+0000][6][gc,age       ] GC(48) - age   3:        880 bytes,        880 total
[2020-12-14T01:27:14.816+0000][6][gc,age       ] GC(48) - age   6:        432 bytes,       1312 total
[2020-12-14T01:27:14.816+0000][6][gc,age       ] GC(48) - age   8:     113920 bytes,     115232 total
[2020-12-14T01:27:14.816+0000][6][gc,age       ] GC(48) - age   9:       1200 bytes,     116432 total
[2020-12-14T01:27:14.816+0000][6][gc,age       ] GC(48) - age  11:         32 bytes,     116464 total
[2020-12-14T01:27:14.816+0000][6][gc,age       ] GC(48) - age  12:       1408 bytes,     117872 total
[2020-12-14T01:27:14.816+0000][6][gc,age       ] GC(48) - age  14:      30488 bytes,     148360 total
[2020-12-14T01:27:14.816+0000][6][gc,phases    ] GC(48)   Pre Evacuate Collection Set: 0.2ms
[2020-12-14T01:27:14.816+0000][6][gc,phases    ] GC(48)   Merge Heap Roots: 0.1ms
[2020-12-14T01:27:14.816+0000][6][gc,phases    ] GC(48)   Evacuate Collection Set: 1.5ms
[2020-12-14T01:27:14.816+0000][6][gc,phases    ] GC(48)   Post Evacuate Collection Set: 0.9ms
[2020-12-14T01:27:14.816+0000][6][gc,phases    ] GC(48)   Other: 0.4ms
[2020-12-14T01:27:14.816+0000][6][gc,heap      ] GC(48) Eden regions: 437->0(437)
[2020-12-14T01:27:14.816+0000][6][gc,heap      ] GC(48) Survivor regions: 1->1(55)
[2020-12-14T01:27:14.816+0000][6][gc,heap      ] GC(48) Old regions: 94->94
[2020-12-14T01:27:14.816+0000][6][gc,heap      ] GC(48) Archive regions: 2->2
[2020-12-14T01:27:14.816+0000][6][gc,heap      ] GC(48) Humongous regions: 59->59
[2020-12-14T01:27:14.816+0000][6][gc,metaspace ] GC(48) Metaspace: 61870K(66076K)->61870K(66076K) NonClass: 53633K(56064K)->53633K(56064K) Class: 8237K(10012K)->8237K(10012K)
[2020-12-14T01:27:14.816+0000][6][gc           ] GC(48) Pause Young (Normal) (G1 Evacuation Pause) 590M->153M(793M) 3.264ms
[2020-12-14T01:27:14.816+0000][6][gc,cpu       ] GC(48) User=0.02s Sys=0.00s Real=0.01s
[2020-12-14T01:27:14.816+0000][6][safepoint    ] Safepoint "G1CollectForAllocation", Time since last: 153903567 ns, Reaching safepoint: 149232 ns, At safepoint: 3397269 ns, Total: 3546501 ns
[2020-12-14T01:27:15.625+0000][6][gc,start     ] GC(49) Pause Young (Normal) (G1 Evacuation Pause)
[2020-12-14T01:27:15.625+0000][6][gc,task      ] GC(49) Using 10 workers of 10 for evacuation
[2020-12-14T01:27:15.625+0000][6][gc,age       ] GC(49) Desired survivor size 28835840 bytes, new threshold 15 (max threshold 15)
[2020-12-14T01:27:15.634+0000][6][gc,age       ] GC(49) Age table with threshold 15 (max threshold 15)
[2020-12-14T01:27:15.635+0000][6][gc,age       ] GC(49) - age   1:    7086024 bytes,    7086024 total
[2020-12-14T01:27:15.635+0000][6][gc,age       ] GC(49) - age   7:         32 bytes,    7086056 total
[2020-12-14T01:27:15.635+0000][6][gc,age       ] GC(49) - age   9:     113920 bytes,    7199976 total
[2020-12-14T01:27:15.635+0000][6][gc,age       ] GC(49) - age  10:       1200 bytes,    7201176 total
[2020-12-14T01:27:15.635+0000][6][gc,age       ] GC(49) - age  13:       1408 bytes,    7202584 total
[2020-12-14T01:27:15.635+0000][6][gc,age       ] GC(49) - age  15:      30488 bytes,    7233072 total
[2020-12-14T01:27:15.635+0000][6][gc,phases    ] GC(49)   Pre Evacuate Collection Set: 0.2ms
[2020-12-14T01:27:15.635+0000][6][gc,phases    ] GC(49)   Merge Heap Roots: 0.2ms
[2020-12-14T01:27:15.635+0000][6][gc,phases    ] GC(49)   Evacuate Collection Set: 8.6ms
[2020-12-14T01:27:15.635+0000][6][gc,phases    ] GC(49)   Post Evacuate Collection Set: 0.8ms
[2020-12-14T01:27:15.635+0000][6][gc,phases    ] GC(49)   Other: 0.4ms
[2020-12-14T01:27:15.635+0000][6][gc,heap      ] GC(49) Eden regions: 437->0(416)
[2020-12-14T01:27:15.635+0000][6][gc,heap      ] GC(49) Survivor regions: 1->7(55)
[2020-12-14T01:27:15.635+0000][6][gc,heap      ] GC(49) Old regions: 94->94
[2020-12-14T01:27:15.635+0000][6][gc,heap      ] GC(49) Archive regions: 2->2
[2020-12-14T01:27:15.635+0000][6][gc,heap      ] GC(49) Humongous regions: 67->67
[2020-12-14T01:27:15.635+0000][6][gc,metaspace ] GC(49) Metaspace: 61978K(66076K)->61978K(66076K) NonClass: 53740K(56064K)->53740K(56064K) Class: 8237K(10012K)->8237K(10012K)
[2020-12-14T01:27:15.635+0000][6][gc           ] GC(49) Pause Young (Normal) (G1 Evacuation Pause) 598M->168M(793M) 10.310ms
[2020-12-14T01:27:15.635+0000][6][gc,cpu       ] GC(49) User=0.08s Sys=0.01s Real=0.01s
[2020-12-14T01:27:15.635+0000][6][safepoint    ] Safepoint "G1CollectForAllocation", Time since last: 807986356 ns, Reaching safepoint: 152167 ns, At safepoint: 10450240 ns, Total: 10602407 ns
[2020-12-14T01:27:16.528+0000][6][gc,start     ] GC(50) Pause Young (Normal) (G1 Evacuation Pause)
[2020-12-14T01:27:16.528+0000][6][gc,task      ] GC(50) Using 10 workers of 10 for evacuation
[2020-12-14T01:27:16.528+0000][6][gc,age       ] GC(50) Desired survivor size 27787264 bytes, new threshold 15 (max threshold 15)
[2020-12-14T01:27:16.544+0000][6][gc,age       ] GC(50) Age table with threshold 15 (max threshold 15)
[2020-12-14T01:27:16.544+0000][6][gc,age       ] GC(50) - age   1:   10258160 bytes,   10258160 total
[2020-12-14T01:27:16.544+0000][6][gc,age       ] GC(50) - age   2:    6672552 bytes,   16930712 total
[2020-12-14T01:27:16.544+0000][6][gc,age       ] GC(50) - age  10:      46808 bytes,   16977520 total
[2020-12-14T01:27:16.544+0000][6][gc,age       ] GC(50) - age  11:        120 bytes,   16977640 total
[2020-12-14T01:27:16.544+0000][6][gc,age       ] GC(50) - age  14:       1408 bytes,   16979048 total
[2020-12-14T01:27:16.544+0000][6][gc,phases    ] GC(50)   Pre Evacuate Collection Set: 0.2ms
[2020-12-14T01:27:16.544+0000][6][gc,phases    ] GC(50)   Merge Heap Roots: 0.2ms
[2020-12-14T01:27:16.544+0000][6][gc,phases    ] GC(50)   Evacuate Collection Set: 14.7ms
[2020-12-14T01:27:16.544+0000][6][gc,phases    ] GC(50)   Post Evacuate Collection Set: 0.8ms
[2020-12-14T01:27:16.544+0000][6][gc,phases    ] GC(50)   Other: 0.4ms
[2020-12-14T01:27:16.544+0000][6][gc,heap      ] GC(50) Eden regions: 416->0(396)
[2020-12-14T01:27:16.544+0000][6][gc,heap      ] GC(50) Survivor regions: 7->17(53)
[2020-12-14T01:27:16.544+0000][6][gc,heap      ] GC(50) Old regions: 94->94
[2020-12-14T01:27:16.544+0000][6][gc,heap      ] GC(50) Archive regions: 2->2
[2020-12-14T01:27:16.544+0000][6][gc,heap      ] GC(50) Humongous regions: 70->68
[2020-12-14T01:27:16.544+0000][6][gc,metaspace ] GC(50) Metaspace: 62006K(66076K)->62006K(66076K) NonClass: 53769K(56064K)->53769K(56064K) Class: 8237K(10012K)->8237K(10012K)
[2020-12-14T01:27:16.544+0000][6][gc           ] GC(50) Pause Young (Normal) (G1 Evacuation Pause) 587M->179M(793M) 16.345ms
[2020-12-14T01:27:16.544+0000][6][gc,cpu       ] GC(50) User=0.14s Sys=0.01s Real=0.02s
[2020-12-14T01:27:16.545+0000][6][safepoint    ] Safepoint "G1CollectForAllocation", Time since last: 892879691 ns, Reaching safepoint: 174987 ns, At safepoint: 16496155 ns, Total: 16671142 ns
[2020-12-14T01:27:16.890+0000][6][safepoint    ] Safepoint "ICBufferFull", Time since last: 345057735 ns, Reaching safepoint: 209893 ns, At safepoint: 12531 ns, Total: 222424 ns
[2020-12-14T01:27:17.023+0000][6][safepoint    ] Safepoint "BulkRevokeBias", Time since last: 132895591 ns, Reaching safepoint: 248032 ns, At safepoint: 198428 ns, Total: 446460 ns
[2020-12-14T01:27:17.082+0000][6][safepoint    ] Safepoint "BulkRevokeBias", Time since last: 57975411 ns, Reaching safepoint: 159204 ns, At safepoint: 303626 ns, Total: 462830 ns
[2020-12-14T01:27:18.274+0000][6][safepoint    ] Safepoint "Cleanup", Time since last: 1192297184 ns, Reaching safepoint: 123233 ns, At safepoint: 10869 ns, Total: 134102 ns
[2020-12-14T01:27:19.388+0000][6][safepoint    ] Safepoint "Cleanup", Time since last: 1113738446 ns, Reaching safepoint: 168432 ns, At safepoint: 7733 ns, Total: 176165 ns
[2020-12-14T01:27:19.702+0000][6][safepoint    ] Safepoint "BulkRevokeBias", Time since last: 313869137 ns, Reaching safepoint: 91214 ns, At safepoint: 278835 ns, Total: 370049 ns
[2020-12-14T01:27:20.749+0000][6][safepoint    ] Safepoint "Cleanup", Time since last: 1046260696 ns, Reaching safepoint: 203391 ns, At safepoint: 14975 ns, Total: 218366 ns
[2020-12-14T01:27:21.778+0000][6][safepoint    ] Safepoint "Cleanup", Time since last: 1029386256 ns, Reaching safepoint: 199321 ns, At safepoint: 17067 ns, Total: 216388 ns
[2020-12-14T01:27:22.779+0000][6][safepoint    ] Safepoint "Cleanup", Time since last: 1000189059 ns, Reaching safepoint: 169094 ns, At safepoint: 16893 ns, Total: 185987 ns
[2020-12-14T01:27:24.281+0000][6][safepoint    ] Safepoint "Cleanup", Time since last: 1502550031 ns, Reaching safepoint: 171672 ns, At safepoint: 13782 ns, Total: 185454 ns
[2020-12-14T01:27:25.020+0000][6][safepoint    ] Safepoint "BulkRevokeBias", Time since last: 737110861 ns, Reaching safepoint: 290022 ns, At safepoint: 1673960 ns, Total: 1963982 ns
[2020-12-14T01:27:26.023+0000][6][safepoint    ] Safepoint "Cleanup", Time since last: 1002203592 ns, Reaching safepoint: 178093 ns, At safepoint: 15165 ns, Total: 193258 ns
[2020-12-14T01:27:28.024+0000][6][safepoint    ] Safepoint "Cleanup", Time since last: 2001384088 ns, Reaching safepoint: 167648 ns, At safepoint: 11097 ns, Total: 178745 ns
[2020-12-14T01:27:30.284+0000][6][safepoint    ] Safepoint "Cleanup", Time since last: 2259472446 ns, Reaching safepoint: 406975 ns, At safepoint: 20805 ns, Total: 427780 ns
[2020-12-14T01:27:31.785+0000][6][safepoint    ] Safepoint "Cleanup", Time since last: 1500190661 ns, Reaching safepoint: 196246 ns, At safepoint: 16640 ns, Total: 212886 ns
[2020-12-14T01:27:33.284+0000][6][safepoint    ] Safepoint "Cleanup", Time since last: 1499031041 ns, Reaching safepoint: 172572 ns, At safepoint: 20289 ns, Total: 192861 ns
[2020-12-14T01:27:34.779+0000][6][safepoint    ] Safepoint "Cleanup", Time since last: 1494666628 ns, Reaching safepoint: 241812 ns, At safepoint: 16506 ns, Total: 258318 ns
[2020-12-14T01:27:35.785+0000][6][safepoint    ] Safepoint "BulkRevokeBias", Time since last: 1004884016 ns, Reaching safepoint: 210134 ns, At safepoint: 759943 ns, Total: 970077 ns
[2020-12-14T01:27:39.640+0000][6][safepoint    ] Safepoint "Cleanup", Time since last: 3855385677 ns, Reaching safepoint: 205964 ns, At safepoint: 14836 ns, Total: 220800 ns
[2020-12-14T01:27:40.649+0000][6][safepoint    ] Safepoint "Cleanup", Time since last: 1008035476 ns, Reaching safepoint: 210595 ns, At safepoint: 14981 ns, Total: 225576 ns
[2020-12-14T01:27:41.941+0000][6][safepoint    ] Safepoint "Cleanup", Time since last: 1292337039 ns, Reaching safepoint: 240908 ns, At safepoint: 17511 ns, Total: 258419 ns
[2020-12-14T01:27:42.817+0000][6][safepoint    ] Safepoint "ICBufferFull", Time since last: 875548605 ns, Reaching safepoint: 188243 ns, At safepoint: 12533 ns, Total: 200776 ns
[2020-12-14T01:27:43.854+0000][6][safepoint    ] Safepoint "Cleanup", Time since last: 1036303525 ns, Reaching safepoint: 283091 ns, At safepoint: 18244 ns, Total: 301335 ns
[2020-12-14T01:27:44.854+0000][6][safepoint    ] Safepoint "Cleanup", Time since last: 1000174369 ns, Reaching safepoint: 210075 ns, At safepoint: 15925 ns, Total: 226000 ns
[2020-12-14T01:27:45.854+0000][6][safepoint    ] Safepoint "Cleanup", Time since last: 1000195325 ns, Reaching safepoint: 209534 ns, At safepoint: 16843 ns, Total: 226377 ns
[2020-12-14T01:27:48.812+0000][6][safepoint    ] Safepoint "Cleanup", Time since last: 2957717979 ns, Reaching safepoint: 198587 ns, At safepoint: 16737 ns, Total: 215324 ns
[2020-12-14T01:27:50.813+0000][6][safepoint    ] Safepoint "Cleanup", Time since last: 2000317035 ns, Reaching safepoint: 203324 ns, At safepoint: 28883 ns, Total: 232207 ns
[2020-12-14T01:27:53.813+0000][6][safepoint    ] Safepoint "Cleanup", Time since last: 3000387523 ns, Reaching safepoint: 226139 ns, At safepoint: 16129 ns, Total: 242268 ns
[2020-12-14T01:27:55.814+0000][6][safepoint    ] Safepoint "Cleanup", Time since last: 2000305651 ns, Reaching safepoint: 202073 ns, At safepoint: 20171 ns, Total: 222244 ns
[2020-12-14T01:27:58.815+0000][6][safepoint    ] Safepoint "Cleanup", Time since last: 3000328166 ns, Reaching safepoint: 208907 ns, At safepoint: 16369 ns, Total: 225276 ns
[2020-12-14T01:28:00.815+0000][6][safepoint    ] Safepoint "Cleanup", Time since last: 2000306056 ns, Reaching safepoint: 210441 ns, At safepoint: 15386 ns, Total: 225827 ns
[2020-12-14T01:28:03.816+0000][6][safepoint    ] Safepoint "Cleanup", Time since last: 3000424995 ns, Reaching safepoint: 217410 ns, At safepoint: 14846 ns, Total: 232256 ns
[2020-12-14T01:28:06.224+0000][6][safepoint    ] Safepoint "Cleanup", Time since last: 2407511754 ns, Reaching safepoint: 228218 ns, At safepoint: 16843 ns, Total: 245061 ns
[2020-12-14T01:28:08.224+0000][6][safepoint    ] Safepoint "Cleanup", Time since last: 2000287552 ns, Reaching safepoint: 191194 ns, At safepoint: 17290 ns, Total: 208484 ns
[2020-12-14T01:28:09.224+0000][6][safepoint    ] Safepoint "Cleanup", Time since last: 1000220166 ns, Reaching safepoint: 202455 ns, At safepoint: 15871 ns, Total: 218326 ns
[2020-12-14T01:28:10.225+0000][6][safepoint    ] Safepoint "Cleanup", Time since last: 1000181652 ns, Reaching safepoint: 212915 ns, At safepoint: 16970 ns, Total: 229885 ns
[2020-12-14T01:28:11.225+0000][6][safepoint    ] Safepoint "Cleanup", Time since last: 1000175144 ns, Reaching safepoint: 211722 ns, At safepoint: 16953 ns, Total: 228675 ns
[2020-12-14T01:28:16.226+0000][6][safepoint    ] Safepoint "Cleanup", Time since last: 5000639159 ns, Reaching safepoint: 240665 ns, At safepoint: 19638 ns, Total: 260303 ns
[2020-12-14T01:28:18.227+0000][6][safepoint    ] Safepoint "Cleanup", Time since last: 2000306732 ns, Reaching safepoint: 200686 ns, At safepoint: 15405 ns, Total: 216091 ns
[2020-12-14T01:28:19.227+0000][6][safepoint    ] Safepoint "Cleanup", Time since last: 1000184270 ns, Reaching safepoint: 224620 ns, At safepoint: 15280 ns, Total: 239900 ns
[2020-12-14T01:28:19.814+0000][6][safepoint    ] Safepoint "BulkRevokeBias", Time since last: 584724201 ns, Reaching safepoint: 207743 ns, At safepoint: 1555110 ns, Total: 1762853 ns
[2020-12-14T01:28:20.898+0000][6][safepoint    ] Safepoint "Cleanup", Time since last: 1084193730 ns, Reaching safepoint: 247147 ns, At safepoint: 14695 ns, Total: 261842 ns
[2020-12-14T01:28:23.899+0000][6][safepoint    ] Safepoint "Cleanup", Time since last: 3000365044 ns, Reaching safepoint: 215794 ns, At safepoint: 21402 ns, Total: 237196 ns
[2020-12-14T01:28:25.049+0000][6][safepoint    ] Safepoint "Cleanup", Time since last: 1149686820 ns, Reaching safepoint: 234359 ns, At safepoint: 16043 ns, Total: 250402 ns
[2020-12-14T01:28:26.078+0000][6][safepoint    ] Safepoint "Cleanup", Time since last: 1029343810 ns, Reaching safepoint: 268051 ns, At safepoint: 22069 ns, Total: 290120 ns
[2020-12-14T01:28:29.079+0000][6][safepoint    ] Safepoint "Cleanup", Time since last: 3000437929 ns, Reaching safepoint: 215427 ns, At safepoint: 18021 ns, Total: 233448 ns
[2020-12-14T01:28:31.079+0000][6][safepoint    ] Safepoint "Cleanup", Time since last: 2000297708 ns, Reaching safepoint: 199495 ns, At safepoint: 17003 ns, Total: 216498 ns
[2020-12-14T01:28:32.080+0000][6][safepoint    ] Safepoint "Cleanup", Time since last: 1000200365 ns, Reaching safepoint: 209137 ns, At safepoint: 27262 ns, Total: 236399 ns
[2020-12-14T01:28:33.080+0000][6][safepoint    ] Safepoint "Cleanup", Time since last: 1000187248 ns, Reaching safepoint: 255752 ns, At safepoint: 15809 ns, Total: 271561 ns
[2020-12-14T01:28:34.081+0000][6][safepoint    ] Safepoint "Cleanup", Time since last: 1000184425 ns, Reaching safepoint: 232137 ns, At safepoint: 16637 ns, Total: 248774 ns
[2020-12-14T01:28:35.081+0000][6][safepoint    ] Safepoint "Cleanup", Time since last: 1000186179 ns, Reaching safepoint: 268945 ns, At safepoint: 15389 ns, Total: 284334 ns
[2020-12-14T01:28:36.082+0000][6][safepoint    ] Safepoint "Cleanup", Time since last: 1000176488 ns, Reaching safepoint: 237847 ns, At safepoint: 19534 ns, Total: 257381 ns
[2020-12-14T01:28:37.984+0000][6][safepoint    ] Safepoint "Cleanup", Time since last: 1901920598 ns, Reaching safepoint: 187838 ns, At safepoint: 18851 ns, Total: 206689 ns
[2020-12-14T01:28:37.991+0000][6][safepoint    ] Safepoint "BulkRevokeBias", Time since last: 6151140 ns, Reaching safepoint: 142902 ns, At safepoint: 763633 ns, Total: 906535 ns
[2020-12-14T01:28:38.991+0000][6][safepoint    ] Safepoint "Cleanup", Time since last: 1000174280 ns, Reaching safepoint: 204564 ns, At safepoint: 16987 ns, Total: 221551 ns
[2020-12-14T01:28:39.992+0000][6][safepoint    ] Safepoint "Cleanup", Time since last: 1000178192 ns, Reaching safepoint: 211967 ns, At safepoint: 15566 ns, Total: 227533 ns
[2020-12-14T01:28:41.832+0000][6][safepoint    ] Safepoint "Cleanup", Time since last: 1840216177 ns, Reaching safepoint: 335126 ns, At safepoint: 21126 ns, Total: 356252 ns
[2020-12-14T01:28:43.833+0000][6][safepoint    ] Safepoint "Cleanup", Time since last: 2000285641 ns, Reaching safepoint: 213843 ns, At safepoint: 16339 ns, Total: 230182 ns
[2020-12-14T01:28:45.089+0000][6][safepoint    ] Safepoint "Cleanup", Time since last: 1256161302 ns, Reaching safepoint: 341527 ns, At safepoint: 25321 ns, Total: 366848 ns
[2020-12-14T01:28:46.090+0000][6][safepoint    ] Safepoint "Cleanup", Time since last: 1000175471 ns, Reaching safepoint: 203277 ns, At safepoint: 15769 ns, Total: 219046 ns
[2020-12-14T01:28:50.245+0000][6][safepoint    ] Safepoint "Cleanup", Time since last: 4154588441 ns, Reaching safepoint: 405916 ns, At safepoint: 29407 ns, Total: 435323 ns
[2020-12-14T01:28:51.834+0000][6][safepoint    ] Safepoint "Cleanup", Time since last: 1589472832 ns, Reaching safepoint: 280535 ns, At safepoint: 17077 ns, Total: 297612 ns
[2020-12-14T01:28:57.835+0000][6][safepoint    ] Safepoint "Cleanup", Time since last: 6000785962 ns, Reaching safepoint: 206409 ns, At safepoint: 17330 ns, Total: 223739 ns
[2020-12-14T01:29:01.836+0000][6][safepoint    ] Safepoint "Cleanup", Time since last: 4000513002 ns, Reaching safepoint: 232190 ns, At safepoint: 18064 ns, Total: 250254 ns
[2020-12-14T01:29:08.837+0000][6][safepoint    ] Safepoint "Cleanup", Time since last: 7000883835 ns, Reaching safepoint: 201019 ns, At safepoint: 17184 ns, Total: 218203 ns
[2020-12-14T01:29:10.670+0000][6][safepoint    ] Safepoint "Cleanup", Time since last: 1832261600 ns, Reaching safepoint: 229936 ns, At safepoint: 17153 ns, Total: 247089 ns
[2020-12-14T01:29:11.670+0000][6][safepoint    ] Safepoint "Cleanup", Time since last: 1000180424 ns, Reaching safepoint: 196129 ns, At safepoint: 17597 ns, Total: 213726 ns
[2020-12-14T01:29:13.671+0000][6][safepoint    ] Safepoint "Cleanup", Time since last: 2000321539 ns, Reaching safepoint: 209027 ns, At safepoint: 16162 ns, Total: 225189 ns
[2020-12-14T01:29:14.671+0000][6][safepoint    ] Safepoint "Cleanup", Time since last: 1000177656 ns, Reaching safepoint: 243523 ns, At safepoint: 17227 ns, Total: 260750 ns
[2020-12-14T01:29:15.672+0000][6][safepoint    ] Safepoint "Cleanup", Time since last: 1000182578 ns, Reaching safepoint: 218176 ns, At safepoint: 16269 ns, Total: 234445 ns
[2020-12-14T01:29:16.672+0000][6][safepoint    ] Safepoint "Cleanup", Time since last: 1000177759 ns, Reaching safepoint: 203667 ns, At safepoint: 16086 ns, Total: 219753 ns
[2020-12-14T01:29:17.672+0000][6][safepoint    ] Safepoint "Cleanup", Time since last: 1000203875 ns, Reaching safepoint: 204718 ns, At safepoint: 14803 ns, Total: 219521 ns
[2020-12-14T01:29:18.673+0000][6][safepoint    ] Safepoint "Cleanup", Time since last: 1000185985 ns, Reaching safepoint: 221312 ns, At safepoint: 16135 ns, Total: 237447 ns
[2020-12-14T01:29:19.963+0000][6][safepoint    ] Safepoint "Cleanup", Time since last: 1290163029 ns, Reaching safepoint: 156112 ns, At safepoint: 15139 ns, Total: 171251 ns
[2020-12-14T01:29:21.040+0000][6][safepoint    ] Safepoint "Cleanup", Time since last: 1076058473 ns, Reaching safepoint: 227191 ns, At safepoint: 30024 ns, Total: 257215 ns
[2020-12-14T01:29:24.334+0000][6][safepoint    ] Safepoint "Cleanup", Time since last: 3294352982 ns, Reaching safepoint: 187688 ns, At safepoint: 31845 ns, Total: 219533 ns
[2020-12-14T01:29:26.126+0000][6][safepoint    ] Safepoint "Cleanup", Time since last: 1792133041 ns, Reaching safepoint: 234658 ns, At safepoint: 20479 ns, Total: 255137 ns
[2020-12-14T01:29:28.127+0000][6][safepoint    ] Safepoint "Cleanup", Time since last: 2000296837 ns, Reaching safepoint: 203564 ns, At safepoint: 18007 ns, Total: 221571 ns
[2020-12-14T01:29:29.127+0000][6][safepoint    ] Safepoint "Cleanup", Time since last: 1000184876 ns, Reaching safepoint: 220052 ns, At safepoint: 19756 ns, Total: 239808 ns
[2020-12-14T01:29:41.129+0000][6][safepoint    ] Safepoint "Cleanup", Time since last: 12001498114 ns, Reaching safepoint: 263762 ns, At safepoint: 17843 ns, Total: 281605 ns
[2020-12-14T01:29:44.130+0000][6][safepoint    ] Safepoint "Cleanup", Time since last: 3000407027 ns, Reaching safepoint: 211095 ns, At safepoint: 17249 ns, Total: 228344 ns
[2020-12-14T01:29:46.130+0000][6][safepoint    ] Safepoint "Cleanup", Time since last: 2000312010 ns, Reaching safepoint: 208774 ns, At safepoint: 17723 ns, Total: 226497 ns
[2020-12-14T01:29:47.131+0000][6][safepoint    ] Safepoint "Cleanup", Time since last: 1000180641 ns, Reaching safepoint: 206062 ns, At safepoint: 17413 ns, Total: 223475 ns
[2020-12-14T01:29:49.131+0000][6][safepoint    ] Safepoint "Cleanup", Time since last: 2000313851 ns, Reaching safepoint: 235375 ns, At safepoint: 17597 ns, Total: 252972 ns
[2020-12-14T01:29:51.132+0000][6][safepoint    ] Safepoint "Cleanup", Time since last: 2000300409 ns, Reaching safepoint: 202884 ns, At safepoint: 16196 ns, Total: 219080 ns
[2020-12-14T01:29:53.132+0000][6][safepoint    ] Safepoint "Cleanup", Time since last: 2000298635 ns, Reaching safepoint: 209254 ns, At safepoint: 16326 ns, Total: 225580 ns
[2020-12-14T01:29:54.133+0000][6][safepoint    ] Safepoint "Cleanup", Time since last: 1000179617 ns, Reaching safepoint: 224595 ns, At safepoint: 17617 ns, Total: 242212 ns
[2020-12-14T01:29:56.133+0000][6][safepoint    ] Safepoint "Cleanup", Time since last: 2000321925 ns, Reaching safepoint: 196900 ns, At safepoint: 17060 ns, Total: 213960 ns
[2020-12-14T01:30:06.135+0000][6][safepoint    ] Safepoint "Cleanup", Time since last: 10001254869 ns, Reaching safepoint: 209314 ns, At safepoint: 16900 ns, Total: 226214 ns
[2020-12-14T01:30:09.135+0000][6][safepoint    ] Safepoint "Cleanup", Time since last: 3000430724 ns, Reaching safepoint: 217485 ns, At safepoint: 17494 ns, Total: 234979 ns
[2020-12-14T01:30:10.136+0000][6][safepoint    ] Safepoint "Cleanup", Time since last: 1000184317 ns, Reaching safepoint: 221771 ns, At safepoint: 17156 ns, Total: 238927 ns
[2020-12-14T01:30:11.136+0000][6][safepoint    ] Safepoint "Cleanup", Time since last: 1000191129 ns, Reaching safepoint: 210625 ns, At safepoint: 17096 ns, Total: 227721 ns
[2020-12-14T01:30:20.101+0000][6][safepoint    ] Safepoint "Cleanup", Time since last: 8964788620 ns, Reaching safepoint: 138050 ns, At safepoint: 13968 ns, Total: 152018 ns
[2020-12-14T01:30:20.125+0000][6][safepoint    ] Safepoint "BulkRevokeBias", Time since last: 23062735 ns, Reaching safepoint: 183702 ns, At safepoint: 645253 ns, Total: 828955 ns
[2020-12-14T01:30:21.178+0000][6][safepoint    ] Safepoint "Cleanup", Time since last: 1052236761 ns, Reaching safepoint: 216852 ns, At safepoint: 16289 ns, Total: 233141 ns
[2020-12-14T01:30:24.178+0000][6][safepoint    ] Safepoint "Cleanup", Time since last: 3000386025 ns, Reaching safepoint: 214337 ns, At safepoint: 19298 ns, Total: 233635 ns
[2020-12-14T01:30:26.173+0000][6][safepoint    ] Safepoint "Cleanup", Time since last: 1994447264 ns, Reaching safepoint: 247876 ns, At safepoint: 20118 ns, Total: 267994 ns
[2020-12-14T01:30:29.174+0000][6][safepoint    ] Safepoint "Cleanup", Time since last: 3000431758 ns, Reaching safepoint: 220130 ns, At safepoint: 17397 ns, Total: 237527 ns
[2020-12-14T01:30:31.174+0000][6][safepoint    ] Safepoint "Cleanup", Time since last: 2000264181 ns, Reaching safepoint: 241536 ns, At safepoint: 14362 ns, Total: 255898 ns
[2020-12-14T01:30:39.175+0000][6][safepoint    ] Safepoint "Cleanup", Time since last: 8000998982 ns, Reaching safepoint: 212235 ns, At safepoint: 17040 ns, Total: 229275 ns
[2020-12-14T01:30:40.696+0000][6][safepoint    ] Safepoint "Cleanup", Time since last: 1520497930 ns, Reaching safepoint: 438325 ns, At safepoint: 18294 ns, Total: 456619 ns
[2020-12-14T01:30:41.697+0000][6][safepoint    ] Safepoint "Cleanup", Time since last: 1000186874 ns, Reaching safepoint: 213131 ns, At safepoint: 16320 ns, Total: 229451 ns
[2020-12-14T01:30:43.697+0000][6][safepoint    ] Safepoint "Cleanup", Time since last: 2000306044 ns, Reaching safepoint: 250951 ns, At safepoint: 17630 ns, Total: 268581 ns
[2020-12-14T01:30:44.935+0000][6][safepoint    ] Safepoint "Cleanup", Time since last: 1237305195 ns, Reaching safepoint: 292937 ns, At safepoint: 14377 ns, Total: 307314 ns
[2020-12-14T01:30:45.972+0000][6][safepoint    ] Safepoint "Cleanup", Time since last: 1036642946 ns, Reaching safepoint: 224756 ns, At safepoint: 21525 ns, Total: 246281 ns
[2020-12-14T01:30:55.563+0000][6][safepoint    ] Safepoint "Cleanup", Time since last: 9591301879 ns, Reaching safepoint: 227209 ns, At safepoint: 16828 ns, Total: 244037 ns
[2020-12-14T01:30:58.564+0000][6][safepoint    ] Safepoint "Cleanup", Time since last: 3000428563 ns, Reaching safepoint: 201272 ns, At safepoint: 16299 ns, Total: 217571 ns
[2020-12-14T01:31:01.565+0000][6][safepoint    ] Safepoint "Cleanup", Time since last: 3000436097 ns, Reaching safepoint: 226834 ns, At safepoint: 17179 ns, Total: 244013 ns
[2020-12-14T01:31:02.651+0000][6][safepoint    ] Safepoint "Cleanup", Time since last: 1086081522 ns, Reaching safepoint: 281742 ns, At safepoint: 33396 ns, Total: 315138 ns
[2020-12-14T01:31:08.652+0000][6][safepoint    ] Safepoint "Cleanup", Time since last: 6000770737 ns, Reaching safepoint: 211389 ns, At safepoint: 17413 ns, Total: 228802 ns
[2020-12-14T01:31:10.653+0000][6][safepoint    ] Safepoint "Cleanup", Time since last: 2000304625 ns, Reaching safepoint: 279997 ns, At safepoint: 17585 ns, Total: 297582 ns
[2020-12-14T01:31:11.653+0000][6][safepoint    ] Safepoint "Cleanup", Time since last: 1000179156 ns, Reaching safepoint: 266770 ns, At safepoint: 21102 ns, Total: 287872 ns
[2020-12-14T01:31:18.654+0000][6][safepoint    ] Safepoint "Cleanup", Time since last: 7000876491 ns, Reaching safepoint: 254153 ns, At safepoint: 19438 ns, Total: 273591 ns
[2020-12-14T01:31:20.234+0000][6][safepoint    ] Safepoint "BulkRevokeBias", Time since last: 1578041182 ns, Reaching safepoint: 169494 ns, At safepoint: 1316776 ns, Total: 1486270 ns
[2020-12-14T01:31:21.305+0000][6][safepoint    ] Safepoint "Cleanup", Time since last: 1070467072 ns, Reaching safepoint: 245371 ns, At safepoint: 17596 ns, Total: 262967 ns
[2020-12-14T01:31:24.305+0000][6][safepoint    ] Safepoint "Cleanup", Time since last: 3000434858 ns, Reaching safepoint: 225033 ns, At safepoint: 17794 ns, Total: 242827 ns
[2020-12-14T01:31:25.197+0000][6][safepoint    ] Safepoint "BulkRevokeBias", Time since last: 890792683 ns, Reaching safepoint: 214310 ns, At safepoint: 930975 ns, Total: 1145285 ns
[2020-12-14T01:31:25.221+0000][6][safepoint    ] Safepoint "BulkRevokeBias", Time since last: 23118118 ns, Reaching safepoint: 205592 ns, At safepoint: 951941 ns, Total: 1157533 ns
[2020-12-14T01:31:26.222+0000][6][safepoint    ] Safepoint "Cleanup", Time since last: 1000200051 ns, Reaching safepoint: 220164 ns, At safepoint: 24654 ns, Total: 244818 ns
[2020-12-14T01:31:34.223+0000][6][safepoint    ] Safepoint "Cleanup", Time since last: 8000948323 ns, Reaching safepoint: 223939 ns, At safepoint: 16186 ns, Total: 240125 ns
[2020-12-14T01:31:36.224+0000][6][safepoint    ] Safepoint "Cleanup", Time since last: 2000304168 ns, Reaching safepoint: 206188 ns, At safepoint: 17150 ns, Total: 223338 ns
[2020-12-14T01:31:39.224+0000][6][safepoint    ] Safepoint "Cleanup", Time since last: 3000413779 ns, Reaching safepoint: 233961 ns, At safepoint: 17503 ns, Total: 251464 ns
[2020-12-14T01:31:40.880+0000][6][safepoint    ] Safepoint "Cleanup", Time since last: 1655383516 ns, Reaching safepoint: 260960 ns, At safepoint: 23564 ns, Total: 284524 ns
[2020-12-14T01:31:41.880+0000][6][safepoint    ] Safepoint "Cleanup", Time since last: 1000176244 ns, Reaching safepoint: 230253 ns, At safepoint: 17153 ns, Total: 247406 ns
[2020-12-14T01:31:49.932+0000][6][safepoint    ] Safepoint "Cleanup", Time since last: 8051443881 ns, Reaching safepoint: 228672 ns, At safepoint: 31895 ns, Total: 260567 ns
[2020-12-14T01:31:58.933+0000][6][safepoint    ] Safepoint "Cleanup", Time since last: 9001135430 ns, Reaching safepoint: 239008 ns, At safepoint: 16746 ns, Total: 255754 ns
[2020-12-14T01:32:05.598+0000][6][safepoint    ] Safepoint "Cleanup", Time since last: 6663921407 ns, Reaching safepoint: 187551 ns, At safepoint: 18605 ns, Total: 206156 ns
[2020-12-14T01:32:06.602+0000][6][safepoint    ] Safepoint "Cleanup", Time since last: 1003650972 ns, Reaching safepoint: 228594 ns, At safepoint: 20629 ns, Total: 249223 ns
[2020-12-14T01:32:10.602+0000][6][safepoint    ] Safepoint "Cleanup", Time since last: 4000537803 ns, Reaching safepoint: 243000 ns, At safepoint: 17750 ns, Total: 260750 ns
[2020-12-14T01:32:16.603+0000][6][safepoint    ] Safepoint "Cleanup", Time since last: 6000744179 ns, Reaching safepoint: 234351 ns, At safepoint: 18107 ns, Total: 252458 ns
[2020-12-14T01:32:18.604+0000][6][safepoint    ] Safepoint "Cleanup", Time since last: 2000258409 ns, Reaching safepoint: 203007 ns, At safepoint: 17513 ns, Total: 220520 ns
[2020-12-14T01:32:18.680+0000][6][safepoint    ] Safepoint "BulkRevokeBias", Time since last: 74751574 ns, Reaching safepoint: 203091 ns, At safepoint: 915246 ns, Total: 1118337 ns
[2020-12-14T01:32:18.738+0000][6][safepoint    ] Safepoint "BulkRevokeBias", Time since last: 56311614 ns, Reaching safepoint: 335295 ns, At safepoint: 1988623 ns, Total: 2323918 ns
[2020-12-14T01:32:19.996+0000][6][safepoint    ] Safepoint "Cleanup", Time since last: 1257849071 ns, Reaching safepoint: 287462 ns, At safepoint: 18394 ns, Total: 305856 ns
[2020-12-14T01:32:20.002+0000][6][safepoint    ] Safepoint "BulkRevokeBias", Time since last: 3859850 ns, Reaching safepoint: 330800 ns, At safepoint: 1026194 ns, Total: 1356994 ns
[2020-12-14T01:32:20.029+0000][6][safepoint    ] Safepoint "BulkRevokeBias", Time since last: 25825045 ns, Reaching safepoint: 174822 ns, At safepoint: 898565 ns, Total: 1073387 ns
[2020-12-14T01:32:21.422+0000][6][safepoint    ] Safepoint "Cleanup", Time since last: 1393137507 ns, Reaching safepoint: 270656 ns, At safepoint: 18594 ns, Total: 289250 ns
[2020-12-14T01:32:23.423+0000][6][safepoint    ] Safepoint "Cleanup", Time since last: 2000303055 ns, Reaching safepoint: 229138 ns, At safepoint: 18467 ns, Total: 247605 ns
[2020-12-14T01:32:25.237+0000][6][safepoint    ] Safepoint "Cleanup", Time since last: 1814521449 ns, Reaching safepoint: 273340 ns, At safepoint: 18931 ns, Total: 292271 ns
[2020-12-14T01:32:25.260+0000][6][safepoint    ] Safepoint "BulkRevokeBias", Time since last: 21422143 ns, Reaching safepoint: 260590 ns, At safepoint: 1005125 ns, Total: 1265715 ns
[2020-12-14T01:32:25.270+0000][6][safepoint    ] Safepoint "BulkRevokeBias", Time since last: 9282425 ns, Reaching safepoint: 163993 ns, At safepoint: 915733 ns, Total: 1079726 ns
[2020-12-14T01:32:26.271+0000][6][safepoint    ] Safepoint "Cleanup", Time since last: 1000184709 ns, Reaching safepoint: 209720 ns, At safepoint: 17576 ns, Total: 227296 ns
[2020-12-14T01:32:34.272+0000][6][safepoint    ] Safepoint "Cleanup", Time since last: 8000975385 ns, Reaching safepoint: 237043 ns, At safepoint: 17390 ns, Total: 254433 ns
[2020-12-14T01:32:39.273+0000][6][safepoint    ] Safepoint "Cleanup", Time since last: 5000688653 ns, Reaching safepoint: 251424 ns, At safepoint: 19051 ns, Total: 270475 ns
[2020-12-14T01:32:39.718+0000][6][gc,start     ] GC(51) Pause Young (Normal) (G1 Evacuation Pause)
[2020-12-14T01:32:39.718+0000][6][gc,task      ] GC(51) Using 10 workers of 10 for evacuation
[2020-12-14T01:32:39.718+0000][6][gc,age       ] GC(51) Desired survivor size 27262976 bytes, new threshold 15 (max threshold 15)
[2020-12-14T01:32:39.743+0000][6][gc,age       ] GC(51) Age table with threshold 15 (max threshold 15)
[2020-12-14T01:32:39.743+0000][6][gc,age       ] GC(51) - age   1:   10521112 bytes,   10521112 total
[2020-12-14T01:32:39.743+0000][6][gc,age       ] GC(51) - age   2:    9962944 bytes,   20484056 total
[2020-12-14T01:32:39.743+0000][6][gc,age       ] GC(51) - age   3:    6534784 bytes,   27018840 total
[2020-12-14T01:32:39.743+0000][6][gc,age       ] GC(51) - age  11:      46648 bytes,   27065488 total
[2020-12-14T01:32:39.743+0000][6][gc,age       ] GC(51) - age  12:         88 bytes,   27065576 total
[2020-12-14T01:32:39.743+0000][6][gc,age       ] GC(51) - age  15:       1136 bytes,   27066712 total
[2020-12-14T01:32:39.743+0000][6][gc,phases    ] GC(51)   Pre Evacuate Collection Set: 0.3ms
[2020-12-14T01:32:39.743+0000][6][gc,phases    ] GC(51)   Merge Heap Roots: 0.3ms
[2020-12-14T01:32:39.743+0000][6][gc,phases    ] GC(51)   Evacuate Collection Set: 22.9ms
[2020-12-14T01:32:39.743+0000][6][gc,phases    ] GC(51)   Post Evacuate Collection Set: 1.4ms
[2020-12-14T01:32:39.743+0000][6][gc,phases    ] GC(51)   Other: 0.6ms
[2020-12-14T01:32:39.743+0000][6][gc,heap      ] GC(51) Eden regions: 396->0(371)
[2020-12-14T01:32:39.743+0000][6][gc,heap      ] GC(51) Survivor regions: 17->27(52)
[2020-12-14T01:32:39.743+0000][6][gc,heap      ] GC(51) Old regions: 94->94
[2020-12-14T01:32:39.743+0000][6][gc,heap      ] GC(51) Archive regions: 2->2
[2020-12-14T01:32:39.743+0000][6][gc,heap      ] GC(51) Humongous regions: 74->73
[2020-12-14T01:32:39.743+0000][6][gc,metaspace ] GC(51) Metaspace: 72702K(77468K)->72702K(77468K) NonClass: 63104K(65792K)->63104K(65792K) Class: 9597K(11676K)->9597K(11676K)
[2020-12-14T01:32:39.743+0000][6][gc           ] GC(51) Pause Young (Normal) (G1 Evacuation Pause) 581M->194M(793M) 25.515ms
[2020-12-14T01:32:39.744+0000][6][gc,cpu       ] GC(51) User=0.23s Sys=0.01s Real=0.02s
[2020-12-14T01:32:39.744+0000][6][safepoint    ] Safepoint "G1CollectForAllocation", Time since last: 444663603 ns, Reaching safepoint: 208343 ns, At safepoint: 25696469 ns, Total: 25904812 ns
[2020-12-14T01:32:41.870+0000][6][safepoint    ] Safepoint "Cleanup", Time since last: 2125654559 ns, Reaching safepoint: 278547 ns, At safepoint: 18561 ns, Total: 297108 ns
[2020-12-14T01:32:43.870+0000][6][safepoint    ] Safepoint "Cleanup", Time since last: 2000259619 ns, Reaching safepoint: 218813 ns, At safepoint: 18277 ns, Total: 237090 ns
[2020-12-14T01:32:46.871+0000][6][safepoint    ] Safepoint "Cleanup", Time since last: 3000441190 ns, Reaching safepoint: 226311 ns, At safepoint: 18088 ns, Total: 244399 ns
[2020-12-14T01:32:48.871+0000][6][safepoint    ] Safepoint "Cleanup", Time since last: 2000286461 ns, Reaching safepoint: 255660 ns, At safepoint: 17550 ns, Total: 273210 ns
[2020-12-14T01:32:49.872+0000][6][safepoint    ] Safepoint "Cleanup", Time since last: 1000208189 ns, Reaching safepoint: 216912 ns, At safepoint: 17684 ns, Total: 234596 ns
[2020-12-14T01:32:51.872+0000][6][safepoint    ] Safepoint "Cleanup", Time since last: 2000309454 ns, Reaching safepoint: 269432 ns, At safepoint: 19438 ns, Total: 288870 ns
[2020-12-14T01:32:53.873+0000][6][safepoint    ] Safepoint "Cleanup", Time since last: 2000341010 ns, Reaching safepoint: 238814 ns, At safepoint: 18637 ns, Total: 257451 ns
[2020-12-14T01:32:56.874+0000][6][safepoint    ] Safepoint "Cleanup", Time since last: 3000490309 ns, Reaching safepoint: 244854 ns, At safepoint: 19128 ns, Total: 263982 ns
[2020-12-14T01:32:58.874+0000][6][safepoint    ] Safepoint "Cleanup", Time since last: 2000342257 ns, Reaching safepoint: 254653 ns, At safepoint: 20652 ns, Total: 275305 ns
[2020-12-14T01:33:01.875+0000][6][safepoint    ] Safepoint "Cleanup", Time since last: 3000447904 ns, Reaching safepoint: 235937 ns, At safepoint: 18143 ns, Total: 254080 ns
[2020-12-14T01:33:07.876+0000][6][safepoint    ] Safepoint "Cleanup", Time since last: 6000851294 ns, Reaching safepoint: 235559 ns, At safepoint: 46977 ns, Total: 282536 ns
[2020-12-14T01:33:08.877+0000][6][safepoint    ] Safepoint "Cleanup", Time since last: 1000192180 ns, Reaching safepoint: 238931 ns, At safepoint: 18931 ns, Total: 257862 ns
[2020-12-14T01:33:09.877+0000][6][safepoint    ] Safepoint "Cleanup", Time since last: 1000200254 ns, Reaching safepoint: 225543 ns, At safepoint: 17574 ns, Total: 243117 ns
[2020-12-14T01:33:10.877+0000][6][safepoint    ] Safepoint "Cleanup", Time since last: 1000213350 ns, Reaching safepoint: 246055 ns, At safepoint: 17016 ns, Total: 263071 ns
[2020-12-14T01:33:16.879+0000][6][safepoint    ] Safepoint "Cleanup", Time since last: 6000830371 ns, Reaching safepoint: 231433 ns, At safepoint: 18578 ns, Total: 250011 ns
[2020-12-14T01:33:20.465+0000][6][safepoint    ] Safepoint "Cleanup", Time since last: 3586231075 ns, Reaching safepoint: 195269 ns, At safepoint: 15162 ns, Total: 210431 ns
[2020-12-14T01:33:20.482+0000][6][safepoint    ] Safepoint "BulkRevokeBias", Time since last: 15938083 ns, Reaching safepoint: 197536 ns, At safepoint: 864725 ns, Total: 1062261 ns
[2020-12-14T01:33:21.524+0000][6][safepoint    ] Safepoint "Cleanup", Time since last: 1042102285 ns, Reaching safepoint: 251450 ns, At safepoint: 18093 ns, Total: 269543 ns
[2020-12-14T01:33:24.354+0000][6][safepoint    ] Safepoint "Cleanup", Time since last: 2829049228 ns, Reaching safepoint: 166482 ns, At safepoint: 23761 ns, Total: 190243 ns
[2020-12-14T01:33:26.295+0000][6][safepoint    ] Safepoint "Cleanup", Time since last: 1940834242 ns, Reaching safepoint: 252488 ns, At safepoint: 19234 ns, Total: 271722 ns
[2020-12-14T01:33:29.295+0000][6][safepoint    ] Safepoint "Cleanup", Time since last: 3000411827 ns, Reaching safepoint: 238148 ns, At safepoint: 17663 ns, Total: 255811 ns
[2020-12-14T01:33:36.297+0000][6][safepoint    ] Safepoint "Cleanup", Time since last: 7000914944 ns, Reaching safepoint: 241904 ns, At safepoint: 17822 ns, Total: 259726 ns
[2020-12-14T01:33:40.297+0000][6][safepoint    ] Safepoint "Cleanup", Time since last: 4000575644 ns, Reaching safepoint: 235623 ns, At safepoint: 17960 ns, Total: 253583 ns
[2020-12-14T01:33:41.298+0000][6][safepoint    ] Safepoint "Cleanup", Time since last: 1000180454 ns, Reaching safepoint: 251404 ns, At safepoint: 24875 ns, Total: 276279 ns
[2020-12-14T01:33:42.877+0000][6][safepoint    ] Safepoint "Cleanup", Time since last: 1579217678 ns, Reaching safepoint: 253652 ns, At safepoint: 18954 ns, Total: 272606 ns
[2020-12-14T01:33:46.878+0000][6][safepoint    ] Safepoint "Cleanup", Time since last: 4000542983 ns, Reaching safepoint: 303678 ns, At safepoint: 20739 ns, Total: 324417 ns
[2020-12-14T01:33:57.880+0000][6][safepoint    ] Safepoint "Cleanup", Time since last: 11001405499 ns, Reaching safepoint: 225546 ns, At safepoint: 19218 ns, Total: 244764 ns
[2020-12-14T01:34:06.881+0000][6][safepoint    ] Safepoint "Cleanup", Time since last: 9001103175 ns, Reaching safepoint: 280385 ns, At safepoint: 19191 ns, Total: 299576 ns
[2020-12-14T01:34:09.882+0000][6][safepoint    ] Safepoint "Cleanup", Time since last: 3000440274 ns, Reaching safepoint: 223624 ns, At safepoint: 17967 ns, Total: 241591 ns
[2020-12-14T01:34:11.883+0000][6][safepoint    ] Safepoint "Cleanup", Time since last: 2000311490 ns, Reaching safepoint: 259603 ns, At safepoint: 19004 ns, Total: 278607 ns
[2020-12-14T01:34:18.884+0000][6][safepoint    ] Safepoint "Cleanup", Time since last: 7000916620 ns, Reaching safepoint: 226900 ns, At safepoint: 20609 ns, Total: 247509 ns
[2020-12-14T01:34:20.564+0000][6][safepoint    ] Safepoint "Cleanup", Time since last: 1680468697 ns, Reaching safepoint: 160738 ns, At safepoint: 21167 ns, Total: 181905 ns
[2020-12-14T01:34:21.619+0000][6][safepoint    ] Safepoint "Cleanup", Time since last: 1054464106 ns, Reaching safepoint: 318814 ns, At safepoint: 20945 ns, Total: 339759 ns
[2020-12-14T01:34:23.620+0000][6][safepoint    ] Safepoint "Cleanup", Time since last: 2000307120 ns, Reaching safepoint: 210098 ns, At safepoint: 18984 ns, Total: 229082 ns
[2020-12-14T01:34:25.337+0000][6][safepoint    ] Safepoint "Cleanup", Time since last: 1717312516 ns, Reaching safepoint: 217005 ns, At safepoint: 18664 ns, Total: 235669 ns
[2020-12-14T01:34:26.340+0000][6][safepoint    ] Safepoint "Cleanup", Time since last: 1002728830 ns, Reaching safepoint: 249240 ns, At safepoint: 17626 ns, Total: 266866 ns
[2020-12-14T01:34:31.341+0000][6][safepoint    ] Safepoint "Cleanup", Time since last: 5000665197 ns, Reaching safepoint: 290921 ns, At safepoint: 18081 ns, Total: 309002 ns
[2020-12-14T01:34:40.343+0000][6][safepoint    ] Safepoint "Cleanup", Time since last: 9001069392 ns, Reaching safepoint: 231728 ns, At safepoint: 17687 ns, Total: 249415 ns
[2020-12-14T01:34:41.343+0000][6][safepoint    ] Safepoint "Cleanup", Time since last: 1000182799 ns, Reaching safepoint: 232834 ns, At safepoint: 19054 ns, Total: 251888 ns
[2020-12-14T01:34:42.882+0000][6][safepoint    ] Safepoint "Cleanup", Time since last: 1538443704 ns, Reaching safepoint: 339719 ns, At safepoint: 20965 ns, Total: 360684 ns
[2020-12-14T01:34:43.884+0000][6][safepoint    ] Safepoint "Cleanup", Time since last: 1001585399 ns, Reaching safepoint: 240721 ns, At safepoint: 17190 ns, Total: 257911 ns
[2020-12-14T01:34:46.884+0000][6][safepoint    ] Safepoint "Cleanup", Time since last: 3000442773 ns, Reaching safepoint: 311638 ns, At safepoint: 17952 ns, Total: 329590 ns
[2020-12-14T01:34:48.885+0000][6][safepoint    ] Safepoint "Cleanup", Time since last: 2000299327 ns, Reaching safepoint: 235369 ns, At safepoint: 18657 ns, Total: 254026 ns
[2020-12-14T01:34:51.886+0000][6][safepoint    ] Safepoint "Cleanup", Time since last: 3000444853 ns, Reaching safepoint: 231927 ns, At safepoint: 19194 ns, Total: 251121 ns
[2020-12-14T01:35:03.888+0000][6][safepoint    ] Safepoint "Cleanup", Time since last: 12001633225 ns, Reaching safepoint: 245320 ns, At safepoint: 18678 ns, Total: 263998 ns
[2020-12-14T01:35:06.888+0000][6][safepoint    ] Safepoint "Cleanup", Time since last: 3000426428 ns, Reaching safepoint: 257375 ns, At safepoint: 18954 ns, Total: 276329 ns
[2020-12-14T01:35:09.889+0000][6][safepoint    ] Safepoint "Cleanup", Time since last: 3000452017 ns, Reaching safepoint: 255167 ns, At safepoint: 30477 ns, Total: 285644 ns
[2020-12-14T01:35:11.890+0000][6][safepoint    ] Safepoint "Cleanup", Time since last: 2000307560 ns, Reaching safepoint: 231784 ns, At safepoint: 18964 ns, Total: 250748 ns
[2020-12-14T01:35:16.890+0000][6][safepoint    ] Safepoint "Cleanup", Time since last: 5000663469 ns, Reaching safepoint: 249317 ns, At safepoint: 18724 ns, Total: 268041 ns
[2020-12-14T01:35:18.891+0000][6][safepoint    ] Safepoint "Cleanup", Time since last: 2000291137 ns, Reaching safepoint: 252585 ns, At safepoint: 17712 ns, Total: 270297 ns
[2020-12-14T01:35:20.660+0000][6][safepoint    ] Safepoint "Cleanup", Time since last: 1768752590 ns, Reaching safepoint: 184028 ns, At safepoint: 14128 ns, Total: 198156 ns
[2020-12-14T01:35:21.715+0000][6][safepoint    ] Safepoint "Cleanup", Time since last: 1054330854 ns, Reaching safepoint: 277576 ns, At safepoint: 19118 ns, Total: 296694 ns
[2020-12-14T01:35:23.715+0000][6][safepoint    ] Safepoint "Cleanup", Time since last: 2000314113 ns, Reaching safepoint: 274188 ns, At safepoint: 30677 ns, Total: 304865 ns
[2020-12-14T01:35:25.389+0000][6][safepoint    ] Safepoint "Cleanup", Time since last: 1673187278 ns, Reaching safepoint: 240072 ns, At safepoint: 18507 ns, Total: 258579 ns
[2020-12-14T01:35:34.390+0000][6][safepoint    ] Safepoint "Cleanup", Time since last: 9001144305 ns, Reaching safepoint: 220454 ns, At safepoint: 17857 ns, Total: 238311 ns
[2020-12-14T01:35:41.391+0000][6][safepoint    ] Safepoint "Cleanup", Time since last: 7000966713 ns, Reaching safepoint: 259452 ns, At safepoint: 18995 ns, Total: 278447 ns
[2020-12-14T01:35:43.863+0000][6][safepoint    ] Safepoint "Cleanup", Time since last: 2471724526 ns, Reaching safepoint: 203257 ns, At safepoint: 19691 ns, Total: 222948 ns
[2020-12-14T01:35:44.865+0000][6][safepoint    ] Safepoint "Cleanup", Time since last: 1001083210 ns, Reaching safepoint: 233085 ns, At safepoint: 20906 ns, Total: 253991 ns
[2020-12-14T01:35:46.865+0000][6][safepoint    ] Safepoint "Cleanup", Time since last: 2000305393 ns, Reaching safepoint: 297011 ns, At safepoint: 18173 ns, Total: 315184 ns
[2020-12-14T01:36:11.868+0000][6][safepoint    ] Safepoint "Cleanup", Time since last: 25002921921 ns, Reaching safepoint: 230918 ns, At safepoint: 17862 ns, Total: 248780 ns
[2020-12-14T01:36:16.869+0000][6][safepoint    ] Safepoint "Cleanup", Time since last: 5000617294 ns, Reaching safepoint: 265416 ns, At safepoint: 18970 ns, Total: 284386 ns
[2020-12-14T01:36:20.753+0000][6][safepoint    ] Safepoint "Cleanup", Time since last: 3883984463 ns, Reaching safepoint: 212008 ns, At safepoint: 15375 ns, Total: 227383 ns
[2020-12-14T01:36:20.782+0000][6][safepoint    ] Safepoint "BulkRevokeBias", Time since last: 27155332 ns, Reaching safepoint: 186634 ns, At safepoint: 900962 ns, Total: 1087596 ns
[2020-12-14T01:36:21.809+0000][6][safepoint    ] Safepoint "Cleanup", Time since last: 1026948779 ns, Reaching safepoint: 236927 ns, At safepoint: 18151 ns, Total: 255078 ns
[2020-12-14T01:36:23.809+0000][6][safepoint    ] Safepoint "Cleanup", Time since last: 2000290463 ns, Reaching safepoint: 221621 ns, At safepoint: 18850 ns, Total: 240471 ns
[2020-12-14T01:36:25.435+0000][6][safepoint    ] Safepoint "Cleanup", Time since last: 1625327519 ns, Reaching safepoint: 265265 ns, At safepoint: 16443 ns, Total: 281708 ns
[2020-12-14T01:36:26.436+0000][6][safepoint    ] Safepoint "Cleanup", Time since last: 1000231133 ns, Reaching safepoint: 227201 ns, At safepoint: 21185 ns, Total: 248386 ns
[2020-12-14T01:36:36.437+0000][6][safepoint    ] Safepoint "Cleanup", Time since last: 10001227530 ns, Reaching safepoint: 241546 ns, At safepoint: 18894 ns, Total: 260440 ns
[2020-12-14T01:36:40.438+0000][6][safepoint    ] Safepoint "Cleanup", Time since last: 4000559062 ns, Reaching safepoint: 247236 ns, At safepoint: 19037 ns, Total: 266273 ns
[2020-12-14T01:36:41.438+0000][6][safepoint    ] Safepoint "Cleanup", Time since last: 1000179177 ns, Reaching safepoint: 240124 ns, At safepoint: 18988 ns, Total: 259112 ns
[2020-12-14T01:36:44.439+0000][6][safepoint    ] Safepoint "Cleanup", Time since last: 3000384506 ns, Reaching safepoint: 214357 ns, At safepoint: 16164 ns, Total: 230521 ns
[2020-12-14T01:36:45.876+0000][6][safepoint    ] Safepoint "Cleanup", Time since last: 1436352714 ns, Reaching safepoint: 339162 ns, At safepoint: 18274 ns, Total: 357436 ns
[2020-12-14T01:36:46.876+0000][6][safepoint    ] Safepoint "Cleanup", Time since last: 1000188691 ns, Reaching safepoint: 221671 ns, At safepoint: 16979 ns, Total: 238650 ns
[2020-12-14T01:36:48.877+0000][6][safepoint    ] Safepoint "Cleanup", Time since last: 2000315480 ns, Reaching safepoint: 219046 ns, At safepoint: 18310 ns, Total: 237356 ns
[2020-12-14T01:36:50.877+0000][6][safepoint    ] Safepoint "Cleanup", Time since last: 2000297054 ns, Reaching safepoint: 367820 ns, At safepoint: 17502 ns, Total: 385322 ns
[2020-12-14T01:36:51.878+0000][6][safepoint    ] Safepoint "Cleanup", Time since last: 1000173880 ns, Reaching safepoint: 214320 ns, At safepoint: 18467 ns, Total: 232787 ns
[2020-12-14T01:36:53.878+0000][6][safepoint    ] Safepoint "Cleanup", Time since last: 2000300796 ns, Reaching safepoint: 251345 ns, At safepoint: 24637 ns, Total: 275982 ns
[2020-12-14T01:37:03.880+0000][6][safepoint    ] Safepoint "Cleanup", Time since last: 10001240437 ns, Reaching safepoint: 220817 ns, At safepoint: 18748 ns, Total: 239565 ns
[2020-12-14T01:37:09.881+0000][6][safepoint    ] Safepoint "Cleanup", Time since last: 6000677170 ns, Reaching safepoint: 222695 ns, At safepoint: 18911 ns, Total: 241606 ns
[2020-12-14T01:37:11.941+0000][6][safepoint    ] Safepoint "Cleanup", Time since last: 2060172317 ns, Reaching safepoint: 247211 ns, At safepoint: 17170 ns, Total: 264381 ns
[2020-12-14T01:37:13.942+0000][6][safepoint    ] Safepoint "Cleanup", Time since last: 2000306594 ns, Reaching safepoint: 233014 ns, At safepoint: 21409 ns, Total: 254423 ns
[2020-12-14T01:37:20.846+0000][6][safepoint    ] Safepoint "Cleanup", Time since last: 6903995574 ns, Reaching safepoint: 184769 ns, At safepoint: 30241 ns, Total: 215010 ns
[2020-12-14T01:37:21.900+0000][6][safepoint    ] Safepoint "Cleanup", Time since last: 1053479055 ns, Reaching safepoint: 258362 ns, At safepoint: 17512 ns, Total: 275874 ns
[2020-12-14T01:37:22.947+0000][6][safepoint    ] Safepoint "Cleanup", Time since last: 1047317536 ns, Reaching safepoint: 248947 ns, At safepoint: 28060 ns, Total: 277007 ns
[2020-12-14T01:37:23.954+0000][6][safepoint    ] Safepoint "Cleanup", Time since last: 1007003574 ns, Reaching safepoint: 227454 ns, At safepoint: 18841 ns, Total: 246295 ns
[2020-12-14T01:37:24.481+0000][6][safepoint    ] Safepoint "BulkRevokeBias", Time since last: 525316745 ns, Reaching safepoint: 200759 ns, At safepoint: 1036776 ns, Total: 1237535 ns
[2020-12-14T01:37:25.509+0000][6][safepoint    ] Safepoint "Cleanup", Time since last: 1028149861 ns, Reaching safepoint: 258955 ns, At safepoint: 21406 ns, Total: 280361 ns
[2020-12-14T01:37:26.511+0000][6][safepoint    ] Safepoint "Cleanup", Time since last: 1000969570 ns, Reaching safepoint: 227411 ns, At safepoint: 21432 ns, Total: 248843 ns
[2020-12-14T01:37:36.512+0000][6][safepoint    ] Safepoint "Cleanup", Time since last: 10001247798 ns, Reaching safepoint: 391559 ns, At safepoint: 18869 ns, Total: 410428 ns
[2020-12-14T01:37:40.513+0000][6][safepoint    ] Safepoint "Cleanup", Time since last: 4000546028 ns, Reaching safepoint: 554419 ns, At safepoint: 21656 ns, Total: 576075 ns
[2020-12-14T01:37:41.514+0000][6][safepoint    ] Safepoint "Cleanup", Time since last: 1000191746 ns, Reaching safepoint: 269469 ns, At safepoint: 18780 ns, Total: 288249 ns
[2020-12-14T01:37:45.872+0000][6][safepoint    ] Safepoint "Cleanup", Time since last: 4357503578 ns, Reaching safepoint: 278881 ns, At safepoint: 23887 ns, Total: 302768 ns
[2020-12-14T01:37:48.872+0000][6][safepoint    ] Safepoint "Cleanup", Time since last: 3000478482 ns, Reaching safepoint: 252792 ns, At safepoint: 20182 ns, Total: 272974 ns
[2020-12-14T01:38:06.875+0000][6][safepoint    ] Safepoint "Cleanup", Time since last: 18002207387 ns, Reaching safepoint: 245445 ns, At safepoint: 25684 ns, Total: 271129 ns
[2020-12-14T01:38:09.876+0000][6][safepoint    ] Safepoint "Cleanup", Time since last: 3000360584 ns, Reaching safepoint: 219839 ns, At safepoint: 20756 ns, Total: 240595 ns
[2020-12-14T01:38:20.936+0000][6][safepoint    ] Safepoint "Cleanup", Time since last: 11059961880 ns, Reaching safepoint: 210000 ns, At safepoint: 22175 ns, Total: 232175 ns
[2020-12-14T01:38:21.989+0000][6][safepoint    ] Safepoint "Cleanup", Time since last: 1053214197 ns, Reaching safepoint: 256968 ns, At safepoint: 17067 ns, Total: 274035 ns
[2020-12-14T01:38:24.545+0000][6][safepoint    ] Safepoint "Cleanup", Time since last: 2555553424 ns, Reaching safepoint: 211277 ns, At safepoint: 21016 ns, Total: 232293 ns
[2020-12-14T01:38:25.548+0000][6][safepoint    ] Safepoint "Cleanup", Time since last: 1002372371 ns, Reaching safepoint: 247213 ns, At safepoint: 24927 ns, Total: 272140 ns
[2020-12-14T01:38:41.550+0000][6][safepoint    ] Safepoint "Cleanup", Time since last: 16001943362 ns, Reaching safepoint: 218173 ns, At safepoint: 18507 ns, Total: 236680 ns
[2020-12-14T01:38:46.860+0000][6][safepoint    ] Safepoint "Cleanup", Time since last: 5309851755 ns, Reaching safepoint: 231783 ns, At safepoint: 23217 ns, Total: 255000 ns
[2020-12-14T01:38:47.862+0000][6][safepoint    ] Safepoint "Cleanup", Time since last: 1001530540 ns, Reaching safepoint: 251558 ns, At safepoint: 18804 ns, Total: 270362 ns
[2020-12-14T01:38:53.863+0000][6][safepoint    ] Safepoint "Cleanup", Time since last: 6000735665 ns, Reaching safepoint: 229808 ns, At safepoint: 17434 ns, Total: 247242 ns
[2020-12-14T01:39:09.865+0000][6][safepoint    ] Safepoint "Cleanup", Time since last: 16001972666 ns, Reaching safepoint: 230746 ns, At safepoint: 18624 ns, Total: 249370 ns
[2020-12-14T01:39:11.866+0000][6][safepoint    ] Safepoint "Cleanup", Time since last: 2000304439 ns, Reaching safepoint: 229592 ns, At safepoint: 18934 ns, Total: 248526 ns
[2020-12-14T01:39:21.024+0000][6][safepoint    ] Safepoint "Cleanup", Time since last: 9158048690 ns, Reaching safepoint: 206475 ns, At safepoint: 16827 ns, Total: 223302 ns
[2020-12-14T01:39:21.049+0000][6][safepoint    ] Safepoint "BulkRevokeBias", Time since last: 24410694 ns, Reaching safepoint: 134322 ns, At safepoint: 915762 ns, Total: 1050084 ns
[2020-12-14T01:39:22.073+0000][6][safepoint    ] Safepoint "Cleanup", Time since last: 1023841034 ns, Reaching safepoint: 247760 ns, At safepoint: 19771 ns, Total: 267531 ns
[2020-12-14T01:39:24.582+0000][6][safepoint    ] Safepoint "Cleanup", Time since last: 2508533675 ns, Reaching safepoint: 232746 ns, At safepoint: 19149 ns, Total: 251895 ns
[2020-12-14T01:39:24.587+0000][6][safepoint    ] Safepoint "BulkRevokeBias", Time since last: 3677102 ns, Reaching safepoint: 159705 ns, At safepoint: 971223 ns, Total: 1130928 ns
[2020-12-14T01:39:25.590+0000][6][safepoint    ] Safepoint "Cleanup", Time since last: 1002489998 ns, Reaching safepoint: 244033 ns, At safepoint: 18951 ns, Total: 262984 ns
[2020-12-14T01:39:26.590+0000][6][safepoint    ] Safepoint "Cleanup", Time since last: 1000188101 ns, Reaching safepoint: 263565 ns, At safepoint: 19415 ns, Total: 282980 ns
[2020-12-14T01:39:48.859+0000][6][safepoint    ] Safepoint "Cleanup", Time since last: 22268732529 ns, Reaching safepoint: 285331 ns, At safepoint: 17484 ns, Total: 302815 ns
[2020-12-14T01:40:03.861+0000][6][safepoint    ] Safepoint "Cleanup", Time since last: 15001774769 ns, Reaching safepoint: 226797 ns, At safepoint: 17340 ns, Total: 244137 ns
[2020-12-14T01:40:16.863+0000][6][safepoint    ] Safepoint "Cleanup", Time since last: 13001626751 ns, Reaching safepoint: 298359 ns, At safepoint: 18927 ns, Total: 317286 ns
[2020-12-14T01:40:18.864+0000][6][safepoint    ] Safepoint "Cleanup", Time since last: 2000287109 ns, Reaching safepoint: 216441 ns, At safepoint: 18113 ns, Total: 234554 ns
[2020-12-14T01:40:21.115+0000][6][safepoint    ] Safepoint "Cleanup", Time since last: 2250800883 ns, Reaching safepoint: 186739 ns, At safepoint: 16272 ns, Total: 203011 ns
[2020-12-14T01:40:22.170+0000][6][safepoint    ] Safepoint "Cleanup", Time since last: 1055178555 ns, Reaching safepoint: 284771 ns, At safepoint: 27912 ns, Total: 312683 ns
[2020-12-14T01:40:24.626+0000][6][safepoint    ] Safepoint "Cleanup", Time since last: 2455927746 ns, Reaching safepoint: 204269 ns, At safepoint: 17240 ns, Total: 221509 ns
[2020-12-14T01:40:25.632+0000][6][safepoint    ] Safepoint "Cleanup", Time since last: 1005747357 ns, Reaching safepoint: 267604 ns, At safepoint: 18964 ns, Total: 286568 ns
[2020-12-14T01:40:41.635+0000][6][safepoint    ] Safepoint "Cleanup", Time since last: 16001951771 ns, Reaching safepoint: 230573 ns, At safepoint: 18931 ns, Total: 249504 ns
[2020-12-14T01:40:44.635+0000][6][safepoint    ] Safepoint "Cleanup", Time since last: 3000415768 ns, Reaching safepoint: 259633 ns, At safepoint: 18864 ns, Total: 278497 ns
[2020-12-14T01:40:46.636+0000][6][safepoint    ] Safepoint "Cleanup", Time since last: 2000304545 ns, Reaching safepoint: 308907 ns, At safepoint: 19061 ns, Total: 327968 ns
[2020-12-14T01:40:48.869+0000][6][safepoint    ] Safepoint "BulkRevokeBias", Time since last: 2232356921 ns, Reaching safepoint: 184009 ns, At safepoint: 968654 ns, Total: 1152663 ns
[2020-12-14T01:40:49.871+0000][6][safepoint    ] Safepoint "Cleanup", Time since last: 1001133064 ns, Reaching safepoint: 246409 ns, At safepoint: 18871 ns, Total: 265280 ns
[2020-12-14T01:41:09.873+0000][6][safepoint    ] Safepoint "Cleanup", Time since last: 20002406394 ns, Reaching safepoint: 217255 ns, At safepoint: 18101 ns, Total: 235356 ns
[2020-12-14T01:41:11.874+0000][6][safepoint    ] Safepoint "Cleanup", Time since last: 2000299859 ns, Reaching safepoint: 231633 ns, At safepoint: 30107 ns, Total: 261740 ns
[2020-12-14T01:41:21.210+0000][6][safepoint    ] Safepoint "Cleanup", Time since last: 9335546387 ns, Reaching safepoint: 200112 ns, At safepoint: 17436 ns, Total: 217548 ns
[2020-12-14T01:41:22.257+0000][6][safepoint    ] Safepoint "Cleanup", Time since last: 1046817633 ns, Reaching safepoint: 234518 ns, At safepoint: 16916 ns, Total: 251434 ns
[2020-12-14T01:41:24.668+0000][6][safepoint    ] Safepoint "Cleanup", Time since last: 2410729647 ns, Reaching safepoint: 222514 ns, At safepoint: 18184 ns, Total: 240698 ns
[2020-12-14T01:41:25.674+0000][6][safepoint    ] Safepoint "Cleanup", Time since last: 1005825061 ns, Reaching safepoint: 257222 ns, At safepoint: 22936 ns, Total: 280158 ns
[2020-12-14T01:41:44.676+0000][6][safepoint    ] Safepoint "Cleanup", Time since last: 19002319054 ns, Reaching safepoint: 223378 ns, At safepoint: 18041 ns, Total: 241419 ns
[2020-12-14T01:41:50.861+0000][6][safepoint    ] Safepoint "Cleanup", Time since last: 6183771943 ns, Reaching safepoint: 270021 ns, At safepoint: 18828 ns, Total: 288849 ns
[2020-12-14T01:41:57.862+0000][6][safepoint    ] Safepoint "Cleanup", Time since last: 7000912652 ns, Reaching safepoint: 218406 ns, At safepoint: 18427 ns, Total: 236833 ns
[2020-12-14T01:42:09.863+0000][6][safepoint    ] Safepoint "Cleanup", Time since last: 12001496347 ns, Reaching safepoint: 223756 ns, At safepoint: 18890 ns, Total: 242646 ns
[2020-12-14T01:42:11.864+0000][6][safepoint    ] Safepoint "Cleanup", Time since last: 2000291408 ns, Reaching safepoint: 229221 ns, At safepoint: 18821 ns, Total: 248042 ns
[2020-12-14T01:42:21.295+0000][6][safepoint    ] Safepoint "Cleanup", Time since last: 9431193314 ns, Reaching safepoint: 206169 ns, At safepoint: 19146 ns, Total: 225315 ns
[2020-12-14T01:42:21.322+0000][6][safepoint    ] Safepoint "BulkRevokeBias", Time since last: 26047737 ns, Reaching safepoint: 167977 ns, At safepoint: 856244 ns, Total: 1024221 ns
[2020-12-14T01:42:25.717+0000][6][safepoint    ] Safepoint "Cleanup", Time since last: 4394262951 ns, Reaching safepoint: 233234 ns, At safepoint: 17267 ns, Total: 250501 ns
[2020-12-14T01:42:31.718+0000][6][safepoint    ] Safepoint "Cleanup", Time since last: 6000799849 ns, Reaching safepoint: 232156 ns, At safepoint: 15947 ns, Total: 248103 ns
[2020-12-14T01:42:36.719+0000][6][safepoint    ] Safepoint "Cleanup", Time since last: 5000650223 ns, Reaching safepoint: 218786 ns, At safepoint: 17316 ns, Total: 236102 ns
[2020-12-14T01:42:39.720+0000][6][safepoint    ] Safepoint "Cleanup", Time since last: 3000425510 ns, Reaching safepoint: 239910 ns, At safepoint: 15589 ns, Total: 255499 ns
[2020-12-14T01:42:41.720+0000][6][safepoint    ] Safepoint "Cleanup", Time since last: 2000295651 ns, Reaching safepoint: 259329 ns, At safepoint: 17619 ns, Total: 276948 ns
[2020-12-14T01:42:44.721+0000][6][safepoint    ] Safepoint "Cleanup", Time since last: 3000431018 ns, Reaching safepoint: 231080 ns, At safepoint: 18711 ns, Total: 249791 ns
[2020-12-14T01:42:55.067+0000][6][safepoint    ] Safepoint "Cleanup", Time since last: 10345507027 ns, Reaching safepoint: 220331 ns, At safepoint: 18641 ns, Total: 238972 ns
[2020-12-14T01:42:56.068+0000][6][safepoint    ] Safepoint "Cleanup", Time since last: 1000636885 ns, Reaching safepoint: 271059 ns, At safepoint: 18964 ns, Total: 290023 ns
[2020-12-14T01:43:00.535+0000][6][safepoint    ] Safepoint "Cleanup", Time since last: 4467215194 ns, Reaching safepoint: 209534 ns, At safepoint: 21999 ns, Total: 231533 ns
[2020-12-14T01:43:04.536+0000][6][safepoint    ] Safepoint "Cleanup", Time since last: 4000620693 ns, Reaching safepoint: 225887 ns, At safepoint: 20645 ns, Total: 246532 ns
[2020-12-14T01:43:05.842+0000][6][safepoint    ] Safepoint "Cleanup", Time since last: 1305826968 ns, Reaching safepoint: 199898 ns, At safepoint: 18918 ns, Total: 218816 ns
[2020-12-14T01:43:06.842+0000][6][safepoint    ] Safepoint "Cleanup", Time since last: 1000231612 ns, Reaching safepoint: 255767 ns, At safepoint: 23227 ns, Total: 278994 ns
[2020-12-14T01:43:10.513+0000][6][safepoint    ] Safepoint "Cleanup", Time since last: 3670319885 ns, Reaching safepoint: 221023 ns, At safepoint: 19060 ns, Total: 240083 ns
[2020-12-14T01:43:15.514+0000][6][safepoint    ] Safepoint "Cleanup", Time since last: 5000696286 ns, Reaching safepoint: 222325 ns, At safepoint: 17721 ns, Total: 240046 ns
[2020-12-14T01:43:20.913+0000][6][safepoint    ] Safepoint "Cleanup", Time since last: 5398479369 ns, Reaching safepoint: 288387 ns, At safepoint: 17820 ns, Total: 306207 ns
[2020-12-14T01:43:22.423+0000][6][safepoint    ] Safepoint "Cleanup", Time since last: 1509872109 ns, Reaching safepoint: 238561 ns, At safepoint: 17357 ns, Total: 255918 ns
[2020-12-14T01:43:24.423+0000][6][safepoint    ] Safepoint "Cleanup", Time since last: 2000310854 ns, Reaching safepoint: 254196 ns, At safepoint: 19318 ns, Total: 273514 ns
[2020-12-14T01:43:25.759+0000][6][safepoint    ] Safepoint "Cleanup", Time since last: 1335844863 ns, Reaching safepoint: 232242 ns, At safepoint: 17869 ns, Total: 250111 ns
[2020-12-14T01:43:32.162+0000][6][safepoint    ] Safepoint "Cleanup", Time since last: 6402651515 ns, Reaching safepoint: 223126 ns, At safepoint: 26800 ns, Total: 249926 ns
[2020-12-14T01:43:33.163+0000][6][safepoint    ] Safepoint "Cleanup", Time since last: 1000279329 ns, Reaching safepoint: 213720 ns, At safepoint: 17404 ns, Total: 231124 ns
[2020-12-14T01:43:38.992+0000][6][safepoint    ] Safepoint "Cleanup", Time since last: 5829073310 ns, Reaching safepoint: 210275 ns, At safepoint: 19968 ns, Total: 230243 ns
[2020-12-14T01:43:39.993+0000][6][safepoint    ] Safepoint "Cleanup", Time since last: 1000249450 ns, Reaching safepoint: 220697 ns, At safepoint: 18043 ns, Total: 238740 ns
[2020-12-14T01:43:47.740+0000][6][safepoint    ] Safepoint "Cleanup", Time since last: 7747196770 ns, Reaching safepoint: 263721 ns, At safepoint: 26159 ns, Total: 289880 ns
[2020-12-14T01:43:48.741+0000][6][safepoint    ] Safepoint "Cleanup", Time since last: 1000192060 ns, Reaching safepoint: 233074 ns, At safepoint: 18023 ns, Total: 251097 ns
[2020-12-14T01:43:50.831+0000][6][safepoint    ] Safepoint "Cleanup", Time since last: 2090550894 ns, Reaching safepoint: 302334 ns, At safepoint: 21923 ns, Total: 324257 ns
[2020-12-14T01:43:54.866+0000][6][safepoint    ] Safepoint "Cleanup", Time since last: 4034111601 ns, Reaching safepoint: 218736 ns, At safepoint: 20922 ns, Total: 239658 ns
[2020-12-14T01:43:56.866+0000][6][safepoint    ] Safepoint "Cleanup", Time since last: 2000309878 ns, Reaching safepoint: 235712 ns, At safepoint: 18721 ns, Total: 254433 ns
[2020-12-14T01:44:01.867+0000][6][safepoint    ] Safepoint "Cleanup", Time since last: 5000675601 ns, Reaching safepoint: 235265 ns, At safepoint: 17043 ns, Total: 252308 ns
[2020-12-14T01:44:06.868+0000][6][safepoint    ] Safepoint "Cleanup", Time since last: 5000658560 ns, Reaching safepoint: 247979 ns, At safepoint: 18728 ns, Total: 266707 ns
[2020-12-14T01:44:16.870+0000][6][safepoint    ] Safepoint "Cleanup", Time since last: 10001245943 ns, Reaching safepoint: 247512 ns, At safepoint: 18718 ns, Total: 266230 ns
[2020-12-14T01:44:21.465+0000][6][safepoint    ] Safepoint "Cleanup", Time since last: 4594539282 ns, Reaching safepoint: 187159 ns, At safepoint: 15878 ns, Total: 203037 ns
[2020-12-14T01:44:21.486+0000][6][safepoint    ] Safepoint "BulkRevokeBias", Time since last: 20045024 ns, Reaching safepoint: 168502 ns, At safepoint: 874748 ns, Total: 1043250 ns
[2020-12-14T01:44:22.514+0000][6][safepoint    ] Safepoint "Cleanup", Time since last: 1027930503 ns, Reaching safepoint: 228888 ns, At safepoint: 19158 ns, Total: 248046 ns
[2020-12-14T01:44:24.514+0000][6][safepoint    ] Safepoint "Cleanup", Time since last: 2000318099 ns, Reaching safepoint: 236620 ns, At safepoint: 17754 ns, Total: 254374 ns
[2020-12-14T01:44:24.799+0000][6][safepoint    ] Safepoint "BulkRevokeBias", Time since last: 283325278 ns, Reaching safepoint: 234776 ns, At safepoint: 969569 ns, Total: 1204345 ns
[2020-12-14T01:44:24.804+0000][6][safepoint    ] Safepoint "BulkRevokeBias", Time since last: 3979839 ns, Reaching safepoint: 161835 ns, At safepoint: 754819 ns, Total: 916654 ns
[2020-12-14T01:44:25.804+0000][6][safepoint    ] Safepoint "Cleanup", Time since last: 1000174451 ns, Reaching safepoint: 284834 ns, At safepoint: 19027 ns, Total: 303861 ns
[2020-12-14T01:44:40.806+0000][6][safepoint    ] Safepoint "Cleanup", Time since last: 15001944835 ns, Reaching safepoint: 232000 ns, At safepoint: 18517 ns, Total: 250517 ns
[2020-12-14T01:44:46.807+0000][6][safepoint    ] Safepoint "Cleanup", Time since last: 6000767560 ns, Reaching safepoint: 235392 ns, At safepoint: 20882 ns, Total: 256274 ns
[2020-12-14T01:44:53.856+0000][6][safepoint    ] Safepoint "Cleanup", Time since last: 7048349910 ns, Reaching safepoint: 227390 ns, At safepoint: 45003 ns, Total: 272393 ns
[2020-12-14T01:45:21.549+0000][6][safepoint    ] Safepoint "Cleanup", Time since last: 27692778496 ns, Reaching safepoint: 312028 ns, At safepoint: 19700 ns, Total: 331728 ns
[2020-12-14T01:45:22.595+0000][6][safepoint    ] Safepoint "Cleanup", Time since last: 1045881327 ns, Reaching safepoint: 235915 ns, At safepoint: 18624 ns, Total: 254539 ns
[2020-12-14T01:45:24.847+0000][6][safepoint    ] Safepoint "Cleanup", Time since last: 2251419776 ns, Reaching safepoint: 217975 ns, At safepoint: 31401 ns, Total: 249376 ns
[2020-12-14T01:45:25.850+0000][6][safepoint    ] Safepoint "Cleanup", Time since last: 1002537732 ns, Reaching safepoint: 240139 ns, At safepoint: 17520 ns, Total: 257659 ns
[2020-12-14T01:45:35.851+0000][6][safepoint    ] Safepoint "Cleanup", Time since last: 10001292557 ns, Reaching safepoint: 248336 ns, At safepoint: 18807 ns, Total: 267143 ns
[2020-12-14T01:45:37.852+0000][6][safepoint    ] Safepoint "Cleanup", Time since last: 2000303397 ns, Reaching safepoint: 234503 ns, At safepoint: 17188 ns, Total: 251691 ns
[2020-12-14T01:45:41.853+0000][6][safepoint    ] Safepoint "Cleanup", Time since last: 4000529694 ns, Reaching safepoint: 226921 ns, At safepoint: 18617 ns, Total: 245538 ns
[2020-12-14T01:45:47.854+0000][6][safepoint    ] Safepoint "Cleanup", Time since last: 6000771666 ns, Reaching safepoint: 261017 ns, At safepoint: 18954 ns, Total: 279971 ns
[2020-12-14T01:45:54.852+0000][6][safepoint    ] Safepoint "Cleanup", Time since last: 6997582170 ns, Reaching safepoint: 236780 ns, At safepoint: 18354 ns, Total: 255134 ns
[2020-12-14T01:45:58.852+0000][6][safepoint    ] Safepoint "Cleanup", Time since last: 4000543914 ns, Reaching safepoint: 234098 ns, At safepoint: 30214 ns, Total: 264312 ns
[2020-12-14T01:45:59.853+0000][6][safepoint    ] Safepoint "Cleanup", Time since last: 1000181968 ns, Reaching safepoint: 233108 ns, At safepoint: 17253 ns, Total: 250361 ns
[2020-12-14T01:46:16.855+0000][6][safepoint    ] Safepoint "Cleanup", Time since last: 17002046785 ns, Reaching safepoint: 296577 ns, At safepoint: 18001 ns, Total: 314578 ns
[2020-12-14T01:46:21.632+0000][6][safepoint    ] Safepoint "Cleanup", Time since last: 4776121833 ns, Reaching safepoint: 184749 ns, At safepoint: 17682 ns, Total: 202431 ns
[2020-12-14T01:46:24.679+0000][6][safepoint    ] Safepoint "Cleanup", Time since last: 3047454746 ns, Reaching safepoint: 252563 ns, At safepoint: 17829 ns, Total: 270392 ns
[2020-12-14T01:46:24.894+0000][6][safepoint    ] Safepoint "BulkRevokeBias", Time since last: 213474188 ns, Reaching safepoint: 218949 ns, At safepoint: 977742 ns, Total: 1196691 ns
[2020-12-14T01:46:24.949+0000][6][safepoint    ] Safepoint "BulkRevokeBias", Time since last: 54397744 ns, Reaching safepoint: 215038 ns, At safepoint: 915604 ns, Total: 1130642 ns
[2020-12-14T01:46:26.925+0000][6][safepoint    ] Safepoint "Cleanup", Time since last: 1974972069 ns, Reaching safepoint: 240412 ns, At safepoint: 18657 ns, Total: 259069 ns
[2020-12-14T01:46:29.925+0000][6][safepoint    ] Safepoint "Cleanup", Time since last: 3000426381 ns, Reaching safepoint: 234785 ns, At safepoint: 17786 ns, Total: 252571 ns
[2020-12-14T01:46:39.927+0000][6][safepoint    ] Safepoint "Cleanup", Time since last: 10001275585 ns, Reaching safepoint: 217382 ns, At safepoint: 19051 ns, Total: 236433 ns
[2020-12-14T01:46:41.927+0000][6][safepoint    ] Safepoint "Cleanup", Time since last: 2000310385 ns, Reaching safepoint: 220180 ns, At safepoint: 18780 ns, Total: 238960 ns
[2020-12-14T01:46:51.929+0000][6][safepoint    ] Safepoint "Cleanup", Time since last: 10001336263 ns, Reaching safepoint: 246758 ns, At safepoint: 17100 ns, Total: 263858 ns
[2020-12-14T01:46:55.859+0000][6][safepoint    ] Safepoint "Cleanup", Time since last: 3930065632 ns, Reaching safepoint: 248697 ns, At safepoint: 18871 ns, Total: 267568 ns
[2020-12-14T01:47:09.861+0000][6][safepoint    ] Safepoint "Cleanup", Time since last: 14001758947 ns, Reaching safepoint: 235609 ns, At safepoint: 18787 ns, Total: 254396 ns
[2020-12-14T01:47:10.862+0000][6][safepoint    ] Safepoint "Cleanup", Time since last: 1000196887 ns, Reaching safepoint: 235391 ns, At safepoint: 17875 ns, Total: 253266 ns
[2020-12-14T01:47:11.862+0000][6][safepoint    ] Safepoint "Cleanup", Time since last: 1000185322 ns, Reaching safepoint: 243653 ns, At safepoint: 20388 ns, Total: 264041 ns
[2020-12-14T01:47:21.713+0000][6][safepoint    ] Safepoint "Cleanup", Time since last: 9850295708 ns, Reaching safepoint: 217042 ns, At safepoint: 17564 ns, Total: 234606 ns
[2020-12-14T01:47:21.737+0000][6][safepoint    ] Safepoint "BulkRevokeBias", Time since last: 22942751 ns, Reaching safepoint: 158139 ns, At safepoint: 809465 ns, Total: 967604 ns
[2020-12-14T01:47:22.759+0000][6][safepoint    ] Safepoint "Cleanup", Time since last: 1022529126 ns, Reaching safepoint: 225877 ns, At safepoint: 21242 ns, Total: 247119 ns
[2020-12-14T01:47:24.760+0000][6][safepoint    ] Safepoint "Cleanup", Time since last: 2000310195 ns, Reaching safepoint: 225430 ns, At safepoint: 16203 ns, Total: 241633 ns
[2020-12-14T01:47:25.960+0000][6][safepoint    ] Safepoint "Cleanup", Time since last: 1199990057 ns, Reaching safepoint: 255633 ns, At safepoint: 21156 ns, Total: 276789 ns
[2020-12-14T01:47:37.962+0000][6][safepoint    ] Safepoint "Cleanup", Time since last: 12001522649 ns, Reaching safepoint: 222819 ns, At safepoint: 16926 ns, Total: 239745 ns
[2020-12-14T01:47:39.963+0000][6][safepoint    ] Safepoint "Cleanup", Time since last: 2000337657 ns, Reaching safepoint: 220774 ns, At safepoint: 18444 ns, Total: 239218 ns
[2020-12-14T01:47:55.866+0000][6][safepoint    ] Safepoint "BulkRevokeBias", Time since last: 15902089294 ns, Reaching safepoint: 263989 ns, At safepoint: 960713 ns, Total: 1224702 ns
[2020-12-14T01:48:21.794+0000][6][safepoint    ] Safepoint "Cleanup", Time since last: 25927333928 ns, Reaching safepoint: 210110 ns, At safepoint: 15774 ns, Total: 225884 ns
[2020-12-14T01:48:22.836+0000][6][safepoint    ] Safepoint "Cleanup", Time since last: 1042525150 ns, Reaching safepoint: 259683 ns, At safepoint: 34761 ns, Total: 294444 ns
[2020-12-14T01:48:24.837+0000][6][safepoint    ] Safepoint "Cleanup", Time since last: 2000269466 ns, Reaching safepoint: 234855 ns, At safepoint: 17287 ns, Total: 252142 ns
[2020-12-14T01:48:25.999+0000][6][safepoint    ] Safepoint "Cleanup", Time since last: 1161768782 ns, Reaching safepoint: 216778 ns, At safepoint: 18391 ns, Total: 235169 ns
[2020-12-14T01:48:41.001+0000][6][safepoint    ] Safepoint "Cleanup", Time since last: 15001798837 ns, Reaching safepoint: 220923 ns, At safepoint: 18491 ns, Total: 239414 ns
[2020-12-14T01:48:47.002+0000][6][safepoint    ] Safepoint "Cleanup", Time since last: 6000765642 ns, Reaching safepoint: 252502 ns, At safepoint: 19111 ns, Total: 271613 ns
[2020-12-14T01:48:56.863+0000][6][safepoint    ] Safepoint "Cleanup", Time since last: 9860696625 ns, Reaching safepoint: 185987 ns, At safepoint: 23457 ns, Total: 209444 ns
[2020-12-14T01:48:57.864+0000][6][safepoint    ] Safepoint "Cleanup", Time since last: 1001066106 ns, Reaching safepoint: 361502 ns, At safepoint: 16517 ns, Total: 378019 ns
[2020-12-14T01:49:10.866+0000][6][safepoint    ] Safepoint "Cleanup", Time since last: 13001623922 ns, Reaching safepoint: 271830 ns, At safepoint: 20385 ns, Total: 292215 ns
[2020-12-14T01:49:21.887+0000][6][safepoint    ] Safepoint "Cleanup", Time since last: 11020562072 ns, Reaching safepoint: 172407 ns, At safepoint: 19414 ns, Total: 191821 ns
[2020-12-14T01:49:22.920+0000][6][safepoint    ] Safepoint "Cleanup", Time since last: 1032659271 ns, Reaching safepoint: 232854 ns, At safepoint: 29002 ns, Total: 261856 ns
[2020-12-14T01:49:25.035+0000][6][safepoint    ] Safepoint "Cleanup", Time since last: 2115216631 ns, Reaching safepoint: 230403 ns, At safepoint: 21892 ns, Total: 252295 ns
[2020-12-14T01:49:26.038+0000][6][safepoint    ] Safepoint "Cleanup", Time since last: 1002527566 ns, Reaching safepoint: 253159 ns, At safepoint: 19668 ns, Total: 272827 ns
[2020-12-14T01:49:32.039+0000][6][safepoint    ] Safepoint "Cleanup", Time since last: 6000773801 ns, Reaching safepoint: 239057 ns, At safepoint: 18825 ns, Total: 257882 ns
[2020-12-14T01:49:54.042+0000][6][safepoint    ] Safepoint "Cleanup", Time since last: 22002679234 ns, Reaching safepoint: 279838 ns, At safepoint: 19161 ns, Total: 298999 ns
[2020-12-14T01:49:58.852+0000][6][safepoint    ] Safepoint "Cleanup", Time since last: 4809801678 ns, Reaching safepoint: 266236 ns, At safepoint: 17466 ns, Total: 283702 ns
[2020-12-14T01:50:01.853+0000][6][safepoint    ] Safepoint "Cleanup", Time since last: 3000444639 ns, Reaching safepoint: 211697 ns, At safepoint: 17487 ns, Total: 229184 ns
[2020-12-14T01:50:06.854+0000][6][safepoint    ] Safepoint "Cleanup", Time since last: 5000680804 ns, Reaching safepoint: 235158 ns, At safepoint: 18851 ns, Total: 254009 ns
[2020-12-14T01:50:09.854+0000][6][safepoint    ] Safepoint "Cleanup", Time since last: 3000385768 ns, Reaching safepoint: 229618 ns, At safepoint: 17743 ns, Total: 247361 ns
[2020-12-14T01:50:21.959+0000][6][safepoint    ] Safepoint "Cleanup", Time since last: 12104124473 ns, Reaching safepoint: 193157 ns, At safepoint: 18581 ns, Total: 211738 ns
[2020-12-14T01:50:21.983+0000][6][safepoint    ] Safepoint "BulkRevokeBias", Time since last: 23387402 ns, Reaching safepoint: 133419 ns, At safepoint: 948003 ns, Total: 1081422 ns
[2020-12-14T01:50:22.005+0000][6][safepoint    ] Safepoint "BulkRevokeBias", Time since last: 20683736 ns, Reaching safepoint: 164348 ns, At safepoint: 893443 ns, Total: 1057791 ns
[2020-12-14T01:50:22.999+0000][6][gc,start     ] GC(52) Pause Young (Normal) (G1 Evacuation Pause)
[2020-12-14T01:50:22.999+0000][6][gc,task      ] GC(52) Using 10 workers of 10 for evacuation
[2020-12-14T01:50:22.999+0000][6][gc,age       ] GC(52) Desired survivor size 26214400 bytes, new threshold 3 (max threshold 15)
[2020-12-14T01:50:23.023+0000][6][gc,age       ] GC(52) Age table with threshold 3 (max threshold 15)
[2020-12-14T01:50:23.023+0000][6][gc,age       ] GC(52) - age   1:    1436184 bytes,    1436184 total
[2020-12-14T01:50:23.023+0000][6][gc,age       ] GC(52) - age   2:    9465352 bytes,   10901536 total
[2020-12-14T01:50:23.023+0000][6][gc,age       ] GC(52) - age   3:    9962944 bytes,   20864480 total
[2020-12-14T01:50:23.024+0000][6][gc,phases    ] GC(52)   Pre Evacuate Collection Set: 0.3ms
[2020-12-14T01:50:23.024+0000][6][gc,phases    ] GC(52)   Merge Heap Roots: 0.2ms
[2020-12-14T01:50:23.024+0000][6][gc,phases    ] GC(52)   Evacuate Collection Set: 21.8ms
[2020-12-14T01:50:23.024+0000][6][gc,phases    ] GC(52)   Post Evacuate Collection Set: 1.6ms
[2020-12-14T01:50:23.024+0000][6][gc,phases    ] GC(52)   Other: 0.5ms
[2020-12-14T01:50:23.024+0000][6][gc,heap      ] GC(52) Eden regions: 371->0(374)
[2020-12-14T01:50:23.024+0000][6][gc,heap      ] GC(52) Survivor regions: 27->22(50)
[2020-12-14T01:50:23.024+0000][6][gc,heap      ] GC(52) Old regions: 94->101
[2020-12-14T01:50:23.024+0000][6][gc,heap      ] GC(52) Archive regions: 2->2
[2020-12-14T01:50:23.024+0000][6][gc,heap      ] GC(52) Humongous regions: 73->73
[2020-12-14T01:50:23.024+0000][6][gc,metaspace ] GC(52) Metaspace: 74353K(79004K)->74353K(79004K) NonClass: 64742K(67328K)->64742K(67328K) Class: 9611K(11676K)->9611K(11676K)
[2020-12-14T01:50:23.024+0000][6][gc           ] GC(52) Pause Young (Normal) (G1 Evacuation Pause) 565M->195M(793M) 24.613ms
[2020-12-14T01:50:23.024+0000][6][gc,cpu       ] GC(52) User=0.21s Sys=0.01s Real=0.02s
[2020-12-14T01:50:23.024+0000][6][safepoint    ] Safepoint "G1CollectForAllocation", Time since last: 993778578 ns, Reaching safepoint: 214534 ns, At safepoint: 24803313 ns, Total: 25017847 ns
[2020-12-14T01:50:25.024+0000][6][safepoint    ] Safepoint "Cleanup", Time since last: 2000279903 ns, Reaching safepoint: 230556 ns, At safepoint: 21396 ns, Total: 251952 ns
[2020-12-14T01:50:25.094+0000][6][safepoint    ] Safepoint "BulkRevokeBias", Time since last: 68273524 ns, Reaching safepoint: 282676 ns, At safepoint: 973085 ns, Total: 1255761 ns
[2020-12-14T01:50:26.094+0000][6][safepoint    ] Safepoint "Cleanup", Time since last: 1000203381 ns, Reaching safepoint: 218226 ns, At safepoint: 19991 ns, Total: 238217 ns
[2020-12-14T01:50:27.095+0000][6][safepoint    ] Safepoint "Cleanup", Time since last: 1000187305 ns, Reaching safepoint: 243680 ns, At safepoint: 18901 ns, Total: 262581 ns
[2020-12-14T01:50:40.097+0000][6][safepoint    ] Safepoint "Cleanup", Time since last: 13001613531 ns, Reaching safepoint: 223298 ns, At safepoint: 18324 ns, Total: 241622 ns
[2020-12-14T01:50:58.852+0000][6][safepoint    ] Safepoint "Cleanup", Time since last: 18754723081 ns, Reaching safepoint: 221442 ns, At safepoint: 19125 ns, Total: 240567 ns
[2020-12-14T01:51:01.852+0000][6][safepoint    ] Safepoint "Cleanup", Time since last: 3000447241 ns, Reaching safepoint: 251585 ns, At safepoint: 19208 ns, Total: 270793 ns
[2020-12-14T01:51:16.854+0000][6][safepoint    ] Safepoint "Cleanup", Time since last: 15001874490 ns, Reaching safepoint: 232537 ns, At safepoint: 17440 ns, Total: 249977 ns
[2020-12-14T01:51:22.058+0000][6][safepoint    ] Safepoint "Cleanup", Time since last: 5203257262 ns, Reaching safepoint: 199525 ns, At safepoint: 20542 ns, Total: 220067 ns
[2020-12-14T01:51:25.093+0000][6][safepoint    ] Safepoint "Cleanup", Time since last: 3035014048 ns, Reaching safepoint: 259032 ns, At safepoint: 19128 ns, Total: 278160 ns
[2020-12-14T01:51:25.122+0000][6][safepoint    ] Safepoint "BulkRevokeBias", Time since last: 27228469 ns, Reaching safepoint: 161995 ns, At safepoint: 964512 ns, Total: 1126507 ns
[2020-12-14T01:51:26.122+0000][6][safepoint    ] Safepoint "Cleanup", Time since last: 1000179146 ns, Reaching safepoint: 222214 ns, At safepoint: 18007 ns, Total: 240221 ns
[2020-12-14T01:51:27.122+0000][6][safepoint    ] Safepoint "Cleanup", Time since last: 1000196126 ns, Reaching safepoint: 227394 ns, At safepoint: 18054 ns, Total: 245448 ns
[2020-12-14T01:51:37.124+0000][6][safepoint    ] Safepoint "Cleanup", Time since last: 10001230602 ns, Reaching safepoint: 218172 ns, At safepoint: 18784 ns, Total: 236956 ns
[2020-12-14T01:51:40.125+0000][6][safepoint    ] Safepoint "Cleanup", Time since last: 3000463359 ns, Reaching safepoint: 227044 ns, At safepoint: 20752 ns, Total: 247796 ns
[2020-12-14T01:51:41.125+0000][6][safepoint    ] Safepoint "Cleanup", Time since last: 1000183070 ns, Reaching safepoint: 235878 ns, At safepoint: 17333 ns, Total: 253211 ns
[2020-12-14T01:51:59.855+0000][6][safepoint    ] Safepoint "Cleanup", Time since last: 18729943975 ns, Reaching safepoint: 271917 ns, At safepoint: 23025 ns, Total: 294942 ns
[2020-12-14T01:52:10.857+0000][6][safepoint    ] Safepoint "Cleanup", Time since last: 11001403098 ns, Reaching safepoint: 290235 ns, At safepoint: 18177 ns, Total: 308412 ns
[2020-12-14T01:52:22.131+0000][6][safepoint    ] Safepoint "Cleanup", Time since last: 11273477078 ns, Reaching safepoint: 281806 ns, At safepoint: 16978 ns, Total: 298784 ns
[2020-12-14T01:52:23.177+0000][6][safepoint    ] Safepoint "Cleanup", Time since last: 1046338019 ns, Reaching safepoint: 247006 ns, At safepoint: 30519 ns, Total: 277525 ns
[2020-12-14T01:52:25.157+0000][6][safepoint    ] Safepoint "Cleanup", Time since last: 1979403381 ns, Reaching safepoint: 264395 ns, At safepoint: 17183 ns, Total: 281578 ns
[2020-12-14T01:52:26.163+0000][6][safepoint    ] Safepoint "Cleanup", Time since last: 1005894881 ns, Reaching safepoint: 246448 ns, At safepoint: 19705 ns, Total: 266153 ns
[2020-12-14T01:52:41.165+0000][6][safepoint    ] Safepoint "Cleanup", Time since last: 15001871832 ns, Reaching safepoint: 234912 ns, At safepoint: 24811 ns, Total: 259723 ns
[2020-12-14T01:52:51.167+0000][6][safepoint    ] Safepoint "Cleanup", Time since last: 10001209459 ns, Reaching safepoint: 247719 ns, At safepoint: 19108 ns, Total: 266827 ns
[2020-12-14T01:53:16.854+0000][6][safepoint    ] Safepoint "Cleanup", Time since last: 25686977915 ns, Reaching safepoint: 227694 ns, At safepoint: 17274 ns, Total: 244968 ns
[2020-12-14T01:53:22.236+0000][6][safepoint    ] Safepoint "BulkRevokeBias", Time since last: 5380933229 ns, Reaching safepoint: 185940 ns, At safepoint: 861348 ns, Total: 1047288 ns
[2020-12-14T01:53:23.257+0000][6][safepoint    ] Safepoint "Cleanup", Time since last: 1020647269 ns, Reaching safepoint: 222091 ns, At safepoint: 29226 ns, Total: 251317 ns
[2020-12-14T01:53:25.199+0000][6][safepoint    ] Safepoint "Cleanup", Time since last: 1941990958 ns, Reaching safepoint: 308018 ns, At safepoint: 19017 ns, Total: 327035 ns
[2020-12-14T01:53:25.204+0000][6][safepoint    ] Safepoint "BulkRevokeBias", Time since last: 3536504 ns, Reaching safepoint: 160100 ns, At safepoint: 923278 ns, Total: 1083378 ns
[2020-12-14T01:53:26.207+0000][6][safepoint    ] Safepoint "Cleanup", Time since last: 1002400296 ns, Reaching safepoint: 249897 ns, At safepoint: 24114 ns, Total: 274011 ns
[2020-12-14T01:54:04.853+0000][6][safepoint    ] Safepoint "Cleanup", Time since last: 38646490268 ns, Reaching safepoint: 281828 ns, At safepoint: 23124 ns, Total: 304952 ns
[2020-12-14T01:54:06.854+0000][6][safepoint    ] Safepoint "Cleanup", Time since last: 2000298697 ns, Reaching safepoint: 216128 ns, At safepoint: 18431 ns, Total: 234559 ns
[2020-12-14T01:54:10.855+0000][6][safepoint    ] Safepoint "Cleanup", Time since last: 4000541713 ns, Reaching safepoint: 229512 ns, At safepoint: 21339 ns, Total: 250851 ns
[2020-12-14T01:54:16.856+0000][6][safepoint    ] Safepoint "Cleanup", Time since last: 6000777688 ns, Reaching safepoint: 177994 ns, At safepoint: 17152 ns, Total: 195146 ns
[2020-12-14T01:54:19.856+0000][6][safepoint    ] Safepoint "Cleanup", Time since last: 3000412784 ns, Reaching safepoint: 284543 ns, At safepoint: 22290 ns, Total: 306833 ns
[2020-12-14T01:54:22.291+0000][6][safepoint    ] Safepoint "Cleanup", Time since last: 2434617570 ns, Reaching safepoint: 217021 ns, At safepoint: 20328 ns, Total: 237349 ns
[2020-12-14T01:54:23.334+0000][6][safepoint    ] Safepoint "Cleanup", Time since last: 1042673734 ns, Reaching safepoint: 277683 ns, At safepoint: 23860 ns, Total: 301543 ns
[2020-12-14T01:54:25.242+0000][6][safepoint    ] Safepoint "Cleanup", Time since last: 1907180154 ns, Reaching safepoint: 231126 ns, At safepoint: 18497 ns, Total: 249623 ns
[2020-12-14T01:54:26.248+0000][6][safepoint    ] Safepoint "Cleanup", Time since last: 1005759129 ns, Reaching safepoint: 248284 ns, At safepoint: 18740 ns, Total: 267024 ns
[2020-12-14T01:54:27.248+0000][6][safepoint    ] Safepoint "Cleanup", Time since last: 1000150719 ns, Reaching safepoint: 247029 ns, At safepoint: 16303 ns, Total: 263332 ns
[2020-12-14T01:54:41.250+0000][6][safepoint    ] Safepoint "Cleanup", Time since last: 14001762006 ns, Reaching safepoint: 216924 ns, At safepoint: 16420 ns, Total: 233344 ns
[2020-12-14T01:55:22.369+0000][6][safepoint    ] Safepoint "Cleanup", Time since last: 41118353205 ns, Reaching safepoint: 194839 ns, At safepoint: 20465 ns, Total: 215304 ns
[2020-12-14T01:55:23.412+0000][6][safepoint    ] Safepoint "Cleanup", Time since last: 1042943542 ns, Reaching safepoint: 240044 ns, At safepoint: 17627 ns, Total: 257671 ns
[2020-12-14T01:55:25.281+0000][6][safepoint    ] Safepoint "Cleanup", Time since last: 1869360916 ns, Reaching safepoint: 202646 ns, At safepoint: 18488 ns, Total: 221134 ns
[2020-12-14T01:55:26.310+0000][6][safepoint    ] Safepoint "Cleanup", Time since last: 1028391436 ns, Reaching safepoint: 257180 ns, At safepoint: 29971 ns, Total: 287151 ns
[2020-12-14T01:56:03.848+0000][6][safepoint    ] Safepoint "BulkRevokeBias", Time since last: 37536699485 ns, Reaching safepoint: 213220 ns, At safepoint: 987624 ns, Total: 1200844 ns
[2020-12-14T01:56:04.849+0000][6][safepoint    ] Safepoint "Cleanup", Time since last: 1000786869 ns, Reaching safepoint: 247723 ns, At safepoint: 16786 ns, Total: 264509 ns
[2020-12-14T01:56:06.850+0000][6][safepoint    ] Safepoint "Cleanup", Time since last: 2000329056 ns, Reaching safepoint: 245714 ns, At safepoint: 17816 ns, Total: 263530 ns
[2020-12-14T01:56:09.850+0000][6][safepoint    ] Safepoint "Cleanup", Time since last: 3000425998 ns, Reaching safepoint: 244029 ns, At safepoint: 17838 ns, Total: 261867 ns
[2020-12-14T01:56:11.851+0000][6][safepoint    ] Safepoint "Cleanup", Time since last: 2000303248 ns, Reaching safepoint: 247399 ns, At safepoint: 18687 ns, Total: 266086 ns
[2020-12-14T01:56:19.852+0000][6][safepoint    ] Safepoint "Cleanup", Time since last: 8000992005 ns, Reaching safepoint: 286641 ns, At safepoint: 18914 ns, Total: 305555 ns
[2020-12-14T01:56:22.446+0000][6][safepoint    ] Safepoint "Cleanup", Time since last: 2593232368 ns, Reaching safepoint: 197954 ns, At safepoint: 16681 ns, Total: 214635 ns
[2020-12-14T01:56:22.468+0000][6][safepoint    ] Safepoint "BulkRevokeBias", Time since last: 20850440 ns, Reaching safepoint: 172544 ns, At safepoint: 871217 ns, Total: 1043761 ns
[2020-12-14T01:56:23.487+0000][6][safepoint    ] Safepoint "Cleanup", Time since last: 1018979969 ns, Reaching safepoint: 221560 ns, At safepoint: 17327 ns, Total: 238887 ns
[2020-12-14T01:56:24.487+0000][6][safepoint    ] Safepoint "Cleanup", Time since last: 1000195247 ns, Reaching safepoint: 223440 ns, At safepoint: 16509 ns, Total: 239949 ns
[2020-12-14T01:56:26.344+0000][6][safepoint    ] Safepoint "Cleanup", Time since last: 1856288358 ns, Reaching safepoint: 229624 ns, At safepoint: 17660 ns, Total: 247284 ns
[2020-12-14T01:56:29.344+0000][6][safepoint    ] Safepoint "Cleanup", Time since last: 3000423140 ns, Reaching safepoint: 222168 ns, At safepoint: 18657 ns, Total: 240825 ns
[2020-12-14T01:56:40.346+0000][6][safepoint    ] Safepoint "Cleanup", Time since last: 11001341319 ns, Reaching safepoint: 224659 ns, At safepoint: 18597 ns, Total: 243256 ns
[2020-12-14T01:56:41.346+0000][6][safepoint    ] Safepoint "Cleanup", Time since last: 1000182421 ns, Reaching safepoint: 229562 ns, At safepoint: 18807 ns, Total: 248369 ns
[2020-12-14T01:57:05.844+0000][6][safepoint    ] Safepoint "Cleanup", Time since last: 24497560069 ns, Reaching safepoint: 285310 ns, At safepoint: 18168 ns, Total: 303478 ns
[2020-12-14T01:57:22.520+0000][6][safepoint    ] Safepoint "Cleanup", Time since last: 16675754203 ns, Reaching safepoint: 215633 ns, At safepoint: 16655 ns, Total: 232288 ns
[2020-12-14T01:57:23.561+0000][6][safepoint    ] Safepoint "Cleanup", Time since last: 1040053455 ns, Reaching safepoint: 220813 ns, At safepoint: 18571 ns, Total: 239384 ns
[2020-12-14T01:57:24.561+0000][6][safepoint    ] Safepoint "Cleanup", Time since last: 1000190733 ns, Reaching safepoint: 231299 ns, At safepoint: 18931 ns, Total: 250230 ns
[2020-12-14T01:57:26.379+0000][6][safepoint    ] Safepoint "Cleanup", Time since last: 1817522814 ns, Reaching safepoint: 242002 ns, At safepoint: 18541 ns, Total: 260543 ns
[2020-12-14T01:57:27.379+0000][6][safepoint    ] Safepoint "Cleanup", Time since last: 1000188164 ns, Reaching safepoint: 263005 ns, At safepoint: 19231 ns, Total: 282236 ns
[2020-12-14T01:57:29.380+0000][6][safepoint    ] Safepoint "Cleanup", Time since last: 2000317175 ns, Reaching safepoint: 217042 ns, At safepoint: 17610 ns, Total: 234652 ns
[2020-12-14T01:57:40.381+0000][6][safepoint    ] Safepoint "Cleanup", Time since last: 11001437385 ns, Reaching safepoint: 234608 ns, At safepoint: 19028 ns, Total: 253636 ns
[2020-12-14T01:57:41.382+0000][6][safepoint    ] Safepoint "Cleanup", Time since last: 1000199909 ns, Reaching safepoint: 224716 ns, At safepoint: 17264 ns, Total: 241980 ns
[2020-12-14T01:57:42.382+0000][6][safepoint    ] Safepoint "Cleanup", Time since last: 1000190526 ns, Reaching safepoint: 213292 ns, At safepoint: 18888 ns, Total: 232180 ns
[2020-12-14T01:57:47.383+0000][6][safepoint    ] Safepoint "Cleanup", Time since last: 5000661943 ns, Reaching safepoint: 240588 ns, At safepoint: 17977 ns, Total: 258565 ns
[2020-12-14T01:58:06.846+0000][6][safepoint    ] Safepoint "Cleanup", Time since last: 19462948502 ns, Reaching safepoint: 250627 ns, At safepoint: 18351 ns, Total: 268978 ns
[2020-12-14T01:58:10.847+0000][6][safepoint    ] Safepoint "Cleanup", Time since last: 4000536337 ns, Reaching safepoint: 264742 ns, At safepoint: 18945 ns, Total: 283687 ns
[2020-12-14T01:58:22.596+0000][6][safepoint    ] Safepoint "Cleanup", Time since last: 11748365371 ns, Reaching safepoint: 204232 ns, At safepoint: 16120 ns, Total: 220352 ns
[2020-12-14T01:58:23.642+0000][6][safepoint    ] Safepoint "Cleanup", Time since last: 1045819734 ns, Reaching safepoint: 234204 ns, At safepoint: 17437 ns, Total: 251641 ns
[2020-12-14T01:58:24.642+0000][6][safepoint    ] Safepoint "Cleanup", Time since last: 1000185292 ns, Reaching safepoint: 191117 ns, At safepoint: 17820 ns, Total: 208937 ns
[2020-12-14T01:58:25.414+0000][6][safepoint    ] Safepoint "BulkRevokeBias", Time since last: 770190385 ns, Reaching safepoint: 197126 ns, At safepoint: 1003140 ns, Total: 1200266 ns
[2020-12-14T01:58:26.414+0000][6][safepoint    ] Safepoint "Cleanup", Time since last: 1000180686 ns, Reaching safepoint: 276709 ns, At safepoint: 19005 ns, Total: 295714 ns
[2020-12-14T01:58:27.415+0000][6][safepoint    ] Safepoint "Cleanup", Time since last: 1000191267 ns, Reaching safepoint: 217024 ns, At safepoint: 18241 ns, Total: 235265 ns
[2020-12-14T01:58:40.417+0000][6][safepoint    ] Safepoint "Cleanup", Time since last: 13001643568 ns, Reaching safepoint: 224750 ns, At safepoint: 18393 ns, Total: 243143 ns
[2020-12-14T01:58:41.417+0000][6][safepoint    ] Safepoint "Cleanup", Time since last: 1000180687 ns, Reaching safepoint: 233118 ns, At safepoint: 18770 ns, Total: 251888 ns
[2020-12-14T01:58:47.418+0000][6][safepoint    ] Safepoint "Cleanup", Time since last: 6000757603 ns, Reaching safepoint: 217417 ns, At safepoint: 17638 ns, Total: 235055 ns
[2020-12-14T01:59:22.674+0000][6][safepoint    ] Safepoint "Cleanup", Time since last: 35255363962 ns, Reaching safepoint: 191167 ns, At safepoint: 16939 ns, Total: 208106 ns
[2020-12-14T01:59:22.694+0000][6][safepoint    ] Safepoint "BulkRevokeBias", Time since last: 19246196 ns, Reaching safepoint: 147158 ns, At safepoint: 855074 ns, Total: 1002232 ns
[2020-12-14T01:59:23.712+0000][6][safepoint    ] Safepoint "Cleanup", Time since last: 1017632140 ns, Reaching safepoint: 211854 ns, At safepoint: 17090 ns, Total: 228944 ns
[2020-12-14T01:59:26.451+0000][6][safepoint    ] Safepoint "Cleanup", Time since last: 2739175111 ns, Reaching safepoint: 293058 ns, At safepoint: 18177 ns, Total: 311235 ns
[2020-12-14T01:59:39.453+0000][6][safepoint    ] Safepoint "Cleanup", Time since last: 13001573335 ns, Reaching safepoint: 231906 ns, At safepoint: 17901 ns, Total: 249807 ns
[2020-12-14T01:59:41.453+0000][6][safepoint    ] Safepoint "Cleanup", Time since last: 2000272756 ns, Reaching safepoint: 238837 ns, At safepoint: 20058 ns, Total: 258895 ns
[2020-12-14T01:59:57.183+0000][6][safepoint    ] Safepoint "Cleanup", Time since last: 15729362183 ns, Reaching safepoint: 258842 ns, At safepoint: 23707 ns, Total: 282549 ns
[2020-12-14T01:59:58.184+0000][6][safepoint    ] Safepoint "Cleanup", Time since last: 1000233414 ns, Reaching safepoint: 255540 ns, At safepoint: 18951 ns, Total: 274491 ns
[2020-12-14T02:00:02.102+0000][6][safepoint    ] Safepoint "Cleanup", Time since last: 3917830949 ns, Reaching safepoint: 242976 ns, At safepoint: 17401 ns, Total: 260377 ns
[2020-12-14T02:00:05.103+0000][6][safepoint    ] Safepoint "Cleanup", Time since last: 3000845478 ns, Reaching safepoint: 299969 ns, At safepoint: 25442 ns, Total: 325411 ns
[2020-12-14T02:00:06.125+0000][6][safepoint    ] Safepoint "Cleanup", Time since last: 1021701595 ns, Reaching safepoint: 233307 ns, At safepoint: 20949 ns, Total: 254256 ns
[2020-12-14T02:00:07.844+0000][6][safepoint    ] Safepoint "Cleanup", Time since last: 1719245599 ns, Reaching safepoint: 230108 ns, At safepoint: 28863 ns, Total: 258971 ns
[2020-12-14T02:00:22.745+0000][6][safepoint    ] Safepoint "Cleanup", Time since last: 14900027690 ns, Reaching safepoint: 202431 ns, At safepoint: 19001 ns, Total: 221432 ns
[2020-12-14T02:00:23.783+0000][6][safepoint    ] Safepoint "Cleanup", Time since last: 1038364027 ns, Reaching safepoint: 281335 ns, At safepoint: 16265 ns, Total: 297600 ns
[2020-12-14T02:00:24.485+0000][6][safepoint    ] Safepoint "BulkRevokeBias", Time since last: 700939731 ns, Reaching safepoint: 201654 ns, At safepoint: 976100 ns, Total: 1177754 ns
[2020-12-14T02:00:25.504+0000][6][safepoint    ] Safepoint "Cleanup", Time since last: 1018174239 ns, Reaching safepoint: 215567 ns, At safepoint: 20192 ns, Total: 235759 ns
[2020-12-14T02:00:47.507+0000][6][safepoint    ] Safepoint "Cleanup", Time since last: 22002898331 ns, Reaching safepoint: 235151 ns, At safepoint: 20032 ns, Total: 255183 ns
[2020-12-14T02:00:48.507+0000][6][safepoint    ] Safepoint "Cleanup", Time since last: 1000189516 ns, Reaching safepoint: 200822 ns, At safepoint: 18494 ns, Total: 219316 ns
[2020-12-14T02:01:08.839+0000][6][safepoint    ] Safepoint "Cleanup", Time since last: 20331190214 ns, Reaching safepoint: 272299 ns, At safepoint: 23800 ns, Total: 296099 ns
[2020-12-14T02:01:09.839+0000][6][safepoint    ] Safepoint "Cleanup", Time since last: 1000215570 ns, Reaching safepoint: 274158 ns, At safepoint: 21319 ns, Total: 295477 ns
[2020-12-14T02:01:24.520+0000][6][safepoint    ] Safepoint "Cleanup", Time since last: 14680025609 ns, Reaching safepoint: 232448 ns, At safepoint: 17983 ns, Total: 250431 ns
[2020-12-14T02:01:25.525+0000][6][safepoint    ] Safepoint "Cleanup", Time since last: 1005428409 ns, Reaching safepoint: 255297 ns, At safepoint: 18731 ns, Total: 274028 ns
[2020-12-14T02:01:40.527+0000][6][safepoint    ] Safepoint "Cleanup", Time since last: 15001852267 ns, Reaching safepoint: 247906 ns, At safepoint: 18431 ns, Total: 266337 ns
[2020-12-14T02:01:42.528+0000][6][safepoint    ] Safepoint "Cleanup", Time since last: 2000305915 ns, Reaching safepoint: 240349 ns, At safepoint: 29353 ns, Total: 269702 ns
[2020-12-14T02:02:02.531+0000][6][safepoint    ] Safepoint "Cleanup", Time since last: 20002497526 ns, Reaching safepoint: 247852 ns, At safepoint: 19378 ns, Total: 267230 ns
[2020-12-14T02:02:10.838+0000][6][safepoint    ] Safepoint "Cleanup", Time since last: 8307099629 ns, Reaching safepoint: 272026 ns, At safepoint: 18708 ns, Total: 290734 ns
[2020-12-14T02:02:11.839+0000][6][safepoint    ] Safepoint "Cleanup", Time since last: 1000187073 ns, Reaching safepoint: 234378 ns, At safepoint: 18931 ns, Total: 253309 ns
[2020-12-14T02:02:17.840+0000][6][safepoint    ] Safepoint "Cleanup", Time since last: 6000789827 ns, Reaching safepoint: 264389 ns, At safepoint: 18540 ns, Total: 282929 ns
[2020-12-14T02:02:22.898+0000][6][safepoint    ] Safepoint "BulkRevokeBias", Time since last: 5057078844 ns, Reaching safepoint: 161921 ns, At safepoint: 973286 ns, Total: 1135207 ns
[2020-12-14T02:02:24.557+0000][6][safepoint    ] Safepoint "Cleanup", Time since last: 1659153306 ns, Reaching safepoint: 238801 ns, At safepoint: 17480 ns, Total: 256281 ns
[2020-12-14T02:02:25.563+0000][6][safepoint    ] Safepoint "Cleanup", Time since last: 1005230461 ns, Reaching safepoint: 247377 ns, At safepoint: 19180 ns, Total: 266557 ns
[2020-12-14T02:02:27.563+0000][6][safepoint    ] Safepoint "Cleanup", Time since last: 2000312389 ns, Reaching safepoint: 232780 ns, At safepoint: 18161 ns, Total: 250941 ns
[2020-12-14T02:02:40.565+0000][6][safepoint    ] Safepoint "Cleanup", Time since last: 13001636073 ns, Reaching safepoint: 263525 ns, At safepoint: 18771 ns, Total: 282296 ns
[2020-12-14T02:02:49.567+0000][6][safepoint    ] Safepoint "Cleanup", Time since last: 9001169340 ns, Reaching safepoint: 230933 ns, At safepoint: 18570 ns, Total: 249503 ns
[2020-12-14T02:03:04.569+0000][6][safepoint    ] Safepoint "Cleanup", Time since last: 15001891944 ns, Reaching safepoint: 247139 ns, At safepoint: 18784 ns, Total: 265923 ns
[2020-12-14T02:03:10.836+0000][6][safepoint    ] Safepoint "BulkRevokeBias", Time since last: 6266096765 ns, Reaching safepoint: 252916 ns, At safepoint: 1058989 ns, Total: 1311905 ns
[2020-12-14T02:03:12.837+0000][6][safepoint    ] Safepoint "Cleanup", Time since last: 2000311094 ns, Reaching safepoint: 250797 ns, At safepoint: 18592 ns, Total: 269389 ns
[2020-12-14T02:03:14.837+0000][6][safepoint    ] Safepoint "Cleanup", Time since last: 2000282962 ns, Reaching safepoint: 214670 ns, At safepoint: 18694 ns, Total: 233364 ns
[2020-12-14T02:03:22.979+0000][6][safepoint    ] Safepoint "Cleanup", Time since last: 8141778536 ns, Reaching safepoint: 214207 ns, At safepoint: 21419 ns, Total: 235626 ns
[2020-12-14T02:03:24.022+0000][6][safepoint    ] Safepoint "Cleanup", Time since last: 1042828996 ns, Reaching safepoint: 252895 ns, At safepoint: 18718 ns, Total: 271613 ns
[2020-12-14T02:03:25.600+0000][6][safepoint    ] Safepoint "Cleanup", Time since last: 1576964555 ns, Reaching safepoint: 238817 ns, At safepoint: 19198 ns, Total: 258015 ns
[2020-12-14T02:03:42.602+0000][6][safepoint    ] Safepoint "Cleanup", Time since last: 17002170672 ns, Reaching safepoint: 291405 ns, At safepoint: 16866 ns, Total: 308271 ns
[2020-12-14T02:04:23.075+0000][6][safepoint    ] Safepoint "Cleanup", Time since last: 40472713692 ns, Reaching safepoint: 205193 ns, At safepoint: 13970 ns, Total: 219163 ns
[2020-12-14T02:04:24.633+0000][6][safepoint    ] Safepoint "BulkRevokeBias", Time since last: 1556424784 ns, Reaching safepoint: 270633 ns, At safepoint: 1009950 ns, Total: 1280583 ns
[2020-12-14T02:04:25.660+0000][6][safepoint    ] Safepoint "Cleanup", Time since last: 1027095221 ns, Reaching safepoint: 272343 ns, At safepoint: 19231 ns, Total: 291574 ns
[2020-12-14T02:04:25.662+0000][6][safepoint    ] Safepoint "BulkRevokeBias", Time since last: 699294 ns, Reaching safepoint: 194360 ns, At safepoint: 1033095 ns, Total: 1227455 ns
[2020-12-14T02:04:26.663+0000][6][safepoint    ] Safepoint "Cleanup", Time since last: 1000183979 ns, Reaching safepoint: 230045 ns, At safepoint: 20943 ns, Total: 250988 ns
[2020-12-14T02:04:27.663+0000][6][safepoint    ] Safepoint "Cleanup", Time since last: 1000193270 ns, Reaching safepoint: 233341 ns, At safepoint: 19211 ns, Total: 252552 ns
[2020-12-14T02:04:29.664+0000][6][safepoint    ] Safepoint "Cleanup", Time since last: 2000308711 ns, Reaching safepoint: 235131 ns, At safepoint: 18755 ns, Total: 253886 ns
[2020-12-14T02:04:52.667+0000][6][safepoint    ] Safepoint "Cleanup", Time since last: 23002823413 ns, Reaching safepoint: 239296 ns, At safepoint: 17823 ns, Total: 257119 ns
[2020-12-14T02:05:10.669+0000][6][safepoint    ] Safepoint "Cleanup", Time since last: 18002159872 ns, Reaching safepoint: 293532 ns, At safepoint: 20819 ns, Total: 314351 ns
[2020-12-14T02:05:12.835+0000][6][safepoint    ] Safepoint "Cleanup", Time since last: 2165778291 ns, Reaching safepoint: 276636 ns, At safepoint: 21508 ns, Total: 298144 ns
[2020-12-14T02:05:13.837+0000][6][safepoint    ] Safepoint "Cleanup", Time since last: 1001391484 ns, Reaching safepoint: 218823 ns, At safepoint: 18497 ns, Total: 237320 ns
[2020-12-14T02:05:23.122+0000][6][safepoint    ] Safepoint "Cleanup", Time since last: 9284990765 ns, Reaching safepoint: 179420 ns, At safepoint: 18670 ns, Total: 198090 ns
[2020-12-14T02:05:23.140+0000][6][safepoint    ] Safepoint "BulkRevokeBias", Time since last: 17399015 ns, Reaching safepoint: 151990 ns, At safepoint: 757170 ns, Total: 909160 ns
[2020-12-14T02:05:24.159+0000][6][safepoint    ] Safepoint "Cleanup", Time since last: 1018069635 ns, Reaching safepoint: 253372 ns, At safepoint: 20522 ns, Total: 273894 ns
[2020-12-14T02:05:24.693+0000][6][safepoint    ] Safepoint "BulkRevokeBias", Time since last: 533172915 ns, Reaching safepoint: 218043 ns, At safepoint: 984372 ns, Total: 1202415 ns
[2020-12-14T02:05:25.694+0000][6][safepoint    ] Safepoint "Cleanup", Time since last: 1000202458 ns, Reaching safepoint: 226827 ns, At safepoint: 20402 ns, Total: 247229 ns
[2020-12-14T02:05:35.511+0000][6][safepoint    ] Safepoint "Cleanup", Time since last: 9817083512 ns, Reaching safepoint: 329169 ns, At safepoint: 18841 ns, Total: 348010 ns
[2020-12-14T02:06:13.841+0000][6][safepoint    ] Safepoint "Cleanup", Time since last: 38329579911 ns, Reaching safepoint: 365099 ns, At safepoint: 19642 ns, Total: 384741 ns
[2020-12-14T02:06:17.842+0000][6][safepoint    ] Safepoint "Cleanup", Time since last: 4001101837 ns, Reaching safepoint: 258612 ns, At safepoint: 20061 ns, Total: 278673 ns
[2020-12-14T02:06:24.724+0000][6][safepoint    ] Safepoint "Cleanup", Time since last: 6881271144 ns, Reaching safepoint: 254196 ns, At safepoint: 19365 ns, Total: 273561 ns
[2020-12-14T02:06:25.730+0000][6][safepoint    ] Safepoint "Cleanup", Time since last: 1005566974 ns, Reaching safepoint: 248193 ns, At safepoint: 18597 ns, Total: 266790 ns
[2020-12-14T02:07:24.764+0000][6][safepoint    ] Safepoint "Cleanup", Time since last: 59034077839 ns, Reaching safepoint: 235789 ns, At safepoint: 20315 ns, Total: 256104 ns
[2020-12-14T02:07:24.766+0000][6][safepoint    ] Safepoint "BulkRevokeBias", Time since last: 174497 ns, Reaching safepoint: 376457 ns, At safepoint: 989873 ns, Total: 1366330 ns
[2020-12-14T02:07:25.768+0000][6][safepoint    ] Safepoint "Cleanup", Time since last: 1002297317 ns, Reaching safepoint: 242949 ns, At safepoint: 18614 ns, Total: 261563 ns
[2020-12-14T02:08:23.359+0000][6][safepoint    ] Safepoint "BulkRevokeBias", Time since last: 57590181709 ns, Reaching safepoint: 191298 ns, At safepoint: 893326 ns, Total: 1084624 ns
[2020-12-14T02:08:23.380+0000][6][safepoint    ] Safepoint "BulkRevokeBias", Time since last: 19257879 ns, Reaching safepoint: 173907 ns, At safepoint: 850468 ns, Total: 1024375 ns
[2020-12-14T02:08:24.799+0000][6][safepoint    ] Safepoint "Cleanup", Time since last: 1418634817 ns, Reaching safepoint: 256064 ns, At safepoint: 18353 ns, Total: 274417 ns
[2020-12-14T02:08:24.817+0000][6][safepoint    ] Safepoint "BulkRevokeBias", Time since last: 17021534 ns, Reaching safepoint: 191026 ns, At safepoint: 979543 ns, Total: 1170569 ns
[2020-12-14T02:08:25.817+0000][6][safepoint    ] Safepoint "Cleanup", Time since last: 1000182121 ns, Reaching safepoint: 272854 ns, At safepoint: 18741 ns, Total: 291595 ns
[2020-12-14T02:09:11.823+0000][6][safepoint    ] Safepoint "Cleanup", Time since last: 46005533091 ns, Reaching safepoint: 257895 ns, At safepoint: 19431 ns, Total: 277326 ns
[2020-12-14T02:09:24.840+0000][6][safepoint    ] Safepoint "Cleanup", Time since last: 13016362430 ns, Reaching safepoint: 242529 ns, At safepoint: 21963 ns, Total: 264492 ns
[2020-12-14T02:09:24.851+0000][6][gc,start     ] GC(53) Pause Young (Normal) (G1 Evacuation Pause)
[2020-12-14T02:09:24.851+0000][6][gc,task      ] GC(53) Using 10 workers of 10 for evacuation
[2020-12-14T02:09:24.851+0000][6][gc,age       ] GC(53) Desired survivor size 26214400 bytes, new threshold 15 (max threshold 15)
[2020-12-14T02:09:24.868+0000][6][gc,age       ] GC(53) Age table with threshold 15 (max threshold 15)
[2020-12-14T02:09:24.868+0000][6][gc,age       ] GC(53) - age   1:     660440 bytes,     660440 total
[2020-12-14T02:09:24.868+0000][6][gc,age       ] GC(53) - age   2:    1148320 bytes,    1808760 total
[2020-12-14T02:09:24.868+0000][6][gc,age       ] GC(53) - age   3:    9087552 bytes,   10896312 total
[2020-12-14T02:09:24.868+0000][6][gc,age       ] GC(53) - age   4:    9962944 bytes,   20859256 total
[2020-12-14T02:09:24.869+0000][6][gc,phases    ] GC(53)   Pre Evacuate Collection Set: 0.2ms
[2020-12-14T02:09:24.869+0000][6][gc,phases    ] GC(53)   Merge Heap Roots: 0.2ms
[2020-12-14T02:09:24.869+0000][6][gc,phases    ] GC(53)   Evacuate Collection Set: 15.0ms
[2020-12-14T02:09:24.869+0000][6][gc,phases    ] GC(53)   Post Evacuate Collection Set: 1.7ms
[2020-12-14T02:09:24.869+0000][6][gc,phases    ] GC(53)   Other: 0.5ms
[2020-12-14T02:09:24.869+0000][6][gc,heap      ] GC(53) Eden regions: 374->0(374)
[2020-12-14T02:09:24.869+0000][6][gc,heap      ] GC(53) Survivor regions: 22->22(50)
[2020-12-14T02:09:24.869+0000][6][gc,heap      ] GC(53) Old regions: 101->101
[2020-12-14T02:09:24.869+0000][6][gc,heap      ] GC(53) Archive regions: 2->2
[2020-12-14T02:09:24.869+0000][6][gc,heap      ] GC(53) Humongous regions: 73->73
[2020-12-14T02:09:24.869+0000][6][gc,metaspace ] GC(53) Metaspace: 75098K(80028K)->75098K(80028K) NonClass: 65484K(68352K)->65484K(68352K) Class: 9613K(11676K)->9613K(11676K)
[2020-12-14T02:09:24.869+0000][6][gc           ] GC(53) Pause Young (Normal) (G1 Evacuation Pause) 569M->196M(793M) 17.773ms
[2020-12-14T02:09:24.869+0000][6][gc,cpu       ] GC(53) User=0.15s Sys=0.00s Real=0.02s
[2020-12-14T02:09:24.869+0000][6][safepoint    ] Safepoint "G1CollectForAllocation", Time since last: 11048589 ns, Reaching safepoint: 185443 ns, At safepoint: 17931289 ns, Total: 18116732 ns
[2020-12-14T02:09:25.869+0000][6][safepoint    ] Safepoint "Cleanup", Time since last: 1000145413 ns, Reaching safepoint: 246651 ns, At safepoint: 18781 ns, Total: 265432 ns
[2020-12-14T02:09:41.871+0000][6][safepoint    ] Safepoint "Cleanup", Time since last: 16001896029 ns, Reaching safepoint: 229156 ns, At safepoint: 19044 ns, Total: 248200 ns
[2020-12-14T02:10:11.875+0000][6][safepoint    ] Safepoint "Cleanup", Time since last: 30003576516 ns, Reaching safepoint: 313783 ns, At safepoint: 18988 ns, Total: 332771 ns
[2020-12-14T02:10:24.527+0000][6][safepoint    ] Safepoint "Cleanup", Time since last: 12651823975 ns, Reaching safepoint: 269655 ns, At safepoint: 19938 ns, Total: 289593 ns
[2020-12-14T02:10:25.894+0000][6][safepoint    ] Safepoint "Cleanup", Time since last: 1366535561 ns, Reaching safepoint: 256775 ns, At safepoint: 18007 ns, Total: 274782 ns
[2020-12-14T02:10:40.896+0000][6][safepoint    ] Safepoint "Cleanup", Time since last: 15001808970 ns, Reaching safepoint: 263915 ns, At safepoint: 18384 ns, Total: 282299 ns
[2020-12-14T02:10:52.898+0000][6][safepoint    ] Safepoint "Cleanup", Time since last: 12001472597 ns, Reaching safepoint: 253526 ns, At safepoint: 16749 ns, Total: 270275 ns
[2020-12-14T02:11:18.827+0000][6][safepoint    ] Safepoint "BulkRevokeBias", Time since last: 25928004955 ns, Reaching safepoint: 295774 ns, At safepoint: 987436 ns, Total: 1283210 ns
[2020-12-14T02:11:19.829+0000][6][safepoint    ] Safepoint "Cleanup", Time since last: 1000932810 ns, Reaching safepoint: 226240 ns, At safepoint: 18940 ns, Total: 245180 ns
[2020-12-14T02:11:23.560+0000][6][safepoint    ] Safepoint "Cleanup", Time since last: 3731662636 ns, Reaching safepoint: 178518 ns, At safepoint: 17986 ns, Total: 196504 ns
[2020-12-14T02:11:23.580+0000][6][safepoint    ] Safepoint "BulkRevokeBias", Time since last: 18522636 ns, Reaching safepoint: 286452 ns, At safepoint: 996136 ns, Total: 1282588 ns
[2020-12-14T02:11:24.603+0000][6][safepoint    ] Safepoint "Cleanup", Time since last: 1022449565 ns, Reaching safepoint: 252200 ns, At safepoint: 17878 ns, Total: 270078 ns
[2020-12-14T02:11:25.930+0000][6][safepoint    ] Safepoint "Cleanup", Time since last: 1327001627 ns, Reaching safepoint: 264013 ns, At safepoint: 19426 ns, Total: 283439 ns
[2020-12-14T02:11:53.934+0000][6][safepoint    ] Safepoint "Cleanup", Time since last: 28003427738 ns, Reaching safepoint: 197767 ns, At safepoint: 18247 ns, Total: 216014 ns
[2020-12-14T02:12:10.936+0000][6][safepoint    ] Safepoint "Cleanup", Time since last: 17002121916 ns, Reaching safepoint: 264531 ns, At safepoint: 18724 ns, Total: 283255 ns
[2020-12-14T02:12:12.937+0000][6][safepoint    ] Safepoint "Cleanup", Time since last: 2000296532 ns, Reaching safepoint: 228121 ns, At safepoint: 19744 ns, Total: 247865 ns
[2020-12-14T02:12:20.836+0000][6][safepoint    ] Safepoint "Cleanup", Time since last: 7899000509 ns, Reaching safepoint: 245777 ns, At safepoint: 20261 ns, Total: 266038 ns
[2020-12-14T02:12:23.647+0000][6][safepoint    ] Safepoint "Cleanup", Time since last: 2810925148 ns, Reaching safepoint: 189088 ns, At safepoint: 15538 ns, Total: 204626 ns
[2020-12-14T02:12:24.672+0000][6][safepoint    ] Safepoint "Cleanup", Time since last: 1024178561 ns, Reaching safepoint: 238267 ns, At safepoint: 20519 ns, Total: 258786 ns
[2020-12-14T02:12:24.962+0000][6][safepoint    ] Safepoint "BulkRevokeBias", Time since last: 289118086 ns, Reaching safepoint: 204995 ns, At safepoint: 1030282 ns, Total: 1235277 ns
[2020-12-14T02:12:47.965+0000][6][safepoint    ] Safepoint "Cleanup", Time since last: 23002906032 ns, Reaching safepoint: 306446 ns, At safepoint: 19825 ns, Total: 326271 ns
[2020-12-14T02:13:24.744+0000][6][safepoint    ] Safepoint "Cleanup", Time since last: 36778204316 ns, Reaching safepoint: 248770 ns, At safepoint: 18931 ns, Total: 267701 ns
[2020-12-14T02:13:26.021+0000][6][safepoint    ] Safepoint "Cleanup", Time since last: 1277443040 ns, Reaching safepoint: 333271 ns, At safepoint: 24915 ns, Total: 358186 ns
[2020-12-14T02:13:28.024+0000][6][safepoint    ] Safepoint "Cleanup", Time since last: 2002591021 ns, Reaching safepoint: 265883 ns, At safepoint: 18207 ns, Total: 284090 ns
[2020-12-14T02:13:41.027+0000][6][safepoint    ] Safepoint "Cleanup", Time since last: 13001922587 ns, Reaching safepoint: 224789 ns, At safepoint: 17927 ns, Total: 242716 ns
[2020-12-14T02:14:21.831+0000][6][safepoint    ] Safepoint "Cleanup", Time since last: 40803712337 ns, Reaching safepoint: 308966 ns, At safepoint: 21838 ns, Total: 330804 ns
[2020-12-14T02:14:23.800+0000][6][safepoint    ] Safepoint "BulkRevokeBias", Time since last: 1968861905 ns, Reaching safepoint: 174022 ns, At safepoint: 873995 ns, Total: 1048017 ns
[2020-12-14T02:14:24.819+0000][6][safepoint    ] Safepoint "Cleanup", Time since last: 1018505075 ns, Reaching safepoint: 265236 ns, At safepoint: 18401 ns, Total: 283637 ns
[2020-12-14T02:14:25.054+0000][6][safepoint    ] Safepoint "BulkRevokeBias", Time since last: 233526003 ns, Reaching safepoint: 174123 ns, At safepoint: 1007710 ns, Total: 1181833 ns
[2020-12-14T02:14:26.057+0000][6][safepoint    ] Safepoint "Cleanup", Time since last: 1002378684 ns, Reaching safepoint: 245305 ns, At safepoint: 18410 ns, Total: 263715 ns
[2020-12-14T02:14:41.059+0000][6][safepoint    ] Safepoint "Cleanup", Time since last: 15001974358 ns, Reaching safepoint: 219980 ns, At safepoint: 18094 ns, Total: 238074 ns
[2020-12-14T02:15:23.832+0000][6][safepoint    ] Safepoint "Cleanup", Time since last: 42772506139 ns, Reaching safepoint: 267230 ns, At safepoint: 21829 ns, Total: 289059 ns
[2020-12-14T02:15:24.887+0000][6][safepoint    ] Safepoint "Cleanup", Time since last: 1054667509 ns, Reaching safepoint: 253655 ns, At safepoint: 19658 ns, Total: 273313 ns
[2020-12-14T02:15:26.091+0000][6][safepoint    ] Safepoint "Cleanup", Time since last: 1204047806 ns, Reaching safepoint: 232050 ns, At safepoint: 17986 ns, Total: 250036 ns
[2020-12-14T02:15:41.093+0000][6][safepoint    ] Safepoint "Cleanup", Time since last: 15001898924 ns, Reaching safepoint: 224532 ns, At safepoint: 18251 ns, Total: 242783 ns
[2020-12-14T02:16:03.096+0000][6][safepoint    ] Safepoint "Cleanup", Time since last: 22002666884 ns, Reaching safepoint: 262444 ns, At safepoint: 18427 ns, Total: 280871 ns
[2020-12-14T02:16:13.097+0000][6][safepoint    ] Safepoint "Cleanup", Time since last: 10001266816 ns, Reaching safepoint: 218823 ns, At safepoint: 18640 ns, Total: 237463 ns
[2020-12-14T02:16:23.919+0000][6][safepoint    ] Safepoint "Cleanup", Time since last: 10821214190 ns, Reaching safepoint: 179844 ns, At safepoint: 15422 ns, Total: 195266 ns
[2020-12-14T02:16:26.126+0000][6][safepoint    ] Safepoint "Cleanup", Time since last: 2206896429 ns, Reaching safepoint: 256057 ns, At safepoint: 17283 ns, Total: 273340 ns
[2020-12-14T02:16:30.127+0000][6][safepoint    ] Safepoint "Cleanup", Time since last: 4000541948 ns, Reaching safepoint: 228054 ns, At safepoint: 18407 ns, Total: 246461 ns
[2020-12-14T02:17:24.011+0000][6][safepoint    ] Safepoint "BulkRevokeBias", Time since last: 53883293278 ns, Reaching safepoint: 191659 ns, At safepoint: 851325 ns, Total: 1042984 ns
[2020-12-14T02:17:35.163+0000][6][safepoint    ] Safepoint "Cleanup", Time since last: 11151656925 ns, Reaching safepoint: 284924 ns, At safepoint: 20295 ns, Total: 305219 ns
[2020-12-14T02:18:11.168+0000][6][safepoint    ] Safepoint "Cleanup", Time since last: 36004358915 ns, Reaching safepoint: 233074 ns, At safepoint: 18728 ns, Total: 251802 ns
[2020-12-14T02:18:24.074+0000][6][safepoint    ] Safepoint "Cleanup", Time since last: 12905775365 ns, Reaching safepoint: 181502 ns, At safepoint: 15512 ns, Total: 197014 ns
[2020-12-14T02:18:25.101+0000][6][safepoint    ] Safepoint "Cleanup", Time since last: 1026820742 ns, Reaching safepoint: 228611 ns, At safepoint: 19235 ns, Total: 247846 ns
[2020-12-14T02:19:17.832+0000][6][safepoint    ] Safepoint "Cleanup", Time since last: 52730790027 ns, Reaching safepoint: 266987 ns, At safepoint: 17656 ns, Total: 284643 ns
[2020-12-14T02:19:18.832+0000][6][safepoint    ] Safepoint "Cleanup", Time since last: 1000174380 ns, Reaching safepoint: 242640 ns, At safepoint: 19911 ns, Total: 262551 ns
[2020-12-14T02:19:24.134+0000][6][safepoint    ] Safepoint "Cleanup", Time since last: 5301913395 ns, Reaching safepoint: 188660 ns, At safepoint: 16863 ns, Total: 205523 ns
[2020-12-14T02:19:25.170+0000][6][safepoint    ] Safepoint "Cleanup", Time since last: 1035305783 ns, Reaching safepoint: 240222 ns, At safepoint: 20972 ns, Total: 261194 ns
[2020-12-14T02:19:25.233+0000][6][safepoint    ] Safepoint "BulkRevokeBias", Time since last: 61833205 ns, Reaching safepoint: 176278 ns, At safepoint: 1258127 ns, Total: 1434405 ns
[2020-12-14T02:19:26.815+0000][6][safepoint    ] Safepoint "BulkRevokeBias", Time since last: 1580079760 ns, Reaching safepoint: 304152 ns, At safepoint: 1105884 ns, Total: 1410036 ns
[2020-12-14T02:20:20.822+0000][6][safepoint    ] Safepoint "Cleanup", Time since last: 54007256740 ns, Reaching safepoint: 276185 ns, At safepoint: 20279 ns, Total: 296464 ns
[2020-12-14T02:20:24.202+0000][6][safepoint    ] Safepoint "Cleanup", Time since last: 3379108220 ns, Reaching safepoint: 188203 ns, At safepoint: 20153 ns, Total: 208356 ns
[2020-12-14T02:20:24.221+0000][6][safepoint    ] Safepoint "BulkRevokeBias", Time since last: 18672244 ns, Reaching safepoint: 156264 ns, At safepoint: 930983 ns, Total: 1087247 ns
[2020-12-14T02:20:25.270+0000][6][safepoint    ] Safepoint "Cleanup", Time since last: 1048656751 ns, Reaching safepoint: 216881 ns, At safepoint: 18448 ns, Total: 235329 ns
[2020-12-14T02:21:24.289+0000][6][safepoint    ] Safepoint "Cleanup", Time since last: 59018910608 ns, Reaching safepoint: 197013 ns, At safepoint: 18718 ns, Total: 215731 ns
[2020-12-14T02:21:25.309+0000][6][safepoint    ] Safepoint "BulkRevokeBias", Time since last: 1018313103 ns, Reaching safepoint: 207049 ns, At safepoint: 1001259 ns, Total: 1208308 ns
[2020-12-14T02:21:26.311+0000][6][safepoint    ] Safepoint "Cleanup", Time since last: 1002257087 ns, Reaching safepoint: 222899 ns, At safepoint: 19394 ns, Total: 242293 ns
[2020-12-14T02:21:41.821+0000][6][safepoint    ] Safepoint "Cleanup", Time since last: 15509662592 ns, Reaching safepoint: 259313 ns, At safepoint: 19304 ns, Total: 278617 ns
[2020-12-14T02:22:10.825+0000][6][safepoint    ] Safepoint "Cleanup", Time since last: 29003485126 ns, Reaching safepoint: 277173 ns, At safepoint: 22116 ns, Total: 299289 ns
[2020-12-14T02:22:24.338+0000][6][safepoint    ] Safepoint "Cleanup", Time since last: 13512752870 ns, Reaching safepoint: 198314 ns, At safepoint: 29845 ns, Total: 228159 ns
[2020-12-14T02:22:25.344+0000][6][safepoint    ] Safepoint "Cleanup", Time since last: 1005230010 ns, Reaching safepoint: 220205 ns, At safepoint: 27252 ns, Total: 247457 ns
[2020-12-14T02:22:26.368+0000][6][safepoint    ] Safepoint "Cleanup", Time since last: 1024106892 ns, Reaching safepoint: 254690 ns, At safepoint: 18564 ns, Total: 273254 ns
[2020-12-14T02:22:26.372+0000][6][safepoint    ] Safepoint "BulkRevokeBias", Time since last: 2416357 ns, Reaching safepoint: 312983 ns, At safepoint: 971981 ns, Total: 1284964 ns
[2020-12-14T02:22:28.372+0000][6][safepoint    ] Safepoint "Cleanup", Time since last: 2000258889 ns, Reaching safepoint: 252073 ns, At safepoint: 16921 ns, Total: 268994 ns
[2020-12-14T02:23:02.824+0000][6][safepoint    ] Safepoint "Cleanup", Time since last: 34451363018 ns, Reaching safepoint: 275988 ns, At safepoint: 17697 ns, Total: 293685 ns
[2020-12-14T02:23:24.413+0000][6][safepoint    ] Safepoint "Cleanup", Time since last: 21588781980 ns, Reaching safepoint: 176037 ns, At safepoint: 15338 ns, Total: 191375 ns
[2020-12-14T02:23:24.422+0000][6][safepoint    ] Safepoint "BulkRevokeBias", Time since last: 7707420 ns, Reaching safepoint: 151905 ns, At safepoint: 871449 ns, Total: 1023354 ns
[2020-12-14T02:23:26.403+0000][6][safepoint    ] Safepoint "Cleanup", Time since last: 1981222057 ns, Reaching safepoint: 247555 ns, At safepoint: 16400 ns, Total: 263955 ns
[2020-12-14T02:23:30.810+0000][6][safepoint    ] Safepoint "Cleanup", Time since last: 4406937930 ns, Reaching safepoint: 235160 ns, At safepoint: 20301 ns, Total: 255461 ns
[2020-12-14T02:23:31.811+0000][6][safepoint    ] Safepoint "Cleanup", Time since last: 1000873623 ns, Reaching safepoint: 234772 ns, At safepoint: 18561 ns, Total: 253333 ns
[2020-12-14T02:24:10.816+0000][6][safepoint    ] Safepoint "Cleanup", Time since last: 39004300117 ns, Reaching safepoint: 190038 ns, At safepoint: 14991 ns, Total: 205029 ns
[2020-12-14T02:24:25.431+0000][6][safepoint    ] Safepoint "BulkRevokeBias", Time since last: 14614613270 ns, Reaching safepoint: 142535 ns, At safepoint: 743951 ns, Total: 886486 ns
[2020-12-14T02:24:41.821+0000][6][safepoint    ] Safepoint "Cleanup", Time since last: 16389934516 ns, Reaching safepoint: 193940 ns, At safepoint: 15580 ns, Total: 209520 ns
[2020-12-14T02:24:45.822+0000][6][safepoint    ] Safepoint "Cleanup", Time since last: 4000496513 ns, Reaching safepoint: 186153 ns, At safepoint: 16071 ns, Total: 202224 ns
[2020-12-14T02:25:07.825+0000][6][safepoint    ] Safepoint "Cleanup", Time since last: 22002268028 ns, Reaching safepoint: 119158 ns, At safepoint: 9700 ns, Total: 128858 ns
[2020-12-14T02:25:08.825+0000][6][safepoint    ] Safepoint "Cleanup", Time since last: 1000122707 ns, Reaching safepoint: 121278 ns, At safepoint: 9885 ns, Total: 131163 ns
[2020-12-14T02:25:09.825+0000][6][safepoint    ] Safepoint "Cleanup", Time since last: 1000123136 ns, Reaching safepoint: 319625 ns, At safepoint: 7661 ns, Total: 327286 ns
[2020-12-14T02:25:10.826+0000][6][safepoint    ] Safepoint "Cleanup", Time since last: 1000122025 ns, Reaching safepoint: 315042 ns, At safepoint: 7207 ns, Total: 322249 ns
[2020-12-14T02:25:11.826+0000][6][safepoint    ] Safepoint "Cleanup", Time since last: 1000118273 ns, Reaching safepoint: 342574 ns, At safepoint: 7750 ns, Total: 350324 ns
[2020-12-14T02:25:12.827+0000][6][safepoint    ] Safepoint "Cleanup", Time since last: 1000121293 ns, Reaching safepoint: 327376 ns, At safepoint: 8948 ns, Total: 336324 ns
[2020-12-14T02:25:13.827+0000][6][safepoint    ] Safepoint "Cleanup", Time since last: 1000114326 ns, Reaching safepoint: 336495 ns, At safepoint: 9821 ns, Total: 346316 ns
[2020-12-14T02:25:14.828+0000][6][safepoint    ] Safepoint "Cleanup", Time since last: 1000116124 ns, Reaching safepoint: 327586 ns, At safepoint: 8104 ns, Total: 335690 ns
[2020-12-14T02:25:15.828+0000][6][safepoint    ] Safepoint "Cleanup", Time since last: 1000112212 ns, Reaching safepoint: 309279 ns, At safepoint: 7552 ns, Total: 316831 ns
[2020-12-14T02:25:16.828+0000][6][safepoint    ] Safepoint "Cleanup", Time since last: 1000083707 ns, Reaching safepoint: 328858 ns, At safepoint: 7636 ns, Total: 336494 ns
[2020-12-14T02:25:17.829+0000][6][safepoint    ] Safepoint "Cleanup", Time since last: 1000110466 ns, Reaching safepoint: 314152 ns, At safepoint: 8187 ns, Total: 322339 ns
[2020-12-14T02:25:18.829+0000][6][safepoint    ] Safepoint "Cleanup", Time since last: 1000123997 ns, Reaching safepoint: 338595 ns, At safepoint: 8421 ns, Total: 347016 ns
[2020-12-14T02:25:19.830+0000][6][safepoint    ] Safepoint "Cleanup", Time since last: 1000114410 ns, Reaching safepoint: 321690 ns, At safepoint: 8070 ns, Total: 329760 ns
[2020-12-14T02:25:20.830+0000][6][safepoint    ] Safepoint "Cleanup", Time since last: 1000122086 ns, Reaching safepoint: 336174 ns, At safepoint: 8881 ns, Total: 345055 ns
[2020-12-14T02:25:21.831+0000][6][safepoint    ] Safepoint "Cleanup", Time since last: 1000107350 ns, Reaching safepoint: 154903 ns, At safepoint: 6530 ns, Total: 161433 ns
[2020-12-14T02:25:22.831+0000][6][safepoint    ] Safepoint "Cleanup", Time since last: 1000093598 ns, Reaching safepoint: 191623 ns, At safepoint: 6521 ns, Total: 198144 ns
[2020-12-14T02:25:23.831+0000][6][safepoint    ] Safepoint "Cleanup", Time since last: 1000107205 ns, Reaching safepoint: 103127 ns, At safepoint: 8126 ns, Total: 111253 ns
[2020-12-14T02:25:25.466+0000][6][safepoint    ] Safepoint "Cleanup", Time since last: 1635269247 ns, Reaching safepoint: 120145 ns, At safepoint: 21089 ns, Total: 141234 ns
[2020-12-14T02:25:26.469+0000][6][safepoint    ] Safepoint "Cleanup", Time since last: 1002479967 ns, Reaching safepoint: 243730 ns, At safepoint: 17777 ns, Total: 261507 ns
[2020-12-14T02:25:27.470+0000][6][safepoint    ] Safepoint "Cleanup", Time since last: 1000188094 ns, Reaching safepoint: 187301 ns, At safepoint: 17574 ns, Total: 204875 ns
[2020-12-14T02:25:28.470+0000][6][safepoint    ] Safepoint "Cleanup", Time since last: 1000169233 ns, Reaching safepoint: 209738 ns, At safepoint: 19631 ns, Total: 229369 ns
[2020-12-14T02:25:29.470+0000][6][safepoint    ] Safepoint "Cleanup", Time since last: 1000152560 ns, Reaching safepoint: 210950 ns, At safepoint: 17010 ns, Total: 227960 ns
[2020-12-14T02:25:30.471+0000][6][safepoint    ] Safepoint "Cleanup", Time since last: 1000182316 ns, Reaching safepoint: 268945 ns, At safepoint: 18847 ns, Total: 287792 ns
[2020-12-14T02:25:31.471+0000][6][safepoint    ] Safepoint "Cleanup", Time since last: 1000184389 ns, Reaching safepoint: 263869 ns, At safepoint: 19761 ns, Total: 283630 ns
[2020-12-14T02:25:32.472+0000][6][safepoint    ] Safepoint "Cleanup", Time since last: 1000176611 ns, Reaching safepoint: 200552 ns, At safepoint: 18628 ns, Total: 219180 ns
[2020-12-14T02:25:33.824+0000][6][safepoint    ] Safepoint "Cleanup", Time since last: 1352156499 ns, Reaching safepoint: 226614 ns, At safepoint: 35763 ns, Total: 262377 ns
[2020-12-14T02:25:34.824+0000][6][safepoint    ] Safepoint "Cleanup", Time since last: 1000152571 ns, Reaching safepoint: 222933 ns, At safepoint: 17390 ns, Total: 240323 ns
[2020-12-14T02:25:35.825+0000][6][safepoint    ] Safepoint "Cleanup", Time since last: 1000167942 ns, Reaching safepoint: 303368 ns, At safepoint: 14956 ns, Total: 318324 ns
[2020-12-14T02:25:36.825+0000][6][safepoint    ] Safepoint "Cleanup", Time since last: 1000153156 ns, Reaching safepoint: 234055 ns, At safepoint: 17713 ns, Total: 251768 ns
[2020-12-14T02:25:37.826+0000][6][safepoint    ] Safepoint "Cleanup", Time since last: 1000209084 ns, Reaching safepoint: 227424 ns, At safepoint: 18410 ns, Total: 245834 ns
[2020-12-14T02:25:38.826+0000][6][safepoint    ] Safepoint "Cleanup", Time since last: 1000188192 ns, Reaching safepoint: 227854 ns, At safepoint: 15970 ns, Total: 243824 ns
[2020-12-14T02:25:39.827+0000][6][safepoint    ] Safepoint "Cleanup", Time since last: 1000149385 ns, Reaching safepoint: 263142 ns, At safepoint: 15815 ns, Total: 278957 ns
[2020-12-14T02:25:40.827+0000][6][safepoint    ] Safepoint "Cleanup", Time since last: 1000186930 ns, Reaching safepoint: 258949 ns, At safepoint: 16101 ns, Total: 275050 ns
[2020-12-14T02:25:41.828+0000][6][safepoint    ] Safepoint "Cleanup", Time since last: 1000157175 ns, Reaching safepoint: 231995 ns, At safepoint: 19528 ns, Total: 251523 ns
[2020-12-14T02:25:42.828+0000][6][safepoint    ] Safepoint "Cleanup", Time since last: 1000210770 ns, Reaching safepoint: 256767 ns, At safepoint: 16266 ns, Total: 273033 ns
[2020-12-14T02:25:43.828+0000][6][safepoint    ] Safepoint "Cleanup", Time since last: 1000194729 ns, Reaching safepoint: 211497 ns, At safepoint: 16844 ns, Total: 228341 ns
[2020-12-14T02:25:44.829+0000][6][safepoint    ] Safepoint "Cleanup", Time since last: 1000170689 ns, Reaching safepoint: 225015 ns, At safepoint: 17713 ns, Total: 242728 ns
[2020-12-14T02:25:45.829+0000][6][safepoint    ] Safepoint "Cleanup", Time since last: 1000204604 ns, Reaching safepoint: 208557 ns, At safepoint: 17260 ns, Total: 225817 ns
[2020-12-14T02:25:46.830+0000][6][safepoint    ] Safepoint "Cleanup", Time since last: 1000165134 ns, Reaching safepoint: 221451 ns, At safepoint: 23670 ns, Total: 245121 ns
[2020-12-14T02:25:47.830+0000][6][safepoint    ] Safepoint "Cleanup", Time since last: 1000163441 ns, Reaching safepoint: 285377 ns, At safepoint: 17794 ns, Total: 303171 ns
[2020-12-14T02:25:48.831+0000][6][safepoint    ] Safepoint "Cleanup", Time since last: 1000142745 ns, Reaching safepoint: 203535 ns, At safepoint: 15711 ns, Total: 219246 ns
[2020-12-14T02:25:49.831+0000][6][safepoint    ] Safepoint "Cleanup", Time since last: 1000176528 ns, Reaching safepoint: 244107 ns, At safepoint: 17456 ns, Total: 261563 ns
[2020-12-14T02:25:50.831+0000][6][safepoint    ] Safepoint "Cleanup", Time since last: 1000150720 ns, Reaching safepoint: 218432 ns, At safepoint: 19762 ns, Total: 238194 ns
[2020-12-14T02:25:51.832+0000][6][safepoint    ] Safepoint "Cleanup", Time since last: 1000140921 ns, Reaching safepoint: 210438 ns, At safepoint: 16676 ns, Total: 227114 ns
[2020-12-14T02:25:52.832+0000][6][safepoint    ] Safepoint "Cleanup", Time since last: 1000144059 ns, Reaching safepoint: 269575 ns, At safepoint: 17583 ns, Total: 287158 ns
[2020-12-14T02:25:53.833+0000][6][safepoint    ] Safepoint "Cleanup", Time since last: 1000155459 ns, Reaching safepoint: 200675 ns, At safepoint: 15081 ns, Total: 215756 ns
[2020-12-14T02:25:54.833+0000][6][safepoint    ] Safepoint "Cleanup", Time since last: 1000134827 ns, Reaching safepoint: 213603 ns, At safepoint: 18161 ns, Total: 231764 ns
[2020-12-14T02:25:55.833+0000][6][safepoint    ] Safepoint "Cleanup", Time since last: 1000174174 ns, Reaching safepoint: 221064 ns, At safepoint: 18931 ns, Total: 239995 ns
[2020-12-14T02:25:56.834+0000][6][safepoint    ] Safepoint "Cleanup", Time since last: 1000177739 ns, Reaching safepoint: 246911 ns, At safepoint: 18164 ns, Total: 265075 ns
[2020-12-14T02:25:57.834+0000][6][safepoint    ] Safepoint "Cleanup", Time since last: 1000184720 ns, Reaching safepoint: 237006 ns, At safepoint: 21222 ns, Total: 258228 ns
[2020-12-14T02:25:58.835+0000][6][safepoint    ] Safepoint "Cleanup", Time since last: 1000145730 ns, Reaching safepoint: 221008 ns, At safepoint: 16871 ns, Total: 237879 ns
[2020-12-14T02:25:59.835+0000][6][safepoint    ] Safepoint "Cleanup", Time since last: 1000167219 ns, Reaching safepoint: 218270 ns, At safepoint: 15612 ns, Total: 233882 ns
[2020-12-14T02:26:00.835+0000][6][safepoint    ] Safepoint "Cleanup", Time since last: 1000130435 ns, Reaching safepoint: 178970 ns, At safepoint: 18297 ns, Total: 197267 ns
[2020-12-14T02:26:01.836+0000][6][safepoint    ] Safepoint "Cleanup", Time since last: 1000189059 ns, Reaching safepoint: 226600 ns, At safepoint: 17880 ns, Total: 244480 ns
[2020-12-14T02:26:02.836+0000][6][safepoint    ] Safepoint "Cleanup", Time since last: 1000171478 ns, Reaching safepoint: 259676 ns, At safepoint: 17674 ns, Total: 277350 ns
[2020-12-14T02:26:03.837+0000][6][safepoint    ] Safepoint "Cleanup", Time since last: 1000163902 ns, Reaching safepoint: 233483 ns, At safepoint: 21058 ns, Total: 254541 ns
[2020-12-14T02:26:04.837+0000][6][safepoint    ] Safepoint "Cleanup", Time since last: 1000139014 ns, Reaching safepoint: 222041 ns, At safepoint: 18023 ns, Total: 240064 ns
[2020-12-14T02:26:05.837+0000][6][safepoint    ] Safepoint "Cleanup", Time since last: 1000155596 ns, Reaching safepoint: 226953 ns, At safepoint: 17348 ns, Total: 244301 ns
[2020-12-14T02:26:06.838+0000][6][safepoint    ] Safepoint "Cleanup", Time since last: 1000165261 ns, Reaching safepoint: 251661 ns, At safepoint: 15902 ns, Total: 267563 ns
[2020-12-14T02:26:07.838+0000][6][safepoint    ] Safepoint "Cleanup", Time since last: 1000160936 ns, Reaching safepoint: 223055 ns, At safepoint: 16527 ns, Total: 239582 ns
[2020-12-14T02:26:08.839+0000][6][safepoint    ] Safepoint "Cleanup", Time since last: 1000153304 ns, Reaching safepoint: 209425 ns, At safepoint: 17755 ns, Total: 227180 ns
[2020-12-14T02:26:09.839+0000][6][safepoint    ] Safepoint "Cleanup", Time since last: 1000183951 ns, Reaching safepoint: 220265 ns, At safepoint: 15544 ns, Total: 235809 ns
[2020-12-14T02:26:10.839+0000][6][safepoint    ] Safepoint "Cleanup", Time since last: 1000156009 ns, Reaching safepoint: 216934 ns, At safepoint: 18159 ns, Total: 235093 ns
[2020-12-14T02:26:11.840+0000][6][safepoint    ] Safepoint "Cleanup", Time since last: 1000173207 ns, Reaching safepoint: 263345 ns, At safepoint: 16386 ns, Total: 279731 ns
[2020-12-14T02:26:12.840+0000][6][safepoint    ] Safepoint "Cleanup", Time since last: 1000203572 ns, Reaching safepoint: 213119 ns, At safepoint: 16582 ns, Total: 229701 ns
[2020-12-14T02:26:13.841+0000][6][safepoint    ] Safepoint "Cleanup", Time since last: 1000189505 ns, Reaching safepoint: 210333 ns, At safepoint: 18101 ns, Total: 228434 ns
[2020-12-14T02:26:14.841+0000][6][safepoint    ] Safepoint "Cleanup", Time since last: 1000186964 ns, Reaching safepoint: 242566 ns, At safepoint: 20825 ns, Total: 263391 ns
[2020-12-14T02:26:15.842+0000][6][safepoint    ] Safepoint "Cleanup", Time since last: 1000146822 ns, Reaching safepoint: 215463 ns, At safepoint: 22945 ns, Total: 238408 ns
[2020-12-14T02:26:16.842+0000][6][safepoint    ] Safepoint "Cleanup", Time since last: 1000147581 ns, Reaching safepoint: 195804 ns, At safepoint: 24641 ns, Total: 220445 ns
[2020-12-14T02:26:17.842+0000][6][safepoint    ] Safepoint "Cleanup", Time since last: 1000155406 ns, Reaching safepoint: 190481 ns, At safepoint: 16921 ns, Total: 207402 ns
[2020-12-14T02:26:18.843+0000][6][safepoint    ] Safepoint "Cleanup", Time since last: 1000172092 ns, Reaching safepoint: 199742 ns, At safepoint: 15498 ns, Total: 215240 ns
[2020-12-14T02:26:19.843+0000][6][safepoint    ] Safepoint "Cleanup", Time since last: 1000177239 ns, Reaching safepoint: 291828 ns, At safepoint: 18414 ns, Total: 310242 ns
[2020-12-14T02:26:20.844+0000][6][safepoint    ] Safepoint "Cleanup", Time since last: 1000178209 ns, Reaching safepoint: 213909 ns, At safepoint: 18281 ns, Total: 232190 ns
[2020-12-14T02:26:21.844+0000][6][safepoint    ] Safepoint "Cleanup", Time since last: 1000167686 ns, Reaching safepoint: 216788 ns, At safepoint: 17593 ns, Total: 234381 ns
[2020-12-14T02:26:22.844+0000][6][safepoint    ] Safepoint "Cleanup", Time since last: 1000172467 ns, Reaching safepoint: 189139 ns, At safepoint: 14062 ns, Total: 203201 ns
[2020-12-14T02:26:23.845+0000][6][safepoint    ] Safepoint "Cleanup", Time since last: 1000134667 ns, Reaching safepoint: 208794 ns, At safepoint: 18743 ns, Total: 227537 ns
[2020-12-14T02:26:24.597+0000][6][safepoint    ] Safepoint "BulkRevokeBias", Time since last: 751432412 ns, Reaching safepoint: 181485 ns, At safepoint: 1134668 ns, Total: 1316153 ns
[2020-12-14T02:26:24.622+0000][6][safepoint    ] Safepoint "BulkRevokeBias", Time since last: 23827409 ns, Reaching safepoint: 239924 ns, At safepoint: 856088 ns, Total: 1096012 ns
[2020-12-14T02:26:25.623+0000][6][safepoint    ] Safepoint "Cleanup", Time since last: 1000805523 ns, Reaching safepoint: 240485 ns, At safepoint: 19885 ns, Total: 260370 ns
[2020-12-14T02:26:26.624+0000][6][safepoint    ] Safepoint "Cleanup", Time since last: 1000179066 ns, Reaching safepoint: 204404 ns, At safepoint: 20396 ns, Total: 224800 ns
[2020-12-14T02:26:27.624+0000][6][safepoint    ] Safepoint "Cleanup", Time since last: 1000168999 ns, Reaching safepoint: 272021 ns, At safepoint: 40346 ns, Total: 312367 ns
[2020-12-14T02:26:28.625+0000][6][safepoint    ] Safepoint "Cleanup", Time since last: 1000179059 ns, Reaching safepoint: 251623 ns, At safepoint: 19556 ns, Total: 271179 ns
[2020-12-14T02:26:29.625+0000][6][safepoint    ] Safepoint "Cleanup", Time since last: 1000160242 ns, Reaching safepoint: 233708 ns, At safepoint: 18461 ns, Total: 252169 ns
[2020-12-14T02:26:30.496+0000][6][safepoint    ] Safepoint "BulkRevokeBias", Time since last: 869271421 ns, Reaching safepoint: 184491 ns, At safepoint: 1031953 ns, Total: 1216444 ns
[2020-12-14T02:26:30.509+0000][6][safepoint    ] Safepoint "BulkRevokeBias", Time since last: 12641861 ns, Reaching safepoint: 156379 ns, At safepoint: 941830 ns, Total: 1098209 ns
[2020-12-14T02:26:31.513+0000][6][safepoint    ] Safepoint "Cleanup", Time since last: 1003657738 ns, Reaching safepoint: 218283 ns, At safepoint: 17356 ns, Total: 235639 ns
[2020-12-14T02:26:32.514+0000][6][safepoint    ] Safepoint "Cleanup", Time since last: 1000178769 ns, Reaching safepoint: 297828 ns, At safepoint: 19588 ns, Total: 317416 ns
[2020-12-14T02:26:33.514+0000][6][safepoint    ] Safepoint "Cleanup", Time since last: 1000175928 ns, Reaching safepoint: 227641 ns, At safepoint: 19057 ns, Total: 246698 ns
[2020-12-14T02:26:33.821+0000][6][safepoint    ] Safepoint "BulkRevokeBias", Time since last: 305524337 ns, Reaching safepoint: 253998 ns, At safepoint: 1114958 ns, Total: 1368956 ns
[2020-12-14T02:26:34.822+0000][6][safepoint    ] Safepoint "Cleanup", Time since last: 1000175282 ns, Reaching safepoint: 247959 ns, At safepoint: 30304 ns, Total: 278263 ns
[2020-12-14T02:26:35.822+0000][6][safepoint    ] Safepoint "Cleanup", Time since last: 1000177816 ns, Reaching safepoint: 258668 ns, At safepoint: 17057 ns, Total: 275725 ns
[2020-12-14T02:26:36.822+0000][6][safepoint    ] Safepoint "Cleanup", Time since last: 1000210852 ns, Reaching safepoint: 206340 ns, At safepoint: 16379 ns, Total: 222719 ns
[2020-12-14T02:26:37.823+0000][6][safepoint    ] Safepoint "Cleanup", Time since last: 1000174691 ns, Reaching safepoint: 211709 ns, At safepoint: 17807 ns, Total: 229516 ns
[2020-12-14T02:26:38.823+0000][6][safepoint    ] Safepoint "Cleanup", Time since last: 1000206035 ns, Reaching safepoint: 230485 ns, At safepoint: 18128 ns, Total: 248613 ns
[2020-12-14T02:26:39.824+0000][6][safepoint    ] Safepoint "Cleanup", Time since last: 1000156189 ns, Reaching safepoint: 192806 ns, At safepoint: 15918 ns, Total: 208724 ns
[2020-12-14T02:26:40.824+0000][6][safepoint    ] Safepoint "Cleanup", Time since last: 1000171831 ns, Reaching safepoint: 244376 ns, At safepoint: 16243 ns, Total: 260619 ns
[2020-12-14T02:26:41.825+0000][6][safepoint    ] Safepoint "Cleanup", Time since last: 1000174858 ns, Reaching safepoint: 226291 ns, At safepoint: 20918 ns, Total: 247209 ns
[2020-12-14T02:26:42.825+0000][6][safepoint    ] Safepoint "Cleanup", Time since last: 1000141394 ns, Reaching safepoint: 207853 ns, At safepoint: 16473 ns, Total: 224326 ns
[2020-12-14T02:26:43.825+0000][6][safepoint    ] Safepoint "Cleanup", Time since last: 1000176871 ns, Reaching safepoint: 231450 ns, At safepoint: 17564 ns, Total: 249014 ns
[2020-12-14T02:26:44.826+0000][6][safepoint    ] Safepoint "Cleanup", Time since last: 1000173210 ns, Reaching safepoint: 223951 ns, At safepoint: 19432 ns, Total: 243383 ns
[2020-12-14T02:26:45.826+0000][6][safepoint    ] Safepoint "Cleanup", Time since last: 1000175896 ns, Reaching safepoint: 251739 ns, At safepoint: 23810 ns, Total: 275549 ns
[2020-12-14T02:26:46.827+0000][6][safepoint    ] Safepoint "Cleanup", Time since last: 1000151830 ns, Reaching safepoint: 229152 ns, At safepoint: 18664 ns, Total: 247816 ns
[2020-12-14T02:26:47.827+0000][6][safepoint    ] Safepoint "Cleanup", Time since last: 1000174747 ns, Reaching safepoint: 233260 ns, At safepoint: 22034 ns, Total: 255294 ns
[2020-12-14T02:26:48.827+0000][6][safepoint    ] Safepoint "Cleanup", Time since last: 1000188497 ns, Reaching safepoint: 230750 ns, At safepoint: 20625 ns, Total: 251375 ns
[2020-12-14T02:26:49.828+0000][6][safepoint    ] Safepoint "Cleanup", Time since last: 1000169524 ns, Reaching safepoint: 210330 ns, At safepoint: 18484 ns, Total: 228814 ns
[2020-12-14T02:26:50.828+0000][6][safepoint    ] Safepoint "Cleanup", Time since last: 1000196227 ns, Reaching safepoint: 205445 ns, At safepoint: 19371 ns, Total: 224816 ns
[2020-12-14T02:26:51.829+0000][6][safepoint    ] Safepoint "Cleanup", Time since last: 1000152305 ns, Reaching safepoint: 257151 ns, At safepoint: 18380 ns, Total: 275531 ns
[2020-12-14T02:26:52.829+0000][6][safepoint    ] Safepoint "Cleanup", Time since last: 1000168913 ns, Reaching safepoint: 247959 ns, At safepoint: 19044 ns, Total: 267003 ns
[2020-12-14T02:26:53.830+0000][6][safepoint    ] Safepoint "Cleanup", Time since last: 1000176962 ns, Reaching safepoint: 222915 ns, At safepoint: 18544 ns, Total: 241459 ns
[2020-12-14T02:26:54.830+0000][6][safepoint    ] Safepoint "Cleanup", Time since last: 1000173949 ns, Reaching safepoint: 208782 ns, At safepoint: 16425 ns, Total: 225207 ns
[2020-12-14T02:26:55.830+0000][6][safepoint    ] Safepoint "Cleanup", Time since last: 1000095418 ns, Reaching safepoint: 209709 ns, At safepoint: 18311 ns, Total: 228020 ns
[2020-12-14T02:26:56.831+0000][6][safepoint    ] Safepoint "Cleanup", Time since last: 1000181154 ns, Reaching safepoint: 256752 ns, At safepoint: 30320 ns, Total: 287072 ns
[2020-12-14T02:26:57.831+0000][6][safepoint    ] Safepoint "Cleanup", Time since last: 1000203352 ns, Reaching safepoint: 223356 ns, At safepoint: 16779 ns, Total: 240135 ns
[2020-12-14T02:26:58.832+0000][6][safepoint    ] Safepoint "Cleanup", Time since last: 1000168107 ns, Reaching safepoint: 223536 ns, At safepoint: 15335 ns, Total: 238871 ns
[2020-12-14T02:26:59.832+0000][6][safepoint    ] Safepoint "Cleanup", Time since last: 1000171428 ns, Reaching safepoint: 238708 ns, At safepoint: 32179 ns, Total: 270887 ns
[2020-12-14T02:27:00.833+0000][6][safepoint    ] Safepoint "Cleanup", Time since last: 1000145252 ns, Reaching safepoint: 274132 ns, At safepoint: 16832 ns, Total: 290964 ns
[2020-12-14T02:27:01.833+0000][6][safepoint    ] Safepoint "Cleanup", Time since last: 1000135010 ns, Reaching safepoint: 190872 ns, At safepoint: 18023 ns, Total: 208895 ns
[2020-12-14T02:27:02.833+0000][6][safepoint    ] Safepoint "Cleanup", Time since last: 1000174856 ns, Reaching safepoint: 252586 ns, At safepoint: 19127 ns, Total: 271713 ns
[2020-12-14T02:27:03.834+0000][6][safepoint    ] Safepoint "Cleanup", Time since last: 1000180144 ns, Reaching safepoint: 242836 ns, At safepoint: 18457 ns, Total: 261293 ns
[2020-12-14T02:27:04.834+0000][6][safepoint    ] Safepoint "Cleanup", Time since last: 1000171912 ns, Reaching safepoint: 265599 ns, At safepoint: 19291 ns, Total: 284890 ns
[2020-12-14T02:27:05.835+0000][6][safepoint    ] Safepoint "Cleanup", Time since last: 1000179243 ns, Reaching safepoint: 219693 ns, At safepoint: 18624 ns, Total: 238317 ns
[2020-12-14T02:27:06.835+0000][6][safepoint    ] Safepoint "Cleanup", Time since last: 1000181221 ns, Reaching safepoint: 221751 ns, At safepoint: 17887 ns, Total: 239638 ns
[2020-12-14T02:27:07.835+0000][6][safepoint    ] Safepoint "Cleanup", Time since last: 1000159618 ns, Reaching safepoint: 224255 ns, At safepoint: 17634 ns, Total: 241889 ns
[2020-12-14T02:27:08.836+0000][6][safepoint    ] Safepoint "Cleanup", Time since last: 1000175801 ns, Reaching safepoint: 221460 ns, At safepoint: 19375 ns, Total: 240835 ns
[2020-12-14T02:27:09.836+0000][6][safepoint    ] Safepoint "Cleanup", Time since last: 1000194433 ns, Reaching safepoint: 223440 ns, At safepoint: 24035 ns, Total: 247475 ns
[2020-12-14T02:27:11.271+0000][6][safepoint    ] Safepoint "Cleanup", Time since last: 1434359392 ns, Reaching safepoint: 279688 ns, At safepoint: 17955 ns, Total: 297643 ns
[2020-12-14T02:27:12.271+0000][6][safepoint    ] Safepoint "Cleanup", Time since last: 1000178431 ns, Reaching safepoint: 222127 ns, At safepoint: 18511 ns, Total: 240638 ns
[2020-12-14T02:27:13.272+0000][6][safepoint    ] Safepoint "Cleanup", Time since last: 1000140584 ns, Reaching safepoint: 267356 ns, At safepoint: 17872 ns, Total: 285228 ns
[2020-12-14T02:27:14.272+0000][6][safepoint    ] Safepoint "Cleanup", Time since last: 1000184625 ns, Reaching safepoint: 248033 ns, At safepoint: 16959 ns, Total: 264992 ns
[2020-12-14T02:27:15.273+0000][6][safepoint    ] Safepoint "Cleanup", Time since last: 1000141542 ns, Reaching safepoint: 183093 ns, At safepoint: 24011 ns, Total: 207104 ns
[2020-12-14T02:27:16.273+0000][6][safepoint    ] Safepoint "Cleanup", Time since last: 1000174505 ns, Reaching safepoint: 233657 ns, At safepoint: 18061 ns, Total: 251718 ns
[2020-12-14T02:27:17.274+0000][6][safepoint    ] Safepoint "Cleanup", Time since last: 1000198484 ns, Reaching safepoint: 281015 ns, At safepoint: 19041 ns, Total: 300056 ns
[2020-12-14T02:27:18.274+0000][6][safepoint    ] Safepoint "Cleanup", Time since last: 1000174229 ns, Reaching safepoint: 266487 ns, At safepoint: 16589 ns, Total: 283076 ns
[2020-12-14T02:27:19.274+0000][6][safepoint    ] Safepoint "Cleanup", Time since last: 1000171392 ns, Reaching safepoint: 240658 ns, At safepoint: 16763 ns, Total: 257421 ns
[2020-12-14T02:27:20.275+0000][6][safepoint    ] Safepoint "Cleanup", Time since last: 1000178243 ns, Reaching safepoint: 227307 ns, At safepoint: 18954 ns, Total: 246261 ns
[2020-12-14T02:27:21.275+0000][6][safepoint    ] Safepoint "Cleanup", Time since last: 1000175107 ns, Reaching safepoint: 225370 ns, At safepoint: 18527 ns, Total: 243897 ns
[2020-12-14T02:27:22.276+0000][6][safepoint    ] Safepoint "Cleanup", Time since last: 1000157030 ns, Reaching safepoint: 229659 ns, At safepoint: 19668 ns, Total: 249327 ns
[2020-12-14T02:27:23.276+0000][6][safepoint    ] Safepoint "Cleanup", Time since last: 1000177462 ns, Reaching safepoint: 190956 ns, At safepoint: 18741 ns, Total: 209697 ns
[2020-12-14T02:27:24.277+0000][6][safepoint    ] Safepoint "Cleanup", Time since last: 1000200905 ns, Reaching safepoint: 232233 ns, At safepoint: 18755 ns, Total: 250988 ns
[2020-12-14T02:27:25.696+0000][6][safepoint    ] Safepoint "Cleanup", Time since last: 1419671004 ns, Reaching safepoint: 234507 ns, At safepoint: 18777 ns, Total: 253284 ns
[2020-12-14T02:27:26.697+0000][6][safepoint    ] Safepoint "Cleanup", Time since last: 1000158369 ns, Reaching safepoint: 265590 ns, At safepoint: 18373 ns, Total: 283963 ns
[2020-12-14T02:27:27.697+0000][6][safepoint    ] Safepoint "Cleanup", Time since last: 1000137653 ns, Reaching safepoint: 227312 ns, At safepoint: 17564 ns, Total: 244876 ns
[2020-12-14T02:27:28.698+0000][6][safepoint    ] Safepoint "Cleanup", Time since last: 1000187128 ns, Reaching safepoint: 233048 ns, At safepoint: 17041 ns, Total: 250089 ns
[2020-12-14T02:27:29.698+0000][6][safepoint    ] Safepoint "Cleanup", Time since last: 1000137438 ns, Reaching safepoint: 245121 ns, At safepoint: 15385 ns, Total: 260506 ns
[2020-12-14T02:27:31.548+0000][6][safepoint    ] Safepoint "Cleanup", Time since last: 1849999325 ns, Reaching safepoint: 217528 ns, At safepoint: 17287 ns, Total: 234815 ns
[2020-12-14T02:27:32.549+0000][6][safepoint    ] Safepoint "Cleanup", Time since last: 1000163926 ns, Reaching safepoint: 242752 ns, At safepoint: 18564 ns, Total: 261316 ns
[2020-12-14T02:27:33.549+0000][6][safepoint    ] Safepoint "Cleanup", Time since last: 1000103630 ns, Reaching safepoint: 253202 ns, At safepoint: 22263 ns, Total: 275465 ns
[2020-12-14T02:27:34.550+0000][6][safepoint    ] Safepoint "Cleanup", Time since last: 1000184939 ns, Reaching safepoint: 280035 ns, At safepoint: 18887 ns, Total: 298922 ns
[2020-12-14T02:27:35.809+0000][6][safepoint    ] Safepoint "Cleanup", Time since last: 1258676171 ns, Reaching safepoint: 259008 ns, At safepoint: 17905 ns, Total: 276913 ns
[2020-12-14T02:27:36.809+0000][6][safepoint    ] Safepoint "Cleanup", Time since last: 1000174219 ns, Reaching safepoint: 240912 ns, At safepoint: 16318 ns, Total: 257230 ns
[2020-12-14T02:27:37.809+0000][6][safepoint    ] Safepoint "Cleanup", Time since last: 1000183522 ns, Reaching safepoint: 205994 ns, At safepoint: 15362 ns, Total: 221356 ns
[2020-12-14T02:27:38.810+0000][6][safepoint    ] Safepoint "Cleanup", Time since last: 1000138214 ns, Reaching safepoint: 234479 ns, At safepoint: 16244 ns, Total: 250723 ns
[2020-12-14T02:27:39.810+0000][6][safepoint    ] Safepoint "Cleanup", Time since last: 1000151319 ns, Reaching safepoint: 296751 ns, At safepoint: 18814 ns, Total: 315565 ns
[2020-12-14T02:27:40.811+0000][6][safepoint    ] Safepoint "Cleanup", Time since last: 1000145116 ns, Reaching safepoint: 279561 ns, At safepoint: 18961 ns, Total: 298522 ns
[2020-12-14T02:27:41.811+0000][6][safepoint    ] Safepoint "Cleanup", Time since last: 1000179186 ns, Reaching safepoint: 252263 ns, At safepoint: 17496 ns, Total: 269759 ns
[2020-12-14T02:27:42.812+0000][6][safepoint    ] Safepoint "Cleanup", Time since last: 1000179232 ns, Reaching safepoint: 186528 ns, At safepoint: 25638 ns, Total: 212166 ns
[2020-12-14T02:27:43.812+0000][6][safepoint    ] Safepoint "Cleanup", Time since last: 1000143539 ns, Reaching safepoint: 161509 ns, At safepoint: 13848 ns, Total: 175357 ns
[2020-12-14T02:27:44.812+0000][6][safepoint    ] Safepoint "Cleanup", Time since last: 1000130600 ns, Reaching safepoint: 241399 ns, At safepoint: 22533 ns, Total: 263932 ns
[2020-12-14T02:27:45.813+0000][6][safepoint    ] Safepoint "Cleanup", Time since last: 1000162741 ns, Reaching safepoint: 240873 ns, At safepoint: 17282 ns, Total: 258155 ns
[2020-12-14T02:27:46.813+0000][6][safepoint    ] Safepoint "Cleanup", Time since last: 1000172136 ns, Reaching safepoint: 320293 ns, At safepoint: 23168 ns, Total: 343461 ns
[2020-12-14T02:27:47.814+0000][6][safepoint    ] Safepoint "Cleanup", Time since last: 1000145322 ns, Reaching safepoint: 217503 ns, At safepoint: 16329 ns, Total: 233832 ns
[2020-12-14T02:27:48.814+0000][6][safepoint    ] Safepoint "Cleanup", Time since last: 1000161429 ns, Reaching safepoint: 265970 ns, At safepoint: 17113 ns, Total: 283083 ns
[2020-12-14T02:27:49.815+0000][6][safepoint    ] Safepoint "Cleanup", Time since last: 1000221647 ns, Reaching safepoint: 287772 ns, At safepoint: 18628 ns, Total: 306400 ns
[2020-12-14T02:27:50.815+0000][6][safepoint    ] Safepoint "Cleanup", Time since last: 1000186570 ns, Reaching safepoint: 232333 ns, At safepoint: 16767 ns, Total: 249100 ns
[2020-12-14T02:27:51.815+0000][6][safepoint    ] Safepoint "Cleanup", Time since last: 1000145540 ns, Reaching safepoint: 229010 ns, At safepoint: 16009 ns, Total: 245019 ns
[2020-12-14T02:27:52.816+0000][6][safepoint    ] Safepoint "Cleanup", Time since last: 1000168258 ns, Reaching safepoint: 240331 ns, At safepoint: 18069 ns, Total: 258400 ns
[2020-12-14T02:27:53.816+0000][6][safepoint    ] Safepoint "Cleanup", Time since last: 1000172518 ns, Reaching safepoint: 239187 ns, At safepoint: 20092 ns, Total: 259279 ns
[2020-12-14T02:27:54.817+0000][6][safepoint    ] Safepoint "Cleanup", Time since last: 1000179129 ns, Reaching safepoint: 223399 ns, At safepoint: 19528 ns, Total: 242927 ns
[2020-12-14T02:27:55.817+0000][6][safepoint    ] Safepoint "Cleanup", Time since last: 1000179959 ns, Reaching safepoint: 224559 ns, At safepoint: 48760 ns, Total: 273319 ns
[2020-12-14T02:27:56.822+0000][6][safepoint    ] Safepoint "Cleanup", Time since last: 1005106240 ns, Reaching safepoint: 223262 ns, At safepoint: 18934 ns, Total: 242196 ns
[2020-12-14T02:27:57.823+0000][6][safepoint    ] Safepoint "Cleanup", Time since last: 1000178296 ns, Reaching safepoint: 209010 ns, At safepoint: 20221 ns, Total: 229231 ns
[2020-12-14T02:27:58.823+0000][6][safepoint    ] Safepoint "Cleanup", Time since last: 1000173677 ns, Reaching safepoint: 225153 ns, At safepoint: 18838 ns, Total: 243991 ns
[2020-12-14T02:27:59.824+0000][6][safepoint    ] Safepoint "Cleanup", Time since last: 1000165808 ns, Reaching safepoint: 223569 ns, At safepoint: 19217 ns, Total: 242786 ns
[2020-12-14T02:28:00.824+0000][6][safepoint    ] Safepoint "Cleanup", Time since last: 1000189906 ns, Reaching safepoint: 262080 ns, At safepoint: 19125 ns, Total: 281205 ns
[2020-12-14T02:28:01.825+0000][6][safepoint    ] Safepoint "Cleanup", Time since last: 1000187132 ns, Reaching safepoint: 212310 ns, At safepoint: 18607 ns, Total: 230917 ns
[2020-12-14T02:28:02.825+0000][6][safepoint    ] Safepoint "Cleanup", Time since last: 1000197724 ns, Reaching safepoint: 208430 ns, At safepoint: 17561 ns, Total: 225991 ns
[2020-12-14T02:28:03.825+0000][6][safepoint    ] Safepoint "Cleanup", Time since last: 1000141614 ns, Reaching safepoint: 229798 ns, At safepoint: 17907 ns, Total: 247705 ns
[2020-12-14T02:28:04.826+0000][6][safepoint    ] Safepoint "Cleanup", Time since last: 1000195042 ns, Reaching safepoint: 314491 ns, At safepoint: 17995 ns, Total: 332486 ns
[2020-12-14T02:28:05.826+0000][6][safepoint    ] Safepoint "Cleanup", Time since last: 1000185989 ns, Reaching safepoint: 217942 ns, At safepoint: 17076 ns, Total: 235018 ns
[2020-12-14T02:28:06.827+0000][6][safepoint    ] Safepoint "Cleanup", Time since last: 1000189417 ns, Reaching safepoint: 225341 ns, At safepoint: 17913 ns, Total: 243254 ns
[2020-12-14T02:28:07.827+0000][6][safepoint    ] Safepoint "Cleanup", Time since last: 1000186008 ns, Reaching safepoint: 246375 ns, At safepoint: 19167 ns, Total: 265542 ns
[2020-12-14T02:28:08.828+0000][6][safepoint    ] Safepoint "Cleanup", Time since last: 1000182035 ns, Reaching safepoint: 234102 ns, At safepoint: 18250 ns, Total: 252352 ns
[2020-12-14T02:28:09.828+0000][6][safepoint    ] Safepoint "Cleanup", Time since last: 1000179602 ns, Reaching safepoint: 242466 ns, At safepoint: 19095 ns, Total: 261561 ns
[2020-12-14T02:28:11.280+0000][6][safepoint    ] Safepoint "Cleanup", Time since last: 1451219593 ns, Reaching safepoint: 247416 ns, At safepoint: 20411 ns, Total: 267827 ns
[2020-12-14T02:28:12.280+0000][6][safepoint    ] Safepoint "Cleanup", Time since last: 1000180658 ns, Reaching safepoint: 213086 ns, At safepoint: 32188 ns, Total: 245274 ns
[2020-12-14T02:28:13.280+0000][6][safepoint    ] Safepoint "Cleanup", Time since last: 1000211421 ns, Reaching safepoint: 228188 ns, At safepoint: 17726 ns, Total: 245914 ns
[2020-12-14T02:28:14.281+0000][6][safepoint    ] Safepoint "Cleanup", Time since last: 1000187199 ns, Reaching safepoint: 225703 ns, At safepoint: 17410 ns, Total: 243113 ns
[2020-12-14T02:28:15.281+0000][6][safepoint    ] Safepoint "Cleanup", Time since last: 1000197286 ns, Reaching safepoint: 227231 ns, At safepoint: 20095 ns, Total: 247326 ns
[2020-12-14T02:28:16.282+0000][6][safepoint    ] Safepoint "Cleanup", Time since last: 1000190006 ns, Reaching safepoint: 232203 ns, At safepoint: 19385 ns, Total: 251588 ns
[2020-12-14T02:28:17.282+0000][6][safepoint    ] Safepoint "Cleanup", Time since last: 1000187874 ns, Reaching safepoint: 261040 ns, At safepoint: 17980 ns, Total: 279020 ns
[2020-12-14T02:28:18.283+0000][6][safepoint    ] Safepoint "Cleanup", Time since last: 1000189146 ns, Reaching safepoint: 231179 ns, At safepoint: 21653 ns, Total: 252832 ns
[2020-12-14T02:28:19.283+0000][6][safepoint    ] Safepoint "Cleanup", Time since last: 1000190659 ns, Reaching safepoint: 260370 ns, At safepoint: 18340 ns, Total: 278710 ns
[2020-12-14T02:28:20.284+0000][6][safepoint    ] Safepoint "Cleanup", Time since last: 1000184433 ns, Reaching safepoint: 233307 ns, At safepoint: 18261 ns, Total: 251568 ns
[2020-12-14T02:28:21.284+0000][6][safepoint    ] Safepoint "Cleanup", Time since last: 1000196975 ns, Reaching safepoint: 214187 ns, At safepoint: 16890 ns, Total: 231077 ns
[2020-12-14T02:28:22.284+0000][6][safepoint    ] Safepoint "Cleanup", Time since last: 1000202833 ns, Reaching safepoint: 230619 ns, At safepoint: 18511 ns, Total: 249130 ns
[2020-12-14T02:28:23.285+0000][6][safepoint    ] Safepoint "Cleanup", Time since last: 1000155443 ns, Reaching safepoint: 253786 ns, At safepoint: 16736 ns, Total: 270522 ns
[2020-12-14T02:28:24.285+0000][6][safepoint    ] Safepoint "Cleanup", Time since last: 1000188037 ns, Reaching safepoint: 231019 ns, At safepoint: 19148 ns, Total: 250167 ns
[2020-12-14T02:28:25.764+0000][6][safepoint    ] Safepoint "Cleanup", Time since last: 1478439188 ns, Reaching safepoint: 239598 ns, At safepoint: 21258 ns, Total: 260856 ns
[2020-12-14T02:28:26.764+0000][6][safepoint    ] Safepoint "Cleanup", Time since last: 1000177179 ns, Reaching safepoint: 208820 ns, At safepoint: 18591 ns, Total: 227411 ns
[2020-12-14T02:28:27.765+0000][6][safepoint    ] Safepoint "Cleanup", Time since last: 1000197720 ns, Reaching safepoint: 236029 ns, At safepoint: 19064 ns, Total: 255093 ns
[2020-12-14T02:28:28.765+0000][6][safepoint    ] Safepoint "Cleanup", Time since last: 1000225715 ns, Reaching safepoint: 199979 ns, At safepoint: 18857 ns, Total: 218836 ns
[2020-12-14T02:28:29.569+0000][6][safepoint    ] Safepoint "BulkRevokeBias", Time since last: 802543850 ns, Reaching safepoint: 236372 ns, At safepoint: 1032138 ns, Total: 1268510 ns
[2020-12-14T02:28:30.572+0000][6][safepoint    ] Safepoint "Cleanup", Time since last: 1002592970 ns, Reaching safepoint: 211294 ns, At safepoint: 17437 ns, Total: 228731 ns
[2020-12-14T02:28:31.572+0000][6][safepoint    ] Safepoint "Cleanup", Time since last: 1000194882 ns, Reaching safepoint: 230192 ns, At safepoint: 17330 ns, Total: 247522 ns
[2020-12-14T02:28:32.573+0000][6][safepoint    ] Safepoint "Cleanup", Time since last: 1000189779 ns, Reaching safepoint: 225860 ns, At safepoint: 18801 ns, Total: 244661 ns
[2020-12-14T02:28:33.573+0000][6][safepoint    ] Safepoint "Cleanup", Time since last: 1000190689 ns, Reaching safepoint: 273904 ns, At safepoint: 20839 ns, Total: 294743 ns
[2020-12-14T02:28:34.574+0000][6][safepoint    ] Safepoint "Cleanup", Time since last: 1000190562 ns, Reaching safepoint: 240936 ns, At safepoint: 29084 ns, Total: 270020 ns
[2020-12-14T02:28:35.574+0000][6][safepoint    ] Safepoint "Cleanup", Time since last: 1000181884 ns, Reaching safepoint: 225596 ns, At safepoint: 18888 ns, Total: 244484 ns
[2020-12-14T02:28:36.810+0000][6][safepoint    ] Safepoint "Cleanup", Time since last: 1235793430 ns, Reaching safepoint: 269322 ns, At safepoint: 25191 ns, Total: 294513 ns
[2020-12-14T02:28:37.811+0000][6][safepoint    ] Safepoint "Cleanup", Time since last: 1000193007 ns, Reaching safepoint: 228491 ns, At safepoint: 20889 ns, Total: 249380 ns
[2020-12-14T02:28:38.811+0000][6][safepoint    ] Safepoint "Cleanup", Time since last: 1000197423 ns, Reaching safepoint: 246749 ns, At safepoint: 19704 ns, Total: 266453 ns
[2020-12-14T02:28:39.812+0000][6][safepoint    ] Safepoint "Cleanup", Time since last: 1000191987 ns, Reaching safepoint: 217679 ns, At safepoint: 20258 ns, Total: 237937 ns
[2020-12-14T02:28:40.812+0000][6][safepoint    ] Safepoint "Cleanup", Time since last: 1000186727 ns, Reaching safepoint: 216408 ns, At safepoint: 60999 ns, Total: 277407 ns
[2020-12-14T02:28:41.813+0000][6][safepoint    ] Safepoint "Cleanup", Time since last: 1000181240 ns, Reaching safepoint: 235408 ns, At safepoint: 18704 ns, Total: 254112 ns
[2020-12-14T02:28:42.813+0000][6][safepoint    ] Safepoint "Cleanup", Time since last: 1000190900 ns, Reaching safepoint: 229335 ns, At safepoint: 18678 ns, Total: 248013 ns
[2020-12-14T02:28:43.813+0000][6][safepoint    ] Safepoint "Cleanup", Time since last: 1000188368 ns, Reaching safepoint: 232543 ns, At safepoint: 18654 ns, Total: 251197 ns
[2020-12-14T02:28:44.814+0000][6][safepoint    ] Safepoint "Cleanup", Time since last: 1000189569 ns, Reaching safepoint: 237096 ns, At safepoint: 18654 ns, Total: 255750 ns
[2020-12-14T02:28:45.814+0000][6][safepoint    ] Safepoint "Cleanup", Time since last: 1000185850 ns, Reaching safepoint: 264699 ns, At safepoint: 18628 ns, Total: 283327 ns
[2020-12-14T02:28:46.815+0000][6][safepoint    ] Safepoint "Cleanup", Time since last: 1000185156 ns, Reaching safepoint: 244013 ns, At safepoint: 17413 ns, Total: 261426 ns
[2020-12-14T02:28:47.815+0000][6][safepoint    ] Safepoint "Cleanup", Time since last: 1000174000 ns, Reaching safepoint: 237153 ns, At safepoint: 17250 ns, Total: 254403 ns
[2020-12-14T02:28:48.816+0000][6][safepoint    ] Safepoint "Cleanup", Time since last: 1000148192 ns, Reaching safepoint: 218076 ns, At safepoint: 17313 ns, Total: 235389 ns
[2020-12-14T02:28:49.816+0000][6][safepoint    ] Safepoint "Cleanup", Time since last: 1000164100 ns, Reaching safepoint: 245952 ns, At safepoint: 17950 ns, Total: 263902 ns
[2020-12-14T02:28:50.816+0000][6][safepoint    ] Safepoint "Cleanup", Time since last: 1000202049 ns, Reaching safepoint: 237127 ns, At safepoint: 19811 ns, Total: 256938 ns
[2020-12-14T02:28:51.817+0000][6][safepoint    ] Safepoint "Cleanup", Time since last: 1000190506 ns, Reaching safepoint: 236653 ns, At safepoint: 27863 ns, Total: 264516 ns
[2020-12-14T02:28:52.817+0000][6][safepoint    ] Safepoint "Cleanup", Time since last: 1000215263 ns, Reaching safepoint: 210660 ns, At safepoint: 18235 ns, Total: 228895 ns
[2020-12-14T02:28:53.818+0000][6][safepoint    ] Safepoint "Cleanup", Time since last: 1000147731 ns, Reaching safepoint: 229385 ns, At safepoint: 17333 ns, Total: 246718 ns
[2020-12-14T02:28:54.818+0000][6][safepoint    ] Safepoint "Cleanup", Time since last: 1000162243 ns, Reaching safepoint: 288563 ns, At safepoint: 17785 ns, Total: 306348 ns
[2020-12-14T02:28:55.819+0000][6][safepoint    ] Safepoint "Cleanup", Time since last: 1000197232 ns, Reaching safepoint: 222645 ns, At safepoint: 17497 ns, Total: 240142 ns
[2020-12-14T02:28:56.819+0000][6][safepoint    ] Safepoint "Cleanup", Time since last: 1000195879 ns, Reaching safepoint: 267864 ns, At safepoint: 16646 ns, Total: 284510 ns
[2020-12-14T02:28:57.820+0000][6][safepoint    ] Safepoint "Cleanup", Time since last: 1000193344 ns, Reaching safepoint: 244284 ns, At safepoint: 23663 ns, Total: 267947 ns
[2020-12-14T02:28:58.820+0000][6][safepoint    ] Safepoint "Cleanup", Time since last: 1000158178 ns, Reaching safepoint: 227851 ns, At safepoint: 19484 ns, Total: 247335 ns
[2020-12-14T02:28:59.820+0000][6][safepoint    ] Safepoint "Cleanup", Time since last: 1000199831 ns, Reaching safepoint: 231544 ns, At safepoint: 18784 ns, Total: 250328 ns
[2020-12-14T02:29:00.821+0000][6][safepoint    ] Safepoint "Cleanup", Time since last: 1000156249 ns, Reaching safepoint: 265807 ns, At safepoint: 20151 ns, Total: 285958 ns
[2020-12-14T02:29:01.821+0000][6][safepoint    ] Safepoint "Cleanup", Time since last: 1000173697 ns, Reaching safepoint: 214883 ns, At safepoint: 18341 ns, Total: 233224 ns
[2020-12-14T02:29:02.822+0000][6][safepoint    ] Safepoint "Cleanup", Time since last: 1000199024 ns, Reaching safepoint: 256181 ns, At safepoint: 20083 ns, Total: 276264 ns
[2020-12-14T02:29:03.822+0000][6][safepoint    ] Safepoint "Cleanup", Time since last: 1000152158 ns, Reaching safepoint: 243377 ns, At safepoint: 19034 ns, Total: 262411 ns
[2020-12-14T02:29:04.823+0000][6][safepoint    ] Safepoint "Cleanup", Time since last: 1000167373 ns, Reaching safepoint: 255777 ns, At safepoint: 18630 ns, Total: 274407 ns
[2020-12-14T02:29:05.823+0000][6][safepoint    ] Safepoint "Cleanup", Time since last: 1000178713 ns, Reaching safepoint: 232694 ns, At safepoint: 19251 ns, Total: 251945 ns
[2020-12-14T02:29:06.824+0000][6][safepoint    ] Safepoint "Cleanup", Time since last: 1000193010 ns, Reaching safepoint: 236370 ns, At safepoint: 19157 ns, Total: 255527 ns
[2020-12-14T02:29:07.824+0000][6][safepoint    ] Safepoint "Cleanup", Time since last: 1000180244 ns, Reaching safepoint: 231543 ns, At safepoint: 18767 ns, Total: 250310 ns
[2020-12-14T02:29:08.824+0000][6][safepoint    ] Safepoint "Cleanup", Time since last: 1000186387 ns, Reaching safepoint: 222525 ns, At safepoint: 19128 ns, Total: 241653 ns
[2020-12-14T02:29:09.825+0000][6][safepoint    ] Safepoint "Cleanup", Time since last: 1000180860 ns, Reaching safepoint: 232407 ns, At safepoint: 18621 ns, Total: 251028 ns
[2020-12-14T02:29:11.090+0000][6][safepoint    ] Safepoint "Cleanup", Time since last: 1265333641 ns, Reaching safepoint: 219547 ns, At safepoint: 18660 ns, Total: 238207 ns
[2020-12-14T02:29:12.091+0000][6][safepoint    ] Safepoint "Cleanup", Time since last: 1000161663 ns, Reaching safepoint: 220734 ns, At safepoint: 18981 ns, Total: 239715 ns
[2020-12-14T02:29:13.091+0000][6][safepoint    ] Safepoint "Cleanup", Time since last: 1000176311 ns, Reaching safepoint: 231830 ns, At safepoint: 18694 ns, Total: 250524 ns
[2020-12-14T02:29:14.092+0000][6][safepoint    ] Safepoint "Cleanup", Time since last: 1000186447 ns, Reaching safepoint: 209207 ns, At safepoint: 17585 ns, Total: 226792 ns
[2020-12-14T02:29:15.092+0000][6][safepoint    ] Safepoint "Cleanup", Time since last: 1000150088 ns, Reaching safepoint: 186103 ns, At safepoint: 16468 ns, Total: 202571 ns
[2020-12-14T02:29:16.092+0000][6][safepoint    ] Safepoint "Cleanup", Time since last: 1000171547 ns, Reaching safepoint: 286359 ns, At safepoint: 18396 ns, Total: 304755 ns
[2020-12-14T02:29:17.093+0000][6][safepoint    ] Safepoint "Cleanup", Time since last: 1000173629 ns, Reaching safepoint: 231436 ns, At safepoint: 16560 ns, Total: 247996 ns
[2020-12-14T02:29:18.093+0000][6][safepoint    ] Safepoint "Cleanup", Time since last: 1000154771 ns, Reaching safepoint: 206253 ns, At safepoint: 17087 ns, Total: 223340 ns
[2020-12-14T02:29:19.094+0000][6][safepoint    ] Safepoint "Cleanup", Time since last: 1000166769 ns, Reaching safepoint: 246428 ns, At safepoint: 17003 ns, Total: 263431 ns
[2020-12-14T02:29:20.094+0000][6][safepoint    ] Safepoint "Cleanup", Time since last: 1000176858 ns, Reaching safepoint: 270737 ns, At safepoint: 16855 ns, Total: 287592 ns
[2020-12-14T02:29:21.095+0000][6][safepoint    ] Safepoint "Cleanup", Time since last: 1000167986 ns, Reaching safepoint: 231370 ns, At safepoint: 18460 ns, Total: 249830 ns
[2020-12-14T02:29:22.095+0000][6][safepoint    ] Safepoint "Cleanup", Time since last: 1000173217 ns, Reaching safepoint: 225516 ns, At safepoint: 18848 ns, Total: 244364 ns
[2020-12-14T02:29:23.095+0000][6][safepoint    ] Safepoint "Cleanup", Time since last: 1000200407 ns, Reaching safepoint: 203156 ns, At safepoint: 19673 ns, Total: 222829 ns
[2020-12-14T02:29:24.096+0000][6][safepoint    ] Safepoint "Cleanup", Time since last: 1000179033 ns, Reaching safepoint: 225759 ns, At safepoint: 19675 ns, Total: 245434 ns
[2020-12-14T02:29:24.820+0000][6][safepoint    ] Safepoint "BulkRevokeBias", Time since last: 722972411 ns, Reaching safepoint: 177013 ns, At safepoint: 1103404 ns, Total: 1280417 ns
[2020-12-14T02:29:25.838+0000][6][safepoint    ] Safepoint "Cleanup", Time since last: 1017715263 ns, Reaching safepoint: 395719 ns, At safepoint: 18993 ns, Total: 414712 ns
[2020-12-14T02:29:26.839+0000][6][safepoint    ] Safepoint "Cleanup", Time since last: 1000145764 ns, Reaching safepoint: 221294 ns, At safepoint: 18662 ns, Total: 239956 ns
[2020-12-14T02:29:27.839+0000][6][safepoint    ] Safepoint "Cleanup", Time since last: 1000200778 ns, Reaching safepoint: 253649 ns, At safepoint: 19445 ns, Total: 273094 ns
[2020-12-14T02:29:28.840+0000][6][safepoint    ] Safepoint "Cleanup", Time since last: 1000184487 ns, Reaching safepoint: 219126 ns, At safepoint: 17428 ns, Total: 236554 ns
[2020-12-14T02:29:30.626+0000][6][safepoint    ] Safepoint "Cleanup", Time since last: 1786220269 ns, Reaching safepoint: 229476 ns, At safepoint: 19407 ns, Total: 248883 ns
[2020-12-14T02:29:31.626+0000][6][safepoint    ] Safepoint "Cleanup", Time since last: 1000181068 ns, Reaching safepoint: 221864 ns, At safepoint: 18711 ns, Total: 240575 ns
[2020-12-14T02:29:32.627+0000][6][safepoint    ] Safepoint "Cleanup", Time since last: 1000150286 ns, Reaching safepoint: 227061 ns, At safepoint: 18737 ns, Total: 245798 ns
[2020-12-14T02:29:33.627+0000][6][safepoint    ] Safepoint "Cleanup", Time since last: 1000183939 ns, Reaching safepoint: 260123 ns, At safepoint: 19061 ns, Total: 279184 ns
[2020-12-14T02:29:34.628+0000][6][safepoint    ] Safepoint "Cleanup", Time since last: 1000179926 ns, Reaching safepoint: 262007 ns, At safepoint: 18881 ns, Total: 280888 ns
[2020-12-14T02:29:34.855+0000][6][gc,start     ] GC(54) Pause Young (Normal) (G1 Evacuation Pause)
[2020-12-14T02:29:34.855+0000][6][gc,task      ] GC(54) Using 10 workers of 10 for evacuation
[2020-12-14T02:29:34.855+0000][6][gc,age       ] GC(54) Desired survivor size 26214400 bytes, new threshold 15 (max threshold 15)
[2020-12-14T02:29:34.875+0000][6][gc,age       ] GC(54) Age table with threshold 15 (max threshold 15)
[2020-12-14T02:29:34.875+0000][6][gc,age       ] GC(54) - age   1:     534664 bytes,     534664 total
[2020-12-14T02:29:34.875+0000][6][gc,age       ] GC(54) - age   2:     266264 bytes,     800928 total
[2020-12-14T02:29:34.875+0000][6][gc,age       ] GC(54) - age   3:    1110704 bytes,    1911632 total
[2020-12-14T02:29:34.875+0000][6][gc,age       ] GC(54) - age   4:    9047584 bytes,   10959216 total
[2020-12-14T02:29:34.875+0000][6][gc,age       ] GC(54) - age   5:    9962800 bytes,   20922016 total
[2020-12-14T02:29:34.875+0000][6][gc,phases    ] GC(54)   Pre Evacuate Collection Set: 0.2ms
[2020-12-14T02:29:34.875+0000][6][gc,phases    ] GC(54)   Merge Heap Roots: 0.2ms
[2020-12-14T02:29:34.875+0000][6][gc,phases    ] GC(54)   Evacuate Collection Set: 17.8ms
[2020-12-14T02:29:34.875+0000][6][gc,phases    ] GC(54)   Post Evacuate Collection Set: 1.7ms
[2020-12-14T02:29:34.875+0000][6][gc,phases    ] GC(54)   Other: 0.5ms
[2020-12-14T02:29:34.875+0000][6][gc,heap      ] GC(54) Eden regions: 374->0(374)
[2020-12-14T02:29:34.875+0000][6][gc,heap      ] GC(54) Survivor regions: 22->22(50)
[2020-12-14T02:29:34.875+0000][6][gc,heap      ] GC(54) Old regions: 101->101
[2020-12-14T02:29:34.875+0000][6][gc,heap      ] GC(54) Archive regions: 2->2
[2020-12-14T02:29:34.875+0000][6][gc,heap      ] GC(54) Humongous regions: 73->73
[2020-12-14T02:29:34.875+0000][6][gc,metaspace ] GC(54) Metaspace: 75820K(80796K)->75820K(80796K) NonClass: 66205K(69120K)->66205K(69120K) Class: 9614K(11676K)->9614K(11676K)
[2020-12-14T02:29:34.875+0000][6][gc           ] GC(54) Pause Young (Normal) (G1 Evacuation Pause) 570M->196M(793M) 20.652ms
[2020-12-14T02:29:34.875+0000][6][gc,cpu       ] GC(54) User=0.18s Sys=0.00s Real=0.02s
[2020-12-14T02:29:34.875+0000][6][safepoint    ] Safepoint "G1CollectForAllocation", Time since last: 226575634 ns, Reaching safepoint: 235239 ns, At safepoint: 20821789 ns, Total: 21057028 ns
[2020-12-14T02:29:35.876+0000][6][safepoint    ] Safepoint "Cleanup", Time since last: 1000141135 ns, Reaching safepoint: 213427 ns, At safepoint: 20501 ns, Total: 233928 ns
[2020-12-14T02:29:37.806+0000][6][safepoint    ] Safepoint "Cleanup", Time since last: 1929976880 ns, Reaching safepoint: 237240 ns, At safepoint: 17283 ns, Total: 254523 ns
[2020-12-14T02:29:38.806+0000][6][safepoint    ] Safepoint "Cleanup", Time since last: 1000178410 ns, Reaching safepoint: 230028 ns, At safepoint: 18724 ns, Total: 248752 ns
[2020-12-14T02:29:39.807+0000][6][safepoint    ] Safepoint "Cleanup", Time since last: 1000148145 ns, Reaching safepoint: 235956 ns, At safepoint: 30497 ns, Total: 266453 ns
[2020-12-14T02:29:40.807+0000][6][safepoint    ] Safepoint "Cleanup", Time since last: 1000173022 ns, Reaching safepoint: 225594 ns, At safepoint: 20030 ns, Total: 245624 ns
[2020-12-14T02:29:41.808+0000][6][safepoint    ] Safepoint "Cleanup", Time since last: 1000140657 ns, Reaching safepoint: 214881 ns, At safepoint: 18524 ns, Total: 233405 ns
[2020-12-14T02:29:42.808+0000][6][safepoint    ] Safepoint "Cleanup", Time since last: 1000178660 ns, Reaching safepoint: 229492 ns, At safepoint: 18657 ns, Total: 248149 ns
[2020-12-14T02:29:43.809+0000][6][safepoint    ] Safepoint "Cleanup", Time since last: 1000193041 ns, Reaching safepoint: 263451 ns, At safepoint: 18448 ns, Total: 281899 ns
[2020-12-14T02:29:44.809+0000][6][safepoint    ] Safepoint "Cleanup", Time since last: 1000178419 ns, Reaching safepoint: 223411 ns, At safepoint: 17954 ns, Total: 241365 ns
[2020-12-14T02:29:45.809+0000][6][safepoint    ] Safepoint "Cleanup", Time since last: 1000181024 ns, Reaching safepoint: 241245 ns, At safepoint: 20439 ns, Total: 261684 ns
[2020-12-14T02:29:46.810+0000][6][safepoint    ] Safepoint "Cleanup", Time since last: 1000187324 ns, Reaching safepoint: 231106 ns, At safepoint: 17343 ns, Total: 248449 ns
[2020-12-14T02:29:47.810+0000][6][safepoint    ] Safepoint "Cleanup", Time since last: 1000187058 ns, Reaching safepoint: 236396 ns, At safepoint: 18780 ns, Total: 255176 ns
[2020-12-14T02:29:48.811+0000][6][safepoint    ] Safepoint "Cleanup", Time since last: 1000186417 ns, Reaching safepoint: 237830 ns, At safepoint: 18162 ns, Total: 255992 ns
[2020-12-14T02:29:49.811+0000][6][safepoint    ] Safepoint "Cleanup", Time since last: 1000175594 ns, Reaching safepoint: 242038 ns, At safepoint: 19796 ns, Total: 261834 ns
[2020-12-14T02:29:50.812+0000][6][safepoint    ] Safepoint "Cleanup", Time since last: 1000195414 ns, Reaching safepoint: 235015 ns, At safepoint: 18848 ns, Total: 253863 ns
[2020-12-14T02:29:51.812+0000][6][safepoint    ] Safepoint "Cleanup", Time since last: 1000198210 ns, Reaching safepoint: 227281 ns, At safepoint: 20155 ns, Total: 247436 ns
[2020-12-14T02:29:52.812+0000][6][safepoint    ] Safepoint "Cleanup", Time since last: 1000207092 ns, Reaching safepoint: 210627 ns, At safepoint: 19035 ns, Total: 229662 ns
[2020-12-14T02:29:53.813+0000][6][safepoint    ] Safepoint "Cleanup", Time since last: 1000185102 ns, Reaching safepoint: 218199 ns, At safepoint: 19115 ns, Total: 237314 ns
[2020-12-14T02:29:54.813+0000][6][safepoint    ] Safepoint "Cleanup", Time since last: 1000160912 ns, Reaching safepoint: 245448 ns, At safepoint: 19404 ns, Total: 264852 ns
[2020-12-14T02:29:55.814+0000][6][safepoint    ] Safepoint "Cleanup", Time since last: 1000176755 ns, Reaching safepoint: 238484 ns, At safepoint: 19794 ns, Total: 258278 ns
[2020-12-14T02:29:56.814+0000][6][safepoint    ] Safepoint "Cleanup", Time since last: 1000178229 ns, Reaching safepoint: 249627 ns, At safepoint: 16563 ns, Total: 266190 ns
[2020-12-14T02:29:57.815+0000][6][safepoint    ] Safepoint "Cleanup", Time since last: 1000177785 ns, Reaching safepoint: 228979 ns, At safepoint: 18400 ns, Total: 247379 ns
[2020-12-14T02:29:58.815+0000][6][safepoint    ] Safepoint "Cleanup", Time since last: 1000191143 ns, Reaching safepoint: 235986 ns, At safepoint: 16803 ns, Total: 252789 ns
[2020-12-14T02:29:59.816+0000][6][safepoint    ] Safepoint "Cleanup", Time since last: 1000202799 ns, Reaching safepoint: 244424 ns, At safepoint: 18514 ns, Total: 262938 ns
[2020-12-14T02:30:00.816+0000][6][safepoint    ] Safepoint "Cleanup", Time since last: 1000146103 ns, Reaching safepoint: 197849 ns, At safepoint: 17419 ns, Total: 215268 ns
[2020-12-14T02:30:01.816+0000][6][safepoint    ] Safepoint "Cleanup", Time since last: 1000194191 ns, Reaching safepoint: 244124 ns, At safepoint: 22189 ns, Total: 266313 ns
[2020-12-14T02:30:02.817+0000][6][safepoint    ] Safepoint "Cleanup", Time since last: 1000174637 ns, Reaching safepoint: 220674 ns, At safepoint: 19731 ns, Total: 240405 ns
[2020-12-14T02:30:03.817+0000][6][safepoint    ] Safepoint "Cleanup", Time since last: 1000176501 ns, Reaching safepoint: 251738 ns, At safepoint: 18918 ns, Total: 270656 ns
[2020-12-14T02:30:04.818+0000][6][safepoint    ] Safepoint "Cleanup", Time since last: 1000199798 ns, Reaching safepoint: 260310 ns, At safepoint: 26348 ns, Total: 286658 ns
[2020-12-14T02:30:05.818+0000][6][safepoint    ] Safepoint "Cleanup", Time since last: 1000151027 ns, Reaching safepoint: 214773 ns, At safepoint: 28420 ns, Total: 243193 ns
[2020-12-14T02:30:06.818+0000][6][safepoint    ] Safepoint "Cleanup", Time since last: 1000153280 ns, Reaching safepoint: 221697 ns, At safepoint: 16961 ns, Total: 238658 ns
[2020-12-14T02:30:07.819+0000][6][safepoint    ] Safepoint "Cleanup", Time since last: 1000179590 ns, Reaching safepoint: 214313 ns, At safepoint: 18200 ns, Total: 232513 ns
[2020-12-14T02:30:08.819+0000][6][safepoint    ] Safepoint "Cleanup", Time since last: 1000201746 ns, Reaching safepoint: 210318 ns, At safepoint: 18067 ns, Total: 228385 ns
[2020-12-14T02:30:09.820+0000][6][safepoint    ] Safepoint "Cleanup", Time since last: 1000186157 ns, Reaching safepoint: 230779 ns, At safepoint: 16973 ns, Total: 247752 ns
[2020-12-14T02:30:11.300+0000][6][safepoint    ] Safepoint "Cleanup", Time since last: 1480445221 ns, Reaching safepoint: 245087 ns, At safepoint: 23521 ns, Total: 268608 ns
[2020-12-14T02:30:12.301+0000][6][safepoint    ] Safepoint "Cleanup", Time since last: 1000176044 ns, Reaching safepoint: 227503 ns, At safepoint: 17739 ns, Total: 245242 ns
[2020-12-14T02:30:13.301+0000][6][safepoint    ] Safepoint "Cleanup", Time since last: 1000250163 ns, Reaching safepoint: 192124 ns, At safepoint: 18800 ns, Total: 210924 ns
[2020-12-14T02:30:14.302+0000][6][safepoint    ] Safepoint "Cleanup", Time since last: 1000193271 ns, Reaching safepoint: 215294 ns, At safepoint: 18147 ns, Total: 233441 ns
[2020-12-14T02:30:15.302+0000][6][safepoint    ] Safepoint "Cleanup", Time since last: 1000186887 ns, Reaching safepoint: 206739 ns, At safepoint: 18307 ns, Total: 225046 ns
[2020-12-14T02:30:16.303+0000][6][safepoint    ] Safepoint "Cleanup", Time since last: 1000181285 ns, Reaching safepoint: 242022 ns, At safepoint: 18978 ns, Total: 261000 ns
[2020-12-14T02:30:17.303+0000][6][safepoint    ] Safepoint "Cleanup", Time since last: 1000183608 ns, Reaching safepoint: 230336 ns, At safepoint: 53540 ns, Total: 283876 ns
[2020-12-14T02:30:18.304+0000][6][safepoint    ] Safepoint "Cleanup", Time since last: 1000181178 ns, Reaching safepoint: 236986 ns, At safepoint: 19001 ns, Total: 255987 ns
[2020-12-14T02:30:19.304+0000][6][safepoint    ] Safepoint "Cleanup", Time since last: 1000182935 ns, Reaching safepoint: 238184 ns, At safepoint: 19334 ns, Total: 257518 ns
[2020-12-14T02:30:20.304+0000][6][safepoint    ] Safepoint "Cleanup", Time since last: 1000184863 ns, Reaching safepoint: 223658 ns, At safepoint: 20322 ns, Total: 243980 ns
[2020-12-14T02:30:21.305+0000][6][safepoint    ] Safepoint "Cleanup", Time since last: 1000187107 ns, Reaching safepoint: 231223 ns, At safepoint: 18457 ns, Total: 249680 ns
[2020-12-14T02:30:22.305+0000][6][safepoint    ] Safepoint "Cleanup", Time since last: 1000182275 ns, Reaching safepoint: 266370 ns, At safepoint: 19174 ns, Total: 285544 ns
[2020-12-14T02:30:23.306+0000][6][safepoint    ] Safepoint "Cleanup", Time since last: 1000200625 ns, Reaching safepoint: 233875 ns, At safepoint: 18881 ns, Total: 252756 ns
[2020-12-14T02:30:24.306+0000][6][safepoint    ] Safepoint "Cleanup", Time since last: 1000201639 ns, Reaching safepoint: 240822 ns, At safepoint: 19154 ns, Total: 259976 ns
[2020-12-14T02:30:25.907+0000][6][safepoint    ] Safepoint "Cleanup", Time since last: 1600756236 ns, Reaching safepoint: 259099 ns, At safepoint: 19228 ns, Total: 278327 ns
[2020-12-14T02:30:26.908+0000][6][safepoint    ] Safepoint "Cleanup", Time since last: 1000179449 ns, Reaching safepoint: 221670 ns, At safepoint: 18511 ns, Total: 240181 ns
[2020-12-14T02:30:27.908+0000][6][safepoint    ] Safepoint "Cleanup", Time since last: 1000183009 ns, Reaching safepoint: 274181 ns, At safepoint: 18423 ns, Total: 292604 ns
[2020-12-14T02:30:28.909+0000][6][safepoint    ] Safepoint "Cleanup", Time since last: 1000175181 ns, Reaching safepoint: 254840 ns, At safepoint: 18961 ns, Total: 273801 ns
[2020-12-14T02:30:30.660+0000][6][safepoint    ] Safepoint "Cleanup", Time since last: 1751072430 ns, Reaching safepoint: 238547 ns, At safepoint: 19098 ns, Total: 257645 ns
[2020-12-14T02:30:31.660+0000][6][safepoint    ] Safepoint "Cleanup", Time since last: 1000186918 ns, Reaching safepoint: 243206 ns, At safepoint: 18898 ns, Total: 262104 ns
[2020-12-14T02:30:32.661+0000][6][safepoint    ] Safepoint "Cleanup", Time since last: 1000173993 ns, Reaching safepoint: 226070 ns, At safepoint: 18797 ns, Total: 244867 ns
[2020-12-14T02:30:33.661+0000][6][safepoint    ] Safepoint "Cleanup", Time since last: 1000179903 ns, Reaching safepoint: 242106 ns, At safepoint: 20425 ns, Total: 262531 ns
[2020-12-14T02:30:34.662+0000][6][safepoint    ] Safepoint "Cleanup", Time since last: 1000184363 ns, Reaching safepoint: 271179 ns, At safepoint: 19224 ns, Total: 290403 ns
[2020-12-14T02:30:35.662+0000][6][safepoint    ] Safepoint "Cleanup", Time since last: 1000190870 ns, Reaching safepoint: 260866 ns, At safepoint: 17151 ns, Total: 278017 ns
[2020-12-14T02:30:36.663+0000][6][safepoint    ] Safepoint "Cleanup", Time since last: 1000178542 ns, Reaching safepoint: 226366 ns, At safepoint: 18814 ns, Total: 245180 ns
[2020-12-14T02:30:37.663+0000][6][safepoint    ] Safepoint "Cleanup", Time since last: 1000156907 ns, Reaching safepoint: 259258 ns, At safepoint: 16227 ns, Total: 275485 ns
[2020-12-14T02:30:38.815+0000][6][safepoint    ] Safepoint "Cleanup", Time since last: 1151678761 ns, Reaching safepoint: 218829 ns, At safepoint: 22456 ns, Total: 241285 ns
[2020-12-14T02:30:39.815+0000][6][safepoint    ] Safepoint "Cleanup", Time since last: 1000169037 ns, Reaching safepoint: 234288 ns, At safepoint: 23917 ns, Total: 258205 ns
[2020-12-14T02:30:40.816+0000][6][safepoint    ] Safepoint "Cleanup", Time since last: 1000177789 ns, Reaching safepoint: 222584 ns, At safepoint: 17194 ns, Total: 239778 ns
[2020-12-14T02:30:41.816+0000][6][safepoint    ] Safepoint "Cleanup", Time since last: 1000143949 ns, Reaching safepoint: 263761 ns, At safepoint: 21541 ns, Total: 285302 ns
[2020-12-14T02:30:42.817+0000][6][safepoint    ] Safepoint "Cleanup", Time since last: 1000189333 ns, Reaching safepoint: 218966 ns, At safepoint: 30897 ns, Total: 249863 ns
[2020-12-14T02:30:43.817+0000][6][safepoint    ] Safepoint "Cleanup", Time since last: 1000181505 ns, Reaching safepoint: 412764 ns, At safepoint: 19351 ns, Total: 432115 ns
[2020-12-14T02:30:44.818+0000][6][safepoint    ] Safepoint "Cleanup", Time since last: 1000183976 ns, Reaching safepoint: 235002 ns, At safepoint: 22186 ns, Total: 257188 ns
[2020-12-14T02:30:45.818+0000][6][safepoint    ] Safepoint "Cleanup", Time since last: 1000162910 ns, Reaching safepoint: 299635 ns, At safepoint: 21780 ns, Total: 321415 ns
[2020-12-14T02:30:46.819+0000][6][safepoint    ] Safepoint "Cleanup", Time since last: 1000189191 ns, Reaching safepoint: 220767 ns, At safepoint: 18544 ns, Total: 239311 ns
[2020-12-14T02:30:47.819+0000][6][safepoint    ] Safepoint "Cleanup", Time since last: 1000176768 ns, Reaching safepoint: 234034 ns, At safepoint: 45330 ns, Total: 279364 ns
[2020-12-14T02:30:48.819+0000][6][safepoint    ] Safepoint "Cleanup", Time since last: 1000146117 ns, Reaching safepoint: 229370 ns, At safepoint: 17496 ns, Total: 246866 ns
[2020-12-14T02:30:49.820+0000][6][safepoint    ] Safepoint "Cleanup", Time since last: 1000162068 ns, Reaching safepoint: 240185 ns, At safepoint: 18707 ns, Total: 258892 ns
[2020-12-14T02:30:50.820+0000][6][safepoint    ] Safepoint "Cleanup", Time since last: 1000178657 ns, Reaching safepoint: 239241 ns, At safepoint: 18737 ns, Total: 257978 ns
[2020-12-14T02:30:51.821+0000][6][safepoint    ] Safepoint "Cleanup", Time since last: 1000178373 ns, Reaching safepoint: 225493 ns, At safepoint: 18334 ns, Total: 243827 ns
[2020-12-14T02:30:52.821+0000][6][safepoint    ] Safepoint "Cleanup", Time since last: 1000177241 ns, Reaching safepoint: 273021 ns, At safepoint: 19114 ns, Total: 292135 ns
[2020-12-14T02:30:53.822+0000][6][safepoint    ] Safepoint "Cleanup", Time since last: 1000179326 ns, Reaching safepoint: 224016 ns, At safepoint: 18564 ns, Total: 242580 ns
[2020-12-14T02:30:54.822+0000][6][safepoint    ] Safepoint "Cleanup", Time since last: 1000199111 ns, Reaching safepoint: 292728 ns, At safepoint: 19191 ns, Total: 311919 ns
[2020-12-14T02:30:55.823+0000][6][safepoint    ] Safepoint "Cleanup", Time since last: 1000183212 ns, Reaching safepoint: 233527 ns, At safepoint: 18651 ns, Total: 252178 ns
[2020-12-14T02:30:56.823+0000][6][safepoint    ] Safepoint "Cleanup", Time since last: 1000167479 ns, Reaching safepoint: 236316 ns, At safepoint: 17283 ns, Total: 253599 ns
[2020-12-14T02:30:57.823+0000][6][safepoint    ] Safepoint "Cleanup", Time since last: 1000194122 ns, Reaching safepoint: 227364 ns, At safepoint: 18867 ns, Total: 246231 ns
[2020-12-14T02:30:58.824+0000][6][safepoint    ] Safepoint "Cleanup", Time since last: 1000178746 ns, Reaching safepoint: 253693 ns, At safepoint: 18780 ns, Total: 272473 ns
[2020-12-14T02:30:59.824+0000][6][safepoint    ] Safepoint "Cleanup", Time since last: 1000179326 ns, Reaching safepoint: 230623 ns, At safepoint: 18787 ns, Total: 249410 ns
[2020-12-14T02:31:00.825+0000][6][safepoint    ] Safepoint "Cleanup", Time since last: 1000178093 ns, Reaching safepoint: 231773 ns, At safepoint: 24154 ns, Total: 255927 ns
[2020-12-14T02:31:01.825+0000][6][safepoint    ] Safepoint "Cleanup", Time since last: 1000188527 ns, Reaching safepoint: 277328 ns, At safepoint: 17672 ns, Total: 295000 ns
[2020-12-14T02:31:02.826+0000][6][safepoint    ] Safepoint "Cleanup", Time since last: 1000212643 ns, Reaching safepoint: 225279 ns, At safepoint: 18071 ns, Total: 243350 ns
[2020-12-14T02:31:03.826+0000][6][safepoint    ] Safepoint "Cleanup", Time since last: 1000176107 ns, Reaching safepoint: 270951 ns, At safepoint: 17973 ns, Total: 288924 ns
[2020-12-14T02:31:04.827+0000][6][safepoint    ] Safepoint "Cleanup", Time since last: 1000147237 ns, Reaching safepoint: 239444 ns, At safepoint: 18734 ns, Total: 258178 ns
[2020-12-14T02:31:05.827+0000][6][safepoint    ] Safepoint "Cleanup", Time since last: 1000178690 ns, Reaching safepoint: 220796 ns, At safepoint: 16954 ns, Total: 237750 ns
[2020-12-14T02:31:06.827+0000][6][safepoint    ] Safepoint "Cleanup", Time since last: 1000193026 ns, Reaching safepoint: 223855 ns, At safepoint: 18185 ns, Total: 242040 ns
[2020-12-14T02:31:07.828+0000][6][safepoint    ] Safepoint "Cleanup", Time since last: 1000175154 ns, Reaching safepoint: 241769 ns, At safepoint: 31411 ns, Total: 273180 ns
[2020-12-14T02:31:09.402+0000][6][safepoint    ] Safepoint "Cleanup", Time since last: 1573883555 ns, Reaching safepoint: 251767 ns, At safepoint: 16775 ns, Total: 268542 ns
[2020-12-14T02:31:10.402+0000][6][safepoint    ] Safepoint "Cleanup", Time since last: 1000161517 ns, Reaching safepoint: 207251 ns, At safepoint: 22881 ns, Total: 230132 ns
[2020-12-14T02:31:11.403+0000][6][safepoint    ] Safepoint "Cleanup", Time since last: 1000173378 ns, Reaching safepoint: 222255 ns, At safepoint: 17666 ns, Total: 239921 ns
[2020-12-14T02:31:12.403+0000][6][safepoint    ] Safepoint "Cleanup", Time since last: 1000181771 ns, Reaching safepoint: 272313 ns, At safepoint: 19865 ns, Total: 292178 ns
[2020-12-14T02:31:13.404+0000][6][safepoint    ] Safepoint "Cleanup", Time since last: 1000196883 ns, Reaching safepoint: 232594 ns, At safepoint: 18927 ns, Total: 251521 ns
[2020-12-14T02:31:14.404+0000][6][safepoint    ] Safepoint "Cleanup", Time since last: 1000180267 ns, Reaching safepoint: 245351 ns, At safepoint: 18967 ns, Total: 264318 ns
[2020-12-14T02:31:15.405+0000][6][safepoint    ] Safepoint "Cleanup", Time since last: 1000154463 ns, Reaching safepoint: 218605 ns, At safepoint: 18844 ns, Total: 237449 ns
[2020-12-14T02:31:16.405+0000][6][safepoint    ] Safepoint "Cleanup", Time since last: 1000146748 ns, Reaching safepoint: 233008 ns, At safepoint: 17306 ns, Total: 250314 ns
[2020-12-14T02:31:17.405+0000][6][safepoint    ] Safepoint "Cleanup", Time since last: 1000218395 ns, Reaching safepoint: 218746 ns, At safepoint: 18500 ns, Total: 237246 ns
[2020-12-14T02:31:18.406+0000][6][safepoint    ] Safepoint "Cleanup", Time since last: 1000174357 ns, Reaching safepoint: 219410 ns, At safepoint: 18717 ns, Total: 238127 ns
[2020-12-14T02:31:19.406+0000][6][safepoint    ] Safepoint "Cleanup", Time since last: 1000222961 ns, Reaching safepoint: 236092 ns, At safepoint: 18881 ns, Total: 254973 ns
[2020-12-14T02:31:20.407+0000][6][safepoint    ] Safepoint "Cleanup", Time since last: 1000151286 ns, Reaching safepoint: 215524 ns, At safepoint: 16657 ns, Total: 232181 ns
[2020-12-14T02:31:21.407+0000][6][safepoint    ] Safepoint "Cleanup", Time since last: 1000170952 ns, Reaching safepoint: 261557 ns, At safepoint: 18927 ns, Total: 280484 ns
[2020-12-14T02:31:22.408+0000][6][safepoint    ] Safepoint "Cleanup", Time since last: 1000161459 ns, Reaching safepoint: 229405 ns, At safepoint: 18801 ns, Total: 248206 ns
[2020-12-14T02:31:23.408+0000][6][safepoint    ] Safepoint "Cleanup", Time since last: 1000181528 ns, Reaching safepoint: 277686 ns, At safepoint: 50860 ns, Total: 328546 ns
[2020-12-14T02:31:24.409+0000][6][safepoint    ] Safepoint "Cleanup", Time since last: 1000199704 ns, Reaching safepoint: 223082 ns, At safepoint: 18497 ns, Total: 241579 ns
[2020-12-14T02:31:25.980+0000][6][safepoint    ] Safepoint "Cleanup", Time since last: 1571304623 ns, Reaching safepoint: 280021 ns, At safepoint: 19464 ns, Total: 299485 ns
[2020-12-14T02:31:26.981+0000][6][safepoint    ] Safepoint "Cleanup", Time since last: 1000186424 ns, Reaching safepoint: 214183 ns, At safepoint: 18103 ns, Total: 232286 ns
[2020-12-14T02:31:27.981+0000][6][safepoint    ] Safepoint "Cleanup", Time since last: 1000196196 ns, Reaching safepoint: 216125 ns, At safepoint: 17593 ns, Total: 233718 ns
[2020-12-14T02:31:28.981+0000][6][safepoint    ] Safepoint "Cleanup", Time since last: 1000221467 ns, Reaching safepoint: 227164 ns, At safepoint: 19131 ns, Total: 246295 ns
[2020-12-14T02:31:30.703+0000][6][safepoint    ] Safepoint "Cleanup", Time since last: 1720973888 ns, Reaching safepoint: 247025 ns, At safepoint: 19420 ns, Total: 266445 ns
[2020-12-14T02:31:31.705+0000][6][safepoint    ] Safepoint "Cleanup", Time since last: 1001950409 ns, Reaching safepoint: 210311 ns, At safepoint: 17703 ns, Total: 228014 ns
[2020-12-14T02:31:32.705+0000][6][safepoint    ] Safepoint "Cleanup", Time since last: 1000202223 ns, Reaching safepoint: 233196 ns, At safepoint: 18916 ns, Total: 252112 ns
[2020-12-14T02:31:33.706+0000][6][safepoint    ] Safepoint "Cleanup", Time since last: 1000176304 ns, Reaching safepoint: 247540 ns, At safepoint: 20240 ns, Total: 267780 ns
[2020-12-14T02:31:34.706+0000][6][safepoint    ] Safepoint "Cleanup", Time since last: 1000190020 ns, Reaching safepoint: 262397 ns, At safepoint: 19352 ns, Total: 281749 ns
[2020-12-14T02:31:35.707+0000][6][safepoint    ] Safepoint "Cleanup", Time since last: 1000194074 ns, Reaching safepoint: 241199 ns, At safepoint: 17503 ns, Total: 258702 ns
[2020-12-14T02:31:36.707+0000][6][safepoint    ] Safepoint "Cleanup", Time since last: 1000179400 ns, Reaching safepoint: 264691 ns, At safepoint: 16696 ns, Total: 281387 ns
[2020-12-14T02:31:37.708+0000][6][safepoint    ] Safepoint "Cleanup", Time since last: 1000198045 ns, Reaching safepoint: 239441 ns, At safepoint: 19118 ns, Total: 258559 ns
[2020-12-14T02:31:38.708+0000][6][safepoint    ] Safepoint "Cleanup", Time since last: 1000167489 ns, Reaching safepoint: 231333 ns, At safepoint: 19098 ns, Total: 250431 ns
[2020-12-14T02:31:39.820+0000][6][safepoint    ] Safepoint "Cleanup", Time since last: 1111296405 ns, Reaching safepoint: 251084 ns, At safepoint: 17111 ns, Total: 268195 ns
[2020-12-14T02:31:40.820+0000][6][safepoint    ] Safepoint "Cleanup", Time since last: 1000185138 ns, Reaching safepoint: 216008 ns, At safepoint: 16586 ns, Total: 232594 ns
[2020-12-14T02:31:41.820+0000][6][safepoint    ] Safepoint "Cleanup", Time since last: 1000203312 ns, Reaching safepoint: 231327 ns, At safepoint: 16868 ns, Total: 248195 ns
[2020-12-14T02:31:42.821+0000][6][safepoint    ] Safepoint "Cleanup", Time since last: 1000141947 ns, Reaching safepoint: 223756 ns, At safepoint: 18233 ns, Total: 241989 ns
[2020-12-14T02:31:43.821+0000][6][safepoint    ] Safepoint "Cleanup", Time since last: 1000186131 ns, Reaching safepoint: 225212 ns, At safepoint: 17901 ns, Total: 243113 ns
[2020-12-14T02:31:44.822+0000][6][safepoint    ] Safepoint "Cleanup", Time since last: 1000178558 ns, Reaching safepoint: 230080 ns, At safepoint: 17028 ns, Total: 247108 ns
[2020-12-14T02:31:45.822+0000][6][safepoint    ] Safepoint "Cleanup", Time since last: 1000179244 ns, Reaching safepoint: 244761 ns, At safepoint: 19428 ns, Total: 264189 ns
[2020-12-14T02:31:46.823+0000][6][safepoint    ] Safepoint "Cleanup", Time since last: 1000178999 ns, Reaching safepoint: 228608 ns, At safepoint: 18431 ns, Total: 247039 ns
[2020-12-14T02:31:47.823+0000][6][safepoint    ] Safepoint "Cleanup", Time since last: 1000173763 ns, Reaching safepoint: 224625 ns, At safepoint: 17941 ns, Total: 242566 ns
[2020-12-14T02:31:48.823+0000][6][safepoint    ] Safepoint "Cleanup", Time since last: 1000205965 ns, Reaching safepoint: 225653 ns, At safepoint: 18580 ns, Total: 244233 ns
[2020-12-14T02:31:49.824+0000][6][safepoint    ] Safepoint "Cleanup", Time since last: 1000183408 ns, Reaching safepoint: 226697 ns, At safepoint: 17020 ns, Total: 243717 ns
[2020-12-14T02:31:50.824+0000][6][safepoint    ] Safepoint "Cleanup", Time since last: 1000165025 ns, Reaching safepoint: 248583 ns, At safepoint: 16683 ns, Total: 265266 ns
[2020-12-14T02:31:51.825+0000][6][safepoint    ] Safepoint "Cleanup", Time since last: 1000188998 ns, Reaching safepoint: 280205 ns, At safepoint: 20335 ns, Total: 300540 ns
[2020-12-14T02:31:52.825+0000][6][safepoint    ] Safepoint "Cleanup", Time since last: 1000164240 ns, Reaching safepoint: 240959 ns, At safepoint: 18474 ns, Total: 259433 ns
[2020-12-14T02:31:53.826+0000][6][safepoint    ] Safepoint "Cleanup", Time since last: 1000183586 ns, Reaching safepoint: 241575 ns, At safepoint: 18715 ns, Total: 260290 ns
[2020-12-14T02:31:54.826+0000][6][safepoint    ] Safepoint "Cleanup", Time since last: 1000178685 ns, Reaching safepoint: 226374 ns, At safepoint: 16572 ns, Total: 242946 ns
[2020-12-14T02:31:55.827+0000][6][safepoint    ] Safepoint "Cleanup", Time since last: 1000165969 ns, Reaching safepoint: 251755 ns, At safepoint: 27702 ns, Total: 279457 ns
[2020-12-14T02:31:56.827+0000][6][safepoint    ] Safepoint "Cleanup", Time since last: 1000233914 ns, Reaching safepoint: 236293 ns, At safepoint: 17333 ns, Total: 253626 ns
[2020-12-14T02:31:57.827+0000][6][safepoint    ] Safepoint "Cleanup", Time since last: 1000170252 ns, Reaching safepoint: 202889 ns, At safepoint: 17478 ns, Total: 220367 ns
[2020-12-14T02:31:58.828+0000][6][safepoint    ] Safepoint "Cleanup", Time since last: 1000151926 ns, Reaching safepoint: 276706 ns, At safepoint: 19271 ns, Total: 295977 ns
[2020-12-14T02:31:59.828+0000][6][safepoint    ] Safepoint "Cleanup", Time since last: 1000183058 ns, Reaching safepoint: 246075 ns, At safepoint: 30564 ns, Total: 276639 ns
[2020-12-14T02:32:00.829+0000][6][safepoint    ] Safepoint "Cleanup", Time since last: 1000143522 ns, Reaching safepoint: 239872 ns, At safepoint: 16819 ns, Total: 256691 ns
[2020-12-14T02:32:01.829+0000][6][safepoint    ] Safepoint "Cleanup", Time since last: 1000186694 ns, Reaching safepoint: 241174 ns, At safepoint: 60912 ns, Total: 302086 ns
[2020-12-14T02:32:02.830+0000][6][safepoint    ] Safepoint "Cleanup", Time since last: 1000166927 ns, Reaching safepoint: 249412 ns, At safepoint: 18851 ns, Total: 268263 ns
[2020-12-14T02:32:03.830+0000][6][safepoint    ] Safepoint "Cleanup", Time since last: 1000140522 ns, Reaching safepoint: 234076 ns, At safepoint: 16936 ns, Total: 251012 ns
[2020-12-14T02:32:04.831+0000][6][safepoint    ] Safepoint "Cleanup", Time since last: 1000156747 ns, Reaching safepoint: 313861 ns, At safepoint: 16874 ns, Total: 330735 ns
[2020-12-14T02:32:05.831+0000][6][safepoint    ] Safepoint "Cleanup", Time since last: 1000159876 ns, Reaching safepoint: 272225 ns, At safepoint: 15741 ns, Total: 287966 ns
[2020-12-14T02:32:06.831+0000][6][safepoint    ] Safepoint "Cleanup", Time since last: 1000137809 ns, Reaching safepoint: 240612 ns, At safepoint: 18516 ns, Total: 259128 ns
[2020-12-14T02:32:07.832+0000][6][safepoint    ] Safepoint "Cleanup", Time since last: 1000170459 ns, Reaching safepoint: 258465 ns, At safepoint: 35913 ns, Total: 294378 ns
[2020-12-14T02:32:08.832+0000][6][safepoint    ] Safepoint "Cleanup", Time since last: 1000153659 ns, Reaching safepoint: 304647 ns, At safepoint: 16287 ns, Total: 320934 ns
[2020-12-14T02:32:09.833+0000][6][safepoint    ] Safepoint "Cleanup", Time since last: 1000196432 ns, Reaching safepoint: 216321 ns, At safepoint: 18727 ns, Total: 235048 ns
[2020-12-14T02:32:11.318+0000][6][safepoint    ] Safepoint "Cleanup", Time since last: 1485202210 ns, Reaching safepoint: 244053 ns, At safepoint: 17350 ns, Total: 261403 ns
[2020-12-14T02:32:12.319+0000][6][safepoint    ] Safepoint "Cleanup", Time since last: 1000178483 ns, Reaching safepoint: 223179 ns, At safepoint: 19005 ns, Total: 242184 ns
[2020-12-14T02:32:13.319+0000][6][safepoint    ] Safepoint "Cleanup", Time since last: 1000173057 ns, Reaching safepoint: 276325 ns, At safepoint: 16576 ns, Total: 292901 ns
[2020-12-14T02:32:14.320+0000][6][safepoint    ] Safepoint "Cleanup", Time since last: 1000176819 ns, Reaching safepoint: 332088 ns, At safepoint: 18547 ns, Total: 350635 ns
[2020-12-14T02:32:15.320+0000][6][safepoint    ] Safepoint "Cleanup", Time since last: 1000147922 ns, Reaching safepoint: 226340 ns, At safepoint: 31041 ns, Total: 257381 ns
[2020-12-14T02:32:16.320+0000][6][safepoint    ] Safepoint "Cleanup", Time since last: 1000163677 ns, Reaching safepoint: 193001 ns, At safepoint: 15559 ns, Total: 208560 ns
[2020-12-14T02:32:17.321+0000][6][safepoint    ] Safepoint "Cleanup", Time since last: 1000193465 ns, Reaching safepoint: 199775 ns, At safepoint: 17973 ns, Total: 217748 ns
[2020-12-14T02:32:18.321+0000][6][safepoint    ] Safepoint "Cleanup", Time since last: 1000146464 ns, Reaching safepoint: 302487 ns, At safepoint: 18317 ns, Total: 320804 ns
[2020-12-14T02:32:19.322+0000][6][safepoint    ] Safepoint "Cleanup", Time since last: 1000143096 ns, Reaching safepoint: 227546 ns, At safepoint: 18342 ns, Total: 245888 ns
[2020-12-14T02:32:20.322+0000][6][safepoint    ] Safepoint "Cleanup", Time since last: 1000162336 ns, Reaching safepoint: 232190 ns, At safepoint: 31872 ns, Total: 264062 ns
[2020-12-14T02:32:21.323+0000][6][safepoint    ] Safepoint "Cleanup", Time since last: 1000192576 ns, Reaching safepoint: 262908 ns, At safepoint: 17151 ns, Total: 280059 ns
[2020-12-14T02:32:22.323+0000][6][safepoint    ] Safepoint "Cleanup", Time since last: 1000139481 ns, Reaching safepoint: 296407 ns, At safepoint: 15689 ns, Total: 312096 ns
[2020-12-14T02:32:23.323+0000][6][safepoint    ] Safepoint "Cleanup", Time since last: 1000185646 ns, Reaching safepoint: 187428 ns, At safepoint: 16962 ns, Total: 204390 ns
[2020-12-14T02:32:24.324+0000][6][safepoint    ] Safepoint "Cleanup", Time since last: 1000180040 ns, Reaching safepoint: 206513 ns, At safepoint: 18392 ns, Total: 224905 ns
[2020-12-14T02:32:25.037+0000][6][safepoint    ] Safepoint "BulkRevokeBias", Time since last: 712035533 ns, Reaching safepoint: 163385 ns, At safepoint: 920131 ns, Total: 1083516 ns
[2020-12-14T02:32:26.057+0000][6][safepoint    ] Safepoint "Cleanup", Time since last: 1019942493 ns, Reaching safepoint: 263175 ns, At safepoint: 19871 ns, Total: 283046 ns
[2020-12-14T02:32:27.058+0000][6][safepoint    ] Safepoint "Cleanup", Time since last: 1000205292 ns, Reaching safepoint: 200515 ns, At safepoint: 15437 ns, Total: 215952 ns
[2020-12-14T02:32:28.058+0000][6][safepoint    ] Safepoint "Cleanup", Time since last: 1000172329 ns, Reaching safepoint: 204713 ns, At safepoint: 16060 ns, Total: 220773 ns
[2020-12-14T02:32:29.058+0000][6][safepoint    ] Safepoint "Cleanup", Time since last: 1000181863 ns, Reaching safepoint: 214350 ns, At safepoint: 19554 ns, Total: 233904 ns
[2020-12-14T02:32:30.734+0000][6][safepoint    ] Safepoint "Cleanup", Time since last: 1675846798 ns, Reaching safepoint: 215827 ns, At safepoint: 17837 ns, Total: 233664 ns
[2020-12-14T02:32:31.735+0000][6][safepoint    ] Safepoint "Cleanup", Time since last: 1000199762 ns, Reaching safepoint: 247622 ns, At safepoint: 18250 ns, Total: 265872 ns
[2020-12-14T02:32:32.735+0000][6][safepoint    ] Safepoint "Cleanup", Time since last: 1000173216 ns, Reaching safepoint: 211636 ns, At safepoint: 21612 ns, Total: 233248 ns
[2020-12-14T02:32:33.736+0000][6][safepoint    ] Safepoint "Cleanup", Time since last: 1000174457 ns, Reaching safepoint: 276312 ns, At safepoint: 17453 ns, Total: 293765 ns
[2020-12-14T02:32:34.736+0000][6][safepoint    ] Safepoint "Cleanup", Time since last: 1000145574 ns, Reaching safepoint: 284078 ns, At safepoint: 18016 ns, Total: 302094 ns
[2020-12-14T02:32:35.737+0000][6][safepoint    ] Safepoint "Cleanup", Time since last: 1000162119 ns, Reaching safepoint: 303881 ns, At safepoint: 17707 ns, Total: 321588 ns
[2020-12-14T02:32:36.737+0000][6][safepoint    ] Safepoint "Cleanup", Time since last: 1000135995 ns, Reaching safepoint: 308774 ns, At safepoint: 16770 ns, Total: 325544 ns
[2020-12-14T02:32:37.738+0000][6][safepoint    ] Safepoint "Cleanup", Time since last: 1000170921 ns, Reaching safepoint: 206382 ns, At safepoint: 17933 ns, Total: 224315 ns
[2020-12-14T02:32:38.738+0000][6][safepoint    ] Safepoint "Cleanup", Time since last: 1000173133 ns, Reaching safepoint: 227478 ns, At safepoint: 19121 ns, Total: 246599 ns
[2020-12-14T02:32:39.739+0000][6][safepoint    ] Safepoint "Cleanup", Time since last: 1000270798 ns, Reaching safepoint: 214740 ns, At safepoint: 17480 ns, Total: 232220 ns
[2020-12-14T02:32:40.811+0000][6][safepoint    ] Safepoint "Cleanup", Time since last: 1071924775 ns, Reaching safepoint: 248499 ns, At safepoint: 20430 ns, Total: 268929 ns
[2020-12-14T02:32:41.811+0000][6][safepoint    ] Safepoint "Cleanup", Time since last: 1000192049 ns, Reaching safepoint: 291011 ns, At safepoint: 16394 ns, Total: 307405 ns
[2020-12-14T02:32:42.812+0000][6][safepoint    ] Safepoint "Cleanup", Time since last: 1000169178 ns, Reaching safepoint: 251236 ns, At safepoint: 19002 ns, Total: 270238 ns
[2020-12-14T02:32:43.812+0000][6][safepoint    ] Safepoint "Cleanup", Time since last: 1000169035 ns, Reaching safepoint: 215771 ns, At safepoint: 18090 ns, Total: 233861 ns
[2020-12-14T02:32:44.813+0000][6][safepoint    ] Safepoint "Cleanup", Time since last: 1000204684 ns, Reaching safepoint: 234235 ns, At safepoint: 19144 ns, Total: 253379 ns
[2020-12-14T02:32:45.813+0000][6][safepoint    ] Safepoint "Cleanup", Time since last: 1000177635 ns, Reaching safepoint: 222431 ns, At safepoint: 17447 ns, Total: 239878 ns
[2020-12-14T02:32:46.813+0000][6][safepoint    ] Safepoint "Cleanup", Time since last: 1000174343 ns, Reaching safepoint: 222882 ns, At safepoint: 17450 ns, Total: 240332 ns
[2020-12-14T02:32:47.814+0000][6][safepoint    ] Safepoint "Cleanup", Time since last: 1000175894 ns, Reaching safepoint: 183372 ns, At safepoint: 18831 ns, Total: 202203 ns
[2020-12-14T02:32:48.814+0000][6][safepoint    ] Safepoint "Cleanup", Time since last: 1000143369 ns, Reaching safepoint: 239298 ns, At safepoint: 19848 ns, Total: 259146 ns
[2020-12-14T02:32:49.815+0000][6][safepoint    ] Safepoint "Cleanup", Time since last: 1000177928 ns, Reaching safepoint: 233328 ns, At safepoint: 18704 ns, Total: 252032 ns
[2020-12-14T02:32:50.815+0000][6][safepoint    ] Safepoint "Cleanup", Time since last: 1000175022 ns, Reaching safepoint: 243026 ns, At safepoint: 15683 ns, Total: 258709 ns
[2020-12-14T02:32:51.815+0000][6][safepoint    ] Safepoint "Cleanup", Time since last: 1000173834 ns, Reaching safepoint: 231283 ns, At safepoint: 18317 ns, Total: 249600 ns
[2020-12-14T02:32:52.816+0000][6][safepoint    ] Safepoint "Cleanup", Time since last: 1000143082 ns, Reaching safepoint: 190632 ns, At safepoint: 17641 ns, Total: 208273 ns
[2020-12-14T02:32:53.816+0000][6][safepoint    ] Safepoint "Cleanup", Time since last: 1000161403 ns, Reaching safepoint: 238424 ns, At safepoint: 18224 ns, Total: 256648 ns
[2020-12-14T02:32:54.817+0000][6][safepoint    ] Safepoint "Cleanup", Time since last: 1000144512 ns, Reaching safepoint: 225841 ns, At safepoint: 18044 ns, Total: 243885 ns
[2020-12-14T02:32:55.817+0000][6][safepoint    ] Safepoint "Cleanup", Time since last: 1000159994 ns, Reaching safepoint: 229729 ns, At safepoint: 21309 ns, Total: 251038 ns
[2020-12-14T02:32:56.817+0000][6][safepoint    ] Safepoint "Cleanup", Time since last: 1000202813 ns, Reaching safepoint: 221100 ns, At safepoint: 17687 ns, Total: 238787 ns
[2020-12-14T02:32:57.818+0000][6][safepoint    ] Safepoint "Cleanup", Time since last: 1000140757 ns, Reaching safepoint: 213716 ns, At safepoint: 19505 ns, Total: 233221 ns
[2020-12-14T02:32:58.818+0000][6][safepoint    ] Safepoint "Cleanup", Time since last: 1000176264 ns, Reaching safepoint: 240531 ns, At safepoint: 16735 ns, Total: 257266 ns
[2020-12-14T02:32:59.819+0000][6][safepoint    ] Safepoint "Cleanup", Time since last: 1000176936 ns, Reaching safepoint: 233796 ns, At safepoint: 19282 ns, Total: 253078 ns
[2020-12-14T02:33:00.819+0000][6][safepoint    ] Safepoint "Cleanup", Time since last: 1000174519 ns, Reaching safepoint: 215330 ns, At safepoint: 33093 ns, Total: 248423 ns
[2020-12-14T02:33:01.819+0000][6][safepoint    ] Safepoint "Cleanup", Time since last: 1000171024 ns, Reaching safepoint: 179671 ns, At safepoint: 12896 ns, Total: 192567 ns
[2020-12-14T02:33:02.820+0000][6][safepoint    ] Safepoint "Cleanup", Time since last: 1000129140 ns, Reaching safepoint: 211244 ns, At safepoint: 17293 ns, Total: 228537 ns
[2020-12-14T02:33:03.820+0000][6][safepoint    ] Safepoint "Cleanup", Time since last: 1000186166 ns, Reaching safepoint: 254031 ns, At safepoint: 22650 ns, Total: 276681 ns
[2020-12-14T02:33:04.821+0000][6][safepoint    ] Safepoint "Cleanup", Time since last: 1000183286 ns, Reaching safepoint: 227875 ns, At safepoint: 17173 ns, Total: 245048 ns
[2020-12-14T02:33:05.821+0000][6][safepoint    ] Safepoint "Cleanup", Time since last: 1000197326 ns, Reaching safepoint: 259399 ns, At safepoint: 18020 ns, Total: 277419 ns
[2020-12-14T02:33:06.822+0000][6][safepoint    ] Safepoint "Cleanup", Time since last: 1000136176 ns, Reaching safepoint: 219009 ns, At safepoint: 17829 ns, Total: 236838 ns
[2020-12-14T02:33:07.822+0000][6][safepoint    ] Safepoint "Cleanup", Time since last: 1000137198 ns, Reaching safepoint: 233966 ns, At safepoint: 15978 ns, Total: 249944 ns
[2020-12-14T02:33:08.822+0000][6][safepoint    ] Safepoint "Cleanup", Time since last: 1000167861 ns, Reaching safepoint: 197830 ns, At safepoint: 18651 ns, Total: 216481 ns
[2020-12-14T02:33:09.823+0000][6][safepoint    ] Safepoint "Cleanup", Time since last: 1000187669 ns, Reaching safepoint: 205192 ns, At safepoint: 18377 ns, Total: 223569 ns
[2020-12-14T02:33:10.823+0000][6][safepoint    ] Safepoint "Cleanup", Time since last: 1000177213 ns, Reaching safepoint: 236479 ns, At safepoint: 17460 ns, Total: 253939 ns
[2020-12-14T02:33:11.824+0000][6][safepoint    ] Safepoint "Cleanup", Time since last: 1000175104 ns, Reaching safepoint: 228812 ns, At safepoint: 19197 ns, Total: 248009 ns
[2020-12-14T02:33:12.824+0000][6][safepoint    ] Safepoint "Cleanup", Time since last: 1000143533 ns, Reaching safepoint: 219323 ns, At safepoint: 18177 ns, Total: 237500 ns
[2020-12-14T02:33:13.824+0000][6][safepoint    ] Safepoint "Cleanup", Time since last: 1000129468 ns, Reaching safepoint: 230075 ns, At safepoint: 18102 ns, Total: 248177 ns
[2020-12-14T02:33:14.825+0000][6][safepoint    ] Safepoint "Cleanup", Time since last: 1000144100 ns, Reaching safepoint: 214006 ns, At safepoint: 18096 ns, Total: 232102 ns
[2020-12-14T02:33:15.825+0000][6][safepoint    ] Safepoint "Cleanup", Time since last: 1000141285 ns, Reaching safepoint: 222011 ns, At safepoint: 18087 ns, Total: 240098 ns
[2020-12-14T02:33:16.825+0000][6][safepoint    ] Safepoint "Cleanup", Time since last: 1000139090 ns, Reaching safepoint: 222222 ns, At safepoint: 23947 ns, Total: 246169 ns
[2020-12-14T02:33:17.826+0000][6][safepoint    ] Safepoint "Cleanup", Time since last: 1000177992 ns, Reaching safepoint: 221658 ns, At safepoint: 18794 ns, Total: 240452 ns
[2020-12-14T02:33:18.826+0000][6][safepoint    ] Safepoint "Cleanup", Time since last: 1000204974 ns, Reaching safepoint: 205133 ns, At safepoint: 20237 ns, Total: 225370 ns
[2020-12-14T02:33:19.827+0000][6][safepoint    ] Safepoint "Cleanup", Time since last: 1000143279 ns, Reaching safepoint: 217225 ns, At safepoint: 19781 ns, Total: 237006 ns
[2020-12-14T02:33:20.827+0000][6][safepoint    ] Safepoint "Cleanup", Time since last: 1000175977 ns, Reaching safepoint: 285302 ns, At safepoint: 17937 ns, Total: 303239 ns
[2020-12-14T02:33:21.828+0000][6][safepoint    ] Safepoint "Cleanup", Time since last: 1000150647 ns, Reaching safepoint: 214773 ns, At safepoint: 17715 ns, Total: 232488 ns
[2020-12-14T02:33:22.828+0000][6][safepoint    ] Safepoint "Cleanup", Time since last: 1000176749 ns, Reaching safepoint: 222299 ns, At safepoint: 20205 ns, Total: 242504 ns
[2020-12-14T02:33:23.828+0000][6][safepoint    ] Safepoint "Cleanup", Time since last: 1000101042 ns, Reaching safepoint: 208071 ns, At safepoint: 19374 ns, Total: 227445 ns
[2020-12-14T02:33:24.829+0000][6][safepoint    ] Safepoint "Cleanup", Time since last: 1000140943 ns, Reaching safepoint: 221662 ns, At safepoint: 20234 ns, Total: 241896 ns
[2020-12-14T02:33:26.129+0000][6][safepoint    ] Safepoint "Cleanup", Time since last: 1300171389 ns, Reaching safepoint: 285736 ns, At safepoint: 18254 ns, Total: 303990 ns
[2020-12-14T02:33:27.130+0000][6][safepoint    ] Safepoint "Cleanup", Time since last: 1000153748 ns, Reaching safepoint: 216888 ns, At safepoint: 17465 ns, Total: 234353 ns
[2020-12-14T02:33:28.130+0000][6][safepoint    ] Safepoint "Cleanup", Time since last: 1000158495 ns, Reaching safepoint: 224373 ns, At safepoint: 17456 ns, Total: 241829 ns
[2020-12-14T02:33:29.130+0000][6][safepoint    ] Safepoint "Cleanup", Time since last: 1000126310 ns, Reaching safepoint: 203173 ns, At safepoint: 18574 ns, Total: 221747 ns
[2020-12-14T02:33:29.766+0000][6][safepoint    ] Safepoint "BulkRevokeBias", Time since last: 634725053 ns, Reaching safepoint: 200795 ns, At safepoint: 1019300 ns, Total: 1220095 ns
[2020-12-14T02:33:30.767+0000][6][safepoint    ] Safepoint "Cleanup", Time since last: 1000173190 ns, Reaching safepoint: 239178 ns, At safepoint: 20018 ns, Total: 259196 ns
[2020-12-14T02:33:31.767+0000][6][safepoint    ] Safepoint "Cleanup", Time since last: 1000176344 ns, Reaching safepoint: 252409 ns, At safepoint: 17150 ns, Total: 269559 ns
[2020-12-14T02:33:32.768+0000][6][safepoint    ] Safepoint "Cleanup", Time since last: 1000172936 ns, Reaching safepoint: 207786 ns, At safepoint: 20742 ns, Total: 228528 ns
[2020-12-14T02:33:33.768+0000][6][safepoint    ] Safepoint "Cleanup", Time since last: 1000164754 ns, Reaching safepoint: 250954 ns, At safepoint: 17007 ns, Total: 267961 ns
[2020-12-14T02:33:34.768+0000][6][safepoint    ] Safepoint "Cleanup", Time since last: 1000160352 ns, Reaching safepoint: 223025 ns, At safepoint: 19221 ns, Total: 242246 ns
[2020-12-14T02:33:35.769+0000][6][safepoint    ] Safepoint "Cleanup", Time since last: 1000161622 ns, Reaching safepoint: 243484 ns, At safepoint: 29847 ns, Total: 273331 ns
[2020-12-14T02:33:36.769+0000][6][safepoint    ] Safepoint "Cleanup", Time since last: 1000140567 ns, Reaching safepoint: 264229 ns, At safepoint: 17086 ns, Total: 281315 ns
[2020-12-14T02:33:37.770+0000][6][safepoint    ] Safepoint "Cleanup", Time since last: 1000142368 ns, Reaching safepoint: 222402 ns, At safepoint: 18069 ns, Total: 240471 ns
[2020-12-14T02:33:38.770+0000][6][safepoint    ] Safepoint "Cleanup", Time since last: 1000139938 ns, Reaching safepoint: 238404 ns, At safepoint: 16506 ns, Total: 254910 ns
[2020-12-14T02:33:39.770+0000][6][safepoint    ] Safepoint "Cleanup", Time since last: 1000164454 ns, Reaching safepoint: 235665 ns, At safepoint: 18124 ns, Total: 253789 ns
[2020-12-14T02:33:40.771+0000][6][safepoint    ] Safepoint "Cleanup", Time since last: 1000165428 ns, Reaching safepoint: 221411 ns, At safepoint: 18484 ns, Total: 239895 ns
[2020-12-14T02:33:40.820+0000][6][safepoint    ] Safepoint "BulkRevokeBias", Time since last: 47582418 ns, Reaching safepoint: 241940 ns, At safepoint: 1155415 ns, Total: 1397355 ns
[2020-12-14T02:33:41.820+0000][6][safepoint    ] Safepoint "Cleanup", Time since last: 1000178875 ns, Reaching safepoint: 269255 ns, At safepoint: 18597 ns, Total: 287852 ns
[2020-12-14T02:33:42.821+0000][6][safepoint    ] Safepoint "Cleanup", Time since last: 1000185736 ns, Reaching safepoint: 354481 ns, At safepoint: 22103 ns, Total: 376584 ns
[2020-12-14T02:33:43.821+0000][6][safepoint    ] Safepoint "Cleanup", Time since last: 1000149979 ns, Reaching safepoint: 221865 ns, At safepoint: 15821 ns, Total: 237686 ns
[2020-12-14T02:33:44.822+0000][6][safepoint    ] Safepoint "Cleanup", Time since last: 1000158028 ns, Reaching safepoint: 249056 ns, At safepoint: 23337 ns, Total: 272393 ns
[2020-12-14T02:33:45.822+0000][6][safepoint    ] Safepoint "Cleanup", Time since last: 1000201316 ns, Reaching safepoint: 216104 ns, At safepoint: 18804 ns, Total: 234908 ns
[2020-12-14T02:33:46.823+0000][6][safepoint    ] Safepoint "Cleanup", Time since last: 1000188952 ns, Reaching safepoint: 253499 ns, At safepoint: 20005 ns, Total: 273504 ns
[2020-12-14T02:33:47.823+0000][6][safepoint    ] Safepoint "Cleanup", Time since last: 1000185419 ns, Reaching safepoint: 224149 ns, At safepoint: 17420 ns, Total: 241569 ns
[2020-12-14T02:33:48.823+0000][6][safepoint    ] Safepoint "Cleanup", Time since last: 1000176461 ns, Reaching safepoint: 248943 ns, At safepoint: 18534 ns, Total: 267477 ns
[2020-12-14T02:33:49.824+0000][6][safepoint    ] Safepoint "Cleanup", Time since last: 1000191470 ns, Reaching safepoint: 233518 ns, At safepoint: 19071 ns, Total: 252589 ns
[2020-12-14T02:33:50.824+0000][6][safepoint    ] Safepoint "Cleanup", Time since last: 1000157752 ns, Reaching safepoint: 350045 ns, At safepoint: 18638 ns, Total: 368683 ns
[2020-12-14T02:33:51.825+0000][6][safepoint    ] Safepoint "Cleanup", Time since last: 1000152566 ns, Reaching safepoint: 212290 ns, At safepoint: 16188 ns, Total: 228478 ns
[2020-12-14T02:33:52.825+0000][6][safepoint    ] Safepoint "Cleanup", Time since last: 1000181186 ns, Reaching safepoint: 229249 ns, At safepoint: 22835 ns, Total: 252084 ns
[2020-12-14T02:33:53.826+0000][6][safepoint    ] Safepoint "Cleanup", Time since last: 1000164225 ns, Reaching safepoint: 238104 ns, At safepoint: 23040 ns, Total: 261144 ns
[2020-12-14T02:33:54.826+0000][6][safepoint    ] Safepoint "Cleanup", Time since last: 1000195201 ns, Reaching safepoint: 225587 ns, At safepoint: 53267 ns, Total: 278854 ns
[2020-12-14T02:33:55.827+0000][6][safepoint    ] Safepoint "Cleanup", Time since last: 1000189045 ns, Reaching safepoint: 234438 ns, At safepoint: 17901 ns, Total: 252339 ns
[2020-12-14T02:33:56.827+0000][6][safepoint    ] Safepoint "Cleanup", Time since last: 1000179609 ns, Reaching safepoint: 208537 ns, At safepoint: 16199 ns, Total: 224736 ns
[2020-12-14T02:33:57.827+0000][6][safepoint    ] Safepoint "Cleanup", Time since last: 1000195719 ns, Reaching safepoint: 213723 ns, At safepoint: 17627 ns, Total: 231350 ns
[2020-12-14T02:33:58.828+0000][6][safepoint    ] Safepoint "Cleanup", Time since last: 1000197853 ns, Reaching safepoint: 241131 ns, At safepoint: 44774 ns, Total: 285905 ns
[2020-12-14T02:33:59.828+0000][6][safepoint    ] Safepoint "Cleanup", Time since last: 1000137163 ns, Reaching safepoint: 243857 ns, At safepoint: 15704 ns, Total: 259561 ns
[2020-12-14T02:34:00.829+0000][6][safepoint    ] Safepoint "Cleanup", Time since last: 1000176671 ns, Reaching safepoint: 221918 ns, At safepoint: 17927 ns, Total: 239845 ns
[2020-12-14T02:34:01.829+0000][6][safepoint    ] Safepoint "Cleanup", Time since last: 1000214720 ns, Reaching safepoint: 331113 ns, At safepoint: 19168 ns, Total: 350281 ns
[2020-12-14T02:34:02.830+0000][6][safepoint    ] Safepoint "Cleanup", Time since last: 1000163197 ns, Reaching safepoint: 189419 ns, At safepoint: 18301 ns, Total: 207720 ns
[2020-12-14T02:34:03.830+0000][6][safepoint    ] Safepoint "Cleanup", Time since last: 1000178917 ns, Reaching safepoint: 198123 ns, At safepoint: 15743 ns, Total: 213866 ns
[2020-12-14T02:34:04.830+0000][6][safepoint    ] Safepoint "Cleanup", Time since last: 1000199543 ns, Reaching safepoint: 270765 ns, At safepoint: 17761 ns, Total: 288526 ns
[2020-12-14T02:34:05.831+0000][6][safepoint    ] Safepoint "Cleanup", Time since last: 1000165585 ns, Reaching safepoint: 242631 ns, At safepoint: 16271 ns, Total: 258902 ns
[2020-12-14T02:34:06.831+0000][6][safepoint    ] Safepoint "Cleanup", Time since last: 1000170054 ns, Reaching safepoint: 248480 ns, At safepoint: 17764 ns, Total: 266244 ns
[2020-12-14T02:34:07.832+0000][6][safepoint    ] Safepoint "Cleanup", Time since last: 1000140321 ns, Reaching safepoint: 323389 ns, At safepoint: 20750 ns, Total: 344139 ns
[2020-12-14T02:34:08.832+0000][6][safepoint    ] Safepoint "Cleanup", Time since last: 1000170008 ns, Reaching safepoint: 252762 ns, At safepoint: 18508 ns, Total: 271270 ns
[2020-12-14T02:34:09.833+0000][6][safepoint    ] Safepoint "Cleanup", Time since last: 1000171248 ns, Reaching safepoint: 216881 ns, At safepoint: 18228 ns, Total: 235109 ns
[2020-12-14T02:34:11.334+0000][6][safepoint    ] Safepoint "Cleanup", Time since last: 1500814022 ns, Reaching safepoint: 224699 ns, At safepoint: 24898 ns, Total: 249597 ns
[2020-12-14T02:34:12.334+0000][6][safepoint    ] Safepoint "Cleanup", Time since last: 1000159635 ns, Reaching safepoint: 285991 ns, At safepoint: 18024 ns, Total: 304015 ns
[2020-12-14T02:34:13.335+0000][6][safepoint    ] Safepoint "Cleanup", Time since last: 1000198357 ns, Reaching safepoint: 210664 ns, At safepoint: 18671 ns, Total: 229335 ns
[2020-12-14T02:34:14.335+0000][6][safepoint    ] Safepoint "Cleanup", Time since last: 1000176374 ns, Reaching safepoint: 208710 ns, At safepoint: 17057 ns, Total: 225767 ns
[2020-12-14T02:34:15.335+0000][6][safepoint    ] Safepoint "Cleanup", Time since last: 1000195235 ns, Reaching safepoint: 210631 ns, At safepoint: 18774 ns, Total: 229405 ns
[2020-12-14T02:34:16.336+0000][6][safepoint    ] Safepoint "Cleanup", Time since last: 1000138569 ns, Reaching safepoint: 215660 ns, At safepoint: 17619 ns, Total: 233279 ns
[2020-12-14T02:34:17.336+0000][6][safepoint    ] Safepoint "Cleanup", Time since last: 1000142631 ns, Reaching safepoint: 231496 ns, At safepoint: 17414 ns, Total: 248910 ns
[2020-12-14T02:34:18.337+0000][6][safepoint    ] Safepoint "Cleanup", Time since last: 1000212241 ns, Reaching safepoint: 211789 ns, At safepoint: 18334 ns, Total: 230123 ns
[2020-12-14T02:34:19.337+0000][6][safepoint    ] Safepoint "Cleanup", Time since last: 1000190282 ns, Reaching safepoint: 255017 ns, At safepoint: 19284 ns, Total: 274301 ns
[2020-12-14T02:34:20.338+0000][6][safepoint    ] Safepoint "Cleanup", Time since last: 1000151702 ns, Reaching safepoint: 224526 ns, At safepoint: 15958 ns, Total: 240484 ns
[2020-12-14T02:34:21.338+0000][6][safepoint    ] Safepoint "Cleanup", Time since last: 1000187374 ns, Reaching safepoint: 244580 ns, At safepoint: 17430 ns, Total: 262010 ns
[2020-12-14T02:34:22.338+0000][6][safepoint    ] Safepoint "Cleanup", Time since last: 1000202486 ns, Reaching safepoint: 203197 ns, At safepoint: 17110 ns, Total: 220307 ns
[2020-12-14T02:34:23.339+0000][6][safepoint    ] Safepoint "Cleanup", Time since last: 1000191276 ns, Reaching safepoint: 209944 ns, At safepoint: 18564 ns, Total: 228508 ns
[2020-12-14T02:34:24.339+0000][6][safepoint    ] Safepoint "Cleanup", Time since last: 1000200065 ns, Reaching safepoint: 276224 ns, At safepoint: 18088 ns, Total: 294312 ns
[2020-12-14T02:34:26.204+0000][6][safepoint    ] Safepoint "Cleanup", Time since last: 1864811971 ns, Reaching safepoint: 237257 ns, At safepoint: 18710 ns, Total: 255967 ns
[2020-12-14T02:34:27.205+0000][6][safepoint    ] Safepoint "Cleanup", Time since last: 1000201749 ns, Reaching safepoint: 240492 ns, At safepoint: 19114 ns, Total: 259606 ns
[2020-12-14T02:34:28.205+0000][6][safepoint    ] Safepoint "Cleanup", Time since last: 1000165139 ns, Reaching safepoint: 238814 ns, At safepoint: 18069 ns, Total: 256883 ns
[2020-12-14T02:34:29.206+0000][6][safepoint    ] Safepoint "Cleanup", Time since last: 1000170172 ns, Reaching safepoint: 252099 ns, At safepoint: 22739 ns, Total: 274838 ns
[2020-12-14T02:34:30.801+0000][6][safepoint    ] Safepoint "Cleanup", Time since last: 1595095191 ns, Reaching safepoint: 218843 ns, At safepoint: 20955 ns, Total: 239798 ns
[2020-12-14T02:34:31.802+0000][6][safepoint    ] Safepoint "Cleanup", Time since last: 1000257501 ns, Reaching safepoint: 233001 ns, At safepoint: 17683 ns, Total: 250684 ns
[2020-12-14T02:34:32.802+0000][6][safepoint    ] Safepoint "Cleanup", Time since last: 1000184016 ns, Reaching safepoint: 201369 ns, At safepoint: 22466 ns, Total: 223835 ns
[2020-12-14T02:34:33.802+0000][6][safepoint    ] Safepoint "Cleanup", Time since last: 1000174223 ns, Reaching safepoint: 223089 ns, At safepoint: 24320 ns, Total: 247409 ns
[2020-12-14T02:34:34.803+0000][6][safepoint    ] Safepoint "Cleanup", Time since last: 1000180674 ns, Reaching safepoint: 216074 ns, At safepoint: 17503 ns, Total: 233577 ns
[2020-12-14T02:34:35.803+0000][6][safepoint    ] Safepoint "Cleanup", Time since last: 1000155103 ns, Reaching safepoint: 245574 ns, At safepoint: 16683 ns, Total: 262257 ns
[2020-12-14T02:34:36.804+0000][6][safepoint    ] Safepoint "Cleanup", Time since last: 1000167439 ns, Reaching safepoint: 236867 ns, At safepoint: 20215 ns, Total: 257082 ns
[2020-12-14T02:34:37.804+0000][6][safepoint    ] Safepoint "Cleanup", Time since last: 1000185099 ns, Reaching safepoint: 198674 ns, At safepoint: 18728 ns, Total: 217402 ns
[2020-12-14T02:34:38.805+0000][6][safepoint    ] Safepoint "Cleanup", Time since last: 1000221914 ns, Reaching safepoint: 248783 ns, At safepoint: 18774 ns, Total: 267557 ns
[2020-12-14T02:34:39.805+0000][6][safepoint    ] Safepoint "Cleanup", Time since last: 1000181755 ns, Reaching safepoint: 189087 ns, At safepoint: 17425 ns, Total: 206512 ns
[2020-12-14T02:34:40.805+0000][6][safepoint    ] Safepoint "Cleanup", Time since last: 1000184241 ns, Reaching safepoint: 222722 ns, At safepoint: 17146 ns, Total: 239868 ns
[2020-12-14T02:34:41.806+0000][6][safepoint    ] Safepoint "Cleanup", Time since last: 1000184563 ns, Reaching safepoint: 231210 ns, At safepoint: 15581 ns, Total: 246791 ns
[2020-12-14T02:34:42.809+0000][6][safepoint    ] Safepoint "Cleanup", Time since last: 1002552541 ns, Reaching safepoint: 192424 ns, At safepoint: 16231 ns, Total: 208655 ns
[2020-12-14T02:34:43.809+0000][6][safepoint    ] Safepoint "Cleanup", Time since last: 1000179422 ns, Reaching safepoint: 221364 ns, At safepoint: 16856 ns, Total: 238220 ns
[2020-12-14T02:34:44.809+0000][6][safepoint    ] Safepoint "Cleanup", Time since last: 1000187508 ns, Reaching safepoint: 186623 ns, At safepoint: 19081 ns, Total: 205704 ns
[2020-12-14T02:34:45.810+0000][6][safepoint    ] Safepoint "Cleanup", Time since last: 1000184583 ns, Reaching safepoint: 234205 ns, At safepoint: 17300 ns, Total: 251505 ns
[2020-12-14T02:34:46.810+0000][6][safepoint    ] Safepoint "Cleanup", Time since last: 1000176753 ns, Reaching safepoint: 279399 ns, At safepoint: 24033 ns, Total: 303432 ns
[2020-12-14T02:34:47.811+0000][6][safepoint    ] Safepoint "Cleanup", Time since last: 1000146698 ns, Reaching safepoint: 271437 ns, At safepoint: 17638 ns, Total: 289075 ns
[2020-12-14T02:34:48.811+0000][6][safepoint    ] Safepoint "Cleanup", Time since last: 1000173053 ns, Reaching safepoint: 342911 ns, At safepoint: 20608 ns, Total: 363519 ns
[2020-12-14T02:34:49.812+0000][6][safepoint    ] Safepoint "Cleanup", Time since last: 1000155826 ns, Reaching safepoint: 219824 ns, At safepoint: 17970 ns, Total: 237794 ns
[2020-12-14T02:34:50.812+0000][6][safepoint    ] Safepoint "Cleanup", Time since last: 1000179576 ns, Reaching safepoint: 266352 ns, At safepoint: 15720 ns, Total: 282072 ns
[2020-12-14T02:34:51.812+0000][6][safepoint    ] Safepoint "Cleanup", Time since last: 1000140187 ns, Reaching safepoint: 231060 ns, At safepoint: 16676 ns, Total: 247736 ns
[2020-12-14T02:34:52.813+0000][6][safepoint    ] Safepoint "Cleanup", Time since last: 1000192384 ns, Reaching safepoint: 180824 ns, At safepoint: 18367 ns, Total: 199191 ns
[2020-12-14T02:34:53.813+0000][6][safepoint    ] Safepoint "Cleanup", Time since last: 1000202655 ns, Reaching safepoint: 215216 ns, At safepoint: 17262 ns, Total: 232478 ns
[2020-12-14T02:34:54.814+0000][6][safepoint    ] Safepoint "Cleanup", Time since last: 1000174860 ns, Reaching safepoint: 226898 ns, At safepoint: 17610 ns, Total: 244508 ns
[2020-12-14T02:34:55.814+0000][6][safepoint    ] Safepoint "Cleanup", Time since last: 1000188968 ns, Reaching safepoint: 244286 ns, At safepoint: 17712 ns, Total: 261998 ns
[2020-12-14T02:34:56.815+0000][6][safepoint    ] Safepoint "Cleanup", Time since last: 1000148298 ns, Reaching safepoint: 221613 ns, At safepoint: 18044 ns, Total: 239657 ns
[2020-12-14T02:34:57.815+0000][6][safepoint    ] Safepoint "Cleanup", Time since last: 1000143509 ns, Reaching safepoint: 187158 ns, At safepoint: 18661 ns, Total: 205819 ns
[2020-12-14T02:34:58.815+0000][6][safepoint    ] Safepoint "Cleanup", Time since last: 1000192027 ns, Reaching safepoint: 229808 ns, At safepoint: 18875 ns, Total: 248683 ns
[2020-12-14T02:34:59.816+0000][6][safepoint    ] Safepoint "Cleanup", Time since last: 1000189576 ns, Reaching safepoint: 205654 ns, At safepoint: 17992 ns, Total: 223646 ns
[2020-12-14T02:35:00.816+0000][6][safepoint    ] Safepoint "Cleanup", Time since last: 1000174335 ns, Reaching safepoint: 246185 ns, At safepoint: 17910 ns, Total: 264095 ns
[2020-12-14T02:35:01.817+0000][6][safepoint    ] Safepoint "Cleanup", Time since last: 1000184472 ns, Reaching safepoint: 234185 ns, At safepoint: 18427 ns, Total: 252612 ns
[2020-12-14T02:35:02.817+0000][6][safepoint    ] Safepoint "Cleanup", Time since last: 1000141952 ns, Reaching safepoint: 252185 ns, At safepoint: 29833 ns, Total: 282018 ns
[2020-12-14T02:35:03.817+0000][6][safepoint    ] Safepoint "Cleanup", Time since last: 1000144867 ns, Reaching safepoint: 206428 ns, At safepoint: 18568 ns, Total: 224996 ns
[2020-12-14T02:35:04.818+0000][6][safepoint    ] Safepoint "Cleanup", Time since last: 1000179349 ns, Reaching safepoint: 237964 ns, At safepoint: 18864 ns, Total: 256828 ns
[2020-12-14T02:35:05.818+0000][6][safepoint    ] Safepoint "Cleanup", Time since last: 1000196173 ns, Reaching safepoint: 222111 ns, At safepoint: 17940 ns, Total: 240051 ns
[2020-12-14T02:35:06.819+0000][6][safepoint    ] Safepoint "Cleanup", Time since last: 1000171301 ns, Reaching safepoint: 251235 ns, At safepoint: 19031 ns, Total: 270266 ns
[2020-12-14T02:35:07.819+0000][6][safepoint    ] Safepoint "Cleanup", Time since last: 1000177288 ns, Reaching safepoint: 311773 ns, At safepoint: 17817 ns, Total: 329590 ns
[2020-12-14T02:35:08.820+0000][6][safepoint    ] Safepoint "Cleanup", Time since last: 1000173479 ns, Reaching safepoint: 233217 ns, At safepoint: 18739 ns, Total: 251956 ns
[2020-12-14T02:35:09.820+0000][6][safepoint    ] Safepoint "Cleanup", Time since last: 1000159107 ns, Reaching safepoint: 226533 ns, At safepoint: 21363 ns, Total: 247896 ns
[2020-12-14T02:35:10.821+0000][6][safepoint    ] Safepoint "Cleanup", Time since last: 1000211583 ns, Reaching safepoint: 204899 ns, At safepoint: 16073 ns, Total: 220972 ns
[2020-12-14T02:35:11.821+0000][6][safepoint    ] Safepoint "Cleanup", Time since last: 1000157620 ns, Reaching safepoint: 227513 ns, At safepoint: 17730 ns, Total: 245243 ns
[2020-12-14T02:35:13.753+0000][6][safepoint    ] Safepoint "Cleanup", Time since last: 1932004279 ns, Reaching safepoint: 257431 ns, At safepoint: 18708 ns, Total: 276139 ns
[2020-12-14T02:35:14.754+0000][6][safepoint    ] Safepoint "Cleanup", Time since last: 1000176060 ns, Reaching safepoint: 223699 ns, At safepoint: 20102 ns, Total: 243801 ns
[2020-12-14T02:35:15.754+0000][6][safepoint    ] Safepoint "Cleanup", Time since last: 1000177728 ns, Reaching safepoint: 227809 ns, At safepoint: 16689 ns, Total: 244498 ns
[2020-12-14T02:35:16.755+0000][6][safepoint    ] Safepoint "Cleanup", Time since last: 1000202019 ns, Reaching safepoint: 228541 ns, At safepoint: 17400 ns, Total: 245941 ns
[2020-12-14T02:35:17.755+0000][6][safepoint    ] Safepoint "Cleanup", Time since last: 1000176031 ns, Reaching safepoint: 244401 ns, At safepoint: 24257 ns, Total: 268658 ns
[2020-12-14T02:35:18.755+0000][6][safepoint    ] Safepoint "Cleanup", Time since last: 1000190853 ns, Reaching safepoint: 205191 ns, At safepoint: 19341 ns, Total: 224532 ns
[2020-12-14T02:35:19.756+0000][6][safepoint    ] Safepoint "Cleanup", Time since last: 1000149662 ns, Reaching safepoint: 225937 ns, At safepoint: 17520 ns, Total: 243457 ns
[2020-12-14T02:35:20.756+0000][6][safepoint    ] Safepoint "Cleanup", Time since last: 1000175534 ns, Reaching safepoint: 258072 ns, At safepoint: 18354 ns, Total: 276426 ns
[2020-12-14T02:35:21.757+0000][6][safepoint    ] Safepoint "Cleanup", Time since last: 1000182728 ns, Reaching safepoint: 239491 ns, At safepoint: 16866 ns, Total: 256357 ns
[2020-12-14T02:35:22.757+0000][6][safepoint    ] Safepoint "Cleanup", Time since last: 1000177052 ns, Reaching safepoint: 228124 ns, At safepoint: 31785 ns, Total: 259909 ns
[2020-12-14T02:35:23.758+0000][6][safepoint    ] Safepoint "Cleanup", Time since last: 1000177979 ns, Reaching safepoint: 219146 ns, At safepoint: 19371 ns, Total: 238517 ns
[2020-12-14T02:35:24.758+0000][6][safepoint    ] Safepoint "Cleanup", Time since last: 1000177612 ns, Reaching safepoint: 225990 ns, At safepoint: 18144 ns, Total: 244134 ns
[2020-12-14T02:35:25.259+0000][6][safepoint    ] Safepoint "BulkRevokeBias", Time since last: 499919631 ns, Reaching safepoint: 171161 ns, At safepoint: 899542 ns, Total: 1070703 ns
[2020-12-14T02:35:26.275+0000][6][safepoint    ] Safepoint "Cleanup", Time since last: 1016169783 ns, Reaching safepoint: 212579 ns, At safepoint: 20000 ns, Total: 232579 ns
[2020-12-14T02:35:27.276+0000][6][safepoint    ] Safepoint "Cleanup", Time since last: 1000167798 ns, Reaching safepoint: 215487 ns, At safepoint: 17869 ns, Total: 233356 ns
[2020-12-14T02:35:28.276+0000][6][safepoint    ] Safepoint "Cleanup", Time since last: 1000157765 ns, Reaching safepoint: 294079 ns, At safepoint: 17857 ns, Total: 311936 ns
[2020-12-14T02:35:29.277+0000][6][safepoint    ] Safepoint "Cleanup", Time since last: 1000173653 ns, Reaching safepoint: 221184 ns, At safepoint: 16329 ns, Total: 237513 ns
[2020-12-14T02:35:29.832+0000][6][safepoint    ] Safepoint "BulkRevokeBias", Time since last: 554487574 ns, Reaching safepoint: 176455 ns, At safepoint: 1015621 ns, Total: 1192076 ns
[2020-12-14T02:35:30.835+0000][6][safepoint    ] Safepoint "Cleanup", Time since last: 1002313885 ns, Reaching safepoint: 229926 ns, At safepoint: 17902 ns, Total: 247828 ns
[2020-12-14T02:35:31.835+0000][6][safepoint    ] Safepoint "Cleanup", Time since last: 1000181753 ns, Reaching safepoint: 237253 ns, At safepoint: 18804 ns, Total: 256057 ns
[2020-12-14T02:35:32.836+0000][6][safepoint    ] Safepoint "Cleanup", Time since last: 1000176635 ns, Reaching safepoint: 234794 ns, At safepoint: 16849 ns, Total: 251643 ns
[2020-12-14T02:35:33.836+0000][6][safepoint    ] Safepoint "Cleanup", Time since last: 1000146478 ns, Reaching safepoint: 227916 ns, At safepoint: 18589 ns, Total: 246505 ns
[2020-12-14T02:35:34.836+0000][6][safepoint    ] Safepoint "Cleanup", Time since last: 1000136201 ns, Reaching safepoint: 201055 ns, At safepoint: 15691 ns, Total: 216746 ns
[2020-12-14T02:35:35.837+0000][6][safepoint    ] Safepoint "Cleanup", Time since last: 1000159381 ns, Reaching safepoint: 246435 ns, At safepoint: 17107 ns, Total: 263542 ns
[2020-12-14T02:35:36.837+0000][6][safepoint    ] Safepoint "Cleanup", Time since last: 1000140499 ns, Reaching safepoint: 238614 ns, At safepoint: 16240 ns, Total: 254854 ns
[2020-12-14T02:35:37.838+0000][6][safepoint    ] Safepoint "Cleanup", Time since last: 1000140114 ns, Reaching safepoint: 245141 ns, At safepoint: 20075 ns, Total: 265216 ns
[2020-12-14T02:35:38.838+0000][6][safepoint    ] Safepoint "Cleanup", Time since last: 1000144597 ns, Reaching safepoint: 202076 ns, At safepoint: 18146 ns, Total: 220222 ns
[2020-12-14T02:35:39.838+0000][6][safepoint    ] Safepoint "Cleanup", Time since last: 1000159548 ns, Reaching safepoint: 213880 ns, At safepoint: 17790 ns, Total: 231670 ns
[2020-12-14T02:35:40.839+0000][6][safepoint    ] Safepoint "Cleanup", Time since last: 1000142209 ns, Reaching safepoint: 252930 ns, At safepoint: 15967 ns, Total: 268897 ns
[2020-12-14T02:35:41.839+0000][6][safepoint    ] Safepoint "Cleanup", Time since last: 1000143683 ns, Reaching safepoint: 240615 ns, At safepoint: 17533 ns, Total: 258148 ns
[2020-12-14T02:35:43.812+0000][6][safepoint    ] Safepoint "Cleanup", Time since last: 1972843201 ns, Reaching safepoint: 223670 ns, At safepoint: 18322 ns, Total: 241992 ns
[2020-12-14T02:35:44.813+0000][6][safepoint    ] Safepoint "Cleanup", Time since last: 1000173024 ns, Reaching safepoint: 238617 ns, At safepoint: 19291 ns, Total: 257908 ns
[2020-12-14T02:35:45.813+0000][6][safepoint    ] Safepoint "Cleanup", Time since last: 1000144390 ns, Reaching safepoint: 251863 ns, At safepoint: 16809 ns, Total: 268672 ns
[2020-12-14T02:35:46.814+0000][6][safepoint    ] Safepoint "Cleanup", Time since last: 1000139561 ns, Reaching safepoint: 229936 ns, At safepoint: 17628 ns, Total: 247564 ns
[2020-12-14T02:35:47.814+0000][6][safepoint    ] Safepoint "Cleanup", Time since last: 1000141590 ns, Reaching safepoint: 224301 ns, At safepoint: 16628 ns, Total: 240929 ns
[2020-12-14T02:35:48.814+0000][6][safepoint    ] Safepoint "Cleanup", Time since last: 1000144059 ns, Reaching safepoint: 239752 ns, At safepoint: 19374 ns, Total: 259126 ns
[2020-12-14T02:35:49.815+0000][6][safepoint    ] Safepoint "Cleanup", Time since last: 1000174500 ns, Reaching safepoint: 233187 ns, At safepoint: 19028 ns, Total: 252215 ns
[2020-12-14T02:35:50.815+0000][6][safepoint    ] Safepoint "Cleanup", Time since last: 1000178683 ns, Reaching safepoint: 248697 ns, At safepoint: 17305 ns, Total: 266002 ns
[2020-12-14T02:35:51.816+0000][6][safepoint    ] Safepoint "Cleanup", Time since last: 1000137191 ns, Reaching safepoint: 217670 ns, At safepoint: 17428 ns, Total: 235098 ns
[2020-12-14T02:35:52.816+0000][6][safepoint    ] Safepoint "Cleanup", Time since last: 1000151056 ns, Reaching safepoint: 197843 ns, At safepoint: 16458 ns, Total: 214301 ns
[2020-12-14T02:35:53.816+0000][6][safepoint    ] Safepoint "Cleanup", Time since last: 1000173801 ns, Reaching safepoint: 255961 ns, At safepoint: 18920 ns, Total: 274881 ns
[2020-12-14T02:35:54.817+0000][6][safepoint    ] Safepoint "Cleanup", Time since last: 1000167374 ns, Reaching safepoint: 220508 ns, At safepoint: 17740 ns, Total: 238248 ns
[2020-12-14T02:35:55.817+0000][6][safepoint    ] Safepoint "Cleanup", Time since last: 1000140607 ns, Reaching safepoint: 243358 ns, At safepoint: 16253 ns, Total: 259611 ns
[2020-12-14T02:35:56.818+0000][6][safepoint    ] Safepoint "Cleanup", Time since last: 1000139548 ns, Reaching safepoint: 215186 ns, At safepoint: 26728 ns, Total: 241914 ns
[2020-12-14T02:35:57.818+0000][6][safepoint    ] Safepoint "Cleanup", Time since last: 1000137606 ns, Reaching safepoint: 236002 ns, At safepoint: 20112 ns, Total: 256114 ns
[2020-12-14T02:35:58.818+0000][6][safepoint    ] Safepoint "Cleanup", Time since last: 1000179526 ns, Reaching safepoint: 185673 ns, At safepoint: 18761 ns, Total: 204434 ns
[2020-12-14T02:35:59.819+0000][6][safepoint    ] Safepoint "Cleanup", Time since last: 1000171375 ns, Reaching safepoint: 235946 ns, At safepoint: 18627 ns, Total: 254573 ns
[2020-12-14T02:36:00.819+0000][6][safepoint    ] Safepoint "Cleanup", Time since last: 1000179760 ns, Reaching safepoint: 207973 ns, At safepoint: 19084 ns, Total: 227057 ns
[2020-12-14T02:36:01.820+0000][6][safepoint    ] Safepoint "Cleanup", Time since last: 1000149415 ns, Reaching safepoint: 210392 ns, At safepoint: 20306 ns, Total: 230698 ns
[2020-12-14T02:36:02.820+0000][6][safepoint    ] Safepoint "Cleanup", Time since last: 1000175106 ns, Reaching safepoint: 228821 ns, At safepoint: 17460 ns, Total: 246281 ns
[2020-12-14T02:36:03.820+0000][6][safepoint    ] Safepoint "Cleanup", Time since last: 1000184838 ns, Reaching safepoint: 228446 ns, At safepoint: 21773 ns, Total: 250219 ns
[2020-12-14T02:36:04.821+0000][6][safepoint    ] Safepoint "Cleanup", Time since last: 1000175654 ns, Reaching safepoint: 205972 ns, At safepoint: 18227 ns, Total: 224199 ns
[2020-12-14T02:36:05.821+0000][6][safepoint    ] Safepoint "Cleanup", Time since last: 1000178519 ns, Reaching safepoint: 265633 ns, At safepoint: 19074 ns, Total: 284707 ns
[2020-12-14T02:36:06.822+0000][6][safepoint    ] Safepoint "Cleanup", Time since last: 1000180313 ns, Reaching safepoint: 253169 ns, At safepoint: 25091 ns, Total: 278260 ns
[2020-12-14T02:36:07.822+0000][6][safepoint    ] Safepoint "Cleanup", Time since last: 1000144216 ns, Reaching safepoint: 310525 ns, At safepoint: 31807 ns, Total: 342332 ns
[2020-12-14T02:36:08.823+0000][6][safepoint    ] Safepoint "Cleanup", Time since last: 1000171787 ns, Reaching safepoint: 233531 ns, At safepoint: 17690 ns, Total: 251221 ns
[2020-12-14T02:36:09.823+0000][6][safepoint    ] Safepoint "Cleanup", Time since last: 1000179073 ns, Reaching safepoint: 263781 ns, At safepoint: 20642 ns, Total: 284423 ns
[2020-12-14T02:36:10.824+0000][6][safepoint    ] Safepoint "Cleanup", Time since last: 1000165216 ns, Reaching safepoint: 214542 ns, At safepoint: 17182 ns, Total: 231724 ns
[2020-12-14T02:36:11.824+0000][6][safepoint    ] Safepoint "Cleanup", Time since last: 1000141923 ns, Reaching safepoint: 235222 ns, At safepoint: 18240 ns, Total: 253462 ns
[2020-12-14T02:36:12.824+0000][6][safepoint    ] Safepoint "Cleanup", Time since last: 1000186157 ns, Reaching safepoint: 214565 ns, At safepoint: 16212 ns, Total: 230777 ns
[2020-12-14T02:36:13.825+0000][6][safepoint    ] Safepoint "Cleanup", Time since last: 1000152237 ns, Reaching safepoint: 217965 ns, At safepoint: 15860 ns, Total: 233825 ns
[2020-12-14T02:36:14.825+0000][6][safepoint    ] Safepoint "Cleanup", Time since last: 1000140001 ns, Reaching safepoint: 279721 ns, At safepoint: 15086 ns, Total: 294807 ns
[2020-12-14T02:36:15.826+0000][6][safepoint    ] Safepoint "Cleanup", Time since last: 1000178796 ns, Reaching safepoint: 198584 ns, At safepoint: 19101 ns, Total: 217685 ns
[2020-12-14T02:36:16.826+0000][6][safepoint    ] Safepoint "Cleanup", Time since last: 1000156871 ns, Reaching safepoint: 216432 ns, At safepoint: 17422 ns, Total: 233854 ns
[2020-12-14T02:36:17.826+0000][6][safepoint    ] Safepoint "Cleanup", Time since last: 1000147111 ns, Reaching safepoint: 217036 ns, At safepoint: 19360 ns, Total: 236396 ns
[2020-12-14T02:36:18.827+0000][6][safepoint    ] Safepoint "Cleanup", Time since last: 1000147191 ns, Reaching safepoint: 224601 ns, At safepoint: 18619 ns, Total: 243220 ns
[2020-12-14T02:36:19.827+0000][6][safepoint    ] Safepoint "Cleanup", Time since last: 1000172488 ns, Reaching safepoint: 251858 ns, At safepoint: 17637 ns, Total: 269495 ns
[2020-12-14T02:36:20.828+0000][6][safepoint    ] Safepoint "Cleanup", Time since last: 1000149866 ns, Reaching safepoint: 199306 ns, At safepoint: 16277 ns, Total: 215583 ns
[2020-12-14T02:36:21.828+0000][6][safepoint    ] Safepoint "Cleanup", Time since last: 1000176179 ns, Reaching safepoint: 233641 ns, At safepoint: 17632 ns, Total: 251273 ns
[2020-12-14T02:36:22.828+0000][6][safepoint    ] Safepoint "Cleanup", Time since last: 1000172570 ns, Reaching safepoint: 198371 ns, At safepoint: 18878 ns, Total: 217249 ns
[2020-12-14T02:36:23.829+0000][6][safepoint    ] Safepoint "Cleanup", Time since last: 1000183168 ns, Reaching safepoint: 226134 ns, At safepoint: 18792 ns, Total: 244926 ns
[2020-12-14T02:36:24.829+0000][6][safepoint    ] Safepoint "Cleanup", Time since last: 1000177350 ns, Reaching safepoint: 300412 ns, At safepoint: 19799 ns, Total: 320211 ns
[2020-12-14T02:36:26.335+0000][6][safepoint    ] Safepoint "Cleanup", Time since last: 1505365813 ns, Reaching safepoint: 271190 ns, At safepoint: 23090 ns, Total: 294280 ns
[2020-12-14T02:36:27.335+0000][6][safepoint    ] Safepoint "Cleanup", Time since last: 1000163176 ns, Reaching safepoint: 227244 ns, At safepoint: 19014 ns, Total: 246258 ns
[2020-12-14T02:36:28.336+0000][6][safepoint    ] Safepoint "Cleanup", Time since last: 1000151444 ns, Reaching safepoint: 227962 ns, At safepoint: 21178 ns, Total: 249140 ns
[2020-12-14T02:36:29.336+0000][6][safepoint    ] Safepoint "Cleanup", Time since last: 1000171163 ns, Reaching safepoint: 253740 ns, At safepoint: 23703 ns, Total: 277443 ns
[2020-12-14T02:36:30.869+0000][6][safepoint    ] Safepoint "Cleanup", Time since last: 1532078493 ns, Reaching safepoint: 266569 ns, At safepoint: 16123 ns, Total: 282692 ns
[2020-12-14T02:36:31.869+0000][6][safepoint    ] Safepoint "Cleanup", Time since last: 1000153888 ns, Reaching safepoint: 204022 ns, At safepoint: 16071 ns, Total: 220093 ns
[2020-12-14T02:36:32.869+0000][6][safepoint    ] Safepoint "Cleanup", Time since last: 1000163084 ns, Reaching safepoint: 163556 ns, At safepoint: 14686 ns, Total: 178242 ns
[2020-12-14T02:36:33.870+0000][6][safepoint    ] Safepoint "Cleanup", Time since last: 1000169255 ns, Reaching safepoint: 257444 ns, At safepoint: 22637 ns, Total: 280081 ns
[2020-12-14T02:36:34.870+0000][6][safepoint    ] Safepoint "Cleanup", Time since last: 1000176511 ns, Reaching safepoint: 261971 ns, At safepoint: 19080 ns, Total: 281051 ns
[2020-12-14T02:36:35.871+0000][6][safepoint    ] Safepoint "Cleanup", Time since last: 1000178323 ns, Reaching safepoint: 222574 ns, At safepoint: 18571 ns, Total: 241145 ns
[2020-12-14T02:36:36.871+0000][6][safepoint    ] Safepoint "Cleanup", Time since last: 1000189205 ns, Reaching safepoint: 245466 ns, At safepoint: 15818 ns, Total: 261284 ns
[2020-12-14T02:36:37.871+0000][6][safepoint    ] Safepoint "Cleanup", Time since last: 1000201237 ns, Reaching safepoint: 181338 ns, At safepoint: 17875 ns, Total: 199213 ns
[2020-12-14T02:36:38.872+0000][6][safepoint    ] Safepoint "Cleanup", Time since last: 1000177055 ns, Reaching safepoint: 250910 ns, At safepoint: 17390 ns, Total: 268300 ns
[2020-12-14T02:36:39.872+0000][6][safepoint    ] Safepoint "Cleanup", Time since last: 1000193628 ns, Reaching safepoint: 222792 ns, At safepoint: 17386 ns, Total: 240178 ns
[2020-12-14T02:36:40.873+0000][6][safepoint    ] Safepoint "Cleanup", Time since last: 1000190046 ns, Reaching safepoint: 215447 ns, At safepoint: 19258 ns, Total: 234705 ns
[2020-12-14T02:36:41.873+0000][6][safepoint    ] Safepoint "Cleanup", Time since last: 1000181020 ns, Reaching safepoint: 215194 ns, At safepoint: 18901 ns, Total: 234095 ns
[2020-12-14T02:36:42.874+0000][6][safepoint    ] Safepoint "Cleanup", Time since last: 1000172714 ns, Reaching safepoint: 204779 ns, At safepoint: 16980 ns, Total: 221759 ns
[2020-12-14T02:36:44.815+0000][6][safepoint    ] Safepoint "Cleanup", Time since last: 1940860425 ns, Reaching safepoint: 220650 ns, At safepoint: 18244 ns, Total: 238894 ns
[2020-12-14T02:36:45.815+0000][6][safepoint    ] Safepoint "Cleanup", Time since last: 1000185104 ns, Reaching safepoint: 231109 ns, At safepoint: 19552 ns, Total: 250661 ns
[2020-12-14T02:36:46.816+0000][6][safepoint    ] Safepoint "Cleanup", Time since last: 1000179596 ns, Reaching safepoint: 231530 ns, At safepoint: 20058 ns, Total: 251588 ns
[2020-12-14T02:36:47.816+0000][6][safepoint    ] Safepoint "Cleanup", Time since last: 1000177068 ns, Reaching safepoint: 211114 ns, At safepoint: 16576 ns, Total: 227690 ns
[2020-12-14T02:36:48.816+0000][6][safepoint    ] Safepoint "Cleanup", Time since last: 1000182429 ns, Reaching safepoint: 216708 ns, At safepoint: 18237 ns, Total: 234945 ns
[2020-12-14T02:36:49.817+0000][6][safepoint    ] Safepoint "Cleanup", Time since last: 1000178389 ns, Reaching safepoint: 221357 ns, At safepoint: 17634 ns, Total: 238991 ns
[2020-12-14T02:36:50.817+0000][6][safepoint    ] Safepoint "Cleanup", Time since last: 1000179099 ns, Reaching safepoint: 241622 ns, At safepoint: 18918 ns, Total: 260540 ns
[2020-12-14T02:36:51.818+0000][6][safepoint    ] Safepoint "Cleanup", Time since last: 1000176211 ns, Reaching safepoint: 213009 ns, At safepoint: 16293 ns, Total: 229302 ns
[2020-12-14T02:36:52.818+0000][6][safepoint    ] Safepoint "Cleanup", Time since last: 1000181330 ns, Reaching safepoint: 201596 ns, At safepoint: 16320 ns, Total: 217916 ns
[2020-12-14T02:36:53.818+0000][6][safepoint    ] Safepoint "Cleanup", Time since last: 1000181217 ns, Reaching safepoint: 218737 ns, At safepoint: 15869 ns, Total: 234606 ns
[2020-12-14T02:36:54.819+0000][6][safepoint    ] Safepoint "Cleanup", Time since last: 1000155712 ns, Reaching safepoint: 212445 ns, At safepoint: 17800 ns, Total: 230245 ns
[2020-12-14T02:36:55.819+0000][6][safepoint    ] Safepoint "Cleanup", Time since last: 1000183432 ns, Reaching safepoint: 225206 ns, At safepoint: 18321 ns, Total: 243527 ns
[2020-12-14T02:36:56.820+0000][6][safepoint    ] Safepoint "Cleanup", Time since last: 1000176124 ns, Reaching safepoint: 221270 ns, At safepoint: 19002 ns, Total: 240272 ns
[2020-12-14T02:36:57.820+0000][6][safepoint    ] Safepoint "Cleanup", Time since last: 1000174650 ns, Reaching safepoint: 213169 ns, At safepoint: 34330 ns, Total: 247499 ns
[2020-12-14T02:36:58.820+0000][6][safepoint    ] Safepoint "Cleanup", Time since last: 1000174443 ns, Reaching safepoint: 224959 ns, At safepoint: 20359 ns, Total: 245318 ns
[2020-12-14T02:36:59.821+0000][6][safepoint    ] Safepoint "Cleanup", Time since last: 1000189905 ns, Reaching safepoint: 239305 ns, At safepoint: 18690 ns, Total: 257995 ns
[2020-12-14T02:37:00.821+0000][6][safepoint    ] Safepoint "Cleanup", Time since last: 1000173921 ns, Reaching safepoint: 222846 ns, At safepoint: 17015 ns, Total: 239861 ns
[2020-12-14T02:37:01.822+0000][6][safepoint    ] Safepoint "Cleanup", Time since last: 1000146377 ns, Reaching safepoint: 230600 ns, At safepoint: 17887 ns, Total: 248487 ns
[2020-12-14T02:37:02.822+0000][6][safepoint    ] Safepoint "Cleanup", Time since last: 1000200639 ns, Reaching safepoint: 227990 ns, At safepoint: 19069 ns, Total: 247059 ns
[2020-12-14T02:37:03.823+0000][6][safepoint    ] Safepoint "Cleanup", Time since last: 1000168234 ns, Reaching safepoint: 215607 ns, At safepoint: 19125 ns, Total: 234732 ns
[2020-12-14T02:37:04.823+0000][6][safepoint    ] Safepoint "Cleanup", Time since last: 1000216049 ns, Reaching safepoint: 224514 ns, At safepoint: 29618 ns, Total: 254132 ns
[2020-12-14T02:37:05.824+0000][6][safepoint    ] Safepoint "Cleanup", Time since last: 1000167112 ns, Reaching safepoint: 252363 ns, At safepoint: 16311 ns, Total: 268674 ns
[2020-12-14T02:37:06.824+0000][6][safepoint    ] Safepoint "Cleanup", Time since last: 1000178682 ns, Reaching safepoint: 256264 ns, At safepoint: 17040 ns, Total: 273304 ns
[2020-12-14T02:37:07.824+0000][6][safepoint    ] Safepoint "Cleanup", Time since last: 1000160616 ns, Reaching safepoint: 223982 ns, At safepoint: 16899 ns, Total: 240881 ns
[2020-12-14T02:37:09.068+0000][6][safepoint    ] Safepoint "Cleanup", Time since last: 1243583830 ns, Reaching safepoint: 246603 ns, At safepoint: 16185 ns, Total: 262788 ns
[2020-12-14T02:37:10.069+0000][6][safepoint    ] Safepoint "Cleanup", Time since last: 1000131452 ns, Reaching safepoint: 219019 ns, At safepoint: 17964 ns, Total: 236983 ns
[2020-12-14T02:37:11.069+0000][6][safepoint    ] Safepoint "Cleanup", Time since last: 1000140472 ns, Reaching safepoint: 222202 ns, At safepoint: 15593 ns, Total: 237795 ns
[2020-12-14T02:37:12.069+0000][6][safepoint    ] Safepoint "Cleanup", Time since last: 1000129781 ns, Reaching safepoint: 199579 ns, At safepoint: 17838 ns, Total: 217417 ns
[2020-12-14T02:37:13.070+0000][6][safepoint    ] Safepoint "Cleanup", Time since last: 1000137233 ns, Reaching safepoint: 221521 ns, At safepoint: 17343 ns, Total: 238864 ns
[2020-12-14T02:37:14.070+0000][6][safepoint    ] Safepoint "Cleanup", Time since last: 1000164181 ns, Reaching safepoint: 228684 ns, At safepoint: 16351 ns, Total: 245035 ns
[2020-12-14T02:37:15.071+0000][6][safepoint    ] Safepoint "Cleanup", Time since last: 1000138905 ns, Reaching safepoint: 301997 ns, At safepoint: 18444 ns, Total: 320441 ns
[2020-12-14T02:37:16.071+0000][6][safepoint    ] Safepoint "Cleanup", Time since last: 1000136859 ns, Reaching safepoint: 195463 ns, At safepoint: 17370 ns, Total: 212833 ns
[2020-12-14T02:37:17.071+0000][6][safepoint    ] Safepoint "Cleanup", Time since last: 1000182014 ns, Reaching safepoint: 246122 ns, At safepoint: 17780 ns, Total: 263902 ns
[2020-12-14T02:37:18.072+0000][6][safepoint    ] Safepoint "Cleanup", Time since last: 1000157863 ns, Reaching safepoint: 243644 ns, At safepoint: 24277 ns, Total: 267921 ns
[2020-12-14T02:37:19.072+0000][6][safepoint    ] Safepoint "Cleanup", Time since last: 1000176278 ns, Reaching safepoint: 244487 ns, At safepoint: 17140 ns, Total: 261627 ns
[2020-12-14T02:37:20.073+0000][6][safepoint    ] Safepoint "Cleanup", Time since last: 1000147865 ns, Reaching safepoint: 214410 ns, At safepoint: 16917 ns, Total: 231327 ns
[2020-12-14T02:37:21.073+0000][6][safepoint    ] Safepoint "Cleanup", Time since last: 1000142737 ns, Reaching safepoint: 249050 ns, At safepoint: 16843 ns, Total: 265893 ns
[2020-12-14T02:37:22.073+0000][6][safepoint    ] Safepoint "Cleanup", Time since last: 1000176458 ns, Reaching safepoint: 224032 ns, At safepoint: 16523 ns, Total: 240555 ns
[2020-12-14T02:37:23.074+0000][6][safepoint    ] Safepoint "Cleanup", Time since last: 1000159148 ns, Reaching safepoint: 196346 ns, At safepoint: 18707 ns, Total: 215053 ns
[2020-12-14T02:37:24.074+0000][6][safepoint    ] Safepoint "Cleanup", Time since last: 1000173727 ns, Reaching safepoint: 292841 ns, At safepoint: 18264 ns, Total: 311105 ns
[2020-12-14T02:37:25.075+0000][6][safepoint    ] Safepoint "Cleanup", Time since last: 1000172250 ns, Reaching safepoint: 269093 ns, At safepoint: 17638 ns, Total: 286731 ns
[2020-12-14T02:37:26.399+0000][6][safepoint    ] Safepoint "Cleanup", Time since last: 1323608047 ns, Reaching safepoint: 202503 ns, At safepoint: 17900 ns, Total: 220403 ns
[2020-12-14T02:37:27.399+0000][6][safepoint    ] Safepoint "Cleanup", Time since last: 1000197601 ns, Reaching safepoint: 214616 ns, At safepoint: 16984 ns, Total: 231600 ns
[2020-12-14T02:37:28.399+0000][6][safepoint    ] Safepoint "Cleanup", Time since last: 1000180009 ns, Reaching safepoint: 219076 ns, At safepoint: 18165 ns, Total: 237241 ns
[2020-12-14T02:37:29.400+0000][6][safepoint    ] Safepoint "Cleanup", Time since last: 1000188518 ns, Reaching safepoint: 218554 ns, At safepoint: 18493 ns, Total: 237047 ns
[2020-12-14T02:37:30.919+0000][6][safepoint    ] Safepoint "Cleanup", Time since last: 1518450819 ns, Reaching safepoint: 228729 ns, At safepoint: 16354 ns, Total: 245083 ns
[2020-12-14T02:37:31.919+0000][6][safepoint    ] Safepoint "Cleanup", Time since last: 1000143736 ns, Reaching safepoint: 200043 ns, At safepoint: 17550 ns, Total: 217593 ns
[2020-12-14T02:37:32.919+0000][6][safepoint    ] Safepoint "Cleanup", Time since last: 1000199815 ns, Reaching safepoint: 205756 ns, At safepoint: 18361 ns, Total: 224117 ns
[2020-12-14T02:37:33.920+0000][6][safepoint    ] Safepoint "Cleanup", Time since last: 1000160042 ns, Reaching safepoint: 238028 ns, At safepoint: 17471 ns, Total: 255499 ns
[2020-12-14T02:37:34.920+0000][6][safepoint    ] Safepoint "Cleanup", Time since last: 1000177950 ns, Reaching safepoint: 281516 ns, At safepoint: 28886 ns, Total: 310402 ns
[2020-12-14T02:37:35.921+0000][6][safepoint    ] Safepoint "Cleanup", Time since last: 1000135635 ns, Reaching safepoint: 241682 ns, At safepoint: 17247 ns, Total: 258929 ns
[2020-12-14T02:37:36.921+0000][6][safepoint    ] Safepoint "Cleanup", Time since last: 1000167425 ns, Reaching safepoint: 237146 ns, At safepoint: 16431 ns, Total: 253577 ns
[2020-12-14T02:37:37.921+0000][6][safepoint    ] Safepoint "Cleanup", Time since last: 1000193063 ns, Reaching safepoint: 245171 ns, At safepoint: 16993 ns, Total: 262164 ns
[2020-12-14T02:37:38.922+0000][6][safepoint    ] Safepoint "Cleanup", Time since last: 1000161967 ns, Reaching safepoint: 251908 ns, At safepoint: 17785 ns, Total: 269693 ns
[2020-12-14T02:37:39.922+0000][6][safepoint    ] Safepoint "Cleanup", Time since last: 1000167354 ns, Reaching safepoint: 285086 ns, At safepoint: 17641 ns, Total: 302727 ns
[2020-12-14T02:37:40.923+0000][6][safepoint    ] Safepoint "Cleanup", Time since last: 1000139637 ns, Reaching safepoint: 183844 ns, At safepoint: 24891 ns, Total: 208735 ns
[2020-12-14T02:37:41.923+0000][6][safepoint    ] Safepoint "Cleanup", Time since last: 1000142942 ns, Reaching safepoint: 310447 ns, At safepoint: 20372 ns, Total: 330819 ns
[2020-12-14T02:37:42.924+0000][6][safepoint    ] Safepoint "Cleanup", Time since last: 1000177515 ns, Reaching safepoint: 330839 ns, At safepoint: 20981 ns, Total: 351820 ns
[2020-12-14T02:37:43.924+0000][6][safepoint    ] Safepoint "Cleanup", Time since last: 1000141422 ns, Reaching safepoint: 291143 ns, At safepoint: 21092 ns, Total: 312235 ns
[2020-12-14T02:37:45.819+0000][6][safepoint    ] Safepoint "Cleanup", Time since last: 1894177057 ns, Reaching safepoint: 236212 ns, At safepoint: 29805 ns, Total: 266017 ns
[2020-12-14T02:37:46.819+0000][6][safepoint    ] Safepoint "Cleanup", Time since last: 1000177954 ns, Reaching safepoint: 231787 ns, At safepoint: 32092 ns, Total: 263879 ns
[2020-12-14T02:37:47.819+0000][6][safepoint    ] Safepoint "Cleanup", Time since last: 1000177081 ns, Reaching safepoint: 215322 ns, At safepoint: 16072 ns, Total: 231394 ns
[2020-12-14T02:37:48.820+0000][6][safepoint    ] Safepoint "Cleanup", Time since last: 1000134904 ns, Reaching safepoint: 204394 ns, At safepoint: 17613 ns, Total: 222007 ns
[2020-12-14T02:37:49.820+0000][6][safepoint    ] Safepoint "Cleanup", Time since last: 1000173570 ns, Reaching safepoint: 238686 ns, At safepoint: 17823 ns, Total: 256509 ns
[2020-12-14T02:37:50.821+0000][6][safepoint    ] Safepoint "Cleanup", Time since last: 1000152876 ns, Reaching safepoint: 216124 ns, At safepoint: 18672 ns, Total: 234796 ns
[2020-12-14T02:37:51.821+0000][6][safepoint    ] Safepoint "Cleanup", Time since last: 1000161004 ns, Reaching safepoint: 217094 ns, At safepoint: 16693 ns, Total: 233787 ns
[2020-12-14T02:37:52.821+0000][6][safepoint    ] Safepoint "Cleanup", Time since last: 1000154495 ns, Reaching safepoint: 215505 ns, At safepoint: 19181 ns, Total: 234686 ns
[2020-12-14T02:37:53.822+0000][6][safepoint    ] Safepoint "Cleanup", Time since last: 1000138174 ns, Reaching safepoint: 214969 ns, At safepoint: 17432 ns, Total: 232401 ns
[2020-12-14T02:37:54.822+0000][6][safepoint    ] Safepoint "Cleanup", Time since last: 1000180755 ns, Reaching safepoint: 250347 ns, At safepoint: 18818 ns, Total: 269165 ns
[2020-12-14T02:37:55.823+0000][6][safepoint    ] Safepoint "Cleanup", Time since last: 1000138992 ns, Reaching safepoint: 218131 ns, At safepoint: 18999 ns, Total: 237130 ns
[2020-12-14T02:37:56.823+0000][6][safepoint    ] Safepoint "Cleanup", Time since last: 1000162257 ns, Reaching safepoint: 234318 ns, At safepoint: 18007 ns, Total: 252325 ns
[2020-12-14T02:37:57.824+0000][6][safepoint    ] Safepoint "Cleanup", Time since last: 1000196289 ns, Reaching safepoint: 258595 ns, At safepoint: 18971 ns, Total: 277566 ns
[2020-12-14T02:37:58.824+0000][6][safepoint    ] Safepoint "Cleanup", Time since last: 1000160119 ns, Reaching safepoint: 215941 ns, At safepoint: 17786 ns, Total: 233727 ns
[2020-12-14T02:37:59.824+0000][6][safepoint    ] Safepoint "Cleanup", Time since last: 1000176405 ns, Reaching safepoint: 229689 ns, At safepoint: 17686 ns, Total: 247375 ns
[2020-12-14T02:38:00.825+0000][6][safepoint    ] Safepoint "Cleanup", Time since last: 1000181461 ns, Reaching safepoint: 221741 ns, At safepoint: 17934 ns, Total: 239675 ns
[2020-12-14T02:38:01.825+0000][6][safepoint    ] Safepoint "Cleanup", Time since last: 1000178475 ns, Reaching safepoint: 250498 ns, At safepoint: 17244 ns, Total: 267742 ns
[2020-12-14T02:38:02.826+0000][6][safepoint    ] Safepoint "Cleanup", Time since last: 1000139562 ns, Reaching safepoint: 211829 ns, At safepoint: 19741 ns, Total: 231570 ns
[2020-12-14T02:38:03.826+0000][6][safepoint    ] Safepoint "Cleanup", Time since last: 1000155880 ns, Reaching safepoint: 244270 ns, At safepoint: 16360 ns, Total: 260630 ns
[2020-12-14T02:38:04.826+0000][6][safepoint    ] Safepoint "Cleanup", Time since last: 1000206484 ns, Reaching safepoint: 227455 ns, At safepoint: 18444 ns, Total: 245899 ns
[2020-12-14T02:38:05.827+0000][6][safepoint    ] Safepoint "Cleanup", Time since last: 1000143980 ns, Reaching safepoint: 291340 ns, At safepoint: 17955 ns, Total: 309295 ns
[2020-12-14T02:38:06.827+0000][6][safepoint    ] Safepoint "Cleanup", Time since last: 1000191213 ns, Reaching safepoint: 247961 ns, At safepoint: 17797 ns, Total: 265758 ns
[2020-12-14T02:38:07.828+0000][6][safepoint    ] Safepoint "Cleanup", Time since last: 1000174860 ns, Reaching safepoint: 273120 ns, At safepoint: 18641 ns, Total: 291761 ns
[2020-12-14T02:38:08.828+0000][6][safepoint    ] Safepoint "Cleanup", Time since last: 1000176588 ns, Reaching safepoint: 276445 ns, At safepoint: 18921 ns, Total: 295366 ns
[2020-12-14T02:38:09.829+0000][6][safepoint    ] Safepoint "Cleanup", Time since last: 1000181358 ns, Reaching safepoint: 214873 ns, At safepoint: 18774 ns, Total: 233647 ns
[2020-12-14T02:38:10.829+0000][6][safepoint    ] Safepoint "Cleanup", Time since last: 1000142926 ns, Reaching safepoint: 215798 ns, At safepoint: 18632 ns, Total: 234430 ns
[2020-12-14T02:38:11.830+0000][6][safepoint    ] Safepoint "Cleanup", Time since last: 1000170340 ns, Reaching safepoint: 208474 ns, At safepoint: 23934 ns, Total: 232408 ns
[2020-12-14T02:38:12.830+0000][6][safepoint    ] Safepoint "Cleanup", Time since last: 1000174021 ns, Reaching safepoint: 243126 ns, At safepoint: 18537 ns, Total: 261663 ns
[2020-12-14T02:38:13.830+0000][6][safepoint    ] Safepoint "Cleanup", Time since last: 1000168987 ns, Reaching safepoint: 278347 ns, At safepoint: 19214 ns, Total: 297561 ns
[2020-12-14T02:38:14.831+0000][6][safepoint    ] Safepoint "Cleanup", Time since last: 1000183966 ns, Reaching safepoint: 226930 ns, At safepoint: 20195 ns, Total: 247125 ns
[2020-12-14T02:38:15.831+0000][6][safepoint    ] Safepoint "Cleanup", Time since last: 1000175061 ns, Reaching safepoint: 256229 ns, At safepoint: 16598 ns, Total: 272827 ns
[2020-12-14T02:38:16.832+0000][6][safepoint    ] Safepoint "Cleanup", Time since last: 1000149972 ns, Reaching safepoint: 256409 ns, At safepoint: 17398 ns, Total: 273807 ns
[2020-12-14T02:38:17.832+0000][6][safepoint    ] Safepoint "Cleanup", Time since last: 1000179625 ns, Reaching safepoint: 235113 ns, At safepoint: 15344 ns, Total: 250457 ns
[2020-12-14T02:38:18.833+0000][6][safepoint    ] Safepoint "Cleanup", Time since last: 1000136571 ns, Reaching safepoint: 227149 ns, At safepoint: 16800 ns, Total: 243949 ns
[2020-12-14T02:38:19.833+0000][6][safepoint    ] Safepoint "Cleanup", Time since last: 1000160122 ns, Reaching safepoint: 207323 ns, At safepoint: 18514 ns, Total: 225837 ns
[2020-12-14T02:38:20.833+0000][6][safepoint    ] Safepoint "Cleanup", Time since last: 1000183465 ns, Reaching safepoint: 212112 ns, At safepoint: 16043 ns, Total: 228155 ns
[2020-12-14T02:38:21.834+0000][6][safepoint    ] Safepoint "Cleanup", Time since last: 1000176304 ns, Reaching safepoint: 216508 ns, At safepoint: 18271 ns, Total: 234779 ns
[2020-12-14T02:38:23.820+0000][6][safepoint    ] Safepoint "Cleanup", Time since last: 1985748495 ns, Reaching safepoint: 171618 ns, At safepoint: 14947 ns, Total: 186565 ns
[2020-12-14T02:38:24.820+0000][6][safepoint    ] Safepoint "Cleanup", Time since last: 1000169546 ns, Reaching safepoint: 148351 ns, At safepoint: 12641 ns, Total: 160992 ns
[2020-12-14T02:38:25.443+0000][6][safepoint    ] Safepoint "BulkRevokeBias", Time since last: 621971492 ns, Reaching safepoint: 131791 ns, At safepoint: 729249 ns, Total: 861040 ns
[2020-12-14T02:38:26.456+0000][6][safepoint    ] Safepoint "Cleanup", Time since last: 1013162313 ns, Reaching safepoint: 240067 ns, At safepoint: 13629 ns, Total: 253696 ns
[2020-12-14T02:38:27.457+0000][6][safepoint    ] Safepoint "Cleanup", Time since last: 1000167465 ns, Reaching safepoint: 192220 ns, At safepoint: 15858 ns, Total: 208078 ns
[2020-12-14T02:38:28.457+0000][6][safepoint    ] Safepoint "Cleanup", Time since last: 1000139720 ns, Reaching safepoint: 162888 ns, At safepoint: 13803 ns, Total: 176691 ns
[2020-12-14T02:38:29.457+0000][6][safepoint    ] Safepoint "Cleanup", Time since last: 1000162331 ns, Reaching safepoint: 177002 ns, At safepoint: 14181 ns, Total: 191183 ns
[2020-12-14T02:38:30.952+0000][6][safepoint    ] Safepoint "Cleanup", Time since last: 1494401654 ns, Reaching safepoint: 195609 ns, At safepoint: 18117 ns, Total: 213726 ns
[2020-12-14T02:38:31.952+0000][6][safepoint    ] Safepoint "Cleanup", Time since last: 1000132617 ns, Reaching safepoint: 205858 ns, At safepoint: 17723 ns, Total: 223581 ns
[2020-12-14T02:38:32.953+0000][6][safepoint    ] Safepoint "Cleanup", Time since last: 1000167036 ns, Reaching safepoint: 170164 ns, At safepoint: 17340 ns, Total: 187504 ns
[2020-12-14T02:38:33.953+0000][6][safepoint    ] Safepoint "Cleanup", Time since last: 1000159327 ns, Reaching safepoint: 150048 ns, At safepoint: 11213 ns, Total: 161261 ns
[2020-12-14T02:38:34.953+0000][6][safepoint    ] Safepoint "Cleanup", Time since last: 1000168967 ns, Reaching safepoint: 278647 ns, At safepoint: 14532 ns, Total: 293179 ns
[2020-12-14T02:38:35.954+0000][6][safepoint    ] Safepoint "Cleanup", Time since last: 1000169643 ns, Reaching safepoint: 226013 ns, At safepoint: 15556 ns, Total: 241569 ns
[2020-12-14T02:38:36.954+0000][6][safepoint    ] Safepoint "Cleanup", Time since last: 1000160697 ns, Reaching safepoint: 241511 ns, At safepoint: 13845 ns, Total: 255356 ns
[2020-12-14T02:38:37.955+0000][6][safepoint    ] Safepoint "Cleanup", Time since last: 1000155102 ns, Reaching safepoint: 221143 ns, At safepoint: 15980 ns, Total: 237123 ns
[2020-12-14T02:38:38.955+0000][6][safepoint    ] Safepoint "Cleanup", Time since last: 1000164070 ns, Reaching safepoint: 247555 ns, At safepoint: 14236 ns, Total: 261791 ns
[2020-12-14T02:38:39.955+0000][6][safepoint    ] Safepoint "Cleanup", Time since last: 1000179823 ns, Reaching safepoint: 219990 ns, At safepoint: 14375 ns, Total: 234365 ns
[2020-12-14T02:38:40.956+0000][6][safepoint    ] Safepoint "Cleanup", Time since last: 1000139409 ns, Reaching safepoint: 242967 ns, At safepoint: 15082 ns, Total: 258049 ns
[2020-12-14T02:38:41.956+0000][6][safepoint    ] Safepoint "Cleanup", Time since last: 1000174186 ns, Reaching safepoint: 234745 ns, At safepoint: 16907 ns, Total: 251652 ns
[2020-12-14T02:38:42.957+0000][6][safepoint    ] Safepoint "Cleanup", Time since last: 1000155883 ns, Reaching safepoint: 187322 ns, At safepoint: 15332 ns, Total: 202654 ns
[2020-12-14T02:38:43.957+0000][6][safepoint    ] Safepoint "Cleanup", Time since last: 1000153340 ns, Reaching safepoint: 197912 ns, At safepoint: 13622 ns, Total: 211534 ns
[2020-12-14T02:38:44.957+0000][6][safepoint    ] Safepoint "Cleanup", Time since last: 1000159170 ns, Reaching safepoint: 189249 ns, At safepoint: 14278 ns, Total: 203527 ns
[2020-12-14T02:38:46.810+0000][6][safepoint    ] Safepoint "Cleanup", Time since last: 1852019712 ns, Reaching safepoint: 186393 ns, At safepoint: 17266 ns, Total: 203659 ns
[2020-12-14T02:38:47.810+0000][6][safepoint    ] Safepoint "Cleanup", Time since last: 1000171442 ns, Reaching safepoint: 231053 ns, At safepoint: 19074 ns, Total: 250127 ns
[2020-12-14T02:38:48.810+0000][6][safepoint    ] Safepoint "Cleanup", Time since last: 1000203783 ns, Reaching safepoint: 225150 ns, At safepoint: 17753 ns, Total: 242903 ns
[2020-12-14T02:38:49.811+0000][6][safepoint    ] Safepoint "Cleanup", Time since last: 1000169177 ns, Reaching safepoint: 214544 ns, At safepoint: 16002 ns, Total: 230546 ns
[2020-12-14T02:38:50.811+0000][6][safepoint    ] Safepoint "Cleanup", Time since last: 1000163207 ns, Reaching safepoint: 251498 ns, At safepoint: 17592 ns, Total: 269090 ns
[2020-12-14T02:38:51.812+0000][6][safepoint    ] Safepoint "Cleanup", Time since last: 1000181445 ns, Reaching safepoint: 227409 ns, At safepoint: 19332 ns, Total: 246741 ns
[2020-12-14T02:38:52.812+0000][6][safepoint    ] Safepoint "Cleanup", Time since last: 1000183794 ns, Reaching safepoint: 300676 ns, At safepoint: 18747 ns, Total: 319423 ns
[2020-12-14T02:38:53.813+0000][6][safepoint    ] Safepoint "Cleanup", Time since last: 1000200059 ns, Reaching safepoint: 224421 ns, At safepoint: 17577 ns, Total: 241998 ns
[2020-12-14T02:38:54.813+0000][6][safepoint    ] Safepoint "Cleanup", Time since last: 1000185970 ns, Reaching safepoint: 293927 ns, At safepoint: 18417 ns, Total: 312344 ns
[2020-12-14T02:38:55.814+0000][6][safepoint    ] Safepoint "Cleanup", Time since last: 1000149902 ns, Reaching safepoint: 260089 ns, At safepoint: 19165 ns, Total: 279254 ns
[2020-12-14T02:38:56.814+0000][6][safepoint    ] Safepoint "Cleanup", Time since last: 1000187527 ns, Reaching safepoint: 226260 ns, At safepoint: 17084 ns, Total: 243344 ns
[2020-12-14T02:38:57.814+0000][6][safepoint    ] Safepoint "Cleanup", Time since last: 1000201999 ns, Reaching safepoint: 237986 ns, At safepoint: 18681 ns, Total: 256667 ns
[2020-12-14T02:38:58.815+0000][6][safepoint    ] Safepoint "Cleanup", Time since last: 1000189786 ns, Reaching safepoint: 218522 ns, At safepoint: 18778 ns, Total: 237300 ns
[2020-12-14T02:38:59.815+0000][6][safepoint    ] Safepoint "Cleanup", Time since last: 1000189198 ns, Reaching safepoint: 239396 ns, At safepoint: 17752 ns, Total: 257148 ns
[2020-12-14T02:39:00.816+0000][6][safepoint    ] Safepoint "Cleanup", Time since last: 1000191704 ns, Reaching safepoint: 223753 ns, At safepoint: 17573 ns, Total: 241326 ns
[2020-12-14T02:39:01.816+0000][6][safepoint    ] Safepoint "Cleanup", Time since last: 1000186499 ns, Reaching safepoint: 252548 ns, At safepoint: 18838 ns, Total: 271386 ns
[2020-12-14T02:39:02.817+0000][6][safepoint    ] Safepoint "Cleanup", Time since last: 1000189455 ns, Reaching safepoint: 231473 ns, At safepoint: 18681 ns, Total: 250154 ns
[2020-12-14T02:39:03.817+0000][6][safepoint    ] Safepoint "Cleanup", Time since last: 1000189159 ns, Reaching safepoint: 266926 ns, At safepoint: 31213 ns, Total: 298139 ns
[2020-12-14T02:39:04.818+0000][6][safepoint    ] Safepoint "Cleanup", Time since last: 1000196832 ns, Reaching safepoint: 223705 ns, At safepoint: 18714 ns, Total: 242419 ns
[2020-12-14T02:39:06.342+0000][6][safepoint    ] Safepoint "Cleanup", Time since last: 1523686020 ns, Reaching safepoint: 243006 ns, At safepoint: 18454 ns, Total: 261460 ns
[2020-12-14T02:39:07.342+0000][6][safepoint    ] Safepoint "Cleanup", Time since last: 1000185987 ns, Reaching safepoint: 235700 ns, At safepoint: 17955 ns, Total: 253655 ns
[2020-12-14T02:39:08.342+0000][6][safepoint    ] Safepoint "Cleanup", Time since last: 1000217048 ns, Reaching safepoint: 226142 ns, At safepoint: 17256 ns, Total: 243398 ns
[2020-12-14T02:39:09.343+0000][6][safepoint    ] Safepoint "Cleanup", Time since last: 1000196639 ns, Reaching safepoint: 230009 ns, At safepoint: 17813 ns, Total: 247822 ns
[2020-12-14T02:39:10.343+0000][6][safepoint    ] Safepoint "Cleanup", Time since last: 1000205195 ns, Reaching safepoint: 224926 ns, At safepoint: 20438 ns, Total: 245364 ns
[2020-12-14T02:39:11.344+0000][6][safepoint    ] Safepoint "Cleanup", Time since last: 1000184592 ns, Reaching safepoint: 274231 ns, At safepoint: 19401 ns, Total: 293632 ns
[2020-12-14T02:39:12.344+0000][6][safepoint    ] Safepoint "Cleanup", Time since last: 1000178553 ns, Reaching safepoint: 249300 ns, At safepoint: 18780 ns, Total: 268080 ns
[2020-12-14T02:39:13.345+0000][6][safepoint    ] Safepoint "Cleanup", Time since last: 1000188659 ns, Reaching safepoint: 233918 ns, At safepoint: 18890 ns, Total: 252808 ns
[2020-12-14T02:39:14.345+0000][6][safepoint    ] Safepoint "Cleanup", Time since last: 1000189036 ns, Reaching safepoint: 278403 ns, At safepoint: 20155 ns, Total: 298558 ns
[2020-12-14T02:39:15.346+0000][6][safepoint    ] Safepoint "Cleanup", Time since last: 1000181854 ns, Reaching safepoint: 217415 ns, At safepoint: 18551 ns, Total: 235966 ns
[2020-12-14T02:39:16.346+0000][6][safepoint    ] Safepoint "Cleanup", Time since last: 1000186530 ns, Reaching safepoint: 241092 ns, At safepoint: 41604 ns, Total: 282696 ns
[2020-12-14T02:39:17.347+0000][6][safepoint    ] Safepoint "Cleanup", Time since last: 1000188175 ns, Reaching safepoint: 231427 ns, At safepoint: 18680 ns, Total: 250107 ns
[2020-12-14T02:39:18.347+0000][6][safepoint    ] Safepoint "Cleanup", Time since last: 1000193127 ns, Reaching safepoint: 238807 ns, At safepoint: 18798 ns, Total: 257605 ns
[2020-12-14T02:39:19.347+0000][6][safepoint    ] Safepoint "Cleanup", Time since last: 1000189415 ns, Reaching safepoint: 242493 ns, At safepoint: 18707 ns, Total: 261200 ns
[2020-12-14T02:39:20.348+0000][6][safepoint    ] Safepoint "Cleanup", Time since last: 1000193865 ns, Reaching safepoint: 215044 ns, At safepoint: 17505 ns, Total: 232549 ns
[2020-12-14T02:39:21.348+0000][6][safepoint    ] Safepoint "Cleanup", Time since last: 1000174788 ns, Reaching safepoint: 262454 ns, At safepoint: 18978 ns, Total: 281432 ns
[2020-12-14T02:39:22.349+0000][6][safepoint    ] Safepoint "Cleanup", Time since last: 1000180173 ns, Reaching safepoint: 235643 ns, At safepoint: 18454 ns, Total: 254097 ns
[2020-12-14T02:39:23.349+0000][6][safepoint    ] Safepoint "Cleanup", Time since last: 1000198680 ns, Reaching safepoint: 258545 ns, At safepoint: 18858 ns, Total: 277403 ns
[2020-12-14T02:39:24.350+0000][6][safepoint    ] Safepoint "Cleanup", Time since last: 1000178198 ns, Reaching safepoint: 243260 ns, At safepoint: 18724 ns, Total: 261984 ns
[2020-12-14T02:39:25.350+0000][6][safepoint    ] Safepoint "Cleanup", Time since last: 1000173594 ns, Reaching safepoint: 241472 ns, At safepoint: 17440 ns, Total: 258912 ns
[2020-12-14T02:39:26.520+0000][6][safepoint    ] Safepoint "Cleanup", Time since last: 1169601371 ns, Reaching safepoint: 202483 ns, At safepoint: 18561 ns, Total: 221044 ns
[2020-12-14T02:39:27.520+0000][6][safepoint    ] Safepoint "Cleanup", Time since last: 1000216091 ns, Reaching safepoint: 227497 ns, At safepoint: 18208 ns, Total: 245705 ns
[2020-12-14T02:39:28.521+0000][6][safepoint    ] Safepoint "Cleanup", Time since last: 1000198434 ns, Reaching safepoint: 235937 ns, At safepoint: 17699 ns, Total: 253636 ns
[2020-12-14T02:39:29.521+0000][6][safepoint    ] Safepoint "Cleanup", Time since last: 1000188605 ns, Reaching safepoint: 253017 ns, At safepoint: 18122 ns, Total: 271139 ns
[2020-12-14T02:39:30.987+0000][6][safepoint    ] Safepoint "Cleanup", Time since last: 1465378121 ns, Reaching safepoint: 244901 ns, At safepoint: 18624 ns, Total: 263525 ns
[2020-12-14T02:39:31.987+0000][6][safepoint    ] Safepoint "Cleanup", Time since last: 1000188124 ns, Reaching safepoint: 224053 ns, At safepoint: 18454 ns, Total: 242507 ns
[2020-12-14T02:39:32.988+0000][6][safepoint    ] Safepoint "Cleanup", Time since last: 1000191833 ns, Reaching safepoint: 231279 ns, At safepoint: 18584 ns, Total: 249863 ns
[2020-12-14T02:39:33.988+0000][6][safepoint    ] Safepoint "Cleanup", Time since last: 1000189009 ns, Reaching safepoint: 255500 ns, At safepoint: 19245 ns, Total: 274745 ns
[2020-12-14T02:39:34.989+0000][6][safepoint    ] Safepoint "Cleanup", Time since last: 1000179899 ns, Reaching safepoint: 228192 ns, At safepoint: 18504 ns, Total: 246696 ns
[2020-12-14T02:39:35.989+0000][6][safepoint    ] Safepoint "Cleanup", Time since last: 1000187013 ns, Reaching safepoint: 289341 ns, At safepoint: 18279 ns, Total: 307620 ns
[2020-12-14T02:39:36.990+0000][6][safepoint    ] Safepoint "Cleanup", Time since last: 1000183809 ns, Reaching safepoint: 258029 ns, At safepoint: 18243 ns, Total: 276272 ns
[2020-12-14T02:39:37.990+0000][6][safepoint    ] Safepoint "Cleanup", Time since last: 1000186791 ns, Reaching safepoint: 238760 ns, At safepoint: 17364 ns, Total: 256124 ns
[2020-12-14T02:39:38.991+0000][6][safepoint    ] Safepoint "Cleanup", Time since last: 1000188381 ns, Reaching safepoint: 228038 ns, At safepoint: 18404 ns, Total: 246442 ns
[2020-12-14T02:39:39.991+0000][6][safepoint    ] Safepoint "Cleanup", Time since last: 1000196918 ns, Reaching safepoint: 227688 ns, At safepoint: 17915 ns, Total: 245603 ns
[2020-12-14T02:39:40.991+0000][6][safepoint    ] Safepoint "Cleanup", Time since last: 1000186230 ns, Reaching safepoint: 238612 ns, At safepoint: 16807 ns, Total: 255419 ns
[2020-12-14T02:39:41.992+0000][6][safepoint    ] Safepoint "Cleanup", Time since last: 1000171356 ns, Reaching safepoint: 255180 ns, At safepoint: 18747 ns, Total: 273927 ns
[2020-12-14T02:39:42.992+0000][6][safepoint    ] Safepoint "Cleanup", Time since last: 1000171322 ns, Reaching safepoint: 251708 ns, At safepoint: 18037 ns, Total: 269745 ns
[2020-12-14T02:39:43.993+0000][6][safepoint    ] Safepoint "Cleanup", Time since last: 1000178573 ns, Reaching safepoint: 232753 ns, At safepoint: 18454 ns, Total: 251207 ns
[2020-12-14T02:39:44.993+0000][6][safepoint    ] Safepoint "Cleanup", Time since last: 1000189059 ns, Reaching safepoint: 317002 ns, At safepoint: 19505 ns, Total: 336507 ns
[2020-12-14T02:39:45.994+0000][6][safepoint    ] Safepoint "Cleanup", Time since last: 1000190899 ns, Reaching safepoint: 238510 ns, At safepoint: 18584 ns, Total: 257094 ns
[2020-12-14T02:39:47.799+0000][6][safepoint    ] Safepoint "Cleanup", Time since last: 1805218700 ns, Reaching safepoint: 372551 ns, At safepoint: 20212 ns, Total: 392763 ns
[2020-12-14T02:39:48.800+0000][6][safepoint    ] Safepoint "Cleanup", Time since last: 1000192180 ns, Reaching safepoint: 244617 ns, At safepoint: 18254 ns, Total: 262871 ns
[2020-12-14T02:39:49.800+0000][6][safepoint    ] Safepoint "Cleanup", Time since last: 1000198120 ns, Reaching safepoint: 255035 ns, At safepoint: 17111 ns, Total: 272146 ns
[2020-12-14T02:39:50.801+0000][6][safepoint    ] Safepoint "Cleanup", Time since last: 1000187434 ns, Reaching safepoint: 229512 ns, At safepoint: 17964 ns, Total: 247476 ns
[2020-12-14T02:39:51.801+0000][6][safepoint    ] Safepoint "Cleanup", Time since last: 1000181360 ns, Reaching safepoint: 267204 ns, At safepoint: 20115 ns, Total: 287319 ns
[2020-12-14T02:39:52.802+0000][6][safepoint    ] Safepoint "Cleanup", Time since last: 1000179267 ns, Reaching safepoint: 226116 ns, At safepoint: 18424 ns, Total: 244540 ns
[2020-12-14T02:39:53.802+0000][6][safepoint    ] Safepoint "Cleanup", Time since last: 1000206717 ns, Reaching safepoint: 219713 ns, At safepoint: 19211 ns, Total: 238924 ns
[2020-12-14T02:39:54.802+0000][6][safepoint    ] Safepoint "Cleanup", Time since last: 1000213821 ns, Reaching safepoint: 227288 ns, At safepoint: 17990 ns, Total: 245278 ns
[2020-12-14T02:39:55.803+0000][6][safepoint    ] Safepoint "Cleanup", Time since last: 1000191138 ns, Reaching safepoint: 227027 ns, At safepoint: 18157 ns, Total: 245184 ns
[2020-12-14T02:39:56.803+0000][6][safepoint    ] Safepoint "Cleanup", Time since last: 1000183604 ns, Reaching safepoint: 231233 ns, At safepoint: 18424 ns, Total: 249657 ns
[2020-12-14T02:39:57.804+0000][6][safepoint    ] Safepoint "Cleanup", Time since last: 1000183872 ns, Reaching safepoint: 262688 ns, At safepoint: 18117 ns, Total: 280805 ns
[2020-12-14T02:39:58.804+0000][6][safepoint    ] Safepoint "Cleanup", Time since last: 1000189595 ns, Reaching safepoint: 238177 ns, At safepoint: 18497 ns, Total: 256674 ns
[2020-12-14T02:39:59.805+0000][6][safepoint    ] Safepoint "Cleanup", Time since last: 1000180353 ns, Reaching safepoint: 232447 ns, At safepoint: 18397 ns, Total: 250844 ns
[2020-12-14T02:40:00.805+0000][6][safepoint    ] Safepoint "Cleanup", Time since last: 1000188542 ns, Reaching safepoint: 502026 ns, At safepoint: 18674 ns, Total: 520700 ns
[2020-12-14T02:40:01.806+0000][6][safepoint    ] Safepoint "Cleanup", Time since last: 1000181020 ns, Reaching safepoint: 236516 ns, At safepoint: 18554 ns, Total: 255070 ns
[2020-12-14T02:40:02.806+0000][6][safepoint    ] Safepoint "Cleanup", Time since last: 1000179076 ns, Reaching safepoint: 247574 ns, At safepoint: 16296 ns, Total: 263870 ns
[2020-12-14T02:40:03.807+0000][6][safepoint    ] Safepoint "Cleanup", Time since last: 1000165597 ns, Reaching safepoint: 225320 ns, At safepoint: 16416 ns, Total: 241736 ns
[2020-12-14T02:40:04.807+0000][6][safepoint    ] Safepoint "Cleanup", Time since last: 1000183505 ns, Reaching safepoint: 273460 ns, At safepoint: 19215 ns, Total: 292675 ns
[2020-12-14T02:40:06.376+0000][6][safepoint    ] Safepoint "Cleanup", Time since last: 1569048725 ns, Reaching safepoint: 235869 ns, At safepoint: 17797 ns, Total: 253666 ns
[2020-12-14T02:40:07.377+0000][6][safepoint    ] Safepoint "Cleanup", Time since last: 1000199881 ns, Reaching safepoint: 227077 ns, At safepoint: 18628 ns, Total: 245705 ns
[2020-12-14T02:40:08.377+0000][6][safepoint    ] Safepoint "Cleanup", Time since last: 1000187801 ns, Reaching safepoint: 231051 ns, At safepoint: 17016 ns, Total: 248067 ns
[2020-12-14T02:40:09.378+0000][6][safepoint    ] Safepoint "Cleanup", Time since last: 1000188904 ns, Reaching safepoint: 242339 ns, At safepoint: 17653 ns, Total: 259992 ns
[2020-12-14T02:40:10.378+0000][6][safepoint    ] Safepoint "Cleanup", Time since last: 1000183029 ns, Reaching safepoint: 259909 ns, At safepoint: 20175 ns, Total: 280084 ns
[2020-12-14T02:40:11.379+0000][6][safepoint    ] Safepoint "Cleanup", Time since last: 1000182982 ns, Reaching safepoint: 213569 ns, At safepoint: 18718 ns, Total: 232287 ns
[2020-12-14T02:40:12.379+0000][6][safepoint    ] Safepoint "Cleanup", Time since last: 1000179116 ns, Reaching safepoint: 304055 ns, At safepoint: 18804 ns, Total: 322859 ns
[2020-12-14T02:40:13.380+0000][6][safepoint    ] Safepoint "Cleanup", Time since last: 1000177212 ns, Reaching safepoint: 220013 ns, At safepoint: 18017 ns, Total: 238030 ns
[2020-12-14T02:40:14.380+0000][6][safepoint    ] Safepoint "Cleanup", Time since last: 1000182511 ns, Reaching safepoint: 222351 ns, At safepoint: 16826 ns, Total: 239177 ns
[2020-12-14T02:40:15.380+0000][6][safepoint    ] Safepoint "Cleanup", Time since last: 1000194275 ns, Reaching safepoint: 215494 ns, At safepoint: 17950 ns, Total: 233444 ns
[2020-12-14T02:40:16.381+0000][6][safepoint    ] Safepoint "Cleanup", Time since last: 1000187214 ns, Reaching safepoint: 224666 ns, At safepoint: 18207 ns, Total: 242873 ns
[2020-12-14T02:40:17.381+0000][6][safepoint    ] Safepoint "Cleanup", Time since last: 1000214137 ns, Reaching safepoint: 231403 ns, At safepoint: 18924 ns, Total: 250327 ns
[2020-12-14T02:40:18.382+0000][6][safepoint    ] Safepoint "Cleanup", Time since last: 1000177538 ns, Reaching safepoint: 225373 ns, At safepoint: 18558 ns, Total: 243931 ns
[2020-12-14T02:40:19.382+0000][6][safepoint    ] Safepoint "Cleanup", Time since last: 1000185149 ns, Reaching safepoint: 314054 ns, At safepoint: 20011 ns, Total: 334065 ns
[2020-12-14T02:40:20.383+0000][6][safepoint    ] Safepoint "Cleanup", Time since last: 1000185146 ns, Reaching safepoint: 216761 ns, At safepoint: 18578 ns, Total: 235339 ns
[2020-12-14T02:40:21.383+0000][6][safepoint    ] Safepoint "Cleanup", Time since last: 1000187344 ns, Reaching safepoint: 300679 ns, At safepoint: 19071 ns, Total: 319750 ns
[2020-12-14T02:40:22.384+0000][6][safepoint    ] Safepoint "Cleanup", Time since last: 1000185421 ns, Reaching safepoint: 217948 ns, At safepoint: 17904 ns, Total: 235852 ns
[2020-12-14T02:40:23.384+0000][6][safepoint    ] Safepoint "Cleanup", Time since last: 1000188651 ns, Reaching safepoint: 244418 ns, At safepoint: 92174 ns, Total: 336592 ns
[2020-12-14T02:40:24.385+0000][6][safepoint    ] Safepoint "Cleanup", Time since last: 1000191311 ns, Reaching safepoint: 205898 ns, At safepoint: 19028 ns, Total: 224926 ns
[2020-12-14T02:40:25.385+0000][6][safepoint    ] Safepoint "Cleanup", Time since last: 1000172189 ns, Reaching safepoint: 227424 ns, At safepoint: 18497 ns, Total: 245921 ns
[2020-12-14T02:40:26.581+0000][6][safepoint    ] Safepoint "Cleanup", Time since last: 1196125656 ns, Reaching safepoint: 217318 ns, At safepoint: 19201 ns, Total: 236519 ns
[2020-12-14T02:40:27.582+0000][6][safepoint    ] Safepoint "Cleanup", Time since last: 1000200281 ns, Reaching safepoint: 231667 ns, At safepoint: 18711 ns, Total: 250378 ns
[2020-12-14T02:40:28.582+0000][6][safepoint    ] Safepoint "Cleanup", Time since last: 1000183932 ns, Reaching safepoint: 234832 ns, At safepoint: 18847 ns, Total: 253679 ns
[2020-12-14T02:40:29.583+0000][6][safepoint    ] Safepoint "Cleanup", Time since last: 1000187035 ns, Reaching safepoint: 192237 ns, At safepoint: 18845 ns, Total: 211082 ns
[2020-12-14T02:40:30.010+0000][6][safepoint    ] Safepoint "BulkRevokeBias", Time since last: 426572497 ns, Reaching safepoint: 210829 ns, At safepoint: 1030647 ns, Total: 1241476 ns
[2020-12-14T02:40:31.032+0000][6][safepoint    ] Safepoint "Cleanup", Time since last: 1021359141 ns, Reaching safepoint: 227601 ns, At safepoint: 19201 ns, Total: 246802 ns
[2020-12-14T02:40:32.033+0000][6][safepoint    ] Safepoint "Cleanup", Time since last: 1000767154 ns, Reaching safepoint: 226770 ns, At safepoint: 15557 ns, Total: 242327 ns
[2020-12-14T02:40:33.033+0000][6][safepoint    ] Safepoint "Cleanup", Time since last: 1000200287 ns, Reaching safepoint: 215557 ns, At safepoint: 17947 ns, Total: 233504 ns
[2020-12-14T02:40:34.034+0000][6][safepoint    ] Safepoint "Cleanup", Time since last: 1000169550 ns, Reaching safepoint: 222188 ns, At safepoint: 14911 ns, Total: 237099 ns
[2020-12-14T02:40:35.034+0000][6][safepoint    ] Safepoint "Cleanup", Time since last: 1000193499 ns, Reaching safepoint: 251281 ns, At safepoint: 23080 ns, Total: 274361 ns
[2020-12-14T02:40:36.035+0000][6][safepoint    ] Safepoint "Cleanup", Time since last: 1000165655 ns, Reaching safepoint: 222631 ns, At safepoint: 16786 ns, Total: 239417 ns
[2020-12-14T02:40:37.035+0000][6][safepoint    ] Safepoint "Cleanup", Time since last: 1000192991 ns, Reaching safepoint: 244457 ns, At safepoint: 18361 ns, Total: 262818 ns
[2020-12-14T02:40:38.036+0000][6][safepoint    ] Safepoint "Cleanup", Time since last: 1000190182 ns, Reaching safepoint: 218342 ns, At safepoint: 17707 ns, Total: 236049 ns
[2020-12-14T02:40:39.036+0000][6][safepoint    ] Safepoint "Cleanup", Time since last: 1000196246 ns, Reaching safepoint: 248193 ns, At safepoint: 18194 ns, Total: 266387 ns
[2020-12-14T02:40:40.037+0000][6][safepoint    ] Safepoint "Cleanup", Time since last: 1000204417 ns, Reaching safepoint: 232314 ns, At safepoint: 17029 ns, Total: 249343 ns
[2020-12-14T02:40:41.037+0000][6][safepoint    ] Safepoint "Cleanup", Time since last: 1000193134 ns, Reaching safepoint: 215881 ns, At safepoint: 17487 ns, Total: 233368 ns
[2020-12-14T02:40:42.037+0000][6][safepoint    ] Safepoint "Cleanup", Time since last: 1000176194 ns, Reaching safepoint: 260407 ns, At safepoint: 17920 ns, Total: 278327 ns
[2020-12-14T02:40:43.038+0000][6][safepoint    ] Safepoint "Cleanup", Time since last: 1000187558 ns, Reaching safepoint: 212865 ns, At safepoint: 16756 ns, Total: 229621 ns
[2020-12-14T02:40:44.038+0000][6][safepoint    ] Safepoint "Cleanup", Time since last: 1000169788 ns, Reaching safepoint: 230976 ns, At safepoint: 17827 ns, Total: 248803 ns
[2020-12-14T02:40:45.039+0000][6][safepoint    ] Safepoint "Cleanup", Time since last: 1000183338 ns, Reaching safepoint: 240469 ns, At safepoint: 17757 ns, Total: 258226 ns
[2020-12-14T02:40:46.039+0000][6][safepoint    ] Safepoint "Cleanup", Time since last: 1000199631 ns, Reaching safepoint: 253359 ns, At safepoint: 18964 ns, Total: 272323 ns
[2020-12-14T02:40:47.040+0000][6][safepoint    ] Safepoint "Cleanup", Time since last: 1000200685 ns, Reaching safepoint: 254917 ns, At safepoint: 16757 ns, Total: 271674 ns
[2020-12-14T02:40:48.803+0000][6][safepoint    ] Safepoint "Cleanup", Time since last: 1763350612 ns, Reaching safepoint: 258206 ns, At safepoint: 18607 ns, Total: 276813 ns
[2020-12-14T02:40:49.804+0000][6][safepoint    ] Safepoint "Cleanup", Time since last: 1000190032 ns, Reaching safepoint: 231623 ns, At safepoint: 18767 ns, Total: 250390 ns
[2020-12-14T02:40:50.804+0000][6][safepoint    ] Safepoint "Cleanup", Time since last: 1000191160 ns, Reaching safepoint: 248967 ns, At safepoint: 18947 ns, Total: 267914 ns
[2020-12-14T02:40:51.805+0000][6][safepoint    ] Safepoint "Cleanup", Time since last: 1000185790 ns, Reaching safepoint: 244308 ns, At safepoint: 17675 ns, Total: 261983 ns
[2020-12-14T02:40:52.805+0000][6][safepoint    ] Safepoint "Cleanup", Time since last: 1000179364 ns, Reaching safepoint: 222618 ns, At safepoint: 33609 ns, Total: 256227 ns
[2020-12-14T02:40:53.806+0000][6][safepoint    ] Safepoint "Cleanup", Time since last: 1000191751 ns, Reaching safepoint: 249963 ns, At safepoint: 18678 ns, Total: 268641 ns
[2020-12-14T02:40:54.806+0000][6][safepoint    ] Safepoint "Cleanup", Time since last: 1000189945 ns, Reaching safepoint: 246498 ns, At safepoint: 17811 ns, Total: 264309 ns
[2020-12-14T02:40:55.806+0000][6][safepoint    ] Safepoint "Cleanup", Time since last: 1000134990 ns, Reaching safepoint: 225099 ns, At safepoint: 18484 ns, Total: 243583 ns
[2020-12-14T02:40:56.807+0000][6][safepoint    ] Safepoint "Cleanup", Time since last: 1000186057 ns, Reaching safepoint: 236590 ns, At safepoint: 18720 ns, Total: 255310 ns
[2020-12-14T02:40:57.807+0000][6][safepoint    ] Safepoint "Cleanup", Time since last: 1000161663 ns, Reaching safepoint: 247919 ns, At safepoint: 18658 ns, Total: 266577 ns
[2020-12-14T02:40:58.808+0000][6][safepoint    ] Safepoint "Cleanup", Time since last: 1000185890 ns, Reaching safepoint: 235702 ns, At safepoint: 18814 ns, Total: 254516 ns
[2020-12-14T02:40:59.808+0000][6][safepoint    ] Safepoint "Cleanup", Time since last: 1000193244 ns, Reaching safepoint: 385038 ns, At safepoint: 19418 ns, Total: 404456 ns
[2020-12-14T02:41:00.809+0000][6][safepoint    ] Safepoint "Cleanup", Time since last: 1000188545 ns, Reaching safepoint: 226844 ns, At safepoint: 18687 ns, Total: 245531 ns
[2020-12-14T02:41:01.809+0000][6][safepoint    ] Safepoint "Cleanup", Time since last: 1000182588 ns, Reaching safepoint: 250761 ns, At safepoint: 19258 ns, Total: 270019 ns
[2020-12-14T02:41:02.810+0000][6][safepoint    ] Safepoint "Cleanup", Time since last: 1000183685 ns, Reaching safepoint: 234318 ns, At safepoint: 19715 ns, Total: 254033 ns
[2020-12-14T02:41:03.810+0000][6][safepoint    ] Safepoint "Cleanup", Time since last: 1000185556 ns, Reaching safepoint: 231853 ns, At safepoint: 17263 ns, Total: 249116 ns
[2020-12-14T02:41:04.810+0000][6][safepoint    ] Safepoint "Cleanup", Time since last: 1000186991 ns, Reaching safepoint: 251288 ns, At safepoint: 19117 ns, Total: 270405 ns
[2020-12-14T02:41:05.811+0000][6][safepoint    ] Safepoint "Cleanup", Time since last: 1000163158 ns, Reaching safepoint: 219826 ns, At safepoint: 19785 ns, Total: 239611 ns
[2020-12-14T02:41:06.811+0000][6][safepoint    ] Safepoint "Cleanup", Time since last: 1000200270 ns, Reaching safepoint: 227014 ns, At safepoint: 18214 ns, Total: 245228 ns
[2020-12-14T02:41:07.812+0000][6][safepoint    ] Safepoint "Cleanup", Time since last: 1000188983 ns, Reaching safepoint: 227941 ns, At safepoint: 19421 ns, Total: 247362 ns
[2020-12-14T02:41:08.812+0000][6][safepoint    ] Safepoint "Cleanup", Time since last: 1000155045 ns, Reaching safepoint: 267477 ns, At safepoint: 18151 ns, Total: 285628 ns
[2020-12-14T02:41:09.813+0000][6][safepoint    ] Safepoint "Cleanup", Time since last: 1000183565 ns, Reaching safepoint: 250154 ns, At safepoint: 18779 ns, Total: 268933 ns
[2020-12-14T02:41:10.813+0000][6][safepoint    ] Safepoint "Cleanup", Time since last: 1000221402 ns, Reaching safepoint: 258584 ns, At safepoint: 18370 ns, Total: 276954 ns
[2020-12-14T02:41:11.814+0000][6][safepoint    ] Safepoint "Cleanup", Time since last: 1000186296 ns, Reaching safepoint: 268965 ns, At safepoint: 21072 ns, Total: 290037 ns
[2020-12-14T02:41:12.814+0000][6][safepoint    ] Safepoint "Cleanup", Time since last: 1000185085 ns, Reaching safepoint: 206749 ns, At safepoint: 73836 ns, Total: 280585 ns
[2020-12-14T02:41:13.815+0000][6][safepoint    ] Safepoint "Cleanup", Time since last: 1000208330 ns, Reaching safepoint: 229725 ns, At safepoint: 18928 ns, Total: 248653 ns
[2020-12-14T02:41:14.815+0000][6][safepoint    ] Safepoint "Cleanup", Time since last: 1000199777 ns, Reaching safepoint: 230633 ns, At safepoint: 17113 ns, Total: 247746 ns
[2020-12-14T02:41:15.816+0000][6][safepoint    ] Safepoint "Cleanup", Time since last: 1000256994 ns, Reaching safepoint: 236439 ns, At safepoint: 18204 ns, Total: 254643 ns
[2020-12-14T02:41:16.816+0000][6][safepoint    ] Safepoint "Cleanup", Time since last: 1000189653 ns, Reaching safepoint: 233137 ns, At safepoint: 19091 ns, Total: 252228 ns
[2020-12-14T02:41:17.816+0000][6][safepoint    ] Safepoint "Cleanup", Time since last: 1000199444 ns, Reaching safepoint: 231067 ns, At safepoint: 18881 ns, Total: 249948 ns
[2020-12-14T02:41:18.817+0000][6][safepoint    ] Safepoint "Cleanup", Time since last: 1000194721 ns, Reaching safepoint: 219683 ns, At safepoint: 18250 ns, Total: 237933 ns
[2020-12-14T02:41:19.817+0000][6][safepoint    ] Safepoint "Cleanup", Time since last: 1000183942 ns, Reaching safepoint: 285331 ns, At safepoint: 19021 ns, Total: 304352 ns
[2020-12-14T02:41:20.818+0000][6][safepoint    ] Safepoint "Cleanup", Time since last: 1000191616 ns, Reaching safepoint: 232934 ns, At safepoint: 18488 ns, Total: 251422 ns
[2020-12-14T02:41:21.818+0000][6][safepoint    ] Safepoint "Cleanup", Time since last: 1000193241 ns, Reaching safepoint: 283363 ns, At safepoint: 19104 ns, Total: 302467 ns
[2020-12-14T02:41:22.819+0000][6][safepoint    ] Safepoint "Cleanup", Time since last: 1000183708 ns, Reaching safepoint: 233725 ns, At safepoint: 18867 ns, Total: 252592 ns
[2020-12-14T02:41:23.819+0000][6][safepoint    ] Safepoint "Cleanup", Time since last: 1000195226 ns, Reaching safepoint: 383061 ns, At safepoint: 19144 ns, Total: 402205 ns
[2020-12-14T02:41:24.820+0000][6][safepoint    ] Safepoint "Cleanup", Time since last: 1000170811 ns, Reaching safepoint: 245491 ns, At safepoint: 21696 ns, Total: 267187 ns
[2020-12-14T02:41:25.636+0000][6][safepoint    ] Safepoint "BulkRevokeBias", Time since last: 815596575 ns, Reaching safepoint: 150619 ns, At safepoint: 957868 ns, Total: 1108487 ns
[2020-12-14T02:41:26.654+0000][6][safepoint    ] Safepoint "Cleanup", Time since last: 1017674648 ns, Reaching safepoint: 242403 ns, At safepoint: 16926 ns, Total: 259329 ns
[2020-12-14T02:41:27.655+0000][6][safepoint    ] Safepoint "Cleanup", Time since last: 1000192133 ns, Reaching safepoint: 222171 ns, At safepoint: 18194 ns, Total: 240365 ns
[2020-12-14T02:41:28.655+0000][6][safepoint    ] Safepoint "Cleanup", Time since last: 1000207482 ns, Reaching safepoint: 286601 ns, At safepoint: 18230 ns, Total: 304831 ns
[2020-12-14T02:41:29.656+0000][6][safepoint    ] Safepoint "Cleanup", Time since last: 1000206449 ns, Reaching safepoint: 217872 ns, At safepoint: 17817 ns, Total: 235689 ns
[2020-12-14T02:41:31.065+0000][6][safepoint    ] Safepoint "Cleanup", Time since last: 1408528278 ns, Reaching safepoint: 227631 ns, At safepoint: 21419 ns, Total: 249050 ns
[2020-12-14T02:41:32.065+0000][6][safepoint    ] Safepoint "Cleanup", Time since last: 1000190016 ns, Reaching safepoint: 229501 ns, At safepoint: 18945 ns, Total: 248446 ns
[2020-12-14T02:41:33.065+0000][6][safepoint    ] Safepoint "Cleanup", Time since last: 1000249890 ns, Reaching safepoint: 220920 ns, At safepoint: 17861 ns, Total: 238781 ns
[2020-12-14T02:41:34.066+0000][6][safepoint    ] Safepoint "Cleanup", Time since last: 1000186294 ns, Reaching safepoint: 237690 ns, At safepoint: 18037 ns, Total: 255727 ns
[2020-12-14T02:41:35.066+0000][6][safepoint    ] Safepoint "Cleanup", Time since last: 1000200403 ns, Reaching safepoint: 217155 ns, At safepoint: 18517 ns, Total: 235672 ns
[2020-12-14T02:41:36.067+0000][6][safepoint    ] Safepoint "Cleanup", Time since last: 1000205793 ns, Reaching safepoint: 234351 ns, At safepoint: 18838 ns, Total: 253189 ns
[2020-12-14T02:41:37.067+0000][6][safepoint    ] Safepoint "Cleanup", Time since last: 1000192163 ns, Reaching safepoint: 301113 ns, At safepoint: 18891 ns, Total: 320004 ns
[2020-12-14T02:41:38.068+0000][6][safepoint    ] Safepoint "Cleanup", Time since last: 1000190395 ns, Reaching safepoint: 227485 ns, At safepoint: 18660 ns, Total: 246145 ns
[2020-12-14T02:41:39.068+0000][6][safepoint    ] Safepoint "Cleanup", Time since last: 1000168704 ns, Reaching safepoint: 263101 ns, At safepoint: 19195 ns, Total: 282296 ns
[2020-12-14T02:41:40.069+0000][6][safepoint    ] Safepoint "Cleanup", Time since last: 1000191206 ns, Reaching safepoint: 233835 ns, At safepoint: 18897 ns, Total: 252732 ns
[2020-12-14T02:41:41.069+0000][6][safepoint    ] Safepoint "Cleanup", Time since last: 1000204437 ns, Reaching safepoint: 350122 ns, At safepoint: 18847 ns, Total: 368969 ns
[2020-12-14T02:41:42.070+0000][6][safepoint    ] Safepoint "Cleanup", Time since last: 1000181878 ns, Reaching safepoint: 246235 ns, At safepoint: 18817 ns, Total: 265052 ns
[2020-12-14T02:41:43.070+0000][6][safepoint    ] Safepoint "Cleanup", Time since last: 1000181263 ns, Reaching safepoint: 286642 ns, At safepoint: 19675 ns, Total: 306317 ns
[2020-12-14T02:41:44.071+0000][6][safepoint    ] Safepoint "Cleanup", Time since last: 1000218385 ns, Reaching safepoint: 227237 ns, At safepoint: 18598 ns, Total: 245835 ns
[2020-12-14T02:41:45.071+0000][6][safepoint    ] Safepoint "Cleanup", Time since last: 1000185510 ns, Reaching safepoint: 232937 ns, At safepoint: 32532 ns, Total: 265469 ns
[2020-12-14T02:41:46.072+0000][6][safepoint    ] Safepoint "Cleanup", Time since last: 1000162959 ns, Reaching safepoint: 231663 ns, At safepoint: 18698 ns, Total: 250361 ns
[2020-12-14T02:41:47.072+0000][6][safepoint    ] Safepoint "Cleanup", Time since last: 1000190840 ns, Reaching safepoint: 223499 ns, At safepoint: 20165 ns, Total: 243664 ns
[2020-12-14T02:41:48.072+0000][6][safepoint    ] Safepoint "Cleanup", Time since last: 1000193764 ns, Reaching safepoint: 218632 ns, At safepoint: 18511 ns, Total: 237143 ns
[2020-12-14T02:41:48.794+0000][6][safepoint    ] Safepoint "BulkRevokeBias", Time since last: 720735671 ns, Reaching safepoint: 350147 ns, At safepoint: 1043581 ns, Total: 1393728 ns
[2020-12-14T02:41:49.796+0000][6][safepoint    ] Safepoint "Cleanup", Time since last: 1000798705 ns, Reaching safepoint: 231010 ns, At safepoint: 18370 ns, Total: 249380 ns
[2020-12-14T02:41:50.796+0000][6][safepoint    ] Safepoint "Cleanup", Time since last: 1000188529 ns, Reaching safepoint: 226854 ns, At safepoint: 18491 ns, Total: 245345 ns
[2020-12-14T02:41:51.796+0000][6][safepoint    ] Safepoint "Cleanup", Time since last: 1000220573 ns, Reaching safepoint: 235559 ns, At safepoint: 18637 ns, Total: 254196 ns
[2020-12-14T02:41:52.797+0000][6][safepoint    ] Safepoint "Cleanup", Time since last: 1000182311 ns, Reaching safepoint: 245425 ns, At safepoint: 18724 ns, Total: 264149 ns
[2020-12-14T02:41:53.797+0000][6][safepoint    ] Safepoint "Cleanup", Time since last: 1000195158 ns, Reaching safepoint: 228835 ns, At safepoint: 18687 ns, Total: 247522 ns
[2020-12-14T02:41:54.798+0000][6][safepoint    ] Safepoint "Cleanup", Time since last: 1000189623 ns, Reaching safepoint: 237103 ns, At safepoint: 18947 ns, Total: 256050 ns
[2020-12-14T02:41:55.798+0000][6][safepoint    ] Safepoint "Cleanup", Time since last: 1000186144 ns, Reaching safepoint: 250744 ns, At safepoint: 18744 ns, Total: 269488 ns
[2020-12-14T02:41:56.799+0000][6][safepoint    ] Safepoint "Cleanup", Time since last: 1000188751 ns, Reaching safepoint: 233641 ns, At safepoint: 18818 ns, Total: 252459 ns
[2020-12-14T02:41:57.799+0000][6][safepoint    ] Safepoint "Cleanup", Time since last: 1000180660 ns, Reaching safepoint: 332922 ns, At safepoint: 19067 ns, Total: 351989 ns
[2020-12-14T02:41:58.800+0000][6][safepoint    ] Safepoint "Cleanup", Time since last: 1000186781 ns, Reaching safepoint: 234812 ns, At safepoint: 19087 ns, Total: 253899 ns
[2020-12-14T02:41:59.800+0000][6][safepoint    ] Safepoint "Cleanup", Time since last: 1000188068 ns, Reaching safepoint: 231313 ns, At safepoint: 19044 ns, Total: 250357 ns
[2020-12-14T02:42:00.801+0000][6][safepoint    ] Safepoint "Cleanup", Time since last: 1000188825 ns, Reaching safepoint: 233454 ns, At safepoint: 18624 ns, Total: 252078 ns
[2020-12-14T02:42:01.801+0000][6][safepoint    ] Safepoint "Cleanup", Time since last: 1000188042 ns, Reaching safepoint: 234815 ns, At safepoint: 18857 ns, Total: 253672 ns
[2020-12-14T02:42:02.801+0000][6][safepoint    ] Safepoint "Cleanup", Time since last: 1000186043 ns, Reaching safepoint: 251282 ns, At safepoint: 18657 ns, Total: 269939 ns
[2020-12-14T02:42:03.802+0000][6][safepoint    ] Safepoint "Cleanup", Time since last: 1000189012 ns, Reaching safepoint: 240828 ns, At safepoint: 18684 ns, Total: 259512 ns
[2020-12-14T02:42:04.802+0000][6][safepoint    ] Safepoint "Cleanup", Time since last: 1000170228 ns, Reaching safepoint: 253626 ns, At safepoint: 18554 ns, Total: 272180 ns
[2020-12-14T02:42:05.803+0000][6][safepoint    ] Safepoint "Cleanup", Time since last: 1000181143 ns, Reaching safepoint: 241649 ns, At safepoint: 17641 ns, Total: 259290 ns
[2020-12-14T02:42:06.803+0000][6][safepoint    ] Safepoint "Cleanup", Time since last: 1000185099 ns, Reaching safepoint: 306967 ns, At safepoint: 20098 ns, Total: 327065 ns
[2020-12-14T02:42:07.804+0000][6][safepoint    ] Safepoint "Cleanup", Time since last: 1000165464 ns, Reaching safepoint: 223832 ns, At safepoint: 18431 ns, Total: 242263 ns
[2020-12-14T02:42:08.804+0000][6][safepoint    ] Safepoint "Cleanup", Time since last: 1000210237 ns, Reaching safepoint: 249053 ns, At safepoint: 18781 ns, Total: 267834 ns
[2020-12-14T02:42:09.805+0000][6][safepoint    ] Safepoint "Cleanup", Time since last: 1000189316 ns, Reaching safepoint: 224979 ns, At safepoint: 18361 ns, Total: 243340 ns
[2020-12-14T02:42:10.805+0000][6][safepoint    ] Safepoint "Cleanup", Time since last: 1000192430 ns, Reaching safepoint: 221861 ns, At safepoint: 16499 ns, Total: 238360 ns
[2020-12-14T02:42:11.806+0000][6][safepoint    ] Safepoint "Cleanup", Time since last: 1000206702 ns, Reaching safepoint: 250411 ns, At safepoint: 20769 ns, Total: 271180 ns
[2020-12-14T02:42:12.806+0000][6][safepoint    ] Safepoint "Cleanup", Time since last: 1000183168 ns, Reaching safepoint: 224485 ns, At safepoint: 18811 ns, Total: 243296 ns
[2020-12-14T02:42:13.806+0000][6][safepoint    ] Safepoint "Cleanup", Time since last: 1000197573 ns, Reaching safepoint: 233458 ns, At safepoint: 25368 ns, Total: 258826 ns
[2020-12-14T02:42:14.807+0000][6][safepoint    ] Safepoint "Cleanup", Time since last: 1000194332 ns, Reaching safepoint: 235599 ns, At safepoint: 18671 ns, Total: 254270 ns
[2020-12-14T02:42:15.807+0000][6][safepoint    ] Safepoint "Cleanup", Time since last: 1000216484 ns, Reaching safepoint: 271799 ns, At safepoint: 19108 ns, Total: 290907 ns
[2020-12-14T02:42:16.808+0000][6][safepoint    ] Safepoint "Cleanup", Time since last: 1000191960 ns, Reaching safepoint: 234088 ns, At safepoint: 18957 ns, Total: 253045 ns
[2020-12-14T02:42:17.808+0000][6][safepoint    ] Safepoint "Cleanup", Time since last: 1000195856 ns, Reaching safepoint: 268881 ns, At safepoint: 17992 ns, Total: 286873 ns
[2020-12-14T02:42:18.809+0000][6][safepoint    ] Safepoint "Cleanup", Time since last: 1000186292 ns, Reaching safepoint: 237590 ns, At safepoint: 18888 ns, Total: 256478 ns
[2020-12-14T02:42:19.809+0000][6][safepoint    ] Safepoint "Cleanup", Time since last: 1000201035 ns, Reaching safepoint: 362752 ns, At safepoint: 19574 ns, Total: 382326 ns
[2020-12-14T02:42:20.810+0000][6][safepoint    ] Safepoint "Cleanup", Time since last: 1000190503 ns, Reaching safepoint: 232697 ns, At safepoint: 19048 ns, Total: 251745 ns
[2020-12-14T02:42:21.810+0000][6][safepoint    ] Safepoint "Cleanup", Time since last: 1000208816 ns, Reaching safepoint: 248186 ns, At safepoint: 19065 ns, Total: 267251 ns
[2020-12-14T02:42:22.811+0000][6][safepoint    ] Safepoint "Cleanup", Time since last: 1000161229 ns, Reaching safepoint: 233104 ns, At safepoint: 19191 ns, Total: 252295 ns
[2020-12-14T02:42:23.811+0000][6][safepoint    ] Safepoint "Cleanup", Time since last: 1000205204 ns, Reaching safepoint: 260266 ns, At safepoint: 17514 ns, Total: 277780 ns
[2020-12-14T02:42:24.812+0000][6][safepoint    ] Safepoint "Cleanup", Time since last: 1000191890 ns, Reaching safepoint: 242976 ns, At safepoint: 16930 ns, Total: 259906 ns
[2020-12-14T02:42:26.727+0000][6][safepoint    ] Safepoint "Cleanup", Time since last: 1914892789 ns, Reaching safepoint: 248443 ns, At safepoint: 18927 ns, Total: 267370 ns
[2020-12-14T02:42:27.727+0000][6][safepoint    ] Safepoint "Cleanup", Time since last: 1000199054 ns, Reaching safepoint: 260967 ns, At safepoint: 19111 ns, Total: 280078 ns
[2020-12-14T02:42:28.728+0000][6][safepoint    ] Safepoint "Cleanup", Time since last: 1000197446 ns, Reaching safepoint: 242790 ns, At safepoint: 20278 ns, Total: 263068 ns
[2020-12-14T02:42:29.728+0000][6][safepoint    ] Safepoint "Cleanup", Time since last: 1000213359 ns, Reaching safepoint: 322076 ns, At safepoint: 19547 ns, Total: 341623 ns
[2020-12-14T02:42:30.098+0000][6][safepoint    ] Safepoint "BulkRevokeBias", Time since last: 368141241 ns, Reaching safepoint: 179149 ns, At safepoint: 1060000 ns, Total: 1239149 ns
[2020-12-14T02:42:31.100+0000][6][safepoint    ] Safepoint "Cleanup", Time since last: 1002293428 ns, Reaching safepoint: 265800 ns, At safepoint: 19184 ns, Total: 284984 ns
[2020-12-14T02:42:32.101+0000][6][safepoint    ] Safepoint "Cleanup", Time since last: 1000172272 ns, Reaching safepoint: 243009 ns, At safepoint: 17305 ns, Total: 260314 ns
[2020-12-14T02:42:33.101+0000][6][safepoint    ] Safepoint "Cleanup", Time since last: 1000192106 ns, Reaching safepoint: 213807 ns, At safepoint: 16569 ns, Total: 230376 ns
[2020-12-14T02:42:34.102+0000][6][safepoint    ] Safepoint "Cleanup", Time since last: 1000238600 ns, Reaching safepoint: 222461 ns, At safepoint: 17554 ns, Total: 240015 ns
[2020-12-14T02:42:35.102+0000][6][safepoint    ] Safepoint "Cleanup", Time since last: 1000188428 ns, Reaching safepoint: 222488 ns, At safepoint: 16752 ns, Total: 239240 ns
[2020-12-14T02:42:36.102+0000][6][safepoint    ] Safepoint "Cleanup", Time since last: 1000202530 ns, Reaching safepoint: 238844 ns, At safepoint: 17843 ns, Total: 256687 ns
[2020-12-14T02:42:37.103+0000][6][safepoint    ] Safepoint "Cleanup", Time since last: 1000203194 ns, Reaching safepoint: 241359 ns, At safepoint: 17733 ns, Total: 259092 ns
[2020-12-14T02:42:38.103+0000][6][safepoint    ] Safepoint "Cleanup", Time since last: 1000193782 ns, Reaching safepoint: 237516 ns, At safepoint: 17624 ns, Total: 255140 ns
[2020-12-14T02:42:39.104+0000][6][safepoint    ] Safepoint "Cleanup", Time since last: 1000202962 ns, Reaching safepoint: 229892 ns, At safepoint: 18014 ns, Total: 247906 ns
[2020-12-14T02:42:40.104+0000][6][safepoint    ] Safepoint "Cleanup", Time since last: 1000208466 ns, Reaching safepoint: 271113 ns, At safepoint: 19224 ns, Total: 290337 ns
[2020-12-14T02:42:41.105+0000][6][safepoint    ] Safepoint "Cleanup", Time since last: 1000190133 ns, Reaching safepoint: 220687 ns, At safepoint: 17683 ns, Total: 238370 ns
[2020-12-14T02:42:42.105+0000][6][safepoint    ] Safepoint "Cleanup", Time since last: 1000186987 ns, Reaching safepoint: 281322 ns, At safepoint: 19524 ns, Total: 300846 ns
[2020-12-14T02:42:43.106+0000][6][safepoint    ] Safepoint "Cleanup", Time since last: 1000177562 ns, Reaching safepoint: 218973 ns, At safepoint: 17550 ns, Total: 236523 ns
[2020-12-14T02:42:44.106+0000][6][safepoint    ] Safepoint "Cleanup", Time since last: 1000183885 ns, Reaching safepoint: 224676 ns, At safepoint: 16079 ns, Total: 240755 ns
[2020-12-14T02:42:45.106+0000][6][safepoint    ] Safepoint "Cleanup", Time since last: 1000234698 ns, Reaching safepoint: 230780 ns, At safepoint: 18060 ns, Total: 248840 ns
[2020-12-14T02:42:46.107+0000][6][safepoint    ] Safepoint "Cleanup", Time since last: 1000213586 ns, Reaching safepoint: 223202 ns, At safepoint: 17353 ns, Total: 240555 ns
[2020-12-14T02:42:47.107+0000][6][safepoint    ] Safepoint "Cleanup", Time since last: 1000214183 ns, Reaching safepoint: 230072 ns, At safepoint: 17564 ns, Total: 247636 ns
[2020-12-14T02:42:48.108+0000][6][safepoint    ] Safepoint "Cleanup", Time since last: 1000182324 ns, Reaching safepoint: 250531 ns, At safepoint: 17447 ns, Total: 267978 ns
[2020-12-14T02:42:49.108+0000][6][safepoint    ] Safepoint "Cleanup", Time since last: 1000316792 ns, Reaching safepoint: 226290 ns, At safepoint: 17500 ns, Total: 243790 ns
[2020-12-14T02:42:50.805+0000][6][safepoint    ] Safepoint "Cleanup", Time since last: 1696552829 ns, Reaching safepoint: 241469 ns, At safepoint: 18564 ns, Total: 260033 ns
[2020-12-14T02:42:51.806+0000][6][safepoint    ] Safepoint "Cleanup", Time since last: 1000213420 ns, Reaching safepoint: 224259 ns, At safepoint: 17309 ns, Total: 241568 ns
[2020-12-14T02:42:52.806+0000][6][safepoint    ] Safepoint "Cleanup", Time since last: 1000185999 ns, Reaching safepoint: 291164 ns, At safepoint: 18091 ns, Total: 309255 ns
[2020-12-14T02:42:53.807+0000][6][safepoint    ] Safepoint "Cleanup", Time since last: 1000197591 ns, Reaching safepoint: 223108 ns, At safepoint: 18527 ns, Total: 241635 ns
[2020-12-14T02:42:54.807+0000][6][safepoint    ] Safepoint "Cleanup", Time since last: 1000185896 ns, Reaching safepoint: 232081 ns, At safepoint: 80019 ns, Total: 312100 ns
[2020-12-14T02:42:55.808+0000][6][safepoint    ] Safepoint "Cleanup", Time since last: 1000192407 ns, Reaching safepoint: 241796 ns, At safepoint: 19851 ns, Total: 261647 ns
[2020-12-14T02:42:56.808+0000][6][safepoint    ] Safepoint "Cleanup", Time since last: 1000193788 ns, Reaching safepoint: 237340 ns, At safepoint: 17427 ns, Total: 254767 ns
[2020-12-14T02:42:57.809+0000][6][safepoint    ] Safepoint "Cleanup", Time since last: 1000265423 ns, Reaching safepoint: 245451 ns, At safepoint: 18607 ns, Total: 264058 ns
[2020-12-14T02:42:58.809+0000][6][safepoint    ] Safepoint "Cleanup", Time since last: 1000191613 ns, Reaching safepoint: 216188 ns, At safepoint: 17099 ns, Total: 233287 ns
[2020-12-14T02:42:59.809+0000][6][safepoint    ] Safepoint "Cleanup", Time since last: 1000198011 ns, Reaching safepoint: 229061 ns, At safepoint: 18858 ns, Total: 247919 ns
[2020-12-14T02:43:00.810+0000][6][safepoint    ] Safepoint "Cleanup", Time since last: 1000184282 ns, Reaching safepoint: 243750 ns, At safepoint: 18891 ns, Total: 262641 ns
[2020-12-14T02:43:01.810+0000][6][safepoint    ] Safepoint "Cleanup", Time since last: 1000220310 ns, Reaching safepoint: 221971 ns, At safepoint: 18971 ns, Total: 240942 ns
[2020-12-14T02:43:02.811+0000][6][safepoint    ] Safepoint "Cleanup", Time since last: 1000184062 ns, Reaching safepoint: 236556 ns, At safepoint: 18441 ns, Total: 254997 ns
[2020-12-14T02:43:03.811+0000][6][safepoint    ] Safepoint "Cleanup", Time since last: 1000202362 ns, Reaching safepoint: 261888 ns, At safepoint: 18857 ns, Total: 280745 ns
[2020-12-14T02:43:04.812+0000][6][safepoint    ] Safepoint "Cleanup", Time since last: 1000144366 ns, Reaching safepoint: 212499 ns, At safepoint: 17670 ns, Total: 230169 ns
[2020-12-14T02:43:05.812+0000][6][safepoint    ] Safepoint "Cleanup", Time since last: 1000181925 ns, Reaching safepoint: 213769 ns, At safepoint: 17740 ns, Total: 231509 ns
[2020-12-14T02:43:06.813+0000][6][safepoint    ] Safepoint "Cleanup", Time since last: 1000223345 ns, Reaching safepoint: 232154 ns, At safepoint: 19060 ns, Total: 251214 ns
[2020-12-14T02:43:07.813+0000][6][safepoint    ] Safepoint "Cleanup", Time since last: 1000188712 ns, Reaching safepoint: 233654 ns, At safepoint: 19185 ns, Total: 252839 ns
[2020-12-14T02:43:08.813+0000][6][safepoint    ] Safepoint "Cleanup", Time since last: 1000154345 ns, Reaching safepoint: 217899 ns, At safepoint: 17686 ns, Total: 235585 ns
[2020-12-14T02:43:09.814+0000][6][safepoint    ] Safepoint "Cleanup", Time since last: 1000197574 ns, Reaching safepoint: 225212 ns, At safepoint: 19945 ns, Total: 245157 ns
[2020-12-14T02:43:11.413+0000][6][safepoint    ] Safepoint "Cleanup", Time since last: 1599163544 ns, Reaching safepoint: 253129 ns, At safepoint: 19231 ns, Total: 272360 ns
[2020-12-14T02:43:12.414+0000][6][safepoint    ] Safepoint "Cleanup", Time since last: 1000215177 ns, Reaching safepoint: 258075 ns, At safepoint: 18754 ns, Total: 276829 ns
[2020-12-14T02:43:13.414+0000][6][safepoint    ] Safepoint "Cleanup", Time since last: 1000177462 ns, Reaching safepoint: 255251 ns, At safepoint: 17312 ns, Total: 272563 ns
[2020-12-14T02:43:14.415+0000][6][safepoint    ] Safepoint "Cleanup", Time since last: 1000191040 ns, Reaching safepoint: 232293 ns, At safepoint: 18567 ns, Total: 250860 ns
[2020-12-14T02:43:15.415+0000][6][safepoint    ] Safepoint "Cleanup", Time since last: 1000183579 ns, Reaching safepoint: 231136 ns, At safepoint: 18037 ns, Total: 249173 ns
[2020-12-14T02:43:16.416+0000][6][safepoint    ] Safepoint "Cleanup", Time since last: 1000247386 ns, Reaching safepoint: 227567 ns, At safepoint: 19862 ns, Total: 247429 ns
[2020-12-14T02:43:17.416+0000][6][safepoint    ] Safepoint "Cleanup", Time since last: 1000190716 ns, Reaching safepoint: 221614 ns, At safepoint: 21399 ns, Total: 243013 ns
[2020-12-14T02:43:18.416+0000][6][safepoint    ] Safepoint "Cleanup", Time since last: 1000193201 ns, Reaching safepoint: 233085 ns, At safepoint: 17672 ns, Total: 250757 ns
[2020-12-14T02:43:19.417+0000][6][safepoint    ] Safepoint "Cleanup", Time since last: 1000192883 ns, Reaching safepoint: 221514 ns, At safepoint: 18051 ns, Total: 239565 ns
[2020-12-14T02:43:20.417+0000][6][safepoint    ] Safepoint "Cleanup", Time since last: 1000178743 ns, Reaching safepoint: 294082 ns, At safepoint: 19265 ns, Total: 313347 ns
[2020-12-14T02:43:21.418+0000][6][safepoint    ] Safepoint "Cleanup", Time since last: 1000191447 ns, Reaching safepoint: 225696 ns, At safepoint: 18947 ns, Total: 244643 ns
[2020-12-14T02:43:22.418+0000][6][safepoint    ] Safepoint "Cleanup", Time since last: 1000202123 ns, Reaching safepoint: 234979 ns, At safepoint: 19121 ns, Total: 254100 ns
[2020-12-14T02:43:23.419+0000][6][safepoint    ] Safepoint "Cleanup", Time since last: 1000191839 ns, Reaching safepoint: 226527 ns, At safepoint: 18508 ns, Total: 245035 ns
[2020-12-14T02:43:24.419+0000][6][safepoint    ] Safepoint "Cleanup", Time since last: 1000193617 ns, Reaching safepoint: 279604 ns, At safepoint: 19181 ns, Total: 298785 ns
[2020-12-14T02:43:25.420+0000][6][safepoint    ] Safepoint "Cleanup", Time since last: 1000192674 ns, Reaching safepoint: 235636 ns, At safepoint: 18577 ns, Total: 254213 ns
[2020-12-14T02:43:26.801+0000][6][safepoint    ] Safepoint "Cleanup", Time since last: 1381481814 ns, Reaching safepoint: 257787 ns, At safepoint: 17915 ns, Total: 275702 ns
[2020-12-14T02:43:27.802+0000][6][safepoint    ] Safepoint "Cleanup", Time since last: 1000193540 ns, Reaching safepoint: 233351 ns, At safepoint: 18784 ns, Total: 252135 ns
[2020-12-14T02:43:28.802+0000][6][safepoint    ] Safepoint "Cleanup", Time since last: 1000178219 ns, Reaching safepoint: 271019 ns, At safepoint: 19405 ns, Total: 290424 ns
[2020-12-14T02:43:29.803+0000][6][safepoint    ] Safepoint "Cleanup", Time since last: 1000195892 ns, Reaching safepoint: 236917 ns, At safepoint: 17594 ns, Total: 254511 ns
[2020-12-14T02:43:31.135+0000][6][safepoint    ] Safepoint "Cleanup", Time since last: 1332139946 ns, Reaching safepoint: 261517 ns, At safepoint: 18087 ns, Total: 279604 ns
[2020-12-14T02:43:32.136+0000][6][safepoint    ] Safepoint "Cleanup", Time since last: 1000183022 ns, Reaching safepoint: 267557 ns, At safepoint: 18069 ns, Total: 285626 ns
[2020-12-14T02:43:33.136+0000][6][safepoint    ] Safepoint "Cleanup", Time since last: 1000201593 ns, Reaching safepoint: 215307 ns, At safepoint: 16223 ns, Total: 231530 ns
[2020-12-14T02:43:34.137+0000][6][safepoint    ] Safepoint "Cleanup", Time since last: 1000251481 ns, Reaching safepoint: 223135 ns, At safepoint: 20492 ns, Total: 243627 ns
[2020-12-14T02:43:35.137+0000][6][safepoint    ] Safepoint "Cleanup", Time since last: 1000185696 ns, Reaching safepoint: 219933 ns, At safepoint: 19658 ns, Total: 239591 ns
[2020-12-14T02:43:36.137+0000][6][safepoint    ] Safepoint "Cleanup", Time since last: 1000189810 ns, Reaching safepoint: 208655 ns, At safepoint: 16218 ns, Total: 224873 ns
[2020-12-14T02:43:37.138+0000][6][safepoint    ] Safepoint "Cleanup", Time since last: 1000180122 ns, Reaching safepoint: 225070 ns, At safepoint: 17166 ns, Total: 242236 ns
[2020-12-14T02:43:38.138+0000][6][safepoint    ] Safepoint "Cleanup", Time since last: 1000184962 ns, Reaching safepoint: 288916 ns, At safepoint: 17502 ns, Total: 306418 ns
[2020-12-14T02:43:39.139+0000][6][safepoint    ] Safepoint "Cleanup", Time since last: 1000188527 ns, Reaching safepoint: 232524 ns, At safepoint: 17446 ns, Total: 249970 ns
[2020-12-14T02:43:40.139+0000][6][safepoint    ] Safepoint "Cleanup", Time since last: 1000195823 ns, Reaching safepoint: 244617 ns, At safepoint: 18162 ns, Total: 262779 ns
[2020-12-14T02:43:41.140+0000][6][safepoint    ] Safepoint "Cleanup", Time since last: 1000185556 ns, Reaching safepoint: 224635 ns, At safepoint: 18157 ns, Total: 242792 ns
[2020-12-14T02:43:42.140+0000][6][safepoint    ] Safepoint "Cleanup", Time since last: 1000175147 ns, Reaching safepoint: 270172 ns, At safepoint: 18904 ns, Total: 289076 ns
[2020-12-14T02:43:43.141+0000][6][safepoint    ] Safepoint "Cleanup", Time since last: 1000179503 ns, Reaching safepoint: 215938 ns, At safepoint: 18274 ns, Total: 234212 ns
[2020-12-14T02:43:44.141+0000][6][safepoint    ] Safepoint "Cleanup", Time since last: 1000183140 ns, Reaching safepoint: 221358 ns, At safepoint: 17573 ns, Total: 238931 ns
[2020-12-14T02:43:45.141+0000][6][safepoint    ] Safepoint "Cleanup", Time since last: 1000192511 ns, Reaching safepoint: 231413 ns, At safepoint: 18771 ns, Total: 250184 ns
[2020-12-14T02:43:46.483+0000][6][safepoint    ] Safepoint "Cleanup", Time since last: 1341238645 ns, Reaching safepoint: 235069 ns, At safepoint: 18674 ns, Total: 253743 ns
[2020-12-14T02:43:47.483+0000][6][safepoint    ] Safepoint "Cleanup", Time since last: 1000186186 ns, Reaching safepoint: 244974 ns, At safepoint: 19275 ns, Total: 264249 ns
[2020-12-14T02:43:48.484+0000][6][safepoint    ] Safepoint "Cleanup", Time since last: 1000190349 ns, Reaching safepoint: 228221 ns, At safepoint: 18684 ns, Total: 246905 ns
[2020-12-14T02:43:49.484+0000][6][safepoint    ] Safepoint "Cleanup", Time since last: 1000184360 ns, Reaching safepoint: 269322 ns, At safepoint: 19211 ns, Total: 288533 ns
[2020-12-14T02:43:50.485+0000][6][safepoint    ] Safepoint "Cleanup", Time since last: 1000179635 ns, Reaching safepoint: 212379 ns, At safepoint: 17348 ns, Total: 229727 ns
[2020-12-14T02:43:51.831+0000][6][safepoint    ] Safepoint "Cleanup", Time since last: 1345664255 ns, Reaching safepoint: 243593 ns, At safepoint: 17924 ns, Total: 261517 ns
[2020-12-14T02:43:52.831+0000][6][safepoint    ] Safepoint "Cleanup", Time since last: 1000197997 ns, Reaching safepoint: 233527 ns, At safepoint: 17007 ns, Total: 250534 ns
[2020-12-14T02:43:53.831+0000][6][safepoint    ] Safepoint "Cleanup", Time since last: 1000227647 ns, Reaching safepoint: 234348 ns, At safepoint: 18478 ns, Total: 252826 ns
[2020-12-14T02:43:54.832+0000][6][safepoint    ] Safepoint "Cleanup", Time since last: 1000198467 ns, Reaching safepoint: 240268 ns, At safepoint: 17076 ns, Total: 257344 ns
[2020-12-14T02:43:55.832+0000][6][safepoint    ] Safepoint "Cleanup", Time since last: 1000170201 ns, Reaching safepoint: 222498 ns, At safepoint: 18507 ns, Total: 241005 ns
[2020-12-14T02:43:56.833+0000][6][safepoint    ] Safepoint "Cleanup", Time since last: 1000167686 ns, Reaching safepoint: 220323 ns, At safepoint: 18315 ns, Total: 238638 ns
[2020-12-14T02:43:57.833+0000][6][safepoint    ] Safepoint "Cleanup", Time since last: 1000194371 ns, Reaching safepoint: 251726 ns, At safepoint: 17925 ns, Total: 269651 ns
[2020-12-14T02:43:58.834+0000][6][safepoint    ] Safepoint "Cleanup", Time since last: 1000166878 ns, Reaching safepoint: 228534 ns, At safepoint: 16810 ns, Total: 245344 ns
[2020-12-14T02:43:59.834+0000][6][safepoint    ] Safepoint "Cleanup", Time since last: 1000209899 ns, Reaching safepoint: 287119 ns, At safepoint: 19424 ns, Total: 306543 ns
[2020-12-14T02:44:00.835+0000][6][safepoint    ] Safepoint "Cleanup", Time since last: 1000201852 ns, Reaching safepoint: 237704 ns, At safepoint: 17598 ns, Total: 255302 ns
[2020-12-14T02:44:01.835+0000][6][safepoint    ] Safepoint "Cleanup", Time since last: 1000193260 ns, Reaching safepoint: 237897 ns, At safepoint: 37317 ns, Total: 275214 ns
[2020-12-14T02:44:02.835+0000][6][safepoint    ] Safepoint "Cleanup", Time since last: 1000184904 ns, Reaching safepoint: 212793 ns, At safepoint: 15887 ns, Total: 228680 ns
[2020-12-14T02:44:03.836+0000][6][safepoint    ] Safepoint "Cleanup", Time since last: 1000188503 ns, Reaching safepoint: 226687 ns, At safepoint: 15079 ns, Total: 241766 ns
[2020-12-14T02:44:04.836+0000][6][safepoint    ] Safepoint "Cleanup", Time since last: 1000175723 ns, Reaching safepoint: 237367 ns, At safepoint: 18694 ns, Total: 256061 ns
[2020-12-14T02:44:05.837+0000][6][safepoint    ] Safepoint "Cleanup", Time since last: 1000205294 ns, Reaching safepoint: 217940 ns, At safepoint: 17487 ns, Total: 235427 ns
[2020-12-14T02:44:06.837+0000][6][safepoint    ] Safepoint "Cleanup", Time since last: 1000188824 ns, Reaching safepoint: 231356 ns, At safepoint: 16669 ns, Total: 248025 ns
[2020-12-14T02:44:07.838+0000][6][safepoint    ] Safepoint "Cleanup", Time since last: 1000190957 ns, Reaching safepoint: 235825 ns, At safepoint: 18601 ns, Total: 254426 ns
[2020-12-14T02:44:08.838+0000][6][safepoint    ] Safepoint "Cleanup", Time since last: 1000195666 ns, Reaching safepoint: 306049 ns, At safepoint: 23107 ns, Total: 329156 ns
[2020-12-14T02:44:09.839+0000][6][safepoint    ] Safepoint "Cleanup", Time since last: 1000190538 ns, Reaching safepoint: 228688 ns, At safepoint: 18438 ns, Total: 247126 ns
[2020-12-14T02:44:11.493+0000][6][safepoint    ] Safepoint "Cleanup", Time since last: 1654517675 ns, Reaching safepoint: 224322 ns, At safepoint: 18831 ns, Total: 243153 ns
[2020-12-14T02:44:12.494+0000][6][safepoint    ] Safepoint "Cleanup", Time since last: 1000182680 ns, Reaching safepoint: 239952 ns, At safepoint: 18073 ns, Total: 258025 ns
[2020-12-14T02:44:13.494+0000][6][safepoint    ] Safepoint "Cleanup", Time since last: 1000177835 ns, Reaching safepoint: 244214 ns, At safepoint: 18674 ns, Total: 262888 ns
[2020-12-14T02:44:14.495+0000][6][safepoint    ] Safepoint "Cleanup", Time since last: 1000184604 ns, Reaching safepoint: 220663 ns, At safepoint: 18811 ns, Total: 239474 ns
[2020-12-14T02:44:15.495+0000][6][safepoint    ] Safepoint "Cleanup", Time since last: 1000158948 ns, Reaching safepoint: 231022 ns, At safepoint: 17657 ns, Total: 248679 ns
[2020-12-14T02:44:16.496+0000][6][safepoint    ] Safepoint "Cleanup", Time since last: 1000189942 ns, Reaching safepoint: 218963 ns, At safepoint: 17873 ns, Total: 236836 ns
[2020-12-14T02:44:17.496+0000][6][safepoint    ] Safepoint "Cleanup", Time since last: 1000192134 ns, Reaching safepoint: 222125 ns, At safepoint: 18243 ns, Total: 240368 ns
[2020-12-14T02:44:18.496+0000][6][safepoint    ] Safepoint "Cleanup", Time since last: 1000181515 ns, Reaching safepoint: 211565 ns, At safepoint: 18454 ns, Total: 230019 ns
[2020-12-14T02:44:19.497+0000][6][safepoint    ] Safepoint "Cleanup", Time since last: 1000185429 ns, Reaching safepoint: 220463 ns, At safepoint: 18251 ns, Total: 238714 ns
[2020-12-14T02:44:20.497+0000][6][safepoint    ] Safepoint "Cleanup", Time since last: 1000182159 ns, Reaching safepoint: 239227 ns, At safepoint: 17573 ns, Total: 256800 ns
[2020-12-14T02:44:21.498+0000][6][safepoint    ] Safepoint "Cleanup", Time since last: 1000183612 ns, Reaching safepoint: 222891 ns, At safepoint: 18417 ns, Total: 241308 ns
[2020-12-14T02:44:22.498+0000][6][safepoint    ] Safepoint "Cleanup", Time since last: 1000190150 ns, Reaching safepoint: 256254 ns, At safepoint: 25058 ns, Total: 281312 ns
[2020-12-14T02:44:23.499+0000][6][safepoint    ] Safepoint "Cleanup", Time since last: 1000187894 ns, Reaching safepoint: 225539 ns, At safepoint: 18371 ns, Total: 243910 ns
[2020-12-14T02:44:24.499+0000][6][safepoint    ] Safepoint "Cleanup", Time since last: 1000189338 ns, Reaching safepoint: 241653 ns, At safepoint: 17963 ns, Total: 259616 ns
[2020-12-14T02:44:25.499+0000][6][safepoint    ] Safepoint "Cleanup", Time since last: 1000208450 ns, Reaching safepoint: 213519 ns, At safepoint: 17657 ns, Total: 231176 ns
[2020-12-14T02:44:25.858+0000][6][safepoint    ] Safepoint "BulkRevokeBias", Time since last: 357703966 ns, Reaching safepoint: 199114 ns, At safepoint: 985044 ns, Total: 1184158 ns
[2020-12-14T02:44:25.876+0000][6][safepoint    ] Safepoint "BulkRevokeBias", Time since last: 16558874 ns, Reaching safepoint: 258610 ns, At safepoint: 983329 ns, Total: 1241939 ns
[2020-12-14T02:44:26.877+0000][6][safepoint    ] Safepoint "Cleanup", Time since last: 1000365131 ns, Reaching safepoint: 250881 ns, At safepoint: 21379 ns, Total: 272260 ns
[2020-12-14T02:44:27.877+0000][6][safepoint    ] Safepoint "Cleanup", Time since last: 1000202133 ns, Reaching safepoint: 230963 ns, At safepoint: 18357 ns, Total: 249320 ns
[2020-12-14T02:44:28.878+0000][6][safepoint    ] Safepoint "Cleanup", Time since last: 1000190552 ns, Reaching safepoint: 221811 ns, At safepoint: 20239 ns, Total: 242050 ns
[2020-12-14T02:44:29.878+0000][6][safepoint    ] Safepoint "Cleanup", Time since last: 1000198486 ns, Reaching safepoint: 294350 ns, At safepoint: 19177 ns, Total: 313527 ns
[2020-12-14T02:44:30.165+0000][6][safepoint    ] Safepoint "BulkRevokeBias", Time since last: 286004467 ns, Reaching safepoint: 189109 ns, At safepoint: 1006077 ns, Total: 1195186 ns
[2020-12-14T02:44:30.183+0000][6][safepoint    ] Safepoint "BulkRevokeBias", Time since last: 16425106 ns, Reaching safepoint: 194698 ns, At safepoint: 955963 ns, Total: 1150661 ns
[2020-12-14T02:44:31.183+0000][6][safepoint    ] Safepoint "Cleanup", Time since last: 1000177239 ns, Reaching safepoint: 218042 ns, At safepoint: 19481 ns, Total: 237523 ns
[2020-12-14T02:44:32.184+0000][6][safepoint    ] Safepoint "Cleanup", Time since last: 1000191860 ns, Reaching safepoint: 237486 ns, At safepoint: 17237 ns, Total: 254723 ns
[2020-12-14T02:44:33.184+0000][6][safepoint    ] Safepoint "Cleanup", Time since last: 1000190165 ns, Reaching safepoint: 257809 ns, At safepoint: 30648 ns, Total: 288457 ns
[2020-12-14T02:44:34.185+0000][6][safepoint    ] Safepoint "Cleanup", Time since last: 1000187191 ns, Reaching safepoint: 277219 ns, At safepoint: 25665 ns, Total: 302884 ns
[2020-12-14T02:44:35.185+0000][6][safepoint    ] Safepoint "Cleanup", Time since last: 1000216923 ns, Reaching safepoint: 239975 ns, At safepoint: 18617 ns, Total: 258592 ns
[2020-12-14T02:44:36.186+0000][6][safepoint    ] Safepoint "Cleanup", Time since last: 1000186451 ns, Reaching safepoint: 229405 ns, At safepoint: 18775 ns, Total: 248180 ns
[2020-12-14T02:44:37.186+0000][6][safepoint    ] Safepoint "Cleanup", Time since last: 1000203460 ns, Reaching safepoint: 267713 ns, At safepoint: 18127 ns, Total: 285840 ns
[2020-12-14T02:44:38.187+0000][6][safepoint    ] Safepoint "Cleanup", Time since last: 1000190994 ns, Reaching safepoint: 212385 ns, At safepoint: 18617 ns, Total: 231002 ns
[2020-12-14T02:44:39.187+0000][6][safepoint    ] Safepoint "Cleanup", Time since last: 1000195582 ns, Reaching safepoint: 230202 ns, At safepoint: 47061 ns, Total: 277263 ns
[2020-12-14T02:44:40.187+0000][6][safepoint    ] Safepoint "Cleanup", Time since last: 1000168753 ns, Reaching safepoint: 210558 ns, At safepoint: 20425 ns, Total: 230983 ns
[2020-12-14T02:44:41.188+0000][6][safepoint    ] Safepoint "Cleanup", Time since last: 1000192597 ns, Reaching safepoint: 216184 ns, At safepoint: 22860 ns, Total: 239044 ns
[2020-12-14T02:44:42.188+0000][6][safepoint    ] Safepoint "Cleanup", Time since last: 1000196450 ns, Reaching safepoint: 242126 ns, At safepoint: 18830 ns, Total: 260956 ns
[2020-12-14T02:44:43.189+0000][6][safepoint    ] Safepoint "Cleanup", Time since last: 1000179310 ns, Reaching safepoint: 224296 ns, At safepoint: 18127 ns, Total: 242423 ns
[2020-12-14T02:44:44.189+0000][6][safepoint    ] Safepoint "Cleanup", Time since last: 1000171065 ns, Reaching safepoint: 238463 ns, At safepoint: 18728 ns, Total: 257191 ns
[2020-12-14T02:44:45.190+0000][6][safepoint    ] Safepoint "Cleanup", Time since last: 1000194475 ns, Reaching safepoint: 232784 ns, At safepoint: 18654 ns, Total: 251438 ns
[2020-12-14T02:44:46.190+0000][6][safepoint    ] Safepoint "Cleanup", Time since last: 1000199971 ns, Reaching safepoint: 397315 ns, At safepoint: 18921 ns, Total: 416236 ns
[2020-12-14T02:44:47.191+0000][6][safepoint    ] Safepoint "Cleanup", Time since last: 1000198467 ns, Reaching safepoint: 223968 ns, At safepoint: 18678 ns, Total: 242646 ns
[2020-12-14T02:44:48.191+0000][6][safepoint    ] Safepoint "Cleanup", Time since last: 1000179353 ns, Reaching safepoint: 258625 ns, At safepoint: 18838 ns, Total: 277463 ns
[2020-12-14T02:44:49.192+0000][6][safepoint    ] Safepoint "Cleanup", Time since last: 1000196746 ns, Reaching safepoint: 233598 ns, At safepoint: 18607 ns, Total: 252205 ns
[2020-12-14T02:44:50.192+0000][6][safepoint    ] Safepoint "Cleanup", Time since last: 1000191714 ns, Reaching safepoint: 255276 ns, At safepoint: 17797 ns, Total: 273073 ns
[2020-12-14T02:44:51.193+0000][6][safepoint    ] Safepoint "Cleanup", Time since last: 1000201029 ns, Reaching safepoint: 220013 ns, At safepoint: 24054 ns, Total: 244067 ns
[2020-12-14T02:44:52.796+0000][6][safepoint    ] Safepoint "Cleanup", Time since last: 1603546484 ns, Reaching safepoint: 238503 ns, At safepoint: 18671 ns, Total: 257174 ns
[2020-12-14T02:44:53.797+0000][6][safepoint    ] Safepoint "Cleanup", Time since last: 1000184109 ns, Reaching safepoint: 230152 ns, At safepoint: 18938 ns, Total: 249090 ns
[2020-12-14T02:44:54.797+0000][6][safepoint    ] Safepoint "Cleanup", Time since last: 1000184289 ns, Reaching safepoint: 254776 ns, At safepoint: 18848 ns, Total: 273624 ns
[2020-12-14T02:44:55.798+0000][6][safepoint    ] Safepoint "Cleanup", Time since last: 1000185993 ns, Reaching safepoint: 253106 ns, At safepoint: 18787 ns, Total: 271893 ns
[2020-12-14T02:44:56.798+0000][6][safepoint    ] Safepoint "Cleanup", Time since last: 1000187908 ns, Reaching safepoint: 294232 ns, At safepoint: 19825 ns, Total: 314057 ns
[2020-12-14T02:44:57.799+0000][6][safepoint    ] Safepoint "Cleanup", Time since last: 1000155209 ns, Reaching safepoint: 222258 ns, At safepoint: 18630 ns, Total: 240888 ns
[2020-12-14T02:44:58.799+0000][6][safepoint    ] Safepoint "Cleanup", Time since last: 1000186110 ns, Reaching safepoint: 228845 ns, At safepoint: 18951 ns, Total: 247796 ns
[2020-12-14T02:44:59.799+0000][6][safepoint    ] Safepoint "Cleanup", Time since last: 1000175458 ns, Reaching safepoint: 225164 ns, At safepoint: 18053 ns, Total: 243217 ns
[2020-12-14T02:45:00.800+0000][6][safepoint    ] Safepoint "Cleanup", Time since last: 1000192112 ns, Reaching safepoint: 237732 ns, At safepoint: 17490 ns, Total: 255222 ns
[2020-12-14T02:45:01.800+0000][6][safepoint    ] Safepoint "Cleanup", Time since last: 1000216236 ns, Reaching safepoint: 238034 ns, At safepoint: 19141 ns, Total: 257175 ns
[2020-12-14T02:45:02.801+0000][6][safepoint    ] Safepoint "Cleanup", Time since last: 1000199344 ns, Reaching safepoint: 236033 ns, At safepoint: 18894 ns, Total: 254927 ns
[2020-12-14T02:45:03.801+0000][6][safepoint    ] Safepoint "Cleanup", Time since last: 1000188294 ns, Reaching safepoint: 239995 ns, At safepoint: 18731 ns, Total: 258726 ns
[2020-12-14T02:45:04.802+0000][6][safepoint    ] Safepoint "Cleanup", Time since last: 1000192473 ns, Reaching safepoint: 231853 ns, At safepoint: 19078 ns, Total: 250931 ns
[2020-12-14T02:45:05.802+0000][6][safepoint    ] Safepoint "Cleanup", Time since last: 1000187124 ns, Reaching safepoint: 258402 ns, At safepoint: 32649 ns, Total: 291051 ns
[2020-12-14T02:45:06.803+0000][6][safepoint    ] Safepoint "Cleanup", Time since last: 1000183645 ns, Reaching safepoint: 228918 ns, At safepoint: 18734 ns, Total: 247652 ns
[2020-12-14T02:45:07.803+0000][6][safepoint    ] Safepoint "Cleanup", Time since last: 1000186431 ns, Reaching safepoint: 225610 ns, At safepoint: 17306 ns, Total: 242916 ns
[2020-12-14T02:45:08.804+0000][6][safepoint    ] Safepoint "Cleanup", Time since last: 1000213545 ns, Reaching safepoint: 220293 ns, At safepoint: 17780 ns, Total: 238073 ns
[2020-12-14T02:45:09.804+0000][6][safepoint    ] Safepoint "Cleanup", Time since last: 1000188823 ns, Reaching safepoint: 243901 ns, At safepoint: 17644 ns, Total: 261545 ns
[2020-12-14T02:45:10.804+0000][6][safepoint    ] Safepoint "Cleanup", Time since last: 1000197451 ns, Reaching safepoint: 226617 ns, At safepoint: 17376 ns, Total: 243993 ns
[2020-12-14T02:45:11.805+0000][6][safepoint    ] Safepoint "Cleanup", Time since last: 1000191058 ns, Reaching safepoint: 232847 ns, At safepoint: 18701 ns, Total: 251548 ns
[2020-12-14T02:45:12.805+0000][6][safepoint    ] Safepoint "Cleanup", Time since last: 1000190886 ns, Reaching safepoint: 287902 ns, At safepoint: 18884 ns, Total: 306786 ns
[2020-12-14T02:45:13.806+0000][6][safepoint    ] Safepoint "Cleanup", Time since last: 1000176442 ns, Reaching safepoint: 227237 ns, At safepoint: 19265 ns, Total: 246502 ns
[2020-12-14T02:45:14.806+0000][6][safepoint    ] Safepoint "Cleanup", Time since last: 1000194898 ns, Reaching safepoint: 257155 ns, At safepoint: 17903 ns, Total: 275058 ns
[2020-12-14T02:45:15.807+0000][6][safepoint    ] Safepoint "Cleanup", Time since last: 1000190973 ns, Reaching safepoint: 229019 ns, At safepoint: 18600 ns, Total: 247619 ns
[2020-12-14T02:45:16.807+0000][6][safepoint    ] Safepoint "Cleanup", Time since last: 1000190563 ns, Reaching safepoint: 256267 ns, At safepoint: 19231 ns, Total: 275498 ns
[2020-12-14T02:45:17.808+0000][6][safepoint    ] Safepoint "Cleanup", Time since last: 1000202753 ns, Reaching safepoint: 227030 ns, At safepoint: 18448 ns, Total: 245478 ns
[2020-12-14T02:45:18.808+0000][6][safepoint    ] Safepoint "Cleanup", Time since last: 1000191907 ns, Reaching safepoint: 219776 ns, At safepoint: 18941 ns, Total: 238717 ns
[2020-12-14T02:45:20.209+0000][6][safepoint    ] Safepoint "Cleanup", Time since last: 1401125625 ns, Reaching safepoint: 242423 ns, At safepoint: 19050 ns, Total: 261473 ns
[2020-12-14T02:45:21.210+0000][6][safepoint    ] Safepoint "Cleanup", Time since last: 1000191827 ns, Reaching safepoint: 252372 ns, At safepoint: 16732 ns, Total: 269104 ns
[2020-12-14T02:45:22.210+0000][6][safepoint    ] Safepoint "Cleanup", Time since last: 1000189306 ns, Reaching safepoint: 264654 ns, At safepoint: 18087 ns, Total: 282741 ns
[2020-12-14T02:45:23.211+0000][6][safepoint    ] Safepoint "Cleanup", Time since last: 1000202628 ns, Reaching safepoint: 220734 ns, At safepoint: 18317 ns, Total: 239051 ns
[2020-12-14T02:45:24.211+0000][6][safepoint    ] Safepoint "Cleanup", Time since last: 1000196709 ns, Reaching safepoint: 237330 ns, At safepoint: 18317 ns, Total: 255647 ns
[2020-12-14T02:45:25.212+0000][6][safepoint    ] Safepoint "Cleanup", Time since last: 1000213713 ns, Reaching safepoint: 243590 ns, At safepoint: 18167 ns, Total: 261757 ns
[2020-12-14T02:45:26.948+0000][6][safepoint    ] Safepoint "Cleanup", Time since last: 1736435575 ns, Reaching safepoint: 262957 ns, At safepoint: 17801 ns, Total: 280758 ns
[2020-12-14T02:45:27.949+0000][6][safepoint    ] Safepoint "Cleanup", Time since last: 1000197219 ns, Reaching safepoint: 224509 ns, At safepoint: 18461 ns, Total: 242970 ns
[2020-12-14T02:45:28.949+0000][6][safepoint    ] Safepoint "Cleanup", Time since last: 1000195145 ns, Reaching safepoint: 295802 ns, At safepoint: 18753 ns, Total: 314555 ns
[2020-12-14T02:45:29.950+0000][6][safepoint    ] Safepoint "Cleanup", Time since last: 1000189494 ns, Reaching safepoint: 215344 ns, At safepoint: 19141 ns, Total: 234485 ns
[2020-12-14T02:45:31.206+0000][6][safepoint    ] Safepoint "Cleanup", Time since last: 1256313820 ns, Reaching safepoint: 223958 ns, At safepoint: 20809 ns, Total: 244767 ns
[2020-12-14T02:45:32.207+0000][6][safepoint    ] Safepoint "Cleanup", Time since last: 1000218715 ns, Reaching safepoint: 215888 ns, At safepoint: 18644 ns, Total: 234532 ns
[2020-12-14T02:45:33.207+0000][6][safepoint    ] Safepoint "Cleanup", Time since last: 1000203517 ns, Reaching safepoint: 398332 ns, At safepoint: 20452 ns, Total: 418784 ns
[2020-12-14T02:45:34.208+0000][6][safepoint    ] Safepoint "Cleanup", Time since last: 1000214365 ns, Reaching safepoint: 219631 ns, At safepoint: 16397 ns, Total: 236028 ns
[2020-12-14T02:45:35.208+0000][6][safepoint    ] Safepoint "Cleanup", Time since last: 1000218451 ns, Reaching safepoint: 223979 ns, At safepoint: 20195 ns, Total: 244174 ns
[2020-12-14T02:45:36.209+0000][6][safepoint    ] Safepoint "Cleanup", Time since last: 1000199544 ns, Reaching safepoint: 223681 ns, At safepoint: 18302 ns, Total: 241983 ns
[2020-12-14T02:45:37.209+0000][6][safepoint    ] Safepoint "Cleanup", Time since last: 1000188987 ns, Reaching safepoint: 221331 ns, At safepoint: 18731 ns, Total: 240062 ns
[2020-12-14T02:45:38.210+0000][6][safepoint    ] Safepoint "Cleanup", Time since last: 1000219173 ns, Reaching safepoint: 219416 ns, At safepoint: 19538 ns, Total: 238954 ns
[2020-12-14T02:45:39.210+0000][6][safepoint    ] Safepoint "Cleanup", Time since last: 1000208699 ns, Reaching safepoint: 299122 ns, At safepoint: 19371 ns, Total: 318493 ns
[2020-12-14T02:45:40.211+0000][6][safepoint    ] Safepoint "Cleanup", Time since last: 1000208094 ns, Reaching safepoint: 215370 ns, At safepoint: 18071 ns, Total: 233441 ns
[2020-12-14T02:45:41.211+0000][6][safepoint    ] Safepoint "Cleanup", Time since last: 1000197573 ns, Reaching safepoint: 220793 ns, At safepoint: 74333 ns, Total: 295126 ns
[2020-12-14T02:45:42.212+0000][6][safepoint    ] Safepoint "Cleanup", Time since last: 1000168943 ns, Reaching safepoint: 250948 ns, At safepoint: 17404 ns, Total: 268352 ns
[2020-12-14T02:45:43.212+0000][6][safepoint    ] Safepoint "Cleanup", Time since last: 1000195318 ns, Reaching safepoint: 209244 ns, At safepoint: 18757 ns, Total: 228001 ns
[2020-12-14T02:45:44.213+0000][6][safepoint    ] Safepoint "Cleanup", Time since last: 1000272119 ns, Reaching safepoint: 228252 ns, At safepoint: 19404 ns, Total: 247656 ns
[2020-12-14T02:45:45.213+0000][6][safepoint    ] Safepoint "Cleanup", Time since last: 1000194269 ns, Reaching safepoint: 219629 ns, At safepoint: 18367 ns, Total: 237996 ns
[2020-12-14T02:45:46.596+0000][6][safepoint    ] Safepoint "Cleanup", Time since last: 1383070987 ns, Reaching safepoint: 323116 ns, At safepoint: 18971 ns, Total: 342087 ns
[2020-12-14T02:45:47.597+0000][6][safepoint    ] Safepoint "Cleanup", Time since last: 1000212988 ns, Reaching safepoint: 225447 ns, At safepoint: 20778 ns, Total: 246225 ns
[2020-12-14T02:45:48.597+0000][6][safepoint    ] Safepoint "Cleanup", Time since last: 1000212909 ns, Reaching safepoint: 278283 ns, At safepoint: 18891 ns, Total: 297174 ns
[2020-12-14T02:45:49.598+0000][6][safepoint    ] Safepoint "Cleanup", Time since last: 1000210772 ns, Reaching safepoint: 225340 ns, At safepoint: 18820 ns, Total: 244160 ns
[2020-12-14T02:45:50.598+0000][6][safepoint    ] Safepoint "Cleanup", Time since last: 1000208346 ns, Reaching safepoint: 228191 ns, At safepoint: 18758 ns, Total: 246949 ns
[2020-12-14T02:45:51.599+0000][6][safepoint    ] Safepoint "Cleanup", Time since last: 1000194358 ns, Reaching safepoint: 224149 ns, At safepoint: 21329 ns, Total: 245478 ns
[2020-12-14T02:45:52.599+0000][6][safepoint    ] Safepoint "Cleanup", Time since last: 1000211391 ns, Reaching safepoint: 318643 ns, At safepoint: 21049 ns, Total: 339692 ns
[2020-12-14T02:45:53.803+0000][6][safepoint    ] Safepoint "Cleanup", Time since last: 1203066637 ns, Reaching safepoint: 226537 ns, At safepoint: 17370 ns, Total: 243907 ns
[2020-12-14T02:45:54.803+0000][6][safepoint    ] Safepoint "Cleanup", Time since last: 1000178193 ns, Reaching safepoint: 209987 ns, At safepoint: 18297 ns, Total: 228284 ns
[2020-12-14T02:45:55.803+0000][6][safepoint    ] Safepoint "Cleanup", Time since last: 1000175904 ns, Reaching safepoint: 216228 ns, At safepoint: 18131 ns, Total: 234359 ns
[2020-12-14T02:45:56.804+0000][6][safepoint    ] Safepoint "Cleanup", Time since last: 1000190572 ns, Reaching safepoint: 220786 ns, At safepoint: 16964 ns, Total: 237750 ns
[2020-12-14T02:45:57.804+0000][6][safepoint    ] Safepoint "Cleanup", Time since last: 1000185300 ns, Reaching safepoint: 280951 ns, At safepoint: 25225 ns, Total: 306176 ns
[2020-12-14T02:45:58.805+0000][6][safepoint    ] Safepoint "Cleanup", Time since last: 1000207227 ns, Reaching safepoint: 243600 ns, At safepoint: 20332 ns, Total: 263932 ns
[2020-12-14T02:45:59.805+0000][6][safepoint    ] Safepoint "Cleanup", Time since last: 1000187781 ns, Reaching safepoint: 242640 ns, At safepoint: 19944 ns, Total: 262584 ns
[2020-12-14T02:46:00.806+0000][6][safepoint    ] Safepoint "Cleanup", Time since last: 1000194076 ns, Reaching safepoint: 230726 ns, At safepoint: 19008 ns, Total: 249734 ns
[2020-12-14T02:46:01.806+0000][6][safepoint    ] Safepoint "Cleanup", Time since last: 1000208113 ns, Reaching safepoint: 259172 ns, At safepoint: 19544 ns, Total: 278716 ns
[2020-12-14T02:46:02.807+0000][6][safepoint    ] Safepoint "Cleanup", Time since last: 1000205295 ns, Reaching safepoint: 226587 ns, At safepoint: 18878 ns, Total: 245465 ns
[2020-12-14T02:46:03.807+0000][6][safepoint    ] Safepoint "Cleanup", Time since last: 1000188806 ns, Reaching safepoint: 229349 ns, At safepoint: 17530 ns, Total: 246879 ns
[2020-12-14T02:46:04.808+0000][6][safepoint    ] Safepoint "Cleanup", Time since last: 1000244016 ns, Reaching safepoint: 236256 ns, At safepoint: 18908 ns, Total: 255164 ns
[2020-12-14T02:46:05.808+0000][6][safepoint    ] Safepoint "Cleanup", Time since last: 1000173872 ns, Reaching safepoint: 210375 ns, At safepoint: 16262 ns, Total: 226637 ns
[2020-12-14T02:46:06.808+0000][6][safepoint    ] Safepoint "Cleanup", Time since last: 1000180368 ns, Reaching safepoint: 238551 ns, At safepoint: 19108 ns, Total: 257659 ns
[2020-12-14T02:46:07.809+0000][6][safepoint    ] Safepoint "Cleanup", Time since last: 1000211826 ns, Reaching safepoint: 237823 ns, At safepoint: 18938 ns, Total: 256761 ns
[2020-12-14T02:46:08.809+0000][6][safepoint    ] Safepoint "Cleanup", Time since last: 1000191359 ns, Reaching safepoint: 245365 ns, At safepoint: 18667 ns, Total: 264032 ns
[2020-12-14T02:46:09.810+0000][6][safepoint    ] Safepoint "Cleanup", Time since last: 1000189766 ns, Reaching safepoint: 237450 ns, At safepoint: 19111 ns, Total: 256561 ns
[2020-12-14T02:46:11.436+0000][6][safepoint    ] Safepoint "Cleanup", Time since last: 1626152529 ns, Reaching safepoint: 271950 ns, At safepoint: 19115 ns, Total: 291065 ns
[2020-12-14T02:46:12.437+0000][6][safepoint    ] Safepoint "Cleanup", Time since last: 1000181661 ns, Reaching safepoint: 227484 ns, At safepoint: 29703 ns, Total: 257187 ns
[2020-12-14T02:46:13.437+0000][6][safepoint    ] Safepoint "Cleanup", Time since last: 1000174931 ns, Reaching safepoint: 222008 ns, At safepoint: 30209 ns, Total: 252217 ns
[2020-12-14T02:46:14.437+0000][6][safepoint    ] Safepoint "Cleanup", Time since last: 1000223534 ns, Reaching safepoint: 221030 ns, At safepoint: 17304 ns, Total: 238334 ns
[2020-12-14T02:46:15.438+0000][6][safepoint    ] Safepoint "Cleanup", Time since last: 1000178176 ns, Reaching safepoint: 223105 ns, At safepoint: 17907 ns, Total: 241012 ns
[2020-12-14T02:46:16.438+0000][6][safepoint    ] Safepoint "Cleanup", Time since last: 1000184476 ns, Reaching safepoint: 229071 ns, At safepoint: 19158 ns, Total: 248229 ns
[2020-12-14T02:46:17.439+0000][6][safepoint    ] Safepoint "Cleanup", Time since last: 1000187345 ns, Reaching safepoint: 216588 ns, At safepoint: 18280 ns, Total: 234868 ns
[2020-12-14T02:46:18.439+0000][6][safepoint    ] Safepoint "Cleanup", Time since last: 1000176305 ns, Reaching safepoint: 243260 ns, At safepoint: 18811 ns, Total: 262071 ns
[2020-12-14T02:46:19.440+0000][6][safepoint    ] Safepoint "Cleanup", Time since last: 1000179864 ns, Reaching safepoint: 224162 ns, At safepoint: 20288 ns, Total: 244450 ns
[2020-12-14T02:46:20.440+0000][6][safepoint    ] Safepoint "Cleanup", Time since last: 1000193700 ns, Reaching safepoint: 213980 ns, At safepoint: 17357 ns, Total: 231337 ns
[2020-12-14T02:46:21.441+0000][6][safepoint    ] Safepoint "Cleanup", Time since last: 1000210451 ns, Reaching safepoint: 251301 ns, At safepoint: 18507 ns, Total: 269808 ns
[2020-12-14T02:46:22.441+0000][6][safepoint    ] Safepoint "Cleanup", Time since last: 1000186733 ns, Reaching safepoint: 225119 ns, At safepoint: 18280 ns, Total: 243399 ns
[2020-12-14T02:46:23.441+0000][6][safepoint    ] Safepoint "Cleanup", Time since last: 1000185482 ns, Reaching safepoint: 229959 ns, At safepoint: 18734 ns, Total: 248693 ns
[2020-12-14T02:46:24.442+0000][6][safepoint    ] Safepoint "Cleanup", Time since last: 1000187487 ns, Reaching safepoint: 229285 ns, At safepoint: 18561 ns, Total: 247846 ns
[2020-12-14T02:46:25.442+0000][6][safepoint    ] Safepoint "Cleanup", Time since last: 1000179967 ns, Reaching safepoint: 234471 ns, At safepoint: 17831 ns, Total: 252302 ns
[2020-12-14T02:46:27.018+0000][6][safepoint    ] Safepoint "Cleanup", Time since last: 1575398166 ns, Reaching safepoint: 227944 ns, At safepoint: 18391 ns, Total: 246335 ns
[2020-12-14T02:46:28.018+0000][6][safepoint    ] Safepoint "Cleanup", Time since last: 1000187228 ns, Reaching safepoint: 233921 ns, At safepoint: 18587 ns, Total: 252508 ns
[2020-12-14T02:46:29.019+0000][6][safepoint    ] Safepoint "Cleanup", Time since last: 1000188035 ns, Reaching safepoint: 235986 ns, At safepoint: 17797 ns, Total: 253783 ns
[2020-12-14T02:46:30.019+0000][6][safepoint    ] Safepoint "Cleanup", Time since last: 1000186184 ns, Reaching safepoint: 248996 ns, At safepoint: 17187 ns, Total: 266183 ns
[2020-12-14T02:46:31.241+0000][6][safepoint    ] Safepoint "Cleanup", Time since last: 1221143964 ns, Reaching safepoint: 244467 ns, At safepoint: 18384 ns, Total: 262851 ns
[2020-12-14T02:46:32.241+0000][6][safepoint    ] Safepoint "Cleanup", Time since last: 1000197021 ns, Reaching safepoint: 264802 ns, At safepoint: 18124 ns, Total: 282926 ns
[2020-12-14T02:46:33.242+0000][6][safepoint    ] Safepoint "Cleanup", Time since last: 1000183926 ns, Reaching safepoint: 226457 ns, At safepoint: 16390 ns, Total: 242847 ns
[2020-12-14T02:46:34.242+0000][6][safepoint    ] Safepoint "Cleanup", Time since last: 1000182681 ns, Reaching safepoint: 224143 ns, At safepoint: 16919 ns, Total: 241062 ns
[2020-12-14T02:46:35.242+0000][6][safepoint    ] Safepoint "Cleanup", Time since last: 1000188666 ns, Reaching safepoint: 258802 ns, At safepoint: 16932 ns, Total: 275734 ns
[2020-12-14T02:46:36.243+0000][6][safepoint    ] Safepoint "Cleanup", Time since last: 1000186021 ns, Reaching safepoint: 224555 ns, At safepoint: 17225 ns, Total: 241780 ns
[2020-12-14T02:46:37.243+0000][6][safepoint    ] Safepoint "Cleanup", Time since last: 1000201635 ns, Reaching safepoint: 223662 ns, At safepoint: 18731 ns, Total: 242393 ns
[2020-12-14T02:46:38.244+0000][6][safepoint    ] Safepoint "Cleanup", Time since last: 1000188099 ns, Reaching safepoint: 248280 ns, At safepoint: 18083 ns, Total: 266363 ns
[2020-12-14T02:46:39.244+0000][6][safepoint    ] Safepoint "Cleanup", Time since last: 1000197080 ns, Reaching safepoint: 246762 ns, At safepoint: 18040 ns, Total: 264802 ns
[2020-12-14T02:46:40.245+0000][6][safepoint    ] Safepoint "Cleanup", Time since last: 1000189531 ns, Reaching safepoint: 230018 ns, At safepoint: 18094 ns, Total: 248112 ns
[2020-12-14T02:46:41.245+0000][6][safepoint    ] Safepoint "Cleanup", Time since last: 1000190835 ns, Reaching safepoint: 258562 ns, At safepoint: 18881 ns, Total: 277443 ns
[2020-12-14T02:46:42.246+0000][6][safepoint    ] Safepoint "Cleanup", Time since last: 1000174939 ns, Reaching safepoint: 235336 ns, At safepoint: 18113 ns, Total: 253449 ns
[2020-12-14T02:46:43.246+0000][6][safepoint    ] Safepoint "Cleanup", Time since last: 1000178087 ns, Reaching safepoint: 225613 ns, At safepoint: 18324 ns, Total: 243937 ns
[2020-12-14T02:46:44.246+0000][6][safepoint    ] Safepoint "Cleanup", Time since last: 1000216379 ns, Reaching safepoint: 223352 ns, At safepoint: 18247 ns, Total: 241599 ns
[2020-12-14T02:46:45.247+0000][6][safepoint    ] Safepoint "Cleanup", Time since last: 1000185395 ns, Reaching safepoint: 231640 ns, At safepoint: 18103 ns, Total: 249743 ns
[2020-12-14T02:46:46.247+0000][6][safepoint    ] Safepoint "Cleanup", Time since last: 1000202749 ns, Reaching safepoint: 255974 ns, At safepoint: 18574 ns, Total: 274548 ns
[2020-12-14T02:46:47.248+0000][6][safepoint    ] Safepoint "Cleanup", Time since last: 1000185933 ns, Reaching safepoint: 242089 ns, At safepoint: 16948 ns, Total: 259037 ns
[2020-12-14T02:46:48.248+0000][6][safepoint    ] Safepoint "Cleanup", Time since last: 1000178903 ns, Reaching safepoint: 220784 ns, At safepoint: 18100 ns, Total: 238884 ns
[2020-12-14T02:46:49.249+0000][6][safepoint    ] Safepoint "Cleanup", Time since last: 1000151552 ns, Reaching safepoint: 213006 ns, At safepoint: 17847 ns, Total: 230853 ns
[2020-12-14T02:46:50.249+0000][6][safepoint    ] Safepoint "Cleanup", Time since last: 1000179665 ns, Reaching safepoint: 226604 ns, At safepoint: 24747 ns, Total: 251351 ns
[2020-12-14T02:46:51.250+0000][6][safepoint    ] Safepoint "Cleanup", Time since last: 1000227131 ns, Reaching safepoint: 250556 ns, At safepoint: 17542 ns, Total: 268098 ns
[2020-12-14T02:46:52.250+0000][6][safepoint    ] Safepoint "Cleanup", Time since last: 1000185036 ns, Reaching safepoint: 233886 ns, At safepoint: 17561 ns, Total: 251447 ns
[2020-12-14T02:46:53.250+0000][6][safepoint    ] Safepoint "Cleanup", Time since last: 1000183197 ns, Reaching safepoint: 235539 ns, At safepoint: 18710 ns, Total: 254249 ns
[2020-12-14T02:46:54.802+0000][6][safepoint    ] Safepoint "Cleanup", Time since last: 1551034071 ns, Reaching safepoint: 228818 ns, At safepoint: 19125 ns, Total: 247943 ns
[2020-12-14T02:46:55.802+0000][6][safepoint    ] Safepoint "Cleanup", Time since last: 1000189963 ns, Reaching safepoint: 285284 ns, At safepoint: 19414 ns, Total: 304698 ns
[2020-12-14T02:46:56.803+0000][6][safepoint    ] Safepoint "Cleanup", Time since last: 1000185878 ns, Reaching safepoint: 222434 ns, At safepoint: 17518 ns, Total: 239952 ns
[2020-12-14T02:46:57.803+0000][6][safepoint    ] Safepoint "Cleanup", Time since last: 1000181898 ns, Reaching safepoint: 217621 ns, At safepoint: 16132 ns, Total: 233753 ns
[2020-12-14T02:46:58.803+0000][6][safepoint    ] Safepoint "Cleanup", Time since last: 1000198115 ns, Reaching safepoint: 230486 ns, At safepoint: 18720 ns, Total: 249206 ns
[2020-12-14T02:46:59.804+0000][6][safepoint    ] Safepoint "Cleanup", Time since last: 1000186988 ns, Reaching safepoint: 242273 ns, At safepoint: 18771 ns, Total: 261044 ns
[2020-12-14T02:47:00.804+0000][6][safepoint    ] Safepoint "Cleanup", Time since last: 1000173765 ns, Reaching safepoint: 230536 ns, At safepoint: 17954 ns, Total: 248490 ns
[2020-12-14T02:47:01.805+0000][6][safepoint    ] Safepoint "Cleanup", Time since last: 1000186111 ns, Reaching safepoint: 236780 ns, At safepoint: 18660 ns, Total: 255440 ns
[2020-12-14T02:47:02.805+0000][6][safepoint    ] Safepoint "Cleanup", Time since last: 1000204278 ns, Reaching safepoint: 247369 ns, At safepoint: 18924 ns, Total: 266293 ns
[2020-12-14T02:47:03.806+0000][6][safepoint    ] Safepoint "Cleanup", Time since last: 1000165609 ns, Reaching safepoint: 227564 ns, At safepoint: 18554 ns, Total: 246118 ns
[2020-12-14T02:47:04.806+0000][6][safepoint    ] Safepoint "Cleanup", Time since last: 1000185871 ns, Reaching safepoint: 250864 ns, At safepoint: 19028 ns, Total: 269892 ns
[2020-12-14T02:47:05.807+0000][6][safepoint    ] Safepoint "Cleanup", Time since last: 1000192104 ns, Reaching safepoint: 227131 ns, At safepoint: 18770 ns, Total: 245901 ns
[2020-12-14T02:47:06.807+0000][6][safepoint    ] Safepoint "Cleanup", Time since last: 1000187131 ns, Reaching safepoint: 241719 ns, At safepoint: 17297 ns, Total: 259016 ns
[2020-12-14T02:47:07.807+0000][6][safepoint    ] Safepoint "Cleanup", Time since last: 1000209481 ns, Reaching safepoint: 227958 ns, At safepoint: 18537 ns, Total: 246495 ns
[2020-12-14T02:47:09.109+0000][6][safepoint    ] Safepoint "Cleanup", Time since last: 1300861079 ns, Reaching safepoint: 227358 ns, At safepoint: 16602 ns, Total: 243960 ns
[2020-12-14T02:47:10.109+0000][6][safepoint    ] Safepoint "Cleanup", Time since last: 1000200124 ns, Reaching safepoint: 215034 ns, At safepoint: 17151 ns, Total: 232185 ns
[2020-12-14T02:47:11.109+0000][6][safepoint    ] Safepoint "Cleanup", Time since last: 1000197444 ns, Reaching safepoint: 231546 ns, At safepoint: 18184 ns, Total: 249730 ns
[2020-12-14T02:47:12.110+0000][6][safepoint    ] Safepoint "Cleanup", Time since last: 1000176994 ns, Reaching safepoint: 219708 ns, At safepoint: 17324 ns, Total: 237032 ns
[2020-12-14T02:47:13.110+0000][6][safepoint    ] Safepoint "Cleanup", Time since last: 1000184319 ns, Reaching safepoint: 284797 ns, At safepoint: 18077 ns, Total: 302874 ns
[2020-12-14T02:47:14.111+0000][6][safepoint    ] Safepoint "Cleanup", Time since last: 1000176789 ns, Reaching safepoint: 228368 ns, At safepoint: 18350 ns, Total: 246718 ns
[2020-12-14T02:47:15.111+0000][6][safepoint    ] Safepoint "Cleanup", Time since last: 1000189422 ns, Reaching safepoint: 231984 ns, At safepoint: 20061 ns, Total: 252045 ns
[2020-12-14T02:47:16.112+0000][6][safepoint    ] Safepoint "Cleanup", Time since last: 1000188989 ns, Reaching safepoint: 239401 ns, At safepoint: 19688 ns, Total: 259089 ns
[2020-12-14T02:47:17.112+0000][6][safepoint    ] Safepoint "Cleanup", Time since last: 1000189896 ns, Reaching safepoint: 298405 ns, At safepoint: 18818 ns, Total: 317223 ns
[2020-12-14T02:47:18.113+0000][6][safepoint    ] Safepoint "Cleanup", Time since last: 1000202030 ns, Reaching safepoint: 215931 ns, At safepoint: 19177 ns, Total: 235108 ns
[2020-12-14T02:47:19.113+0000][6][safepoint    ] Safepoint "Cleanup", Time since last: 1000200135 ns, Reaching safepoint: 250872 ns, At safepoint: 33019 ns, Total: 283891 ns
[2020-12-14T02:47:20.114+0000][6][safepoint    ] Safepoint "Cleanup", Time since last: 1000190479 ns, Reaching safepoint: 238567 ns, At safepoint: 18808 ns, Total: 257375 ns
[2020-12-14T02:47:21.114+0000][6][safepoint    ] Safepoint "Cleanup", Time since last: 1000186601 ns, Reaching safepoint: 246065 ns, At safepoint: 17484 ns, Total: 263549 ns
[2020-12-14T02:47:22.114+0000][6][safepoint    ] Safepoint "Cleanup", Time since last: 1000204890 ns, Reaching safepoint: 242733 ns, At safepoint: 18657 ns, Total: 261390 ns
[2020-12-14T02:47:23.115+0000][6][safepoint    ] Safepoint "Cleanup", Time since last: 1000187109 ns, Reaching safepoint: 254572 ns, At safepoint: 16880 ns, Total: 271452 ns
[2020-12-14T02:47:24.115+0000][6][safepoint    ] Safepoint "Cleanup", Time since last: 1000183936 ns, Reaching safepoint: 235343 ns, At safepoint: 16807 ns, Total: 252150 ns
[2020-12-14T02:47:25.116+0000][6][safepoint    ] Safepoint "Cleanup", Time since last: 1000190005 ns, Reaching safepoint: 259612 ns, At safepoint: 21313 ns, Total: 280925 ns
[2020-12-14T02:47:26.074+0000][6][safepoint    ] Safepoint "BulkRevokeBias", Time since last: 957425071 ns, Reaching safepoint: 191571 ns, At safepoint: 975497 ns, Total: 1167068 ns
[2020-12-14T02:47:27.116+0000][6][safepoint    ] Safepoint "Cleanup", Time since last: 1041346979 ns, Reaching safepoint: 230186 ns, At safepoint: 17567 ns, Total: 247753 ns
[2020-12-14T02:47:28.116+0000][6][safepoint    ] Safepoint "Cleanup", Time since last: 1000202907 ns, Reaching safepoint: 225753 ns, At safepoint: 29991 ns, Total: 255744 ns
[2020-12-14T02:47:29.117+0000][6][safepoint    ] Safepoint "Cleanup", Time since last: 1000180290 ns, Reaching safepoint: 233428 ns, At safepoint: 18747 ns, Total: 252175 ns
[2020-12-14T02:47:30.117+0000][6][safepoint    ] Safepoint "Cleanup", Time since last: 1000202465 ns, Reaching safepoint: 220000 ns, At safepoint: 18557 ns, Total: 238557 ns
[2020-12-14T02:47:30.274+0000][6][safepoint    ] Safepoint "BulkRevokeBias", Time since last: 155545097 ns, Reaching safepoint: 296997 ns, At safepoint: 1085943 ns, Total: 1382940 ns
[2020-12-14T02:47:31.275+0000][6][safepoint    ] Safepoint "Cleanup", Time since last: 1000190274 ns, Reaching safepoint: 223962 ns, At safepoint: 18268 ns, Total: 242230 ns
[2020-12-14T02:47:32.275+0000][6][safepoint    ] Safepoint "Cleanup", Time since last: 1000189439 ns, Reaching safepoint: 281181 ns, At safepoint: 19121 ns, Total: 300302 ns
[2020-12-14T02:47:33.276+0000][6][safepoint    ] Safepoint "Cleanup", Time since last: 1000186538 ns, Reaching safepoint: 227221 ns, At safepoint: 18690 ns, Total: 245911 ns
[2020-12-14T02:47:34.276+0000][6][safepoint    ] Safepoint "Cleanup", Time since last: 1000187096 ns, Reaching safepoint: 226307 ns, At safepoint: 17039 ns, Total: 243346 ns
[2020-12-14T02:47:35.277+0000][6][safepoint    ] Safepoint "Cleanup", Time since last: 1000203934 ns, Reaching safepoint: 242488 ns, At safepoint: 16252 ns, Total: 258740 ns
[2020-12-14T02:47:36.277+0000][6][safepoint    ] Safepoint "Cleanup", Time since last: 1000145112 ns, Reaching safepoint: 208364 ns, At safepoint: 18554 ns, Total: 226918 ns
[2020-12-14T02:47:37.277+0000][6][safepoint    ] Safepoint "Cleanup", Time since last: 1000198444 ns, Reaching safepoint: 246968 ns, At safepoint: 20415 ns, Total: 267383 ns
[2020-12-14T02:47:38.278+0000][6][safepoint    ] Safepoint "Cleanup", Time since last: 1000192455 ns, Reaching safepoint: 192342 ns, At safepoint: 16936 ns, Total: 209278 ns
[2020-12-14T02:47:39.278+0000][6][safepoint    ] Safepoint "Cleanup", Time since last: 1000185196 ns, Reaching safepoint: 252665 ns, At safepoint: 18801 ns, Total: 271466 ns
[2020-12-14T02:47:40.279+0000][6][safepoint    ] Safepoint "Cleanup", Time since last: 1000192690 ns, Reaching safepoint: 232698 ns, At safepoint: 19471 ns, Total: 252169 ns
[2020-12-14T02:47:41.279+0000][6][safepoint    ] Safepoint "Cleanup", Time since last: 1000192071 ns, Reaching safepoint: 353410 ns, At safepoint: 19688 ns, Total: 373098 ns
[2020-12-14T02:47:42.280+0000][6][safepoint    ] Safepoint "Cleanup", Time since last: 1000195739 ns, Reaching safepoint: 267309 ns, At safepoint: 17505 ns, Total: 284814 ns
[2020-12-14T02:47:43.280+0000][6][safepoint    ] Safepoint "Cleanup", Time since last: 1000180967 ns, Reaching safepoint: 274188 ns, At safepoint: 19585 ns, Total: 293773 ns
[2020-12-14T02:47:44.281+0000][6][safepoint    ] Safepoint "Cleanup", Time since last: 1000171635 ns, Reaching safepoint: 241509 ns, At safepoint: 19258 ns, Total: 260767 ns
[2020-12-14T02:47:45.281+0000][6][safepoint    ] Safepoint "Cleanup", Time since last: 1000218461 ns, Reaching safepoint: 251788 ns, At safepoint: 17720 ns, Total: 269508 ns
[2020-12-14T02:47:46.282+0000][6][safepoint    ] Safepoint "Cleanup", Time since last: 1000201768 ns, Reaching safepoint: 242029 ns, At safepoint: 17917 ns, Total: 259946 ns
[2020-12-14T02:47:47.282+0000][6][safepoint    ] Safepoint "Cleanup", Time since last: 1000196860 ns, Reaching safepoint: 229666 ns, At safepoint: 17076 ns, Total: 246742 ns
[2020-12-14T02:47:48.282+0000][6][safepoint    ] Safepoint "Cleanup", Time since last: 1000212677 ns, Reaching safepoint: 218275 ns, At safepoint: 18157 ns, Total: 236432 ns
[2020-12-14T02:47:49.283+0000][6][safepoint    ] Safepoint "Cleanup", Time since last: 1000207190 ns, Reaching safepoint: 228024 ns, At safepoint: 18741 ns, Total: 246765 ns
[2020-12-14T02:47:50.283+0000][6][safepoint    ] Safepoint "Cleanup", Time since last: 1000197326 ns, Reaching safepoint: 242400 ns, At safepoint: 20498 ns, Total: 262898 ns
[2020-12-14T02:47:51.603+0000][6][safepoint    ] Safepoint "Cleanup", Time since last: 1319778005 ns, Reaching safepoint: 239437 ns, At safepoint: 17598 ns, Total: 257035 ns
[2020-12-14T02:47:52.604+0000][6][safepoint    ] Safepoint "Cleanup", Time since last: 1000187838 ns, Reaching safepoint: 255053 ns, At safepoint: 19225 ns, Total: 274278 ns
[2020-12-14T02:47:53.604+0000][6][safepoint    ] Safepoint "Cleanup", Time since last: 1000187596 ns, Reaching safepoint: 256585 ns, At safepoint: 19037 ns, Total: 275622 ns
[2020-12-14T02:47:54.605+0000][6][safepoint    ] Safepoint "Cleanup", Time since last: 1000156654 ns, Reaching safepoint: 243406 ns, At safepoint: 19165 ns, Total: 262571 ns
[2020-12-14T02:47:55.787+0000][6][safepoint    ] Safepoint "Cleanup", Time since last: 1181644286 ns, Reaching safepoint: 228728 ns, At safepoint: 18617 ns, Total: 247345 ns
[2020-12-14T02:47:56.787+0000][6][safepoint    ] Safepoint "Cleanup", Time since last: 1000180293 ns, Reaching safepoint: 234313 ns, At safepoint: 42830 ns, Total: 277143 ns
[2020-12-14T02:47:57.788+0000][6][safepoint    ] Safepoint "Cleanup", Time since last: 1000186852 ns, Reaching safepoint: 234384 ns, At safepoint: 18678 ns, Total: 253062 ns
[2020-12-14T02:47:58.788+0000][6][safepoint    ] Safepoint "Cleanup", Time since last: 1000188715 ns, Reaching safepoint: 237396 ns, At safepoint: 18607 ns, Total: 256003 ns
[2020-12-14T02:47:59.788+0000][6][safepoint    ] Safepoint "Cleanup", Time since last: 1000188903 ns, Reaching safepoint: 229612 ns, At safepoint: 18430 ns, Total: 248042 ns
[2020-12-14T02:48:00.789+0000][6][safepoint    ] Safepoint "Cleanup", Time since last: 1000152118 ns, Reaching safepoint: 228458 ns, At safepoint: 18718 ns, Total: 247176 ns
[2020-12-14T02:48:01.789+0000][6][safepoint    ] Safepoint "Cleanup", Time since last: 1000183495 ns, Reaching safepoint: 261117 ns, At safepoint: 18821 ns, Total: 279938 ns
[2020-12-14T02:48:02.790+0000][6][safepoint    ] Safepoint "Cleanup", Time since last: 1000189436 ns, Reaching safepoint: 235128 ns, At safepoint: 19158 ns, Total: 254286 ns
[2020-12-14T02:48:03.790+0000][6][safepoint    ] Safepoint "Cleanup", Time since last: 1000182395 ns, Reaching safepoint: 274334 ns, At safepoint: 18898 ns, Total: 293232 ns
[2020-12-14T02:48:04.791+0000][6][safepoint    ] Safepoint "Cleanup", Time since last: 1000189843 ns, Reaching safepoint: 234398 ns, At safepoint: 18574 ns, Total: 252972 ns
[2020-12-14T02:48:05.791+0000][6][safepoint    ] Safepoint "Cleanup", Time since last: 1000150050 ns, Reaching safepoint: 229393 ns, At safepoint: 16893 ns, Total: 246286 ns
[2020-12-14T02:48:06.791+0000][6][safepoint    ] Safepoint "Cleanup", Time since last: 1000208879 ns, Reaching safepoint: 212509 ns, At safepoint: 17033 ns, Total: 229542 ns
[2020-12-14T02:48:07.792+0000][6][safepoint    ] Safepoint "Cleanup", Time since last: 1000189376 ns, Reaching safepoint: 232491 ns, At safepoint: 18724 ns, Total: 251215 ns
[2020-12-14T02:48:08.792+0000][6][safepoint    ] Safepoint "Cleanup", Time since last: 1000192597 ns, Reaching safepoint: 233628 ns, At safepoint: 18621 ns, Total: 252249 ns
[2020-12-14T02:48:09.793+0000][6][safepoint    ] Safepoint "Cleanup", Time since last: 1000186125 ns, Reaching safepoint: 219567 ns, At safepoint: 17379 ns, Total: 236946 ns
[2020-12-14T02:48:10.793+0000][6][safepoint    ] Safepoint "Cleanup", Time since last: 1000184040 ns, Reaching safepoint: 236789 ns, At safepoint: 18791 ns, Total: 255580 ns
[2020-12-14T02:48:11.794+0000][6][safepoint    ] Safepoint "Cleanup", Time since last: 1000186619 ns, Reaching safepoint: 233141 ns, At safepoint: 18387 ns, Total: 251528 ns
[2020-12-14T02:48:12.794+0000][6][safepoint    ] Safepoint "Cleanup", Time since last: 1000185305 ns, Reaching safepoint: 306603 ns, At safepoint: 19305 ns, Total: 325908 ns
[2020-12-14T02:48:13.795+0000][6][safepoint    ] Safepoint "Cleanup", Time since last: 1000180690 ns, Reaching safepoint: 241425 ns, At safepoint: 21049 ns, Total: 262474 ns
[2020-12-14T02:48:14.795+0000][6][safepoint    ] Safepoint "Cleanup", Time since last: 1000182389 ns, Reaching safepoint: 276719 ns, At safepoint: 17001 ns, Total: 293720 ns
[2020-12-14T02:48:15.795+0000][6][safepoint    ] Safepoint "Cleanup", Time since last: 1000152899 ns, Reaching safepoint: 230373 ns, At safepoint: 18964 ns, Total: 249337 ns
[2020-12-14T02:48:16.796+0000][6][safepoint    ] Safepoint "Cleanup", Time since last: 1000186444 ns, Reaching safepoint: 226383 ns, At safepoint: 19701 ns, Total: 246084 ns
[2020-12-14T02:48:17.796+0000][6][safepoint    ] Safepoint "Cleanup", Time since last: 1000191034 ns, Reaching safepoint: 230209 ns, At safepoint: 17380 ns, Total: 247589 ns
[2020-12-14T02:48:18.797+0000][6][safepoint    ] Safepoint "Cleanup", Time since last: 1000190466 ns, Reaching safepoint: 234062 ns, At safepoint: 19584 ns, Total: 253646 ns
[2020-12-14T02:48:19.797+0000][6][safepoint    ] Safepoint "Cleanup", Time since last: 1000183496 ns, Reaching safepoint: 254423 ns, At safepoint: 17447 ns, Total: 271870 ns
[2020-12-14T02:48:20.798+0000][6][safepoint    ] Safepoint "Cleanup", Time since last: 1000191622 ns, Reaching safepoint: 232240 ns, At safepoint: 17383 ns, Total: 249623 ns
[2020-12-14T02:48:21.798+0000][6][safepoint    ] Safepoint "Cleanup", Time since last: 1000197809 ns, Reaching safepoint: 367342 ns, At safepoint: 19511 ns, Total: 386853 ns
[2020-12-14T02:48:22.799+0000][6][safepoint    ] Safepoint "Cleanup", Time since last: 1000210628 ns, Reaching safepoint: 253379 ns, At safepoint: 19454 ns, Total: 272833 ns
[2020-12-14T02:48:23.799+0000][6][safepoint    ] Safepoint "Cleanup", Time since last: 1000202540 ns, Reaching safepoint: 266364 ns, At safepoint: 17606 ns, Total: 283970 ns
[2020-12-14T02:48:24.800+0000][6][safepoint    ] Safepoint "Cleanup", Time since last: 1000193845 ns, Reaching safepoint: 246175 ns, At safepoint: 20144 ns, Total: 266319 ns
[2020-12-14T02:48:25.800+0000][6][safepoint    ] Safepoint "Cleanup", Time since last: 1000202064 ns, Reaching safepoint: 255811 ns, At safepoint: 18550 ns, Total: 274361 ns
[2020-12-14T02:48:27.161+0000][6][safepoint    ] Safepoint "Cleanup", Time since last: 1360903512 ns, Reaching safepoint: 234044 ns, At safepoint: 18734 ns, Total: 252778 ns
[2020-12-14T02:48:28.162+0000][6][safepoint    ] Safepoint "Cleanup", Time since last: 1000202620 ns, Reaching safepoint: 228448 ns, At safepoint: 19682 ns, Total: 248130 ns
[2020-12-14T02:48:29.162+0000][6][safepoint    ] Safepoint "Cleanup", Time since last: 1000200378 ns, Reaching safepoint: 278337 ns, At safepoint: 20956 ns, Total: 299293 ns
[2020-12-14T02:48:30.163+0000][6][safepoint    ] Safepoint "Cleanup", Time since last: 1000194952 ns, Reaching safepoint: 226901 ns, At safepoint: 18534 ns, Total: 245435 ns
[2020-12-14T02:48:31.310+0000][6][safepoint    ] Safepoint "Cleanup", Time since last: 1147268803 ns, Reaching safepoint: 304389 ns, At safepoint: 18997 ns, Total: 323386 ns
[2020-12-14T02:48:32.311+0000][6][safepoint    ] Safepoint "Cleanup", Time since last: 1000159773 ns, Reaching safepoint: 235025 ns, At safepoint: 18770 ns, Total: 253795 ns
[2020-12-14T02:48:33.311+0000][6][safepoint    ] Safepoint "Cleanup", Time since last: 1000175559 ns, Reaching safepoint: 332288 ns, At safepoint: 19814 ns, Total: 352102 ns
[2020-12-14T02:48:34.312+0000][6][safepoint    ] Safepoint "Cleanup", Time since last: 1000198788 ns, Reaching safepoint: 222364 ns, At safepoint: 18031 ns, Total: 240395 ns
[2020-12-14T02:48:35.312+0000][6][safepoint    ] Safepoint "Cleanup", Time since last: 1000205518 ns, Reaching safepoint: 252318 ns, At safepoint: 19301 ns, Total: 271619 ns
[2020-12-14T02:48:36.313+0000][6][safepoint    ] Safepoint "Cleanup", Time since last: 1000184661 ns, Reaching safepoint: 234478 ns, At safepoint: 20248 ns, Total: 254726 ns
[2020-12-14T02:48:37.313+0000][6][safepoint    ] Safepoint "Cleanup", Time since last: 1000198952 ns, Reaching safepoint: 224409 ns, At safepoint: 54788 ns, Total: 279197 ns
[2020-12-14T02:48:38.314+0000][6][safepoint    ] Safepoint "Cleanup", Time since last: 1000200685 ns, Reaching safepoint: 239111 ns, At safepoint: 19101 ns, Total: 258212 ns
[2020-12-14T02:48:39.314+0000][6][safepoint    ] Safepoint "Cleanup", Time since last: 1000207106 ns, Reaching safepoint: 224799 ns, At safepoint: 17277 ns, Total: 242076 ns
[2020-12-14T02:48:40.315+0000][6][safepoint    ] Safepoint "Cleanup", Time since last: 1000268027 ns, Reaching safepoint: 233381 ns, At safepoint: 18758 ns, Total: 252139 ns
[2020-12-14T02:48:41.315+0000][6][safepoint    ] Safepoint "Cleanup", Time since last: 1000190374 ns, Reaching safepoint: 227654 ns, At safepoint: 17324 ns, Total: 244978 ns
[2020-12-14T02:48:42.315+0000][6][safepoint    ] Safepoint "Cleanup", Time since last: 1000173935 ns, Reaching safepoint: 236573 ns, At safepoint: 19071 ns, Total: 255644 ns
[2020-12-14T02:48:43.316+0000][6][safepoint    ] Safepoint "Cleanup", Time since last: 1000187468 ns, Reaching safepoint: 263044 ns, At safepoint: 19108 ns, Total: 282152 ns
[2020-12-14T02:48:44.316+0000][6][safepoint    ] Safepoint "Cleanup", Time since last: 1000311433 ns, Reaching safepoint: 228881 ns, At safepoint: 19281 ns, Total: 248162 ns
[2020-12-14T02:48:45.317+0000][6][safepoint    ] Safepoint "Cleanup", Time since last: 1000196318 ns, Reaching safepoint: 229492 ns, At safepoint: 18694 ns, Total: 248186 ns
[2020-12-14T02:48:46.317+0000][6][safepoint    ] Safepoint "Cleanup", Time since last: 1000249966 ns, Reaching safepoint: 233194 ns, At safepoint: 19298 ns, Total: 252492 ns
[2020-12-14T02:48:47.318+0000][6][safepoint    ] Safepoint "Cleanup", Time since last: 1000213356 ns, Reaching safepoint: 218736 ns, At safepoint: 19044 ns, Total: 237780 ns
[2020-12-14T02:48:48.318+0000][6][safepoint    ] Safepoint "Cleanup", Time since last: 1000180254 ns, Reaching safepoint: 232954 ns, At safepoint: 19151 ns, Total: 252105 ns
[2020-12-14T02:48:49.319+0000][6][safepoint    ] Safepoint "Cleanup", Time since last: 1000203057 ns, Reaching safepoint: 229836 ns, At safepoint: 30695 ns, Total: 260531 ns
[2020-12-14T02:48:50.319+0000][6][safepoint    ] Safepoint "Cleanup", Time since last: 1000183732 ns, Reaching safepoint: 427532 ns, At safepoint: 19635 ns, Total: 447167 ns
[2020-12-14T02:48:51.320+0000][6][safepoint    ] Safepoint "Cleanup", Time since last: 1000187368 ns, Reaching safepoint: 230366 ns, At safepoint: 18954 ns, Total: 249320 ns
[2020-12-14T02:48:52.320+0000][6][safepoint    ] Safepoint "Cleanup", Time since last: 1000214167 ns, Reaching safepoint: 287278 ns, At safepoint: 19121 ns, Total: 306399 ns
[2020-12-14T02:48:53.321+0000][6][safepoint    ] Safepoint "Cleanup", Time since last: 1000182556 ns, Reaching safepoint: 237421 ns, At safepoint: 16727 ns, Total: 254148 ns
[2020-12-14T02:48:54.321+0000][6][safepoint    ] Safepoint "Cleanup", Time since last: 1000190251 ns, Reaching safepoint: 234688 ns, At safepoint: 18774 ns, Total: 253462 ns
[2020-12-14T02:48:55.322+0000][6][safepoint    ] Safepoint "Cleanup", Time since last: 1000189119 ns, Reaching safepoint: 229742 ns, At safepoint: 19078 ns, Total: 248820 ns
[2020-12-14T02:48:56.804+0000][6][safepoint    ] Safepoint "Cleanup", Time since last: 1481712414 ns, Reaching safepoint: 235042 ns, At safepoint: 19084 ns, Total: 254126 ns
[2020-12-14T02:48:57.804+0000][6][safepoint    ] Safepoint "Cleanup", Time since last: 1000185120 ns, Reaching safepoint: 230886 ns, At safepoint: 17527 ns, Total: 248413 ns
[2020-12-14T02:48:58.805+0000][6][safepoint    ] Safepoint "Cleanup", Time since last: 1000257452 ns, Reaching safepoint: 222188 ns, At safepoint: 18214 ns, Total: 240402 ns
[2020-12-14T02:48:59.805+0000][6][safepoint    ] Safepoint "Cleanup", Time since last: 1000190243 ns, Reaching safepoint: 239811 ns, At safepoint: 19318 ns, Total: 259129 ns
[2020-12-14T02:49:00.805+0000][6][safepoint    ] Safepoint "Cleanup", Time since last: 1000181021 ns, Reaching safepoint: 212486 ns, At safepoint: 18540 ns, Total: 231026 ns
[2020-12-14T02:49:01.806+0000][6][safepoint    ] Safepoint "Cleanup", Time since last: 1000200745 ns, Reaching safepoint: 228979 ns, At safepoint: 18687 ns, Total: 247666 ns
[2020-12-14T02:49:02.806+0000][6][safepoint    ] Safepoint "Cleanup", Time since last: 1000197605 ns, Reaching safepoint: 321401 ns, At safepoint: 18851 ns, Total: 340252 ns
[2020-12-14T02:49:03.807+0000][6][safepoint    ] Safepoint "Cleanup", Time since last: 1000188231 ns, Reaching safepoint: 226403 ns, At safepoint: 18588 ns, Total: 244991 ns
[2020-12-14T02:49:04.807+0000][6][safepoint    ] Safepoint "Cleanup", Time since last: 1000188632 ns, Reaching safepoint: 247996 ns, At safepoint: 19061 ns, Total: 267057 ns
[2020-12-14T02:49:05.808+0000][6][safepoint    ] Safepoint "Cleanup", Time since last: 1000180085 ns, Reaching safepoint: 224502 ns, At safepoint: 18551 ns, Total: 243053 ns
[2020-12-14T02:49:06.808+0000][6][safepoint    ] Safepoint "Cleanup", Time since last: 1000153394 ns, Reaching safepoint: 260229 ns, At safepoint: 23491 ns, Total: 283720 ns
[2020-12-14T02:49:07.809+0000][6][safepoint    ] Safepoint "Cleanup", Time since last: 1000179870 ns, Reaching safepoint: 226850 ns, At safepoint: 18614 ns, Total: 245464 ns
[2020-12-14T02:49:08.809+0000][6][safepoint    ] Safepoint "Cleanup", Time since last: 1000187072 ns, Reaching safepoint: 226116 ns, At safepoint: 18758 ns, Total: 244874 ns
[2020-12-14T02:49:09.809+0000][6][safepoint    ] Safepoint "Cleanup", Time since last: 1000188196 ns, Reaching safepoint: 242590 ns, At safepoint: 18914 ns, Total: 261504 ns
[2020-12-14T02:49:10.810+0000][6][safepoint    ] Safepoint "Cleanup", Time since last: 1000180019 ns, Reaching safepoint: 228928 ns, At safepoint: 19165 ns, Total: 248093 ns
[2020-12-14T02:49:11.810+0000][6][safepoint    ] Safepoint "Cleanup", Time since last: 1000183522 ns, Reaching safepoint: 265266 ns, At safepoint: 19738 ns, Total: 285004 ns
[2020-12-14T02:49:12.811+0000][6][safepoint    ] Safepoint "Cleanup", Time since last: 1000185467 ns, Reaching safepoint: 244607 ns, At safepoint: 19869 ns, Total: 264476 ns
[2020-12-14T02:49:13.811+0000][6][safepoint    ] Safepoint "Cleanup", Time since last: 1000179263 ns, Reaching safepoint: 242233 ns, At safepoint: 26692 ns, Total: 268925 ns
[2020-12-14T02:49:14.812+0000][6][safepoint    ] Safepoint "Cleanup", Time since last: 1000193025 ns, Reaching safepoint: 233624 ns, At safepoint: 20545 ns, Total: 254169 ns
[2020-12-14T02:49:15.812+0000][6][safepoint    ] Safepoint "Cleanup", Time since last: 1000183862 ns, Reaching safepoint: 225453 ns, At safepoint: 26399 ns, Total: 251852 ns
[2020-12-14T02:49:16.813+0000][6][safepoint    ] Safepoint "Cleanup", Time since last: 1000197573 ns, Reaching safepoint: 224136 ns, At safepoint: 18844 ns, Total: 242980 ns
[2020-12-14T02:49:17.813+0000][6][safepoint    ] Safepoint "Cleanup", Time since last: 1000193827 ns, Reaching safepoint: 234222 ns, At safepoint: 18380 ns, Total: 252602 ns
[2020-12-14T02:49:18.813+0000][6][safepoint    ] Safepoint "Cleanup", Time since last: 1000203863 ns, Reaching safepoint: 228571 ns, At safepoint: 18671 ns, Total: 247242 ns
[2020-12-14T02:49:19.814+0000][6][safepoint    ] Safepoint "Cleanup", Time since last: 1000187427 ns, Reaching safepoint: 236173 ns, At safepoint: 18887 ns, Total: 255060 ns
[2020-12-14T02:49:20.814+0000][6][safepoint    ] Safepoint "Cleanup", Time since last: 1000202350 ns, Reaching safepoint: 225447 ns, At safepoint: 19137 ns, Total: 244584 ns
[2020-12-14T02:49:21.815+0000][6][safepoint    ] Safepoint "Cleanup", Time since last: 1000191664 ns, Reaching safepoint: 245441 ns, At safepoint: 17241 ns, Total: 262682 ns
[2020-12-14T02:49:22.815+0000][6][safepoint    ] Safepoint "Cleanup", Time since last: 1000186627 ns, Reaching safepoint: 260076 ns, At safepoint: 18617 ns, Total: 278693 ns
[2020-12-14T02:49:23.816+0000][6][safepoint    ] Safepoint "Cleanup", Time since last: 1000149077 ns, Reaching safepoint: 242102 ns, At safepoint: 17644 ns, Total: 259746 ns
[2020-12-14T02:49:24.816+0000][6][safepoint    ] Safepoint "Cleanup", Time since last: 1000195506 ns, Reaching safepoint: 353016 ns, At safepoint: 18951 ns, Total: 371967 ns
[2020-12-14T02:49:25.817+0000][6][safepoint    ] Safepoint "Cleanup", Time since last: 1000189886 ns, Reaching safepoint: 220807 ns, At safepoint: 18083 ns, Total: 238890 ns
[2020-12-14T02:49:27.234+0000][6][safepoint    ] Safepoint "Cleanup", Time since last: 1417538009 ns, Reaching safepoint: 233174 ns, At safepoint: 22843 ns, Total: 256017 ns
[2020-12-14T02:49:28.235+0000][6][safepoint    ] Safepoint "Cleanup", Time since last: 1000171601 ns, Reaching safepoint: 230930 ns, At safepoint: 18644 ns, Total: 249574 ns
[2020-12-14T02:49:29.235+0000][6][safepoint    ] Safepoint "Cleanup", Time since last: 1000224886 ns, Reaching safepoint: 239885 ns, At safepoint: 19191 ns, Total: 259076 ns
[2020-12-14T02:49:30.236+0000][6][safepoint    ] Safepoint "Cleanup", Time since last: 1000190296 ns, Reaching safepoint: 240308 ns, At safepoint: 19018 ns, Total: 259326 ns
[2020-12-14T02:49:30.344+0000][6][safepoint    ] Safepoint "BulkRevokeBias", Time since last: 107004057 ns, Reaching safepoint: 190086 ns, At safepoint: 1078554 ns, Total: 1268640 ns
[2020-12-14T02:49:30.371+0000][6][gc,start     ] GC(55) Pause Young (Normal) (G1 Evacuation Pause)
[2020-12-14T02:49:30.371+0000][6][gc,task      ] GC(55) Using 10 workers of 10 for evacuation
[2020-12-14T02:49:30.371+0000][6][gc,age       ] GC(55) Desired survivor size 26214400 bytes, new threshold 15 (max threshold 15)
[2020-12-14T02:49:30.389+0000][6][gc,age       ] GC(55) Age table with threshold 15 (max threshold 15)
[2020-12-14T02:49:30.389+0000][6][gc,age       ] GC(55) - age   1:     597136 bytes,     597136 total
[2020-12-14T02:49:30.389+0000][6][gc,age       ] GC(55) - age   2:     132488 bytes,     729624 total
[2020-12-14T02:49:30.389+0000][6][gc,age       ] GC(55) - age   3:     264632 bytes,     994256 total
[2020-12-14T02:49:30.389+0000][6][gc,age       ] GC(55) - age   4:    1110296 bytes,    2104552 total
[2020-12-14T02:49:30.389+0000][6][gc,age       ] GC(55) - age   5:    9047504 bytes,   11152056 total
[2020-12-14T02:49:30.389+0000][6][gc,age       ] GC(55) - age   6:    9962800 bytes,   21114856 total
[2020-12-14T02:49:30.389+0000][6][gc,phases    ] GC(55)   Pre Evacuate Collection Set: 0.3ms
[2020-12-14T02:49:30.389+0000][6][gc,phases    ] GC(55)   Merge Heap Roots: 0.2ms
[2020-12-14T02:49:30.389+0000][6][gc,phases    ] GC(55)   Evacuate Collection Set: 15.9ms
[2020-12-14T02:49:30.389+0000][6][gc,phases    ] GC(55)   Post Evacuate Collection Set: 1.5ms
[2020-12-14T02:49:30.389+0000][6][gc,phases    ] GC(55)   Other: 0.5ms
[2020-12-14T02:49:30.389+0000][6][gc,heap      ] GC(55) Eden regions: 374->0(372)
[2020-12-14T02:49:30.389+0000][6][gc,heap      ] GC(55) Survivor regions: 22->23(50)
[2020-12-14T02:49:30.389+0000][6][gc,heap      ] GC(55) Old regions: 101->101
[2020-12-14T02:49:30.389+0000][6][gc,heap      ] GC(55) Archive regions: 2->2
[2020-12-14T02:49:30.389+0000][6][gc,heap      ] GC(55) Humongous regions: 73->73
[2020-12-14T02:49:30.389+0000][6][gc,metaspace ] GC(55) Metaspace: 76174K(81052K)->76174K(81052K) NonClass: 66551K(69376K)->66551K(69376K) Class: 9623K(11676K)->9623K(11676K)
[2020-12-14T02:49:30.389+0000][6][gc           ] GC(55) Pause Young (Normal) (G1 Evacuation Pause) 570M->196M(793M) 18.530ms
[2020-12-14T02:49:30.389+0000][6][gc,cpu       ] GC(55) User=0.14s Sys=0.01s Real=0.02s
[2020-12-14T02:49:30.389+0000][6][safepoint    ] Safepoint "G1CollectForAllocation", Time since last: 26436933 ns, Reaching safepoint: 218015 ns, At safepoint: 18689396 ns, Total: 18907411 ns
[2020-12-14T02:49:30.409+0000][6][safepoint    ] Safepoint "BulkRevokeBias", Time since last: 16475454 ns, Reaching safepoint: 222513 ns, At safepoint: 2686262 ns, Total: 2908775 ns
[2020-12-14T02:49:32.368+0000][6][safepoint    ] Safepoint "Cleanup", Time since last: 1959049784 ns, Reaching safepoint: 278163 ns, At safepoint: 20115 ns, Total: 298278 ns
[2020-12-14T02:49:33.369+0000][6][safepoint    ] Safepoint "Cleanup", Time since last: 1000185218 ns, Reaching safepoint: 235088 ns, At safepoint: 18754 ns, Total: 253842 ns
[2020-12-14T02:49:34.369+0000][6][safepoint    ] Safepoint "Cleanup", Time since last: 1000196578 ns, Reaching safepoint: 226974 ns, At safepoint: 17644 ns, Total: 244618 ns
[2020-12-14T02:49:35.370+0000][6][safepoint    ] Safepoint "Cleanup", Time since last: 1000200869 ns, Reaching safepoint: 240825 ns, At safepoint: 19451 ns, Total: 260276 ns
[2020-12-14T02:49:36.370+0000][6][safepoint    ] Safepoint "Cleanup", Time since last: 1000188756 ns, Reaching safepoint: 239024 ns, At safepoint: 18848 ns, Total: 257872 ns
[2020-12-14T02:49:37.370+0000][6][safepoint    ] Safepoint "Cleanup", Time since last: 1000190517 ns, Reaching safepoint: 237763 ns, At safepoint: 18967 ns, Total: 256730 ns
[2020-12-14T02:49:38.371+0000][6][safepoint    ] Safepoint "Cleanup", Time since last: 1000188685 ns, Reaching safepoint: 239044 ns, At safepoint: 18945 ns, Total: 257989 ns
[2020-12-14T02:49:39.371+0000][6][safepoint    ] Safepoint "Cleanup", Time since last: 1000192190 ns, Reaching safepoint: 249393 ns, At safepoint: 18895 ns, Total: 268288 ns
[2020-12-14T02:49:40.372+0000][6][safepoint    ] Safepoint "Cleanup", Time since last: 1000190727 ns, Reaching safepoint: 231620 ns, At safepoint: 18844 ns, Total: 250464 ns
[2020-12-14T02:49:41.372+0000][6][safepoint    ] Safepoint "Cleanup", Time since last: 1000192214 ns, Reaching safepoint: 250597 ns, At safepoint: 18981 ns, Total: 269578 ns
[2020-12-14T02:49:42.373+0000][6][safepoint    ] Safepoint "Cleanup", Time since last: 1000191751 ns, Reaching safepoint: 230909 ns, At safepoint: 18841 ns, Total: 249750 ns
[2020-12-14T02:49:43.373+0000][6][safepoint    ] Safepoint "Cleanup", Time since last: 1000198194 ns, Reaching safepoint: 294252 ns, At safepoint: 19945 ns, Total: 314197 ns
[2020-12-14T02:49:44.374+0000][6][safepoint    ] Safepoint "Cleanup", Time since last: 1000142002 ns, Reaching safepoint: 236148 ns, At safepoint: 19103 ns, Total: 255251 ns
[2020-12-14T02:49:45.374+0000][6][safepoint    ] Safepoint "Cleanup", Time since last: 1000188022 ns, Reaching safepoint: 231720 ns, At safepoint: 19101 ns, Total: 250821 ns
[2020-12-14T02:49:46.374+0000][6][safepoint    ] Safepoint "Cleanup", Time since last: 1000214157 ns, Reaching safepoint: 231420 ns, At safepoint: 18584 ns, Total: 250004 ns
[2020-12-14T02:49:47.375+0000][6][safepoint    ] Safepoint "Cleanup", Time since last: 1000201838 ns, Reaching safepoint: 242023 ns, At safepoint: 18697 ns, Total: 260720 ns
[2020-12-14T02:49:48.375+0000][6][safepoint    ] Safepoint "Cleanup", Time since last: 1000192914 ns, Reaching safepoint: 237664 ns, At safepoint: 18350 ns, Total: 256014 ns
[2020-12-14T02:49:49.376+0000][6][safepoint    ] Safepoint "Cleanup", Time since last: 1000186315 ns, Reaching safepoint: 236035 ns, At safepoint: 18811 ns, Total: 254846 ns
[2020-12-14T02:49:50.376+0000][6][safepoint    ] Safepoint "Cleanup", Time since last: 1000188695 ns, Reaching safepoint: 243904 ns, At safepoint: 18877 ns, Total: 262781 ns
[2020-12-14T02:49:51.377+0000][6][safepoint    ] Safepoint "Cleanup", Time since last: 1000185625 ns, Reaching safepoint: 229165 ns, At safepoint: 19601 ns, Total: 248766 ns
[2020-12-14T02:49:52.377+0000][6][safepoint    ] Safepoint "Cleanup", Time since last: 1000168861 ns, Reaching safepoint: 355051 ns, At safepoint: 20074 ns, Total: 375125 ns
[2020-12-14T02:49:53.378+0000][6][safepoint    ] Safepoint "Cleanup", Time since last: 1000128185 ns, Reaching safepoint: 243386 ns, At safepoint: 18955 ns, Total: 262341 ns
[2020-12-14T02:49:54.378+0000][6][safepoint    ] Safepoint "Cleanup", Time since last: 1000186106 ns, Reaching safepoint: 234285 ns, At safepoint: 29213 ns, Total: 263498 ns
[2020-12-14T02:49:55.379+0000][6][safepoint    ] Safepoint "Cleanup", Time since last: 1000195203 ns, Reaching safepoint: 240485 ns, At safepoint: 19291 ns, Total: 259776 ns
[2020-12-14T02:49:56.379+0000][6][safepoint    ] Safepoint "Cleanup", Time since last: 1000189754 ns, Reaching safepoint: 211311 ns, At safepoint: 19468 ns, Total: 230779 ns
[2020-12-14T02:49:56.792+0000][6][safepoint    ] Safepoint "BulkRevokeBias", Time since last: 408971102 ns, Reaching safepoint: 258918 ns, At safepoint: 3417387 ns, Total: 3676305 ns
[2020-12-14T02:49:57.794+0000][6][safepoint    ] Safepoint "Cleanup", Time since last: 1002444693 ns, Reaching safepoint: 280628 ns, At safepoint: 21322 ns, Total: 301950 ns
[2020-12-14T02:49:58.795+0000][6][safepoint    ] Safepoint "Cleanup", Time since last: 1000189670 ns, Reaching safepoint: 237173 ns, At safepoint: 17677 ns, Total: 254850 ns
[2020-12-14T02:49:59.795+0000][6][safepoint    ] Safepoint "Cleanup", Time since last: 1000184063 ns, Reaching safepoint: 223598 ns, At safepoint: 18661 ns, Total: 242259 ns
[2020-12-14T02:50:00.796+0000][6][safepoint    ] Safepoint "Cleanup", Time since last: 1000186220 ns, Reaching safepoint: 232581 ns, At safepoint: 19364 ns, Total: 251945 ns
[2020-12-14T02:50:01.796+0000][6][safepoint    ] Safepoint "Cleanup", Time since last: 1000186701 ns, Reaching safepoint: 249965 ns, At safepoint: 15416 ns, Total: 265381 ns
[2020-12-14T02:50:02.797+0000][6][safepoint    ] Safepoint "Cleanup", Time since last: 1000151092 ns, Reaching safepoint: 225066 ns, At safepoint: 18324 ns, Total: 243390 ns
[2020-12-14T02:50:03.797+0000][6][safepoint    ] Safepoint "Cleanup", Time since last: 1000189339 ns, Reaching safepoint: 234235 ns, At safepoint: 18784 ns, Total: 253019 ns
[2020-12-14T02:50:04.797+0000][6][safepoint    ] Safepoint "Cleanup", Time since last: 1000190584 ns, Reaching safepoint: 238194 ns, At safepoint: 18847 ns, Total: 257041 ns
[2020-12-14T02:50:05.798+0000][6][safepoint    ] Safepoint "Cleanup", Time since last: 1000185863 ns, Reaching safepoint: 241152 ns, At safepoint: 19341 ns, Total: 260493 ns
[2020-12-14T02:50:06.798+0000][6][safepoint    ] Safepoint "Cleanup", Time since last: 1000189854 ns, Reaching safepoint: 250664 ns, At safepoint: 18183 ns, Total: 268847 ns
[2020-12-14T02:50:07.799+0000][6][safepoint    ] Safepoint "Cleanup", Time since last: 1000211639 ns, Reaching safepoint: 244050 ns, At safepoint: 18571 ns, Total: 262621 ns
[2020-12-14T02:50:08.799+0000][6][safepoint    ] Safepoint "Cleanup", Time since last: 1000189139 ns, Reaching safepoint: 253055 ns, At safepoint: 19044 ns, Total: 272099 ns
[2020-12-14T02:50:09.800+0000][6][safepoint    ] Safepoint "Cleanup", Time since last: 1000205236 ns, Reaching safepoint: 238153 ns, At safepoint: 18598 ns, Total: 256751 ns
[2020-12-14T02:50:10.800+0000][6][safepoint    ] Safepoint "Cleanup", Time since last: 1000185580 ns, Reaching safepoint: 270675 ns, At safepoint: 18874 ns, Total: 289549 ns
[2020-12-14T02:50:11.801+0000][6][safepoint    ] Safepoint "Cleanup", Time since last: 1000201960 ns, Reaching safepoint: 277513 ns, At safepoint: 19154 ns, Total: 296667 ns
[2020-12-14T02:50:12.801+0000][6][safepoint    ] Safepoint "Cleanup", Time since last: 1000191273 ns, Reaching safepoint: 289043 ns, At safepoint: 19111 ns, Total: 308154 ns
[2020-12-14T02:50:13.802+0000][6][safepoint    ] Safepoint "Cleanup", Time since last: 1000179631 ns, Reaching safepoint: 256214 ns, At safepoint: 29902 ns, Total: 286116 ns
[2020-12-14T02:50:14.802+0000][6][safepoint    ] Safepoint "Cleanup", Time since last: 1000184122 ns, Reaching safepoint: 245068 ns, At safepoint: 16446 ns, Total: 261514 ns
[2020-12-14T02:50:15.803+0000][6][safepoint    ] Safepoint "Cleanup", Time since last: 1000205281 ns, Reaching safepoint: 235719 ns, At safepoint: 18124 ns, Total: 253843 ns
[2020-12-14T02:50:16.803+0000][6][safepoint    ] Safepoint "Cleanup", Time since last: 1000188815 ns, Reaching safepoint: 234668 ns, At safepoint: 18781 ns, Total: 253449 ns
[2020-12-14T02:50:17.803+0000][6][safepoint    ] Safepoint "Cleanup", Time since last: 1000235734 ns, Reaching safepoint: 239304 ns, At safepoint: 18640 ns, Total: 257944 ns
[2020-12-14T02:50:18.804+0000][6][safepoint    ] Safepoint "Cleanup", Time since last: 1000185733 ns, Reaching safepoint: 225573 ns, At safepoint: 18337 ns, Total: 243910 ns
[2020-12-14T02:50:19.804+0000][6][safepoint    ] Safepoint "Cleanup", Time since last: 1000193424 ns, Reaching safepoint: 234758 ns, At safepoint: 18785 ns, Total: 253543 ns
[2020-12-14T02:50:20.805+0000][6][safepoint    ] Safepoint "Cleanup", Time since last: 1000200400 ns, Reaching safepoint: 228121 ns, At safepoint: 18231 ns, Total: 246352 ns
[2020-12-14T02:50:21.805+0000][6][safepoint    ] Safepoint "Cleanup", Time since last: 1000219113 ns, Reaching safepoint: 291194 ns, At safepoint: 20348 ns, Total: 311542 ns
[2020-12-14T02:50:22.806+0000][6][safepoint    ] Safepoint "Cleanup", Time since last: 1000188622 ns, Reaching safepoint: 237539 ns, At safepoint: 20392 ns, Total: 257931 ns
[2020-12-14T02:50:23.806+0000][6][safepoint    ] Safepoint "Cleanup", Time since last: 1000185711 ns, Reaching safepoint: 227499 ns, At safepoint: 17579 ns, Total: 245078 ns
[2020-12-14T02:50:24.807+0000][6][safepoint    ] Safepoint "Cleanup", Time since last: 1000190292 ns, Reaching safepoint: 245161 ns, At safepoint: 18728 ns, Total: 263889 ns
[2020-12-14T02:50:25.807+0000][6][safepoint    ] Safepoint "Cleanup", Time since last: 1000189506 ns, Reaching safepoint: 267524 ns, At safepoint: 19411 ns, Total: 286935 ns
[2020-12-14T02:50:26.287+0000][6][safepoint    ] Safepoint "BulkRevokeBias", Time since last: 478956891 ns, Reaching safepoint: 164393 ns, At safepoint: 1067601 ns, Total: 1231994 ns
[2020-12-14T02:50:27.304+0000][6][safepoint    ] Safepoint "Cleanup", Time since last: 1016166510 ns, Reaching safepoint: 222628 ns, At safepoint: 19351 ns, Total: 241979 ns
[2020-12-14T02:50:28.304+0000][6][safepoint    ] Safepoint "Cleanup", Time since last: 1000188089 ns, Reaching safepoint: 236475 ns, At safepoint: 16904 ns, Total: 253379 ns
[2020-12-14T02:50:29.305+0000][6][safepoint    ] Safepoint "Cleanup", Time since last: 1000194608 ns, Reaching safepoint: 230887 ns, At safepoint: 18614 ns, Total: 249501 ns
[2020-12-14T02:50:30.305+0000][6][safepoint    ] Safepoint "Cleanup", Time since last: 1000210808 ns, Reaching safepoint: 235365 ns, At safepoint: 16956 ns, Total: 252321 ns
[2020-12-14T02:50:31.401+0000][6][safepoint    ] Safepoint "Cleanup", Time since last: 1095407852 ns, Reaching safepoint: 254243 ns, At safepoint: 18711 ns, Total: 272954 ns
[2020-12-14T02:50:32.401+0000][6][safepoint    ] Safepoint "Cleanup", Time since last: 1000164592 ns, Reaching safepoint: 275064 ns, At safepoint: 16210 ns, Total: 291274 ns
[2020-12-14T02:50:33.402+0000][6][safepoint    ] Safepoint "Cleanup", Time since last: 1000190950 ns, Reaching safepoint: 221644 ns, At safepoint: 20378 ns, Total: 242022 ns
[2020-12-14T02:50:34.402+0000][6][safepoint    ] Safepoint "Cleanup", Time since last: 1000214237 ns, Reaching safepoint: 283266 ns, At safepoint: 19368 ns, Total: 302634 ns
[2020-12-14T02:50:35.403+0000][6][safepoint    ] Safepoint "Cleanup", Time since last: 1000209114 ns, Reaching safepoint: 224806 ns, At safepoint: 18350 ns, Total: 243156 ns
[2020-12-14T02:50:36.403+0000][6][safepoint    ] Safepoint "Cleanup", Time since last: 1000186498 ns, Reaching safepoint: 226731 ns, At safepoint: 72418 ns, Total: 299149 ns
[2020-12-14T02:50:37.404+0000][6][safepoint    ] Safepoint "Cleanup", Time since last: 1000182381 ns, Reaching safepoint: 208042 ns, At safepoint: 16495 ns, Total: 224537 ns
[2020-12-14T02:50:38.404+0000][6][safepoint    ] Safepoint "Cleanup", Time since last: 1000176588 ns, Reaching safepoint: 224185 ns, At safepoint: 18764 ns, Total: 242949 ns
[2020-12-14T02:50:39.404+0000][6][safepoint    ] Safepoint "Cleanup", Time since last: 1000190280 ns, Reaching safepoint: 234435 ns, At safepoint: 18660 ns, Total: 253095 ns
[2020-12-14T02:50:40.405+0000][6][safepoint    ] Safepoint "Cleanup", Time since last: 1000188488 ns, Reaching safepoint: 229460 ns, At safepoint: 22539 ns, Total: 251999 ns
[2020-12-14T02:50:41.405+0000][6][safepoint    ] Safepoint "Cleanup", Time since last: 1000184810 ns, Reaching safepoint: 312630 ns, At safepoint: 18967 ns, Total: 331597 ns
[2020-12-14T02:50:42.406+0000][6][safepoint    ] Safepoint "Cleanup", Time since last: 1000205212 ns, Reaching safepoint: 224823 ns, At safepoint: 18200 ns, Total: 243023 ns
[2020-12-14T02:50:43.406+0000][6][safepoint    ] Safepoint "Cleanup", Time since last: 1000206696 ns, Reaching safepoint: 276396 ns, At safepoint: 18477 ns, Total: 294873 ns
[2020-12-14T02:50:44.407+0000][6][safepoint    ] Safepoint "Cleanup", Time since last: 1000198805 ns, Reaching safepoint: 233988 ns, At safepoint: 18774 ns, Total: 252762 ns
[2020-12-14T02:50:45.407+0000][6][safepoint    ] Safepoint "Cleanup", Time since last: 1000194258 ns, Reaching safepoint: 240681 ns, At safepoint: 17733 ns, Total: 258414 ns
[2020-12-14T02:50:46.408+0000][6][safepoint    ] Safepoint "Cleanup", Time since last: 1000183420 ns, Reaching safepoint: 238684 ns, At safepoint: 18634 ns, Total: 257318 ns
[2020-12-14T02:50:47.408+0000][6][safepoint    ] Safepoint "Cleanup", Time since last: 1000191007 ns, Reaching safepoint: 289360 ns, At safepoint: 17423 ns, Total: 306783 ns
[2020-12-14T02:50:48.409+0000][6][safepoint    ] Safepoint "Cleanup", Time since last: 1000201880 ns, Reaching safepoint: 239893 ns, At safepoint: 17582 ns, Total: 257475 ns
[2020-12-14T02:50:49.409+0000][6][safepoint    ] Safepoint "Cleanup", Time since last: 1000200775 ns, Reaching safepoint: 221291 ns, At safepoint: 16906 ns, Total: 238197 ns
[2020-12-14T02:50:50.410+0000][6][safepoint    ] Safepoint "Cleanup", Time since last: 1000266926 ns, Reaching safepoint: 257361 ns, At safepoint: 18494 ns, Total: 275855 ns
[2020-12-14T02:50:51.410+0000][6][safepoint    ] Safepoint "Cleanup", Time since last: 1000188907 ns, Reaching safepoint: 227191 ns, At safepoint: 17120 ns, Total: 244311 ns
[2020-12-14T02:50:52.411+0000][6][safepoint    ] Safepoint "Cleanup", Time since last: 1000250517 ns, Reaching safepoint: 238200 ns, At safepoint: 17589 ns, Total: 255789 ns
[2020-12-14T02:50:53.411+0000][6][safepoint    ] Safepoint "Cleanup", Time since last: 1000187673 ns, Reaching safepoint: 235465 ns, At safepoint: 21093 ns, Total: 256558 ns
[2020-12-14T02:50:54.411+0000][6][safepoint    ] Safepoint "Cleanup", Time since last: 1000210077 ns, Reaching safepoint: 223555 ns, At safepoint: 18468 ns, Total: 242023 ns
[2020-12-14T02:50:55.412+0000][6][safepoint    ] Safepoint "Cleanup", Time since last: 1000198678 ns, Reaching safepoint: 225419 ns, At safepoint: 18231 ns, Total: 243650 ns
[2020-12-14T02:50:56.412+0000][6][safepoint    ] Safepoint "Cleanup", Time since last: 1000183550 ns, Reaching safepoint: 325997 ns, At safepoint: 17816 ns, Total: 343813 ns
[2020-12-14T02:50:57.413+0000][6][safepoint    ] Safepoint "Cleanup", Time since last: 1000196170 ns, Reaching safepoint: 235048 ns, At safepoint: 18911 ns, Total: 253959 ns
[2020-12-14T02:50:58.789+0000][6][safepoint    ] Safepoint "Cleanup", Time since last: 1376128627 ns, Reaching safepoint: 251351 ns, At safepoint: 19195 ns, Total: 270546 ns
[2020-12-14T02:50:59.790+0000][6][safepoint    ] Safepoint "Cleanup", Time since last: 1000204070 ns, Reaching safepoint: 235582 ns, At safepoint: 18721 ns, Total: 254303 ns
[2020-12-14T02:51:00.790+0000][6][safepoint    ] Safepoint "Cleanup", Time since last: 1000187016 ns, Reaching safepoint: 252348 ns, At safepoint: 18197 ns, Total: 270545 ns
[2020-12-14T02:51:01.791+0000][6][safepoint    ] Safepoint "Cleanup", Time since last: 1000194528 ns, Reaching safepoint: 227911 ns, At safepoint: 18914 ns, Total: 246825 ns
[2020-12-14T02:51:02.791+0000][6][safepoint    ] Safepoint "Cleanup", Time since last: 1000206863 ns, Reaching safepoint: 297259 ns, At safepoint: 19002 ns, Total: 316261 ns
[2020-12-14T02:51:03.792+0000][6][safepoint    ] Safepoint "Cleanup", Time since last: 1000199881 ns, Reaching safepoint: 238024 ns, At safepoint: 17857 ns, Total: 255881 ns
[2020-12-14T02:51:04.792+0000][6][safepoint    ] Safepoint "Cleanup", Time since last: 1000183654 ns, Reaching safepoint: 240851 ns, At safepoint: 17354 ns, Total: 258205 ns
[2020-12-14T02:51:05.793+0000][6][safepoint    ] Safepoint "Cleanup", Time since last: 1000293856 ns, Reaching safepoint: 226913 ns, At safepoint: 19298 ns, Total: 246211 ns
[2020-12-14T02:51:06.793+0000][6][safepoint    ] Safepoint "Cleanup", Time since last: 1000186388 ns, Reaching safepoint: 234069 ns, At safepoint: 17435 ns, Total: 251504 ns
[2020-12-14T02:51:07.793+0000][6][safepoint    ] Safepoint "Cleanup", Time since last: 1000210662 ns, Reaching safepoint: 223815 ns, At safepoint: 15717 ns, Total: 239532 ns
[2020-12-14T02:51:08.794+0000][6][safepoint    ] Safepoint "Cleanup", Time since last: 1000172975 ns, Reaching safepoint: 223238 ns, At safepoint: 18228 ns, Total: 241466 ns
[2020-12-14T02:51:09.794+0000][6][safepoint    ] Safepoint "Cleanup", Time since last: 1000164198 ns, Reaching safepoint: 245944 ns, At safepoint: 19538 ns, Total: 265482 ns
[2020-12-14T02:51:10.795+0000][6][safepoint    ] Safepoint "Cleanup", Time since last: 1000198205 ns, Reaching safepoint: 230372 ns, At safepoint: 20051 ns, Total: 250423 ns
[2020-12-14T02:51:11.795+0000][6][safepoint    ] Safepoint "Cleanup", Time since last: 1000185207 ns, Reaching safepoint: 247132 ns, At safepoint: 18965 ns, Total: 266097 ns
[2020-12-14T02:51:12.796+0000][6][safepoint    ] Safepoint "Cleanup", Time since last: 1000179183 ns, Reaching safepoint: 251471 ns, At safepoint: 19201 ns, Total: 270672 ns
[2020-12-14T02:51:13.796+0000][6][safepoint    ] Safepoint "Cleanup", Time since last: 1000177876 ns, Reaching safepoint: 233828 ns, At safepoint: 33129 ns, Total: 266957 ns
[2020-12-14T02:51:14.797+0000][6][safepoint    ] Safepoint "Cleanup", Time since last: 1000183382 ns, Reaching safepoint: 225106 ns, At safepoint: 18678 ns, Total: 243784 ns
[2020-12-14T02:51:15.797+0000][6][safepoint    ] Safepoint "Cleanup", Time since last: 1000188412 ns, Reaching safepoint: 243777 ns, At safepoint: 28750 ns, Total: 272527 ns
[2020-12-14T02:51:16.797+0000][6][safepoint    ] Safepoint "Cleanup", Time since last: 1000203482 ns, Reaching safepoint: 243343 ns, At safepoint: 19241 ns, Total: 262584 ns
[2020-12-14T02:51:17.798+0000][6][safepoint    ] Safepoint "Cleanup", Time since last: 1000153106 ns, Reaching safepoint: 239421 ns, At safepoint: 18808 ns, Total: 258229 ns
[2020-12-14T02:51:18.798+0000][6][safepoint    ] Safepoint "Cleanup", Time since last: 1000183209 ns, Reaching safepoint: 262321 ns, At safepoint: 19341 ns, Total: 281662 ns
[2020-12-14T02:51:19.799+0000][6][safepoint    ] Safepoint "Cleanup", Time since last: 1000186384 ns, Reaching safepoint: 232314 ns, At safepoint: 18844 ns, Total: 251158 ns
[2020-12-14T02:51:20.799+0000][6][safepoint    ] Safepoint "Cleanup", Time since last: 1000188615 ns, Reaching safepoint: 241169 ns, At safepoint: 18924 ns, Total: 260093 ns
[2020-12-14T02:51:21.800+0000][6][safepoint    ] Safepoint "Cleanup", Time since last: 1000180294 ns, Reaching safepoint: 271866 ns, At safepoint: 18568 ns, Total: 290434 ns
[2020-12-14T02:51:22.800+0000][6][safepoint    ] Safepoint "Cleanup", Time since last: 1000191564 ns, Reaching safepoint: 252475 ns, At safepoint: 22139 ns, Total: 274614 ns
[2020-12-14T02:51:23.801+0000][6][safepoint    ] Safepoint "Cleanup", Time since last: 1000189819 ns, Reaching safepoint: 220481 ns, At safepoint: 18934 ns, Total: 239415 ns
[2020-12-14T02:51:24.801+0000][6][safepoint    ] Safepoint "Cleanup", Time since last: 1000185877 ns, Reaching safepoint: 229142 ns, At safepoint: 17173 ns, Total: 246315 ns
[2020-12-14T02:51:25.801+0000][6][safepoint    ] Safepoint "Cleanup", Time since last: 1000206392 ns, Reaching safepoint: 260390 ns, At safepoint: 18691 ns, Total: 279081 ns
[2020-12-14T02:51:27.374+0000][6][safepoint    ] Safepoint "Cleanup", Time since last: 1572060745 ns, Reaching safepoint: 229465 ns, At safepoint: 17737 ns, Total: 247202 ns
[2020-12-14T02:51:28.374+0000][6][safepoint    ] Safepoint "Cleanup", Time since last: 1000182004 ns, Reaching safepoint: 237227 ns, At safepoint: 19628 ns, Total: 256855 ns
[2020-12-14T02:51:29.375+0000][6][safepoint    ] Safepoint "Cleanup", Time since last: 1000155386 ns, Reaching safepoint: 246898 ns, At safepoint: 20946 ns, Total: 267844 ns
[2020-12-14T02:51:30.375+0000][6][safepoint    ] Safepoint "Cleanup", Time since last: 1000182815 ns, Reaching safepoint: 247062 ns, At safepoint: 17267 ns, Total: 264329 ns
[2020-12-14T02:51:31.434+0000][6][safepoint    ] Safepoint "Cleanup", Time since last: 1058829935 ns, Reaching safepoint: 255217 ns, At safepoint: 19605 ns, Total: 274822 ns
[2020-12-14T02:51:32.435+0000][6][safepoint    ] Safepoint "Cleanup", Time since last: 1000185203 ns, Reaching safepoint: 214723 ns, At safepoint: 17784 ns, Total: 232507 ns
[2020-12-14T02:51:33.435+0000][6][safepoint    ] Safepoint "Cleanup", Time since last: 1000195692 ns, Reaching safepoint: 295547 ns, At safepoint: 19615 ns, Total: 315162 ns
[2020-12-14T02:51:34.436+0000][6][safepoint    ] Safepoint "Cleanup", Time since last: 1000187095 ns, Reaching safepoint: 220303 ns, At safepoint: 19114 ns, Total: 239417 ns
[2020-12-14T02:51:35.436+0000][6][safepoint    ] Safepoint "Cleanup", Time since last: 1000186457 ns, Reaching safepoint: 228241 ns, At safepoint: 18223 ns, Total: 246464 ns
[2020-12-14T02:51:36.436+0000][6][safepoint    ] Safepoint "Cleanup", Time since last: 1000183684 ns, Reaching safepoint: 230122 ns, At safepoint: 20339 ns, Total: 250461 ns
[2020-12-14T02:51:37.437+0000][6][safepoint    ] Safepoint "Cleanup", Time since last: 1000187942 ns, Reaching safepoint: 230312 ns, At safepoint: 19091 ns, Total: 249403 ns
[2020-12-14T02:51:38.437+0000][6][safepoint    ] Safepoint "Cleanup", Time since last: 1000187908 ns, Reaching safepoint: 241806 ns, At safepoint: 20128 ns, Total: 261934 ns
[2020-12-14T02:51:39.438+0000][6][safepoint    ] Safepoint "Cleanup", Time since last: 1000188665 ns, Reaching safepoint: 222435 ns, At safepoint: 19511 ns, Total: 241946 ns
[2020-12-14T02:51:40.438+0000][6][safepoint    ] Safepoint "Cleanup", Time since last: 1000187188 ns, Reaching safepoint: 249664 ns, At safepoint: 18630 ns, Total: 268294 ns
[2020-12-14T02:51:41.439+0000][6][safepoint    ] Safepoint "Cleanup", Time since last: 1000190713 ns, Reaching safepoint: 235719 ns, At safepoint: 19642 ns, Total: 255361 ns
[2020-12-14T02:51:42.439+0000][6][safepoint    ] Safepoint "Cleanup", Time since last: 1000188295 ns, Reaching safepoint: 223098 ns, At safepoint: 32109 ns, Total: 255207 ns
[2020-12-14T02:51:43.440+0000][6][safepoint    ] Safepoint "Cleanup", Time since last: 1000198387 ns, Reaching safepoint: 250991 ns, At safepoint: 19695 ns, Total: 270686 ns
[2020-12-14T02:51:44.440+0000][6][safepoint    ] Safepoint "Cleanup", Time since last: 1000166100 ns, Reaching safepoint: 231970 ns, At safepoint: 19031 ns, Total: 251001 ns
[2020-12-14T02:51:45.440+0000][6][safepoint    ] Safepoint "Cleanup", Time since last: 1000185453 ns, Reaching safepoint: 233825 ns, At safepoint: 18152 ns, Total: 251977 ns
[2020-12-14T02:51:46.441+0000][6][safepoint    ] Safepoint "Cleanup", Time since last: 1000186816 ns, Reaching safepoint: 218272 ns, At safepoint: 19381 ns, Total: 237653 ns
[2020-12-14T02:51:47.441+0000][6][safepoint    ] Safepoint "Cleanup", Time since last: 1000185910 ns, Reaching safepoint: 246642 ns, At safepoint: 19851 ns, Total: 266493 ns
[2020-12-14T02:51:48.442+0000][6][safepoint    ] Safepoint "Cleanup", Time since last: 1000188369 ns, Reaching safepoint: 215340 ns, At safepoint: 19788 ns, Total: 235128 ns
[2020-12-14T02:51:49.442+0000][6][safepoint    ] Safepoint "Cleanup", Time since last: 1000185045 ns, Reaching safepoint: 320242 ns, At safepoint: 19494 ns, Total: 339736 ns
[2020-12-14T02:51:50.443+0000][6][safepoint    ] Safepoint "Cleanup", Time since last: 1000185708 ns, Reaching safepoint: 217692 ns, At safepoint: 21219 ns, Total: 238911 ns
[2020-12-14T02:51:51.443+0000][6][safepoint    ] Safepoint "Cleanup", Time since last: 1000186214 ns, Reaching safepoint: 234925 ns, At safepoint: 20069 ns, Total: 254994 ns
[2020-12-14T02:51:52.444+0000][6][safepoint    ] Safepoint "Cleanup", Time since last: 1000196730 ns, Reaching safepoint: 228671 ns, At safepoint: 21896 ns, Total: 250567 ns
[2020-12-14T02:51:53.444+0000][6][safepoint    ] Safepoint "Cleanup", Time since last: 1000199818 ns, Reaching safepoint: 226414 ns, At safepoint: 17513 ns, Total: 243927 ns
[2020-12-14T02:51:54.444+0000][6][safepoint    ] Safepoint "Cleanup", Time since last: 1000190511 ns, Reaching safepoint: 236553 ns, At safepoint: 23770 ns, Total: 260323 ns
[2020-12-14T02:51:55.445+0000][6][safepoint    ] Safepoint "Cleanup", Time since last: 1000207416 ns, Reaching safepoint: 228031 ns, At safepoint: 18337 ns, Total: 246368 ns
[2020-12-14T02:51:56.445+0000][6][safepoint    ] Safepoint "Cleanup", Time since last: 1000198497 ns, Reaching safepoint: 213720 ns, At safepoint: 18417 ns, Total: 232137 ns
[2020-12-14T02:51:57.446+0000][6][safepoint    ] Safepoint "Cleanup", Time since last: 1000189369 ns, Reaching safepoint: 226691 ns, At safepoint: 18240 ns, Total: 244931 ns
[2020-12-14T02:51:58.446+0000][6][safepoint    ] Safepoint "Cleanup", Time since last: 1000188819 ns, Reaching safepoint: 236032 ns, At safepoint: 18441 ns, Total: 254473 ns
[2020-12-14T02:51:59.798+0000][6][safepoint    ] Safepoint "Cleanup", Time since last: 1351299844 ns, Reaching safepoint: 244967 ns, At safepoint: 18901 ns, Total: 263868 ns
[2020-12-14T02:52:00.798+0000][6][safepoint    ] Safepoint "Cleanup", Time since last: 1000186814 ns, Reaching safepoint: 241065 ns, At safepoint: 19021 ns, Total: 260086 ns
[2020-12-14T02:52:01.799+0000][6][safepoint    ] Safepoint "Cleanup", Time since last: 1000184915 ns, Reaching safepoint: 228348 ns, At safepoint: 18984 ns, Total: 247332 ns
[2020-12-14T02:52:02.799+0000][6][safepoint    ] Safepoint "Cleanup", Time since last: 1000188799 ns, Reaching safepoint: 251955 ns, At safepoint: 17630 ns, Total: 269585 ns
[2020-12-14T02:52:03.800+0000][6][safepoint    ] Safepoint "Cleanup", Time since last: 1000190225 ns, Reaching safepoint: 238084 ns, At safepoint: 18958 ns, Total: 257042 ns
[2020-12-14T02:52:04.800+0000][6][safepoint    ] Safepoint "Cleanup", Time since last: 1000188525 ns, Reaching safepoint: 233544 ns, At safepoint: 18604 ns, Total: 252148 ns
[2020-12-14T02:52:05.800+0000][6][safepoint    ] Safepoint "Cleanup", Time since last: 1000217539 ns, Reaching safepoint: 227321 ns, At safepoint: 31122 ns, Total: 258443 ns
[2020-12-14T02:52:06.801+0000][6][safepoint    ] Safepoint "Cleanup", Time since last: 1000166368 ns, Reaching safepoint: 237874 ns, At safepoint: 18747 ns, Total: 256621 ns
[2020-12-14T02:52:07.801+0000][6][safepoint    ] Safepoint "Cleanup", Time since last: 1000205999 ns, Reaching safepoint: 244063 ns, At safepoint: 14120 ns, Total: 258183 ns
[2020-12-14T02:52:08.802+0000][6][safepoint    ] Safepoint "Cleanup", Time since last: 1000167879 ns, Reaching safepoint: 231790 ns, At safepoint: 18527 ns, Total: 250317 ns
[2020-12-14T02:52:09.802+0000][6][safepoint    ] Safepoint "Cleanup", Time since last: 1000186529 ns, Reaching safepoint: 242579 ns, At safepoint: 18821 ns, Total: 261400 ns
[2020-12-14T02:52:10.803+0000][6][safepoint    ] Safepoint "Cleanup", Time since last: 1000168703 ns, Reaching safepoint: 228415 ns, At safepoint: 18530 ns, Total: 246945 ns
[2020-12-14T02:52:11.803+0000][6][safepoint    ] Safepoint "Cleanup", Time since last: 1000186741 ns, Reaching safepoint: 252532 ns, At safepoint: 17570 ns, Total: 270102 ns
[2020-12-14T02:52:12.804+0000][6][safepoint    ] Safepoint "Cleanup", Time since last: 1000186854 ns, Reaching safepoint: 270793 ns, At safepoint: 17810 ns, Total: 288603 ns
[2020-12-14T02:52:13.804+0000][6][safepoint    ] Safepoint "Cleanup", Time since last: 1000175785 ns, Reaching safepoint: 240415 ns, At safepoint: 18627 ns, Total: 259042 ns
[2020-12-14T02:52:14.804+0000][6][safepoint    ] Safepoint "Cleanup", Time since last: 1000209177 ns, Reaching safepoint: 232187 ns, At safepoint: 19038 ns, Total: 251225 ns
[2020-12-14T02:52:15.805+0000][6][safepoint    ] Safepoint "Cleanup", Time since last: 1000189439 ns, Reaching safepoint: 239104 ns, At safepoint: 18841 ns, Total: 257945 ns
[2020-12-14T02:52:16.805+0000][6][safepoint    ] Safepoint "Cleanup", Time since last: 1000194237 ns, Reaching safepoint: 232610 ns, At safepoint: 17389 ns, Total: 249999 ns
[2020-12-14T02:52:17.806+0000][6][safepoint    ] Safepoint "Cleanup", Time since last: 1000185260 ns, Reaching safepoint: 235332 ns, At safepoint: 19197 ns, Total: 254529 ns
[2020-12-14T02:52:18.806+0000][6][safepoint    ] Safepoint "Cleanup", Time since last: 1000202337 ns, Reaching safepoint: 250044 ns, At safepoint: 19224 ns, Total: 269268 ns
[2020-12-14T02:52:19.807+0000][6][safepoint    ] Safepoint "Cleanup", Time since last: 1000200092 ns, Reaching safepoint: 242316 ns, At safepoint: 18958 ns, Total: 261274 ns
[2020-12-14T02:52:20.807+0000][6][safepoint    ] Safepoint "Cleanup", Time since last: 1000203629 ns, Reaching safepoint: 246939 ns, At safepoint: 17891 ns, Total: 264830 ns
[2020-12-14T02:52:21.808+0000][6][safepoint    ] Safepoint "Cleanup", Time since last: 1000181832 ns, Reaching safepoint: 243144 ns, At safepoint: 18850 ns, Total: 261994 ns
[2020-12-14T02:52:22.808+0000][6][safepoint    ] Safepoint "Cleanup", Time since last: 1000186407 ns, Reaching safepoint: 267324 ns, At safepoint: 17204 ns, Total: 284528 ns
[2020-12-14T02:52:23.809+0000][6][safepoint    ] Safepoint "Cleanup", Time since last: 1000183975 ns, Reaching safepoint: 226994 ns, At safepoint: 18527 ns, Total: 245521 ns
[2020-12-14T02:52:24.809+0000][6][safepoint    ] Safepoint "Cleanup", Time since last: 1000187382 ns, Reaching safepoint: 225102 ns, At safepoint: 18861 ns, Total: 243963 ns
[2020-12-14T02:52:25.809+0000][6][safepoint    ] Safepoint "Cleanup", Time since last: 1000190914 ns, Reaching safepoint: 232046 ns, At safepoint: 18621 ns, Total: 250667 ns
[2020-12-14T02:52:27.444+0000][6][safepoint    ] Safepoint "Cleanup", Time since last: 1633887672 ns, Reaching safepoint: 250711 ns, At safepoint: 19378 ns, Total: 270089 ns
[2020-12-14T02:52:28.444+0000][6][safepoint    ] Safepoint "Cleanup", Time since last: 1000185652 ns, Reaching safepoint: 221617 ns, At safepoint: 18661 ns, Total: 240278 ns
[2020-12-14T02:52:29.444+0000][6][safepoint    ] Safepoint "Cleanup", Time since last: 1000206744 ns, Reaching safepoint: 218362 ns, At safepoint: 20315 ns, Total: 238677 ns
[2020-12-14T02:52:30.445+0000][6][safepoint    ] Safepoint "Cleanup", Time since last: 1000187425 ns, Reaching safepoint: 228848 ns, At safepoint: 19048 ns, Total: 247896 ns
[2020-12-14T02:52:31.468+0000][6][safepoint    ] Safepoint "Cleanup", Time since last: 1022784202 ns, Reaching safepoint: 230830 ns, At safepoint: 18770 ns, Total: 249600 ns
[2020-12-14T02:52:32.468+0000][6][safepoint    ] Safepoint "Cleanup", Time since last: 1000190069 ns, Reaching safepoint: 237987 ns, At safepoint: 18817 ns, Total: 256804 ns
[2020-12-14T02:52:33.469+0000][6][safepoint    ] Safepoint "Cleanup", Time since last: 1000190647 ns, Reaching safepoint: 234474 ns, At safepoint: 18694 ns, Total: 253168 ns
[2020-12-14T02:52:34.469+0000][6][safepoint    ] Safepoint "Cleanup", Time since last: 1000187752 ns, Reaching safepoint: 260847 ns, At safepoint: 18821 ns, Total: 279668 ns
[2020-12-14T02:52:35.470+0000][6][safepoint    ] Safepoint "Cleanup", Time since last: 1000201777 ns, Reaching safepoint: 237840 ns, At safepoint: 18967 ns, Total: 256807 ns
[2020-12-14T02:52:36.470+0000][6][safepoint    ] Safepoint "Cleanup", Time since last: 1000187705 ns, Reaching safepoint: 288572 ns, At safepoint: 18924 ns, Total: 307496 ns
[2020-12-14T02:52:37.471+0000][6][safepoint    ] Safepoint "Cleanup", Time since last: 1000183838 ns, Reaching safepoint: 231943 ns, At safepoint: 18871 ns, Total: 250814 ns
[2020-12-14T02:52:38.471+0000][6][safepoint    ] Safepoint "Cleanup", Time since last: 1000190705 ns, Reaching safepoint: 263498 ns, At safepoint: 19548 ns, Total: 283046 ns
[2020-12-14T02:52:39.472+0000][6][safepoint    ] Safepoint "Cleanup", Time since last: 1000185670 ns, Reaching safepoint: 227715 ns, At safepoint: 18730 ns, Total: 246445 ns
[2020-12-14T02:52:40.472+0000][6][safepoint    ] Safepoint "Cleanup", Time since last: 1000190977 ns, Reaching safepoint: 228025 ns, At safepoint: 17179 ns, Total: 245204 ns
[2020-12-14T02:52:41.472+0000][6][safepoint    ] Safepoint "Cleanup", Time since last: 1000219124 ns, Reaching safepoint: 226994 ns, At safepoint: 18534 ns, Total: 245528 ns
[2020-12-14T02:52:42.473+0000][6][safepoint    ] Safepoint "Cleanup", Time since last: 1000178402 ns, Reaching safepoint: 223752 ns, At safepoint: 18741 ns, Total: 242493 ns
[2020-12-14T02:52:43.473+0000][6][safepoint    ] Safepoint "Cleanup", Time since last: 1000202250 ns, Reaching safepoint: 282327 ns, At safepoint: 17730 ns, Total: 300057 ns
[2020-12-14T02:52:44.474+0000][6][safepoint    ] Safepoint "Cleanup", Time since last: 1000175663 ns, Reaching safepoint: 253756 ns, At safepoint: 20388 ns, Total: 274144 ns
[2020-12-14T02:52:45.474+0000][6][safepoint    ] Safepoint "Cleanup", Time since last: 1000185214 ns, Reaching safepoint: 226490 ns, At safepoint: 18911 ns, Total: 245401 ns
[2020-12-14T02:52:46.475+0000][6][safepoint    ] Safepoint "Cleanup", Time since last: 1000187608 ns, Reaching safepoint: 225626 ns, At safepoint: 19218 ns, Total: 244844 ns
[2020-12-14T02:52:47.475+0000][6][safepoint    ] Safepoint "Cleanup", Time since last: 1000184311 ns, Reaching safepoint: 296526 ns, At safepoint: 19721 ns, Total: 316247 ns
[2020-12-14T02:52:48.476+0000][6][safepoint    ] Safepoint "Cleanup", Time since last: 1000180114 ns, Reaching safepoint: 236299 ns, At safepoint: 18814 ns, Total: 255113 ns
[2020-12-14T02:52:49.476+0000][6][safepoint    ] Safepoint "Cleanup", Time since last: 1000198648 ns, Reaching safepoint: 251718 ns, At safepoint: 17530 ns, Total: 269248 ns
[2020-12-14T02:52:50.477+0000][6][safepoint    ] Safepoint "Cleanup", Time since last: 1000186158 ns, Reaching safepoint: 231586 ns, At safepoint: 18828 ns, Total: 250414 ns
[2020-12-14T02:52:51.477+0000][6][safepoint    ] Safepoint "Cleanup", Time since last: 1000198148 ns, Reaching safepoint: 230619 ns, At safepoint: 18877 ns, Total: 249496 ns
[2020-12-14T02:52:52.477+0000][6][safepoint    ] Safepoint "Cleanup", Time since last: 1000180669 ns, Reaching safepoint: 231102 ns, At safepoint: 18975 ns, Total: 250077 ns
[2020-12-14T02:52:53.478+0000][6][safepoint    ] Safepoint "Cleanup", Time since last: 1000189791 ns, Reaching safepoint: 234489 ns, At safepoint: 18930 ns, Total: 253419 ns
[2020-12-14T02:52:54.478+0000][6][safepoint    ] Safepoint "Cleanup", Time since last: 1000179004 ns, Reaching safepoint: 245858 ns, At safepoint: 18974 ns, Total: 264832 ns
[2020-12-14T02:52:55.479+0000][6][safepoint    ] Safepoint "Cleanup", Time since last: 1000185470 ns, Reaching safepoint: 230850 ns, At safepoint: 18687 ns, Total: 249537 ns
[2020-12-14T02:52:56.479+0000][6][safepoint    ] Safepoint "Cleanup", Time since last: 1000186998 ns, Reaching safepoint: 251935 ns, At safepoint: 16956 ns, Total: 268891 ns
[2020-12-14T02:52:57.480+0000][6][safepoint    ] Safepoint "Cleanup", Time since last: 1000185481 ns, Reaching safepoint: 247393 ns, At safepoint: 19047 ns, Total: 266440 ns
[2020-12-14T02:52:58.480+0000][6][safepoint    ] Safepoint "Cleanup", Time since last: 1000194648 ns, Reaching safepoint: 260640 ns, At safepoint: 19328 ns, Total: 279968 ns
[2020-12-14T02:52:59.481+0000][6][safepoint    ] Safepoint "Cleanup", Time since last: 1000191407 ns, Reaching safepoint: 223642 ns, At safepoint: 19694 ns, Total: 243336 ns
[2020-12-14T02:53:00.796+0000][6][safepoint    ] Safepoint "Cleanup", Time since last: 1314743086 ns, Reaching safepoint: 238377 ns, At safepoint: 19645 ns, Total: 258022 ns
[2020-12-14T02:53:01.796+0000][6][safepoint    ] Safepoint "Cleanup", Time since last: 1000214509 ns, Reaching safepoint: 229597 ns, At safepoint: 16393 ns, Total: 245990 ns
[2020-12-14T02:53:02.796+0000][6][safepoint    ] Safepoint "Cleanup", Time since last: 1000207109 ns, Reaching safepoint: 224227 ns, At safepoint: 18606 ns, Total: 242833 ns
[2020-12-14T02:53:03.797+0000][6][safepoint    ] Safepoint "Cleanup", Time since last: 1000190373 ns, Reaching safepoint: 228735 ns, At safepoint: 21966 ns, Total: 250701 ns
[2020-12-14T02:53:04.797+0000][6][safepoint    ] Safepoint "Cleanup", Time since last: 1000195692 ns, Reaching safepoint: 223619 ns, At safepoint: 18897 ns, Total: 242516 ns
[2020-12-14T02:53:05.798+0000][6][safepoint    ] Safepoint "Cleanup", Time since last: 1000202414 ns, Reaching safepoint: 222558 ns, At safepoint: 18424 ns, Total: 240982 ns
[2020-12-14T02:53:06.798+0000][6][safepoint    ] Safepoint "Cleanup", Time since last: 1000192373 ns, Reaching safepoint: 247753 ns, At safepoint: 18951 ns, Total: 266704 ns
[2020-12-14T02:53:07.799+0000][6][safepoint    ] Safepoint "Cleanup", Time since last: 1000184107 ns, Reaching safepoint: 237857 ns, At safepoint: 18454 ns, Total: 256311 ns
[2020-12-14T02:53:08.799+0000][6][safepoint    ] Safepoint "Cleanup", Time since last: 1000188028 ns, Reaching safepoint: 262357 ns, At safepoint: 19298 ns, Total: 281655 ns
[2020-12-14T02:53:09.800+0000][6][safepoint    ] Safepoint "Cleanup", Time since last: 1000182749 ns, Reaching safepoint: 227764 ns, At safepoint: 18988 ns, Total: 246752 ns
[2020-12-14T02:53:10.901+0000][6][safepoint    ] Safepoint "Cleanup", Time since last: 1100859643 ns, Reaching safepoint: 292265 ns, At safepoint: 18934 ns, Total: 311199 ns
[2020-12-14T02:53:11.901+0000][6][safepoint    ] Safepoint "Cleanup", Time since last: 1000218488 ns, Reaching safepoint: 256684 ns, At safepoint: 20619 ns, Total: 277303 ns
[2020-12-14T02:53:12.902+0000][6][safepoint    ] Safepoint "Cleanup", Time since last: 1000204358 ns, Reaching safepoint: 260644 ns, At safepoint: 17940 ns, Total: 278584 ns
[2020-12-14T02:53:13.902+0000][6][safepoint    ] Safepoint "Cleanup", Time since last: 1000187661 ns, Reaching safepoint: 254359 ns, At safepoint: 19061 ns, Total: 273420 ns
[2020-12-14T02:53:14.903+0000][6][safepoint    ] Safepoint "Cleanup", Time since last: 1000207543 ns, Reaching safepoint: 288169 ns, At safepoint: 19548 ns, Total: 307717 ns
[2020-12-14T02:53:15.903+0000][6][safepoint    ] Safepoint "Cleanup", Time since last: 1000167754 ns, Reaching safepoint: 268108 ns, At safepoint: 18817 ns, Total: 286925 ns
[2020-12-14T02:53:16.904+0000][6][safepoint    ] Safepoint "Cleanup", Time since last: 1000202309 ns, Reaching safepoint: 235182 ns, At safepoint: 18241 ns, Total: 253423 ns
[2020-12-14T02:53:17.904+0000][6][safepoint    ] Safepoint "Cleanup", Time since last: 1000199238 ns, Reaching safepoint: 226393 ns, At safepoint: 55589 ns, Total: 281982 ns
[2020-12-14T02:53:18.905+0000][6][safepoint    ] Safepoint "Cleanup", Time since last: 1000183710 ns, Reaching safepoint: 225486 ns, At safepoint: 18794 ns, Total: 244280 ns
[2020-12-14T02:53:19.905+0000][6][safepoint    ] Safepoint "Cleanup", Time since last: 1000193915 ns, Reaching safepoint: 231630 ns, At safepoint: 18948 ns, Total: 250578 ns
[2020-12-14T02:53:20.905+0000][6][safepoint    ] Safepoint "Cleanup", Time since last: 1000167749 ns, Reaching safepoint: 236723 ns, At safepoint: 18681 ns, Total: 255404 ns
[2020-12-14T02:53:21.906+0000][6][safepoint    ] Safepoint "Cleanup", Time since last: 1000196053 ns, Reaching safepoint: 228871 ns, At safepoint: 18654 ns, Total: 247525 ns
[2020-12-14T02:53:23.355+0000][6][safepoint    ] Safepoint "Cleanup", Time since last: 1449251108 ns, Reaching safepoint: 261148 ns, At safepoint: 19414 ns, Total: 280562 ns
[2020-12-14T02:53:24.378+0000][6][safepoint    ] Safepoint "Cleanup", Time since last: 1022576128 ns, Reaching safepoint: 241281 ns, At safepoint: 19029 ns, Total: 260310 ns
[2020-12-14T02:53:24.383+0000][6][safepoint    ] Safepoint "BulkRevokeBias", Time since last: 2954297 ns, Reaching safepoint: 430705 ns, At safepoint: 1141816 ns, Total: 1572521 ns
[2020-12-14T02:53:25.383+0000][6][safepoint    ] Safepoint "Cleanup", Time since last: 1000192208 ns, Reaching safepoint: 233957 ns, At safepoint: 19685 ns, Total: 253642 ns
[2020-12-14T02:53:26.384+0000][6][safepoint    ] Safepoint "Cleanup", Time since last: 1000194812 ns, Reaching safepoint: 233631 ns, At safepoint: 19118 ns, Total: 252749 ns
[2020-12-14T02:53:26.489+0000][6][safepoint    ] Safepoint "BulkRevokeBias", Time since last: 103629510 ns, Reaching safepoint: 187130 ns, At safepoint: 1257527 ns, Total: 1444657 ns
[2020-12-14T02:53:27.508+0000][6][safepoint    ] Safepoint "Cleanup", Time since last: 1018931017 ns, Reaching safepoint: 238851 ns, At safepoint: 17700 ns, Total: 256551 ns
[2020-12-14T02:53:28.508+0000][6][safepoint    ] Safepoint "Cleanup", Time since last: 1000190524 ns, Reaching safepoint: 223588 ns, At safepoint: 18885 ns, Total: 242473 ns
[2020-12-14T02:53:29.509+0000][6][safepoint    ] Safepoint "Cleanup", Time since last: 1000168326 ns, Reaching safepoint: 250451 ns, At safepoint: 17041 ns, Total: 267492 ns
[2020-12-14T02:53:31.501+0000][6][safepoint    ] Safepoint "Cleanup", Time since last: 1991581412 ns, Reaching safepoint: 224431 ns, At safepoint: 18057 ns, Total: 242488 ns
[2020-12-14T02:53:32.501+0000][6][safepoint    ] Safepoint "Cleanup", Time since last: 1000187081 ns, Reaching safepoint: 258332 ns, At safepoint: 17787 ns, Total: 276119 ns
[2020-12-14T02:53:33.502+0000][6][safepoint    ] Safepoint "Cleanup", Time since last: 1000251978 ns, Reaching safepoint: 237676 ns, At safepoint: 19145 ns, Total: 256821 ns
[2020-12-14T02:53:34.502+0000][6][safepoint    ] Safepoint "Cleanup", Time since last: 1000187884 ns, Reaching safepoint: 232037 ns, At safepoint: 17697 ns, Total: 249734 ns
[2020-12-14T02:53:35.503+0000][6][safepoint    ] Safepoint "Cleanup", Time since last: 1000264056 ns, Reaching safepoint: 235418 ns, At safepoint: 20789 ns, Total: 256207 ns
[2020-12-14T02:53:36.503+0000][6][safepoint    ] Safepoint "Cleanup", Time since last: 1000208794 ns, Reaching safepoint: 224930 ns, At safepoint: 18960 ns, Total: 243890 ns
[2020-12-14T02:53:37.503+0000][6][safepoint    ] Safepoint "Cleanup", Time since last: 1000210268 ns, Reaching safepoint: 231993 ns, At safepoint: 19001 ns, Total: 250994 ns
[2020-12-14T02:53:38.504+0000][6][safepoint    ] Safepoint "Cleanup", Time since last: 1000191574 ns, Reaching safepoint: 230786 ns, At safepoint: 31161 ns, Total: 261947 ns
[2020-12-14T02:53:39.504+0000][6][safepoint    ] Safepoint "Cleanup", Time since last: 1000244647 ns, Reaching safepoint: 223102 ns, At safepoint: 19655 ns, Total: 242757 ns
[2020-12-14T02:53:40.505+0000][6][safepoint    ] Safepoint "Cleanup", Time since last: 1000207473 ns, Reaching safepoint: 237580 ns, At safepoint: 20990 ns, Total: 258570 ns
[2020-12-14T02:53:41.505+0000][6][safepoint    ] Safepoint "Cleanup", Time since last: 1000179312 ns, Reaching safepoint: 271988 ns, At safepoint: 17946 ns, Total: 289934 ns
[2020-12-14T02:53:42.506+0000][6][safepoint    ] Safepoint "Cleanup", Time since last: 1000174143 ns, Reaching safepoint: 232874 ns, At safepoint: 18844 ns, Total: 251718 ns
[2020-12-14T02:53:43.506+0000][6][safepoint    ] Safepoint "Cleanup", Time since last: 1000207258 ns, Reaching safepoint: 258122 ns, At safepoint: 19251 ns, Total: 277373 ns
[2020-12-14T02:53:44.507+0000][6][safepoint    ] Safepoint "Cleanup", Time since last: 1000183133 ns, Reaching safepoint: 218933 ns, At safepoint: 20825 ns, Total: 239758 ns
[2020-12-14T02:53:45.507+0000][6][safepoint    ] Safepoint "Cleanup", Time since last: 1000198295 ns, Reaching safepoint: 279333 ns, At safepoint: 18247 ns, Total: 297580 ns
[2020-12-14T02:53:46.508+0000][6][safepoint    ] Safepoint "Cleanup", Time since last: 1000188073 ns, Reaching safepoint: 229846 ns, At safepoint: 19830 ns, Total: 249676 ns
[2020-12-14T02:53:47.508+0000][6][safepoint    ] Safepoint "Cleanup", Time since last: 1000186791 ns, Reaching safepoint: 222035 ns, At safepoint: 19111 ns, Total: 241146 ns
[2020-12-14T02:53:48.509+0000][6][safepoint    ] Safepoint "Cleanup", Time since last: 1000276549 ns, Reaching safepoint: 237613 ns, At safepoint: 24274 ns, Total: 261887 ns
[2020-12-14T02:53:49.509+0000][6][safepoint    ] Safepoint "Cleanup", Time since last: 1000191811 ns, Reaching safepoint: 230879 ns, At safepoint: 19011 ns, Total: 249890 ns
[2020-12-14T02:53:50.509+0000][6][safepoint    ] Safepoint "Cleanup", Time since last: 1000205452 ns, Reaching safepoint: 222548 ns, At safepoint: 18684 ns, Total: 241232 ns
[2020-12-14T02:53:51.510+0000][6][safepoint    ] Safepoint "Cleanup", Time since last: 1000182482 ns, Reaching safepoint: 231997 ns, At safepoint: 18558 ns, Total: 250555 ns
[2020-12-14T02:53:52.510+0000][6][safepoint    ] Safepoint "Cleanup", Time since last: 1000184569 ns, Reaching safepoint: 246005 ns, At safepoint: 19007 ns, Total: 265012 ns
[2020-12-14T02:53:53.511+0000][6][safepoint    ] Safepoint "Cleanup", Time since last: 1000193682 ns, Reaching safepoint: 226347 ns, At safepoint: 18524 ns, Total: 244871 ns
[2020-12-14T02:53:54.511+0000][6][safepoint    ] Safepoint "Cleanup", Time since last: 1000178819 ns, Reaching safepoint: 269081 ns, At safepoint: 18868 ns, Total: 287949 ns
[2020-12-14T02:53:55.512+0000][6][safepoint    ] Safepoint "Cleanup", Time since last: 1000188035 ns, Reaching safepoint: 228006 ns, At safepoint: 17472 ns, Total: 245478 ns
[2020-12-14T02:53:56.797+0000][6][safepoint    ] Safepoint "Cleanup", Time since last: 1284708261 ns, Reaching safepoint: 254453 ns, At safepoint: 20839 ns, Total: 275292 ns
[2020-12-14T02:53:57.797+0000][6][safepoint    ] Safepoint "Cleanup", Time since last: 1000185213 ns, Reaching safepoint: 224079 ns, At safepoint: 40573 ns, Total: 264652 ns
[2020-12-14T02:53:58.798+0000][6][safepoint    ] Safepoint "Cleanup", Time since last: 1000191403 ns, Reaching safepoint: 224019 ns, At safepoint: 18828 ns, Total: 242847 ns
[2020-12-14T02:53:59.798+0000][6][safepoint    ] Safepoint "Cleanup", Time since last: 1000188362 ns, Reaching safepoint: 241752 ns, At safepoint: 19281 ns, Total: 261033 ns
[2020-12-14T02:54:00.798+0000][6][safepoint    ] Safepoint "Cleanup", Time since last: 1000165139 ns, Reaching safepoint: 219519 ns, At safepoint: 18394 ns, Total: 237913 ns
[2020-12-14T02:54:01.799+0000][6][safepoint    ] Safepoint "Cleanup", Time since last: 1000188808 ns, Reaching safepoint: 237470 ns, At safepoint: 19461 ns, Total: 256931 ns
[2020-12-14T02:54:02.799+0000][6][safepoint    ] Safepoint "Cleanup", Time since last: 1000188897 ns, Reaching safepoint: 251181 ns, At safepoint: 19398 ns, Total: 270579 ns
[2020-12-14T02:54:03.800+0000][6][safepoint    ] Safepoint "Cleanup", Time since last: 1000188318 ns, Reaching safepoint: 242769 ns, At safepoint: 19161 ns, Total: 261930 ns
[2020-12-14T02:54:04.800+0000][6][safepoint    ] Safepoint "Cleanup", Time since last: 1000192259 ns, Reaching safepoint: 275402 ns, At safepoint: 19354 ns, Total: 294756 ns
[2020-12-14T02:54:05.801+0000][6][safepoint    ] Safepoint "Cleanup", Time since last: 1000191434 ns, Reaching safepoint: 228758 ns, At safepoint: 19118 ns, Total: 247876 ns
[2020-12-14T02:54:06.801+0000][6][safepoint    ] Safepoint "Cleanup", Time since last: 1000184882 ns, Reaching safepoint: 232313 ns, At safepoint: 30205 ns, Total: 262518 ns
[2020-12-14T02:54:07.802+0000][6][safepoint    ] Safepoint "Cleanup", Time since last: 1000193938 ns, Reaching safepoint: 236573 ns, At safepoint: 19344 ns, Total: 255917 ns
[2020-12-14T02:54:08.802+0000][6][safepoint    ] Safepoint "Cleanup", Time since last: 1000185946 ns, Reaching safepoint: 240231 ns, At safepoint: 18888 ns, Total: 259119 ns
[2020-12-14T02:54:09.802+0000][6][safepoint    ] Safepoint "Cleanup", Time since last: 1000214889 ns, Reaching safepoint: 245256 ns, At safepoint: 18118 ns, Total: 263374 ns
[2020-12-14T02:54:11.788+0000][6][safepoint    ] Safepoint "Cleanup", Time since last: 1985010771 ns, Reaching safepoint: 241185 ns, At safepoint: 21146 ns, Total: 262331 ns
[2020-12-14T02:54:12.788+0000][6][safepoint    ] Safepoint "Cleanup", Time since last: 1000185580 ns, Reaching safepoint: 255923 ns, At safepoint: 18737 ns, Total: 274660 ns
[2020-12-14T02:54:13.789+0000][6][safepoint    ] Safepoint "Cleanup", Time since last: 1000187853 ns, Reaching safepoint: 231076 ns, At safepoint: 18968 ns, Total: 250044 ns
[2020-12-14T02:54:14.789+0000][6][safepoint    ] Safepoint "Cleanup", Time since last: 1000195813 ns, Reaching safepoint: 332998 ns, At safepoint: 20969 ns, Total: 353967 ns
[2020-12-14T02:54:15.790+0000][6][safepoint    ] Safepoint "Cleanup", Time since last: 1000182698 ns, Reaching safepoint: 215511 ns, At safepoint: 18877 ns, Total: 234388 ns
[2020-12-14T02:54:16.790+0000][6][safepoint    ] Safepoint "Cleanup", Time since last: 1000183820 ns, Reaching safepoint: 236123 ns, At safepoint: 18574 ns, Total: 254697 ns
[2020-12-14T02:54:17.791+0000][6][safepoint    ] Safepoint "Cleanup", Time since last: 1000211297 ns, Reaching safepoint: 272921 ns, At safepoint: 19768 ns, Total: 292689 ns
[2020-12-14T02:54:18.791+0000][6][safepoint    ] Safepoint "Cleanup", Time since last: 1000202783 ns, Reaching safepoint: 257699 ns, At safepoint: 19127 ns, Total: 276826 ns
[2020-12-14T02:54:19.791+0000][6][safepoint    ] Safepoint "Cleanup", Time since last: 1000196557 ns, Reaching safepoint: 239992 ns, At safepoint: 17973 ns, Total: 257965 ns
[2020-12-14T02:54:20.792+0000][6][safepoint    ] Safepoint "Cleanup", Time since last: 1000177722 ns, Reaching safepoint: 242099 ns, At safepoint: 19391 ns, Total: 261490 ns
[2020-12-14T02:54:21.792+0000][6][safepoint    ] Safepoint "Cleanup", Time since last: 1000186571 ns, Reaching safepoint: 242490 ns, At safepoint: 19981 ns, Total: 262471 ns
[2020-12-14T02:54:22.793+0000][6][safepoint    ] Safepoint "Cleanup", Time since last: 1000188566 ns, Reaching safepoint: 229742 ns, At safepoint: 19234 ns, Total: 248976 ns
[2020-12-14T02:54:23.793+0000][6][safepoint    ] Safepoint "Cleanup", Time since last: 1000189234 ns, Reaching safepoint: 247565 ns, At safepoint: 16946 ns, Total: 264511 ns
[2020-12-14T02:54:24.794+0000][6][safepoint    ] Safepoint "Cleanup", Time since last: 1000187505 ns, Reaching safepoint: 235165 ns, At safepoint: 17737 ns, Total: 252902 ns
[2020-12-14T02:54:26.537+0000][6][safepoint    ] Safepoint "Cleanup", Time since last: 1743146146 ns, Reaching safepoint: 214449 ns, At safepoint: 16303 ns, Total: 230752 ns
[2020-12-14T02:54:27.569+0000][6][safepoint    ] Safepoint "Cleanup", Time since last: 1031254647 ns, Reaching safepoint: 251413 ns, At safepoint: 17897 ns, Total: 269310 ns
[2020-12-14T02:54:28.569+0000][6][safepoint    ] Safepoint "Cleanup", Time since last: 1000188681 ns, Reaching safepoint: 226583 ns, At safepoint: 17247 ns, Total: 243830 ns
[2020-12-14T02:54:29.570+0000][6][safepoint    ] Safepoint "Cleanup", Time since last: 1000209085 ns, Reaching safepoint: 246522 ns, At safepoint: 19224 ns, Total: 265746 ns
[2020-12-14T02:54:30.534+0000][6][safepoint    ] Safepoint "BulkRevokeBias", Time since last: 962716563 ns, Reaching safepoint: 222982 ns, At safepoint: 1086798 ns, Total: 1309780 ns
[2020-12-14T02:54:31.536+0000][6][safepoint    ] Safepoint "Cleanup", Time since last: 1002203393 ns, Reaching safepoint: 256497 ns, At safepoint: 19722 ns, Total: 276219 ns
[2020-12-14T02:54:32.537+0000][6][safepoint    ] Safepoint "Cleanup", Time since last: 1000232939 ns, Reaching safepoint: 238243 ns, At safepoint: 19015 ns, Total: 257258 ns
[2020-12-14T02:54:33.537+0000][6][safepoint    ] Safepoint "Cleanup", Time since last: 1000203072 ns, Reaching safepoint: 243073 ns, At safepoint: 18091 ns, Total: 261164 ns
[2020-12-14T02:54:34.537+0000][6][safepoint    ] Safepoint "Cleanup", Time since last: 1000219928 ns, Reaching safepoint: 243413 ns, At safepoint: 19888 ns, Total: 263301 ns
[2020-12-14T02:54:35.538+0000][6][safepoint    ] Safepoint "Cleanup", Time since last: 1000195595 ns, Reaching safepoint: 233557 ns, At safepoint: 19628 ns, Total: 253185 ns
[2020-12-14T02:54:36.538+0000][6][safepoint    ] Safepoint "Cleanup", Time since last: 1000188309 ns, Reaching safepoint: 227234 ns, At safepoint: 17917 ns, Total: 245151 ns
[2020-12-14T02:54:37.539+0000][6][safepoint    ] Safepoint "Cleanup", Time since last: 1000179630 ns, Reaching safepoint: 262661 ns, At safepoint: 21603 ns, Total: 284264 ns
[2020-12-14T02:54:38.539+0000][6][safepoint    ] Safepoint "Cleanup", Time since last: 1000170659 ns, Reaching safepoint: 203051 ns, At safepoint: 13168 ns, Total: 216219 ns
[2020-12-14T02:54:39.540+0000][6][safepoint    ] Safepoint "Cleanup", Time since last: 1000180519 ns, Reaching safepoint: 254313 ns, At safepoint: 19168 ns, Total: 273481 ns
[2020-12-14T02:54:40.540+0000][6][safepoint    ] Safepoint "Cleanup", Time since last: 1000201295 ns, Reaching safepoint: 222628 ns, At safepoint: 17584 ns, Total: 240212 ns
[2020-12-14T02:54:41.541+0000][6][safepoint    ] Safepoint "Cleanup", Time since last: 1000193477 ns, Reaching safepoint: 235372 ns, At safepoint: 21993 ns, Total: 257365 ns
[2020-12-14T02:54:42.541+0000][6][safepoint    ] Safepoint "Cleanup", Time since last: 1000189493 ns, Reaching safepoint: 235432 ns, At safepoint: 21145 ns, Total: 256577 ns
[2020-12-14T02:54:43.541+0000][6][safepoint    ] Safepoint "Cleanup", Time since last: 1000204295 ns, Reaching safepoint: 204895 ns, At safepoint: 19208 ns, Total: 224103 ns
[2020-12-14T02:54:44.542+0000][6][safepoint    ] Safepoint "Cleanup", Time since last: 1000147451 ns, Reaching safepoint: 210651 ns, At safepoint: 18720 ns, Total: 229371 ns
[2020-12-14T02:54:45.542+0000][6][safepoint    ] Safepoint "Cleanup", Time since last: 1000190647 ns, Reaching safepoint: 284133 ns, At safepoint: 19568 ns, Total: 303701 ns
[2020-12-14T02:54:46.543+0000][6][safepoint    ] Safepoint "Cleanup", Time since last: 1000192518 ns, Reaching safepoint: 218275 ns, At safepoint: 19031 ns, Total: 237306 ns
[2020-12-14T02:54:47.543+0000][6][safepoint    ] Safepoint "Cleanup", Time since last: 1000191251 ns, Reaching safepoint: 341587 ns, At safepoint: 18201 ns, Total: 359788 ns
[2020-12-14T02:54:48.544+0000][6][safepoint    ] Safepoint "Cleanup", Time since last: 1000176871 ns, Reaching safepoint: 248990 ns, At safepoint: 19194 ns, Total: 268184 ns
[2020-12-14T02:54:49.544+0000][6][safepoint    ] Safepoint "Cleanup", Time since last: 1000174757 ns, Reaching safepoint: 266553 ns, At safepoint: 19175 ns, Total: 285728 ns
[2020-12-14T02:54:50.545+0000][6][safepoint    ] Safepoint "Cleanup", Time since last: 1000190776 ns, Reaching safepoint: 282666 ns, At safepoint: 19311 ns, Total: 301977 ns
[2020-12-14T02:54:51.545+0000][6][safepoint    ] Safepoint "Cleanup", Time since last: 1000188946 ns, Reaching safepoint: 291531 ns, At safepoint: 19941 ns, Total: 311472 ns
[2020-12-14T02:54:52.546+0000][6][safepoint    ] Safepoint "Cleanup", Time since last: 1000186368 ns, Reaching safepoint: 227064 ns, At safepoint: 18714 ns, Total: 245778 ns
[2020-12-14T02:54:53.546+0000][6][safepoint    ] Safepoint "Cleanup", Time since last: 1000188655 ns, Reaching safepoint: 227801 ns, At safepoint: 17683 ns, Total: 245484 ns
[2020-12-14T02:54:54.547+0000][6][safepoint    ] Safepoint "Cleanup", Time since last: 1000212111 ns, Reaching safepoint: 237320 ns, At safepoint: 19247 ns, Total: 256567 ns
[2020-12-14T02:54:55.547+0000][6][safepoint    ] Safepoint "Cleanup", Time since last: 1000185589 ns, Reaching safepoint: 234192 ns, At safepoint: 19077 ns, Total: 253269 ns
[2020-12-14T02:54:56.547+0000][6][safepoint    ] Safepoint "Cleanup", Time since last: 1000181299 ns, Reaching safepoint: 229965 ns, At safepoint: 18941 ns, Total: 248906 ns
[2020-12-14T02:54:57.548+0000][6][safepoint    ] Safepoint "Cleanup", Time since last: 1000185150 ns, Reaching safepoint: 226286 ns, At safepoint: 19545 ns, Total: 245831 ns
[2020-12-14T02:54:58.548+0000][6][safepoint    ] Safepoint "Cleanup", Time since last: 1000186611 ns, Reaching safepoint: 265636 ns, At safepoint: 19985 ns, Total: 285621 ns
[2020-12-14T02:54:59.549+0000][6][safepoint    ] Safepoint "Cleanup", Time since last: 1000182145 ns, Reaching safepoint: 236303 ns, At safepoint: 19361 ns, Total: 255664 ns
[2020-12-14T02:55:00.549+0000][6][safepoint    ] Safepoint "Cleanup", Time since last: 1000191870 ns, Reaching safepoint: 259346 ns, At safepoint: 19261 ns, Total: 278607 ns
[2020-12-14T02:55:01.550+0000][6][safepoint    ] Safepoint "Cleanup", Time since last: 1000191063 ns, Reaching safepoint: 235062 ns, At safepoint: 19084 ns, Total: 254146 ns
[2020-12-14T02:55:02.550+0000][6][safepoint    ] Safepoint "Cleanup", Time since last: 1000185744 ns, Reaching safepoint: 262855 ns, At safepoint: 17843 ns, Total: 280698 ns
[2020-12-14T02:55:03.551+0000][6][safepoint    ] Safepoint "Cleanup", Time since last: 1000186715 ns, Reaching safepoint: 241345 ns, At safepoint: 17879 ns, Total: 259224 ns
[2020-12-14T02:55:04.551+0000][6][safepoint    ] Safepoint "Cleanup", Time since last: 1000182383 ns, Reaching safepoint: 230259 ns, At safepoint: 19271 ns, Total: 249530 ns
[2020-12-14T02:55:06.393+0000][6][safepoint    ] Safepoint "Cleanup", Time since last: 1841474683 ns, Reaching safepoint: 231540 ns, At safepoint: 19184 ns, Total: 250724 ns
[2020-12-14T02:55:07.393+0000][6][safepoint    ] Safepoint "Cleanup", Time since last: 1000196323 ns, Reaching safepoint: 354024 ns, At safepoint: 19605 ns, Total: 373629 ns
[2020-12-14T02:55:08.394+0000][6][safepoint    ] Safepoint "Cleanup", Time since last: 1000187357 ns, Reaching safepoint: 229449 ns, At safepoint: 18407 ns, Total: 247856 ns
[2020-12-14T02:55:09.394+0000][6][safepoint    ] Safepoint "Cleanup", Time since last: 1000182596 ns, Reaching safepoint: 258495 ns, At safepoint: 19138 ns, Total: 277633 ns
[2020-12-14T02:55:10.395+0000][6][safepoint    ] Safepoint "Cleanup", Time since last: 1000188125 ns, Reaching safepoint: 231833 ns, At safepoint: 19107 ns, Total: 250940 ns
[2020-12-14T02:55:11.395+0000][6][safepoint    ] Safepoint "Cleanup", Time since last: 1000185151 ns, Reaching safepoint: 234298 ns, At safepoint: 17666 ns, Total: 251964 ns
[2020-12-14T02:55:12.793+0000][6][safepoint    ] Safepoint "Cleanup", Time since last: 1397700068 ns, Reaching safepoint: 235362 ns, At safepoint: 17656 ns, Total: 253018 ns
[2020-12-14T02:55:13.793+0000][6][safepoint    ] Safepoint "Cleanup", Time since last: 1000234562 ns, Reaching safepoint: 216962 ns, At safepoint: 27536 ns, Total: 244498 ns
[2020-12-14T02:55:14.794+0000][6][safepoint    ] Safepoint "Cleanup", Time since last: 1000213973 ns, Reaching safepoint: 232267 ns, At safepoint: 19277 ns, Total: 251544 ns
[2020-12-14T02:55:15.794+0000][6][safepoint    ] Safepoint "Cleanup", Time since last: 1000196760 ns, Reaching safepoint: 213453 ns, At safepoint: 18391 ns, Total: 231844 ns
[2020-12-14T02:55:16.795+0000][6][safepoint    ] Safepoint "Cleanup", Time since last: 1000185437 ns, Reaching safepoint: 227534 ns, At safepoint: 16736 ns, Total: 244270 ns
[2020-12-14T02:55:17.795+0000][6][safepoint    ] Safepoint "Cleanup", Time since last: 1000191047 ns, Reaching safepoint: 263518 ns, At safepoint: 20422 ns, Total: 283940 ns
[2020-12-14T02:55:18.796+0000][6][safepoint    ] Safepoint "Cleanup", Time since last: 1000181194 ns, Reaching safepoint: 231707 ns, At safepoint: 20812 ns, Total: 252519 ns
[2020-12-14T02:55:19.796+0000][6][safepoint    ] Safepoint "Cleanup", Time since last: 1000190653 ns, Reaching safepoint: 253035 ns, At safepoint: 19131 ns, Total: 272166 ns
[2020-12-14T02:55:20.797+0000][6][safepoint    ] Safepoint "Cleanup", Time since last: 1000183770 ns, Reaching safepoint: 224505 ns, At safepoint: 18885 ns, Total: 243390 ns
[2020-12-14T02:55:21.797+0000][6][safepoint    ] Safepoint "Cleanup", Time since last: 1000171829 ns, Reaching safepoint: 231964 ns, At safepoint: 21699 ns, Total: 253663 ns
[2020-12-14T02:55:22.797+0000][6][safepoint    ] Safepoint "Cleanup", Time since last: 1000219055 ns, Reaching safepoint: 234262 ns, At safepoint: 18610 ns, Total: 252872 ns
[2020-12-14T02:55:23.798+0000][6][safepoint    ] Safepoint "Cleanup", Time since last: 1000184867 ns, Reaching safepoint: 225373 ns, At safepoint: 18988 ns, Total: 244361 ns
[2020-12-14T02:55:24.798+0000][6][safepoint    ] Safepoint "Cleanup", Time since last: 1000204204 ns, Reaching safepoint: 229212 ns, At safepoint: 18550 ns, Total: 247762 ns
[2020-12-14T02:55:25.799+0000][6][safepoint    ] Safepoint "Cleanup", Time since last: 1000172693 ns, Reaching safepoint: 229345 ns, At safepoint: 19749 ns, Total: 249094 ns
[2020-12-14T02:55:27.636+0000][6][safepoint    ] Safepoint "Cleanup", Time since last: 1837358583 ns, Reaching safepoint: 262128 ns, At safepoint: 17353 ns, Total: 279481 ns
[2020-12-14T02:55:28.637+0000][6][safepoint    ] Safepoint "Cleanup", Time since last: 1000175090 ns, Reaching safepoint: 232901 ns, At safepoint: 18651 ns, Total: 251552 ns
[2020-12-14T02:55:29.637+0000][6][safepoint    ] Safepoint "Cleanup", Time since last: 1000181298 ns, Reaching safepoint: 237026 ns, At safepoint: 18777 ns, Total: 255803 ns
[2020-12-14T02:55:31.571+0000][6][safepoint    ] Safepoint "Cleanup", Time since last: 1933921695 ns, Reaching safepoint: 220850 ns, At safepoint: 17958 ns, Total: 238808 ns
[2020-12-14T02:55:32.572+0000][6][safepoint    ] Safepoint "Cleanup", Time since last: 1000200769 ns, Reaching safepoint: 236120 ns, At safepoint: 19908 ns, Total: 256028 ns
[2020-12-14T02:55:33.572+0000][6][safepoint    ] Safepoint "Cleanup", Time since last: 1000187381 ns, Reaching safepoint: 243320 ns, At safepoint: 19331 ns, Total: 262651 ns
[2020-12-14T02:55:34.573+0000][6][safepoint    ] Safepoint "Cleanup", Time since last: 1000188138 ns, Reaching safepoint: 219960 ns, At safepoint: 18734 ns, Total: 238694 ns
[2020-12-14T02:55:35.573+0000][6][safepoint    ] Safepoint "Cleanup", Time since last: 1000186565 ns, Reaching safepoint: 257194 ns, At safepoint: 19375 ns, Total: 276569 ns
[2020-12-14T02:55:36.574+0000][6][safepoint    ] Safepoint "Cleanup", Time since last: 1000171880 ns, Reaching safepoint: 235322 ns, At safepoint: 19188 ns, Total: 254510 ns
[2020-12-14T02:55:37.574+0000][6][safepoint    ] Safepoint "Cleanup", Time since last: 1000191372 ns, Reaching safepoint: 369232 ns, At safepoint: 19735 ns, Total: 388967 ns
[2020-12-14T02:55:38.575+0000][6][safepoint    ] Safepoint "Cleanup", Time since last: 1000182052 ns, Reaching safepoint: 226035 ns, At safepoint: 17733 ns, Total: 243768 ns
[2020-12-14T02:55:39.575+0000][6][safepoint    ] Safepoint "Cleanup", Time since last: 1000195737 ns, Reaching safepoint: 256665 ns, At safepoint: 18158 ns, Total: 274823 ns
[2020-12-14T02:55:40.576+0000][6][safepoint    ] Safepoint "Cleanup", Time since last: 1000183735 ns, Reaching safepoint: 231890 ns, At safepoint: 18968 ns, Total: 250858 ns
[2020-12-14T02:55:41.576+0000][6][safepoint    ] Safepoint "Cleanup", Time since last: 1000186677 ns, Reaching safepoint: 229976 ns, At safepoint: 17560 ns, Total: 247536 ns
[2020-12-14T02:55:42.576+0000][6][safepoint    ] Safepoint "Cleanup", Time since last: 1000195092 ns, Reaching safepoint: 228048 ns, At safepoint: 20849 ns, Total: 248897 ns
[2020-12-14T02:55:43.577+0000][6][safepoint    ] Safepoint "Cleanup", Time since last: 1000190687 ns, Reaching safepoint: 225056 ns, At safepoint: 19031 ns, Total: 244087 ns
[2020-12-14T02:55:44.577+0000][6][safepoint    ] Safepoint "Cleanup", Time since last: 1000181645 ns, Reaching safepoint: 221056 ns, At safepoint: 18253 ns, Total: 239309 ns
[2020-12-14T02:55:45.578+0000][6][safepoint    ] Safepoint "Cleanup", Time since last: 1000178964 ns, Reaching safepoint: 239461 ns, At safepoint: 18891 ns, Total: 258352 ns
[2020-12-14T02:55:46.578+0000][6][safepoint    ] Safepoint "Cleanup", Time since last: 1000184632 ns, Reaching safepoint: 309411 ns, At safepoint: 19228 ns, Total: 328639 ns
[2020-12-14T02:55:47.579+0000][6][safepoint    ] Safepoint "Cleanup", Time since last: 1000183667 ns, Reaching safepoint: 239618 ns, At safepoint: 18994 ns, Total: 258612 ns
[2020-12-14T02:55:48.579+0000][6][safepoint    ] Safepoint "Cleanup", Time since last: 1000182814 ns, Reaching safepoint: 270269 ns, At safepoint: 31974 ns, Total: 302243 ns
[2020-12-14T02:55:49.580+0000][6][safepoint    ] Safepoint "Cleanup", Time since last: 1000171056 ns, Reaching safepoint: 230779 ns, At safepoint: 18924 ns, Total: 249703 ns
[2020-12-14T02:55:50.580+0000][6][safepoint    ] Safepoint "Cleanup", Time since last: 1000184474 ns, Reaching safepoint: 229772 ns, At safepoint: 17556 ns, Total: 247328 ns
[2020-12-14T02:55:51.581+0000][6][safepoint    ] Safepoint "Cleanup", Time since last: 1000201489 ns, Reaching safepoint: 235088 ns, At safepoint: 18941 ns, Total: 254029 ns
[2020-12-14T02:55:52.581+0000][6][safepoint    ] Safepoint "Cleanup", Time since last: 1000183593 ns, Reaching safepoint: 235948 ns, At safepoint: 18915 ns, Total: 254863 ns
[2020-12-14T02:55:53.581+0000][6][safepoint    ] Safepoint "Cleanup", Time since last: 1000199852 ns, Reaching safepoint: 220530 ns, At safepoint: 17743 ns, Total: 238273 ns
[2020-12-14T02:55:54.582+0000][6][safepoint    ] Safepoint "Cleanup", Time since last: 1000174415 ns, Reaching safepoint: 240962 ns, At safepoint: 18731 ns, Total: 259693 ns
[2020-12-14T02:55:55.582+0000][6][safepoint    ] Safepoint "Cleanup", Time since last: 1000188712 ns, Reaching safepoint: 252291 ns, At safepoint: 19011 ns, Total: 271302 ns
[2020-12-14T02:55:56.583+0000][6][safepoint    ] Safepoint "Cleanup", Time since last: 1000201620 ns, Reaching safepoint: 225803 ns, At safepoint: 20382 ns, Total: 246185 ns
[2020-12-14T02:55:57.583+0000][6][safepoint    ] Safepoint "Cleanup", Time since last: 1000199065 ns, Reaching safepoint: 275766 ns, At safepoint: 18617 ns, Total: 294383 ns
[2020-12-14T02:55:59.437+0000][6][safepoint    ] Safepoint "Cleanup", Time since last: 1853112281 ns, Reaching safepoint: 255433 ns, At safepoint: 18097 ns, Total: 273530 ns
[2020-12-14T02:56:00.437+0000][6][safepoint    ] Safepoint "Cleanup", Time since last: 1000185684 ns, Reaching safepoint: 216451 ns, At safepoint: 19541 ns, Total: 235992 ns
[2020-12-14T02:56:01.438+0000][6][safepoint    ] Safepoint "Cleanup", Time since last: 1000220104 ns, Reaching safepoint: 236299 ns, At safepoint: 19348 ns, Total: 255647 ns
[2020-12-14T02:56:02.438+0000][6][safepoint    ] Safepoint "Cleanup", Time since last: 1000153738 ns, Reaching safepoint: 232334 ns, At safepoint: 27522 ns, Total: 259856 ns
[2020-12-14T02:56:03.438+0000][6][safepoint    ] Safepoint "Cleanup", Time since last: 1000190127 ns, Reaching safepoint: 223622 ns, At safepoint: 18970 ns, Total: 242592 ns
[2020-12-14T02:56:04.439+0000][6][safepoint    ] Safepoint "Cleanup", Time since last: 1000189301 ns, Reaching safepoint: 233641 ns, At safepoint: 23964 ns, Total: 257605 ns
[2020-12-14T02:56:05.439+0000][6][safepoint    ] Safepoint "Cleanup", Time since last: 1000190782 ns, Reaching safepoint: 275818 ns, At safepoint: 19261 ns, Total: 295079 ns
[2020-12-14T02:56:06.440+0000][6][safepoint    ] Safepoint "Cleanup", Time since last: 1000166760 ns, Reaching safepoint: 235215 ns, At safepoint: 19381 ns, Total: 254596 ns
[2020-12-14T02:56:07.440+0000][6][safepoint    ] Safepoint "Cleanup", Time since last: 1000185021 ns, Reaching safepoint: 301923 ns, At safepoint: 19548 ns, Total: 321471 ns
[2020-12-14T02:56:08.441+0000][6][safepoint    ] Safepoint "Cleanup", Time since last: 1000157617 ns, Reaching safepoint: 246292 ns, At safepoint: 18911 ns, Total: 265203 ns
[2020-12-14T02:56:09.441+0000][6][safepoint    ] Safepoint "Cleanup", Time since last: 1000180454 ns, Reaching safepoint: 225063 ns, At safepoint: 30888 ns, Total: 255951 ns
[2020-12-14T02:56:10.442+0000][6][safepoint    ] Safepoint "Cleanup", Time since last: 1000160939 ns, Reaching safepoint: 266914 ns, At safepoint: 18598 ns, Total: 285512 ns
[2020-12-14T02:56:11.442+0000][6][safepoint    ] Safepoint "Cleanup", Time since last: 1000192001 ns, Reaching safepoint: 214847 ns, At safepoint: 20340 ns, Total: 235187 ns
[2020-12-14T02:56:12.442+0000][6][safepoint    ] Safepoint "Cleanup", Time since last: 1000183052 ns, Reaching safepoint: 225406 ns, At safepoint: 19315 ns, Total: 244721 ns
[2020-12-14T02:56:12.795+0000][6][safepoint    ] Safepoint "BulkRevokeBias", Time since last: 351434437 ns, Reaching safepoint: 241866 ns, At safepoint: 1274612 ns, Total: 1516478 ns
[2020-12-14T02:56:13.796+0000][6][safepoint    ] Safepoint "Cleanup", Time since last: 1000192563 ns, Reaching safepoint: 264078 ns, At safepoint: 18217 ns, Total: 282295 ns
[2020-12-14T02:56:14.796+0000][6][safepoint    ] Safepoint "Cleanup", Time since last: 1000187761 ns, Reaching safepoint: 231853 ns, At safepoint: 18638 ns, Total: 250491 ns
[2020-12-14T02:56:15.797+0000][6][safepoint    ] Safepoint "Cleanup", Time since last: 1000189279 ns, Reaching safepoint: 267984 ns, At safepoint: 18891 ns, Total: 286875 ns
[2020-12-14T02:56:16.797+0000][6][safepoint    ] Safepoint "Cleanup", Time since last: 1000186638 ns, Reaching safepoint: 252778 ns, At safepoint: 19368 ns, Total: 272146 ns
[2020-12-14T02:56:17.798+0000][6][safepoint    ] Safepoint "Cleanup", Time since last: 1000188252 ns, Reaching safepoint: 225666 ns, At safepoint: 31215 ns, Total: 256881 ns
[2020-12-14T02:56:18.798+0000][6][safepoint    ] Safepoint "Cleanup", Time since last: 1000189790 ns, Reaching safepoint: 247239 ns, At safepoint: 40433 ns, Total: 287672 ns
[2020-12-14T02:56:19.799+0000][6][safepoint    ] Safepoint "Cleanup", Time since last: 1000189008 ns, Reaching safepoint: 233488 ns, At safepoint: 21566 ns, Total: 255054 ns
[2020-12-14T02:56:20.799+0000][6][safepoint    ] Safepoint "Cleanup", Time since last: 1000186507 ns, Reaching safepoint: 230538 ns, At safepoint: 18245 ns, Total: 248783 ns
[2020-12-14T02:56:21.799+0000][6][safepoint    ] Safepoint "Cleanup", Time since last: 1000186528 ns, Reaching safepoint: 235552 ns, At safepoint: 19308 ns, Total: 254860 ns
[2020-12-14T02:56:22.800+0000][6][safepoint    ] Safepoint "Cleanup", Time since last: 1000189162 ns, Reaching safepoint: 240598 ns, At safepoint: 18004 ns, Total: 258602 ns
[2020-12-14T02:56:23.800+0000][6][safepoint    ] Safepoint "Cleanup", Time since last: 1000181184 ns, Reaching safepoint: 261104 ns, At safepoint: 17683 ns, Total: 278787 ns
[2020-12-14T02:56:24.801+0000][6][safepoint    ] Safepoint "Cleanup", Time since last: 1000178237 ns, Reaching safepoint: 231933 ns, At safepoint: 18968 ns, Total: 250901 ns
[2020-12-14T02:56:25.801+0000][6][safepoint    ] Safepoint "Cleanup", Time since last: 1000171868 ns, Reaching safepoint: 266494 ns, At safepoint: 19961 ns, Total: 286455 ns
[2020-12-14T02:56:26.692+0000][6][safepoint    ] Safepoint "BulkRevokeBias", Time since last: 889487688 ns, Reaching safepoint: 221798 ns, At safepoint: 1019687 ns, Total: 1241485 ns
[2020-12-14T02:56:27.708+0000][6][safepoint    ] Safepoint "Cleanup", Time since last: 1015922520 ns, Reaching safepoint: 286612 ns, At safepoint: 18780 ns, Total: 305392 ns
[2020-12-14T02:56:28.709+0000][6][safepoint    ] Safepoint "Cleanup", Time since last: 1000152014 ns, Reaching safepoint: 232081 ns, At safepoint: 18020 ns, Total: 250101 ns
[2020-12-14T02:56:29.709+0000][6][safepoint    ] Safepoint "Cleanup", Time since last: 1000186297 ns, Reaching safepoint: 240737 ns, At safepoint: 16945 ns, Total: 257682 ns
[2020-12-14T02:56:31.607+0000][6][safepoint    ] Safepoint "Cleanup", Time since last: 1897755606 ns, Reaching safepoint: 248561 ns, At safepoint: 17099 ns, Total: 265660 ns
[2020-12-14T02:56:32.608+0000][6][safepoint    ] Safepoint "Cleanup", Time since last: 1000218659 ns, Reaching safepoint: 228691 ns, At safepoint: 18291 ns, Total: 246982 ns
[2020-12-14T02:56:33.608+0000][6][safepoint    ] Safepoint "Cleanup", Time since last: 1000185510 ns, Reaching safepoint: 241045 ns, At safepoint: 19208 ns, Total: 260253 ns
[2020-12-14T02:56:34.608+0000][6][safepoint    ] Safepoint "Cleanup", Time since last: 1000190540 ns, Reaching safepoint: 232363 ns, At safepoint: 18881 ns, Total: 251244 ns
[2020-12-14T02:56:35.609+0000][6][safepoint    ] Safepoint "Cleanup", Time since last: 1000188683 ns, Reaching safepoint: 231529 ns, At safepoint: 18678 ns, Total: 250207 ns
[2020-12-14T02:56:36.609+0000][6][safepoint    ] Safepoint "Cleanup", Time since last: 1000191320 ns, Reaching safepoint: 256624 ns, At safepoint: 19378 ns, Total: 276002 ns
[2020-12-14T02:56:37.610+0000][6][safepoint    ] Safepoint "Cleanup", Time since last: 1000190268 ns, Reaching safepoint: 242253 ns, At safepoint: 19868 ns, Total: 262121 ns
[2020-12-14T02:56:38.610+0000][6][safepoint    ] Safepoint "Cleanup", Time since last: 1000189881 ns, Reaching safepoint: 303864 ns, At safepoint: 20799 ns, Total: 324663 ns
[2020-12-14T02:56:39.611+0000][6][safepoint    ] Safepoint "Cleanup", Time since last: 1000191120 ns, Reaching safepoint: 234138 ns, At safepoint: 18554 ns, Total: 252692 ns
[2020-12-14T02:56:40.611+0000][6][safepoint    ] Safepoint "Cleanup", Time since last: 1000198131 ns, Reaching safepoint: 255070 ns, At safepoint: 20766 ns, Total: 275836 ns
[2020-12-14T02:56:41.612+0000][6][safepoint    ] Safepoint "Cleanup", Time since last: 1000191306 ns, Reaching safepoint: 243783 ns, At safepoint: 19448 ns, Total: 263231 ns
[2020-12-14T02:56:42.612+0000][6][safepoint    ] Safepoint "Cleanup", Time since last: 1000192238 ns, Reaching safepoint: 244771 ns, At safepoint: 17493 ns, Total: 262264 ns
[2020-12-14T02:56:43.613+0000][6][safepoint    ] Safepoint "Cleanup", Time since last: 1000191647 ns, Reaching safepoint: 241536 ns, At safepoint: 19251 ns, Total: 260787 ns
[2020-12-14T02:56:44.613+0000][6][safepoint    ] Safepoint "Cleanup", Time since last: 1000204037 ns, Reaching safepoint: 243494 ns, At safepoint: 18800 ns, Total: 262294 ns
[2020-12-14T02:56:45.613+0000][6][safepoint    ] Safepoint "Cleanup", Time since last: 1000176352 ns, Reaching safepoint: 239298 ns, At safepoint: 19611 ns, Total: 258909 ns
[2020-12-14T02:56:46.614+0000][6][safepoint    ] Safepoint "Cleanup", Time since last: 1000196930 ns, Reaching safepoint: 245828 ns, At safepoint: 19465 ns, Total: 265293 ns
[2020-12-14T02:56:47.614+0000][6][safepoint    ] Safepoint "Cleanup", Time since last: 1000198455 ns, Reaching safepoint: 229252 ns, At safepoint: 18282 ns, Total: 247534 ns
[2020-12-14T02:56:48.615+0000][6][safepoint    ] Safepoint "Cleanup", Time since last: 1000204832 ns, Reaching safepoint: 249567 ns, At safepoint: 18377 ns, Total: 267944 ns
[2020-12-14T02:56:49.615+0000][6][safepoint    ] Safepoint "Cleanup", Time since last: 1000177243 ns, Reaching safepoint: 264091 ns, At safepoint: 19318 ns, Total: 283409 ns
[2020-12-14T02:56:50.616+0000][6][safepoint    ] Safepoint "Cleanup", Time since last: 1000188555 ns, Reaching safepoint: 271036 ns, At safepoint: 19195 ns, Total: 290231 ns
[2020-12-14T02:56:51.616+0000][6][safepoint    ] Safepoint "Cleanup", Time since last: 1000187691 ns, Reaching safepoint: 248897 ns, At safepoint: 19511 ns, Total: 268408 ns
[2020-12-14T02:56:52.617+0000][6][safepoint    ] Safepoint "Cleanup", Time since last: 1000170234 ns, Reaching safepoint: 245789 ns, At safepoint: 22669 ns, Total: 268458 ns
[2020-12-14T02:56:53.617+0000][6][safepoint    ] Safepoint "Cleanup", Time since last: 1000157101 ns, Reaching safepoint: 229392 ns, At safepoint: 33549 ns, Total: 262941 ns
[2020-12-14T02:56:54.618+0000][6][safepoint    ] Safepoint "Cleanup", Time since last: 1000188583 ns, Reaching safepoint: 249994 ns, At safepoint: 18580 ns, Total: 268574 ns
[2020-12-14T02:56:55.618+0000][6][safepoint    ] Safepoint "Cleanup", Time since last: 1000149517 ns, Reaching safepoint: 245297 ns, At safepoint: 20795 ns, Total: 266092 ns
[2020-12-14T02:56:56.618+0000][6][safepoint    ] Safepoint "Cleanup", Time since last: 1000186354 ns, Reaching safepoint: 248826 ns, At safepoint: 17814 ns, Total: 266640 ns
[2020-12-14T02:56:57.619+0000][6][safepoint    ] Safepoint "Cleanup", Time since last: 1000188596 ns, Reaching safepoint: 268511 ns, At safepoint: 19354 ns, Total: 287865 ns
[2020-12-14T02:56:58.619+0000][6][safepoint    ] Safepoint "Cleanup", Time since last: 1000208490 ns, Reaching safepoint: 225673 ns, At safepoint: 19128 ns, Total: 244801 ns
[2020-12-14T02:56:59.620+0000][6][safepoint    ] Safepoint "Cleanup", Time since last: 1000180447 ns, Reaching safepoint: 229172 ns, At safepoint: 19318 ns, Total: 248490 ns
[2020-12-14T02:57:00.620+0000][6][safepoint    ] Safepoint "Cleanup", Time since last: 1000186010 ns, Reaching safepoint: 269932 ns, At safepoint: 20232 ns, Total: 290164 ns
[2020-12-14T02:57:01.621+0000][6][safepoint    ] Safepoint "Cleanup", Time since last: 1000169624 ns, Reaching safepoint: 256298 ns, At safepoint: 19947 ns, Total: 276245 ns
[2020-12-14T02:57:02.621+0000][6][safepoint    ] Safepoint "Cleanup", Time since last: 1000184334 ns, Reaching safepoint: 362772 ns, At safepoint: 18549 ns, Total: 381321 ns
[2020-12-14T02:57:03.622+0000][6][safepoint    ] Safepoint "Cleanup", Time since last: 1000184224 ns, Reaching safepoint: 235082 ns, At safepoint: 19308 ns, Total: 254390 ns
[2020-12-14T02:57:04.622+0000][6][safepoint    ] Safepoint "Cleanup", Time since last: 1000184741 ns, Reaching safepoint: 260476 ns, At safepoint: 19478 ns, Total: 279954 ns
[2020-12-14T02:57:05.623+0000][6][safepoint    ] Safepoint "Cleanup", Time since last: 1000189882 ns, Reaching safepoint: 245654 ns, At safepoint: 19425 ns, Total: 265079 ns
[2020-12-14T02:57:06.623+0000][6][safepoint    ] Safepoint "Cleanup", Time since last: 1000180340 ns, Reaching safepoint: 230083 ns, At safepoint: 17400 ns, Total: 247483 ns
[2020-12-14T02:57:07.623+0000][6][safepoint    ] Safepoint "Cleanup", Time since last: 1000204004 ns, Reaching safepoint: 222067 ns, At safepoint: 19018 ns, Total: 241085 ns
[2020-12-14T02:57:08.624+0000][6][safepoint    ] Safepoint "Cleanup", Time since last: 1000165415 ns, Reaching safepoint: 219363 ns, At safepoint: 19031 ns, Total: 238394 ns
[2020-12-14T02:57:09.624+0000][6][safepoint    ] Safepoint "Cleanup", Time since last: 1000202884 ns, Reaching safepoint: 223442 ns, At safepoint: 19247 ns, Total: 242689 ns
[2020-12-14T02:57:10.625+0000][6][safepoint    ] Safepoint "Cleanup", Time since last: 1000180238 ns, Reaching safepoint: 228725 ns, At safepoint: 18951 ns, Total: 247676 ns
[2020-12-14T02:57:11.625+0000][6][safepoint    ] Safepoint "Cleanup", Time since last: 1000185186 ns, Reaching safepoint: 300300 ns, At safepoint: 18254 ns, Total: 318554 ns
[2020-12-14T02:57:12.626+0000][6][safepoint    ] Safepoint "Cleanup", Time since last: 1000180095 ns, Reaching safepoint: 239584 ns, At safepoint: 19318 ns, Total: 258902 ns
[2020-12-14T02:57:13.626+0000][6][safepoint    ] Safepoint "Cleanup", Time since last: 1000187867 ns, Reaching safepoint: 260586 ns, At safepoint: 21026 ns, Total: 281612 ns
[2020-12-14T02:57:15.471+0000][6][safepoint    ] Safepoint "Cleanup", Time since last: 1844499034 ns, Reaching safepoint: 224673 ns, At safepoint: 30802 ns, Total: 255475 ns
[2020-12-14T02:57:16.471+0000][6][safepoint    ] Safepoint "Cleanup", Time since last: 1000193145 ns, Reaching safepoint: 229107 ns, At safepoint: 18032 ns, Total: 247139 ns
[2020-12-14T02:57:17.472+0000][6][safepoint    ] Safepoint "Cleanup", Time since last: 1000146423 ns, Reaching safepoint: 238118 ns, At safepoint: 18571 ns, Total: 256689 ns
[2020-12-14T02:57:18.472+0000][6][safepoint    ] Safepoint "Cleanup", Time since last: 1000178201 ns, Reaching safepoint: 277509 ns, At safepoint: 19411 ns, Total: 296920 ns
[2020-12-14T02:57:19.473+0000][6][safepoint    ] Safepoint "Cleanup", Time since last: 1000177647 ns, Reaching safepoint: 230319 ns, At safepoint: 19018 ns, Total: 249337 ns
[2020-12-14T02:57:20.473+0000][6][safepoint    ] Safepoint "Cleanup", Time since last: 1000189628 ns, Reaching safepoint: 294169 ns, At safepoint: 18795 ns, Total: 312964 ns
[2020-12-14T02:57:21.474+0000][6][safepoint    ] Safepoint "Cleanup", Time since last: 1000179656 ns, Reaching safepoint: 215991 ns, At safepoint: 19071 ns, Total: 235062 ns
[2020-12-14T02:57:22.474+0000][6][safepoint    ] Safepoint "Cleanup", Time since last: 1000186381 ns, Reaching safepoint: 243447 ns, At safepoint: 16886 ns, Total: 260333 ns
[2020-12-14T02:57:23.474+0000][6][safepoint    ] Safepoint "Cleanup", Time since last: 1000210872 ns, Reaching safepoint: 217982 ns, At safepoint: 18977 ns, Total: 236959 ns
[2020-12-14T02:57:24.475+0000][6][safepoint    ] Safepoint "Cleanup", Time since last: 1000186895 ns, Reaching safepoint: 235292 ns, At safepoint: 19064 ns, Total: 254356 ns
[2020-12-14T02:57:25.475+0000][6][safepoint    ] Safepoint "Cleanup", Time since last: 1000199443 ns, Reaching safepoint: 223907 ns, At safepoint: 18103 ns, Total: 242010 ns
[2020-12-14T02:57:26.476+0000][6][safepoint    ] Safepoint "Cleanup", Time since last: 1000190568 ns, Reaching safepoint: 234388 ns, At safepoint: 19414 ns, Total: 253802 ns
[2020-12-14T02:57:27.778+0000][6][safepoint    ] Safepoint "Cleanup", Time since last: 1301926872 ns, Reaching safepoint: 236207 ns, At safepoint: 16474 ns, Total: 252681 ns
[2020-12-14T02:57:28.778+0000][6][safepoint    ] Safepoint "Cleanup", Time since last: 1000181045 ns, Reaching safepoint: 231327 ns, At safepoint: 20378 ns, Total: 251705 ns
[2020-12-14T02:57:30.642+0000][6][safepoint    ] Safepoint "Cleanup", Time since last: 1863571239 ns, Reaching safepoint: 241809 ns, At safepoint: 19164 ns, Total: 260973 ns
[2020-12-14T02:57:31.683+0000][6][safepoint    ] Safepoint "Cleanup", Time since last: 1040357369 ns, Reaching safepoint: 331061 ns, At safepoint: 33245 ns, Total: 364306 ns
[2020-12-14T02:57:32.684+0000][6][safepoint    ] Safepoint "Cleanup", Time since last: 1000772415 ns, Reaching safepoint: 232333 ns, At safepoint: 19088 ns, Total: 251421 ns
[2020-12-14T02:57:33.684+0000][6][safepoint    ] Safepoint "Cleanup", Time since last: 1000224613 ns, Reaching safepoint: 224299 ns, At safepoint: 20945 ns, Total: 245244 ns
[2020-12-14T02:57:34.685+0000][6][safepoint    ] Safepoint "Cleanup", Time since last: 1000180194 ns, Reaching safepoint: 232677 ns, At safepoint: 18054 ns, Total: 250731 ns
[2020-12-14T02:57:35.685+0000][6][safepoint    ] Safepoint "Cleanup", Time since last: 1000185827 ns, Reaching safepoint: 234768 ns, At safepoint: 19178 ns, Total: 253946 ns
[2020-12-14T02:57:36.686+0000][6][safepoint    ] Safepoint "Cleanup", Time since last: 1000186291 ns, Reaching safepoint: 237496 ns, At safepoint: 19305 ns, Total: 256801 ns
[2020-12-14T02:57:37.686+0000][6][safepoint    ] Safepoint "Cleanup", Time since last: 1000184106 ns, Reaching safepoint: 244137 ns, At safepoint: 18884 ns, Total: 263021 ns
[2020-12-14T02:57:38.687+0000][6][safepoint    ] Safepoint "Cleanup", Time since last: 1000188077 ns, Reaching safepoint: 229672 ns, At safepoint: 18971 ns, Total: 248643 ns
[2020-12-14T02:57:39.687+0000][6][safepoint    ] Safepoint "Cleanup", Time since last: 1000201627 ns, Reaching safepoint: 248968 ns, At safepoint: 18749 ns, Total: 267717 ns
[2020-12-14T02:57:40.688+0000][6][safepoint    ] Safepoint "Cleanup", Time since last: 1000176090 ns, Reaching safepoint: 234365 ns, At safepoint: 17921 ns, Total: 252286 ns
[2020-12-14T02:57:41.688+0000][6][safepoint    ] Safepoint "Cleanup", Time since last: 1000176903 ns, Reaching safepoint: 232397 ns, At safepoint: 18941 ns, Total: 251338 ns
[2020-12-14T02:57:42.688+0000][6][safepoint    ] Safepoint "Cleanup", Time since last: 1000216463 ns, Reaching safepoint: 238263 ns, At safepoint: 19361 ns, Total: 257624 ns
[2020-12-14T02:57:43.689+0000][6][safepoint    ] Safepoint "Cleanup", Time since last: 1000192131 ns, Reaching safepoint: 233618 ns, At safepoint: 17868 ns, Total: 251486 ns
[2020-12-14T02:57:44.689+0000][6][safepoint    ] Safepoint "Cleanup", Time since last: 1000182556 ns, Reaching safepoint: 239952 ns, At safepoint: 18597 ns, Total: 258549 ns
[2020-12-14T02:57:45.690+0000][6][safepoint    ] Safepoint "Cleanup", Time since last: 1000188229 ns, Reaching safepoint: 239981 ns, At safepoint: 18884 ns, Total: 258865 ns
[2020-12-14T02:57:46.690+0000][6][safepoint    ] Safepoint "Cleanup", Time since last: 1000183213 ns, Reaching safepoint: 236569 ns, At safepoint: 20595 ns, Total: 257164 ns
[2020-12-14T02:57:47.691+0000][6][safepoint    ] Safepoint "Cleanup", Time since last: 1000187999 ns, Reaching safepoint: 221670 ns, At safepoint: 20119 ns, Total: 241789 ns
[2020-12-14T02:57:48.691+0000][6][safepoint    ] Safepoint "Cleanup", Time since last: 1000187078 ns, Reaching safepoint: 403165 ns, At safepoint: 30990 ns, Total: 434155 ns
[2020-12-14T02:57:49.692+0000][6][safepoint    ] Safepoint "Cleanup", Time since last: 1000169849 ns, Reaching safepoint: 215937 ns, At safepoint: 19024 ns, Total: 234961 ns
[2020-12-14T02:57:50.692+0000][6][safepoint    ] Safepoint "Cleanup", Time since last: 1000196340 ns, Reaching safepoint: 267347 ns, At safepoint: 19405 ns, Total: 286752 ns
[2020-12-14T02:57:51.693+0000][6][safepoint    ] Safepoint "Cleanup", Time since last: 1000195966 ns, Reaching safepoint: 238123 ns, At safepoint: 19171 ns, Total: 257294 ns
[2020-12-14T02:57:52.693+0000][6][safepoint    ] Safepoint "Cleanup", Time since last: 1000187098 ns, Reaching safepoint: 229899 ns, At safepoint: 35514 ns, Total: 265413 ns
[2020-12-14T02:57:53.694+0000][6][safepoint    ] Safepoint "Cleanup", Time since last: 1000190356 ns, Reaching safepoint: 231967 ns, At safepoint: 19051 ns, Total: 251018 ns
[2020-12-14T02:57:54.694+0000][6][safepoint    ] Safepoint "Cleanup", Time since last: 1000188912 ns, Reaching safepoint: 235702 ns, At safepoint: 18798 ns, Total: 254500 ns
[2020-12-14T02:57:55.694+0000][6][safepoint    ] Safepoint "Cleanup", Time since last: 1000188580 ns, Reaching safepoint: 233851 ns, At safepoint: 18894 ns, Total: 252745 ns
[2020-12-14T02:57:56.695+0000][6][safepoint    ] Safepoint "Cleanup", Time since last: 1000182221 ns, Reaching safepoint: 237033 ns, At safepoint: 18881 ns, Total: 255914 ns
[2020-12-14T02:57:57.695+0000][6][safepoint    ] Safepoint "Cleanup", Time since last: 1000206179 ns, Reaching safepoint: 244772 ns, At safepoint: 17915 ns, Total: 262687 ns
[2020-12-14T02:57:58.696+0000][6][safepoint    ] Safepoint "Cleanup", Time since last: 1000185227 ns, Reaching safepoint: 235582 ns, At safepoint: 18731 ns, Total: 254313 ns
[2020-12-14T02:57:59.696+0000][6][safepoint    ] Safepoint "Cleanup", Time since last: 1000182889 ns, Reaching safepoint: 250203 ns, At safepoint: 19055 ns, Total: 269258 ns
[2020-12-14T02:58:00.697+0000][6][safepoint    ] Safepoint "Cleanup", Time since last: 1000186604 ns, Reaching safepoint: 228217 ns, At safepoint: 18675 ns, Total: 246892 ns
[2020-12-14T02:58:01.697+0000][6][safepoint    ] Safepoint "Cleanup", Time since last: 1000180974 ns, Reaching safepoint: 231903 ns, At safepoint: 39136 ns, Total: 271039 ns
[2020-12-14T02:58:02.698+0000][6][safepoint    ] Safepoint "Cleanup", Time since last: 1000187005 ns, Reaching safepoint: 226457 ns, At safepoint: 18471 ns, Total: 244928 ns
[2020-12-14T02:58:03.698+0000][6][safepoint    ] Safepoint "Cleanup", Time since last: 1000188238 ns, Reaching safepoint: 231406 ns, At safepoint: 19094 ns, Total: 250500 ns
[2020-12-14T02:58:04.698+0000][6][safepoint    ] Safepoint "Cleanup", Time since last: 1000188656 ns, Reaching safepoint: 230939 ns, At safepoint: 18958 ns, Total: 249897 ns
[2020-12-14T02:58:05.699+0000][6][safepoint    ] Safepoint "Cleanup", Time since last: 1000190656 ns, Reaching safepoint: 231654 ns, At safepoint: 19014 ns, Total: 250668 ns
[2020-12-14T02:58:06.699+0000][6][safepoint    ] Safepoint "Cleanup", Time since last: 1000187501 ns, Reaching safepoint: 219481 ns, At safepoint: 18020 ns, Total: 237501 ns
[2020-12-14T02:58:07.700+0000][6][safepoint    ] Safepoint "Cleanup", Time since last: 1000191210 ns, Reaching safepoint: 228198 ns, At safepoint: 19915 ns, Total: 248113 ns
[2020-12-14T02:58:08.700+0000][6][safepoint    ] Safepoint "Cleanup", Time since last: 1000187214 ns, Reaching safepoint: 260069 ns, At safepoint: 19801 ns, Total: 279870 ns
[2020-12-14T02:58:09.701+0000][6][safepoint    ] Safepoint "Cleanup", Time since last: 1000148061 ns, Reaching safepoint: 202201 ns, At safepoint: 15469 ns, Total: 217670 ns
[2020-12-14T02:58:10.701+0000][6][safepoint    ] Safepoint "Cleanup", Time since last: 1000169805 ns, Reaching safepoint: 224889 ns, At safepoint: 18567 ns, Total: 243456 ns
[2020-12-14T02:58:11.701+0000][6][safepoint    ] Safepoint "Cleanup", Time since last: 1000195110 ns, Reaching safepoint: 241622 ns, At safepoint: 15806 ns, Total: 257428 ns
[2020-12-14T02:58:12.702+0000][6][safepoint    ] Safepoint "Cleanup", Time since last: 1000182728 ns, Reaching safepoint: 243287 ns, At safepoint: 19034 ns, Total: 262321 ns
[2020-12-14T02:58:13.702+0000][6][safepoint    ] Safepoint "Cleanup", Time since last: 1000190990 ns, Reaching safepoint: 261133 ns, At safepoint: 19295 ns, Total: 280428 ns
[2020-12-14T02:58:14.703+0000][6][safepoint    ] Safepoint "Cleanup", Time since last: 1000192511 ns, Reaching safepoint: 234869 ns, At safepoint: 19654 ns, Total: 254523 ns
[2020-12-14T02:58:15.787+0000][6][safepoint    ] Safepoint "Cleanup", Time since last: 1083472211 ns, Reaching safepoint: 240161 ns, At safepoint: 31245 ns, Total: 271406 ns
[2020-12-14T02:58:16.787+0000][6][safepoint    ] Safepoint "Cleanup", Time since last: 1000188494 ns, Reaching safepoint: 231953 ns, At safepoint: 18864 ns, Total: 250817 ns
[2020-12-14T02:58:17.787+0000][6][safepoint    ] Safepoint "Cleanup", Time since last: 1000189621 ns, Reaching safepoint: 257521 ns, At safepoint: 18818 ns, Total: 276339 ns
[2020-12-14T02:58:18.788+0000][6][safepoint    ] Safepoint "Cleanup", Time since last: 1000200302 ns, Reaching safepoint: 257375 ns, At safepoint: 18072 ns, Total: 275447 ns
[2020-12-14T02:58:19.788+0000][6][safepoint    ] Safepoint "Cleanup", Time since last: 1000209172 ns, Reaching safepoint: 227805 ns, At safepoint: 19514 ns, Total: 247319 ns
[2020-12-14T02:58:20.789+0000][6][safepoint    ] Safepoint "Cleanup", Time since last: 1000209744 ns, Reaching safepoint: 231663 ns, At safepoint: 19134 ns, Total: 250797 ns
[2020-12-14T02:58:21.789+0000][6][safepoint    ] Safepoint "Cleanup", Time since last: 1000185705 ns, Reaching safepoint: 259002 ns, At safepoint: 19391 ns, Total: 278393 ns
[2020-12-14T02:58:22.790+0000][6][safepoint    ] Safepoint "Cleanup", Time since last: 1000190614 ns, Reaching safepoint: 238447 ns, At safepoint: 19075 ns, Total: 257522 ns
[2020-12-14T02:58:23.790+0000][6][safepoint    ] Safepoint "Cleanup", Time since last: 1000189974 ns, Reaching safepoint: 299262 ns, At safepoint: 19365 ns, Total: 318627 ns
[2020-12-14T02:58:24.791+0000][6][safepoint    ] Safepoint "Cleanup", Time since last: 1000195673 ns, Reaching safepoint: 244610 ns, At safepoint: 19411 ns, Total: 264021 ns
[2020-12-14T02:58:25.791+0000][6][safepoint    ] Safepoint "Cleanup", Time since last: 1000183590 ns, Reaching safepoint: 274871 ns, At safepoint: 19655 ns, Total: 294526 ns
[2020-12-14T02:58:26.792+0000][6][safepoint    ] Safepoint "Cleanup", Time since last: 1000195697 ns, Reaching safepoint: 213466 ns, At safepoint: 20405 ns, Total: 233871 ns
[2020-12-14T02:58:27.851+0000][6][safepoint    ] Safepoint "Cleanup", Time since last: 1058637944 ns, Reaching safepoint: 249497 ns, At safepoint: 18884 ns, Total: 268381 ns
[2020-12-14T02:58:28.851+0000][6][safepoint    ] Safepoint "Cleanup", Time since last: 1000188425 ns, Reaching safepoint: 238710 ns, At safepoint: 19468 ns, Total: 258178 ns
[2020-12-14T02:58:29.715+0000][6][safepoint    ] Safepoint "BulkRevokeBias", Time since last: 862323812 ns, Reaching safepoint: 220463 ns, At safepoint: 1061053 ns, Total: 1281516 ns
[2020-12-14T02:58:30.715+0000][6][safepoint    ] Safepoint "Cleanup", Time since last: 1000191517 ns, Reaching safepoint: 254696 ns, At safepoint: 20666 ns, Total: 275362 ns
[2020-12-14T02:58:31.715+0000][6][safepoint    ] Safepoint "Cleanup", Time since last: 1000213833 ns, Reaching safepoint: 219776 ns, At safepoint: 18677 ns, Total: 238453 ns
[2020-12-14T02:58:32.716+0000][6][safepoint    ] Safepoint "Cleanup", Time since last: 1000188159 ns, Reaching safepoint: 237560 ns, At safepoint: 21499 ns, Total: 259059 ns
[2020-12-14T02:58:33.716+0000][6][safepoint    ] Safepoint "Cleanup", Time since last: 1000189066 ns, Reaching safepoint: 240472 ns, At safepoint: 20795 ns, Total: 261267 ns
[2020-12-14T02:58:34.717+0000][6][safepoint    ] Safepoint "Cleanup", Time since last: 1000192031 ns, Reaching safepoint: 241455 ns, At safepoint: 19038 ns, Total: 260493 ns
[2020-12-14T02:58:35.717+0000][6][safepoint    ] Safepoint "Cleanup", Time since last: 1000200018 ns, Reaching safepoint: 263462 ns, At safepoint: 19077 ns, Total: 282539 ns
[2020-12-14T02:58:36.718+0000][6][safepoint    ] Safepoint "Cleanup", Time since last: 1000194079 ns, Reaching safepoint: 235172 ns, At safepoint: 18984 ns, Total: 254156 ns
[2020-12-14T02:58:37.718+0000][6][safepoint    ] Safepoint "Cleanup", Time since last: 1000187932 ns, Reaching safepoint: 301376 ns, At safepoint: 19151 ns, Total: 320527 ns
[2020-12-14T02:58:38.719+0000][6][safepoint    ] Safepoint "Cleanup", Time since last: 1000191919 ns, Reaching safepoint: 228821 ns, At safepoint: 18814 ns, Total: 247635 ns
[2020-12-14T02:58:39.719+0000][6][safepoint    ] Safepoint "Cleanup", Time since last: 1000167689 ns, Reaching safepoint: 346009 ns, At safepoint: 22756 ns, Total: 368765 ns
[2020-12-14T02:58:40.720+0000][6][safepoint    ] Safepoint "Cleanup", Time since last: 1000203025 ns, Reaching safepoint: 226620 ns, At safepoint: 17573 ns, Total: 244193 ns
[2020-12-14T02:58:41.720+0000][6][safepoint    ] Safepoint "Cleanup", Time since last: 1000174194 ns, Reaching safepoint: 283119 ns, At safepoint: 20158 ns, Total: 303277 ns
[2020-12-14T02:58:42.721+0000][6][safepoint    ] Safepoint "Cleanup", Time since last: 1000193157 ns, Reaching safepoint: 234086 ns, At safepoint: 17939 ns, Total: 252025 ns
[2020-12-14T02:58:43.721+0000][6][safepoint    ] Safepoint "Cleanup", Time since last: 1000188490 ns, Reaching safepoint: 235498 ns, At safepoint: 17837 ns, Total: 253335 ns
[2020-12-14T02:58:44.722+0000][6][safepoint    ] Safepoint "Cleanup", Time since last: 1000224588 ns, Reaching safepoint: 277512 ns, At safepoint: 19001 ns, Total: 296513 ns
[2020-12-14T02:58:45.722+0000][6][safepoint    ] Safepoint "Cleanup", Time since last: 1000187661 ns, Reaching safepoint: 233778 ns, At safepoint: 16622 ns, Total: 250400 ns
[2020-12-14T02:58:46.722+0000][6][safepoint    ] Safepoint "Cleanup", Time since last: 1000207604 ns, Reaching safepoint: 238414 ns, At safepoint: 19494 ns, Total: 257908 ns
[2020-12-14T02:58:47.723+0000][6][safepoint    ] Safepoint "Cleanup", Time since last: 1000186288 ns, Reaching safepoint: 249365 ns, At safepoint: 17850 ns, Total: 267215 ns
[2020-12-14T02:58:48.723+0000][6][safepoint    ] Safepoint "Cleanup", Time since last: 1000189181 ns, Reaching safepoint: 268761 ns, At safepoint: 19178 ns, Total: 287939 ns
[2020-12-14T02:58:49.724+0000][6][safepoint    ] Safepoint "Cleanup", Time since last: 1000181224 ns, Reaching safepoint: 251427 ns, At safepoint: 19011 ns, Total: 270438 ns
[2020-12-14T02:58:50.724+0000][6][safepoint    ] Safepoint "Cleanup", Time since last: 1000190244 ns, Reaching safepoint: 268998 ns, At safepoint: 19141 ns, Total: 288139 ns
[2020-12-14T02:58:51.725+0000][6][safepoint    ] Safepoint "Cleanup", Time since last: 1000191010 ns, Reaching safepoint: 239848 ns, At safepoint: 18994 ns, Total: 258842 ns
[2020-12-14T02:58:52.725+0000][6][safepoint    ] Safepoint "Cleanup", Time since last: 1000203000 ns, Reaching safepoint: 279457 ns, At safepoint: 31171 ns, Total: 310628 ns
[2020-12-14T02:58:53.726+0000][6][safepoint    ] Safepoint "Cleanup", Time since last: 1000187142 ns, Reaching safepoint: 239375 ns, At safepoint: 19434 ns, Total: 258809 ns
[2020-12-14T02:58:54.726+0000][6][safepoint    ] Safepoint "Cleanup", Time since last: 1000186654 ns, Reaching safepoint: 271246 ns, At safepoint: 21312 ns, Total: 292558 ns
[2020-12-14T02:58:55.727+0000][6][safepoint    ] Safepoint "Cleanup", Time since last: 1000191604 ns, Reaching safepoint: 226177 ns, At safepoint: 18627 ns, Total: 244804 ns
[2020-12-14T02:58:56.727+0000][6][safepoint    ] Safepoint "Cleanup", Time since last: 1000189516 ns, Reaching safepoint: 372838 ns, At safepoint: 19561 ns, Total: 392399 ns
[2020-12-14T02:58:57.728+0000][6][safepoint    ] Safepoint "Cleanup", Time since last: 1000189572 ns, Reaching safepoint: 238534 ns, At safepoint: 19188 ns, Total: 257722 ns
[2020-12-14T02:58:58.728+0000][6][safepoint    ] Safepoint "Cleanup", Time since last: 1000193338 ns, Reaching safepoint: 253866 ns, At safepoint: 19755 ns, Total: 273621 ns
[2020-12-14T02:58:59.729+0000][6][safepoint    ] Safepoint "Cleanup", Time since last: 1000190149 ns, Reaching safepoint: 241666 ns, At safepoint: 19348 ns, Total: 261014 ns
[2020-12-14T02:59:00.729+0000][6][safepoint    ] Safepoint "Cleanup", Time since last: 1000194393 ns, Reaching safepoint: 242740 ns, At safepoint: 38342 ns, Total: 281082 ns
[2020-12-14T02:59:01.730+0000][6][safepoint    ] Safepoint "Cleanup", Time since last: 1000199823 ns, Reaching safepoint: 253680 ns, At safepoint: 19281 ns, Total: 272961 ns
[2020-12-14T02:59:02.730+0000][6][safepoint    ] Safepoint "Cleanup", Time since last: 1000200689 ns, Reaching safepoint: 246755 ns, At safepoint: 17947 ns, Total: 264702 ns
[2020-12-14T02:59:03.730+0000][6][safepoint    ] Safepoint "Cleanup", Time since last: 1000201016 ns, Reaching safepoint: 226143 ns, At safepoint: 19675 ns, Total: 245818 ns
[2020-12-14T02:59:04.731+0000][6][safepoint    ] Safepoint "Cleanup", Time since last: 1000148776 ns, Reaching safepoint: 223498 ns, At safepoint: 19231 ns, Total: 242729 ns
[2020-12-14T02:59:05.731+0000][6][safepoint    ] Safepoint "Cleanup", Time since last: 1000210089 ns, Reaching safepoint: 267607 ns, At safepoint: 19034 ns, Total: 286641 ns
[2020-12-14T02:59:06.732+0000][6][safepoint    ] Safepoint "Cleanup", Time since last: 1000189155 ns, Reaching safepoint: 240266 ns, At safepoint: 17524 ns, Total: 257790 ns
[2020-12-14T02:59:07.732+0000][6][safepoint    ] Safepoint "Cleanup", Time since last: 1000192276 ns, Reaching safepoint: 253399 ns, At safepoint: 18924 ns, Total: 272323 ns
[2020-12-14T02:59:08.733+0000][6][safepoint    ] Safepoint "Cleanup", Time since last: 1000190060 ns, Reaching safepoint: 228481 ns, At safepoint: 18894 ns, Total: 247375 ns
[2020-12-14T02:59:09.733+0000][6][safepoint    ] Safepoint "Cleanup", Time since last: 1000188122 ns, Reaching safepoint: 252692 ns, At safepoint: 19668 ns, Total: 272360 ns
[2020-12-14T02:59:10.734+0000][6][safepoint    ] Safepoint "Cleanup", Time since last: 1000187124 ns, Reaching safepoint: 240966 ns, At safepoint: 18704 ns, Total: 259670 ns
[2020-12-14T02:59:11.734+0000][6][safepoint    ] Safepoint "Cleanup", Time since last: 1000185452 ns, Reaching safepoint: 247229 ns, At safepoint: 37551 ns, Total: 284780 ns
[2020-12-14T02:59:12.735+0000][6][safepoint    ] Safepoint "Cleanup", Time since last: 1000182557 ns, Reaching safepoint: 242556 ns, At safepoint: 18694 ns, Total: 261250 ns
[2020-12-14T02:59:13.735+0000][6][safepoint    ] Safepoint "Cleanup", Time since last: 1000186921 ns, Reaching safepoint: 226670 ns, At safepoint: 19051 ns, Total: 245721 ns
[2020-12-14T02:59:14.735+0000][6][safepoint    ] Safepoint "Cleanup", Time since last: 1000184867 ns, Reaching safepoint: 222872 ns, At safepoint: 18877 ns, Total: 241749 ns
[2020-12-14T02:59:15.736+0000][6][safepoint    ] Safepoint "Cleanup", Time since last: 1000183903 ns, Reaching safepoint: 243440 ns, At safepoint: 19158 ns, Total: 262598 ns
[2020-12-14T02:59:16.784+0000][6][safepoint    ] Safepoint "Cleanup", Time since last: 1047895009 ns, Reaching safepoint: 237670 ns, At safepoint: 19561 ns, Total: 257231 ns
[2020-12-14T02:59:17.785+0000][6][safepoint    ] Safepoint "Cleanup", Time since last: 1000260841 ns, Reaching safepoint: 222088 ns, At safepoint: 25688 ns, Total: 247776 ns
[2020-12-14T02:59:18.785+0000][6][safepoint    ] Safepoint "Cleanup", Time since last: 1000190893 ns, Reaching safepoint: 262914 ns, At safepoint: 25952 ns, Total: 288866 ns
[2020-12-14T02:59:19.785+0000][6][safepoint    ] Safepoint "Cleanup", Time since last: 1000180250 ns, Reaching safepoint: 238404 ns, At safepoint: 19164 ns, Total: 257568 ns
[2020-12-14T02:59:20.786+0000][6][safepoint    ] Safepoint "Cleanup", Time since last: 1000192444 ns, Reaching safepoint: 234840 ns, At safepoint: 18537 ns, Total: 253377 ns
[2020-12-14T02:59:21.786+0000][6][safepoint    ] Safepoint "Cleanup", Time since last: 1000239978 ns, Reaching safepoint: 234605 ns, At safepoint: 19144 ns, Total: 253749 ns
[2020-12-14T02:59:22.787+0000][6][safepoint    ] Safepoint "Cleanup", Time since last: 1000195205 ns, Reaching safepoint: 228048 ns, At safepoint: 19358 ns, Total: 247406 ns
[2020-12-14T02:59:23.787+0000][6][safepoint    ] Safepoint "Cleanup", Time since last: 1000207850 ns, Reaching safepoint: 311742 ns, At safepoint: 19605 ns, Total: 331347 ns
[2020-12-14T02:59:24.788+0000][6][safepoint    ] Safepoint "Cleanup", Time since last: 1000191037 ns, Reaching safepoint: 226527 ns, At safepoint: 19061 ns, Total: 245588 ns
[2020-12-14T02:59:25.788+0000][6][safepoint    ] Safepoint "Cleanup", Time since last: 1000187971 ns, Reaching safepoint: 244754 ns, At safepoint: 18398 ns, Total: 263152 ns
[2020-12-14T02:59:26.789+0000][6][safepoint    ] Safepoint "Cleanup", Time since last: 1000189012 ns, Reaching safepoint: 219333 ns, At safepoint: 19134 ns, Total: 238467 ns
[2020-12-14T02:59:26.905+0000][6][safepoint    ] Safepoint "BulkRevokeBias", Time since last: 114865912 ns, Reaching safepoint: 177135 ns, At safepoint: 974696 ns, Total: 1151831 ns
[2020-12-14T02:59:27.920+0000][6][safepoint    ] Safepoint "Cleanup", Time since last: 1015379287 ns, Reaching safepoint: 298769 ns, At safepoint: 20942 ns, Total: 319711 ns
[2020-12-14T02:59:28.921+0000][6][safepoint    ] Safepoint "Cleanup", Time since last: 1000207246 ns, Reaching safepoint: 221290 ns, At safepoint: 18718 ns, Total: 240008 ns
[2020-12-14T02:59:29.751+0000][6][safepoint    ] Safepoint "BulkRevokeBias", Time since last: 828578082 ns, Reaching safepoint: 211488 ns, At safepoint: 1088696 ns, Total: 1300184 ns
[2020-12-14T02:59:29.765+0000][6][safepoint    ] Safepoint "BulkRevokeBias", Time since last: 13243773 ns, Reaching safepoint: 212062 ns, At safepoint: 926734 ns, Total: 1138796 ns
[2020-12-14T02:59:30.766+0000][6][safepoint    ] Safepoint "Cleanup", Time since last: 1000182080 ns, Reaching safepoint: 221901 ns, At safepoint: 18855 ns, Total: 240756 ns
[2020-12-14T02:59:31.766+0000][6][safepoint    ] Safepoint "Cleanup", Time since last: 1000180500 ns, Reaching safepoint: 231827 ns, At safepoint: 19004 ns, Total: 250831 ns
[2020-12-14T02:59:32.766+0000][6][safepoint    ] Safepoint "Cleanup", Time since last: 1000149980 ns, Reaching safepoint: 244361 ns, At safepoint: 18017 ns, Total: 262378 ns
[2020-12-14T02:59:33.767+0000][6][safepoint    ] Safepoint "Cleanup", Time since last: 1000190483 ns, Reaching safepoint: 233710 ns, At safepoint: 17804 ns, Total: 251514 ns
[2020-12-14T02:59:34.767+0000][6][safepoint    ] Safepoint "Cleanup", Time since last: 1000183166 ns, Reaching safepoint: 244764 ns, At safepoint: 19438 ns, Total: 264202 ns
[2020-12-14T02:59:35.768+0000][6][safepoint    ] Safepoint "Cleanup", Time since last: 1000189169 ns, Reaching safepoint: 230506 ns, At safepoint: 19168 ns, Total: 249674 ns
[2020-12-14T02:59:36.768+0000][6][safepoint    ] Safepoint "Cleanup", Time since last: 1000195383 ns, Reaching safepoint: 373931 ns, At safepoint: 18146 ns, Total: 392077 ns
[2020-12-14T02:59:37.769+0000][6][safepoint    ] Safepoint "Cleanup", Time since last: 1000187219 ns, Reaching safepoint: 246615 ns, At safepoint: 18347 ns, Total: 264962 ns
[2020-12-14T02:59:38.769+0000][6][safepoint    ] Safepoint "Cleanup", Time since last: 1000186221 ns, Reaching safepoint: 302076 ns, At safepoint: 18521 ns, Total: 320597 ns
[2020-12-14T02:59:39.770+0000][6][safepoint    ] Safepoint "Cleanup", Time since last: 1000182466 ns, Reaching safepoint: 236712 ns, At safepoint: 17567 ns, Total: 254279 ns
[2020-12-14T02:59:40.770+0000][6][safepoint    ] Safepoint "Cleanup", Time since last: 1000193152 ns, Reaching safepoint: 261450 ns, At safepoint: 19915 ns, Total: 281365 ns
[2020-12-14T02:59:41.771+0000][6][safepoint    ] Safepoint "Cleanup", Time since last: 1000177729 ns, Reaching safepoint: 235622 ns, At safepoint: 19311 ns, Total: 254933 ns
[2020-12-14T02:59:42.771+0000][6][safepoint    ] Safepoint "Cleanup", Time since last: 1000190397 ns, Reaching safepoint: 220583 ns, At safepoint: 18751 ns, Total: 239334 ns
[2020-12-14T02:59:43.771+0000][6][safepoint    ] Safepoint "Cleanup", Time since last: 1000209107 ns, Reaching safepoint: 220160 ns, At safepoint: 19948 ns, Total: 240108 ns
[2020-12-14T02:59:44.772+0000][6][safepoint    ] Safepoint "Cleanup", Time since last: 1000185781 ns, Reaching safepoint: 226073 ns, At safepoint: 18091 ns, Total: 244164 ns
[2020-12-14T02:59:45.772+0000][6][safepoint    ] Safepoint "Cleanup", Time since last: 1000201055 ns, Reaching safepoint: 238407 ns, At safepoint: 16713 ns, Total: 255120 ns
[2020-12-14T02:59:46.773+0000][6][safepoint    ] Safepoint "Cleanup", Time since last: 1000188029 ns, Reaching safepoint: 225239 ns, At safepoint: 18518 ns, Total: 243757 ns
[2020-12-14T02:59:47.773+0000][6][safepoint    ] Safepoint "Cleanup", Time since last: 1000152814 ns, Reaching safepoint: 316203 ns, At safepoint: 18066 ns, Total: 334269 ns
[2020-12-14T02:59:48.774+0000][6][safepoint    ] Safepoint "Cleanup", Time since last: 1000191570 ns, Reaching safepoint: 259099 ns, At safepoint: 18244 ns, Total: 277343 ns
[2020-12-14T02:59:49.774+0000][6][safepoint    ] Safepoint "Cleanup", Time since last: 1000175695 ns, Reaching safepoint: 312946 ns, At safepoint: 25742 ns, Total: 338688 ns
[2020-12-14T02:59:50.775+0000][6][safepoint    ] Safepoint "Cleanup", Time since last: 1000173140 ns, Reaching safepoint: 287408 ns, At safepoint: 23747 ns, Total: 311155 ns
[2020-12-14T02:59:51.775+0000][6][safepoint    ] Safepoint "Cleanup", Time since last: 1000189159 ns, Reaching safepoint: 248093 ns, At safepoint: 22243 ns, Total: 270336 ns
[2020-12-14T02:59:52.776+0000][6][safepoint    ] Safepoint "Cleanup", Time since last: 1000213104 ns, Reaching safepoint: 213993 ns, At safepoint: 20445 ns, Total: 234438 ns
[2020-12-14T02:59:53.776+0000][6][safepoint    ] Safepoint "Cleanup", Time since last: 1000188170 ns, Reaching safepoint: 218299 ns, At safepoint: 49703 ns, Total: 268002 ns
[2020-12-14T02:59:54.777+0000][6][safepoint    ] Safepoint "Cleanup", Time since last: 1000182431 ns, Reaching safepoint: 220857 ns, At safepoint: 20642 ns, Total: 241499 ns
[2020-12-14T02:59:55.789+0000][6][safepoint    ] Safepoint "Cleanup", Time since last: 1011877394 ns, Reaching safepoint: 236933 ns, At safepoint: 19255 ns, Total: 256188 ns
[2020-12-14T02:59:56.789+0000][6][safepoint    ] Safepoint "Cleanup", Time since last: 1000182001 ns, Reaching safepoint: 234949 ns, At safepoint: 37991 ns, Total: 272940 ns
[2020-12-14T02:59:57.789+0000][6][safepoint    ] Safepoint "Cleanup", Time since last: 1000154187 ns, Reaching safepoint: 228287 ns, At safepoint: 19005 ns, Total: 247292 ns
[2020-12-14T02:59:58.790+0000][6][safepoint    ] Safepoint "Cleanup", Time since last: 1000187428 ns, Reaching safepoint: 228661 ns, At safepoint: 19048 ns, Total: 247709 ns
[2020-12-14T02:59:59.790+0000][6][safepoint    ] Safepoint "Cleanup", Time since last: 1000192688 ns, Reaching safepoint: 223845 ns, At safepoint: 18584 ns, Total: 242429 ns
[2020-12-14T03:00:00.791+0000][6][safepoint    ] Safepoint "Cleanup", Time since last: 1000187691 ns, Reaching safepoint: 237250 ns, At safepoint: 19181 ns, Total: 256431 ns
[2020-12-14T03:00:01.791+0000][6][safepoint    ] Safepoint "Cleanup", Time since last: 1000179317 ns, Reaching safepoint: 268135 ns, At safepoint: 16610 ns, Total: 284745 ns
[2020-12-14T03:00:02.792+0000][6][safepoint    ] Safepoint "Cleanup", Time since last: 1000173985 ns, Reaching safepoint: 246629 ns, At safepoint: 19831 ns, Total: 266460 ns
[2020-12-14T03:00:03.792+0000][6][safepoint    ] Safepoint "Cleanup", Time since last: 1000168678 ns, Reaching safepoint: 264852 ns, At safepoint: 20969 ns, Total: 285821 ns
[2020-12-14T03:00:04.793+0000][6][safepoint    ] Safepoint "Cleanup", Time since last: 1000187307 ns, Reaching safepoint: 222452 ns, At safepoint: 18490 ns, Total: 240942 ns
[2020-12-14T03:00:05.793+0000][6][safepoint    ] Safepoint "Cleanup", Time since last: 1000189156 ns, Reaching safepoint: 230493 ns, At safepoint: 18330 ns, Total: 248823 ns
[2020-12-14T03:00:06.794+0000][6][safepoint    ] Safepoint "Cleanup", Time since last: 1000202086 ns, Reaching safepoint: 245108 ns, At safepoint: 21746 ns, Total: 266854 ns
[2020-12-14T03:00:07.794+0000][6][safepoint    ] Safepoint "Cleanup", Time since last: 1000188075 ns, Reaching safepoint: 211829 ns, At safepoint: 19004 ns, Total: 230833 ns
[2020-12-14T03:00:08.794+0000][6][safepoint    ] Safepoint "Cleanup", Time since last: 1000189559 ns, Reaching safepoint: 215180 ns, At safepoint: 18701 ns, Total: 233881 ns
[2020-12-14T03:00:09.795+0000][6][safepoint    ] Safepoint "Cleanup", Time since last: 1000189717 ns, Reaching safepoint: 231523 ns, At safepoint: 19138 ns, Total: 250661 ns
[2020-12-14T03:00:10.795+0000][6][safepoint    ] Safepoint "Cleanup", Time since last: 1000195155 ns, Reaching safepoint: 236306 ns, At safepoint: 18794 ns, Total: 255100 ns
[2020-12-14T03:00:11.796+0000][6][safepoint    ] Safepoint "Cleanup", Time since last: 1000176545 ns, Reaching safepoint: 260356 ns, At safepoint: 24234 ns, Total: 284590 ns
[2020-12-14T03:00:12.796+0000][6][safepoint    ] Safepoint "Cleanup", Time since last: 1000186930 ns, Reaching safepoint: 254723 ns, At safepoint: 19441 ns, Total: 274164 ns
[2020-12-14T03:00:13.797+0000][6][safepoint    ] Safepoint "Cleanup", Time since last: 1000186209 ns, Reaching safepoint: 232093 ns, At safepoint: 18968 ns, Total: 251061 ns
[2020-12-14T03:00:14.797+0000][6][safepoint    ] Safepoint "Cleanup", Time since last: 1000192558 ns, Reaching safepoint: 239227 ns, At safepoint: 18112 ns, Total: 257339 ns
[2020-12-14T03:00:15.797+0000][6][safepoint    ] Safepoint "Cleanup", Time since last: 1000197953 ns, Reaching safepoint: 233894 ns, At safepoint: 18888 ns, Total: 252782 ns
[2020-12-14T03:00:17.789+0000][6][safepoint    ] Safepoint "Cleanup", Time since last: 1991064577 ns, Reaching safepoint: 219035 ns, At safepoint: 17656 ns, Total: 236691 ns
[2020-12-14T03:00:18.789+0000][6][safepoint    ] Safepoint "Cleanup", Time since last: 1000168616 ns, Reaching safepoint: 256361 ns, At safepoint: 17648 ns, Total: 274009 ns
[2020-12-14T03:00:19.790+0000][6][safepoint    ] Safepoint "Cleanup", Time since last: 1000166548 ns, Reaching safepoint: 228658 ns, At safepoint: 17530 ns, Total: 246188 ns
[2020-12-14T03:00:20.790+0000][6][safepoint    ] Safepoint "Cleanup", Time since last: 1000182829 ns, Reaching safepoint: 311459 ns, At safepoint: 20198 ns, Total: 331657 ns
[2020-12-14T03:00:21.791+0000][6][safepoint    ] Safepoint "Cleanup", Time since last: 1000200728 ns, Reaching safepoint: 215989 ns, At safepoint: 19235 ns, Total: 235224 ns
[2020-12-14T03:00:22.791+0000][6][safepoint    ] Safepoint "Cleanup", Time since last: 1000186740 ns, Reaching safepoint: 232103 ns, At safepoint: 19752 ns, Total: 251855 ns
[2020-12-14T03:00:23.792+0000][6][safepoint    ] Safepoint "Cleanup", Time since last: 1000199164 ns, Reaching safepoint: 262978 ns, At safepoint: 19185 ns, Total: 282163 ns
[2020-12-14T03:00:24.792+0000][6][safepoint    ] Safepoint "Cleanup", Time since last: 1000187775 ns, Reaching safepoint: 226717 ns, At safepoint: 18894 ns, Total: 245611 ns
[2020-12-14T03:00:25.792+0000][6][safepoint    ] Safepoint "Cleanup", Time since last: 1000194042 ns, Reaching safepoint: 219449 ns, At safepoint: 20462 ns, Total: 239911 ns
[2020-12-14T03:00:26.793+0000][6][safepoint    ] Safepoint "Cleanup", Time since last: 1000187658 ns, Reaching safepoint: 234925 ns, At safepoint: 20972 ns, Total: 255897 ns
[2020-12-14T03:00:26.989+0000][6][safepoint    ] Safepoint "BulkRevokeBias", Time since last: 194644293 ns, Reaching safepoint: 180899 ns, At safepoint: 939899 ns, Total: 1120798 ns
[2020-12-14T03:00:27.989+0000][6][safepoint    ] Safepoint "Cleanup", Time since last: 1000441445 ns, Reaching safepoint: 273220 ns, At safepoint: 24181 ns, Total: 297401 ns
[2020-12-14T03:00:28.990+0000][6][safepoint    ] Safepoint "Cleanup", Time since last: 1000187555 ns, Reaching safepoint: 230409 ns, At safepoint: 18694 ns, Total: 249103 ns
[2020-12-14T03:00:29.786+0000][6][safepoint    ] Safepoint "BulkRevokeBias", Time since last: 794750108 ns, Reaching safepoint: 218606 ns, At safepoint: 1601256 ns, Total: 1819862 ns
[2020-12-14T03:00:30.791+0000][6][safepoint    ] Safepoint "Cleanup", Time since last: 1004777526 ns, Reaching safepoint: 219883 ns, At safepoint: 19348 ns, Total: 239231 ns
[2020-12-14T03:00:31.792+0000][6][safepoint    ] Safepoint "Cleanup", Time since last: 1000180724 ns, Reaching safepoint: 222158 ns, At safepoint: 20118 ns, Total: 242276 ns
[2020-12-14T03:00:32.792+0000][6][safepoint    ] Safepoint "Cleanup", Time since last: 1000186108 ns, Reaching safepoint: 251346 ns, At safepoint: 18029 ns, Total: 269375 ns
[2020-12-14T03:00:33.793+0000][6][safepoint    ] Safepoint "Cleanup", Time since last: 1000182181 ns, Reaching safepoint: 230126 ns, At safepoint: 20852 ns, Total: 250978 ns
[2020-12-14T03:00:34.793+0000][6][safepoint    ] Safepoint "Cleanup", Time since last: 1000190043 ns, Reaching safepoint: 393292 ns, At safepoint: 20332 ns, Total: 413624 ns
[2020-12-14T03:00:35.794+0000][6][safepoint    ] Safepoint "Cleanup", Time since last: 1000187358 ns, Reaching safepoint: 370316 ns, At safepoint: 19455 ns, Total: 389771 ns
[2020-12-14T03:00:36.794+0000][6][safepoint    ] Safepoint "Cleanup", Time since last: 1000190319 ns, Reaching safepoint: 249754 ns, At safepoint: 19448 ns, Total: 269202 ns
[2020-12-14T03:00:37.795+0000][6][safepoint    ] Safepoint "Cleanup", Time since last: 1000190733 ns, Reaching safepoint: 241912 ns, At safepoint: 19051 ns, Total: 260963 ns
[2020-12-14T03:00:38.795+0000][6][safepoint    ] Safepoint "Cleanup", Time since last: 1000187692 ns, Reaching safepoint: 325260 ns, At safepoint: 20665 ns, Total: 345925 ns
[2020-12-14T03:00:39.796+0000][6][safepoint    ] Safepoint "Cleanup", Time since last: 1000199105 ns, Reaching safepoint: 239091 ns, At safepoint: 19091 ns, Total: 258182 ns
[2020-12-14T03:00:40.796+0000][6][safepoint    ] Safepoint "Cleanup", Time since last: 1000187898 ns, Reaching safepoint: 236530 ns, At safepoint: 18970 ns, Total: 255500 ns
[2020-12-14T03:00:41.797+0000][6][safepoint    ] Safepoint "Cleanup", Time since last: 1000178194 ns, Reaching safepoint: 235722 ns, At safepoint: 19108 ns, Total: 254830 ns
[2020-12-14T03:00:42.797+0000][6][safepoint    ] Safepoint "Cleanup", Time since last: 1000187534 ns, Reaching safepoint: 227938 ns, At safepoint: 34910 ns, Total: 262848 ns
[2020-12-14T03:00:43.798+0000][6][safepoint    ] Safepoint "Cleanup", Time since last: 1000189910 ns, Reaching safepoint: 240545 ns, At safepoint: 19374 ns, Total: 259919 ns
[2020-12-14T03:00:44.798+0000][6][safepoint    ] Safepoint "Cleanup", Time since last: 1000199081 ns, Reaching safepoint: 241986 ns, At safepoint: 19351 ns, Total: 261337 ns
[2020-12-14T03:00:45.798+0000][6][safepoint    ] Safepoint "Cleanup", Time since last: 1000205198 ns, Reaching safepoint: 231564 ns, At safepoint: 19444 ns, Total: 251008 ns
[2020-12-14T03:00:46.799+0000][6][safepoint    ] Safepoint "Cleanup", Time since last: 1000180577 ns, Reaching safepoint: 287476 ns, At safepoint: 19418 ns, Total: 306894 ns
[2020-12-14T03:00:47.799+0000][6][safepoint    ] Safepoint "Cleanup", Time since last: 1000189482 ns, Reaching safepoint: 243440 ns, At safepoint: 19227 ns, Total: 262667 ns
[2020-12-14T03:00:48.800+0000][6][safepoint    ] Safepoint "Cleanup", Time since last: 1000189777 ns, Reaching safepoint: 276020 ns, At safepoint: 18398 ns, Total: 294418 ns
[2020-12-14T03:00:49.800+0000][6][safepoint    ] Safepoint "Cleanup", Time since last: 1000177026 ns, Reaching safepoint: 262411 ns, At safepoint: 25261 ns, Total: 287672 ns
[2020-12-14T03:00:50.801+0000][6][safepoint    ] Safepoint "Cleanup", Time since last: 1000188760 ns, Reaching safepoint: 234828 ns, At safepoint: 18857 ns, Total: 253685 ns
[2020-12-14T03:00:51.801+0000][6][safepoint    ] Safepoint "Cleanup", Time since last: 1000182379 ns, Reaching safepoint: 275895 ns, At safepoint: 19578 ns, Total: 295473 ns
[2020-12-14T03:00:52.802+0000][6][safepoint    ] Safepoint "Cleanup", Time since last: 1000190426 ns, Reaching safepoint: 241276 ns, At safepoint: 19181 ns, Total: 260457 ns
[2020-12-14T03:00:53.802+0000][6][safepoint    ] Safepoint "Cleanup", Time since last: 1000194155 ns, Reaching safepoint: 309504 ns, At safepoint: 30818 ns, Total: 340322 ns
[2020-12-14T03:00:54.803+0000][6][safepoint    ] Safepoint "Cleanup", Time since last: 1000187365 ns, Reaching safepoint: 246212 ns, At safepoint: 19524 ns, Total: 265736 ns
[2020-12-14T03:00:55.803+0000][6][safepoint    ] Safepoint "Cleanup", Time since last: 1000189890 ns, Reaching safepoint: 264088 ns, At safepoint: 21226 ns, Total: 285314 ns
[2020-12-14T03:00:56.804+0000][6][safepoint    ] Safepoint "Cleanup", Time since last: 1000191777 ns, Reaching safepoint: 249587 ns, At safepoint: 19518 ns, Total: 269105 ns
[2020-12-14T03:00:57.804+0000][6][safepoint    ] Safepoint "Cleanup", Time since last: 1000188688 ns, Reaching safepoint: 253723 ns, At safepoint: 17660 ns, Total: 271383 ns
[2020-12-14T03:00:58.451+0000][6][safepoint    ] Safepoint "BulkRevokeBias", Time since last: 645215630 ns, Reaching safepoint: 185930 ns, At safepoint: 1069875 ns, Total: 1255805 ns
[2020-12-14T03:00:59.451+0000][6][safepoint    ] Safepoint "Cleanup", Time since last: 1000191171 ns, Reaching safepoint: 226997 ns, At safepoint: 19948 ns, Total: 246945 ns
[2020-12-14T03:01:00.512+0000][6][safepoint    ] Safepoint "Cleanup", Time since last: 1060701244 ns, Reaching safepoint: 245645 ns, At safepoint: 19017 ns, Total: 264662 ns
[2020-12-14T03:01:01.512+0000][6][safepoint    ] Safepoint "Cleanup", Time since last: 1000144832 ns, Reaching safepoint: 209062 ns, At safepoint: 19174 ns, Total: 228236 ns
[2020-12-14T03:01:02.513+0000][6][safepoint    ] Safepoint "Cleanup", Time since last: 1000181040 ns, Reaching safepoint: 227701 ns, At safepoint: 17588 ns, Total: 245289 ns
[2020-12-14T03:01:04.102+0000][6][safepoint    ] Safepoint "Cleanup", Time since last: 1588752063 ns, Reaching safepoint: 276342 ns, At safepoint: 19031 ns, Total: 295373 ns
[2020-12-14T03:01:05.102+0000][6][safepoint    ] Safepoint "Cleanup", Time since last: 1000185030 ns, Reaching safepoint: 244861 ns, At safepoint: 19274 ns, Total: 264135 ns
[2020-12-14T03:01:06.103+0000][6][safepoint    ] Safepoint "Cleanup", Time since last: 1000187345 ns, Reaching safepoint: 229495 ns, At safepoint: 18624 ns, Total: 248119 ns
[2020-12-14T03:01:07.103+0000][6][safepoint    ] Safepoint "Cleanup", Time since last: 1000185578 ns, Reaching safepoint: 259209 ns, At safepoint: 19558 ns, Total: 278767 ns
[2020-12-14T03:01:08.104+0000][6][safepoint    ] Safepoint "Cleanup", Time since last: 1000197617 ns, Reaching safepoint: 234308 ns, At safepoint: 19201 ns, Total: 253509 ns
[2020-12-14T03:01:09.104+0000][6][safepoint    ] Safepoint "Cleanup", Time since last: 1000187941 ns, Reaching safepoint: 239024 ns, At safepoint: 40874 ns, Total: 279898 ns
[2020-12-14T03:01:10.104+0000][6][safepoint    ] Safepoint "Cleanup", Time since last: 1000157972 ns, Reaching safepoint: 231693 ns, At safepoint: 19148 ns, Total: 250841 ns
[2020-12-14T03:01:11.105+0000][6][safepoint    ] Safepoint "Cleanup", Time since last: 1000188821 ns, Reaching safepoint: 242830 ns, At safepoint: 19217 ns, Total: 262047 ns
[2020-12-14T03:01:12.105+0000][6][safepoint    ] Safepoint "Cleanup", Time since last: 1000181465 ns, Reaching safepoint: 234128 ns, At safepoint: 18994 ns, Total: 253122 ns
[2020-12-14T03:01:13.106+0000][6][safepoint    ] Safepoint "Cleanup", Time since last: 1000191714 ns, Reaching safepoint: 221824 ns, At safepoint: 18704 ns, Total: 240528 ns
[2020-12-14T03:01:14.106+0000][6][safepoint    ] Safepoint "Cleanup", Time since last: 1000148073 ns, Reaching safepoint: 286431 ns, At safepoint: 19131 ns, Total: 305562 ns
[2020-12-14T03:01:15.107+0000][6][safepoint    ] Safepoint "Cleanup", Time since last: 1000188926 ns, Reaching safepoint: 264005 ns, At safepoint: 24324 ns, Total: 288329 ns
[2020-12-14T03:01:16.107+0000][6][safepoint    ] Safepoint "Cleanup", Time since last: 1000188601 ns, Reaching safepoint: 250381 ns, At safepoint: 17640 ns, Total: 268021 ns
[2020-12-14T03:01:17.108+0000][6][safepoint    ] Safepoint "Cleanup", Time since last: 1000178727 ns, Reaching safepoint: 224819 ns, At safepoint: 18508 ns, Total: 243327 ns
[2020-12-14T03:01:18.785+0000][6][safepoint    ] Safepoint "Cleanup", Time since last: 1677579071 ns, Reaching safepoint: 212369 ns, At safepoint: 19307 ns, Total: 231676 ns
[2020-12-14T03:01:19.786+0000][6][safepoint    ] Safepoint "Cleanup", Time since last: 1000184910 ns, Reaching safepoint: 222468 ns, At safepoint: 19135 ns, Total: 241603 ns
[2020-12-14T03:01:20.786+0000][6][safepoint    ] Safepoint "Cleanup", Time since last: 1000187837 ns, Reaching safepoint: 246288 ns, At safepoint: 18641 ns, Total: 264929 ns
[2020-12-14T03:01:21.787+0000][6][safepoint    ] Safepoint "Cleanup", Time since last: 1000183227 ns, Reaching safepoint: 260003 ns, At safepoint: 18801 ns, Total: 278804 ns
[2020-12-14T03:01:22.787+0000][6][safepoint    ] Safepoint "Cleanup", Time since last: 1000184125 ns, Reaching safepoint: 243203 ns, At safepoint: 19438 ns, Total: 262641 ns
[2020-12-14T03:01:23.788+0000][6][safepoint    ] Safepoint "Cleanup", Time since last: 1000185630 ns, Reaching safepoint: 242786 ns, At safepoint: 19148 ns, Total: 261934 ns
[2020-12-14T03:01:24.788+0000][6][safepoint    ] Safepoint "Cleanup", Time since last: 1000175621 ns, Reaching safepoint: 235693 ns, At safepoint: 20054 ns, Total: 255747 ns
[2020-12-14T03:01:25.789+0000][6][safepoint    ] Safepoint "Cleanup", Time since last: 1000196084 ns, Reaching safepoint: 229142 ns, At safepoint: 19425 ns, Total: 248567 ns
[2020-12-14T03:01:26.789+0000][6][safepoint    ] Safepoint "Cleanup", Time since last: 1000185130 ns, Reaching safepoint: 205047 ns, At safepoint: 18868 ns, Total: 223915 ns
[2020-12-14T03:01:28.115+0000][6][safepoint    ] Safepoint "Cleanup", Time since last: 1325822834 ns, Reaching safepoint: 215911 ns, At safepoint: 19278 ns, Total: 235189 ns
[2020-12-14T03:01:29.115+0000][6][safepoint    ] Safepoint "Cleanup", Time since last: 1000202343 ns, Reaching safepoint: 229776 ns, At safepoint: 20001 ns, Total: 249777 ns
[2020-12-14T03:01:30.825+0000][6][safepoint    ] Safepoint "Cleanup", Time since last: 1709631934 ns, Reaching safepoint: 263895 ns, At safepoint: 19554 ns, Total: 283449 ns
[2020-12-14T03:01:31.826+0000][6][safepoint    ] Safepoint "Cleanup", Time since last: 1000188195 ns, Reaching safepoint: 253232 ns, At safepoint: 20996 ns, Total: 274228 ns
[2020-12-14T03:01:32.826+0000][6][safepoint    ] Safepoint "Cleanup", Time since last: 1000190430 ns, Reaching safepoint: 234761 ns, At safepoint: 19245 ns, Total: 254006 ns
[2020-12-14T03:01:33.827+0000][6][safepoint    ] Safepoint "Cleanup", Time since last: 1000189692 ns, Reaching safepoint: 228278 ns, At safepoint: 18254 ns, Total: 246532 ns
[2020-12-14T03:01:34.827+0000][6][safepoint    ] Safepoint "Cleanup", Time since last: 1000185317 ns, Reaching safepoint: 262038 ns, At safepoint: 16846 ns, Total: 278884 ns
[2020-12-14T03:01:35.828+0000][6][safepoint    ] Safepoint "Cleanup", Time since last: 1000185844 ns, Reaching safepoint: 230312 ns, At safepoint: 19321 ns, Total: 249633 ns
[2020-12-14T03:01:36.828+0000][6][safepoint    ] Safepoint "Cleanup", Time since last: 1000191167 ns, Reaching safepoint: 230601 ns, At safepoint: 16493 ns, Total: 247094 ns
[2020-12-14T03:01:37.829+0000][6][safepoint    ] Safepoint "Cleanup", Time since last: 1000244543 ns, Reaching safepoint: 224566 ns, At safepoint: 18850 ns, Total: 243416 ns
[2020-12-14T03:01:38.829+0000][6][safepoint    ] Safepoint "Cleanup", Time since last: 1000190350 ns, Reaching safepoint: 219296 ns, At safepoint: 18707 ns, Total: 238003 ns
[2020-12-14T03:01:39.829+0000][6][safepoint    ] Safepoint "Cleanup", Time since last: 1000190028 ns, Reaching safepoint: 239658 ns, At safepoint: 19061 ns, Total: 258719 ns
[2020-12-14T03:01:40.830+0000][6][safepoint    ] Safepoint "Cleanup", Time since last: 1000168735 ns, Reaching safepoint: 234859 ns, At safepoint: 19234 ns, Total: 254093 ns
[2020-12-14T03:01:41.830+0000][6][safepoint    ] Safepoint "Cleanup", Time since last: 1000184350 ns, Reaching safepoint: 264272 ns, At safepoint: 19261 ns, Total: 283533 ns
[2020-12-14T03:01:42.831+0000][6][safepoint    ] Safepoint "Cleanup", Time since last: 1000199929 ns, Reaching safepoint: 231823 ns, At safepoint: 19315 ns, Total: 251138 ns
[2020-12-14T03:01:43.831+0000][6][safepoint    ] Safepoint "Cleanup", Time since last: 1000187961 ns, Reaching safepoint: 244918 ns, At safepoint: 18407 ns, Total: 263325 ns
[2020-12-14T03:01:44.832+0000][6][safepoint    ] Safepoint "Cleanup", Time since last: 1000185007 ns, Reaching safepoint: 217899 ns, At safepoint: 18961 ns, Total: 236860 ns
[2020-12-14T03:01:45.832+0000][6][safepoint    ] Safepoint "Cleanup", Time since last: 1000187570 ns, Reaching safepoint: 226350 ns, At safepoint: 39746 ns, Total: 266096 ns
[2020-12-14T03:01:46.833+0000][6][safepoint    ] Safepoint "Cleanup", Time since last: 1000189413 ns, Reaching safepoint: 214413 ns, At safepoint: 29482 ns, Total: 243895 ns
[2020-12-14T03:01:47.833+0000][6][safepoint    ] Safepoint "Cleanup", Time since last: 1000186440 ns, Reaching safepoint: 223392 ns, At safepoint: 19378 ns, Total: 242770 ns
[2020-12-14T03:01:48.833+0000][6][safepoint    ] Safepoint "Cleanup", Time since last: 1000189375 ns, Reaching safepoint: 218395 ns, At safepoint: 19185 ns, Total: 237580 ns
[2020-12-14T03:01:49.834+0000][6][safepoint    ] Safepoint "Cleanup", Time since last: 1000177836 ns, Reaching safepoint: 243356 ns, At safepoint: 18084 ns, Total: 261440 ns
[2020-12-14T03:01:50.834+0000][6][safepoint    ] Safepoint "Cleanup", Time since last: 1000155894 ns, Reaching safepoint: 236331 ns, At safepoint: 20051 ns, Total: 256382 ns
[2020-12-14T03:01:51.835+0000][6][safepoint    ] Safepoint "Cleanup", Time since last: 1000181880 ns, Reaching safepoint: 233147 ns, At safepoint: 18784 ns, Total: 251931 ns
[2020-12-14T03:01:52.835+0000][6][safepoint    ] Safepoint "Cleanup", Time since last: 1000195676 ns, Reaching safepoint: 368745 ns, At safepoint: 18761 ns, Total: 387506 ns
[2020-12-14T03:01:53.836+0000][6][safepoint    ] Safepoint "Cleanup", Time since last: 1000187212 ns, Reaching safepoint: 249560 ns, At safepoint: 18971 ns, Total: 268531 ns
[2020-12-14T03:01:54.836+0000][6][safepoint    ] Safepoint "Cleanup", Time since last: 1000177115 ns, Reaching safepoint: 271279 ns, At safepoint: 19131 ns, Total: 290410 ns
[2020-12-14T03:01:55.837+0000][6][safepoint    ] Safepoint "Cleanup", Time since last: 1000202704 ns, Reaching safepoint: 225308 ns, At safepoint: 18017 ns, Total: 243325 ns
[2020-12-14T03:01:56.837+0000][6][safepoint    ] Safepoint "Cleanup", Time since last: 1000185862 ns, Reaching safepoint: 226734 ns, At safepoint: 19281 ns, Total: 246015 ns
[2020-12-14T03:01:57.838+0000][6][safepoint    ] Safepoint "Cleanup", Time since last: 1000218032 ns, Reaching safepoint: 229897 ns, At safepoint: 17552 ns, Total: 247449 ns
[2020-12-14T03:01:58.838+0000][6][safepoint    ] Safepoint "Cleanup", Time since last: 1000185400 ns, Reaching safepoint: 227962 ns, At safepoint: 30885 ns, Total: 258847 ns
[2020-12-14T03:01:59.838+0000][6][safepoint    ] Safepoint "Cleanup", Time since last: 1000181360 ns, Reaching safepoint: 230209 ns, At safepoint: 18707 ns, Total: 248916 ns
[2020-12-14T03:02:00.839+0000][6][safepoint    ] Safepoint "Cleanup", Time since last: 1000198288 ns, Reaching safepoint: 223061 ns, At safepoint: 19118 ns, Total: 242179 ns
[2020-12-14T03:02:01.839+0000][6][safepoint    ] Safepoint "Cleanup", Time since last: 1000189806 ns, Reaching safepoint: 247423 ns, At safepoint: 18109 ns, Total: 265532 ns
[2020-12-14T03:02:02.840+0000][6][safepoint    ] Safepoint "Cleanup", Time since last: 1000183186 ns, Reaching safepoint: 232294 ns, At safepoint: 19164 ns, Total: 251458 ns
[2020-12-14T03:02:03.840+0000][6][safepoint    ] Safepoint "Cleanup", Time since last: 1000185452 ns, Reaching safepoint: 256805 ns, At safepoint: 19247 ns, Total: 276052 ns
[2020-12-14T03:02:04.841+0000][6][safepoint    ] Safepoint "Cleanup", Time since last: 1000157973 ns, Reaching safepoint: 233274 ns, At safepoint: 19108 ns, Total: 252382 ns
[2020-12-14T03:02:05.841+0000][6][safepoint    ] Safepoint "Cleanup", Time since last: 1000169552 ns, Reaching safepoint: 257378 ns, At safepoint: 19151 ns, Total: 276529 ns
[2020-12-14T03:02:06.841+0000][6][safepoint    ] Safepoint "Cleanup", Time since last: 1000210980 ns, Reaching safepoint: 212966 ns, At safepoint: 18481 ns, Total: 231447 ns
[2020-12-14T03:02:07.842+0000][6][safepoint    ] Safepoint "Cleanup", Time since last: 1000198573 ns, Reaching safepoint: 227826 ns, At safepoint: 18128 ns, Total: 245954 ns
[2020-12-14T03:02:08.842+0000][6][safepoint    ] Safepoint "Cleanup", Time since last: 1000186517 ns, Reaching safepoint: 231933 ns, At safepoint: 19074 ns, Total: 251007 ns
[2020-12-14T03:02:09.843+0000][6][safepoint    ] Safepoint "Cleanup", Time since last: 1000184057 ns, Reaching safepoint: 224175 ns, At safepoint: 18684 ns, Total: 242859 ns
[2020-12-14T03:02:11.592+0000][6][safepoint    ] Safepoint "Cleanup", Time since last: 1749298862 ns, Reaching safepoint: 232660 ns, At safepoint: 19498 ns, Total: 252158 ns
[2020-12-14T03:02:12.593+0000][6][safepoint    ] Safepoint "Cleanup", Time since last: 1000192315 ns, Reaching safepoint: 250207 ns, At safepoint: 19061 ns, Total: 269268 ns
[2020-12-14T03:02:13.593+0000][6][safepoint    ] Safepoint "Cleanup", Time since last: 1000189750 ns, Reaching safepoint: 237400 ns, At safepoint: 18964 ns, Total: 256364 ns
[2020-12-14T03:02:14.594+0000][6][safepoint    ] Safepoint "Cleanup", Time since last: 1000189365 ns, Reaching safepoint: 239915 ns, At safepoint: 18623 ns, Total: 258538 ns
[2020-12-14T03:02:15.594+0000][6][safepoint    ] Safepoint "Cleanup", Time since last: 1000179931 ns, Reaching safepoint: 314307 ns, At safepoint: 19635 ns, Total: 333942 ns
[2020-12-14T03:02:16.595+0000][6][safepoint    ] Safepoint "Cleanup", Time since last: 1000197825 ns, Reaching safepoint: 204946 ns, At safepoint: 17785 ns, Total: 222731 ns
[2020-12-14T03:02:17.595+0000][6][safepoint    ] Safepoint "Cleanup", Time since last: 1000186167 ns, Reaching safepoint: 216384 ns, At safepoint: 18924 ns, Total: 235308 ns
[2020-12-14T03:02:18.596+0000][6][safepoint    ] Safepoint "Cleanup", Time since last: 1000217073 ns, Reaching safepoint: 216674 ns, At safepoint: 25388 ns, Total: 242062 ns
[2020-12-14T03:02:19.781+0000][6][safepoint    ] Safepoint "Cleanup", Time since last: 1185420258 ns, Reaching safepoint: 243434 ns, At safepoint: 18937 ns, Total: 262371 ns
[2020-12-14T03:02:20.782+0000][6][safepoint    ] Safepoint "Cleanup", Time since last: 1000187025 ns, Reaching safepoint: 231226 ns, At safepoint: 18727 ns, Total: 249953 ns
[2020-12-14T03:02:21.782+0000][6][safepoint    ] Safepoint "Cleanup", Time since last: 1000189309 ns, Reaching safepoint: 234962 ns, At safepoint: 33636 ns, Total: 268598 ns
[2020-12-14T03:02:22.783+0000][6][safepoint    ] Safepoint "Cleanup", Time since last: 1000189563 ns, Reaching safepoint: 231473 ns, At safepoint: 19274 ns, Total: 250747 ns
[2020-12-14T03:02:23.783+0000][6][safepoint    ] Safepoint "Cleanup", Time since last: 1000188182 ns, Reaching safepoint: 244741 ns, At safepoint: 18617 ns, Total: 263358 ns
[2020-12-14T03:02:24.783+0000][6][safepoint    ] Safepoint "Cleanup", Time since last: 1000177729 ns, Reaching safepoint: 227711 ns, At safepoint: 18114 ns, Total: 245825 ns
[2020-12-14T03:02:25.784+0000][6][safepoint    ] Safepoint "Cleanup", Time since last: 1000183234 ns, Reaching safepoint: 267447 ns, At safepoint: 18997 ns, Total: 286444 ns
[2020-12-14T03:02:26.784+0000][6][safepoint    ] Safepoint "Cleanup", Time since last: 1000217495 ns, Reaching safepoint: 231486 ns, At safepoint: 21393 ns, Total: 252879 ns
[2020-12-14T03:02:27.102+0000][6][safepoint    ] Safepoint "BulkRevokeBias", Time since last: 316693650 ns, Reaching safepoint: 194093 ns, At safepoint: 942478 ns, Total: 1136571 ns
[2020-12-14T03:02:28.119+0000][6][safepoint    ] Safepoint "Cleanup", Time since last: 1016949142 ns, Reaching safepoint: 231463 ns, At safepoint: 17670 ns, Total: 249133 ns
[2020-12-14T03:02:29.120+0000][6][safepoint    ] Safepoint "Cleanup", Time since last: 1000165243 ns, Reaching safepoint: 216968 ns, At safepoint: 18950 ns, Total: 235918 ns
[2020-12-14T03:02:30.859+0000][6][safepoint    ] Safepoint "Cleanup", Time since last: 1738843900 ns, Reaching safepoint: 245717 ns, At safepoint: 24051 ns, Total: 269768 ns
[2020-12-14T03:02:31.859+0000][6][safepoint    ] Safepoint "Cleanup", Time since last: 1000206286 ns, Reaching safepoint: 260276 ns, At safepoint: 19405 ns, Total: 279681 ns
[2020-12-14T03:02:32.860+0000][6][safepoint    ] Safepoint "Cleanup", Time since last: 1000192228 ns, Reaching safepoint: 230272 ns, At safepoint: 18984 ns, Total: 249256 ns
[2020-12-14T03:02:33.860+0000][6][safepoint    ] Safepoint "Cleanup", Time since last: 1000188532 ns, Reaching safepoint: 242993 ns, At safepoint: 18797 ns, Total: 261790 ns
[2020-12-14T03:02:34.861+0000][6][safepoint    ] Safepoint "Cleanup", Time since last: 1000181848 ns, Reaching safepoint: 230709 ns, At safepoint: 19378 ns, Total: 250087 ns
[2020-12-14T03:02:35.861+0000][6][safepoint    ] Safepoint "Cleanup", Time since last: 1000186642 ns, Reaching safepoint: 351508 ns, At safepoint: 18981 ns, Total: 370489 ns
[2020-12-14T03:02:36.862+0000][6][safepoint    ] Safepoint "Cleanup", Time since last: 1000185013 ns, Reaching safepoint: 228535 ns, At safepoint: 19064 ns, Total: 247599 ns
[2020-12-14T03:02:37.862+0000][6][safepoint    ] Safepoint "Cleanup", Time since last: 1000182739 ns, Reaching safepoint: 285420 ns, At safepoint: 19558 ns, Total: 304978 ns
[2020-12-14T03:02:38.863+0000][6][safepoint    ] Safepoint "Cleanup", Time since last: 1000155523 ns, Reaching safepoint: 208990 ns, At safepoint: 18414 ns, Total: 227404 ns
[2020-12-14T03:02:39.863+0000][6][safepoint    ] Safepoint "Cleanup", Time since last: 1000184451 ns, Reaching safepoint: 229976 ns, At safepoint: 18957 ns, Total: 248933 ns
[2020-12-14T03:02:40.863+0000][6][safepoint    ] Safepoint "Cleanup", Time since last: 1000228935 ns, Reaching safepoint: 226080 ns, At safepoint: 18841 ns, Total: 244921 ns
[2020-12-14T03:02:41.864+0000][6][safepoint    ] Safepoint "Cleanup", Time since last: 1000180470 ns, Reaching safepoint: 245999 ns, At safepoint: 17753 ns, Total: 263752 ns
[2020-12-14T03:02:42.864+0000][6][safepoint    ] Safepoint "Cleanup", Time since last: 1000193299 ns, Reaching safepoint: 256536 ns, At safepoint: 18220 ns, Total: 274756 ns
[2020-12-14T03:02:43.865+0000][6][safepoint    ] Safepoint "Cleanup", Time since last: 1000189013 ns, Reaching safepoint: 226307 ns, At safepoint: 20352 ns, Total: 246659 ns
[2020-12-14T03:02:44.865+0000][6][safepoint    ] Safepoint "Cleanup", Time since last: 1000181501 ns, Reaching safepoint: 248760 ns, At safepoint: 19247 ns, Total: 268007 ns
[2020-12-14T03:02:45.866+0000][6][safepoint    ] Safepoint "Cleanup", Time since last: 1000196047 ns, Reaching safepoint: 229805 ns, At safepoint: 18044 ns, Total: 247849 ns
[2020-12-14T03:02:46.866+0000][6][safepoint    ] Safepoint "Cleanup", Time since last: 1000189919 ns, Reaching safepoint: 282646 ns, At safepoint: 18977 ns, Total: 301623 ns
[2020-12-14T03:02:47.867+0000][6][safepoint    ] Safepoint "Cleanup", Time since last: 1000189113 ns, Reaching safepoint: 241031 ns, At safepoint: 17911 ns, Total: 258942 ns
[2020-12-14T03:02:48.867+0000][6][safepoint    ] Safepoint "Cleanup", Time since last: 1000187371 ns, Reaching safepoint: 225050 ns, At safepoint: 38625 ns, Total: 263675 ns
[2020-12-14T03:02:49.868+0000][6][safepoint    ] Safepoint "Cleanup", Time since last: 1000183500 ns, Reaching safepoint: 239728 ns, At safepoint: 19177 ns, Total: 258905 ns
[2020-12-14T03:02:50.868+0000][6][safepoint    ] Safepoint "Cleanup", Time since last: 1000187742 ns, Reaching safepoint: 231070 ns, At safepoint: 18597 ns, Total: 249667 ns
[2020-12-14T03:02:51.868+0000][6][safepoint    ] Safepoint "Cleanup", Time since last: 1000193014 ns, Reaching safepoint: 240856 ns, At safepoint: 19374 ns, Total: 260230 ns
[2020-12-14T03:02:52.869+0000][6][safepoint    ] Safepoint "Cleanup", Time since last: 1000200252 ns, Reaching safepoint: 244410 ns, At safepoint: 17474 ns, Total: 261884 ns
[2020-12-14T03:02:53.869+0000][6][safepoint    ] Safepoint "Cleanup", Time since last: 1000208043 ns, Reaching safepoint: 250140 ns, At safepoint: 18935 ns, Total: 269075 ns
[2020-12-14T03:02:54.870+0000][6][safepoint    ] Safepoint "Cleanup", Time since last: 1000183265 ns, Reaching safepoint: 233088 ns, At safepoint: 18494 ns, Total: 251582 ns
[2020-12-14T03:02:55.870+0000][6][safepoint    ] Safepoint "Cleanup", Time since last: 1000187789 ns, Reaching safepoint: 259246 ns, At safepoint: 18884 ns, Total: 278130 ns
[2020-12-14T03:02:56.871+0000][6][safepoint    ] Safepoint "Cleanup", Time since last: 1000191129 ns, Reaching safepoint: 235028 ns, At safepoint: 19375 ns, Total: 254403 ns
[2020-12-14T03:02:57.871+0000][6][safepoint    ] Safepoint "Cleanup", Time since last: 1000202937 ns, Reaching safepoint: 257688 ns, At safepoint: 20565 ns, Total: 278253 ns
[2020-12-14T03:02:58.872+0000][6][safepoint    ] Safepoint "Cleanup", Time since last: 1000189906 ns, Reaching safepoint: 262254 ns, At safepoint: 17862 ns, Total: 280116 ns
[2020-12-14T03:02:59.872+0000][6][safepoint    ] Safepoint "Cleanup", Time since last: 1000175873 ns, Reaching safepoint: 260188 ns, At safepoint: 18226 ns, Total: 278414 ns
[2020-12-14T03:03:00.873+0000][6][safepoint    ] Safepoint "Cleanup", Time since last: 1000185130 ns, Reaching safepoint: 225666 ns, At safepoint: 18618 ns, Total: 244284 ns
[2020-12-14T03:03:01.873+0000][6][safepoint    ] Safepoint "Cleanup", Time since last: 1000189536 ns, Reaching safepoint: 237236 ns, At safepoint: 24571 ns, Total: 261807 ns
[2020-12-14T03:03:02.874+0000][6][safepoint    ] Safepoint "Cleanup", Time since last: 1000272207 ns, Reaching safepoint: 231156 ns, At safepoint: 17924 ns, Total: 249080 ns
[2020-12-14T03:03:03.874+0000][6][safepoint    ] Safepoint "Cleanup", Time since last: 1000198507 ns, Reaching safepoint: 265803 ns, At safepoint: 30307 ns, Total: 296110 ns
[2020-12-14T03:03:04.875+0000][6][safepoint    ] Safepoint "Cleanup", Time since last: 1000241383 ns, Reaching safepoint: 248450 ns, At safepoint: 20939 ns, Total: 269389 ns
[2020-12-14T03:03:05.875+0000][6][safepoint    ] Safepoint "Cleanup", Time since last: 1000187881 ns, Reaching safepoint: 226433 ns, At safepoint: 20345 ns, Total: 246778 ns
[2020-12-14T03:03:06.875+0000][6][safepoint    ] Safepoint "Cleanup", Time since last: 1000190390 ns, Reaching safepoint: 230966 ns, At safepoint: 18864 ns, Total: 249830 ns
[2020-12-14T03:03:07.876+0000][6][safepoint    ] Safepoint "Cleanup", Time since last: 1000186988 ns, Reaching safepoint: 226830 ns, At safepoint: 20315 ns, Total: 247145 ns
[2020-12-14T03:03:08.876+0000][6][safepoint    ] Safepoint "Cleanup", Time since last: 1000187118 ns, Reaching safepoint: 299279 ns, At safepoint: 20028 ns, Total: 319307 ns
[2020-12-14T03:03:09.877+0000][6][safepoint    ] Safepoint "Cleanup", Time since last: 1000187098 ns, Reaching safepoint: 225659 ns, At safepoint: 21546 ns, Total: 247205 ns
[2020-12-14T03:03:11.603+0000][6][safepoint    ] Safepoint "Cleanup", Time since last: 1726007632 ns, Reaching safepoint: 234115 ns, At safepoint: 21812 ns, Total: 255927 ns
[2020-12-14T03:03:12.603+0000][6][safepoint    ] Safepoint "Cleanup", Time since last: 1000213226 ns, Reaching safepoint: 210561 ns, At safepoint: 18550 ns, Total: 229111 ns
[2020-12-14T03:03:13.604+0000][6][safepoint    ] Safepoint "Cleanup", Time since last: 1000186493 ns, Reaching safepoint: 264512 ns, At safepoint: 19358 ns, Total: 283870 ns
[2020-12-14T03:03:14.604+0000][6][safepoint    ] Safepoint "Cleanup", Time since last: 1000193855 ns, Reaching safepoint: 219629 ns, At safepoint: 18534 ns, Total: 238163 ns
[2020-12-14T03:03:15.605+0000][6][safepoint    ] Safepoint "Cleanup", Time since last: 1000184676 ns, Reaching safepoint: 233784 ns, At safepoint: 19128 ns, Total: 252912 ns
[2020-12-14T03:03:16.605+0000][6][safepoint    ] Safepoint "Cleanup", Time since last: 1000188417 ns, Reaching safepoint: 248250 ns, At safepoint: 19334 ns, Total: 267584 ns
[2020-12-14T03:03:17.606+0000][6][safepoint    ] Safepoint "Cleanup", Time since last: 1000190109 ns, Reaching safepoint: 221938 ns, At safepoint: 18350 ns, Total: 240288 ns
[2020-12-14T03:03:18.606+0000][6][safepoint    ] Safepoint "Cleanup", Time since last: 1000178839 ns, Reaching safepoint: 347276 ns, At safepoint: 18661 ns, Total: 365937 ns
[2020-12-14T03:03:19.607+0000][6][safepoint    ] Safepoint "Cleanup", Time since last: 1000178078 ns, Reaching safepoint: 241596 ns, At safepoint: 19044 ns, Total: 260640 ns
[2020-12-14T03:03:20.781+0000][6][safepoint    ] Safepoint "Cleanup", Time since last: 1173919417 ns, Reaching safepoint: 239295 ns, At safepoint: 19017 ns, Total: 258312 ns
[2020-12-14T03:03:21.781+0000][6][safepoint    ] Safepoint "Cleanup", Time since last: 1000230358 ns, Reaching safepoint: 226414 ns, At safepoint: 18704 ns, Total: 245118 ns
[2020-12-14T03:03:22.782+0000][6][safepoint    ] Safepoint "Cleanup", Time since last: 1000188624 ns, Reaching safepoint: 224072 ns, At safepoint: 20879 ns, Total: 244951 ns
[2020-12-14T03:03:23.782+0000][6][safepoint    ] Safepoint "Cleanup", Time since last: 1000188825 ns, Reaching safepoint: 266470 ns, At safepoint: 18684 ns, Total: 285154 ns
[2020-12-14T03:03:24.783+0000][6][safepoint    ] Safepoint "Cleanup", Time since last: 1000180793 ns, Reaching safepoint: 225003 ns, At safepoint: 18901 ns, Total: 243904 ns
[2020-12-14T03:03:25.783+0000][6][safepoint    ] Safepoint "Cleanup", Time since last: 1000187280 ns, Reaching safepoint: 335673 ns, At safepoint: 25068 ns, Total: 360741 ns
[2020-12-14T03:03:26.784+0000][6][safepoint    ] Safepoint "Cleanup", Time since last: 1000192656 ns, Reaching safepoint: 221748 ns, At safepoint: 19451 ns, Total: 241199 ns
[2020-12-14T03:03:28.182+0000][6][safepoint    ] Safepoint "Cleanup", Time since last: 1398283636 ns, Reaching safepoint: 235386 ns, At safepoint: 19287 ns, Total: 254673 ns
[2020-12-14T03:03:29.183+0000][6][safepoint    ] Safepoint "Cleanup", Time since last: 1000203320 ns, Reaching safepoint: 229372 ns, At safepoint: 18704 ns, Total: 248076 ns
[2020-12-14T03:03:30.894+0000][6][safepoint    ] Safepoint "Cleanup", Time since last: 1710669402 ns, Reaching safepoint: 244724 ns, At safepoint: 23200 ns, Total: 267924 ns
[2020-12-14T03:03:31.894+0000][6][safepoint    ] Safepoint "Cleanup", Time since last: 1000203085 ns, Reaching safepoint: 247890 ns, At safepoint: 17937 ns, Total: 265827 ns
[2020-12-14T03:03:32.895+0000][6][safepoint    ] Safepoint "Cleanup", Time since last: 1000205350 ns, Reaching safepoint: 225297 ns, At safepoint: 19434 ns, Total: 244731 ns
[2020-12-14T03:03:33.895+0000][6][safepoint    ] Safepoint "Cleanup", Time since last: 1000179897 ns, Reaching safepoint: 230689 ns, At safepoint: 19038 ns, Total: 249727 ns
[2020-12-14T03:03:34.895+0000][6][safepoint    ] Safepoint "Cleanup", Time since last: 1000182507 ns, Reaching safepoint: 239921 ns, At safepoint: 19138 ns, Total: 259059 ns
[2020-12-14T03:03:35.896+0000][6][safepoint    ] Safepoint "Cleanup", Time since last: 1000178309 ns, Reaching safepoint: 232783 ns, At safepoint: 18674 ns, Total: 251457 ns
[2020-12-14T03:03:36.896+0000][6][safepoint    ] Safepoint "Cleanup", Time since last: 1000178593 ns, Reaching safepoint: 248963 ns, At safepoint: 19107 ns, Total: 268070 ns
[2020-12-14T03:03:37.897+0000][6][safepoint    ] Safepoint "Cleanup", Time since last: 1000165175 ns, Reaching safepoint: 226260 ns, At safepoint: 17413 ns, Total: 243673 ns
[2020-12-14T03:03:38.897+0000][6][safepoint    ] Safepoint "Cleanup", Time since last: 1000182817 ns, Reaching safepoint: 259379 ns, At safepoint: 21622 ns, Total: 281001 ns
[2020-12-14T03:03:39.898+0000][6][safepoint    ] Safepoint "Cleanup", Time since last: 1000182455 ns, Reaching safepoint: 229712 ns, At safepoint: 19001 ns, Total: 248713 ns
[2020-12-14T03:03:40.898+0000][6][safepoint    ] Safepoint "Cleanup", Time since last: 1000194028 ns, Reaching safepoint: 222445 ns, At safepoint: 17627 ns, Total: 240072 ns
[2020-12-14T03:03:41.898+0000][6][safepoint    ] Safepoint "Cleanup", Time since last: 1000178758 ns, Reaching safepoint: 227264 ns, At safepoint: 19335 ns, Total: 246599 ns
[2020-12-14T03:03:42.899+0000][6][safepoint    ] Safepoint "Cleanup", Time since last: 1000179429 ns, Reaching safepoint: 228298 ns, At safepoint: 18987 ns, Total: 247285 ns
[2020-12-14T03:03:43.899+0000][6][safepoint    ] Safepoint "Cleanup", Time since last: 1000183592 ns, Reaching safepoint: 251275 ns, At safepoint: 19047 ns, Total: 270322 ns
[2020-12-14T03:03:44.900+0000][6][safepoint    ] Safepoint "Cleanup", Time since last: 1000176444 ns, Reaching safepoint: 238621 ns, At safepoint: 19107 ns, Total: 257728 ns
[2020-12-14T03:03:45.900+0000][6][safepoint    ] Safepoint "Cleanup", Time since last: 1000188742 ns, Reaching safepoint: 256534 ns, At safepoint: 19461 ns, Total: 275995 ns
[2020-12-14T03:03:46.901+0000][6][safepoint    ] Safepoint "Cleanup", Time since last: 1000183695 ns, Reaching safepoint: 239334 ns, At safepoint: 23756 ns, Total: 263090 ns
[2020-12-14T03:03:47.901+0000][6][safepoint    ] Safepoint "Cleanup", Time since last: 1000185444 ns, Reaching safepoint: 248449 ns, At safepoint: 19975 ns, Total: 268424 ns
[2020-12-14T03:03:48.902+0000][6][safepoint    ] Safepoint "Cleanup", Time since last: 1000195568 ns, Reaching safepoint: 226277 ns, At safepoint: 17228 ns, Total: 243505 ns
[2020-12-14T03:03:49.902+0000][6][safepoint    ] Safepoint "Cleanup", Time since last: 1000180467 ns, Reaching safepoint: 242417 ns, At safepoint: 17828 ns, Total: 260245 ns
[2020-12-14T03:03:50.902+0000][6][safepoint    ] Safepoint "Cleanup", Time since last: 1000186702 ns, Reaching safepoint: 239384 ns, At safepoint: 19208 ns, Total: 258592 ns
[2020-12-14T03:03:51.903+0000][6][safepoint    ] Safepoint "Cleanup", Time since last: 1000188635 ns, Reaching safepoint: 238624 ns, At safepoint: 17721 ns, Total: 256345 ns
[2020-12-14T03:03:52.903+0000][6][safepoint    ] Safepoint "Cleanup", Time since last: 1000213074 ns, Reaching safepoint: 223255 ns, At safepoint: 18684 ns, Total: 241939 ns
[2020-12-14T03:03:53.904+0000][6][safepoint    ] Safepoint "Cleanup", Time since last: 1000187931 ns, Reaching safepoint: 241176 ns, At safepoint: 18230 ns, Total: 259406 ns
[2020-12-14T03:03:54.904+0000][6][safepoint    ] Safepoint "Cleanup", Time since last: 1000173089 ns, Reaching safepoint: 253776 ns, At safepoint: 19108 ns, Total: 272884 ns
[2020-12-14T03:03:55.905+0000][6][safepoint    ] Safepoint "Cleanup", Time since last: 1000198679 ns, Reaching safepoint: 220137 ns, At safepoint: 18044 ns, Total: 238181 ns
[2020-12-14T03:03:56.905+0000][6][safepoint    ] Safepoint "Cleanup", Time since last: 1000189615 ns, Reaching safepoint: 241294 ns, At safepoint: 18475 ns, Total: 259769 ns
[2020-12-14T03:03:57.906+0000][6][safepoint    ] Safepoint "Cleanup", Time since last: 1000189229 ns, Reaching safepoint: 235138 ns, At safepoint: 18707 ns, Total: 253845 ns
[2020-12-14T03:03:58.906+0000][6][safepoint    ] Safepoint "Cleanup", Time since last: 1000190296 ns, Reaching safepoint: 228341 ns, At safepoint: 18934 ns, Total: 247275 ns
[2020-12-14T03:03:59.906+0000][6][safepoint    ] Safepoint "Cleanup", Time since last: 1000191662 ns, Reaching safepoint: 237080 ns, At safepoint: 18580 ns, Total: 255660 ns
[2020-12-14T03:04:00.907+0000][6][safepoint    ] Safepoint "Cleanup", Time since last: 1000187762 ns, Reaching safepoint: 230186 ns, At safepoint: 18457 ns, Total: 248643 ns
[2020-12-14T03:04:01.907+0000][6][safepoint    ] Safepoint "Cleanup", Time since last: 1000214531 ns, Reaching safepoint: 238271 ns, At safepoint: 17790 ns, Total: 256061 ns
[2020-12-14T03:04:02.908+0000][6][safepoint    ] Safepoint "Cleanup", Time since last: 1000188305 ns, Reaching safepoint: 228532 ns, At safepoint: 17389 ns, Total: 245921 ns
[2020-12-14T03:04:03.908+0000][6][safepoint    ] Safepoint "Cleanup", Time since last: 1000185737 ns, Reaching safepoint: 251274 ns, At safepoint: 17717 ns, Total: 268991 ns
[2020-12-14T03:04:04.909+0000][6][safepoint    ] Safepoint "Cleanup", Time since last: 1000182004 ns, Reaching safepoint: 265059 ns, At safepoint: 18424 ns, Total: 283483 ns
[2020-12-14T03:04:05.909+0000][6][safepoint    ] Safepoint "Cleanup", Time since last: 1000186984 ns, Reaching safepoint: 333308 ns, At safepoint: 19711 ns, Total: 353019 ns
[2020-12-14T03:04:06.910+0000][6][safepoint    ] Safepoint "Cleanup", Time since last: 1000182751 ns, Reaching safepoint: 220451 ns, At safepoint: 18600 ns, Total: 239051 ns
[2020-12-14T03:04:07.910+0000][6][safepoint    ] Safepoint "Cleanup", Time since last: 1000191226 ns, Reaching safepoint: 230559 ns, At safepoint: 17367 ns, Total: 247926 ns
[2020-12-14T03:04:08.911+0000][6][safepoint    ] Safepoint "Cleanup", Time since last: 1000188735 ns, Reaching safepoint: 222794 ns, At safepoint: 18388 ns, Total: 241182 ns
[2020-12-14T03:04:09.911+0000][6][safepoint    ] Safepoint "Cleanup", Time since last: 1000151453 ns, Reaching safepoint: 219416 ns, At safepoint: 18907 ns, Total: 238323 ns
[2020-12-14T03:04:10.911+0000][6][safepoint    ] Safepoint "Cleanup", Time since last: 1000189262 ns, Reaching safepoint: 234308 ns, At safepoint: 19214 ns, Total: 253522 ns
[2020-12-14T03:04:11.912+0000][6][safepoint    ] Safepoint "Cleanup", Time since last: 1000148851 ns, Reaching safepoint: 224086 ns, At safepoint: 19434 ns, Total: 243520 ns
[2020-12-14T03:04:12.912+0000][6][safepoint    ] Safepoint "Cleanup", Time since last: 1000181685 ns, Reaching safepoint: 245698 ns, At safepoint: 19247 ns, Total: 264945 ns
[2020-12-14T03:04:13.913+0000][6][safepoint    ] Safepoint "Cleanup", Time since last: 1000189717 ns, Reaching safepoint: 231807 ns, At safepoint: 19194 ns, Total: 251001 ns
[2020-12-14T03:04:14.913+0000][6][safepoint    ] Safepoint "Cleanup", Time since last: 1000183119 ns, Reaching safepoint: 230856 ns, At safepoint: 32926 ns, Total: 263782 ns
[2020-12-14T03:04:15.914+0000][6][safepoint    ] Safepoint "Cleanup", Time since last: 1000187681 ns, Reaching safepoint: 223895 ns, At safepoint: 21409 ns, Total: 245304 ns
[2020-12-14T03:04:16.914+0000][6][safepoint    ] Safepoint "Cleanup", Time since last: 1000199143 ns, Reaching safepoint: 219296 ns, At safepoint: 19661 ns, Total: 238957 ns
[2020-12-14T03:04:17.914+0000][6][safepoint    ] Safepoint "Cleanup", Time since last: 1000188866 ns, Reaching safepoint: 235505 ns, At safepoint: 20369 ns, Total: 255874 ns
[2020-12-14T03:04:18.915+0000][6][safepoint    ] Safepoint "Cleanup", Time since last: 1000187434 ns, Reaching safepoint: 224042 ns, At safepoint: 19424 ns, Total: 243466 ns
[2020-12-14T03:04:19.915+0000][6][safepoint    ] Safepoint "Cleanup", Time since last: 1000180309 ns, Reaching safepoint: 252011 ns, At safepoint: 19641 ns, Total: 271652 ns
[2020-12-14T03:04:20.782+0000][6][safepoint    ] Safepoint "BulkRevokeBias", Time since last: 865492860 ns, Reaching safepoint: 201701 ns, At safepoint: 1096752 ns, Total: 1298453 ns
[2020-12-14T03:04:21.785+0000][6][safepoint    ] Safepoint "Cleanup", Time since last: 1002282051 ns, Reaching safepoint: 228725 ns, At safepoint: 16468 ns, Total: 245193 ns
[2020-12-14T03:04:22.785+0000][6][safepoint    ] Safepoint "Cleanup", Time since last: 1000185860 ns, Reaching safepoint: 228928 ns, At safepoint: 19485 ns, Total: 248413 ns
[2020-12-14T03:04:23.785+0000][6][safepoint    ] Safepoint "Cleanup", Time since last: 1000208572 ns, Reaching safepoint: 234255 ns, At safepoint: 19321 ns, Total: 253576 ns
[2020-12-14T03:04:24.786+0000][6][safepoint    ] Safepoint "Cleanup", Time since last: 1000192363 ns, Reaching safepoint: 253429 ns, At safepoint: 19031 ns, Total: 272460 ns
[2020-12-14T03:04:25.786+0000][6][safepoint    ] Safepoint "Cleanup", Time since last: 1000139179 ns, Reaching safepoint: 233948 ns, At safepoint: 18977 ns, Total: 252925 ns
[2020-12-14T03:04:26.787+0000][6][safepoint    ] Safepoint "Cleanup", Time since last: 1000184118 ns, Reaching safepoint: 237397 ns, At safepoint: 19144 ns, Total: 256541 ns
[2020-12-14T03:04:28.244+0000][6][safepoint    ] Safepoint "Cleanup", Time since last: 1457391377 ns, Reaching safepoint: 225273 ns, At safepoint: 18173 ns, Total: 243446 ns
[2020-12-14T03:04:29.245+0000][6][safepoint    ] Safepoint "Cleanup", Time since last: 1000184256 ns, Reaching safepoint: 218353 ns, At safepoint: 19104 ns, Total: 237457 ns
[2020-12-14T03:04:30.928+0000][6][safepoint    ] Safepoint "Cleanup", Time since last: 1682749953 ns, Reaching safepoint: 234548 ns, At safepoint: 18664 ns, Total: 253212 ns
[2020-12-14T03:04:31.928+0000][6][safepoint    ] Safepoint "Cleanup", Time since last: 1000188679 ns, Reaching safepoint: 248133 ns, At safepoint: 20785 ns, Total: 268918 ns
[2020-12-14T03:04:32.929+0000][6][safepoint    ] Safepoint "Cleanup", Time since last: 1000186889 ns, Reaching safepoint: 225270 ns, At safepoint: 19071 ns, Total: 244341 ns
[2020-12-14T03:04:33.929+0000][6][safepoint    ] Safepoint "Cleanup", Time since last: 1000186309 ns, Reaching safepoint: 271626 ns, At safepoint: 19021 ns, Total: 290647 ns
[2020-12-14T03:04:34.930+0000][6][safepoint    ] Safepoint "Cleanup", Time since last: 1000158868 ns, Reaching safepoint: 237890 ns, At safepoint: 19161 ns, Total: 257051 ns
[2020-12-14T03:04:35.930+0000][6][safepoint    ] Safepoint "Cleanup", Time since last: 1000184038 ns, Reaching safepoint: 236900 ns, At safepoint: 36341 ns, Total: 273241 ns
[2020-12-14T03:04:36.931+0000][6][safepoint    ] Safepoint "Cleanup", Time since last: 1000148628 ns, Reaching safepoint: 283532 ns, At safepoint: 18999 ns, Total: 302531 ns
[2020-12-14T03:04:37.931+0000][6][safepoint    ] Safepoint "Cleanup", Time since last: 1000188910 ns, Reaching safepoint: 226847 ns, At safepoint: 19244 ns, Total: 246091 ns
[2020-12-14T03:04:38.931+0000][6][safepoint    ] Safepoint "Cleanup", Time since last: 1000188907 ns, Reaching safepoint: 222004 ns, At safepoint: 17900 ns, Total: 239904 ns
[2020-12-14T03:04:39.932+0000][6][safepoint    ] Safepoint "Cleanup", Time since last: 1000183413 ns, Reaching safepoint: 253547 ns, At safepoint: 17776 ns, Total: 271323 ns
[2020-12-14T03:04:40.932+0000][6][safepoint    ] Safepoint "Cleanup", Time since last: 1000196210 ns, Reaching safepoint: 258892 ns, At safepoint: 18934 ns, Total: 277826 ns
[2020-12-14T03:04:41.933+0000][6][safepoint    ] Safepoint "Cleanup", Time since last: 1000183451 ns, Reaching safepoint: 243987 ns, At safepoint: 20768 ns, Total: 264755 ns
[2020-12-14T03:04:42.933+0000][6][safepoint    ] Safepoint "Cleanup", Time since last: 1000183718 ns, Reaching safepoint: 243761 ns, At safepoint: 18839 ns, Total: 262600 ns
[2020-12-14T03:04:43.934+0000][6][safepoint    ] Safepoint "Cleanup", Time since last: 1000186089 ns, Reaching safepoint: 231323 ns, At safepoint: 19104 ns, Total: 250427 ns
[2020-12-14T03:04:44.934+0000][6][safepoint    ] Safepoint "Cleanup", Time since last: 1000179706 ns, Reaching safepoint: 254533 ns, At safepoint: 20025 ns, Total: 274558 ns
[2020-12-14T03:04:45.935+0000][6][safepoint    ] Safepoint "Cleanup", Time since last: 1000190515 ns, Reaching safepoint: 249747 ns, At safepoint: 19135 ns, Total: 268882 ns
[2020-12-14T03:04:46.935+0000][6][safepoint    ] Safepoint "Cleanup", Time since last: 1000188107 ns, Reaching safepoint: 230256 ns, At safepoint: 17393 ns, Total: 247649 ns
[2020-12-14T03:04:47.935+0000][6][safepoint    ] Safepoint "Cleanup", Time since last: 1000206641 ns, Reaching safepoint: 224649 ns, At safepoint: 18998 ns, Total: 243647 ns
[2020-12-14T03:04:48.936+0000][6][safepoint    ] Safepoint "Cleanup", Time since last: 1000189134 ns, Reaching safepoint: 227501 ns, At safepoint: 19444 ns, Total: 246945 ns
[2020-12-14T03:04:49.936+0000][6][safepoint    ] Safepoint "Cleanup", Time since last: 1000193642 ns, Reaching safepoint: 240839 ns, At safepoint: 19411 ns, Total: 260250 ns
[2020-12-14T03:04:50.937+0000][6][safepoint    ] Safepoint "Cleanup", Time since last: 1000185437 ns, Reaching safepoint: 236993 ns, At safepoint: 19251 ns, Total: 256244 ns
[2020-12-14T03:04:51.937+0000][6][safepoint    ] Safepoint "Cleanup", Time since last: 1000187346 ns, Reaching safepoint: 272251 ns, At safepoint: 18306 ns, Total: 290557 ns
[2020-12-14T03:04:52.938+0000][6][safepoint    ] Safepoint "Cleanup", Time since last: 1000187301 ns, Reaching safepoint: 239531 ns, At safepoint: 19094 ns, Total: 258625 ns
[2020-12-14T03:04:53.938+0000][6][safepoint    ] Safepoint "Cleanup", Time since last: 1000200100 ns, Reaching safepoint: 275659 ns, At safepoint: 19158 ns, Total: 294817 ns
[2020-12-14T03:04:54.939+0000][6][safepoint    ] Safepoint "Cleanup", Time since last: 1000183174 ns, Reaching safepoint: 233671 ns, At safepoint: 19235 ns, Total: 252906 ns
[2020-12-14T03:04:55.939+0000][6][safepoint    ] Safepoint "Cleanup", Time since last: 1000192119 ns, Reaching safepoint: 303211 ns, At safepoint: 20122 ns, Total: 323333 ns
[2020-12-14T03:04:56.940+0000][6][safepoint    ] Safepoint "Cleanup", Time since last: 1000186840 ns, Reaching safepoint: 235992 ns, At safepoint: 18878 ns, Total: 254870 ns
[2020-12-14T03:04:57.940+0000][6][safepoint    ] Safepoint "Cleanup", Time since last: 1000189274 ns, Reaching safepoint: 231759 ns, At safepoint: 17764 ns, Total: 249523 ns
[2020-12-14T03:04:58.941+0000][6][safepoint    ] Safepoint "Cleanup", Time since last: 1000208978 ns, Reaching safepoint: 235421 ns, At safepoint: 18273 ns, Total: 253694 ns
[2020-12-14T03:04:59.941+0000][6][safepoint    ] Safepoint "Cleanup", Time since last: 1000178613 ns, Reaching safepoint: 240852 ns, At safepoint: 18407 ns, Total: 259259 ns
[2020-12-14T03:05:00.941+0000][6][safepoint    ] Safepoint "Cleanup", Time since last: 1000199054 ns, Reaching safepoint: 233250 ns, At safepoint: 18281 ns, Total: 251531 ns
[2020-12-14T03:05:01.942+0000][6][safepoint    ] Safepoint "Cleanup", Time since last: 1000191422 ns, Reaching safepoint: 243803 ns, At safepoint: 20796 ns, Total: 264599 ns
[2020-12-14T03:05:02.942+0000][6][safepoint    ] Safepoint "Cleanup", Time since last: 1000200836 ns, Reaching safepoint: 298101 ns, At safepoint: 18624 ns, Total: 316725 ns
[2020-12-14T03:05:03.943+0000][6][safepoint    ] Safepoint "Cleanup", Time since last: 1000175030 ns, Reaching safepoint: 232700 ns, At safepoint: 18978 ns, Total: 251678 ns
[2020-12-14T03:05:04.943+0000][6][safepoint    ] Safepoint "Cleanup", Time since last: 1000183745 ns, Reaching safepoint: 252795 ns, At safepoint: 18374 ns, Total: 271169 ns
[2020-12-14T03:05:05.944+0000][6][safepoint    ] Safepoint "Cleanup", Time since last: 1000200942 ns, Reaching safepoint: 255418 ns, At safepoint: 18457 ns, Total: 273875 ns
[2020-12-14T03:05:06.944+0000][6][safepoint    ] Safepoint "Cleanup", Time since last: 1000179606 ns, Reaching safepoint: 335027 ns, At safepoint: 30377 ns, Total: 365404 ns
[2020-12-14T03:05:07.945+0000][6][safepoint    ] Safepoint "Cleanup", Time since last: 1000224496 ns, Reaching safepoint: 224429 ns, At safepoint: 18267 ns, Total: 242696 ns
[2020-12-14T03:05:08.945+0000][6][safepoint    ] Safepoint "Cleanup", Time since last: 1000195062 ns, Reaching safepoint: 255841 ns, At safepoint: 18544 ns, Total: 274385 ns
[2020-12-14T03:05:09.946+0000][6][safepoint    ] Safepoint "Cleanup", Time since last: 1000208048 ns, Reaching safepoint: 252572 ns, At safepoint: 18721 ns, Total: 271293 ns
[2020-12-14T03:05:10.946+0000][6][safepoint    ] Safepoint "Cleanup", Time since last: 1000202316 ns, Reaching safepoint: 294229 ns, At safepoint: 18597 ns, Total: 312826 ns
[2020-12-14T03:05:11.947+0000][6][safepoint    ] Safepoint "Cleanup", Time since last: 1000151443 ns, Reaching safepoint: 194045 ns, At safepoint: 14573 ns, Total: 208618 ns
[2020-12-14T03:05:12.947+0000][6][safepoint    ] Safepoint "Cleanup", Time since last: 1000169356 ns, Reaching safepoint: 237030 ns, At safepoint: 19144 ns, Total: 256174 ns
[2020-12-14T03:05:13.947+0000][6][safepoint    ] Safepoint "Cleanup", Time since last: 1000203498 ns, Reaching safepoint: 240682 ns, At safepoint: 19341 ns, Total: 260023 ns
[2020-12-14T03:05:14.948+0000][6][safepoint    ] Safepoint "Cleanup", Time since last: 1000185394 ns, Reaching safepoint: 238624 ns, At safepoint: 19227 ns, Total: 257851 ns
[2020-12-14T03:05:15.948+0000][6][safepoint    ] Safepoint "Cleanup", Time since last: 1000202876 ns, Reaching safepoint: 238297 ns, At safepoint: 19035 ns, Total: 257332 ns
[2020-12-14T03:05:16.949+0000][6][safepoint    ] Safepoint "Cleanup", Time since last: 1000182630 ns, Reaching safepoint: 219490 ns, At safepoint: 19708 ns, Total: 239198 ns
[2020-12-14T03:05:17.949+0000][6][safepoint    ] Safepoint "Cleanup", Time since last: 1000181583 ns, Reaching safepoint: 257024 ns, At safepoint: 18994 ns, Total: 276018 ns
[2020-12-14T03:05:18.950+0000][6][safepoint    ] Safepoint "Cleanup", Time since last: 1000190329 ns, Reaching safepoint: 241496 ns, At safepoint: 18950 ns, Total: 260446 ns
[2020-12-14T03:05:19.950+0000][6][safepoint    ] Safepoint "Cleanup", Time since last: 1000187091 ns, Reaching safepoint: 270599 ns, At safepoint: 19645 ns, Total: 290244 ns
[2020-12-14T03:05:20.951+0000][6][safepoint    ] Safepoint "Cleanup", Time since last: 1000190102 ns, Reaching safepoint: 226257 ns, At safepoint: 21279 ns, Total: 247536 ns
[2020-12-14T03:05:22.789+0000][6][safepoint    ] Safepoint "Cleanup", Time since last: 1837678451 ns, Reaching safepoint: 239988 ns, At safepoint: 17604 ns, Total: 257592 ns
[2020-12-14T03:05:23.789+0000][6][safepoint    ] Safepoint "Cleanup", Time since last: 1000185989 ns, Reaching safepoint: 273274 ns, At safepoint: 17006 ns, Total: 290280 ns
[2020-12-14T03:05:24.790+0000][6][safepoint    ] Safepoint "Cleanup", Time since last: 1000207199 ns, Reaching safepoint: 296420 ns, At safepoint: 18851 ns, Total: 315271 ns
[2020-12-14T03:05:25.790+0000][6][safepoint    ] Safepoint "Cleanup", Time since last: 1000186393 ns, Reaching safepoint: 225720 ns, At safepoint: 18391 ns, Total: 244111 ns
[2020-12-14T03:05:26.790+0000][6][safepoint    ] Safepoint "Cleanup", Time since last: 1000187970 ns, Reaching safepoint: 229449 ns, At safepoint: 18724 ns, Total: 248173 ns
[2020-12-14T03:05:27.293+0000][6][safepoint    ] Safepoint "BulkRevokeBias", Time since last: 501284099 ns, Reaching safepoint: 191588 ns, At safepoint: 938757 ns, Total: 1130345 ns
[2020-12-14T03:05:28.310+0000][6][safepoint    ] Safepoint "Cleanup", Time since last: 1016849899 ns, Reaching safepoint: 229648 ns, At safepoint: 20402 ns, Total: 250050 ns
[2020-12-14T03:05:29.310+0000][6][safepoint    ] Safepoint "Cleanup", Time since last: 1000188421 ns, Reaching safepoint: 246462 ns, At safepoint: 23643 ns, Total: 270105 ns
[2020-12-14T03:05:29.963+0000][6][safepoint    ] Safepoint "BulkRevokeBias", Time since last: 651483333 ns, Reaching safepoint: 238579 ns, At safepoint: 1059307 ns, Total: 1297886 ns
[2020-12-14T03:05:30.964+0000][6][safepoint    ] Safepoint "Cleanup", Time since last: 1000182973 ns, Reaching safepoint: 237090 ns, At safepoint: 17650 ns, Total: 254740 ns
[2020-12-14T03:05:31.964+0000][6][safepoint    ] Safepoint "Cleanup", Time since last: 1000192756 ns, Reaching safepoint: 237020 ns, At safepoint: 17473 ns, Total: 254493 ns
[2020-12-14T03:05:32.965+0000][6][safepoint    ] Safepoint "Cleanup", Time since last: 1000230339 ns, Reaching safepoint: 235369 ns, At safepoint: 19304 ns, Total: 254673 ns
[2020-12-14T03:05:33.965+0000][6][safepoint    ] Safepoint "Cleanup", Time since last: 1000198637 ns, Reaching safepoint: 231343 ns, At safepoint: 18180 ns, Total: 249523 ns
[2020-12-14T03:05:34.965+0000][6][safepoint    ] Safepoint "Cleanup", Time since last: 1000188941 ns, Reaching safepoint: 245305 ns, At safepoint: 18395 ns, Total: 263700 ns
[2020-12-14T03:05:35.966+0000][6][safepoint    ] Safepoint "Cleanup", Time since last: 1000196430 ns, Reaching safepoint: 256421 ns, At safepoint: 21046 ns, Total: 277467 ns
[2020-12-14T03:05:36.966+0000][6][safepoint    ] Safepoint "Cleanup", Time since last: 1000192302 ns, Reaching safepoint: 217558 ns, At safepoint: 19311 ns, Total: 236869 ns
[2020-12-14T03:05:37.967+0000][6][safepoint    ] Safepoint "Cleanup", Time since last: 1000184500 ns, Reaching safepoint: 236719 ns, At safepoint: 18798 ns, Total: 255517 ns
[2020-12-14T03:05:38.967+0000][6][safepoint    ] Safepoint "Cleanup", Time since last: 1000188231 ns, Reaching safepoint: 250321 ns, At safepoint: 19708 ns, Total: 270029 ns
[2020-12-14T03:05:39.968+0000][6][safepoint    ] Safepoint "Cleanup", Time since last: 1000180810 ns, Reaching safepoint: 222177 ns, At safepoint: 20175 ns, Total: 242352 ns
[2020-12-14T03:05:40.968+0000][6][safepoint    ] Safepoint "Cleanup", Time since last: 1000187104 ns, Reaching safepoint: 233798 ns, At safepoint: 17437 ns, Total: 251235 ns
[2020-12-14T03:05:41.968+0000][6][safepoint    ] Safepoint "Cleanup", Time since last: 1000146043 ns, Reaching safepoint: 223057 ns, At safepoint: 17675 ns, Total: 240732 ns
[2020-12-14T03:05:42.969+0000][6][safepoint    ] Safepoint "Cleanup", Time since last: 1000180960 ns, Reaching safepoint: 229835 ns, At safepoint: 17951 ns, Total: 247786 ns
[2020-12-14T03:05:43.969+0000][6][safepoint    ] Safepoint "Cleanup", Time since last: 1000187143 ns, Reaching safepoint: 227094 ns, At safepoint: 19261 ns, Total: 246355 ns
[2020-12-14T03:05:44.970+0000][6][safepoint    ] Safepoint "Cleanup", Time since last: 1000188951 ns, Reaching safepoint: 231480 ns, At safepoint: 19278 ns, Total: 250758 ns
[2020-12-14T03:05:45.970+0000][6][safepoint    ] Safepoint "Cleanup", Time since last: 1000196802 ns, Reaching safepoint: 254577 ns, At safepoint: 17502 ns, Total: 272079 ns
[2020-12-14T03:05:46.971+0000][6][safepoint    ] Safepoint "Cleanup", Time since last: 1000185686 ns, Reaching safepoint: 225229 ns, At safepoint: 18955 ns, Total: 244184 ns
[2020-12-14T03:05:47.971+0000][6][safepoint    ] Safepoint "Cleanup", Time since last: 1000180060 ns, Reaching safepoint: 308364 ns, At safepoint: 19878 ns, Total: 328242 ns
[2020-12-14T03:05:48.972+0000][6][safepoint    ] Safepoint "Cleanup", Time since last: 1000188685 ns, Reaching safepoint: 211828 ns, At safepoint: 18691 ns, Total: 230519 ns
[2020-12-14T03:05:49.972+0000][6][safepoint    ] Safepoint "Cleanup", Time since last: 1000185069 ns, Reaching safepoint: 226907 ns, At safepoint: 17164 ns, Total: 244071 ns
[2020-12-14T03:05:50.972+0000][6][safepoint    ] Safepoint "Cleanup", Time since last: 1000208842 ns, Reaching safepoint: 228154 ns, At safepoint: 19151 ns, Total: 247305 ns
[2020-12-14T03:05:51.973+0000][6][safepoint    ] Safepoint "Cleanup", Time since last: 1000200202 ns, Reaching safepoint: 230786 ns, At safepoint: 19134 ns, Total: 249920 ns
[2020-12-14T03:05:52.973+0000][6][safepoint    ] Safepoint "Cleanup", Time since last: 1000186871 ns, Reaching safepoint: 224775 ns, At safepoint: 18808 ns, Total: 243583 ns
[2020-12-14T03:05:53.974+0000][6][safepoint    ] Safepoint "Cleanup", Time since last: 1000164183 ns, Reaching safepoint: 227524 ns, At safepoint: 17837 ns, Total: 245361 ns
[2020-12-14T03:05:54.974+0000][6][safepoint    ] Safepoint "Cleanup", Time since last: 1000188979 ns, Reaching safepoint: 311018 ns, At safepoint: 20255 ns, Total: 331273 ns
[2020-12-14T03:05:55.975+0000][6][safepoint    ] Safepoint "Cleanup", Time since last: 1000181574 ns, Reaching safepoint: 224406 ns, At safepoint: 17794 ns, Total: 242200 ns
[2020-12-14T03:05:56.975+0000][6][safepoint    ] Safepoint "Cleanup", Time since last: 1000181759 ns, Reaching safepoint: 302444 ns, At safepoint: 19408 ns, Total: 321852 ns
[2020-12-14T03:05:57.976+0000][6][safepoint    ] Safepoint "Cleanup", Time since last: 1000183330 ns, Reaching safepoint: 247152 ns, At safepoint: 19075 ns, Total: 266227 ns
[2020-12-14T03:05:58.976+0000][6][safepoint    ] Safepoint "Cleanup", Time since last: 1000188582 ns, Reaching safepoint: 294970 ns, At safepoint: 22106 ns, Total: 317076 ns
[2020-12-14T03:05:59.977+0000][6][safepoint    ] Safepoint "Cleanup", Time since last: 1000173669 ns, Reaching safepoint: 233491 ns, At safepoint: 18804 ns, Total: 252295 ns
[2020-12-14T03:06:00.977+0000][6][safepoint    ] Safepoint "Cleanup", Time since last: 1000196779 ns, Reaching safepoint: 231842 ns, At safepoint: 16351 ns, Total: 248193 ns
[2020-12-14T03:06:01.978+0000][6][safepoint    ] Safepoint "Cleanup", Time since last: 1000203699 ns, Reaching safepoint: 238807 ns, At safepoint: 17767 ns, Total: 256574 ns
[2020-12-14T03:06:02.978+0000][6][safepoint    ] Safepoint "Cleanup", Time since last: 1000182281 ns, Reaching safepoint: 232941 ns, At safepoint: 18530 ns, Total: 251471 ns
[2020-12-14T03:06:04.521+0000][6][safepoint    ] Safepoint "Cleanup", Time since last: 1542459214 ns, Reaching safepoint: 241745 ns, At safepoint: 18688 ns, Total: 260433 ns
[2020-12-14T03:06:05.521+0000][6][safepoint    ] Safepoint "Cleanup", Time since last: 1000190569 ns, Reaching safepoint: 289353 ns, At safepoint: 22583 ns, Total: 311936 ns
[2020-12-14T03:06:06.522+0000][6][safepoint    ] Safepoint "Cleanup", Time since last: 1000186972 ns, Reaching safepoint: 221201 ns, At safepoint: 18407 ns, Total: 239608 ns
[2020-12-14T03:06:07.522+0000][6][safepoint    ] Safepoint "Cleanup", Time since last: 1000188242 ns, Reaching safepoint: 226397 ns, At safepoint: 17393 ns, Total: 243790 ns
[2020-12-14T03:06:08.522+0000][6][safepoint    ] Safepoint "Cleanup", Time since last: 1000206965 ns, Reaching safepoint: 238467 ns, At safepoint: 18671 ns, Total: 257138 ns
[2020-12-14T03:06:09.523+0000][6][safepoint    ] Safepoint "Cleanup", Time since last: 1000187354 ns, Reaching safepoint: 234768 ns, At safepoint: 18651 ns, Total: 253419 ns
[2020-12-14T03:06:10.523+0000][6][safepoint    ] Safepoint "Cleanup", Time since last: 1000187486 ns, Reaching safepoint: 240596 ns, At safepoint: 17968 ns, Total: 258564 ns
[2020-12-14T03:06:11.524+0000][6][safepoint    ] Safepoint "Cleanup", Time since last: 1000185438 ns, Reaching safepoint: 228868 ns, At safepoint: 19251 ns, Total: 248119 ns
[2020-12-14T03:06:12.524+0000][6][safepoint    ] Safepoint "Cleanup", Time since last: 1000191266 ns, Reaching safepoint: 256791 ns, At safepoint: 20766 ns, Total: 277557 ns
[2020-12-14T03:06:13.525+0000][6][safepoint    ] Safepoint "Cleanup", Time since last: 1000196609 ns, Reaching safepoint: 206198 ns, At safepoint: 17890 ns, Total: 224088 ns
[2020-12-14T03:06:14.525+0000][6][safepoint    ] Safepoint "Cleanup", Time since last: 1000186199 ns, Reaching safepoint: 269736 ns, At safepoint: 30958 ns, Total: 300694 ns
[2020-12-14T03:06:15.526+0000][6][safepoint    ] Safepoint "Cleanup", Time since last: 1000207939 ns, Reaching safepoint: 223645 ns, At safepoint: 18834 ns, Total: 242479 ns
[2020-12-14T03:06:16.526+0000][6][safepoint    ] Safepoint "Cleanup", Time since last: 1000189899 ns, Reaching safepoint: 241182 ns, At safepoint: 18237 ns, Total: 259419 ns
[2020-12-14T03:06:17.527+0000][6][safepoint    ] Safepoint "Cleanup", Time since last: 1000216449 ns, Reaching safepoint: 223372 ns, At safepoint: 18497 ns, Total: 241869 ns
[2020-12-14T03:06:18.527+0000][6][safepoint    ] Safepoint "Cleanup", Time since last: 1000189696 ns, Reaching safepoint: 226560 ns, At safepoint: 20746 ns, Total: 247306 ns
[2020-12-14T03:06:19.527+0000][6][safepoint    ] Safepoint "Cleanup", Time since last: 1000211068 ns, Reaching safepoint: 226123 ns, At safepoint: 19134 ns, Total: 245257 ns
[2020-12-14T03:06:20.528+0000][6][safepoint    ] Safepoint "Cleanup", Time since last: 1000188884 ns, Reaching safepoint: 228538 ns, At safepoint: 30693 ns, Total: 259231 ns
[2020-12-14T03:06:21.528+0000][6][safepoint    ] Safepoint "Cleanup", Time since last: 1000204401 ns, Reaching safepoint: 218168 ns, At safepoint: 18334 ns, Total: 236502 ns
[2020-12-14T03:06:22.529+0000][6][safepoint    ] Safepoint "Cleanup", Time since last: 1000152575 ns, Reaching safepoint: 240772 ns, At safepoint: 17924 ns, Total: 258696 ns
[2020-12-14T03:06:23.779+0000][6][safepoint    ] Safepoint "Cleanup", Time since last: 1250182343 ns, Reaching safepoint: 255050 ns, At safepoint: 19398 ns, Total: 274448 ns
[2020-12-14T03:06:24.780+0000][6][safepoint    ] Safepoint "Cleanup", Time since last: 1000156962 ns, Reaching safepoint: 260903 ns, At safepoint: 19181 ns, Total: 280084 ns
[2020-12-14T03:06:25.780+0000][6][safepoint    ] Safepoint "Cleanup", Time since last: 1000170231 ns, Reaching safepoint: 235969 ns, At safepoint: 36277 ns, Total: 272246 ns
[2020-12-14T03:06:26.780+0000][6][safepoint    ] Safepoint "Cleanup", Time since last: 1000160475 ns, Reaching safepoint: 225333 ns, At safepoint: 18581 ns, Total: 243914 ns
[2020-12-14T03:06:28.372+0000][6][safepoint    ] Safepoint "Cleanup", Time since last: 1591460533 ns, Reaching safepoint: 255010 ns, At safepoint: 25545 ns, Total: 280555 ns
[2020-12-14T03:06:29.373+0000][6][safepoint    ] Safepoint "Cleanup", Time since last: 1000185946 ns, Reaching safepoint: 254449 ns, At safepoint: 18334 ns, Total: 272783 ns
[2020-12-14T03:06:30.000+0000][6][safepoint    ] Safepoint "BulkRevokeBias", Time since last: 625923916 ns, Reaching safepoint: 274010 ns, At safepoint: 1002739 ns, Total: 1276749 ns
[2020-12-14T03:06:31.020+0000][6][safepoint    ] Safepoint "Cleanup", Time since last: 1020344291 ns, Reaching safepoint: 224929 ns, At safepoint: 24201 ns, Total: 249130 ns
[2020-12-14T03:06:31.034+0000][6][gc,start     ] GC(56) Pause Young (Normal) (G1 Evacuation Pause)
[2020-12-14T03:06:31.034+0000][6][gc,task      ] GC(56) Using 10 workers of 10 for evacuation
[2020-12-14T03:06:31.034+0000][6][gc,age       ] GC(56) Desired survivor size 26214400 bytes, new threshold 15 (max threshold 15)
[2020-12-14T03:06:31.053+0000][6][gc,age       ] GC(56) Age table with threshold 15 (max threshold 15)
[2020-12-14T03:06:31.053+0000][6][gc,age       ] GC(56) - age   1:     994744 bytes,     994744 total
[2020-12-14T03:06:31.053+0000][6][gc,age       ] GC(56) - age   2:      18424 bytes,    1013168 total
[2020-12-14T03:06:31.053+0000][6][gc,age       ] GC(56) - age   3:      89752 bytes,    1102920 total
[2020-12-14T03:06:31.053+0000][6][gc,age       ] GC(56) - age   4:     264376 bytes,    1367296 total
[2020-12-14T03:06:31.053+0000][6][gc,age       ] GC(56) - age   5:    1040360 bytes,    2407656 total
[2020-12-14T03:06:31.053+0000][6][gc,age       ] GC(56) - age   6:    9020352 bytes,   11428008 total
[2020-12-14T03:06:31.053+0000][6][gc,age       ] GC(56) - age   7:    9962784 bytes,   21390792 total
[2020-12-14T03:06:31.053+0000][6][gc,phases    ] GC(56)   Pre Evacuate Collection Set: 0.2ms
[2020-12-14T03:06:31.054+0000][6][gc,phases    ] GC(56)   Merge Heap Roots: 0.2ms
[2020-12-14T03:06:31.054+0000][6][gc,phases    ] GC(56)   Evacuate Collection Set: 17.0ms
[2020-12-14T03:06:31.054+0000][6][gc,phases    ] GC(56)   Post Evacuate Collection Set: 1.6ms
[2020-12-14T03:06:31.054+0000][6][gc,phases    ] GC(56)   Other: 0.5ms
[2020-12-14T03:06:31.054+0000][6][gc,heap      ] GC(56) Eden regions: 372->0(372)
[2020-12-14T03:06:31.054+0000][6][gc,heap      ] GC(56) Survivor regions: 23->23(50)
[2020-12-14T03:06:31.054+0000][6][gc,heap      ] GC(56) Old regions: 101->101
[2020-12-14T03:06:31.054+0000][6][gc,heap      ] GC(56) Archive regions: 2->2
[2020-12-14T03:06:31.054+0000][6][gc,heap      ] GC(56) Humongous regions: 73->73
[2020-12-14T03:06:31.054+0000][6][gc,metaspace ] GC(56) Metaspace: 76443K(81308K)->76443K(81308K) NonClass: 66820K(69632K)->66820K(69632K) Class: 9623K(11676K)->9623K(11676K)
[2020-12-14T03:06:31.054+0000][6][gc           ] GC(56) Pause Young (Normal) (G1 Evacuation Pause) 568M->196M(793M) 19.687ms
[2020-12-14T03:06:31.054+0000][6][gc,cpu       ] GC(56) User=0.17s Sys=0.00s Real=0.02s
[2020-12-14T03:06:31.054+0000][6][safepoint    ] Safepoint "G1CollectForAllocation", Time since last: 13282372 ns, Reaching safepoint: 184853 ns, At safepoint: 19838634 ns, Total: 20023487 ns
[2020-12-14T03:06:32.054+0000][6][safepoint    ] Safepoint "Cleanup", Time since last: 1000147181 ns, Reaching safepoint: 253733 ns, At safepoint: 19267 ns, Total: 273000 ns
[2020-12-14T03:06:33.055+0000][6][safepoint    ] Safepoint "Cleanup", Time since last: 1000190442 ns, Reaching safepoint: 233571 ns, At safepoint: 18594 ns, Total: 252165 ns
[2020-12-14T03:06:34.055+0000][6][safepoint    ] Safepoint "Cleanup", Time since last: 1000197916 ns, Reaching safepoint: 233337 ns, At safepoint: 18426 ns, Total: 251763 ns
[2020-12-14T03:06:35.056+0000][6][safepoint    ] Safepoint "Cleanup", Time since last: 1000187283 ns, Reaching safepoint: 225450 ns, At safepoint: 21762 ns, Total: 247212 ns
[2020-12-14T03:06:36.056+0000][6][safepoint    ] Safepoint "Cleanup", Time since last: 1000191623 ns, Reaching safepoint: 291888 ns, At safepoint: 20428 ns, Total: 312316 ns
[2020-12-14T03:06:37.056+0000][6][safepoint    ] Safepoint "Cleanup", Time since last: 1000210707 ns, Reaching safepoint: 217939 ns, At safepoint: 21669 ns, Total: 239608 ns
[2020-12-14T03:06:38.057+0000][6][safepoint    ] Safepoint "Cleanup", Time since last: 1000191492 ns, Reaching safepoint: 291474 ns, At safepoint: 20119 ns, Total: 311593 ns
[2020-12-14T03:06:39.057+0000][6][safepoint    ] Safepoint "Cleanup", Time since last: 1000200083 ns, Reaching safepoint: 219076 ns, At safepoint: 24447 ns, Total: 243523 ns
[2020-12-14T03:06:40.058+0000][6][safepoint    ] Safepoint "Cleanup", Time since last: 1000184257 ns, Reaching safepoint: 268704 ns, At safepoint: 77949 ns, Total: 346653 ns
[2020-12-14T03:06:41.058+0000][6][safepoint    ] Safepoint "Cleanup", Time since last: 1000180126 ns, Reaching safepoint: 177342 ns, At safepoint: 17744 ns, Total: 195086 ns
[2020-12-14T03:06:42.059+0000][6][safepoint    ] Safepoint "Cleanup", Time since last: 1000168350 ns, Reaching safepoint: 209038 ns, At safepoint: 16834 ns, Total: 225872 ns
[2020-12-14T03:06:43.059+0000][6][safepoint    ] Safepoint "Cleanup", Time since last: 1000188569 ns, Reaching safepoint: 252221 ns, At safepoint: 20004 ns, Total: 272225 ns
[2020-12-14T03:06:44.060+0000][6][safepoint    ] Safepoint "Cleanup", Time since last: 1000188045 ns, Reaching safepoint: 237406 ns, At safepoint: 21169 ns, Total: 258575 ns
[2020-12-14T03:06:45.060+0000][6][safepoint    ] Safepoint "Cleanup", Time since last: 1000198143 ns, Reaching safepoint: 219010 ns, At safepoint: 44498 ns, Total: 263508 ns
[2020-12-14T03:06:46.061+0000][6][safepoint    ] Safepoint "Cleanup", Time since last: 1000197776 ns, Reaching safepoint: 245314 ns, At safepoint: 20052 ns, Total: 265366 ns
[2020-12-14T03:06:47.061+0000][6][safepoint    ] Safepoint "Cleanup", Time since last: 1000181851 ns, Reaching safepoint: 226030 ns, At safepoint: 21976 ns, Total: 248006 ns
[2020-12-14T03:06:48.061+0000][6][safepoint    ] Safepoint "Cleanup", Time since last: 1000177198 ns, Reaching safepoint: 214330 ns, At safepoint: 18413 ns, Total: 232743 ns
[2020-12-14T03:06:49.062+0000][6][safepoint    ] Safepoint "Cleanup", Time since last: 1000198134 ns, Reaching safepoint: 219803 ns, At safepoint: 18190 ns, Total: 237993 ns
[2020-12-14T03:06:50.062+0000][6][safepoint    ] Safepoint "Cleanup", Time since last: 1000185827 ns, Reaching safepoint: 247078 ns, At safepoint: 19662 ns, Total: 266740 ns
[2020-12-14T03:06:51.063+0000][6][safepoint    ] Safepoint "Cleanup", Time since last: 1000187279 ns, Reaching safepoint: 249243 ns, At safepoint: 18851 ns, Total: 268094 ns
[2020-12-14T03:06:52.063+0000][6][safepoint    ] Safepoint "Cleanup", Time since last: 1000190130 ns, Reaching safepoint: 245338 ns, At safepoint: 18560 ns, Total: 263898 ns
[2020-12-14T03:06:53.064+0000][6][safepoint    ] Safepoint "Cleanup", Time since last: 1000194015 ns, Reaching safepoint: 219045 ns, At safepoint: 18615 ns, Total: 237660 ns
[2020-12-14T03:06:54.064+0000][6][safepoint    ] Safepoint "Cleanup", Time since last: 1000187783 ns, Reaching safepoint: 226003 ns, At safepoint: 45703 ns, Total: 271706 ns
[2020-12-14T03:06:55.065+0000][6][safepoint    ] Safepoint "Cleanup", Time since last: 1000187371 ns, Reaching safepoint: 257905 ns, At safepoint: 18717 ns, Total: 276622 ns
[2020-12-14T03:06:56.065+0000][6][safepoint    ] Safepoint "Cleanup", Time since last: 1000179940 ns, Reaching safepoint: 225836 ns, At safepoint: 18698 ns, Total: 244534 ns
[2020-12-14T03:06:57.065+0000][6][safepoint    ] Safepoint "Cleanup", Time since last: 1000189431 ns, Reaching safepoint: 242062 ns, At safepoint: 18628 ns, Total: 260690 ns
[2020-12-14T03:06:58.066+0000][6][safepoint    ] Safepoint "Cleanup", Time since last: 1000199153 ns, Reaching safepoint: 233546 ns, At safepoint: 17505 ns, Total: 251051 ns
[2020-12-14T03:06:59.066+0000][6][safepoint    ] Safepoint "Cleanup", Time since last: 1000203053 ns, Reaching safepoint: 227598 ns, At safepoint: 18517 ns, Total: 246115 ns
[2020-12-14T03:07:00.067+0000][6][safepoint    ] Safepoint "Cleanup", Time since last: 1000185480 ns, Reaching safepoint: 233227 ns, At safepoint: 18647 ns, Total: 251874 ns
[2020-12-14T03:07:01.067+0000][6][safepoint    ] Safepoint "Cleanup", Time since last: 1000184239 ns, Reaching safepoint: 246629 ns, At safepoint: 18817 ns, Total: 265446 ns
[2020-12-14T03:07:02.068+0000][6][safepoint    ] Safepoint "Cleanup", Time since last: 1000191559 ns, Reaching safepoint: 221908 ns, At safepoint: 18611 ns, Total: 240519 ns
[2020-12-14T03:07:03.068+0000][6][safepoint    ] Safepoint "Cleanup", Time since last: 1000189875 ns, Reaching safepoint: 233708 ns, At safepoint: 17657 ns, Total: 251365 ns
[2020-12-14T03:07:04.069+0000][6][safepoint    ] Safepoint "Cleanup", Time since last: 1000188337 ns, Reaching safepoint: 235760 ns, At safepoint: 17739 ns, Total: 253499 ns
[2020-12-14T03:07:05.069+0000][6][safepoint    ] Safepoint "Cleanup", Time since last: 1000183635 ns, Reaching safepoint: 230556 ns, At safepoint: 18647 ns, Total: 249203 ns
[2020-12-14T03:07:06.069+0000][6][safepoint    ] Safepoint "Cleanup", Time since last: 1000188001 ns, Reaching safepoint: 233621 ns, At safepoint: 18814 ns, Total: 252435 ns
[2020-12-14T03:07:07.070+0000][6][safepoint    ] Safepoint "Cleanup", Time since last: 1000189045 ns, Reaching safepoint: 175721 ns, At safepoint: 18420 ns, Total: 194141 ns
[2020-12-14T03:07:08.070+0000][6][safepoint    ] Safepoint "Cleanup", Time since last: 1000197887 ns, Reaching safepoint: 233918 ns, At safepoint: 18147 ns, Total: 252065 ns
[2020-12-14T03:07:09.071+0000][6][safepoint    ] Safepoint "Cleanup", Time since last: 1000182327 ns, Reaching safepoint: 219936 ns, At safepoint: 18791 ns, Total: 238727 ns
[2020-12-14T03:07:10.071+0000][6][safepoint    ] Safepoint "Cleanup", Time since last: 1000184943 ns, Reaching safepoint: 226811 ns, At safepoint: 18810 ns, Total: 245621 ns
[2020-12-14T03:07:11.999+0000][6][safepoint    ] Safepoint "Cleanup", Time since last: 1927960899 ns, Reaching safepoint: 265175 ns, At safepoint: 20752 ns, Total: 285927 ns
[2020-12-14T03:07:13.000+0000][6][safepoint    ] Safepoint "Cleanup", Time since last: 1000218078 ns, Reaching safepoint: 254080 ns, At safepoint: 19587 ns, Total: 273667 ns
[2020-12-14T03:07:14.000+0000][6][safepoint    ] Safepoint "Cleanup", Time since last: 1000186934 ns, Reaching safepoint: 257348 ns, At safepoint: 20829 ns, Total: 278177 ns
[2020-12-14T03:07:15.001+0000][6][safepoint    ] Safepoint "Cleanup", Time since last: 1000206440 ns, Reaching safepoint: 221384 ns, At safepoint: 17960 ns, Total: 239344 ns
[2020-12-14T03:07:16.001+0000][6][safepoint    ] Safepoint "Cleanup", Time since last: 1000186715 ns, Reaching safepoint: 278854 ns, At safepoint: 19547 ns, Total: 298401 ns
[2020-12-14T03:07:17.002+0000][6][safepoint    ] Safepoint "Cleanup", Time since last: 1000194048 ns, Reaching safepoint: 228568 ns, At safepoint: 18727 ns, Total: 247295 ns
[2020-12-14T03:07:18.002+0000][6][safepoint    ] Safepoint "Cleanup", Time since last: 1000176218 ns, Reaching safepoint: 304360 ns, At safepoint: 18217 ns, Total: 322577 ns
[2020-12-14T03:07:19.003+0000][6][safepoint    ] Safepoint "Cleanup", Time since last: 1000199259 ns, Reaching safepoint: 229728 ns, At safepoint: 18214 ns, Total: 247942 ns
[2020-12-14T03:07:20.003+0000][6][safepoint    ] Safepoint "Cleanup", Time since last: 1000195845 ns, Reaching safepoint: 236360 ns, At safepoint: 75650 ns, Total: 312010 ns
[2020-12-14T03:07:21.004+0000][6][safepoint    ] Safepoint "Cleanup", Time since last: 1000196325 ns, Reaching safepoint: 222535 ns, At safepoint: 31861 ns, Total: 254396 ns
[2020-12-14T03:07:22.004+0000][6][safepoint    ] Safepoint "Cleanup", Time since last: 1000188034 ns, Reaching safepoint: 221211 ns, At safepoint: 18774 ns, Total: 239985 ns
[2020-12-14T03:07:23.005+0000][6][safepoint    ] Safepoint "Cleanup", Time since last: 1000258582 ns, Reaching safepoint: 230886 ns, At safepoint: 18901 ns, Total: 249787 ns
[2020-12-14T03:07:24.767+0000][6][safepoint    ] Safepoint "Cleanup", Time since last: 1761779752 ns, Reaching safepoint: 247612 ns, At safepoint: 18614 ns, Total: 266226 ns
[2020-12-14T03:07:25.767+0000][6][safepoint    ] Safepoint "Cleanup", Time since last: 1000159851 ns, Reaching safepoint: 228608 ns, At safepoint: 19095 ns, Total: 247703 ns
[2020-12-14T03:07:26.767+0000][6][safepoint    ] Safepoint "Cleanup", Time since last: 1000186679 ns, Reaching safepoint: 244126 ns, At safepoint: 17946 ns, Total: 262072 ns
[2020-12-14T03:07:28.435+0000][6][safepoint    ] Safepoint "Cleanup", Time since last: 1667782345 ns, Reaching safepoint: 246996 ns, At safepoint: 18787 ns, Total: 265783 ns
[2020-12-14T03:07:29.436+0000][6][safepoint    ] Safepoint "Cleanup", Time since last: 1000188148 ns, Reaching safepoint: 239597 ns, At safepoint: 18925 ns, Total: 258522 ns
[2020-12-14T03:07:31.075+0000][6][safepoint    ] Safepoint "Cleanup", Time since last: 1638994561 ns, Reaching safepoint: 269218 ns, At safepoint: 19648 ns, Total: 288866 ns
[2020-12-14T03:07:32.076+0000][6][safepoint    ] Safepoint "Cleanup", Time since last: 1000197561 ns, Reaching safepoint: 237303 ns, At safepoint: 18944 ns, Total: 256247 ns
[2020-12-14T03:07:33.076+0000][6][safepoint    ] Safepoint "Cleanup", Time since last: 1000189807 ns, Reaching safepoint: 241502 ns, At safepoint: 17534 ns, Total: 259036 ns
[2020-12-14T03:07:34.077+0000][6][safepoint    ] Safepoint "Cleanup", Time since last: 1000191459 ns, Reaching safepoint: 241255 ns, At safepoint: 18758 ns, Total: 260013 ns
[2020-12-14T03:07:35.077+0000][6][safepoint    ] Safepoint "Cleanup", Time since last: 1000187854 ns, Reaching safepoint: 234134 ns, At safepoint: 16606 ns, Total: 250740 ns
[2020-12-14T03:07:36.077+0000][6][safepoint    ] Safepoint "Cleanup", Time since last: 1000168470 ns, Reaching safepoint: 241022 ns, At safepoint: 18944 ns, Total: 259966 ns
[2020-12-14T03:07:37.078+0000][6][safepoint    ] Safepoint "Cleanup", Time since last: 1000189569 ns, Reaching safepoint: 237159 ns, At safepoint: 19025 ns, Total: 256184 ns
[2020-12-14T03:07:38.078+0000][6][safepoint    ] Safepoint "Cleanup", Time since last: 1000190948 ns, Reaching safepoint: 254703 ns, At safepoint: 19448 ns, Total: 274151 ns
[2020-12-14T03:07:39.079+0000][6][safepoint    ] Safepoint "Cleanup", Time since last: 1000200741 ns, Reaching safepoint: 234538 ns, At safepoint: 18868 ns, Total: 253406 ns
[2020-12-14T03:07:40.079+0000][6][safepoint    ] Safepoint "Cleanup", Time since last: 1000189539 ns, Reaching safepoint: 250738 ns, At safepoint: 18904 ns, Total: 269642 ns
[2020-12-14T03:07:41.080+0000][6][safepoint    ] Safepoint "Cleanup", Time since last: 1000184488 ns, Reaching safepoint: 229019 ns, At safepoint: 18530 ns, Total: 247549 ns
[2020-12-14T03:07:42.080+0000][6][safepoint    ] Safepoint "Cleanup", Time since last: 1000172656 ns, Reaching safepoint: 274274 ns, At safepoint: 19741 ns, Total: 294015 ns
[2020-12-14T03:07:43.081+0000][6][safepoint    ] Safepoint "Cleanup", Time since last: 1000193207 ns, Reaching safepoint: 243290 ns, At safepoint: 18764 ns, Total: 262054 ns
[2020-12-14T03:07:44.081+0000][6][safepoint    ] Safepoint "Cleanup", Time since last: 1000194094 ns, Reaching safepoint: 238544 ns, At safepoint: 24964 ns, Total: 263508 ns
[2020-12-14T03:07:45.082+0000][6][safepoint    ] Safepoint "Cleanup", Time since last: 1000211412 ns, Reaching safepoint: 223825 ns, At safepoint: 20045 ns, Total: 243870 ns
[2020-12-14T03:07:46.082+0000][6][safepoint    ] Safepoint "Cleanup", Time since last: 1000189618 ns, Reaching safepoint: 233059 ns, At safepoint: 16982 ns, Total: 250041 ns
[2020-12-14T03:07:47.082+0000][6][safepoint    ] Safepoint "Cleanup", Time since last: 1000197479 ns, Reaching safepoint: 239845 ns, At safepoint: 17593 ns, Total: 257438 ns
[2020-12-14T03:07:48.083+0000][6][safepoint    ] Safepoint "Cleanup", Time since last: 1000171402 ns, Reaching safepoint: 231976 ns, At safepoint: 19008 ns, Total: 250984 ns
[2020-12-14T03:07:49.083+0000][6][safepoint    ] Safepoint "Cleanup", Time since last: 1000190939 ns, Reaching safepoint: 263798 ns, At safepoint: 18941 ns, Total: 282739 ns
[2020-12-14T03:07:50.084+0000][6][safepoint    ] Safepoint "Cleanup", Time since last: 1000187070 ns, Reaching safepoint: 234305 ns, At safepoint: 18577 ns, Total: 252882 ns
[2020-12-14T03:07:51.084+0000][6][safepoint    ] Safepoint "Cleanup", Time since last: 1000202483 ns, Reaching safepoint: 264492 ns, At safepoint: 17678 ns, Total: 282170 ns
[2020-12-14T03:07:52.085+0000][6][safepoint    ] Safepoint "Cleanup", Time since last: 1000156368 ns, Reaching safepoint: 246408 ns, At safepoint: 18891 ns, Total: 265299 ns
[2020-12-14T03:07:53.085+0000][6][safepoint    ] Safepoint "Cleanup", Time since last: 1000211397 ns, Reaching safepoint: 263492 ns, At safepoint: 17957 ns, Total: 281449 ns
[2020-12-14T03:07:54.086+0000][6][safepoint    ] Safepoint "Cleanup", Time since last: 1000206720 ns, Reaching safepoint: 211617 ns, At safepoint: 15739 ns, Total: 227356 ns
[2020-12-14T03:07:55.086+0000][6][safepoint    ] Safepoint "Cleanup", Time since last: 1000179075 ns, Reaching safepoint: 295434 ns, At safepoint: 34960 ns, Total: 330394 ns
[2020-12-14T03:07:56.087+0000][6][safepoint    ] Safepoint "Cleanup", Time since last: 1000178684 ns, Reaching safepoint: 241826 ns, At safepoint: 18991 ns, Total: 260817 ns
[2020-12-14T03:07:57.087+0000][6][safepoint    ] Safepoint "Cleanup", Time since last: 1000183376 ns, Reaching safepoint: 220317 ns, At safepoint: 20915 ns, Total: 241232 ns
[2020-12-14T03:07:58.087+0000][6][safepoint    ] Safepoint "Cleanup", Time since last: 1000179079 ns, Reaching safepoint: 233474 ns, At safepoint: 20925 ns, Total: 254399 ns
[2020-12-14T03:07:59.088+0000][6][safepoint    ] Safepoint "Cleanup", Time since last: 1000186236 ns, Reaching safepoint: 213560 ns, At safepoint: 18654 ns, Total: 232214 ns
[2020-12-14T03:08:00.088+0000][6][safepoint    ] Safepoint "Cleanup", Time since last: 1000185857 ns, Reaching safepoint: 238591 ns, At safepoint: 18804 ns, Total: 257395 ns
[2020-12-14T03:08:01.089+0000][6][safepoint    ] Safepoint "Cleanup", Time since last: 1000184931 ns, Reaching safepoint: 228632 ns, At safepoint: 18570 ns, Total: 247202 ns
[2020-12-14T03:08:02.089+0000][6][safepoint    ] Safepoint "Cleanup", Time since last: 1000199254 ns, Reaching safepoint: 313474 ns, At safepoint: 18727 ns, Total: 332201 ns
[2020-12-14T03:08:03.090+0000][6][safepoint    ] Safepoint "Cleanup", Time since last: 1000185736 ns, Reaching safepoint: 216437 ns, At safepoint: 18394 ns, Total: 234831 ns
[2020-12-14T03:08:04.090+0000][6][safepoint    ] Safepoint "Cleanup", Time since last: 1000186003 ns, Reaching safepoint: 225070 ns, At safepoint: 17100 ns, Total: 242170 ns
[2020-12-14T03:08:05.090+0000][6][safepoint    ] Safepoint "Cleanup", Time since last: 1000182604 ns, Reaching safepoint: 227368 ns, At safepoint: 18944 ns, Total: 246312 ns
[2020-12-14T03:08:06.091+0000][6][safepoint    ] Safepoint "Cleanup", Time since last: 1000186629 ns, Reaching safepoint: 230736 ns, At safepoint: 18648 ns, Total: 249384 ns
[2020-12-14T03:08:07.091+0000][6][safepoint    ] Safepoint "Cleanup", Time since last: 1000194768 ns, Reaching safepoint: 229912 ns, At safepoint: 19478 ns, Total: 249390 ns
[2020-12-14T03:08:08.092+0000][6][safepoint    ] Safepoint "Cleanup", Time since last: 1000184285 ns, Reaching safepoint: 235936 ns, At safepoint: 17860 ns, Total: 253796 ns
[2020-12-14T03:08:09.092+0000][6][safepoint    ] Safepoint "Cleanup", Time since last: 1000187796 ns, Reaching safepoint: 237637 ns, At safepoint: 18721 ns, Total: 256358 ns
[2020-12-14T03:08:10.093+0000][6][safepoint    ] Safepoint "Cleanup", Time since last: 1000194309 ns, Reaching safepoint: 224115 ns, At safepoint: 24831 ns, Total: 248946 ns
[2020-12-14T03:08:11.093+0000][6][safepoint    ] Safepoint "Cleanup", Time since last: 1000197159 ns, Reaching safepoint: 262028 ns, At safepoint: 19121 ns, Total: 281149 ns
[2020-12-14T03:08:12.094+0000][6][safepoint    ] Safepoint "Cleanup", Time since last: 1000174182 ns, Reaching safepoint: 202840 ns, At safepoint: 19602 ns, Total: 222442 ns
[2020-12-14T03:08:13.094+0000][6][safepoint    ] Safepoint "Cleanup", Time since last: 1000183521 ns, Reaching safepoint: 193094 ns, At safepoint: 14624 ns, Total: 207718 ns
[2020-12-14T03:08:14.094+0000][6][safepoint    ] Safepoint "Cleanup", Time since last: 1000186944 ns, Reaching safepoint: 242749 ns, At safepoint: 17625 ns, Total: 260374 ns
[2020-12-14T03:08:15.095+0000][6][safepoint    ] Safepoint "Cleanup", Time since last: 1000198262 ns, Reaching safepoint: 217316 ns, At safepoint: 17354 ns, Total: 234670 ns
[2020-12-14T03:08:16.095+0000][6][safepoint    ] Safepoint "Cleanup", Time since last: 1000195873 ns, Reaching safepoint: 247653 ns, At safepoint: 17681 ns, Total: 265334 ns
[2020-12-14T03:08:17.096+0000][6][safepoint    ] Safepoint "Cleanup", Time since last: 1000185534 ns, Reaching safepoint: 234368 ns, At safepoint: 18534 ns, Total: 252902 ns
[2020-12-14T03:08:18.096+0000][6][safepoint    ] Safepoint "Cleanup", Time since last: 1000142418 ns, Reaching safepoint: 430811 ns, At safepoint: 18459 ns, Total: 449270 ns
[2020-12-14T03:08:19.097+0000][6][safepoint    ] Safepoint "Cleanup", Time since last: 1000187525 ns, Reaching safepoint: 229070 ns, At safepoint: 17075 ns, Total: 246145 ns
[2020-12-14T03:08:20.097+0000][6][safepoint    ] Safepoint "Cleanup", Time since last: 1000185274 ns, Reaching safepoint: 255747 ns, At safepoint: 19251 ns, Total: 274998 ns
[2020-12-14T03:08:21.098+0000][6][safepoint    ] Safepoint "Cleanup", Time since last: 1000189042 ns, Reaching safepoint: 223923 ns, At safepoint: 18740 ns, Total: 242663 ns
[2020-12-14T03:08:22.098+0000][6][safepoint    ] Safepoint "Cleanup", Time since last: 1000187958 ns, Reaching safepoint: 224112 ns, At safepoint: 32779 ns, Total: 256891 ns
[2020-12-14T03:08:23.099+0000][6][safepoint    ] Safepoint "Cleanup", Time since last: 1000185660 ns, Reaching safepoint: 243103 ns, At safepoint: 17684 ns, Total: 260787 ns
[2020-12-14T03:08:24.099+0000][6][safepoint    ] Safepoint "Cleanup", Time since last: 1000182053 ns, Reaching safepoint: 227071 ns, At safepoint: 18380 ns, Total: 245451 ns
[2020-12-14T03:08:25.771+0000][6][safepoint    ] Safepoint "Cleanup", Time since last: 1672169695 ns, Reaching safepoint: 261997 ns, At safepoint: 29125 ns, Total: 291122 ns
[2020-12-14T03:08:26.772+0000][6][safepoint    ] Safepoint "Cleanup", Time since last: 1000183900 ns, Reaching safepoint: 225323 ns, At safepoint: 16540 ns, Total: 241863 ns
[2020-12-14T03:08:27.488+0000][6][safepoint    ] Safepoint "BulkRevokeBias", Time since last: 715400665 ns, Reaching safepoint: 173400 ns, At safepoint: 911867 ns, Total: 1085267 ns
[2020-12-14T03:08:28.503+0000][6][safepoint    ] Safepoint "Cleanup", Time since last: 1014636076 ns, Reaching safepoint: 228919 ns, At safepoint: 17481 ns, Total: 246400 ns
[2020-12-14T03:08:29.504+0000][6][safepoint    ] Safepoint "Cleanup", Time since last: 1000200471 ns, Reaching safepoint: 220973 ns, At safepoint: 17542 ns, Total: 238515 ns
[2020-12-14T03:08:31.109+0000][6][safepoint    ] Safepoint "Cleanup", Time since last: 1605282981 ns, Reaching safepoint: 258845 ns, At safepoint: 19595 ns, Total: 278440 ns
[2020-12-14T03:08:32.110+0000][6][safepoint    ] Safepoint "Cleanup", Time since last: 1000187654 ns, Reaching safepoint: 233104 ns, At safepoint: 18550 ns, Total: 251654 ns
[2020-12-14T03:08:33.110+0000][6][safepoint    ] Safepoint "Cleanup", Time since last: 1000189875 ns, Reaching safepoint: 247552 ns, At safepoint: 18921 ns, Total: 266473 ns
[2020-12-14T03:08:34.111+0000][6][safepoint    ] Safepoint "Cleanup", Time since last: 1000185834 ns, Reaching safepoint: 222791 ns, At safepoint: 18721 ns, Total: 241512 ns
[2020-12-14T03:08:35.111+0000][6][safepoint    ] Safepoint "Cleanup", Time since last: 1000200814 ns, Reaching safepoint: 247582 ns, At safepoint: 17183 ns, Total: 264765 ns
[2020-12-14T03:08:36.111+0000][6][safepoint    ] Safepoint "Cleanup", Time since last: 1000214907 ns, Reaching safepoint: 230163 ns, At safepoint: 18587 ns, Total: 248750 ns
[2020-12-14T03:08:37.112+0000][6][safepoint    ] Safepoint "Cleanup", Time since last: 1000183501 ns, Reaching safepoint: 234212 ns, At safepoint: 19031 ns, Total: 253243 ns
[2020-12-14T03:08:38.112+0000][6][safepoint    ] Safepoint "Cleanup", Time since last: 1000189627 ns, Reaching safepoint: 244198 ns, At safepoint: 18814 ns, Total: 263012 ns
[2020-12-14T03:08:39.113+0000][6][safepoint    ] Safepoint "Cleanup", Time since last: 1000189808 ns, Reaching safepoint: 234723 ns, At safepoint: 17709 ns, Total: 252432 ns
[2020-12-14T03:08:40.113+0000][6][safepoint    ] Safepoint "Cleanup", Time since last: 1000182978 ns, Reaching safepoint: 249847 ns, At safepoint: 19274 ns, Total: 269121 ns
[2020-12-14T03:08:41.114+0000][6][safepoint    ] Safepoint "Cleanup", Time since last: 1000186844 ns, Reaching safepoint: 227871 ns, At safepoint: 18977 ns, Total: 246848 ns
[2020-12-14T03:08:42.114+0000][6][safepoint    ] Safepoint "Cleanup", Time since last: 1000175794 ns, Reaching safepoint: 412090 ns, At safepoint: 19228 ns, Total: 431318 ns
[2020-12-14T03:08:43.115+0000][6][safepoint    ] Safepoint "Cleanup", Time since last: 1000178105 ns, Reaching safepoint: 193068 ns, At safepoint: 12256 ns, Total: 205324 ns
[2020-12-14T03:08:44.115+0000][6][safepoint    ] Safepoint "Cleanup", Time since last: 1000162327 ns, Reaching safepoint: 233394 ns, At safepoint: 17410 ns, Total: 250804 ns
[2020-12-14T03:08:45.116+0000][6][safepoint    ] Safepoint "Cleanup", Time since last: 1000185746 ns, Reaching safepoint: 233581 ns, At safepoint: 17563 ns, Total: 251144 ns
[2020-12-14T03:08:46.116+0000][6][safepoint    ] Safepoint "Cleanup", Time since last: 1000187078 ns, Reaching safepoint: 271242 ns, At safepoint: 19191 ns, Total: 290433 ns
[2020-12-14T03:08:47.116+0000][6][safepoint    ] Safepoint "Cleanup", Time since last: 1000206458 ns, Reaching safepoint: 224859 ns, At safepoint: 18894 ns, Total: 243753 ns
[2020-12-14T03:08:48.117+0000][6][safepoint    ] Safepoint "Cleanup", Time since last: 1000178956 ns, Reaching safepoint: 261344 ns, At safepoint: 18724 ns, Total: 280068 ns
[2020-12-14T03:08:49.117+0000][6][safepoint    ] Safepoint "Cleanup", Time since last: 1000198541 ns, Reaching safepoint: 234560 ns, At safepoint: 17921 ns, Total: 252481 ns
[2020-12-14T03:08:50.118+0000][6][safepoint    ] Safepoint "Cleanup", Time since last: 1000195905 ns, Reaching safepoint: 232520 ns, At safepoint: 18668 ns, Total: 251188 ns
[2020-12-14T03:08:51.118+0000][6][safepoint    ] Safepoint "Cleanup", Time since last: 1000188858 ns, Reaching safepoint: 261617 ns, At safepoint: 19318 ns, Total: 280935 ns
[2020-12-14T03:08:52.119+0000][6][safepoint    ] Safepoint "Cleanup", Time since last: 1000187340 ns, Reaching safepoint: 219849 ns, At safepoint: 21233 ns, Total: 241082 ns
[2020-12-14T03:08:53.119+0000][6][safepoint    ] Safepoint "Cleanup", Time since last: 1000188884 ns, Reaching safepoint: 381842 ns, At safepoint: 18799 ns, Total: 400641 ns
[2020-12-14T03:08:54.120+0000][6][safepoint    ] Safepoint "Cleanup", Time since last: 1000187387 ns, Reaching safepoint: 213806 ns, At safepoint: 18638 ns, Total: 232444 ns
[2020-12-14T03:08:55.120+0000][6][safepoint    ] Safepoint "Cleanup", Time since last: 1000189108 ns, Reaching safepoint: 296517 ns, At safepoint: 19114 ns, Total: 315631 ns
[2020-12-14T03:08:56.121+0000][6][safepoint    ] Safepoint "Cleanup", Time since last: 1000179513 ns, Reaching safepoint: 232954 ns, At safepoint: 19071 ns, Total: 252025 ns
[2020-12-14T03:08:57.121+0000][6][safepoint    ] Safepoint "Cleanup", Time since last: 1000189324 ns, Reaching safepoint: 259889 ns, At safepoint: 20200 ns, Total: 280089 ns
[2020-12-14T03:08:58.122+0000][6][safepoint    ] Safepoint "Cleanup", Time since last: 1000161811 ns, Reaching safepoint: 214924 ns, At safepoint: 18510 ns, Total: 233434 ns
[2020-12-14T03:08:59.122+0000][6][safepoint    ] Safepoint "Cleanup", Time since last: 1000190517 ns, Reaching safepoint: 272353 ns, At safepoint: 20281 ns, Total: 292634 ns
[2020-12-14T03:09:00.122+0000][6][safepoint    ] Safepoint "Cleanup", Time since last: 1000213118 ns, Reaching safepoint: 221460 ns, At safepoint: 18945 ns, Total: 240405 ns
[2020-12-14T03:09:01.123+0000][6][safepoint    ] Safepoint "Cleanup", Time since last: 1000191437 ns, Reaching safepoint: 226724 ns, At safepoint: 18724 ns, Total: 245448 ns
[2020-12-14T03:09:02.123+0000][6][safepoint    ] Safepoint "Cleanup", Time since last: 1000208337 ns, Reaching safepoint: 231950 ns, At safepoint: 19088 ns, Total: 251038 ns
[2020-12-14T03:09:03.124+0000][6][safepoint    ] Safepoint "Cleanup", Time since last: 1000187566 ns, Reaching safepoint: 233281 ns, At safepoint: 18880 ns, Total: 252161 ns
[2020-12-14T03:09:04.124+0000][6][safepoint    ] Safepoint "Cleanup", Time since last: 1000184565 ns, Reaching safepoint: 252738 ns, At safepoint: 18858 ns, Total: 271596 ns
[2020-12-14T03:09:05.125+0000][6][safepoint    ] Safepoint "Cleanup", Time since last: 1000189337 ns, Reaching safepoint: 231363 ns, At safepoint: 19124 ns, Total: 250487 ns
[2020-12-14T03:09:06.125+0000][6][safepoint    ] Safepoint "Cleanup", Time since last: 1000186839 ns, Reaching safepoint: 334382 ns, At safepoint: 19881 ns, Total: 354263 ns
[2020-12-14T03:09:07.126+0000][6][safepoint    ] Safepoint "Cleanup", Time since last: 1000191293 ns, Reaching safepoint: 231019 ns, At safepoint: 18478 ns, Total: 249497 ns
[2020-12-14T03:09:08.126+0000][6][safepoint    ] Safepoint "Cleanup", Time since last: 1000170653 ns, Reaching safepoint: 474885 ns, At safepoint: 18287 ns, Total: 493172 ns
[2020-12-14T03:09:09.127+0000][6][safepoint    ] Safepoint "Cleanup", Time since last: 1000181766 ns, Reaching safepoint: 216231 ns, At safepoint: 18700 ns, Total: 234931 ns
[2020-12-14T03:09:10.127+0000][6][safepoint    ] Safepoint "Cleanup", Time since last: 1000183442 ns, Reaching safepoint: 253725 ns, At safepoint: 19205 ns, Total: 272930 ns
[2020-12-14T03:09:11.666+0000][6][safepoint    ] Safepoint "Cleanup", Time since last: 1538213940 ns, Reaching safepoint: 255350 ns, At safepoint: 18807 ns, Total: 274157 ns
[2020-12-14T03:09:12.666+0000][6][safepoint    ] Safepoint "Cleanup", Time since last: 1000181467 ns, Reaching safepoint: 263252 ns, At safepoint: 19427 ns, Total: 282679 ns
[2020-12-14T03:09:13.667+0000][6][safepoint    ] Safepoint "Cleanup", Time since last: 1000183164 ns, Reaching safepoint: 235912 ns, At safepoint: 19094 ns, Total: 255006 ns
[2020-12-14T03:09:14.667+0000][6][safepoint    ] Safepoint "Cleanup", Time since last: 1000192785 ns, Reaching safepoint: 230876 ns, At safepoint: 17174 ns, Total: 248050 ns
[2020-12-14T03:09:15.667+0000][6][safepoint    ] Safepoint "Cleanup", Time since last: 1000199967 ns, Reaching safepoint: 232004 ns, At safepoint: 18931 ns, Total: 250935 ns
[2020-12-14T03:09:16.668+0000][6][safepoint    ] Safepoint "Cleanup", Time since last: 1000186775 ns, Reaching safepoint: 231817 ns, At safepoint: 18730 ns, Total: 250547 ns
[2020-12-14T03:09:17.668+0000][6][safepoint    ] Safepoint "Cleanup", Time since last: 1000187345 ns, Reaching safepoint: 226877 ns, At safepoint: 18724 ns, Total: 245601 ns
[2020-12-14T03:09:18.669+0000][6][safepoint    ] Safepoint "Cleanup", Time since last: 1000162897 ns, Reaching safepoint: 225219 ns, At safepoint: 18634 ns, Total: 243853 ns
[2020-12-14T03:09:19.669+0000][6][safepoint    ] Safepoint "Cleanup", Time since last: 1000189844 ns, Reaching safepoint: 249822 ns, At safepoint: 17946 ns, Total: 267768 ns
[2020-12-14T03:09:20.670+0000][6][safepoint    ] Safepoint "Cleanup", Time since last: 1000142862 ns, Reaching safepoint: 280693 ns, At safepoint: 17647 ns, Total: 298340 ns
[2020-12-14T03:09:21.670+0000][6][safepoint    ] Safepoint "Cleanup", Time since last: 1000185071 ns, Reaching safepoint: 220623 ns, At safepoint: 19008 ns, Total: 239631 ns
[2020-12-14T03:09:22.671+0000][6][safepoint    ] Safepoint "Cleanup", Time since last: 1000185559 ns, Reaching safepoint: 227581 ns, At safepoint: 18514 ns, Total: 246095 ns
[2020-12-14T03:09:23.671+0000][6][safepoint    ] Safepoint "Cleanup", Time since last: 1000174730 ns, Reaching safepoint: 233571 ns, At safepoint: 19231 ns, Total: 252802 ns
[2020-12-14T03:09:24.671+0000][6][safepoint    ] Safepoint "Cleanup", Time since last: 1000191760 ns, Reaching safepoint: 246468 ns, At safepoint: 19101 ns, Total: 265569 ns
[2020-12-14T03:09:25.672+0000][6][safepoint    ] Safepoint "Cleanup", Time since last: 1000176737 ns, Reaching safepoint: 236269 ns, At safepoint: 19108 ns, Total: 255377 ns
[2020-12-14T03:09:26.786+0000][6][safepoint    ] Safepoint "Cleanup", Time since last: 1114261847 ns, Reaching safepoint: 235382 ns, At safepoint: 22153 ns, Total: 257535 ns
[2020-12-14T03:09:28.562+0000][6][safepoint    ] Safepoint "Cleanup", Time since last: 1775868124 ns, Reaching safepoint: 227891 ns, At safepoint: 16806 ns, Total: 244697 ns
[2020-12-14T03:09:29.563+0000][6][safepoint    ] Safepoint "Cleanup", Time since last: 1000201702 ns, Reaching safepoint: 234608 ns, At safepoint: 18941 ns, Total: 253549 ns
[2020-12-14T03:09:31.144+0000][6][safepoint    ] Safepoint "Cleanup", Time since last: 1580880532 ns, Reaching safepoint: 237653 ns, At safepoint: 32098 ns, Total: 269751 ns
[2020-12-14T03:09:32.145+0000][6][safepoint    ] Safepoint "Cleanup", Time since last: 1000190676 ns, Reaching safepoint: 231140 ns, At safepoint: 19284 ns, Total: 250424 ns
[2020-12-14T03:09:33.145+0000][6][safepoint    ] Safepoint "Cleanup", Time since last: 1000190226 ns, Reaching safepoint: 233214 ns, At safepoint: 19471 ns, Total: 252685 ns
[2020-12-14T03:09:34.145+0000][6][safepoint    ] Safepoint "Cleanup", Time since last: 1000200802 ns, Reaching safepoint: 218685 ns, At safepoint: 17879 ns, Total: 236564 ns
[2020-12-14T03:09:35.146+0000][6][safepoint    ] Safepoint "Cleanup", Time since last: 1000185865 ns, Reaching safepoint: 243763 ns, At safepoint: 19381 ns, Total: 263144 ns
[2020-12-14T03:09:36.146+0000][6][safepoint    ] Safepoint "Cleanup", Time since last: 1000190412 ns, Reaching safepoint: 242263 ns, At safepoint: 19731 ns, Total: 261994 ns
[2020-12-14T03:09:37.147+0000][6][safepoint    ] Safepoint "Cleanup", Time since last: 1000191710 ns, Reaching safepoint: 227904 ns, At safepoint: 19518 ns, Total: 247422 ns
[2020-12-14T03:09:38.147+0000][6][safepoint    ] Safepoint "Cleanup", Time since last: 1000190219 ns, Reaching safepoint: 254355 ns, At safepoint: 17508 ns, Total: 271863 ns
[2020-12-14T03:09:39.148+0000][6][safepoint    ] Safepoint "Cleanup", Time since last: 1000198263 ns, Reaching safepoint: 243994 ns, At safepoint: 18781 ns, Total: 262775 ns
[2020-12-14T03:09:40.148+0000][6][safepoint    ] Safepoint "Cleanup", Time since last: 1000187754 ns, Reaching safepoint: 425411 ns, At safepoint: 19471 ns, Total: 444882 ns
[2020-12-14T03:09:41.149+0000][6][safepoint    ] Safepoint "Cleanup", Time since last: 1000170507 ns, Reaching safepoint: 228759 ns, At safepoint: 18680 ns, Total: 247439 ns
[2020-12-14T03:09:42.149+0000][6][safepoint    ] Safepoint "Cleanup", Time since last: 1000175428 ns, Reaching safepoint: 267377 ns, At safepoint: 18711 ns, Total: 286088 ns
[2020-12-14T03:09:43.150+0000][6][safepoint    ] Safepoint "Cleanup", Time since last: 1000191842 ns, Reaching safepoint: 241014 ns, At safepoint: 17238 ns, Total: 258252 ns
[2020-12-14T03:09:44.150+0000][6][safepoint    ] Safepoint "Cleanup", Time since last: 1000190909 ns, Reaching safepoint: 234568 ns, At safepoint: 35537 ns, Total: 270105 ns
[2020-12-14T03:09:45.151+0000][6][safepoint    ] Safepoint "Cleanup", Time since last: 1000185069 ns, Reaching safepoint: 251128 ns, At safepoint: 17468 ns, Total: 268596 ns
[2020-12-14T03:09:46.151+0000][6][safepoint    ] Safepoint "Cleanup", Time since last: 1000178303 ns, Reaching safepoint: 219748 ns, At safepoint: 17823 ns, Total: 237571 ns
[2020-12-14T03:09:47.151+0000][6][safepoint    ] Safepoint "Cleanup", Time since last: 1000185901 ns, Reaching safepoint: 224543 ns, At safepoint: 17974 ns, Total: 242517 ns
[2020-12-14T03:09:48.152+0000][6][safepoint    ] Safepoint "Cleanup", Time since last: 1000186990 ns, Reaching safepoint: 236276 ns, At safepoint: 17883 ns, Total: 254159 ns
[2020-12-14T03:09:49.152+0000][6][safepoint    ] Safepoint "Cleanup", Time since last: 1000188769 ns, Reaching safepoint: 267414 ns, At safepoint: 19188 ns, Total: 286602 ns
[2020-12-14T03:09:50.153+0000][6][safepoint    ] Safepoint "Cleanup", Time since last: 1000185912 ns, Reaching safepoint: 238090 ns, At safepoint: 20035 ns, Total: 258125 ns
[2020-12-14T03:09:51.153+0000][6][safepoint    ] Safepoint "Cleanup", Time since last: 1000191683 ns, Reaching safepoint: 264108 ns, At safepoint: 19542 ns, Total: 283650 ns
[2020-12-14T03:09:52.154+0000][6][safepoint    ] Safepoint "Cleanup", Time since last: 1000194682 ns, Reaching safepoint: 234348 ns, At safepoint: 18860 ns, Total: 253208 ns
[2020-12-14T03:09:53.154+0000][6][safepoint    ] Safepoint "Cleanup", Time since last: 1000185960 ns, Reaching safepoint: 265719 ns, At safepoint: 18988 ns, Total: 284707 ns
[2020-12-14T03:09:54.155+0000][6][safepoint    ] Safepoint "Cleanup", Time since last: 1000194027 ns, Reaching safepoint: 236533 ns, At safepoint: 19858 ns, Total: 256391 ns
[2020-12-14T03:09:55.155+0000][6][safepoint    ] Safepoint "Cleanup", Time since last: 1000188355 ns, Reaching safepoint: 296771 ns, At safepoint: 23287 ns, Total: 320058 ns
[2020-12-14T03:09:56.156+0000][6][safepoint    ] Safepoint "Cleanup", Time since last: 1000148439 ns, Reaching safepoint: 247119 ns, At safepoint: 17758 ns, Total: 264877 ns
[2020-12-14T03:09:57.156+0000][6][safepoint    ] Safepoint "Cleanup", Time since last: 1000186970 ns, Reaching safepoint: 240899 ns, At safepoint: 18974 ns, Total: 259873 ns
[2020-12-14T03:09:58.156+0000][6][safepoint    ] Safepoint "Cleanup", Time since last: 1000193557 ns, Reaching safepoint: 252155 ns, At safepoint: 20642 ns, Total: 272797 ns
[2020-12-14T03:09:59.157+0000][6][safepoint    ] Safepoint "Cleanup", Time since last: 1000201765 ns, Reaching safepoint: 230913 ns, At safepoint: 19301 ns, Total: 250214 ns
[2020-12-14T03:10:00.157+0000][6][safepoint    ] Safepoint "Cleanup", Time since last: 1000216187 ns, Reaching safepoint: 244994 ns, At safepoint: 18818 ns, Total: 263812 ns
[2020-12-14T03:10:01.158+0000][6][safepoint    ] Safepoint "Cleanup", Time since last: 1000197806 ns, Reaching safepoint: 242630 ns, At safepoint: 19234 ns, Total: 261864 ns
[2020-12-14T03:10:02.158+0000][6][safepoint    ] Safepoint "Cleanup", Time since last: 1000201355 ns, Reaching safepoint: 253985 ns, At safepoint: 12925 ns, Total: 266910 ns
[2020-12-14T03:10:03.159+0000][6][safepoint    ] Safepoint "Cleanup", Time since last: 1000199948 ns, Reaching safepoint: 252382 ns, At safepoint: 19354 ns, Total: 271736 ns
[2020-12-14T03:10:04.159+0000][6][safepoint    ] Safepoint "Cleanup", Time since last: 1000212702 ns, Reaching safepoint: 311402 ns, At safepoint: 19474 ns, Total: 330876 ns
[2020-12-14T03:10:05.160+0000][6][safepoint    ] Safepoint "Cleanup", Time since last: 1000206812 ns, Reaching safepoint: 243950 ns, At safepoint: 19088 ns, Total: 263038 ns
[2020-12-14T03:10:06.160+0000][6][safepoint    ] Safepoint "Cleanup", Time since last: 1000195669 ns, Reaching safepoint: 241488 ns, At safepoint: 18805 ns, Total: 260293 ns
[2020-12-14T03:10:07.161+0000][6][safepoint    ] Safepoint "Cleanup", Time since last: 1000190101 ns, Reaching safepoint: 230616 ns, At safepoint: 18777 ns, Total: 249393 ns
[2020-12-14T03:10:08.161+0000][6][safepoint    ] Safepoint "Cleanup", Time since last: 1000188719 ns, Reaching safepoint: 278910 ns, At safepoint: 19685 ns, Total: 298595 ns
[2020-12-14T03:10:09.162+0000][6][safepoint    ] Safepoint "Cleanup", Time since last: 1000188838 ns, Reaching safepoint: 211338 ns, At safepoint: 18324 ns, Total: 229662 ns
[2020-12-14T03:10:10.162+0000][6][safepoint    ] Safepoint "Cleanup", Time since last: 1000190161 ns, Reaching safepoint: 229792 ns, At safepoint: 17103 ns, Total: 246895 ns
[2020-12-14T03:10:11.162+0000][6][safepoint    ] Safepoint "Cleanup", Time since last: 1000204908 ns, Reaching safepoint: 238314 ns, At safepoint: 18837 ns, Total: 257151 ns
[2020-12-14T03:10:12.163+0000][6][safepoint    ] Safepoint "Cleanup", Time since last: 1000191400 ns, Reaching safepoint: 270742 ns, At safepoint: 20285 ns, Total: 291027 ns
[2020-12-14T03:10:13.163+0000][6][safepoint    ] Safepoint "Cleanup", Time since last: 1000183938 ns, Reaching safepoint: 211022 ns, At safepoint: 18550 ns, Total: 229572 ns
[2020-12-14T03:10:14.164+0000][6][safepoint    ] Safepoint "Cleanup", Time since last: 1000187651 ns, Reaching safepoint: 224172 ns, At safepoint: 17555 ns, Total: 241727 ns
[2020-12-14T03:10:15.164+0000][6][safepoint    ] Safepoint "Cleanup", Time since last: 1000161144 ns, Reaching safepoint: 251584 ns, At safepoint: 19011 ns, Total: 270595 ns
[2020-12-14T03:10:16.165+0000][6][safepoint    ] Safepoint "Cleanup", Time since last: 1000196016 ns, Reaching safepoint: 228851 ns, At safepoint: 18731 ns, Total: 247582 ns
[2020-12-14T03:10:17.165+0000][6][safepoint    ] Safepoint "Cleanup", Time since last: 1000199465 ns, Reaching safepoint: 264700 ns, At safepoint: 19686 ns, Total: 284386 ns
[2020-12-14T03:10:18.166+0000][6][safepoint    ] Safepoint "Cleanup", Time since last: 1000178021 ns, Reaching safepoint: 218272 ns, At safepoint: 18658 ns, Total: 236930 ns
[2020-12-14T03:10:19.166+0000][6][safepoint    ] Safepoint "Cleanup", Time since last: 1000189565 ns, Reaching safepoint: 225953 ns, At safepoint: 17060 ns, Total: 243013 ns
[2020-12-14T03:10:20.166+0000][6][safepoint    ] Safepoint "Cleanup", Time since last: 1000212528 ns, Reaching safepoint: 244377 ns, At safepoint: 18604 ns, Total: 262981 ns
[2020-12-14T03:10:21.167+0000][6][safepoint    ] Safepoint "Cleanup", Time since last: 1000183208 ns, Reaching safepoint: 256068 ns, At safepoint: 19127 ns, Total: 275195 ns
[2020-12-14T03:10:22.167+0000][6][safepoint    ] Safepoint "Cleanup", Time since last: 1000186523 ns, Reaching safepoint: 229172 ns, At safepoint: 18857 ns, Total: 248029 ns
[2020-12-14T03:10:23.168+0000][6][safepoint    ] Safepoint "Cleanup", Time since last: 1000189046 ns, Reaching safepoint: 231386 ns, At safepoint: 18674 ns, Total: 250060 ns
[2020-12-14T03:10:24.168+0000][6][safepoint    ] Safepoint "Cleanup", Time since last: 1000185155 ns, Reaching safepoint: 255247 ns, At safepoint: 23360 ns, Total: 278607 ns
[2020-12-14T03:10:25.169+0000][6][safepoint    ] Safepoint "Cleanup", Time since last: 1000181444 ns, Reaching safepoint: 249823 ns, At safepoint: 17774 ns, Total: 267597 ns
[2020-12-14T03:10:26.169+0000][6][safepoint    ] Safepoint "Cleanup", Time since last: 1000179566 ns, Reaching safepoint: 265337 ns, At safepoint: 22933 ns, Total: 288270 ns
[2020-12-14T03:10:27.592+0000][6][safepoint    ] Safepoint "Cleanup", Time since last: 1422855656 ns, Reaching safepoint: 219587 ns, At safepoint: 16612 ns, Total: 236199 ns
[2020-12-14T03:10:28.625+0000][6][safepoint    ] Safepoint "Cleanup", Time since last: 1032523522 ns, Reaching safepoint: 209397 ns, At safepoint: 18818 ns, Total: 228215 ns
[2020-12-14T03:10:29.625+0000][6][safepoint    ] Safepoint "Cleanup", Time since last: 1000222077 ns, Reaching safepoint: 220400 ns, At safepoint: 17832 ns, Total: 238232 ns
[2020-12-14T03:10:31.179+0000][6][safepoint    ] Safepoint "Cleanup", Time since last: 1553479722 ns, Reaching safepoint: 232984 ns, At safepoint: 18714 ns, Total: 251698 ns
[2020-12-14T03:10:32.180+0000][6][safepoint    ] Safepoint "Cleanup", Time since last: 1000189109 ns, Reaching safepoint: 231910 ns, At safepoint: 25341 ns, Total: 257251 ns
[2020-12-14T03:10:33.180+0000][6][safepoint    ] Safepoint "Cleanup", Time since last: 1000191979 ns, Reaching safepoint: 252560 ns, At safepoint: 18599 ns, Total: 271159 ns
[2020-12-14T03:10:34.181+0000][6][safepoint    ] Safepoint "Cleanup", Time since last: 1000185983 ns, Reaching safepoint: 220073 ns, At safepoint: 18678 ns, Total: 238751 ns
[2020-12-14T03:10:35.181+0000][6][safepoint    ] Safepoint "Cleanup", Time since last: 1000198382 ns, Reaching safepoint: 225243 ns, At safepoint: 16496 ns, Total: 241739 ns
[2020-12-14T03:10:36.181+0000][6][safepoint    ] Safepoint "Cleanup", Time since last: 1000173668 ns, Reaching safepoint: 232660 ns, At safepoint: 18984 ns, Total: 251644 ns
[2020-12-14T03:10:37.182+0000][6][safepoint    ] Safepoint "Cleanup", Time since last: 1000188481 ns, Reaching safepoint: 243243 ns, At safepoint: 19115 ns, Total: 262358 ns
[2020-12-14T03:10:38.182+0000][6][safepoint    ] Safepoint "Cleanup", Time since last: 1000204217 ns, Reaching safepoint: 223822 ns, At safepoint: 18717 ns, Total: 242539 ns
[2020-12-14T03:10:39.183+0000][6][safepoint    ] Safepoint "Cleanup", Time since last: 1000185419 ns, Reaching safepoint: 250763 ns, At safepoint: 17934 ns, Total: 268697 ns
[2020-12-14T03:10:40.183+0000][6][safepoint    ] Safepoint "Cleanup", Time since last: 1000185550 ns, Reaching safepoint: 245872 ns, At safepoint: 18597 ns, Total: 264469 ns
[2020-12-14T03:10:41.184+0000][6][safepoint    ] Safepoint "Cleanup", Time since last: 1000188623 ns, Reaching safepoint: 242747 ns, At safepoint: 17669 ns, Total: 260416 ns
[2020-12-14T03:10:42.184+0000][6][safepoint    ] Safepoint "Cleanup", Time since last: 1000169739 ns, Reaching safepoint: 230606 ns, At safepoint: 17433 ns, Total: 248039 ns
[2020-12-14T03:10:43.184+0000][6][safepoint    ] Safepoint "Cleanup", Time since last: 1000150810 ns, Reaching safepoint: 231696 ns, At safepoint: 18668 ns, Total: 250364 ns
[2020-12-14T03:10:44.185+0000][6][safepoint    ] Safepoint "Cleanup", Time since last: 1000185095 ns, Reaching safepoint: 237175 ns, At safepoint: 17798 ns, Total: 254973 ns
[2020-12-14T03:10:45.185+0000][6][safepoint    ] Safepoint "Cleanup", Time since last: 1000184625 ns, Reaching safepoint: 233284 ns, At safepoint: 18431 ns, Total: 251715 ns
[2020-12-14T03:10:46.186+0000][6][safepoint    ] Safepoint "Cleanup", Time since last: 1000189758 ns, Reaching safepoint: 258335 ns, At safepoint: 18841 ns, Total: 277176 ns
[2020-12-14T03:10:47.186+0000][6][safepoint    ] Safepoint "Cleanup", Time since last: 1000186248 ns, Reaching safepoint: 241338 ns, At safepoint: 18918 ns, Total: 260256 ns
[2020-12-14T03:10:48.187+0000][6][safepoint    ] Safepoint "Cleanup", Time since last: 1000181223 ns, Reaching safepoint: 229889 ns, At safepoint: 18027 ns, Total: 247916 ns
[2020-12-14T03:10:49.187+0000][6][safepoint    ] Safepoint "Cleanup", Time since last: 1000187611 ns, Reaching safepoint: 368198 ns, At safepoint: 18591 ns, Total: 386789 ns
[2020-12-14T03:10:50.188+0000][6][safepoint    ] Safepoint "Cleanup", Time since last: 1000201128 ns, Reaching safepoint: 220237 ns, At safepoint: 18761 ns, Total: 238998 ns
[2020-12-14T03:10:51.188+0000][6][safepoint    ] Safepoint "Cleanup", Time since last: 1000201621 ns, Reaching safepoint: 323829 ns, At safepoint: 19028 ns, Total: 342857 ns
[2020-12-14T03:10:52.189+0000][6][safepoint    ] Safepoint "Cleanup", Time since last: 1000191049 ns, Reaching safepoint: 237530 ns, At safepoint: 18794 ns, Total: 256324 ns
[2020-12-14T03:10:53.189+0000][6][safepoint    ] Safepoint "Cleanup", Time since last: 1000192911 ns, Reaching safepoint: 298138 ns, At safepoint: 18868 ns, Total: 317006 ns
[2020-12-14T03:10:54.190+0000][6][safepoint    ] Safepoint "Cleanup", Time since last: 1000191865 ns, Reaching safepoint: 229546 ns, At safepoint: 18824 ns, Total: 248370 ns
[2020-12-14T03:10:55.190+0000][6][safepoint    ] Safepoint "Cleanup", Time since last: 1000198877 ns, Reaching safepoint: 291371 ns, At safepoint: 19127 ns, Total: 310498 ns
[2020-12-14T03:10:56.191+0000][6][safepoint    ] Safepoint "Cleanup", Time since last: 1000184860 ns, Reaching safepoint: 296227 ns, At safepoint: 18864 ns, Total: 315091 ns
[2020-12-14T03:10:57.191+0000][6][safepoint    ] Safepoint "Cleanup", Time since last: 1000189895 ns, Reaching safepoint: 320030 ns, At safepoint: 19602 ns, Total: 339632 ns
[2020-12-14T03:10:58.192+0000][6][safepoint    ] Safepoint "Cleanup", Time since last: 1000189388 ns, Reaching safepoint: 223469 ns, At safepoint: 18624 ns, Total: 242093 ns
[2020-12-14T03:10:59.192+0000][6][safepoint    ] Safepoint "Cleanup", Time since last: 1000187987 ns, Reaching safepoint: 244584 ns, At safepoint: 17450 ns, Total: 262034 ns
[2020-12-14T03:11:00.192+0000][6][safepoint    ] Safepoint "Cleanup", Time since last: 1000148250 ns, Reaching safepoint: 224083 ns, At safepoint: 23980 ns, Total: 248063 ns
[2020-12-14T03:11:01.193+0000][6][safepoint    ] Safepoint "Cleanup", Time since last: 1000189162 ns, Reaching safepoint: 247360 ns, At safepoint: 17859 ns, Total: 265219 ns
[2020-12-14T03:11:02.193+0000][6][safepoint    ] Safepoint "Cleanup", Time since last: 1000194202 ns, Reaching safepoint: 230222 ns, At safepoint: 16754 ns, Total: 246976 ns
[2020-12-14T03:11:03.194+0000][6][safepoint    ] Safepoint "Cleanup", Time since last: 1000181773 ns, Reaching safepoint: 235162 ns, At safepoint: 20378 ns, Total: 255540 ns
[2020-12-14T03:11:04.194+0000][6][safepoint    ] Safepoint "Cleanup", Time since last: 1000214305 ns, Reaching safepoint: 240436 ns, At safepoint: 18199 ns, Total: 258635 ns
[2020-12-14T03:11:05.195+0000][6][safepoint    ] Safepoint "Cleanup", Time since last: 1000186174 ns, Reaching safepoint: 234632 ns, At safepoint: 30435 ns, Total: 265067 ns
[2020-12-14T03:11:06.195+0000][6][safepoint    ] Safepoint "Cleanup", Time since last: 1000196731 ns, Reaching safepoint: 299826 ns, At safepoint: 24611 ns, Total: 324437 ns
[2020-12-14T03:11:07.196+0000][6][safepoint    ] Safepoint "Cleanup", Time since last: 1000192529 ns, Reaching safepoint: 217765 ns, At safepoint: 21055 ns, Total: 238820 ns
[2020-12-14T03:11:08.196+0000][6][safepoint    ] Safepoint "Cleanup", Time since last: 1000201689 ns, Reaching safepoint: 352953 ns, At safepoint: 19478 ns, Total: 372431 ns
[2020-12-14T03:11:09.197+0000][6][safepoint    ] Safepoint "Cleanup", Time since last: 1000195726 ns, Reaching safepoint: 231340 ns, At safepoint: 18720 ns, Total: 250060 ns
[2020-12-14T03:11:10.197+0000][6][safepoint    ] Safepoint "Cleanup", Time since last: 1000187908 ns, Reaching safepoint: 255464 ns, At safepoint: 19064 ns, Total: 274528 ns
[2020-12-14T03:11:11.198+0000][6][safepoint    ] Safepoint "Cleanup", Time since last: 1000210710 ns, Reaching safepoint: 226954 ns, At safepoint: 19128 ns, Total: 246082 ns
[2020-12-14T03:11:12.198+0000][6][safepoint    ] Safepoint "Cleanup", Time since last: 1000175910 ns, Reaching safepoint: 220787 ns, At safepoint: 17457 ns, Total: 238244 ns
[2020-12-14T03:11:13.199+0000][6][safepoint    ] Safepoint "Cleanup", Time since last: 1000214453 ns, Reaching safepoint: 222681 ns, At safepoint: 16670 ns, Total: 239351 ns
[2020-12-14T03:11:14.199+0000][6][safepoint    ] Safepoint "Cleanup", Time since last: 1000187196 ns, Reaching safepoint: 215634 ns, At safepoint: 19378 ns, Total: 235012 ns
[2020-12-14T03:11:15.199+0000][6][safepoint    ] Safepoint "Cleanup", Time since last: 1000186230 ns, Reaching safepoint: 226139 ns, At safepoint: 18952 ns, Total: 245091 ns
[2020-12-14T03:11:16.200+0000][6][safepoint    ] Safepoint "Cleanup", Time since last: 1000180943 ns, Reaching safepoint: 221147 ns, At safepoint: 19994 ns, Total: 241141 ns
[2020-12-14T03:11:17.200+0000][6][safepoint    ] Safepoint "Cleanup", Time since last: 1000185721 ns, Reaching safepoint: 294916 ns, At safepoint: 18651 ns, Total: 313567 ns
[2020-12-14T03:11:18.201+0000][6][safepoint    ] Safepoint "Cleanup", Time since last: 1000179218 ns, Reaching safepoint: 211825 ns, At safepoint: 18077 ns, Total: 229902 ns
[2020-12-14T03:11:19.201+0000][6][safepoint    ] Safepoint "Cleanup", Time since last: 1000184169 ns, Reaching safepoint: 343447 ns, At safepoint: 19365 ns, Total: 362812 ns
[2020-12-14T03:11:20.202+0000][6][safepoint    ] Safepoint "Cleanup", Time since last: 1000181684 ns, Reaching safepoint: 221121 ns, At safepoint: 18423 ns, Total: 239544 ns
[2020-12-14T03:11:21.202+0000][6][safepoint    ] Safepoint "Cleanup", Time since last: 1000182051 ns, Reaching safepoint: 231974 ns, At safepoint: 17480 ns, Total: 249454 ns
[2020-12-14T03:11:22.202+0000][6][safepoint    ] Safepoint "Cleanup", Time since last: 1000151176 ns, Reaching safepoint: 220847 ns, At safepoint: 18434 ns, Total: 239281 ns
[2020-12-14T03:11:23.203+0000][6][safepoint    ] Safepoint "Cleanup", Time since last: 1000171941 ns, Reaching safepoint: 229195 ns, At safepoint: 18141 ns, Total: 247336 ns
[2020-12-14T03:11:24.203+0000][6][safepoint    ] Safepoint "Cleanup", Time since last: 1000200671 ns, Reaching safepoint: 221751 ns, At safepoint: 18297 ns, Total: 240048 ns
[2020-12-14T03:11:25.204+0000][6][safepoint    ] Safepoint "Cleanup", Time since last: 1000189102 ns, Reaching safepoint: 259172 ns, At safepoint: 18247 ns, Total: 277419 ns
[2020-12-14T03:11:26.204+0000][6][safepoint    ] Safepoint "Cleanup", Time since last: 1000176904 ns, Reaching safepoint: 253990 ns, At safepoint: 18664 ns, Total: 272654 ns
[2020-12-14T03:11:27.205+0000][6][safepoint    ] Safepoint "Cleanup", Time since last: 1000184154 ns, Reaching safepoint: 233965 ns, At safepoint: 19171 ns, Total: 253136 ns
[2020-12-14T03:11:27.671+0000][6][safepoint    ] Safepoint "BulkRevokeBias", Time since last: 465281915 ns, Reaching safepoint: 203179 ns, At safepoint: 844035 ns, Total: 1047214 ns
[2020-12-14T03:11:28.775+0000][6][safepoint    ] Safepoint "Cleanup", Time since last: 1103792298 ns, Reaching safepoint: 212979 ns, At safepoint: 17754 ns, Total: 230733 ns
[2020-12-14T03:11:29.775+0000][6][safepoint    ] Safepoint "Cleanup", Time since last: 1000167088 ns, Reaching safepoint: 219136 ns, At safepoint: 16588 ns, Total: 235724 ns
[2020-12-14T03:11:31.213+0000][6][safepoint    ] Safepoint "Cleanup", Time since last: 1437569780 ns, Reaching safepoint: 245421 ns, At safepoint: 19578 ns, Total: 264999 ns
[2020-12-14T03:11:32.214+0000][6][safepoint    ] Safepoint "Cleanup", Time since last: 1000185874 ns, Reaching safepoint: 228882 ns, At safepoint: 18363 ns, Total: 247245 ns
[2020-12-14T03:11:33.214+0000][6][safepoint    ] Safepoint "Cleanup", Time since last: 1000192914 ns, Reaching safepoint: 284607 ns, At safepoint: 18601 ns, Total: 303208 ns
[2020-12-14T03:11:34.215+0000][6][safepoint    ] Safepoint "Cleanup", Time since last: 1000189014 ns, Reaching safepoint: 222885 ns, At safepoint: 17390 ns, Total: 240275 ns
[2020-12-14T03:11:35.215+0000][6][safepoint    ] Safepoint "Cleanup", Time since last: 1000188464 ns, Reaching safepoint: 423203 ns, At safepoint: 19134 ns, Total: 442337 ns
[2020-12-14T03:11:36.216+0000][6][safepoint    ] Safepoint "Cleanup", Time since last: 1000189169 ns, Reaching safepoint: 218713 ns, At safepoint: 19528 ns, Total: 238241 ns
[2020-12-14T03:11:37.216+0000][6][safepoint    ] Safepoint "Cleanup", Time since last: 1000189030 ns, Reaching safepoint: 275205 ns, At safepoint: 23660 ns, Total: 298865 ns
[2020-12-14T03:11:38.217+0000][6][safepoint    ] Safepoint "Cleanup", Time since last: 1000207126 ns, Reaching safepoint: 252959 ns, At safepoint: 18384 ns, Total: 271343 ns
[2020-12-14T03:11:39.217+0000][6][safepoint    ] Safepoint "Cleanup", Time since last: 1000187373 ns, Reaching safepoint: 258152 ns, At safepoint: 18854 ns, Total: 277006 ns
[2020-12-14T03:11:40.218+0000][6][safepoint    ] Safepoint "Cleanup", Time since last: 1000187941 ns, Reaching safepoint: 255140 ns, At safepoint: 17537 ns, Total: 272677 ns
[2020-12-14T03:11:41.218+0000][6][safepoint    ] Safepoint "Cleanup", Time since last: 1000187617 ns, Reaching safepoint: 220941 ns, At safepoint: 15981 ns, Total: 236922 ns
[2020-12-14T03:11:42.218+0000][6][safepoint    ] Safepoint "Cleanup", Time since last: 1000185891 ns, Reaching safepoint: 228934 ns, At safepoint: 17346 ns, Total: 246280 ns
[2020-12-14T03:11:43.219+0000][6][safepoint    ] Safepoint "Cleanup", Time since last: 1000186067 ns, Reaching safepoint: 234367 ns, At safepoint: 16735 ns, Total: 251102 ns
[2020-12-14T03:11:44.219+0000][6][safepoint    ] Safepoint "Cleanup", Time since last: 1000206038 ns, Reaching safepoint: 213259 ns, At safepoint: 17974 ns, Total: 231233 ns
[2020-12-14T03:11:45.220+0000][6][safepoint    ] Safepoint "Cleanup", Time since last: 1000180032 ns, Reaching safepoint: 227451 ns, At safepoint: 17813 ns, Total: 245264 ns
[2020-12-14T03:11:46.220+0000][6][safepoint    ] Safepoint "Cleanup", Time since last: 1000190296 ns, Reaching safepoint: 238707 ns, At safepoint: 18978 ns, Total: 257685 ns
[2020-12-14T03:11:47.221+0000][6][safepoint    ] Safepoint "Cleanup", Time since last: 1000152950 ns, Reaching safepoint: 232751 ns, At safepoint: 19418 ns, Total: 252169 ns
[2020-12-14T03:11:48.221+0000][6][safepoint    ] Safepoint "Cleanup", Time since last: 1000184348 ns, Reaching safepoint: 224232 ns, At safepoint: 17684 ns, Total: 241916 ns
[2020-12-14T03:11:49.221+0000][6][safepoint    ] Safepoint "Cleanup", Time since last: 1000201435 ns, Reaching safepoint: 245101 ns, At safepoint: 17177 ns, Total: 262278 ns
[2020-12-14T03:11:50.222+0000][6][safepoint    ] Safepoint "Cleanup", Time since last: 1000186775 ns, Reaching safepoint: 258235 ns, At safepoint: 20158 ns, Total: 278393 ns
[2020-12-14T03:11:51.222+0000][6][safepoint    ] Safepoint "Cleanup", Time since last: 1000213277 ns, Reaching safepoint: 216638 ns, At safepoint: 17910 ns, Total: 234548 ns
[2020-12-14T03:11:52.223+0000][6][safepoint    ] Safepoint "Cleanup", Time since last: 1000215157 ns, Reaching safepoint: 246578 ns, At safepoint: 20545 ns, Total: 267123 ns
[2020-12-14T03:11:53.223+0000][6][safepoint    ] Safepoint "Cleanup", Time since last: 1000207140 ns, Reaching safepoint: 234579 ns, At safepoint: 17883 ns, Total: 252462 ns
[2020-12-14T03:11:54.224+0000][6][safepoint    ] Safepoint "Cleanup", Time since last: 1000200340 ns, Reaching safepoint: 225429 ns, At safepoint: 18801 ns, Total: 244230 ns
[2020-12-14T03:11:55.224+0000][6][safepoint    ] Safepoint "Cleanup", Time since last: 1000199297 ns, Reaching safepoint: 295900 ns, At safepoint: 18180 ns, Total: 314080 ns
[2020-12-14T03:11:56.225+0000][6][safepoint    ] Safepoint "Cleanup", Time since last: 1000174617 ns, Reaching safepoint: 237223 ns, At safepoint: 19054 ns, Total: 256277 ns
[2020-12-14T03:11:57.225+0000][6][safepoint    ] Safepoint "Cleanup", Time since last: 1000204264 ns, Reaching safepoint: 253983 ns, At safepoint: 19314 ns, Total: 273297 ns
[2020-12-14T03:11:58.226+0000][6][safepoint    ] Safepoint "Cleanup", Time since last: 1000198264 ns, Reaching safepoint: 243153 ns, At safepoint: 18737 ns, Total: 261890 ns
[2020-12-14T03:11:59.226+0000][6][safepoint    ] Safepoint "Cleanup", Time since last: 1000209246 ns, Reaching safepoint: 287399 ns, At safepoint: 19868 ns, Total: 307267 ns
[2020-12-14T03:12:00.227+0000][6][safepoint    ] Safepoint "Cleanup", Time since last: 1000210180 ns, Reaching safepoint: 238067 ns, At safepoint: 18987 ns, Total: 257054 ns
[2020-12-14T03:12:01.227+0000][6][safepoint    ] Safepoint "Cleanup", Time since last: 1000203787 ns, Reaching safepoint: 255430 ns, At safepoint: 19468 ns, Total: 274898 ns
[2020-12-14T03:12:02.228+0000][6][safepoint    ] Safepoint "Cleanup", Time since last: 1000236312 ns, Reaching safepoint: 227544 ns, At safepoint: 18560 ns, Total: 246104 ns
[2020-12-14T03:12:03.228+0000][6][safepoint    ] Safepoint "Cleanup", Time since last: 1000217308 ns, Reaching safepoint: 288046 ns, At safepoint: 17597 ns, Total: 305643 ns
[2020-12-14T03:12:04.229+0000][6][safepoint    ] Safepoint "Cleanup", Time since last: 1000211413 ns, Reaching safepoint: 232977 ns, At safepoint: 18778 ns, Total: 251755 ns
[2020-12-14T03:12:05.229+0000][6][safepoint    ] Safepoint "Cleanup", Time since last: 1000196343 ns, Reaching safepoint: 229219 ns, At safepoint: 17576 ns, Total: 246795 ns
[2020-12-14T03:12:06.230+0000][6][safepoint    ] Safepoint "Cleanup", Time since last: 1000268374 ns, Reaching safepoint: 233958 ns, At safepoint: 18887 ns, Total: 252845 ns
[2020-12-14T03:12:07.230+0000][6][safepoint    ] Safepoint "Cleanup", Time since last: 1000214606 ns, Reaching safepoint: 226847 ns, At safepoint: 17107 ns, Total: 243954 ns
[2020-12-14T03:12:08.231+0000][6][safepoint    ] Safepoint "Cleanup", Time since last: 1000272719 ns, Reaching safepoint: 222889 ns, At safepoint: 18830 ns, Total: 241719 ns
[2020-12-14T03:12:09.231+0000][6][safepoint    ] Safepoint "Cleanup", Time since last: 1000203429 ns, Reaching safepoint: 234719 ns, At safepoint: 17296 ns, Total: 252015 ns
[2020-12-14T03:12:10.736+0000][6][safepoint    ] Safepoint "Cleanup", Time since last: 1505112672 ns, Reaching safepoint: 224275 ns, At safepoint: 17111 ns, Total: 241386 ns
[2020-12-14T03:12:11.737+0000][6][safepoint    ] Safepoint "Cleanup", Time since last: 1000204897 ns, Reaching safepoint: 222051 ns, At safepoint: 17530 ns, Total: 239581 ns
[2020-12-14T03:12:12.737+0000][6][safepoint    ] Safepoint "Cleanup", Time since last: 1000182586 ns, Reaching safepoint: 237794 ns, At safepoint: 18730 ns, Total: 256524 ns
[2020-12-14T03:12:13.738+0000][6][safepoint    ] Safepoint "Cleanup", Time since last: 1000170264 ns, Reaching safepoint: 224746 ns, At safepoint: 18927 ns, Total: 243673 ns
[2020-12-14T03:12:14.738+0000][6][safepoint    ] Safepoint "Cleanup", Time since last: 1000195887 ns, Reaching safepoint: 233354 ns, At safepoint: 22836 ns, Total: 256190 ns
[2020-12-14T03:12:15.739+0000][6][safepoint    ] Safepoint "Cleanup", Time since last: 1000192287 ns, Reaching safepoint: 212125 ns, At safepoint: 18838 ns, Total: 230963 ns
[2020-12-14T03:12:16.739+0000][6][safepoint    ] Safepoint "Cleanup", Time since last: 1000190713 ns, Reaching safepoint: 217691 ns, At safepoint: 18424 ns, Total: 236115 ns
[2020-12-14T03:12:17.739+0000][6][safepoint    ] Safepoint "Cleanup", Time since last: 1000199353 ns, Reaching safepoint: 258399 ns, At safepoint: 18150 ns, Total: 276549 ns
[2020-12-14T03:12:18.740+0000][6][safepoint    ] Safepoint "Cleanup", Time since last: 1000211832 ns, Reaching safepoint: 219006 ns, At safepoint: 18884 ns, Total: 237890 ns
[2020-12-14T03:12:19.740+0000][6][safepoint    ] Safepoint "Cleanup", Time since last: 1000331664 ns, Reaching safepoint: 219643 ns, At safepoint: 18314 ns, Total: 237957 ns
[2020-12-14T03:12:20.741+0000][6][safepoint    ] Safepoint "Cleanup", Time since last: 1000180759 ns, Reaching safepoint: 247745 ns, At safepoint: 22690 ns, Total: 270435 ns
[2020-12-14T03:12:21.741+0000][6][safepoint    ] Safepoint "Cleanup", Time since last: 1000210075 ns, Reaching safepoint: 219192 ns, At safepoint: 18588 ns, Total: 237780 ns
[2020-12-14T03:12:22.742+0000][6][safepoint    ] Safepoint "Cleanup", Time since last: 1000196409 ns, Reaching safepoint: 259819 ns, At safepoint: 18911 ns, Total: 278730 ns
[2020-12-14T03:12:23.742+0000][6][safepoint    ] Safepoint "Cleanup", Time since last: 1000211250 ns, Reaching safepoint: 330947 ns, At safepoint: 18965 ns, Total: 349912 ns
[2020-12-14T03:12:24.743+0000][6][safepoint    ] Safepoint "Cleanup", Time since last: 1000188461 ns, Reaching safepoint: 262307 ns, At safepoint: 18261 ns, Total: 280568 ns
[2020-12-14T03:12:25.743+0000][6][safepoint    ] Safepoint "Cleanup", Time since last: 1000196728 ns, Reaching safepoint: 298594 ns, At safepoint: 17964 ns, Total: 316558 ns
[2020-12-14T03:12:26.744+0000][6][safepoint    ] Safepoint "Cleanup", Time since last: 1000201285 ns, Reaching safepoint: 227868 ns, At safepoint: 18630 ns, Total: 246498 ns
[2020-12-14T03:12:27.745+0000][6][safepoint    ] Safepoint "Cleanup", Time since last: 1000516284 ns, Reaching safepoint: 188476 ns, At safepoint: 15486 ns, Total: 203962 ns
[2020-12-14T03:12:28.748+0000][6][safepoint    ] Safepoint "Cleanup", Time since last: 1003228416 ns, Reaching safepoint: 227454 ns, At safepoint: 16897 ns, Total: 244351 ns
[2020-12-14T03:12:28.766+0000][6][safepoint    ] Safepoint "BulkRevokeBias", Time since last: 16400324 ns, Reaching safepoint: 232220 ns, At safepoint: 1020587 ns, Total: 1252807 ns
[2020-12-14T03:12:29.767+0000][6][safepoint    ] Safepoint "Cleanup", Time since last: 1000875361 ns, Reaching safepoint: 225887 ns, At safepoint: 19554 ns, Total: 245441 ns
[2020-12-14T03:12:30.248+0000][6][safepoint    ] Safepoint "BulkRevokeBias", Time since last: 480264250 ns, Reaching safepoint: 237954 ns, At safepoint: 1054833 ns, Total: 1292787 ns
[2020-12-14T03:12:31.249+0000][6][safepoint    ] Safepoint "Cleanup", Time since last: 1000207716 ns, Reaching safepoint: 231243 ns, At safepoint: 18744 ns, Total: 249987 ns
[2020-12-14T03:12:32.249+0000][6][safepoint    ] Safepoint "Cleanup", Time since last: 1000213272 ns, Reaching safepoint: 289473 ns, At safepoint: 18887 ns, Total: 308360 ns
[2020-12-14T03:12:33.250+0000][6][safepoint    ] Safepoint "Cleanup", Time since last: 1000189658 ns, Reaching safepoint: 226190 ns, At safepoint: 19208 ns, Total: 245398 ns
[2020-12-14T03:12:34.250+0000][6][safepoint    ] Safepoint "Cleanup", Time since last: 1000191403 ns, Reaching safepoint: 238884 ns, At safepoint: 18301 ns, Total: 257185 ns
[2020-12-14T03:12:35.251+0000][6][safepoint    ] Safepoint "Cleanup", Time since last: 1000209666 ns, Reaching safepoint: 228685 ns, At safepoint: 18794 ns, Total: 247479 ns
[2020-12-14T03:12:36.251+0000][6][safepoint    ] Safepoint "Cleanup", Time since last: 1000204430 ns, Reaching safepoint: 296057 ns, At safepoint: 19434 ns, Total: 315491 ns
[2020-12-14T03:12:37.252+0000][6][safepoint    ] Safepoint "Cleanup", Time since last: 1000191436 ns, Reaching safepoint: 229589 ns, At safepoint: 18824 ns, Total: 248413 ns
[2020-12-14T03:12:38.252+0000][6][safepoint    ] Safepoint "Cleanup", Time since last: 1000210562 ns, Reaching safepoint: 231727 ns, At safepoint: 58607 ns, Total: 290334 ns
[2020-12-14T03:12:39.253+0000][6][safepoint    ] Safepoint "Cleanup", Time since last: 1000167891 ns, Reaching safepoint: 234646 ns, At safepoint: 16862 ns, Total: 251508 ns
[2020-12-14T03:12:40.253+0000][6][safepoint    ] Safepoint "Cleanup", Time since last: 1000205574 ns, Reaching safepoint: 246307 ns, At safepoint: 15683 ns, Total: 261990 ns
[2020-12-14T03:12:41.253+0000][6][safepoint    ] Safepoint "Cleanup", Time since last: 1000243440 ns, Reaching safepoint: 219493 ns, At safepoint: 18578 ns, Total: 238071 ns
[2020-12-14T03:12:42.254+0000][6][safepoint    ] Safepoint "Cleanup", Time since last: 1000207625 ns, Reaching safepoint: 235005 ns, At safepoint: 18988 ns, Total: 253993 ns
[2020-12-14T03:12:43.254+0000][6][safepoint    ] Safepoint "Cleanup", Time since last: 1000185289 ns, Reaching safepoint: 231326 ns, At safepoint: 19028 ns, Total: 250354 ns
[2020-12-14T03:12:44.255+0000][6][safepoint    ] Safepoint "Cleanup", Time since last: 1000190708 ns, Reaching safepoint: 233267 ns, At safepoint: 17561 ns, Total: 250828 ns
[2020-12-14T03:12:45.255+0000][6][safepoint    ] Safepoint "Cleanup", Time since last: 1000190234 ns, Reaching safepoint: 275539 ns, At safepoint: 19364 ns, Total: 294903 ns
[2020-12-14T03:12:46.256+0000][6][safepoint    ] Safepoint "Cleanup", Time since last: 1000210612 ns, Reaching safepoint: 225029 ns, At safepoint: 18727 ns, Total: 243756 ns
[2020-12-14T03:12:47.256+0000][6][safepoint    ] Safepoint "Cleanup", Time since last: 1000190545 ns, Reaching safepoint: 237624 ns, At safepoint: 17863 ns, Total: 255487 ns
[2020-12-14T03:12:48.257+0000][6][safepoint    ] Safepoint "Cleanup", Time since last: 1000211180 ns, Reaching safepoint: 222144 ns, At safepoint: 17151 ns, Total: 239295 ns
[2020-12-14T03:12:49.257+0000][6][safepoint    ] Safepoint "Cleanup", Time since last: 1000190370 ns, Reaching safepoint: 227741 ns, At safepoint: 17036 ns, Total: 244777 ns
[2020-12-14T03:12:50.258+0000][6][safepoint    ] Safepoint "Cleanup", Time since last: 1000187144 ns, Reaching safepoint: 230172 ns, At safepoint: 19658 ns, Total: 249830 ns
[2020-12-14T03:12:51.258+0000][6][safepoint    ] Safepoint "Cleanup", Time since last: 1000188361 ns, Reaching safepoint: 230696 ns, At safepoint: 20328 ns, Total: 251024 ns
[2020-12-14T03:12:52.258+0000][6][safepoint    ] Safepoint "Cleanup", Time since last: 1000186757 ns, Reaching safepoint: 211829 ns, At safepoint: 17510 ns, Total: 229339 ns
[2020-12-14T03:12:53.259+0000][6][safepoint    ] Safepoint "Cleanup", Time since last: 1000191363 ns, Reaching safepoint: 220373 ns, At safepoint: 18104 ns, Total: 238477 ns
[2020-12-14T03:12:54.259+0000][6][safepoint    ] Safepoint "Cleanup", Time since last: 1000188747 ns, Reaching safepoint: 227498 ns, At safepoint: 18407 ns, Total: 245905 ns
[2020-12-14T03:12:55.260+0000][6][safepoint    ] Safepoint "Cleanup", Time since last: 1000192252 ns, Reaching safepoint: 243170 ns, At safepoint: 17584 ns, Total: 260754 ns
[2020-12-14T03:12:56.260+0000][6][safepoint    ] Safepoint "Cleanup", Time since last: 1000173606 ns, Reaching safepoint: 350205 ns, At safepoint: 17553 ns, Total: 367758 ns
[2020-12-14T03:12:57.261+0000][6][safepoint    ] Safepoint "Cleanup", Time since last: 1000188698 ns, Reaching safepoint: 218089 ns, At safepoint: 17763 ns, Total: 235852 ns
[2020-12-14T03:12:58.261+0000][6][safepoint    ] Safepoint "Cleanup", Time since last: 1000192030 ns, Reaching safepoint: 211585 ns, At safepoint: 16340 ns, Total: 227925 ns
[2020-12-14T03:12:59.262+0000][6][safepoint    ] Safepoint "Cleanup", Time since last: 1000198070 ns, Reaching safepoint: 218919 ns, At safepoint: 17306 ns, Total: 236225 ns
[2020-12-14T03:13:00.262+0000][6][safepoint    ] Safepoint "Cleanup", Time since last: 1000185723 ns, Reaching safepoint: 258495 ns, At safepoint: 17554 ns, Total: 276049 ns
[2020-12-14T03:13:01.262+0000][6][safepoint    ] Safepoint "Cleanup", Time since last: 1000183327 ns, Reaching safepoint: 218952 ns, At safepoint: 17691 ns, Total: 236643 ns
[2020-12-14T03:13:02.263+0000][6][safepoint    ] Safepoint "Cleanup", Time since last: 1000154756 ns, Reaching safepoint: 221267 ns, At safepoint: 17360 ns, Total: 238627 ns
[2020-12-14T03:13:03.263+0000][6][safepoint    ] Safepoint "Cleanup", Time since last: 1000183216 ns, Reaching safepoint: 231453 ns, At safepoint: 18191 ns, Total: 249644 ns
[2020-12-14T03:13:04.264+0000][6][safepoint    ] Safepoint "Cleanup", Time since last: 1000186337 ns, Reaching safepoint: 224413 ns, At safepoint: 16459 ns, Total: 240872 ns
[2020-12-14T03:13:05.264+0000][6][safepoint    ] Safepoint "Cleanup", Time since last: 1000185460 ns, Reaching safepoint: 290824 ns, At safepoint: 17900 ns, Total: 308724 ns
[2020-12-14T03:13:06.265+0000][6][safepoint    ] Safepoint "Cleanup", Time since last: 1000181223 ns, Reaching safepoint: 245568 ns, At safepoint: 17894 ns, Total: 263462 ns
[2020-12-14T03:13:07.265+0000][6][safepoint    ] Safepoint "Cleanup", Time since last: 1000188211 ns, Reaching safepoint: 237147 ns, At safepoint: 16236 ns, Total: 253383 ns
[2020-12-14T03:13:08.265+0000][6][safepoint    ] Safepoint "Cleanup", Time since last: 1000204733 ns, Reaching safepoint: 226797 ns, At safepoint: 18030 ns, Total: 244827 ns
[2020-12-14T03:13:09.266+0000][6][safepoint    ] Safepoint "Cleanup", Time since last: 1000194789 ns, Reaching safepoint: 222114 ns, At safepoint: 17963 ns, Total: 240077 ns
[2020-12-14T03:13:10.266+0000][6][safepoint    ] Safepoint "Cleanup", Time since last: 1000187237 ns, Reaching safepoint: 221340 ns, At safepoint: 18264 ns, Total: 239604 ns
[2020-12-14T03:13:11.267+0000][6][safepoint    ] Safepoint "Cleanup", Time since last: 1000198761 ns, Reaching safepoint: 216524 ns, At safepoint: 17884 ns, Total: 234408 ns
[2020-12-14T03:13:12.389+0000][6][safepoint    ] Safepoint "Cleanup", Time since last: 1121996831 ns, Reaching safepoint: 225966 ns, At safepoint: 19595 ns, Total: 245561 ns
[2020-12-14T03:13:13.389+0000][6][safepoint    ] Safepoint "Cleanup", Time since last: 1000197728 ns, Reaching safepoint: 223185 ns, At safepoint: 18064 ns, Total: 241249 ns
[2020-12-14T03:13:14.390+0000][6][safepoint    ] Safepoint "Cleanup", Time since last: 1000150157 ns, Reaching safepoint: 212141 ns, At safepoint: 15171 ns, Total: 227312 ns
[2020-12-14T03:13:15.390+0000][6][safepoint    ] Safepoint "Cleanup", Time since last: 1000172447 ns, Reaching safepoint: 267687 ns, At safepoint: 19438 ns, Total: 287125 ns
[2020-12-14T03:13:16.391+0000][6][safepoint    ] Safepoint "Cleanup", Time since last: 1000181123 ns, Reaching safepoint: 421619 ns, At safepoint: 24488 ns, Total: 446107 ns
[2020-12-14T03:13:17.391+0000][6][safepoint    ] Safepoint "Cleanup", Time since last: 1000210639 ns, Reaching safepoint: 263472 ns, At safepoint: 19354 ns, Total: 282826 ns
[2020-12-14T03:13:18.392+0000][6][safepoint    ] Safepoint "Cleanup", Time since last: 1000140331 ns, Reaching safepoint: 226861 ns, At safepoint: 17740 ns, Total: 244601 ns
[2020-12-14T03:13:19.392+0000][6][safepoint    ] Safepoint "Cleanup", Time since last: 1000184421 ns, Reaching safepoint: 256713 ns, At safepoint: 19661 ns, Total: 276374 ns
[2020-12-14T03:13:20.393+0000][6][safepoint    ] Safepoint "Cleanup", Time since last: 1000183993 ns, Reaching safepoint: 204444 ns, At safepoint: 18901 ns, Total: 223345 ns
[2020-12-14T03:13:21.393+0000][6][safepoint    ] Safepoint "Cleanup", Time since last: 1000190114 ns, Reaching safepoint: 341816 ns, At safepoint: 23243 ns, Total: 365059 ns
[2020-12-14T03:13:22.394+0000][6][safepoint    ] Safepoint "Cleanup", Time since last: 1000185142 ns, Reaching safepoint: 211718 ns, At safepoint: 18647 ns, Total: 230365 ns
[2020-12-14T03:13:23.394+0000][6][safepoint    ] Safepoint "Cleanup", Time since last: 1000175677 ns, Reaching safepoint: 272443 ns, At safepoint: 17240 ns, Total: 289683 ns
[2020-12-14T03:13:24.395+0000][6][safepoint    ] Safepoint "Cleanup", Time since last: 1000187405 ns, Reaching safepoint: 214437 ns, At safepoint: 17830 ns, Total: 232267 ns
[2020-12-14T03:13:25.395+0000][6][safepoint    ] Safepoint "Cleanup", Time since last: 1000198069 ns, Reaching safepoint: 248319 ns, At safepoint: 18321 ns, Total: 266640 ns
[2020-12-14T03:13:26.395+0000][6][safepoint    ] Safepoint "Cleanup", Time since last: 1000175952 ns, Reaching safepoint: 228301 ns, At safepoint: 20665 ns, Total: 248966 ns
[2020-12-14T03:13:27.396+0000][6][safepoint    ] Safepoint "Cleanup", Time since last: 1000185510 ns, Reaching safepoint: 217251 ns, At safepoint: 18928 ns, Total: 236179 ns
[2020-12-14T03:13:28.814+0000][6][safepoint    ] Safepoint "Cleanup", Time since last: 1417404497 ns, Reaching safepoint: 234745 ns, At safepoint: 19948 ns, Total: 254693 ns
[2020-12-14T03:13:30.280+0000][6][safepoint    ] Safepoint "Cleanup", Time since last: 1466071556 ns, Reaching safepoint: 214220 ns, At safepoint: 18317 ns, Total: 232537 ns
[2020-12-14T03:13:30.284+0000][6][safepoint    ] Safepoint "BulkRevokeBias", Time since last: 2783520 ns, Reaching safepoint: 176805 ns, At safepoint: 938113 ns, Total: 1114918 ns
[2020-12-14T03:13:31.286+0000][6][safepoint    ] Safepoint "Cleanup", Time since last: 1002241607 ns, Reaching safepoint: 240902 ns, At safepoint: 20779 ns, Total: 261681 ns
[2020-12-14T03:13:32.287+0000][6][safepoint    ] Safepoint "Cleanup", Time since last: 1000186833 ns, Reaching safepoint: 214163 ns, At safepoint: 17315 ns, Total: 231478 ns
[2020-12-14T03:13:33.287+0000][6][safepoint    ] Safepoint "Cleanup", Time since last: 1000198301 ns, Reaching safepoint: 230383 ns, At safepoint: 60962 ns, Total: 291345 ns
[2020-12-14T03:13:34.288+0000][6][safepoint    ] Safepoint "Cleanup", Time since last: 1000203876 ns, Reaching safepoint: 220284 ns, At safepoint: 18981 ns, Total: 239265 ns
[2020-12-14T03:13:35.288+0000][6][safepoint    ] Safepoint "Cleanup", Time since last: 1000207225 ns, Reaching safepoint: 232161 ns, At safepoint: 16009 ns, Total: 248170 ns
[2020-12-14T03:13:36.289+0000][6][safepoint    ] Safepoint "Cleanup", Time since last: 1000268250 ns, Reaching safepoint: 238523 ns, At safepoint: 19041 ns, Total: 257564 ns
[2020-12-14T03:13:37.289+0000][6][safepoint    ] Safepoint "Cleanup", Time since last: 1000193084 ns, Reaching safepoint: 233471 ns, At safepoint: 18767 ns, Total: 252238 ns
[2020-12-14T03:13:38.289+0000][6][safepoint    ] Safepoint "Cleanup", Time since last: 1000186877 ns, Reaching safepoint: 230119 ns, At safepoint: 19338 ns, Total: 249457 ns
[2020-12-14T03:13:39.290+0000][6][safepoint    ] Safepoint "Cleanup", Time since last: 1000160611 ns, Reaching safepoint: 226527 ns, At safepoint: 30304 ns, Total: 256831 ns
[2020-12-14T03:13:40.290+0000][6][safepoint    ] Safepoint "Cleanup", Time since last: 1000187306 ns, Reaching safepoint: 295276 ns, At safepoint: 18915 ns, Total: 314191 ns
[2020-12-14T03:13:41.291+0000][6][safepoint    ] Safepoint "Cleanup", Time since last: 1000191486 ns, Reaching safepoint: 227575 ns, At safepoint: 18890 ns, Total: 246465 ns
[2020-12-14T03:13:42.291+0000][6][safepoint    ] Safepoint "Cleanup", Time since last: 1000176621 ns, Reaching safepoint: 245811 ns, At safepoint: 19088 ns, Total: 264899 ns
[2020-12-14T03:13:43.292+0000][6][safepoint    ] Safepoint "Cleanup", Time since last: 1000191824 ns, Reaching safepoint: 222234 ns, At safepoint: 21156 ns, Total: 243390 ns
[2020-12-14T03:13:44.292+0000][6][safepoint    ] Safepoint "Cleanup", Time since last: 1000187944 ns, Reaching safepoint: 234148 ns, At safepoint: 17633 ns, Total: 251781 ns
[2020-12-14T03:13:45.293+0000][6][safepoint    ] Safepoint "Cleanup", Time since last: 1000189681 ns, Reaching safepoint: 223079 ns, At safepoint: 21055 ns, Total: 244134 ns
[2020-12-14T03:13:46.293+0000][6][safepoint    ] Safepoint "Cleanup", Time since last: 1000187831 ns, Reaching safepoint: 224033 ns, At safepoint: 18657 ns, Total: 242690 ns
[2020-12-14T03:13:47.293+0000][6][safepoint    ] Safepoint "Cleanup", Time since last: 1000193821 ns, Reaching safepoint: 226767 ns, At safepoint: 18487 ns, Total: 245254 ns
[2020-12-14T03:13:48.294+0000][6][safepoint    ] Safepoint "Cleanup", Time since last: 1000190109 ns, Reaching safepoint: 232026 ns, At safepoint: 18671 ns, Total: 250697 ns
[2020-12-14T03:13:49.294+0000][6][safepoint    ] Safepoint "Cleanup", Time since last: 1000194802 ns, Reaching safepoint: 355194 ns, At safepoint: 19074 ns, Total: 374268 ns
[2020-12-14T03:13:50.295+0000][6][safepoint    ] Safepoint "Cleanup", Time since last: 1000187703 ns, Reaching safepoint: 237203 ns, At safepoint: 17552 ns, Total: 254755 ns
[2020-12-14T03:13:51.295+0000][6][safepoint    ] Safepoint "Cleanup", Time since last: 1000186692 ns, Reaching safepoint: 299910 ns, At safepoint: 19137 ns, Total: 319047 ns
[2020-12-14T03:13:52.296+0000][6][safepoint    ] Safepoint "Cleanup", Time since last: 1000188771 ns, Reaching safepoint: 235322 ns, At safepoint: 18860 ns, Total: 254182 ns
[2020-12-14T03:13:53.296+0000][6][safepoint    ] Safepoint "Cleanup", Time since last: 1000186944 ns, Reaching safepoint: 284330 ns, At safepoint: 18594 ns, Total: 302924 ns
[2020-12-14T03:13:54.297+0000][6][safepoint    ] Safepoint "Cleanup", Time since last: 1000191595 ns, Reaching safepoint: 232286 ns, At safepoint: 18454 ns, Total: 250740 ns
[2020-12-14T03:13:55.297+0000][6][safepoint    ] Safepoint "Cleanup", Time since last: 1000187567 ns, Reaching safepoint: 290487 ns, At safepoint: 18844 ns, Total: 309331 ns
[2020-12-14T03:13:56.298+0000][6][safepoint    ] Safepoint "Cleanup", Time since last: 1000184399 ns, Reaching safepoint: 232563 ns, At safepoint: 18844 ns, Total: 251407 ns
[2020-12-14T03:13:57.298+0000][6][safepoint    ] Safepoint "Cleanup", Time since last: 1000193237 ns, Reaching safepoint: 283986 ns, At safepoint: 20622 ns, Total: 304608 ns
[2020-12-14T03:13:58.299+0000][6][safepoint    ] Safepoint "Cleanup", Time since last: 1000175938 ns, Reaching safepoint: 222732 ns, At safepoint: 18617 ns, Total: 241349 ns
[2020-12-14T03:13:59.299+0000][6][safepoint    ] Safepoint "Cleanup", Time since last: 1000197266 ns, Reaching safepoint: 214113 ns, At safepoint: 18671 ns, Total: 232784 ns
[2020-12-14T03:14:00.299+0000][6][safepoint    ] Safepoint "Cleanup", Time since last: 1000199243 ns, Reaching safepoint: 245828 ns, At safepoint: 19274 ns, Total: 265102 ns
[2020-12-14T03:14:01.300+0000][6][safepoint    ] Safepoint "Cleanup", Time since last: 1000189216 ns, Reaching safepoint: 235999 ns, At safepoint: 17270 ns, Total: 253269 ns
[2020-12-14T03:14:02.300+0000][6][safepoint    ] Safepoint "Cleanup", Time since last: 1000188714 ns, Reaching safepoint: 221294 ns, At safepoint: 17567 ns, Total: 238861 ns
[2020-12-14T03:14:03.301+0000][6][safepoint    ] Safepoint "Cleanup", Time since last: 1000186460 ns, Reaching safepoint: 244797 ns, At safepoint: 19281 ns, Total: 264078 ns
[2020-12-14T03:14:04.301+0000][6][safepoint    ] Safepoint "Cleanup", Time since last: 1000188124 ns, Reaching safepoint: 237673 ns, At safepoint: 19738 ns, Total: 257411 ns
[2020-12-14T03:14:05.302+0000][6][safepoint    ] Safepoint "Cleanup", Time since last: 1000196960 ns, Reaching safepoint: 228515 ns, At safepoint: 17893 ns, Total: 246408 ns
[2020-12-14T03:14:06.302+0000][6][safepoint    ] Safepoint "Cleanup", Time since last: 1000189115 ns, Reaching safepoint: 363476 ns, At safepoint: 18814 ns, Total: 382290 ns
[2020-12-14T03:14:07.303+0000][6][safepoint    ] Safepoint "Cleanup", Time since last: 1000195248 ns, Reaching safepoint: 255787 ns, At safepoint: 18499 ns, Total: 274286 ns
[2020-12-14T03:14:08.303+0000][6][safepoint    ] Safepoint "Cleanup", Time since last: 1000187355 ns, Reaching safepoint: 237930 ns, At safepoint: 19091 ns, Total: 257021 ns
[2020-12-14T03:14:09.304+0000][6][safepoint    ] Safepoint "Cleanup", Time since last: 1000190366 ns, Reaching safepoint: 231782 ns, At safepoint: 18885 ns, Total: 250667 ns
[2020-12-14T03:14:10.304+0000][6][safepoint    ] Safepoint "Cleanup", Time since last: 1000190748 ns, Reaching safepoint: 216882 ns, At safepoint: 17083 ns, Total: 233965 ns
[2020-12-14T03:14:11.717+0000][6][safepoint    ] Safepoint "Cleanup", Time since last: 1412348501 ns, Reaching safepoint: 230786 ns, At safepoint: 18597 ns, Total: 249383 ns
[2020-12-14T03:14:12.717+0000][6][safepoint    ] Safepoint "Cleanup", Time since last: 1000187875 ns, Reaching safepoint: 229119 ns, At safepoint: 46343 ns, Total: 275462 ns
[2020-12-14T03:14:13.718+0000][6][safepoint    ] Safepoint "Cleanup", Time since last: 1000197244 ns, Reaching safepoint: 233348 ns, At safepoint: 18313 ns, Total: 251661 ns
[2020-12-14T03:14:14.718+0000][6][safepoint    ] Safepoint "Cleanup", Time since last: 1000152973 ns, Reaching safepoint: 209426 ns, At safepoint: 16444 ns, Total: 225870 ns
[2020-12-14T03:14:15.718+0000][6][safepoint    ] Safepoint "Cleanup", Time since last: 1000196746 ns, Reaching safepoint: 236756 ns, At safepoint: 20365 ns, Total: 257121 ns
[2020-12-14T03:14:16.719+0000][6][safepoint    ] Safepoint "Cleanup", Time since last: 1000189648 ns, Reaching safepoint: 215087 ns, At safepoint: 17854 ns, Total: 232941 ns
[2020-12-14T03:14:17.719+0000][6][safepoint    ] Safepoint "Cleanup", Time since last: 1000186849 ns, Reaching safepoint: 275899 ns, At safepoint: 18921 ns, Total: 294820 ns
[2020-12-14T03:14:18.720+0000][6][safepoint    ] Safepoint "Cleanup", Time since last: 1000195392 ns, Reaching safepoint: 226894 ns, At safepoint: 18250 ns, Total: 245144 ns
[2020-12-14T03:14:19.720+0000][6][safepoint    ] Safepoint "Cleanup", Time since last: 1000189882 ns, Reaching safepoint: 297781 ns, At safepoint: 18618 ns, Total: 316399 ns
[2020-12-14T03:14:20.721+0000][6][safepoint    ] Safepoint "Cleanup", Time since last: 1000194840 ns, Reaching safepoint: 234452 ns, At safepoint: 18671 ns, Total: 253123 ns
[2020-12-14T03:14:21.721+0000][6][safepoint    ] Safepoint "Cleanup", Time since last: 1000197579 ns, Reaching safepoint: 280938 ns, At safepoint: 19031 ns, Total: 299969 ns
[2020-12-14T03:14:22.722+0000][6][safepoint    ] Safepoint "Cleanup", Time since last: 1000188007 ns, Reaching safepoint: 234675 ns, At safepoint: 18441 ns, Total: 253116 ns
[2020-12-14T03:14:23.722+0000][6][safepoint    ] Safepoint "Cleanup", Time since last: 1000195401 ns, Reaching safepoint: 232194 ns, At safepoint: 39546 ns, Total: 271740 ns
[2020-12-14T03:14:24.723+0000][6][safepoint    ] Safepoint "Cleanup", Time since last: 1000199809 ns, Reaching safepoint: 233234 ns, At safepoint: 25388 ns, Total: 258622 ns
[2020-12-14T03:14:25.723+0000][6][safepoint    ] Safepoint "Cleanup", Time since last: 1000190669 ns, Reaching safepoint: 260373 ns, At safepoint: 17009 ns, Total: 277382 ns
[2020-12-14T03:14:26.723+0000][6][safepoint    ] Safepoint "Cleanup", Time since last: 1000221244 ns, Reaching safepoint: 229781 ns, At safepoint: 17065 ns, Total: 246846 ns
[2020-12-14T03:14:27.724+0000][6][safepoint    ] Safepoint "Cleanup", Time since last: 1000187256 ns, Reaching safepoint: 249033 ns, At safepoint: 18700 ns, Total: 267733 ns
[2020-12-14T03:14:27.863+0000][6][safepoint    ] Safepoint "BulkRevokeBias", Time since last: 137962491 ns, Reaching safepoint: 254789 ns, At safepoint: 890532 ns, Total: 1145321 ns
[2020-12-14T03:14:28.879+0000][6][safepoint    ] Safepoint "Cleanup", Time since last: 1016073385 ns, Reaching safepoint: 223085 ns, At safepoint: 19474 ns, Total: 242559 ns
[2020-12-14T03:14:29.880+0000][6][safepoint    ] Safepoint "Cleanup", Time since last: 1000190864 ns, Reaching safepoint: 214997 ns, At safepoint: 20309 ns, Total: 235306 ns
[2020-12-14T03:14:31.777+0000][6][safepoint    ] Safepoint "Cleanup", Time since last: 1897490576 ns, Reaching safepoint: 200602 ns, At safepoint: 18321 ns, Total: 218923 ns
[2020-12-14T03:14:32.778+0000][6][safepoint    ] Safepoint "Cleanup", Time since last: 1000187428 ns, Reaching safepoint: 238891 ns, At safepoint: 20645 ns, Total: 259536 ns
[2020-12-14T03:14:33.778+0000][6][safepoint    ] Safepoint "Cleanup", Time since last: 1000186720 ns, Reaching safepoint: 220857 ns, At safepoint: 17547 ns, Total: 238404 ns
[2020-12-14T03:14:34.779+0000][6][safepoint    ] Safepoint "Cleanup", Time since last: 1000188080 ns, Reaching safepoint: 226845 ns, At safepoint: 17016 ns, Total: 243861 ns
[2020-12-14T03:14:35.779+0000][6][safepoint    ] Safepoint "Cleanup", Time since last: 1000184377 ns, Reaching safepoint: 255354 ns, At safepoint: 18474 ns, Total: 273828 ns
[2020-12-14T03:14:36.780+0000][6][safepoint    ] Safepoint "Cleanup", Time since last: 1000190099 ns, Reaching safepoint: 226500 ns, At safepoint: 18618 ns, Total: 245118 ns
[2020-12-14T03:14:37.780+0000][6][safepoint    ] Safepoint "Cleanup", Time since last: 1000187527 ns, Reaching safepoint: 373398 ns, At safepoint: 19371 ns, Total: 392769 ns
[2020-12-14T03:14:38.781+0000][6][safepoint    ] Safepoint "Cleanup", Time since last: 1000189815 ns, Reaching safepoint: 230259 ns, At safepoint: 18814 ns, Total: 249073 ns
[2020-12-14T03:14:39.781+0000][6][safepoint    ] Safepoint "Cleanup", Time since last: 1000188135 ns, Reaching safepoint: 260579 ns, At safepoint: 18781 ns, Total: 279360 ns
[2020-12-14T03:14:40.782+0000][6][safepoint    ] Safepoint "Cleanup", Time since last: 1000188211 ns, Reaching safepoint: 282106 ns, At safepoint: 18537 ns, Total: 300643 ns
[2020-12-14T03:14:41.782+0000][6][safepoint    ] Safepoint "Cleanup", Time since last: 1000184227 ns, Reaching safepoint: 255444 ns, At safepoint: 21475 ns, Total: 276919 ns
[2020-12-14T03:14:42.783+0000][6][safepoint    ] Safepoint "Cleanup", Time since last: 1000188392 ns, Reaching safepoint: 231260 ns, At safepoint: 19001 ns, Total: 250261 ns
[2020-12-14T03:14:43.783+0000][6][safepoint    ] Safepoint "Cleanup", Time since last: 1000183409 ns, Reaching safepoint: 234668 ns, At safepoint: 19051 ns, Total: 253719 ns
[2020-12-14T03:14:44.783+0000][6][safepoint    ] Safepoint "Cleanup", Time since last: 1000207472 ns, Reaching safepoint: 231630 ns, At safepoint: 18757 ns, Total: 250387 ns
[2020-12-14T03:14:45.784+0000][6][safepoint    ] Safepoint "Cleanup", Time since last: 1000194311 ns, Reaching safepoint: 232477 ns, At safepoint: 21139 ns, Total: 253616 ns
[2020-12-14T03:14:46.784+0000][6][safepoint    ] Safepoint "Cleanup", Time since last: 1000200074 ns, Reaching safepoint: 236673 ns, At safepoint: 21692 ns, Total: 258365 ns
[2020-12-14T03:14:47.785+0000][6][safepoint    ] Safepoint "Cleanup", Time since last: 1000163844 ns, Reaching safepoint: 221054 ns, At safepoint: 17573 ns, Total: 238627 ns
[2020-12-14T03:14:48.785+0000][6][safepoint    ] Safepoint "Cleanup", Time since last: 1000190618 ns, Reaching safepoint: 262114 ns, At safepoint: 18788 ns, Total: 280902 ns
[2020-12-14T03:14:49.786+0000][6][safepoint    ] Safepoint "Cleanup", Time since last: 1000191616 ns, Reaching safepoint: 227484 ns, At safepoint: 18581 ns, Total: 246065 ns
[2020-12-14T03:14:50.786+0000][6][safepoint    ] Safepoint "Cleanup", Time since last: 1000187254 ns, Reaching safepoint: 376487 ns, At safepoint: 19718 ns, Total: 396205 ns
[2020-12-14T03:14:51.787+0000][6][safepoint    ] Safepoint "Cleanup", Time since last: 1000190979 ns, Reaching safepoint: 219426 ns, At safepoint: 18287 ns, Total: 237713 ns
[2020-12-14T03:14:52.787+0000][6][safepoint    ] Safepoint "Cleanup", Time since last: 1000188260 ns, Reaching safepoint: 280038 ns, At safepoint: 19285 ns, Total: 299323 ns
[2020-12-14T03:14:53.788+0000][6][safepoint    ] Safepoint "Cleanup", Time since last: 1000191499 ns, Reaching safepoint: 243643 ns, At safepoint: 19108 ns, Total: 262751 ns
[2020-12-14T03:14:54.788+0000][6][safepoint    ] Safepoint "Cleanup", Time since last: 1000159952 ns, Reaching safepoint: 233211 ns, At safepoint: 18530 ns, Total: 251741 ns
[2020-12-14T03:14:55.789+0000][6][safepoint    ] Safepoint "Cleanup", Time since last: 1000204994 ns, Reaching safepoint: 255227 ns, At safepoint: 16516 ns, Total: 271743 ns
[2020-12-14T03:14:56.789+0000][6][safepoint    ] Safepoint "Cleanup", Time since last: 1000178405 ns, Reaching safepoint: 264155 ns, At safepoint: 17824 ns, Total: 281979 ns
[2020-12-14T03:14:57.789+0000][6][safepoint    ] Safepoint "Cleanup", Time since last: 1000204803 ns, Reaching safepoint: 224122 ns, At safepoint: 24474 ns, Total: 248596 ns
[2020-12-14T03:14:58.790+0000][6][safepoint    ] Safepoint "Cleanup", Time since last: 1000194362 ns, Reaching safepoint: 231837 ns, At safepoint: 17940 ns, Total: 249777 ns
[2020-12-14T03:14:59.790+0000][6][safepoint    ] Safepoint "Cleanup", Time since last: 1000212832 ns, Reaching safepoint: 246898 ns, At safepoint: 17627 ns, Total: 264525 ns
[2020-12-14T03:15:00.791+0000][6][safepoint    ] Safepoint "Cleanup", Time since last: 1000193261 ns, Reaching safepoint: 228154 ns, At safepoint: 18397 ns, Total: 246551 ns
[2020-12-14T03:15:01.791+0000][6][safepoint    ] Safepoint "Cleanup", Time since last: 1000193137 ns, Reaching safepoint: 224343 ns, At safepoint: 20008 ns, Total: 244351 ns
[2020-12-14T03:15:02.792+0000][6][safepoint    ] Safepoint "Cleanup", Time since last: 1000203987 ns, Reaching safepoint: 220863 ns, At safepoint: 21903 ns, Total: 242766 ns
[2020-12-14T03:15:03.792+0000][6][safepoint    ] Safepoint "Cleanup", Time since last: 1000160334 ns, Reaching safepoint: 247262 ns, At safepoint: 27823 ns, Total: 275085 ns
[2020-12-14T03:15:04.793+0000][6][safepoint    ] Safepoint "Cleanup", Time since last: 1000199717 ns, Reaching safepoint: 254123 ns, At safepoint: 19448 ns, Total: 273571 ns
[2020-12-14T03:15:05.793+0000][6][safepoint    ] Safepoint "Cleanup", Time since last: 1000190796 ns, Reaching safepoint: 228291 ns, At safepoint: 21786 ns, Total: 250077 ns
[2020-12-14T03:15:06.793+0000][6][safepoint    ] Safepoint "Cleanup", Time since last: 1000207719 ns, Reaching safepoint: 234358 ns, At safepoint: 23076 ns, Total: 257434 ns
[2020-12-14T03:15:07.794+0000][6][safepoint    ] Safepoint "Cleanup", Time since last: 1000190946 ns, Reaching safepoint: 282966 ns, At safepoint: 21219 ns, Total: 304185 ns
[2020-12-14T03:15:08.794+0000][6][safepoint    ] Safepoint "Cleanup", Time since last: 1000207082 ns, Reaching safepoint: 231256 ns, At safepoint: 22967 ns, Total: 254223 ns
[2020-12-14T03:15:09.795+0000][6][safepoint    ] Safepoint "Cleanup", Time since last: 1000200634 ns, Reaching safepoint: 242756 ns, At safepoint: 21859 ns, Total: 264615 ns
[2020-12-14T03:15:10.795+0000][6][safepoint    ] Safepoint "Cleanup", Time since last: 1000191617 ns, Reaching safepoint: 225773 ns, At safepoint: 21579 ns, Total: 247352 ns
[2020-12-14T03:15:11.796+0000][6][safepoint    ] Safepoint "Cleanup", Time since last: 1000191427 ns, Reaching safepoint: 234528 ns, At safepoint: 21772 ns, Total: 256300 ns
[2020-12-14T03:15:12.796+0000][6][safepoint    ] Safepoint "Cleanup", Time since last: 1000196883 ns, Reaching safepoint: 264445 ns, At safepoint: 22180 ns, Total: 286625 ns
[2020-12-14T03:15:13.797+0000][6][safepoint    ] Safepoint "Cleanup", Time since last: 1000191506 ns, Reaching safepoint: 230302 ns, At safepoint: 21636 ns, Total: 251938 ns
[2020-12-14T03:15:14.797+0000][6][safepoint    ] Safepoint "Cleanup", Time since last: 1000190740 ns, Reaching safepoint: 266384 ns, At safepoint: 22276 ns, Total: 288660 ns
[2020-12-14T03:15:15.798+0000][6][safepoint    ] Safepoint "Cleanup", Time since last: 1000190005 ns, Reaching safepoint: 246392 ns, At safepoint: 21916 ns, Total: 268308 ns
[2020-12-14T03:15:16.798+0000][6][safepoint    ] Safepoint "Cleanup", Time since last: 1000188863 ns, Reaching safepoint: 291781 ns, At safepoint: 23186 ns, Total: 314967 ns
[2020-12-14T03:15:17.799+0000][6][safepoint    ] Safepoint "Cleanup", Time since last: 1000192430 ns, Reaching safepoint: 221327 ns, At safepoint: 19995 ns, Total: 241322 ns
[2020-12-14T03:15:18.799+0000][6][safepoint    ] Safepoint "Cleanup", Time since last: 1000191517 ns, Reaching safepoint: 242039 ns, At safepoint: 20368 ns, Total: 262407 ns
[2020-12-14T03:15:19.800+0000][6][safepoint    ] Safepoint "Cleanup", Time since last: 1000209453 ns, Reaching safepoint: 235736 ns, At safepoint: 22396 ns, Total: 258132 ns
[2020-12-14T03:15:20.800+0000][6][safepoint    ] Safepoint "Cleanup", Time since last: 1000189855 ns, Reaching safepoint: 237120 ns, At safepoint: 21829 ns, Total: 258949 ns
[2020-12-14T03:15:21.800+0000][6][safepoint    ] Safepoint "Cleanup", Time since last: 1000186306 ns, Reaching safepoint: 240725 ns, At safepoint: 22283 ns, Total: 263008 ns
[2020-12-14T03:15:22.801+0000][6][safepoint    ] Safepoint "Cleanup", Time since last: 1000188384 ns, Reaching safepoint: 252846 ns, At safepoint: 21972 ns, Total: 274818 ns
[2020-12-14T03:15:23.801+0000][6][safepoint    ] Safepoint "Cleanup", Time since last: 1000199871 ns, Reaching safepoint: 238084 ns, At safepoint: 21876 ns, Total: 259960 ns
[2020-12-14T03:15:24.802+0000][6][safepoint    ] Safepoint "Cleanup", Time since last: 1000188997 ns, Reaching safepoint: 238647 ns, At safepoint: 21943 ns, Total: 260590 ns
[2020-12-14T03:15:25.802+0000][6][safepoint    ] Safepoint "Cleanup", Time since last: 1000191527 ns, Reaching safepoint: 275061 ns, At safepoint: 22020 ns, Total: 297081 ns
[2020-12-14T03:15:26.803+0000][6][safepoint    ] Safepoint "Cleanup", Time since last: 1000183033 ns, Reaching safepoint: 242725 ns, At safepoint: 20400 ns, Total: 263125 ns
[2020-12-14T03:15:27.803+0000][6][safepoint    ] Safepoint "Cleanup", Time since last: 1000181628 ns, Reaching safepoint: 265376 ns, At safepoint: 22329 ns, Total: 287705 ns
[2020-12-14T03:15:29.047+0000][6][safepoint    ] Safepoint "Cleanup", Time since last: 1243462319 ns, Reaching safepoint: 219813 ns, At safepoint: 19038 ns, Total: 238851 ns
[2020-12-14T03:15:30.047+0000][6][safepoint    ] Safepoint "Cleanup", Time since last: 1000189479 ns, Reaching safepoint: 235855 ns, At safepoint: 17220 ns, Total: 253075 ns
[2020-12-14T03:15:30.442+0000][6][safepoint    ] Safepoint "BulkRevokeBias", Time since last: 393022530 ns, Reaching safepoint: 246108 ns, At safepoint: 993914 ns, Total: 1240022 ns
[2020-12-14T03:15:31.767+0000][6][safepoint    ] Safepoint "Cleanup", Time since last: 1324884815 ns, Reaching safepoint: 272464 ns, At safepoint: 21603 ns, Total: 294067 ns
[2020-12-14T03:15:32.768+0000][6][safepoint    ] Safepoint "Cleanup", Time since last: 1000803105 ns, Reaching safepoint: 224476 ns, At safepoint: 20048 ns, Total: 244524 ns
[2020-12-14T03:15:33.768+0000][6][safepoint    ] Safepoint "Cleanup", Time since last: 1000183353 ns, Reaching safepoint: 236562 ns, At safepoint: 19632 ns, Total: 256194 ns
[2020-12-14T03:15:34.769+0000][6][safepoint    ] Safepoint "Cleanup", Time since last: 1000189010 ns, Reaching safepoint: 283950 ns, At safepoint: 19417 ns, Total: 303367 ns
[2020-12-14T03:15:35.769+0000][6][safepoint    ] Safepoint "Cleanup", Time since last: 1000185190 ns, Reaching safepoint: 256251 ns, At safepoint: 19264 ns, Total: 275515 ns
[2020-12-14T03:15:36.770+0000][6][safepoint    ] Safepoint "Cleanup", Time since last: 1000189351 ns, Reaching safepoint: 219719 ns, At safepoint: 29382 ns, Total: 249101 ns
[2020-12-14T03:15:37.770+0000][6][safepoint    ] Safepoint "Cleanup", Time since last: 1000178930 ns, Reaching safepoint: 238894 ns, At safepoint: 20005 ns, Total: 258899 ns
[2020-12-14T03:15:38.771+0000][6][safepoint    ] Safepoint "Cleanup", Time since last: 1000201293 ns, Reaching safepoint: 221867 ns, At safepoint: 15378 ns, Total: 237245 ns
[2020-12-14T03:15:39.771+0000][6][safepoint    ] Safepoint "Cleanup", Time since last: 1000176444 ns, Reaching safepoint: 224896 ns, At safepoint: 17707 ns, Total: 242603 ns
[2020-12-14T03:15:40.771+0000][6][safepoint    ] Safepoint "Cleanup", Time since last: 1000183512 ns, Reaching safepoint: 240459 ns, At safepoint: 18810 ns, Total: 259269 ns
[2020-12-14T03:15:41.772+0000][6][safepoint    ] Safepoint "Cleanup", Time since last: 1000184243 ns, Reaching safepoint: 240308 ns, At safepoint: 20718 ns, Total: 261026 ns
[2020-12-14T03:15:42.772+0000][6][safepoint    ] Safepoint "Cleanup", Time since last: 1000186703 ns, Reaching safepoint: 316662 ns, At safepoint: 18681 ns, Total: 335343 ns
[2020-12-14T03:15:43.773+0000][6][safepoint    ] Safepoint "Cleanup", Time since last: 1000201629 ns, Reaching safepoint: 232971 ns, At safepoint: 17595 ns, Total: 250566 ns
[2020-12-14T03:15:44.773+0000][6][safepoint    ] Safepoint "Cleanup", Time since last: 1000181902 ns, Reaching safepoint: 259956 ns, At safepoint: 17680 ns, Total: 277636 ns
[2020-12-14T03:15:45.774+0000][6][safepoint    ] Safepoint "Cleanup", Time since last: 1000185383 ns, Reaching safepoint: 238020 ns, At safepoint: 19921 ns, Total: 257941 ns
[2020-12-14T03:15:46.774+0000][6][safepoint    ] Safepoint "Cleanup", Time since last: 1000199077 ns, Reaching safepoint: 218259 ns, At safepoint: 18608 ns, Total: 236867 ns
[2020-12-14T03:15:47.775+0000][6][safepoint    ] Safepoint "Cleanup", Time since last: 1000188036 ns, Reaching safepoint: 226988 ns, At safepoint: 17783 ns, Total: 244771 ns
[2020-12-14T03:15:48.775+0000][6][safepoint    ] Safepoint "Cleanup", Time since last: 1000189549 ns, Reaching safepoint: 291247 ns, At safepoint: 16933 ns, Total: 308180 ns
[2020-12-14T03:15:49.776+0000][6][safepoint    ] Safepoint "Cleanup", Time since last: 1000186934 ns, Reaching safepoint: 226530 ns, At safepoint: 17961 ns, Total: 244491 ns
[2020-12-14T03:15:50.776+0000][6][safepoint    ] Safepoint "Cleanup", Time since last: 1000207697 ns, Reaching safepoint: 270139 ns, At safepoint: 16923 ns, Total: 287062 ns
[2020-12-14T03:15:51.777+0000][6][safepoint    ] Safepoint "Cleanup", Time since last: 1000251609 ns, Reaching safepoint: 235051 ns, At safepoint: 19255 ns, Total: 254306 ns
[2020-12-14T03:15:52.777+0000][6][safepoint    ] Safepoint "Cleanup", Time since last: 1000184887 ns, Reaching safepoint: 239902 ns, At safepoint: 18700 ns, Total: 258602 ns
[2020-12-14T03:15:53.777+0000][6][safepoint    ] Safepoint "Cleanup", Time since last: 1000183440 ns, Reaching safepoint: 234101 ns, At safepoint: 29691 ns, Total: 263792 ns
[2020-12-14T03:15:54.778+0000][6][safepoint    ] Safepoint "Cleanup", Time since last: 1000206364 ns, Reaching safepoint: 241089 ns, At safepoint: 19064 ns, Total: 260153 ns
[2020-12-14T03:15:55.778+0000][6][safepoint    ] Safepoint "Cleanup", Time since last: 1000296265 ns, Reaching safepoint: 267481 ns, At safepoint: 18881 ns, Total: 286362 ns
[2020-12-14T03:15:56.814+0000][6][safepoint    ] Safepoint "Cleanup", Time since last: 1035329361 ns, Reaching safepoint: 214020 ns, At safepoint: 16960 ns, Total: 230980 ns
[2020-12-14T03:15:57.815+0000][6][safepoint    ] Safepoint "Cleanup", Time since last: 1000229675 ns, Reaching safepoint: 226930 ns, At safepoint: 19829 ns, Total: 246759 ns
[2020-12-14T03:15:58.815+0000][6][safepoint    ] Safepoint "Cleanup", Time since last: 1000178114 ns, Reaching safepoint: 216941 ns, At safepoint: 19688 ns, Total: 236629 ns
[2020-12-14T03:15:59.815+0000][6][safepoint    ] Safepoint "Cleanup", Time since last: 1000187734 ns, Reaching safepoint: 222845 ns, At safepoint: 18321 ns, Total: 241166 ns
[2020-12-14T03:16:00.816+0000][6][safepoint    ] Safepoint "Cleanup", Time since last: 1000188578 ns, Reaching safepoint: 224706 ns, At safepoint: 20185 ns, Total: 244891 ns
[2020-12-14T03:16:01.816+0000][6][safepoint    ] Safepoint "Cleanup", Time since last: 1000184311 ns, Reaching safepoint: 229386 ns, At safepoint: 20261 ns, Total: 249647 ns
[2020-12-14T03:16:02.817+0000][6][safepoint    ] Safepoint "Cleanup", Time since last: 1000168470 ns, Reaching safepoint: 218923 ns, At safepoint: 19711 ns, Total: 238634 ns
[2020-12-14T03:16:03.817+0000][6][safepoint    ] Safepoint "Cleanup", Time since last: 1000180452 ns, Reaching safepoint: 209617 ns, At safepoint: 18261 ns, Total: 227878 ns
[2020-12-14T03:16:04.817+0000][6][safepoint    ] Safepoint "Cleanup", Time since last: 1000221417 ns, Reaching safepoint: 216281 ns, At safepoint: 20335 ns, Total: 236616 ns
[2020-12-14T03:16:05.818+0000][6][safepoint    ] Safepoint "Cleanup", Time since last: 1000207959 ns, Reaching safepoint: 214197 ns, At safepoint: 21089 ns, Total: 235286 ns
[2020-12-14T03:16:06.818+0000][6][safepoint    ] Safepoint "Cleanup", Time since last: 1000154775 ns, Reaching safepoint: 211321 ns, At safepoint: 18451 ns, Total: 229772 ns
[2020-12-14T03:16:07.819+0000][6][safepoint    ] Safepoint "Cleanup", Time since last: 1000185405 ns, Reaching safepoint: 250564 ns, At safepoint: 29413 ns, Total: 279977 ns
[2020-12-14T03:16:08.819+0000][6][safepoint    ] Safepoint "Cleanup", Time since last: 1000188686 ns, Reaching safepoint: 245221 ns, At safepoint: 18814 ns, Total: 264035 ns
[2020-12-14T03:16:09.820+0000][6][safepoint    ] Safepoint "Cleanup", Time since last: 1000188444 ns, Reaching safepoint: 230166 ns, At safepoint: 18907 ns, Total: 249073 ns
[2020-12-14T03:16:10.820+0000][6][safepoint    ] Safepoint "Cleanup", Time since last: 1000185193 ns, Reaching safepoint: 253025 ns, At safepoint: 19618 ns, Total: 272643 ns
[2020-12-14T03:16:11.821+0000][6][safepoint    ] Safepoint "Cleanup", Time since last: 1000156400 ns, Reaching safepoint: 239264 ns, At safepoint: 18754 ns, Total: 258018 ns
[2020-12-14T03:16:12.821+0000][6][safepoint    ] Safepoint "Cleanup", Time since last: 1000183938 ns, Reaching safepoint: 246458 ns, At safepoint: 18978 ns, Total: 265436 ns
[2020-12-14T03:16:13.821+0000][6][safepoint    ] Safepoint "Cleanup", Time since last: 1000211078 ns, Reaching safepoint: 225589 ns, At safepoint: 18845 ns, Total: 244434 ns
[2020-12-14T03:16:14.822+0000][6][safepoint    ] Safepoint "Cleanup", Time since last: 1000181803 ns, Reaching safepoint: 225947 ns, At safepoint: 18714 ns, Total: 244661 ns
[2020-12-14T03:16:15.822+0000][6][safepoint    ] Safepoint "Cleanup", Time since last: 1000180886 ns, Reaching safepoint: 230706 ns, At safepoint: 20288 ns, Total: 250994 ns
[2020-12-14T03:16:16.823+0000][6][safepoint    ] Safepoint "Cleanup", Time since last: 1000180026 ns, Reaching safepoint: 219433 ns, At safepoint: 18587 ns, Total: 238020 ns
[2020-12-14T03:16:17.823+0000][6][safepoint    ] Safepoint "Cleanup", Time since last: 1000183619 ns, Reaching safepoint: 260729 ns, At safepoint: 20159 ns, Total: 280888 ns
[2020-12-14T03:16:18.824+0000][6][safepoint    ] Safepoint "Cleanup", Time since last: 1000187131 ns, Reaching safepoint: 223201 ns, At safepoint: 18925 ns, Total: 242126 ns
[2020-12-14T03:16:19.824+0000][6][safepoint    ] Safepoint "Cleanup", Time since last: 1000210026 ns, Reaching safepoint: 231913 ns, At safepoint: 34457 ns, Total: 266370 ns
[2020-12-14T03:16:20.825+0000][6][safepoint    ] Safepoint "Cleanup", Time since last: 1000195165 ns, Reaching safepoint: 219656 ns, At safepoint: 18658 ns, Total: 238314 ns
[2020-12-14T03:16:22.507+0000][6][safepoint    ] Safepoint "Cleanup", Time since last: 1682264626 ns, Reaching safepoint: 232964 ns, At safepoint: 17877 ns, Total: 250841 ns
[2020-12-14T03:16:23.507+0000][6][safepoint    ] Safepoint "Cleanup", Time since last: 1000203856 ns, Reaching safepoint: 234467 ns, At safepoint: 19598 ns, Total: 254065 ns
[2020-12-14T03:16:24.508+0000][6][safepoint    ] Safepoint "Cleanup", Time since last: 1000187599 ns, Reaching safepoint: 222554 ns, At safepoint: 20042 ns, Total: 242596 ns
[2020-12-14T03:16:25.508+0000][6][safepoint    ] Safepoint "Cleanup", Time since last: 1000188915 ns, Reaching safepoint: 261841 ns, At safepoint: 19074 ns, Total: 280915 ns
[2020-12-14T03:16:26.509+0000][6][safepoint    ] Safepoint "Cleanup", Time since last: 1000182495 ns, Reaching safepoint: 248586 ns, At safepoint: 18120 ns, Total: 266706 ns
[2020-12-14T03:16:27.509+0000][6][safepoint    ] Safepoint "Cleanup", Time since last: 1000185276 ns, Reaching safepoint: 250938 ns, At safepoint: 19158 ns, Total: 270096 ns
[2020-12-14T03:16:28.006+0000][6][safepoint    ] Safepoint "BulkRevokeBias", Time since last: 496072215 ns, Reaching safepoint: 154931 ns, At safepoint: 957122 ns, Total: 1112053 ns
[2020-12-14T03:16:29.007+0000][6][safepoint    ] Safepoint "Cleanup", Time since last: 1000526368 ns, Reaching safepoint: 240675 ns, At safepoint: 19598 ns, Total: 260273 ns
[2020-12-14T03:16:30.008+0000][6][safepoint    ] Safepoint "Cleanup", Time since last: 1000185549 ns, Reaching safepoint: 227651 ns, At safepoint: 18920 ns, Total: 246571 ns
[2020-12-14T03:16:30.448+0000][6][safepoint    ] Safepoint "BulkRevokeBias", Time since last: 438840204 ns, Reaching safepoint: 221155 ns, At safepoint: 1052830 ns, Total: 1273985 ns
[2020-12-14T03:16:31.448+0000][6][safepoint    ] Safepoint "Cleanup", Time since last: 1000194194 ns, Reaching safepoint: 307260 ns, At safepoint: 17112 ns, Total: 324372 ns
[2020-12-14T03:16:32.449+0000][6][safepoint    ] Safepoint "Cleanup", Time since last: 1000193178 ns, Reaching safepoint: 232424 ns, At safepoint: 18994 ns, Total: 251418 ns
[2020-12-14T03:16:33.769+0000][6][safepoint    ] Safepoint "Cleanup", Time since last: 1319655115 ns, Reaching safepoint: 238140 ns, At safepoint: 18645 ns, Total: 256785 ns
[2020-12-14T03:16:34.769+0000][6][safepoint    ] Safepoint "Cleanup", Time since last: 1000193967 ns, Reaching safepoint: 255400 ns, At safepoint: 17937 ns, Total: 273337 ns
[2020-12-14T03:16:35.770+0000][6][safepoint    ] Safepoint "Cleanup", Time since last: 1000185233 ns, Reaching safepoint: 239764 ns, At safepoint: 17995 ns, Total: 257759 ns
[2020-12-14T03:16:36.770+0000][6][safepoint    ] Safepoint "Cleanup", Time since last: 1000187029 ns, Reaching safepoint: 224419 ns, At safepoint: 16790 ns, Total: 241209 ns
[2020-12-14T03:16:37.770+0000][6][safepoint    ] Safepoint "Cleanup", Time since last: 1000215480 ns, Reaching safepoint: 215597 ns, At safepoint: 18074 ns, Total: 233671 ns
[2020-12-14T03:16:38.771+0000][6][safepoint    ] Safepoint "Cleanup", Time since last: 1000188730 ns, Reaching safepoint: 236159 ns, At safepoint: 18611 ns, Total: 254770 ns
[2020-12-14T03:16:39.771+0000][6][safepoint    ] Safepoint "Cleanup", Time since last: 1000191844 ns, Reaching safepoint: 230426 ns, At safepoint: 17703 ns, Total: 248129 ns
[2020-12-14T03:16:40.772+0000][6][safepoint    ] Safepoint "Cleanup", Time since last: 1000183121 ns, Reaching safepoint: 230261 ns, At safepoint: 17771 ns, Total: 248032 ns
[2020-12-14T03:16:41.772+0000][6][safepoint    ] Safepoint "Cleanup", Time since last: 1000176765 ns, Reaching safepoint: 236790 ns, At safepoint: 18807 ns, Total: 255597 ns
[2020-12-14T03:16:42.773+0000][6][safepoint    ] Safepoint "Cleanup", Time since last: 1000180493 ns, Reaching safepoint: 242990 ns, At safepoint: 18834 ns, Total: 261824 ns
[2020-12-14T03:16:43.773+0000][6][safepoint    ] Safepoint "Cleanup", Time since last: 1000205978 ns, Reaching safepoint: 358116 ns, At safepoint: 19354 ns, Total: 377470 ns
[2020-12-14T03:16:44.774+0000][6][safepoint    ] Safepoint "Cleanup", Time since last: 1000191653 ns, Reaching safepoint: 227081 ns, At safepoint: 18554 ns, Total: 245635 ns
[2020-12-14T03:16:45.774+0000][6][safepoint    ] Safepoint "Cleanup", Time since last: 1000187009 ns, Reaching safepoint: 274971 ns, At safepoint: 20989 ns, Total: 295960 ns
[2020-12-14T03:16:46.775+0000][6][safepoint    ] Safepoint "Cleanup", Time since last: 1000181389 ns, Reaching safepoint: 204871 ns, At safepoint: 20589 ns, Total: 225460 ns
[2020-12-14T03:16:47.775+0000][6][safepoint    ] Safepoint "Cleanup", Time since last: 1000187379 ns, Reaching safepoint: 215007 ns, At safepoint: 17260 ns, Total: 232267 ns
[2020-12-14T03:16:48.775+0000][6][safepoint    ] Safepoint "Cleanup", Time since last: 1000213305 ns, Reaching safepoint: 224143 ns, At safepoint: 19048 ns, Total: 243191 ns
[2020-12-14T03:16:49.776+0000][6][safepoint    ] Safepoint "Cleanup", Time since last: 1000187256 ns, Reaching safepoint: 225807 ns, At safepoint: 18817 ns, Total: 244624 ns
[2020-12-14T03:16:50.776+0000][6][safepoint    ] Safepoint "Cleanup", Time since last: 1000202679 ns, Reaching safepoint: 221551 ns, At safepoint: 18920 ns, Total: 240471 ns
[2020-12-14T03:16:51.777+0000][6][safepoint    ] Safepoint "Cleanup", Time since last: 1000188492 ns, Reaching safepoint: 231233 ns, At safepoint: 18497 ns, Total: 249730 ns
[2020-12-14T03:16:52.777+0000][6][safepoint    ] Safepoint "Cleanup", Time since last: 1000189775 ns, Reaching safepoint: 233588 ns, At safepoint: 19127 ns, Total: 252715 ns
[2020-12-14T03:16:53.778+0000][6][safepoint    ] Safepoint "Cleanup", Time since last: 1000187667 ns, Reaching safepoint: 264392 ns, At safepoint: 19061 ns, Total: 283453 ns
[2020-12-14T03:16:54.778+0000][6][safepoint    ] Safepoint "Cleanup", Time since last: 1000201446 ns, Reaching safepoint: 240672 ns, At safepoint: 17663 ns, Total: 258335 ns
[2020-12-14T03:16:55.779+0000][6][safepoint    ] Safepoint "Cleanup", Time since last: 1000186588 ns, Reaching safepoint: 271135 ns, At safepoint: 19465 ns, Total: 290600 ns
[2020-12-14T03:16:56.779+0000][6][safepoint    ] Safepoint "Cleanup", Time since last: 1000187086 ns, Reaching safepoint: 220540 ns, At safepoint: 17343 ns, Total: 237883 ns
[2020-12-14T03:16:57.780+0000][6][safepoint    ] Safepoint "Cleanup", Time since last: 1000249850 ns, Reaching safepoint: 254594 ns, At safepoint: 17650 ns, Total: 272244 ns
[2020-12-14T03:16:58.780+0000][6][safepoint    ] Safepoint "Cleanup", Time since last: 1000186388 ns, Reaching safepoint: 225326 ns, At safepoint: 18701 ns, Total: 244027 ns
[2020-12-14T03:16:59.780+0000][6][safepoint    ] Safepoint "Cleanup", Time since last: 1000210248 ns, Reaching safepoint: 222624 ns, At safepoint: 18815 ns, Total: 241439 ns
[2020-12-14T03:17:00.781+0000][6][safepoint    ] Safepoint "Cleanup", Time since last: 1000189091 ns, Reaching safepoint: 233057 ns, At safepoint: 19101 ns, Total: 252158 ns
[2020-12-14T03:17:02.520+0000][6][safepoint    ] Safepoint "Cleanup", Time since last: 1738925514 ns, Reaching safepoint: 225373 ns, At safepoint: 80206 ns, Total: 305579 ns
[2020-12-14T03:17:03.521+0000][6][safepoint    ] Safepoint "Cleanup", Time since last: 1000189653 ns, Reaching safepoint: 230072 ns, At safepoint: 19224 ns, Total: 249296 ns
[2020-12-14T03:17:04.521+0000][6][safepoint    ] Safepoint "Cleanup", Time since last: 1000178684 ns, Reaching safepoint: 222858 ns, At safepoint: 21609 ns, Total: 244467 ns
[2020-12-14T03:17:05.521+0000][6][safepoint    ] Safepoint "Cleanup", Time since last: 1000264100 ns, Reaching safepoint: 225766 ns, At safepoint: 17637 ns, Total: 243403 ns
[2020-12-14T03:17:06.522+0000][6][safepoint    ] Safepoint "Cleanup", Time since last: 1000186113 ns, Reaching safepoint: 219263 ns, At safepoint: 17557 ns, Total: 236820 ns
[2020-12-14T03:17:07.522+0000][6][safepoint    ] Safepoint "Cleanup", Time since last: 1000197926 ns, Reaching safepoint: 223511 ns, At safepoint: 17721 ns, Total: 241232 ns
[2020-12-14T03:17:08.523+0000][6][safepoint    ] Safepoint "Cleanup", Time since last: 1000189525 ns, Reaching safepoint: 217605 ns, At safepoint: 17700 ns, Total: 235305 ns
[2020-12-14T03:17:09.523+0000][6][safepoint    ] Safepoint "Cleanup", Time since last: 1000189628 ns, Reaching safepoint: 222384 ns, At safepoint: 15819 ns, Total: 238203 ns
[2020-12-14T03:17:10.524+0000][6][safepoint    ] Safepoint "Cleanup", Time since last: 1000190503 ns, Reaching safepoint: 219123 ns, At safepoint: 17747 ns, Total: 236870 ns
[2020-12-14T03:17:11.524+0000][6][safepoint    ] Safepoint "Cleanup", Time since last: 1000193317 ns, Reaching safepoint: 218242 ns, At safepoint: 61599 ns, Total: 279841 ns
[2020-12-14T03:17:12.525+0000][6][safepoint    ] Safepoint "Cleanup", Time since last: 1000196525 ns, Reaching safepoint: 212929 ns, At safepoint: 17647 ns, Total: 230576 ns
[2020-12-14T03:17:13.525+0000][6][safepoint    ] Safepoint "Cleanup", Time since last: 1000180967 ns, Reaching safepoint: 244828 ns, At safepoint: 19881 ns, Total: 264709 ns
[2020-12-14T03:17:14.525+0000][6][safepoint    ] Safepoint "Cleanup", Time since last: 1000189515 ns, Reaching safepoint: 217021 ns, At safepoint: 17431 ns, Total: 234452 ns
[2020-12-14T03:17:15.526+0000][6][safepoint    ] Safepoint "Cleanup", Time since last: 1000191048 ns, Reaching safepoint: 218836 ns, At safepoint: 17490 ns, Total: 236326 ns
[2020-12-14T03:17:16.526+0000][6][safepoint    ] Safepoint "Cleanup", Time since last: 1000188718 ns, Reaching safepoint: 251391 ns, At safepoint: 18294 ns, Total: 269685 ns
[2020-12-14T03:17:17.527+0000][6][safepoint    ] Safepoint "Cleanup", Time since last: 1000199577 ns, Reaching safepoint: 211185 ns, At safepoint: 17900 ns, Total: 229085 ns
[2020-12-14T03:17:18.527+0000][6][safepoint    ] Safepoint "Cleanup", Time since last: 1000181698 ns, Reaching safepoint: 247239 ns, At safepoint: 17536 ns, Total: 264775 ns
[2020-12-14T03:17:19.528+0000][6][safepoint    ] Safepoint "Cleanup", Time since last: 1000196059 ns, Reaching safepoint: 227261 ns, At safepoint: 17803 ns, Total: 245064 ns
[2020-12-14T03:17:20.528+0000][6][safepoint    ] Safepoint "Cleanup", Time since last: 1000208530 ns, Reaching safepoint: 225635 ns, At safepoint: 16046 ns, Total: 241681 ns
[2020-12-14T03:17:21.529+0000][6][safepoint    ] Safepoint "Cleanup", Time since last: 1000230063 ns, Reaching safepoint: 248169 ns, At safepoint: 17950 ns, Total: 266119 ns
[2020-12-14T03:17:22.529+0000][6][safepoint    ] Safepoint "Cleanup", Time since last: 1000187626 ns, Reaching safepoint: 238744 ns, At safepoint: 20468 ns, Total: 259212 ns
[2020-12-14T03:17:23.529+0000][6][safepoint    ] Safepoint "Cleanup", Time since last: 1000183433 ns, Reaching safepoint: 215507 ns, At safepoint: 18091 ns, Total: 233598 ns
[2020-12-14T03:17:24.530+0000][6][safepoint    ] Safepoint "Cleanup", Time since last: 1000194480 ns, Reaching safepoint: 251815 ns, At safepoint: 18794 ns, Total: 270609 ns
[2020-12-14T03:17:25.530+0000][6][safepoint    ] Safepoint "Cleanup", Time since last: 1000204120 ns, Reaching safepoint: 256504 ns, At safepoint: 18704 ns, Total: 275208 ns
[2020-12-14T03:17:26.531+0000][6][safepoint    ] Safepoint "Cleanup", Time since last: 1000146462 ns, Reaching safepoint: 205127 ns, At safepoint: 22364 ns, Total: 227491 ns
[2020-12-14T03:17:27.531+0000][6][safepoint    ] Safepoint "Cleanup", Time since last: 1000186999 ns, Reaching safepoint: 258003 ns, At safepoint: 17635 ns, Total: 275638 ns
[2020-12-14T03:17:28.054+0000][6][safepoint    ] Safepoint "BulkRevokeBias", Time since last: 521758820 ns, Reaching safepoint: 168740 ns, At safepoint: 813658 ns, Total: 982398 ns
[2020-12-14T03:17:29.070+0000][6][safepoint    ] Safepoint "Cleanup", Time since last: 1016020479 ns, Reaching safepoint: 229332 ns, At safepoint: 18023 ns, Total: 247355 ns
[2020-12-14T03:17:30.071+0000][6][safepoint    ] Safepoint "Cleanup", Time since last: 1000209425 ns, Reaching safepoint: 221667 ns, At safepoint: 17914 ns, Total: 239581 ns
[2020-12-14T03:17:31.472+0000][6][safepoint    ] Safepoint "Cleanup", Time since last: 1401547468 ns, Reaching safepoint: 223232 ns, At safepoint: 19872 ns, Total: 243104 ns
[2020-12-14T03:17:32.473+0000][6][safepoint    ] Safepoint "Cleanup", Time since last: 1000185102 ns, Reaching safepoint: 219859 ns, At safepoint: 17944 ns, Total: 237803 ns
[2020-12-14T03:17:33.473+0000][6][safepoint    ] Safepoint "Cleanup", Time since last: 1000234571 ns, Reaching safepoint: 225019 ns, At safepoint: 18408 ns, Total: 243427 ns
[2020-12-14T03:17:34.768+0000][6][safepoint    ] Safepoint "Cleanup", Time since last: 1294574933 ns, Reaching safepoint: 250001 ns, At safepoint: 18797 ns, Total: 268798 ns
[2020-12-14T03:17:35.769+0000][6][safepoint    ] Safepoint "Cleanup", Time since last: 1000188015 ns, Reaching safepoint: 229732 ns, At safepoint: 18607 ns, Total: 248339 ns
[2020-12-14T03:17:36.769+0000][6][safepoint    ] Safepoint "Cleanup", Time since last: 1000186483 ns, Reaching safepoint: 227094 ns, At safepoint: 41314 ns, Total: 268408 ns
[2020-12-14T03:17:37.769+0000][6][safepoint    ] Safepoint "Cleanup", Time since last: 1000162198 ns, Reaching safepoint: 234048 ns, At safepoint: 18558 ns, Total: 252606 ns
[2020-12-14T03:17:38.770+0000][6][safepoint    ] Safepoint "Cleanup", Time since last: 1000184554 ns, Reaching safepoint: 235512 ns, At safepoint: 18567 ns, Total: 254079 ns
[2020-12-14T03:17:39.770+0000][6][safepoint    ] Safepoint "Cleanup", Time since last: 1000186445 ns, Reaching safepoint: 228972 ns, At safepoint: 17269 ns, Total: 246241 ns
[2020-12-14T03:17:40.771+0000][6][safepoint    ] Safepoint "Cleanup", Time since last: 1000185713 ns, Reaching safepoint: 227241 ns, At safepoint: 18560 ns, Total: 245801 ns
[2020-12-14T03:17:41.771+0000][6][safepoint    ] Safepoint "Cleanup", Time since last: 1000182636 ns, Reaching safepoint: 247935 ns, At safepoint: 18608 ns, Total: 266543 ns
[2020-12-14T03:17:42.772+0000][6][safepoint    ] Safepoint "Cleanup", Time since last: 1000175160 ns, Reaching safepoint: 215934 ns, At safepoint: 20692 ns, Total: 236626 ns
[2020-12-14T03:17:43.772+0000][6][safepoint    ] Safepoint "Cleanup", Time since last: 1000196849 ns, Reaching safepoint: 445590 ns, At safepoint: 22431 ns, Total: 468021 ns
[2020-12-14T03:17:44.773+0000][6][safepoint    ] Safepoint "Cleanup", Time since last: 1000203981 ns, Reaching safepoint: 217709 ns, At safepoint: 18490 ns, Total: 236199 ns
[2020-12-14T03:17:45.773+0000][6][safepoint    ] Safepoint "Cleanup", Time since last: 1000154267 ns, Reaching safepoint: 201722 ns, At safepoint: 17628 ns, Total: 219350 ns
[2020-12-14T03:17:46.774+0000][6][safepoint    ] Safepoint "Cleanup", Time since last: 1000196239 ns, Reaching safepoint: 209144 ns, At safepoint: 17952 ns, Total: 227096 ns
[2020-12-14T03:17:47.774+0000][6][safepoint    ] Safepoint "Cleanup", Time since last: 1000180879 ns, Reaching safepoint: 239931 ns, At safepoint: 18784 ns, Total: 258715 ns
[2020-12-14T03:17:48.774+0000][6][safepoint    ] Safepoint "Cleanup", Time since last: 1000203429 ns, Reaching safepoint: 222005 ns, At safepoint: 18917 ns, Total: 240922 ns
[2020-12-14T03:17:49.775+0000][6][safepoint    ] Safepoint "Cleanup", Time since last: 1000196264 ns, Reaching safepoint: 220228 ns, At safepoint: 17629 ns, Total: 237857 ns
[2020-12-14T03:17:50.775+0000][6][safepoint    ] Safepoint "Cleanup", Time since last: 1000195420 ns, Reaching safepoint: 246485 ns, At safepoint: 18648 ns, Total: 265133 ns
[2020-12-14T03:17:51.776+0000][6][safepoint    ] Safepoint "Cleanup", Time since last: 1000183094 ns, Reaching safepoint: 235062 ns, At safepoint: 17872 ns, Total: 252934 ns
[2020-12-14T03:17:52.776+0000][6][safepoint    ] Safepoint "Cleanup", Time since last: 1000190563 ns, Reaching safepoint: 241545 ns, At safepoint: 17853 ns, Total: 259398 ns
[2020-12-14T03:17:53.777+0000][6][safepoint    ] Safepoint "Cleanup", Time since last: 1000178780 ns, Reaching safepoint: 237290 ns, At safepoint: 18708 ns, Total: 255998 ns
[2020-12-14T03:17:54.777+0000][6][safepoint    ] Safepoint "Cleanup", Time since last: 1000189725 ns, Reaching safepoint: 223335 ns, At safepoint: 19564 ns, Total: 242899 ns
[2020-12-14T03:17:55.778+0000][6][safepoint    ] Safepoint "Cleanup", Time since last: 1000174424 ns, Reaching safepoint: 248533 ns, At safepoint: 18867 ns, Total: 267400 ns
[2020-12-14T03:17:56.778+0000][6][safepoint    ] Safepoint "Cleanup", Time since last: 1000177291 ns, Reaching safepoint: 241743 ns, At safepoint: 18507 ns, Total: 260250 ns
[2020-12-14T03:17:57.778+0000][6][safepoint    ] Safepoint "Cleanup", Time since last: 1000183961 ns, Reaching safepoint: 232467 ns, At safepoint: 18628 ns, Total: 251095 ns
[2020-12-14T03:17:58.779+0000][6][safepoint    ] Safepoint "Cleanup", Time since last: 1000186613 ns, Reaching safepoint: 233941 ns, At safepoint: 18538 ns, Total: 252479 ns
[2020-12-14T03:17:59.779+0000][6][safepoint    ] Safepoint "Cleanup", Time since last: 1000189940 ns, Reaching safepoint: 242717 ns, At safepoint: 18937 ns, Total: 261654 ns
[2020-12-14T03:18:00.780+0000][6][safepoint    ] Safepoint "Cleanup", Time since last: 1000184133 ns, Reaching safepoint: 232117 ns, At safepoint: 19111 ns, Total: 251228 ns
[2020-12-14T03:18:01.780+0000][6][safepoint    ] Safepoint "Cleanup", Time since last: 1000175068 ns, Reaching safepoint: 297611 ns, At safepoint: 18741 ns, Total: 316352 ns
[2020-12-14T03:18:02.781+0000][6][safepoint    ] Safepoint "Cleanup", Time since last: 1000188322 ns, Reaching safepoint: 231800 ns, At safepoint: 31147 ns, Total: 262947 ns
[2020-12-14T03:18:03.781+0000][6][safepoint    ] Safepoint "Cleanup", Time since last: 1000186321 ns, Reaching safepoint: 334319 ns, At safepoint: 19765 ns, Total: 354084 ns
[2020-12-14T03:18:04.782+0000][6][safepoint    ] Safepoint "Cleanup", Time since last: 1000200968 ns, Reaching safepoint: 212933 ns, At safepoint: 20992 ns, Total: 233925 ns
[2020-12-14T03:18:05.782+0000][6][safepoint    ] Safepoint "Cleanup", Time since last: 1000188527 ns, Reaching safepoint: 277633 ns, At safepoint: 19058 ns, Total: 296691 ns
[2020-12-14T03:18:06.783+0000][6][safepoint    ] Safepoint "Cleanup", Time since last: 1000193243 ns, Reaching safepoint: 259113 ns, At safepoint: 16633 ns, Total: 275746 ns
[2020-12-14T03:18:07.783+0000][6][safepoint    ] Safepoint "Cleanup", Time since last: 1000190943 ns, Reaching safepoint: 224449 ns, At safepoint: 19207 ns, Total: 243656 ns
[2020-12-14T03:18:08.784+0000][6][safepoint    ] Safepoint "Cleanup", Time since last: 1000213442 ns, Reaching safepoint: 224249 ns, At safepoint: 17837 ns, Total: 242086 ns
[2020-12-14T03:18:09.861+0000][6][safepoint    ] Safepoint "Cleanup", Time since last: 1076968974 ns, Reaching safepoint: 220733 ns, At safepoint: 18374 ns, Total: 239107 ns
[2020-12-14T03:18:10.861+0000][6][safepoint    ] Safepoint "Cleanup", Time since last: 1000202599 ns, Reaching safepoint: 299219 ns, At safepoint: 18908 ns, Total: 318127 ns
[2020-12-14T03:18:11.862+0000][6][safepoint    ] Safepoint "Cleanup", Time since last: 1000156923 ns, Reaching safepoint: 219726 ns, At safepoint: 18831 ns, Total: 238557 ns
[2020-12-14T03:18:12.862+0000][6][safepoint    ] Safepoint "Cleanup", Time since last: 1000178812 ns, Reaching safepoint: 214020 ns, At safepoint: 17340 ns, Total: 231360 ns
[2020-12-14T03:18:13.863+0000][6][safepoint    ] Safepoint "Cleanup", Time since last: 1000192966 ns, Reaching safepoint: 269172 ns, At safepoint: 16820 ns, Total: 285992 ns
[2020-12-14T03:18:14.863+0000][6][safepoint    ] Safepoint "Cleanup", Time since last: 1000183191 ns, Reaching safepoint: 214416 ns, At safepoint: 18581 ns, Total: 232997 ns
[2020-12-14T03:18:15.863+0000][6][safepoint    ] Safepoint "Cleanup", Time since last: 1000187597 ns, Reaching safepoint: 230832 ns, At safepoint: 18838 ns, Total: 249670 ns
[2020-12-14T03:18:16.864+0000][6][safepoint    ] Safepoint "Cleanup", Time since last: 1000169447 ns, Reaching safepoint: 229415 ns, At safepoint: 18604 ns, Total: 248019 ns
[2020-12-14T03:18:17.864+0000][6][safepoint    ] Safepoint "Cleanup", Time since last: 1000188965 ns, Reaching safepoint: 242286 ns, At safepoint: 17200 ns, Total: 259486 ns
[2020-12-14T03:18:18.865+0000][6][safepoint    ] Safepoint "Cleanup", Time since last: 1000196996 ns, Reaching safepoint: 218749 ns, At safepoint: 18257 ns, Total: 237006 ns
[2020-12-14T03:18:19.865+0000][6][safepoint    ] Safepoint "Cleanup", Time since last: 1000185553 ns, Reaching safepoint: 243470 ns, At safepoint: 21179 ns, Total: 264649 ns
[2020-12-14T03:18:20.866+0000][6][safepoint    ] Safepoint "Cleanup", Time since last: 1000183788 ns, Reaching safepoint: 227772 ns, At safepoint: 17262 ns, Total: 245034 ns
[2020-12-14T03:18:21.866+0000][6][safepoint    ] Safepoint "Cleanup", Time since last: 1000175471 ns, Reaching safepoint: 218555 ns, At safepoint: 18277 ns, Total: 236832 ns
[2020-12-14T03:18:22.866+0000][6][safepoint    ] Safepoint "Cleanup", Time since last: 1000177548 ns, Reaching safepoint: 223697 ns, At safepoint: 19316 ns, Total: 243013 ns
[2020-12-14T03:18:23.867+0000][6][safepoint    ] Safepoint "Cleanup", Time since last: 1000177268 ns, Reaching safepoint: 217235 ns, At safepoint: 18814 ns, Total: 236049 ns
[2020-12-14T03:18:24.867+0000][6][safepoint    ] Safepoint "Cleanup", Time since last: 1000183075 ns, Reaching safepoint: 238921 ns, At safepoint: 18620 ns, Total: 257541 ns
[2020-12-14T03:18:25.868+0000][6][safepoint    ] Safepoint "Cleanup", Time since last: 1000180649 ns, Reaching safepoint: 256924 ns, At safepoint: 30985 ns, Total: 287909 ns
[2020-12-14T03:18:26.868+0000][6][safepoint    ] Safepoint "Cleanup", Time since last: 1000173017 ns, Reaching safepoint: 374785 ns, At safepoint: 19181 ns, Total: 393966 ns
[2020-12-14T03:18:27.869+0000][6][safepoint    ] Safepoint "Cleanup", Time since last: 1000183495 ns, Reaching safepoint: 223201 ns, At safepoint: 25268 ns, Total: 248469 ns
[2020-12-14T03:18:28.130+0000][6][safepoint    ] Safepoint "BulkRevokeBias", Time since last: 260231728 ns, Reaching safepoint: 188123 ns, At safepoint: 815378 ns, Total: 1003501 ns
[2020-12-14T03:18:29.131+0000][6][safepoint    ] Safepoint "Cleanup", Time since last: 1000389003 ns, Reaching safepoint: 227785 ns, At safepoint: 21666 ns, Total: 249451 ns
[2020-12-14T03:18:30.131+0000][6][safepoint    ] Safepoint "Cleanup", Time since last: 1000198203 ns, Reaching safepoint: 227637 ns, At safepoint: 18655 ns, Total: 246292 ns
[2020-12-14T03:18:31.508+0000][6][safepoint    ] Safepoint "Cleanup", Time since last: 1376695787 ns, Reaching safepoint: 239357 ns, At safepoint: 18654 ns, Total: 258011 ns
[2020-12-14T03:18:32.508+0000][6][safepoint    ] Safepoint "Cleanup", Time since last: 1000188148 ns, Reaching safepoint: 274224 ns, At safepoint: 18391 ns, Total: 292615 ns
[2020-12-14T03:18:33.509+0000][6][safepoint    ] Safepoint "Cleanup", Time since last: 1000188677 ns, Reaching safepoint: 264776 ns, At safepoint: 18431 ns, Total: 283207 ns
[2020-12-14T03:18:34.509+0000][6][safepoint    ] Safepoint "Cleanup", Time since last: 1000188400 ns, Reaching safepoint: 235242 ns, At safepoint: 19388 ns, Total: 254630 ns
[2020-12-14T03:18:35.759+0000][6][safepoint    ] Safepoint "Cleanup", Time since last: 1249673006 ns, Reaching safepoint: 239004 ns, At safepoint: 19228 ns, Total: 258232 ns
[2020-12-14T03:18:36.760+0000][6][safepoint    ] Safepoint "Cleanup", Time since last: 1000185732 ns, Reaching safepoint: 240055 ns, At safepoint: 18651 ns, Total: 258706 ns
[2020-12-14T03:18:37.760+0000][6][safepoint    ] Safepoint "Cleanup", Time since last: 1000169317 ns, Reaching safepoint: 306733 ns, At safepoint: 17943 ns, Total: 324676 ns
[2020-12-14T03:18:38.761+0000][6][safepoint    ] Safepoint "Cleanup", Time since last: 1000183066 ns, Reaching safepoint: 242436 ns, At safepoint: 18697 ns, Total: 261133 ns
[2020-12-14T03:18:39.761+0000][6][safepoint    ] Safepoint "Cleanup", Time since last: 1000190569 ns, Reaching safepoint: 268580 ns, At safepoint: 18814 ns, Total: 287394 ns
[2020-12-14T03:18:40.762+0000][6][safepoint    ] Safepoint "Cleanup", Time since last: 1000140284 ns, Reaching safepoint: 207176 ns, At safepoint: 17683 ns, Total: 224859 ns
[2020-12-14T03:18:41.762+0000][6][safepoint    ] Safepoint "Cleanup", Time since last: 1000178773 ns, Reaching safepoint: 235718 ns, At safepoint: 17576 ns, Total: 253294 ns
[2020-12-14T03:18:42.762+0000][6][safepoint    ] Safepoint "Cleanup", Time since last: 1000177376 ns, Reaching safepoint: 222561 ns, At safepoint: 20345 ns, Total: 242906 ns
[2020-12-14T03:18:43.763+0000][6][safepoint    ] Safepoint "Cleanup", Time since last: 1000182604 ns, Reaching safepoint: 223418 ns, At safepoint: 18761 ns, Total: 242179 ns
[2020-12-14T03:18:44.763+0000][6][safepoint    ] Safepoint "Cleanup", Time since last: 1000181801 ns, Reaching safepoint: 247506 ns, At safepoint: 18951 ns, Total: 266457 ns
[2020-12-14T03:18:45.764+0000][6][safepoint    ] Safepoint "Cleanup", Time since last: 1000182794 ns, Reaching safepoint: 231383 ns, At safepoint: 18764 ns, Total: 250147 ns
[2020-12-14T03:18:46.764+0000][6][safepoint    ] Safepoint "Cleanup", Time since last: 1000187878 ns, Reaching safepoint: 273474 ns, At safepoint: 19568 ns, Total: 293042 ns
[2020-12-14T03:18:47.765+0000][6][safepoint    ] Safepoint "Cleanup", Time since last: 1000180639 ns, Reaching safepoint: 255507 ns, At safepoint: 18888 ns, Total: 274395 ns
[2020-12-14T03:18:48.765+0000][6][safepoint    ] Safepoint "Cleanup", Time since last: 1000186456 ns, Reaching safepoint: 238948 ns, At safepoint: 31101 ns, Total: 270049 ns
[2020-12-14T03:18:49.766+0000][6][safepoint    ] Safepoint "Cleanup", Time since last: 1000183385 ns, Reaching safepoint: 241085 ns, At safepoint: 18784 ns, Total: 259869 ns
[2020-12-14T03:18:50.766+0000][6][safepoint    ] Safepoint "Cleanup", Time since last: 1000186760 ns, Reaching safepoint: 231697 ns, At safepoint: 18711 ns, Total: 250408 ns
[2020-12-14T03:18:51.766+0000][6][safepoint    ] Safepoint "Cleanup", Time since last: 1000188641 ns, Reaching safepoint: 234521 ns, At safepoint: 17503 ns, Total: 252024 ns
[2020-12-14T03:18:52.767+0000][6][safepoint    ] Safepoint "Cleanup", Time since last: 1000187511 ns, Reaching safepoint: 229048 ns, At safepoint: 18591 ns, Total: 247639 ns
[2020-12-14T03:18:53.767+0000][6][safepoint    ] Safepoint "Cleanup", Time since last: 1000188068 ns, Reaching safepoint: 234521 ns, At safepoint: 18804 ns, Total: 253325 ns
[2020-12-14T03:18:54.768+0000][6][safepoint    ] Safepoint "Cleanup", Time since last: 1000187877 ns, Reaching safepoint: 224743 ns, At safepoint: 18800 ns, Total: 243543 ns
[2020-12-14T03:18:55.768+0000][6][safepoint    ] Safepoint "Cleanup", Time since last: 1000191144 ns, Reaching safepoint: 301880 ns, At safepoint: 20415 ns, Total: 322295 ns
[2020-12-14T03:18:56.769+0000][6][safepoint    ] Safepoint "Cleanup", Time since last: 1000187231 ns, Reaching safepoint: 211922 ns, At safepoint: 17444 ns, Total: 229366 ns
[2020-12-14T03:18:57.769+0000][6][safepoint    ] Safepoint "Cleanup", Time since last: 1000182473 ns, Reaching safepoint: 224409 ns, At safepoint: 17350 ns, Total: 241759 ns
[2020-12-14T03:18:58.770+0000][6][safepoint    ] Safepoint "Cleanup", Time since last: 1000212389 ns, Reaching safepoint: 226757 ns, At safepoint: 18604 ns, Total: 245361 ns
[2020-12-14T03:18:59.770+0000][6][safepoint    ] Safepoint "Cleanup", Time since last: 1000193712 ns, Reaching safepoint: 236689 ns, At safepoint: 18681 ns, Total: 255370 ns
[2020-12-14T03:19:00.770+0000][6][safepoint    ] Safepoint "Cleanup", Time since last: 1000176392 ns, Reaching safepoint: 214043 ns, At safepoint: 30080 ns, Total: 244123 ns
[2020-12-14T03:19:01.771+0000][6][safepoint    ] Safepoint "Cleanup", Time since last: 1000167970 ns, Reaching safepoint: 214556 ns, At safepoint: 20622 ns, Total: 235178 ns
[2020-12-14T03:19:02.771+0000][6][safepoint    ] Safepoint "Cleanup", Time since last: 1000180323 ns, Reaching safepoint: 233871 ns, At safepoint: 19025 ns, Total: 252896 ns
[2020-12-14T03:19:03.772+0000][6][safepoint    ] Safepoint "Cleanup", Time since last: 1000185858 ns, Reaching safepoint: 295240 ns, At safepoint: 18784 ns, Total: 314024 ns
[2020-12-14T03:19:04.772+0000][6][safepoint    ] Safepoint "Cleanup", Time since last: 1000186544 ns, Reaching safepoint: 301250 ns, At safepoint: 17543 ns, Total: 318793 ns
[2020-12-14T03:19:05.773+0000][6][safepoint    ] Safepoint "Cleanup", Time since last: 1000199887 ns, Reaching safepoint: 226093 ns, At safepoint: 18238 ns, Total: 244331 ns
[2020-12-14T03:19:06.773+0000][6][safepoint    ] Safepoint "Cleanup", Time since last: 1000186897 ns, Reaching safepoint: 295036 ns, At safepoint: 22530 ns, Total: 317566 ns
[2020-12-14T03:19:07.774+0000][6][safepoint    ] Safepoint "Cleanup", Time since last: 1000177862 ns, Reaching safepoint: 234255 ns, At safepoint: 18364 ns, Total: 252619 ns
[2020-12-14T03:19:08.774+0000][6][safepoint    ] Safepoint "Cleanup", Time since last: 1000185022 ns, Reaching safepoint: 220016 ns, At safepoint: 17654 ns, Total: 237670 ns
[2020-12-14T03:19:09.774+0000][6][safepoint    ] Safepoint "Cleanup", Time since last: 1000216254 ns, Reaching safepoint: 227725 ns, At safepoint: 20455 ns, Total: 248180 ns
[2020-12-14T03:19:11.762+0000][6][safepoint    ] Safepoint "Cleanup", Time since last: 1986936665 ns, Reaching safepoint: 238096 ns, At safepoint: 19128 ns, Total: 257224 ns
[2020-12-14T03:19:12.762+0000][6][safepoint    ] Safepoint "Cleanup", Time since last: 1000188732 ns, Reaching safepoint: 269418 ns, At safepoint: 18931 ns, Total: 288349 ns
[2020-12-14T03:19:13.763+0000][6][safepoint    ] Safepoint "Cleanup", Time since last: 1000190455 ns, Reaching safepoint: 239361 ns, At safepoint: 18761 ns, Total: 258122 ns
[2020-12-14T03:19:14.763+0000][6][safepoint    ] Safepoint "Cleanup", Time since last: 1000196202 ns, Reaching safepoint: 246147 ns, At safepoint: 33968 ns, Total: 280115 ns
[2020-12-14T03:19:15.764+0000][6][safepoint    ] Safepoint "Cleanup", Time since last: 1000187463 ns, Reaching safepoint: 227955 ns, At safepoint: 29972 ns, Total: 257927 ns
[2020-12-14T03:19:16.764+0000][6][safepoint    ] Safepoint "Cleanup", Time since last: 1000184643 ns, Reaching safepoint: 234462 ns, At safepoint: 19084 ns, Total: 253546 ns
[2020-12-14T03:19:17.764+0000][6][safepoint    ] Safepoint "Cleanup", Time since last: 1000188932 ns, Reaching safepoint: 228388 ns, At safepoint: 18927 ns, Total: 247315 ns
[2020-12-14T03:19:18.765+0000][6][safepoint    ] Safepoint "Cleanup", Time since last: 1000189859 ns, Reaching safepoint: 236352 ns, At safepoint: 18881 ns, Total: 255233 ns
[2020-12-14T03:19:19.765+0000][6][safepoint    ] Safepoint "Cleanup", Time since last: 1000188535 ns, Reaching safepoint: 260746 ns, At safepoint: 17604 ns, Total: 278350 ns
[2020-12-14T03:19:20.766+0000][6][safepoint    ] Safepoint "Cleanup", Time since last: 1000186980 ns, Reaching safepoint: 238250 ns, At safepoint: 25301 ns, Total: 263551 ns
[2020-12-14T03:19:21.766+0000][6][safepoint    ] Safepoint "Cleanup", Time since last: 1000188201 ns, Reaching safepoint: 239760 ns, At safepoint: 30191 ns, Total: 269951 ns
[2020-12-14T03:19:22.767+0000][6][safepoint    ] Safepoint "Cleanup", Time since last: 1000190557 ns, Reaching safepoint: 236229 ns, At safepoint: 18587 ns, Total: 254816 ns
[2020-12-14T03:19:23.767+0000][6][safepoint    ] Safepoint "Cleanup", Time since last: 1000188168 ns, Reaching safepoint: 296697 ns, At safepoint: 19771 ns, Total: 316468 ns
[2020-12-14T03:19:24.768+0000][6][safepoint    ] Safepoint "Cleanup", Time since last: 1000196222 ns, Reaching safepoint: 211571 ns, At safepoint: 18037 ns, Total: 229608 ns
[2020-12-14T03:19:25.768+0000][6][safepoint    ] Safepoint "Cleanup", Time since last: 1000195388 ns, Reaching safepoint: 312739 ns, At safepoint: 18008 ns, Total: 330747 ns
[2020-12-14T03:19:26.769+0000][6][safepoint    ] Safepoint "Cleanup", Time since last: 1000182268 ns, Reaching safepoint: 231357 ns, At safepoint: 18807 ns, Total: 250164 ns
[2020-12-14T03:19:27.769+0000][6][safepoint    ] Safepoint "Cleanup", Time since last: 1000196532 ns, Reaching safepoint: 227498 ns, At safepoint: 17230 ns, Total: 244728 ns
[2020-12-14T03:19:29.191+0000][6][safepoint    ] Safepoint "Cleanup", Time since last: 1422005602 ns, Reaching safepoint: 234481 ns, At safepoint: 18744 ns, Total: 253225 ns
[2020-12-14T03:19:30.192+0000][6][safepoint    ] Safepoint "Cleanup", Time since last: 1000192113 ns, Reaching safepoint: 237803 ns, At safepoint: 18558 ns, Total: 256361 ns
[2020-12-14T03:19:30.542+0000][6][safepoint    ] Safepoint "BulkRevokeBias", Time since last: 349088304 ns, Reaching safepoint: 192894 ns, At safepoint: 1080935 ns, Total: 1273829 ns
[2020-12-14T03:19:31.542+0000][6][safepoint    ] Safepoint "Cleanup", Time since last: 1000185137 ns, Reaching safepoint: 222559 ns, At safepoint: 17391 ns, Total: 239950 ns
[2020-12-14T03:19:32.543+0000][6][safepoint    ] Safepoint "Cleanup", Time since last: 1000182642 ns, Reaching safepoint: 242946 ns, At safepoint: 18681 ns, Total: 261627 ns
[2020-12-14T03:19:33.543+0000][6][safepoint    ] Safepoint "Cleanup", Time since last: 1000188551 ns, Reaching safepoint: 231229 ns, At safepoint: 18955 ns, Total: 250184 ns
[2020-12-14T03:19:34.544+0000][6][safepoint    ] Safepoint "Cleanup", Time since last: 1000190585 ns, Reaching safepoint: 240665 ns, At safepoint: 17579 ns, Total: 258244 ns
[2020-12-14T03:19:35.544+0000][6][safepoint    ] Safepoint "Cleanup", Time since last: 1000185915 ns, Reaching safepoint: 254830 ns, At safepoint: 19404 ns, Total: 274234 ns
[2020-12-14T03:19:36.760+0000][6][safepoint    ] Safepoint "Cleanup", Time since last: 1215459627 ns, Reaching safepoint: 221698 ns, At safepoint: 17676 ns, Total: 239374 ns
[2020-12-14T03:19:37.760+0000][6][safepoint    ] Safepoint "Cleanup", Time since last: 1000181769 ns, Reaching safepoint: 220424 ns, At safepoint: 17663 ns, Total: 238087 ns
[2020-12-14T03:19:38.761+0000][6][safepoint    ] Safepoint "Cleanup", Time since last: 1000190499 ns, Reaching safepoint: 229435 ns, At safepoint: 18557 ns, Total: 247992 ns
[2020-12-14T03:19:39.761+0000][6][safepoint    ] Safepoint "Cleanup", Time since last: 1000187758 ns, Reaching safepoint: 234535 ns, At safepoint: 18660 ns, Total: 253195 ns
[2020-12-14T03:19:40.762+0000][6][safepoint    ] Safepoint "Cleanup", Time since last: 1000141636 ns, Reaching safepoint: 295040 ns, At safepoint: 24040 ns, Total: 319080 ns
[2020-12-14T03:19:41.762+0000][6][safepoint    ] Safepoint "Cleanup", Time since last: 1000197351 ns, Reaching safepoint: 256239 ns, At safepoint: 19125 ns, Total: 275364 ns
[2020-12-14T03:19:42.763+0000][6][safepoint    ] Safepoint "Cleanup", Time since last: 1000170389 ns, Reaching safepoint: 229450 ns, At safepoint: 17287 ns, Total: 246737 ns
[2020-12-14T03:19:43.763+0000][6][safepoint    ] Safepoint "Cleanup", Time since last: 1000187761 ns, Reaching safepoint: 227601 ns, At safepoint: 42595 ns, Total: 270196 ns
[2020-12-14T03:19:44.764+0000][6][safepoint    ] Safepoint "Cleanup", Time since last: 1000163477 ns, Reaching safepoint: 235522 ns, At safepoint: 17533 ns, Total: 253055 ns
[2020-12-14T03:19:45.764+0000][6][safepoint    ] Safepoint "Cleanup", Time since last: 1000178639 ns, Reaching safepoint: 225640 ns, At safepoint: 18600 ns, Total: 244240 ns
[2020-12-14T03:19:46.764+0000][6][safepoint    ] Safepoint "Cleanup", Time since last: 1000178319 ns, Reaching safepoint: 223989 ns, At safepoint: 18520 ns, Total: 242509 ns
[2020-12-14T03:19:47.765+0000][6][safepoint    ] Safepoint "Cleanup", Time since last: 1000179249 ns, Reaching safepoint: 232057 ns, At safepoint: 18627 ns, Total: 250684 ns
[2020-12-14T03:19:48.765+0000][6][safepoint    ] Safepoint "Cleanup", Time since last: 1000148171 ns, Reaching safepoint: 216195 ns, At safepoint: 18397 ns, Total: 234592 ns
[2020-12-14T03:19:49.766+0000][6][safepoint    ] Safepoint "Cleanup", Time since last: 1000186787 ns, Reaching safepoint: 234218 ns, At safepoint: 18343 ns, Total: 252561 ns
[2020-12-14T03:19:50.766+0000][6][safepoint    ] Safepoint "Cleanup", Time since last: 1000185440 ns, Reaching safepoint: 210861 ns, At safepoint: 19275 ns, Total: 230136 ns
[2020-12-14T03:19:51.766+0000][6][safepoint    ] Safepoint "Cleanup", Time since last: 1000162139 ns, Reaching safepoint: 215027 ns, At safepoint: 28056 ns, Total: 243083 ns
[2020-12-14T03:19:52.767+0000][6][safepoint    ] Safepoint "Cleanup", Time since last: 1000181361 ns, Reaching safepoint: 231072 ns, At safepoint: 18338 ns, Total: 249410 ns
[2020-12-14T03:19:53.767+0000][6][safepoint    ] Safepoint "Cleanup", Time since last: 1000213378 ns, Reaching safepoint: 263015 ns, At safepoint: 18877 ns, Total: 281892 ns
[2020-12-14T03:19:54.768+0000][6][safepoint    ] Safepoint "Cleanup", Time since last: 1000190888 ns, Reaching safepoint: 219206 ns, At safepoint: 20758 ns, Total: 239964 ns
[2020-12-14T03:19:55.768+0000][6][safepoint    ] Safepoint "Cleanup", Time since last: 1000185244 ns, Reaching safepoint: 265375 ns, At safepoint: 17031 ns, Total: 282406 ns
[2020-12-14T03:19:57.599+0000][6][safepoint    ] Safepoint "Cleanup", Time since last: 1830438679 ns, Reaching safepoint: 246799 ns, At safepoint: 20879 ns, Total: 267678 ns
[2020-12-14T03:19:58.599+0000][6][safepoint    ] Safepoint "Cleanup", Time since last: 1000184935 ns, Reaching safepoint: 206169 ns, At safepoint: 17589 ns, Total: 223758 ns
[2020-12-14T03:19:59.600+0000][6][safepoint    ] Safepoint "Cleanup", Time since last: 1000186367 ns, Reaching safepoint: 219780 ns, At safepoint: 18634 ns, Total: 238414 ns
[2020-12-14T03:20:00.600+0000][6][safepoint    ] Safepoint "Cleanup", Time since last: 1000195782 ns, Reaching safepoint: 259560 ns, At safepoint: 18715 ns, Total: 278275 ns
[2020-12-14T03:20:01.601+0000][6][safepoint    ] Safepoint "Cleanup", Time since last: 1000173611 ns, Reaching safepoint: 223158 ns, At safepoint: 18438 ns, Total: 241596 ns
[2020-12-14T03:20:02.601+0000][6][safepoint    ] Safepoint "Cleanup", Time since last: 1000176217 ns, Reaching safepoint: 267510 ns, At safepoint: 19535 ns, Total: 287045 ns
[2020-12-14T03:20:03.602+0000][6][safepoint    ] Safepoint "Cleanup", Time since last: 1000204147 ns, Reaching safepoint: 212230 ns, At safepoint: 17038 ns, Total: 229268 ns
[2020-12-14T03:20:04.602+0000][6][safepoint    ] Safepoint "Cleanup", Time since last: 1000178682 ns, Reaching safepoint: 228665 ns, At safepoint: 17206 ns, Total: 245871 ns
[2020-12-14T03:20:05.602+0000][6][safepoint    ] Safepoint "Cleanup", Time since last: 1000215827 ns, Reaching safepoint: 237930 ns, At safepoint: 18738 ns, Total: 256668 ns
[2020-12-14T03:20:06.603+0000][6][safepoint    ] Safepoint "Cleanup", Time since last: 1000179866 ns, Reaching safepoint: 231266 ns, At safepoint: 18744 ns, Total: 250010 ns
[2020-12-14T03:20:07.603+0000][6][safepoint    ] Safepoint "Cleanup", Time since last: 1000180389 ns, Reaching safepoint: 234892 ns, At safepoint: 18951 ns, Total: 253843 ns
[2020-12-14T03:20:08.604+0000][6][safepoint    ] Safepoint "Cleanup", Time since last: 1000187527 ns, Reaching safepoint: 228525 ns, At safepoint: 17585 ns, Total: 246110 ns
[2020-12-14T03:20:09.604+0000][6][safepoint    ] Safepoint "Cleanup", Time since last: 1000183580 ns, Reaching safepoint: 275639 ns, At safepoint: 18721 ns, Total: 294360 ns
[2020-12-14T03:20:10.605+0000][6][safepoint    ] Safepoint "Cleanup", Time since last: 1000187336 ns, Reaching safepoint: 224860 ns, At safepoint: 30525 ns, Total: 255385 ns
[2020-12-14T03:20:11.605+0000][6][safepoint    ] Safepoint "Cleanup", Time since last: 1000176116 ns, Reaching safepoint: 276589 ns, At safepoint: 19388 ns, Total: 295977 ns
[2020-12-14T03:20:12.606+0000][6][safepoint    ] Safepoint "Cleanup", Time since last: 1000148195 ns, Reaching safepoint: 220443 ns, At safepoint: 19031 ns, Total: 239474 ns
[2020-12-14T03:20:13.606+0000][6][safepoint    ] Safepoint "Cleanup", Time since last: 1000186450 ns, Reaching safepoint: 250314 ns, At safepoint: 25371 ns, Total: 275685 ns
[2020-12-14T03:20:14.606+0000][6][safepoint    ] Safepoint "Cleanup", Time since last: 1000202996 ns, Reaching safepoint: 223668 ns, At safepoint: 18404 ns, Total: 242072 ns
[2020-12-14T03:20:15.607+0000][6][safepoint    ] Safepoint "Cleanup", Time since last: 1000195276 ns, Reaching safepoint: 222451 ns, At safepoint: 17515 ns, Total: 239966 ns
[2020-12-14T03:20:16.607+0000][6][safepoint    ] Safepoint "Cleanup", Time since last: 1000145577 ns, Reaching safepoint: 217685 ns, At safepoint: 18630 ns, Total: 236315 ns
[2020-12-14T03:20:17.608+0000][6][safepoint    ] Safepoint "Cleanup", Time since last: 1000192198 ns, Reaching safepoint: 221254 ns, At safepoint: 16446 ns, Total: 237700 ns
[2020-12-14T03:20:18.608+0000][6][safepoint    ] Safepoint "Cleanup", Time since last: 1000196262 ns, Reaching safepoint: 247016 ns, At safepoint: 18861 ns, Total: 265877 ns
[2020-12-14T03:20:19.609+0000][6][safepoint    ] Safepoint "Cleanup", Time since last: 1000184298 ns, Reaching safepoint: 260310 ns, At safepoint: 17617 ns, Total: 277927 ns
[2020-12-14T03:20:20.609+0000][6][safepoint    ] Safepoint "Cleanup", Time since last: 1000189535 ns, Reaching safepoint: 225346 ns, At safepoint: 31728 ns, Total: 257074 ns
[2020-12-14T03:20:21.610+0000][6][safepoint    ] Safepoint "Cleanup", Time since last: 1000180931 ns, Reaching safepoint: 245377 ns, At safepoint: 17694 ns, Total: 263071 ns
[2020-12-14T03:20:22.610+0000][6][safepoint    ] Safepoint "Cleanup", Time since last: 1000195659 ns, Reaching safepoint: 216131 ns, At safepoint: 18000 ns, Total: 234131 ns
[2020-12-14T03:20:23.610+0000][6][safepoint    ] Safepoint "Cleanup", Time since last: 1000189665 ns, Reaching safepoint: 224246 ns, At safepoint: 17726 ns, Total: 241972 ns
[2020-12-14T03:20:24.611+0000][6][safepoint    ] Safepoint "Cleanup", Time since last: 1000167146 ns, Reaching safepoint: 239851 ns, At safepoint: 17204 ns, Total: 257055 ns
[2020-12-14T03:20:25.611+0000][6][safepoint    ] Safepoint "Cleanup", Time since last: 1000185480 ns, Reaching safepoint: 252592 ns, At safepoint: 18784 ns, Total: 271376 ns
[2020-12-14T03:20:26.612+0000][6][safepoint    ] Safepoint "Cleanup", Time since last: 1000175998 ns, Reaching safepoint: 296590 ns, At safepoint: 21492 ns, Total: 318082 ns
[2020-12-14T03:20:27.612+0000][6][safepoint    ] Safepoint "Cleanup", Time since last: 1000180014 ns, Reaching safepoint: 251234 ns, At safepoint: 19782 ns, Total: 271016 ns
[2020-12-14T03:20:28.234+0000][6][safepoint    ] Safepoint "BulkRevokeBias", Time since last: 621167318 ns, Reaching safepoint: 175059 ns, At safepoint: 890834 ns, Total: 1065893 ns
[2020-12-14T03:20:29.249+0000][6][safepoint    ] Safepoint "Cleanup", Time since last: 1014603778 ns, Reaching safepoint: 235916 ns, At safepoint: 17920 ns, Total: 253836 ns
[2020-12-14T03:20:30.250+0000][6][safepoint    ] Safepoint "Cleanup", Time since last: 1000171495 ns, Reaching safepoint: 215444 ns, At safepoint: 17654 ns, Total: 233098 ns
[2020-12-14T03:20:30.574+0000][6][safepoint    ] Safepoint "BulkRevokeBias", Time since last: 322885329 ns, Reaching safepoint: 231784 ns, At safepoint: 1052001 ns, Total: 1283785 ns
[2020-12-14T03:20:30.578+0000][6][safepoint    ] Safepoint "BulkRevokeBias", Time since last: 2853731 ns, Reaching safepoint: 205995 ns, At safepoint: 774702 ns, Total: 980697 ns
[2020-12-14T03:20:31.580+0000][6][safepoint    ] Safepoint "Cleanup", Time since last: 1002119669 ns, Reaching safepoint: 286181 ns, At safepoint: 19521 ns, Total: 305702 ns
[2020-12-14T03:20:32.581+0000][6][safepoint    ] Safepoint "Cleanup", Time since last: 1000135858 ns, Reaching safepoint: 228580 ns, At safepoint: 16801 ns, Total: 245381 ns
[2020-12-14T03:20:33.581+0000][6][safepoint    ] Safepoint "Cleanup", Time since last: 1000175900 ns, Reaching safepoint: 240712 ns, At safepoint: 17888 ns, Total: 258600 ns
[2020-12-14T03:20:34.581+0000][6][safepoint    ] Safepoint "Cleanup", Time since last: 1000153174 ns, Reaching safepoint: 233688 ns, At safepoint: 19204 ns, Total: 252892 ns
[2020-12-14T03:20:35.582+0000][6][safepoint    ] Safepoint "Cleanup", Time since last: 1000187950 ns, Reaching safepoint: 237423 ns, At safepoint: 18947 ns, Total: 256370 ns
[2020-12-14T03:20:36.582+0000][6][safepoint    ] Safepoint "Cleanup", Time since last: 1000182852 ns, Reaching safepoint: 243120 ns, At safepoint: 18861 ns, Total: 261981 ns
[2020-12-14T03:20:36.755+0000][6][safepoint    ] Safepoint "BulkRevokeBias", Time since last: 171952763 ns, Reaching safepoint: 151961 ns, At safepoint: 1006071 ns, Total: 1158032 ns
[2020-12-14T03:20:37.756+0000][6][safepoint    ] Safepoint "Cleanup", Time since last: 1000864333 ns, Reaching safepoint: 230256 ns, At safepoint: 17347 ns, Total: 247603 ns
[2020-12-14T03:20:38.757+0000][6][safepoint    ] Safepoint "Cleanup", Time since last: 1000199020 ns, Reaching safepoint: 226744 ns, At safepoint: 19828 ns, Total: 246572 ns
[2020-12-14T03:20:39.757+0000][6][safepoint    ] Safepoint "Cleanup", Time since last: 1000191169 ns, Reaching safepoint: 241517 ns, At safepoint: 17807 ns, Total: 259324 ns
[2020-12-14T03:20:40.758+0000][6][safepoint    ] Safepoint "Cleanup", Time since last: 1000185282 ns, Reaching safepoint: 246719 ns, At safepoint: 18836 ns, Total: 265555 ns
[2020-12-14T03:20:41.758+0000][6][safepoint    ] Safepoint "Cleanup", Time since last: 1000182154 ns, Reaching safepoint: 229919 ns, At safepoint: 19064 ns, Total: 248983 ns
[2020-12-14T03:20:42.759+0000][6][safepoint    ] Safepoint "Cleanup", Time since last: 1000183927 ns, Reaching safepoint: 228485 ns, At safepoint: 18928 ns, Total: 247413 ns
[2020-12-14T03:20:43.759+0000][6][safepoint    ] Safepoint "Cleanup", Time since last: 1000188825 ns, Reaching safepoint: 440286 ns, At safepoint: 19398 ns, Total: 459684 ns
[2020-12-14T03:20:44.760+0000][6][safepoint    ] Safepoint "Cleanup", Time since last: 1000188892 ns, Reaching safepoint: 223095 ns, At safepoint: 18447 ns, Total: 241542 ns
[2020-12-14T03:20:45.760+0000][6][safepoint    ] Safepoint "Cleanup", Time since last: 1000188612 ns, Reaching safepoint: 276595 ns, At safepoint: 18037 ns, Total: 294632 ns
[2020-12-14T03:20:46.761+0000][6][safepoint    ] Safepoint "Cleanup", Time since last: 1000162303 ns, Reaching safepoint: 255904 ns, At safepoint: 22576 ns, Total: 278480 ns
[2020-12-14T03:20:47.761+0000][6][safepoint    ] Safepoint "Cleanup", Time since last: 1000200679 ns, Reaching safepoint: 263371 ns, At safepoint: 18644 ns, Total: 282015 ns
[2020-12-14T03:20:48.762+0000][6][safepoint    ] Safepoint "Cleanup", Time since last: 1000186900 ns, Reaching safepoint: 249837 ns, At safepoint: 18568 ns, Total: 268405 ns
[2020-12-14T03:20:49.762+0000][6][safepoint    ] Safepoint "Cleanup", Time since last: 1000187194 ns, Reaching safepoint: 218606 ns, At safepoint: 16516 ns, Total: 235122 ns
[2020-12-14T03:20:50.762+0000][6][safepoint    ] Safepoint "Cleanup", Time since last: 1000201201 ns, Reaching safepoint: 230090 ns, At safepoint: 17192 ns, Total: 247282 ns
[2020-12-14T03:20:51.763+0000][6][safepoint    ] Safepoint "Cleanup", Time since last: 1000193076 ns, Reaching safepoint: 221487 ns, At safepoint: 16514 ns, Total: 238001 ns
[2020-12-14T03:20:52.763+0000][6][safepoint    ] Safepoint "Cleanup", Time since last: 1000181979 ns, Reaching safepoint: 231450 ns, At safepoint: 28649 ns, Total: 260099 ns
[2020-12-14T03:20:53.764+0000][6][safepoint    ] Safepoint "Cleanup", Time since last: 1000198711 ns, Reaching safepoint: 219172 ns, At safepoint: 17087 ns, Total: 236259 ns
[2020-12-14T03:20:54.764+0000][6][safepoint    ] Safepoint "Cleanup", Time since last: 1000156747 ns, Reaching safepoint: 254175 ns, At safepoint: 17121 ns, Total: 271296 ns
[2020-12-14T03:20:55.765+0000][6][safepoint    ] Safepoint "Cleanup", Time since last: 1000185773 ns, Reaching safepoint: 260085 ns, At safepoint: 16631 ns, Total: 276716 ns
[2020-12-14T03:20:56.765+0000][6][safepoint    ] Safepoint "Cleanup", Time since last: 1000174753 ns, Reaching safepoint: 293529 ns, At safepoint: 17557 ns, Total: 311086 ns
[2020-12-14T03:20:57.766+0000][6][safepoint    ] Safepoint "Cleanup", Time since last: 1000182872 ns, Reaching safepoint: 223768 ns, At safepoint: 17604 ns, Total: 241372 ns
[2020-12-14T03:20:58.766+0000][6][safepoint    ] Safepoint "Cleanup", Time since last: 1000186874 ns, Reaching safepoint: 237953 ns, At safepoint: 16359 ns, Total: 254312 ns
[2020-12-14T03:20:59.766+0000][6][safepoint    ] Safepoint "Cleanup", Time since last: 1000175922 ns, Reaching safepoint: 211761 ns, At safepoint: 17330 ns, Total: 229091 ns
[2020-12-14T03:21:00.767+0000][6][safepoint    ] Safepoint "Cleanup", Time since last: 1000187284 ns, Reaching safepoint: 221754 ns, At safepoint: 17483 ns, Total: 239237 ns
[2020-12-14T03:21:01.767+0000][6][safepoint    ] Safepoint "Cleanup", Time since last: 1000217019 ns, Reaching safepoint: 222388 ns, At safepoint: 17663 ns, Total: 240051 ns
[2020-12-14T03:21:02.768+0000][6][safepoint    ] Safepoint "Cleanup", Time since last: 1000187045 ns, Reaching safepoint: 225590 ns, At safepoint: 17540 ns, Total: 243130 ns
[2020-12-14T03:21:03.768+0000][6][safepoint    ] Safepoint "Cleanup", Time since last: 1000191042 ns, Reaching safepoint: 240381 ns, At safepoint: 18057 ns, Total: 258438 ns
[2020-12-14T03:21:04.769+0000][6][safepoint    ] Safepoint "Cleanup", Time since last: 1000187978 ns, Reaching safepoint: 243197 ns, At safepoint: 17537 ns, Total: 260734 ns
[2020-12-14T03:21:05.769+0000][6][safepoint    ] Safepoint "Cleanup", Time since last: 1000184772 ns, Reaching safepoint: 284564 ns, At safepoint: 18100 ns, Total: 302664 ns
[2020-12-14T03:21:06.770+0000][6][safepoint    ] Safepoint "Cleanup", Time since last: 1000189105 ns, Reaching safepoint: 213120 ns, At safepoint: 17630 ns, Total: 230750 ns
[2020-12-14T03:21:07.770+0000][6][safepoint    ] Safepoint "Cleanup", Time since last: 1000183588 ns, Reaching safepoint: 265513 ns, At safepoint: 17310 ns, Total: 282823 ns
[2020-12-14T03:21:08.770+0000][6][safepoint    ] Safepoint "Cleanup", Time since last: 1000205387 ns, Reaching safepoint: 227595 ns, At safepoint: 17593 ns, Total: 245188 ns
[2020-12-14T03:21:09.771+0000][6][safepoint    ] Safepoint "Cleanup", Time since last: 1000187051 ns, Reaching safepoint: 239487 ns, At safepoint: 19146 ns, Total: 258633 ns
[2020-12-14T03:21:10.771+0000][6][safepoint    ] Safepoint "Cleanup", Time since last: 1000174736 ns, Reaching safepoint: 247319 ns, At safepoint: 17582 ns, Total: 264901 ns
[2020-12-14T03:21:11.772+0000][6][safepoint    ] Safepoint "Cleanup", Time since last: 1000187816 ns, Reaching safepoint: 227346 ns, At safepoint: 20809 ns, Total: 248155 ns
[2020-12-14T03:21:12.772+0000][6][safepoint    ] Safepoint "Cleanup", Time since last: 1000189056 ns, Reaching safepoint: 258655 ns, At safepoint: 18901 ns, Total: 277556 ns
[2020-12-14T03:21:13.773+0000][6][safepoint    ] Safepoint "Cleanup", Time since last: 1000190296 ns, Reaching safepoint: 272739 ns, At safepoint: 17385 ns, Total: 290124 ns
[2020-12-14T03:21:14.773+0000][6][safepoint    ] Safepoint "Cleanup", Time since last: 1000188997 ns, Reaching safepoint: 258952 ns, At safepoint: 18047 ns, Total: 276999 ns
[2020-12-14T03:21:15.774+0000][6][safepoint    ] Safepoint "Cleanup", Time since last: 1000189189 ns, Reaching safepoint: 241568 ns, At safepoint: 17363 ns, Total: 258931 ns
[2020-12-14T03:21:16.774+0000][6][safepoint    ] Safepoint "Cleanup", Time since last: 1000189036 ns, Reaching safepoint: 295023 ns, At safepoint: 18924 ns, Total: 313947 ns
[2020-12-14T03:21:17.775+0000][6][safepoint    ] Safepoint "Cleanup", Time since last: 1000189812 ns, Reaching safepoint: 226619 ns, At safepoint: 17721 ns, Total: 244340 ns
[2020-12-14T03:21:18.775+0000][6][safepoint    ] Safepoint "Cleanup", Time since last: 1000189043 ns, Reaching safepoint: 232087 ns, At safepoint: 17443 ns, Total: 249530 ns
[2020-12-14T03:21:19.776+0000][6][safepoint    ] Safepoint "Cleanup", Time since last: 1000220215 ns, Reaching safepoint: 225723 ns, At safepoint: 20135 ns, Total: 245858 ns
[2020-12-14T03:21:20.776+0000][6][safepoint    ] Safepoint "Cleanup", Time since last: 1000188786 ns, Reaching safepoint: 222760 ns, At safepoint: 18468 ns, Total: 241228 ns
[2020-12-14T03:21:21.776+0000][6][safepoint    ] Safepoint "Cleanup", Time since last: 1000196958 ns, Reaching safepoint: 225692 ns, At safepoint: 17851 ns, Total: 243543 ns
[2020-12-14T03:21:22.777+0000][6][safepoint    ] Safepoint "Cleanup", Time since last: 1000188191 ns, Reaching safepoint: 243420 ns, At safepoint: 17505 ns, Total: 260925 ns
[2020-12-14T03:21:23.777+0000][6][safepoint    ] Safepoint "Cleanup", Time since last: 1000191607 ns, Reaching safepoint: 259299 ns, At safepoint: 19221 ns, Total: 278520 ns
[2020-12-14T03:21:24.778+0000][6][safepoint    ] Safepoint "Cleanup", Time since last: 1000203124 ns, Reaching safepoint: 232157 ns, At safepoint: 18891 ns, Total: 251048 ns
[2020-12-14T03:21:25.778+0000][6][safepoint    ] Safepoint "Cleanup", Time since last: 1000216751 ns, Reaching safepoint: 289020 ns, At safepoint: 18894 ns, Total: 307914 ns
[2020-12-14T03:21:26.779+0000][6][safepoint    ] Safepoint "Cleanup", Time since last: 1000182395 ns, Reaching safepoint: 237089 ns, At safepoint: 19085 ns, Total: 256174 ns
[2020-12-14T03:21:27.779+0000][6][safepoint    ] Safepoint "Cleanup", Time since last: 1000189825 ns, Reaching safepoint: 274619 ns, At safepoint: 18694 ns, Total: 293313 ns
[2020-12-14T03:21:29.311+0000][6][safepoint    ] Safepoint "Cleanup", Time since last: 1531183676 ns, Reaching safepoint: 257762 ns, At safepoint: 18704 ns, Total: 276466 ns
[2020-12-14T03:21:30.610+0000][6][safepoint    ] Safepoint "Cleanup", Time since last: 1299361209 ns, Reaching safepoint: 243684 ns, At safepoint: 18764 ns, Total: 262448 ns
[2020-12-14T03:21:31.615+0000][6][safepoint    ] Safepoint "Cleanup", Time since last: 1004920605 ns, Reaching safepoint: 237630 ns, At safepoint: 18591 ns, Total: 256221 ns
[2020-12-14T03:21:32.616+0000][6][safepoint    ] Safepoint "Cleanup", Time since last: 1000194311 ns, Reaching safepoint: 227047 ns, At safepoint: 18497 ns, Total: 245544 ns
[2020-12-14T03:21:33.616+0000][6][safepoint    ] Safepoint "Cleanup", Time since last: 1000205835 ns, Reaching safepoint: 239066 ns, At safepoint: 17511 ns, Total: 256577 ns
[2020-12-14T03:21:34.617+0000][6][safepoint    ] Safepoint "Cleanup", Time since last: 1000192040 ns, Reaching safepoint: 235902 ns, At safepoint: 18684 ns, Total: 254586 ns
[2020-12-14T03:21:35.617+0000][6][safepoint    ] Safepoint "Cleanup", Time since last: 1000205896 ns, Reaching safepoint: 295780 ns, At safepoint: 17736 ns, Total: 313516 ns
[2020-12-14T03:21:36.618+0000][6][safepoint    ] Safepoint "Cleanup", Time since last: 1000199114 ns, Reaching safepoint: 221703 ns, At safepoint: 17318 ns, Total: 239021 ns
[2020-12-14T03:21:37.618+0000][6][safepoint    ] Safepoint "Cleanup", Time since last: 1000203047 ns, Reaching safepoint: 253580 ns, At safepoint: 19101 ns, Total: 272681 ns
[2020-12-14T03:21:38.753+0000][6][safepoint    ] Safepoint "Cleanup", Time since last: 1134890556 ns, Reaching safepoint: 228482 ns, At safepoint: 17801 ns, Total: 246283 ns
[2020-12-14T03:21:39.754+0000][6][safepoint    ] Safepoint "Cleanup", Time since last: 1000204130 ns, Reaching safepoint: 222500 ns, At safepoint: 17558 ns, Total: 240058 ns
[2020-12-14T03:21:40.754+0000][6][safepoint    ] Safepoint "Cleanup", Time since last: 1000184382 ns, Reaching safepoint: 247129 ns, At safepoint: 18741 ns, Total: 265870 ns
[2020-12-14T03:21:41.755+0000][6][safepoint    ] Safepoint "Cleanup", Time since last: 1000193133 ns, Reaching safepoint: 227408 ns, At safepoint: 19067 ns, Total: 246475 ns
[2020-12-14T03:21:42.755+0000][6][safepoint    ] Safepoint "Cleanup", Time since last: 1000196070 ns, Reaching safepoint: 326160 ns, At safepoint: 18771 ns, Total: 344931 ns
[2020-12-14T03:21:43.756+0000][6][safepoint    ] Safepoint "Cleanup", Time since last: 1000211032 ns, Reaching safepoint: 216085 ns, At safepoint: 19393 ns, Total: 235478 ns
[2020-12-14T03:21:44.756+0000][6][safepoint    ] Safepoint "Cleanup", Time since last: 1000185771 ns, Reaching safepoint: 257424 ns, At safepoint: 18828 ns, Total: 276252 ns
[2020-12-14T03:21:45.757+0000][6][safepoint    ] Safepoint "Cleanup", Time since last: 1000204610 ns, Reaching safepoint: 255422 ns, At safepoint: 17474 ns, Total: 272896 ns
[2020-12-14T03:21:46.757+0000][6][safepoint    ] Safepoint "Cleanup", Time since last: 1000201366 ns, Reaching safepoint: 213098 ns, At safepoint: 41882 ns, Total: 254980 ns
[2020-12-14T03:21:47.758+0000][6][safepoint    ] Safepoint "Cleanup", Time since last: 1000190209 ns, Reaching safepoint: 241345 ns, At safepoint: 18694 ns, Total: 260039 ns
[2020-12-14T03:21:48.758+0000][6][safepoint    ] Safepoint "Cleanup", Time since last: 1000190950 ns, Reaching safepoint: 231670 ns, At safepoint: 18504 ns, Total: 250174 ns
[2020-12-14T03:21:49.758+0000][6][safepoint    ] Safepoint "Cleanup", Time since last: 1000176053 ns, Reaching safepoint: 228928 ns, At safepoint: 18285 ns, Total: 247213 ns
[2020-12-14T03:21:50.759+0000][6][safepoint    ] Safepoint "Cleanup", Time since last: 1000208617 ns, Reaching safepoint: 224993 ns, At safepoint: 17914 ns, Total: 242907 ns
[2020-12-14T03:21:51.759+0000][6][safepoint    ] Safepoint "Cleanup", Time since last: 1000232747 ns, Reaching safepoint: 218375 ns, At safepoint: 16460 ns, Total: 234835 ns
[2020-12-14T03:21:52.760+0000][6][safepoint    ] Safepoint "Cleanup", Time since last: 1000184417 ns, Reaching safepoint: 215660 ns, At safepoint: 18128 ns, Total: 233788 ns
[2020-12-14T03:21:53.760+0000][6][safepoint    ] Safepoint "Cleanup", Time since last: 1000208691 ns, Reaching safepoint: 280198 ns, At safepoint: 18007 ns, Total: 298205 ns
[2020-12-14T03:21:54.761+0000][6][safepoint    ] Safepoint "Cleanup", Time since last: 1000189625 ns, Reaching safepoint: 225256 ns, At safepoint: 17544 ns, Total: 242800 ns
[2020-12-14T03:21:55.761+0000][6][safepoint    ] Safepoint "Cleanup", Time since last: 1000206402 ns, Reaching safepoint: 278030 ns, At safepoint: 18741 ns, Total: 296771 ns
[2020-12-14T03:21:56.762+0000][6][safepoint    ] Safepoint "Cleanup", Time since last: 1000174770 ns, Reaching safepoint: 227187 ns, At safepoint: 17850 ns, Total: 245037 ns
[2020-12-14T03:21:57.762+0000][6][safepoint    ] Safepoint "Cleanup", Time since last: 1000192580 ns, Reaching safepoint: 211902 ns, At safepoint: 16006 ns, Total: 227908 ns
[2020-12-14T03:21:58.762+0000][6][safepoint    ] Safepoint "Cleanup", Time since last: 1000216717 ns, Reaching safepoint: 225286 ns, At safepoint: 18271 ns, Total: 243557 ns
[2020-12-14T03:21:59.763+0000][6][safepoint    ] Safepoint "Cleanup", Time since last: 1000197918 ns, Reaching safepoint: 221610 ns, At safepoint: 17784 ns, Total: 239394 ns
[2020-12-14T03:22:00.763+0000][6][safepoint    ] Safepoint "Cleanup", Time since last: 1000191797 ns, Reaching safepoint: 255303 ns, At safepoint: 17490 ns, Total: 272793 ns
[2020-12-14T03:22:01.764+0000][6][safepoint    ] Safepoint "Cleanup", Time since last: 1000189442 ns, Reaching safepoint: 215030 ns, At safepoint: 17664 ns, Total: 232694 ns
[2020-12-14T03:22:02.764+0000][6][safepoint    ] Safepoint "Cleanup", Time since last: 1000168272 ns, Reaching safepoint: 280761 ns, At safepoint: 21910 ns, Total: 302671 ns
[2020-12-14T03:22:03.765+0000][6][safepoint    ] Safepoint "Cleanup", Time since last: 1000206136 ns, Reaching safepoint: 221210 ns, At safepoint: 17437 ns, Total: 238647 ns
[2020-12-14T03:22:04.765+0000][6][safepoint    ] Safepoint "Cleanup", Time since last: 1000188934 ns, Reaching safepoint: 288889 ns, At safepoint: 18438 ns, Total: 307327 ns
[2020-12-14T03:22:05.766+0000][6][safepoint    ] Safepoint "Cleanup", Time since last: 1000197994 ns, Reaching safepoint: 227218 ns, At safepoint: 17603 ns, Total: 244821 ns
[2020-12-14T03:22:06.766+0000][6][safepoint    ] Safepoint "Cleanup", Time since last: 1000192450 ns, Reaching safepoint: 275982 ns, At safepoint: 17810 ns, Total: 293792 ns
[2020-12-14T03:22:07.767+0000][6][safepoint    ] Safepoint "Cleanup", Time since last: 1000193331 ns, Reaching safepoint: 223595 ns, At safepoint: 17754 ns, Total: 241349 ns
[2020-12-14T03:22:08.767+0000][6][safepoint    ] Safepoint "Cleanup", Time since last: 1000179123 ns, Reaching safepoint: 223195 ns, At safepoint: 17293 ns, Total: 240488 ns
[2020-12-14T03:22:09.767+0000][6][safepoint    ] Safepoint "Cleanup", Time since last: 1000215657 ns, Reaching safepoint: 222395 ns, At safepoint: 17623 ns, Total: 240018 ns
[2020-12-14T03:22:10.768+0000][6][safepoint    ] Safepoint "Cleanup", Time since last: 1000196213 ns, Reaching safepoint: 228071 ns, At safepoint: 17530 ns, Total: 245601 ns
[2020-12-14T03:22:11.768+0000][6][safepoint    ] Safepoint "Cleanup", Time since last: 1000201677 ns, Reaching safepoint: 213326 ns, At safepoint: 17456 ns, Total: 230782 ns
[2020-12-14T03:22:12.769+0000][6][safepoint    ] Safepoint "Cleanup", Time since last: 1000184219 ns, Reaching safepoint: 223551 ns, At safepoint: 17697 ns, Total: 241248 ns
[2020-12-14T03:22:13.769+0000][6][safepoint    ] Safepoint "Cleanup", Time since last: 1000193134 ns, Reaching safepoint: 248250 ns, At safepoint: 18367 ns, Total: 266617 ns
[2020-12-14T03:22:14.770+0000][6][safepoint    ] Safepoint "Cleanup", Time since last: 1000188531 ns, Reaching safepoint: 219089 ns, At safepoint: 17324 ns, Total: 236413 ns
[2020-12-14T03:22:15.770+0000][6][safepoint    ] Safepoint "Cleanup", Time since last: 1000181301 ns, Reaching safepoint: 227103 ns, At safepoint: 47571 ns, Total: 274674 ns
[2020-12-14T03:22:16.771+0000][6][safepoint    ] Safepoint "Cleanup", Time since last: 1000182034 ns, Reaching safepoint: 210835 ns, At safepoint: 17353 ns, Total: 228188 ns
[2020-12-14T03:22:17.771+0000][6][safepoint    ] Safepoint "Cleanup", Time since last: 1000191374 ns, Reaching safepoint: 233664 ns, At safepoint: 17497 ns, Total: 251161 ns
[2020-12-14T03:22:18.771+0000][6][safepoint    ] Safepoint "Cleanup", Time since last: 1000184545 ns, Reaching safepoint: 220320 ns, At safepoint: 18257 ns, Total: 238577 ns
[2020-12-14T03:22:19.772+0000][6][safepoint    ] Safepoint "Cleanup", Time since last: 1000189059 ns, Reaching safepoint: 252342 ns, At safepoint: 17623 ns, Total: 269965 ns
[2020-12-14T03:22:20.772+0000][6][safepoint    ] Safepoint "Cleanup", Time since last: 1000188745 ns, Reaching safepoint: 252321 ns, At safepoint: 17807 ns, Total: 270128 ns
[2020-12-14T03:22:21.941+0000][6][safepoint    ] Safepoint "Cleanup", Time since last: 1168722672 ns, Reaching safepoint: 248229 ns, At safepoint: 17278 ns, Total: 265507 ns
[2020-12-14T03:22:22.942+0000][6][safepoint    ] Safepoint "Cleanup", Time since last: 1000180796 ns, Reaching safepoint: 219380 ns, At safepoint: 17747 ns, Total: 237127 ns
[2020-12-14T03:22:23.942+0000][6][safepoint    ] Safepoint "Cleanup", Time since last: 1000186904 ns, Reaching safepoint: 280684 ns, At safepoint: 16508 ns, Total: 297192 ns
[2020-12-14T03:22:24.943+0000][6][safepoint    ] Safepoint "Cleanup", Time since last: 1000162557 ns, Reaching safepoint: 227394 ns, At safepoint: 17687 ns, Total: 245081 ns
[2020-12-14T03:22:25.943+0000][6][safepoint    ] Safepoint "Cleanup", Time since last: 1000195163 ns, Reaching safepoint: 237800 ns, At safepoint: 16363 ns, Total: 254163 ns
[2020-12-14T03:22:26.944+0000][6][safepoint    ] Safepoint "Cleanup", Time since last: 1000209323 ns, Reaching safepoint: 228545 ns, At safepoint: 19375 ns, Total: 247920 ns
[2020-12-14T03:22:27.944+0000][6][safepoint    ] Safepoint "Cleanup", Time since last: 1000212433 ns, Reaching safepoint: 218523 ns, At safepoint: 16806 ns, Total: 235329 ns
[2020-12-14T03:22:29.369+0000][6][safepoint    ] Safepoint "Cleanup", Time since last: 1425175604 ns, Reaching safepoint: 236005 ns, At safepoint: 18281 ns, Total: 254286 ns
[2020-12-14T03:22:30.370+0000][6][safepoint    ] Safepoint "Cleanup", Time since last: 1000186692 ns, Reaching safepoint: 263466 ns, At safepoint: 16443 ns, Total: 279909 ns
[2020-12-14T03:22:31.651+0000][6][safepoint    ] Safepoint "Cleanup", Time since last: 1280849117 ns, Reaching safepoint: 210934 ns, At safepoint: 16985 ns, Total: 227919 ns
[2020-12-14T03:22:32.651+0000][6][safepoint    ] Safepoint "Cleanup", Time since last: 1000189301 ns, Reaching safepoint: 248193 ns, At safepoint: 17982 ns, Total: 266175 ns
[2020-12-14T03:22:33.652+0000][6][safepoint    ] Safepoint "Cleanup", Time since last: 1000192219 ns, Reaching safepoint: 234281 ns, At safepoint: 18601 ns, Total: 252882 ns
[2020-12-14T03:22:34.652+0000][6][safepoint    ] Safepoint "Cleanup", Time since last: 1000184052 ns, Reaching safepoint: 252061 ns, At safepoint: 31666 ns, Total: 283727 ns
[2020-12-14T03:22:35.653+0000][6][safepoint    ] Safepoint "Cleanup", Time since last: 1000197006 ns, Reaching safepoint: 235992 ns, At safepoint: 19024 ns, Total: 255016 ns
[2020-12-14T03:22:36.653+0000][6][safepoint    ] Safepoint "Cleanup", Time since last: 1000212096 ns, Reaching safepoint: 232164 ns, At safepoint: 17007 ns, Total: 249171 ns
[2020-12-14T03:22:37.654+0000][6][safepoint    ] Safepoint "Cleanup", Time since last: 1000189628 ns, Reaching safepoint: 236750 ns, At safepoint: 18864 ns, Total: 255614 ns
[2020-12-14T03:22:38.654+0000][6][safepoint    ] Safepoint "Cleanup", Time since last: 1000208271 ns, Reaching safepoint: 311452 ns, At safepoint: 18740 ns, Total: 330192 ns
[2020-12-14T03:22:39.753+0000][6][safepoint    ] Safepoint "Cleanup", Time since last: 1098717249 ns, Reaching safepoint: 251552 ns, At safepoint: 18624 ns, Total: 270176 ns
[2020-12-14T03:22:40.754+0000][6][safepoint    ] Safepoint "Cleanup", Time since last: 1000192283 ns, Reaching safepoint: 240389 ns, At safepoint: 17746 ns, Total: 258135 ns
[2020-12-14T03:22:41.754+0000][6][safepoint    ] Safepoint "Cleanup", Time since last: 1000188812 ns, Reaching safepoint: 228922 ns, At safepoint: 41280 ns, Total: 270202 ns
[2020-12-14T03:22:42.755+0000][6][safepoint    ] Safepoint "Cleanup", Time since last: 1000191940 ns, Reaching safepoint: 235906 ns, At safepoint: 29703 ns, Total: 265609 ns
[2020-12-14T03:22:43.755+0000][6][safepoint    ] Safepoint "Cleanup", Time since last: 1000196656 ns, Reaching safepoint: 227942 ns, At safepoint: 16130 ns, Total: 244072 ns
[2020-12-14T03:22:44.755+0000][6][safepoint    ] Safepoint "Cleanup", Time since last: 1000189087 ns, Reaching safepoint: 226664 ns, At safepoint: 18334 ns, Total: 244998 ns
[2020-12-14T03:22:45.756+0000][6][safepoint    ] Safepoint "Cleanup", Time since last: 1000200331 ns, Reaching safepoint: 214060 ns, At safepoint: 20702 ns, Total: 234762 ns
[2020-12-14T03:22:46.756+0000][6][safepoint    ] Safepoint "Cleanup", Time since last: 1000202026 ns, Reaching safepoint: 254787 ns, At safepoint: 17126 ns, Total: 271913 ns
[2020-12-14T03:22:47.757+0000][6][safepoint    ] Safepoint "Cleanup", Time since last: 1000191336 ns, Reaching safepoint: 227912 ns, At safepoint: 16339 ns, Total: 244251 ns
[2020-12-14T03:22:48.757+0000][6][safepoint    ] Safepoint "Cleanup", Time since last: 1000174216 ns, Reaching safepoint: 240802 ns, At safepoint: 19364 ns, Total: 260166 ns
[2020-12-14T03:22:49.758+0000][6][safepoint    ] Safepoint "Cleanup", Time since last: 1000193609 ns, Reaching safepoint: 234828 ns, At safepoint: 20041 ns, Total: 254869 ns
[2020-12-14T03:22:50.758+0000][6][safepoint    ] Safepoint "Cleanup", Time since last: 1000188101 ns, Reaching safepoint: 251575 ns, At safepoint: 17503 ns, Total: 269078 ns
[2020-12-14T03:22:51.759+0000][6][safepoint    ] Safepoint "Cleanup", Time since last: 1000201272 ns, Reaching safepoint: 228704 ns, At safepoint: 17001 ns, Total: 245705 ns
[2020-12-14T03:22:52.759+0000][6][safepoint    ] Safepoint "Cleanup", Time since last: 1000156743 ns, Reaching safepoint: 250209 ns, At safepoint: 17961 ns, Total: 268170 ns
[2020-12-14T03:22:53.759+0000][6][safepoint    ] Safepoint "Cleanup", Time since last: 1000256999 ns, Reaching safepoint: 218856 ns, At safepoint: 24060 ns, Total: 242916 ns
[2020-12-14T03:22:54.760+0000][6][safepoint    ] Safepoint "Cleanup", Time since last: 1000186444 ns, Reaching safepoint: 238323 ns, At safepoint: 18121 ns, Total: 256444 ns
[2020-12-14T03:22:55.760+0000][6][safepoint    ] Safepoint "Cleanup", Time since last: 1000194431 ns, Reaching safepoint: 243584 ns, At safepoint: 17360 ns, Total: 260944 ns
[2020-12-14T03:22:56.761+0000][6][safepoint    ] Safepoint "Cleanup", Time since last: 1000189055 ns, Reaching safepoint: 227428 ns, At safepoint: 16560 ns, Total: 243988 ns
[2020-12-14T03:22:57.761+0000][6][safepoint    ] Safepoint "Cleanup", Time since last: 1000196573 ns, Reaching safepoint: 264996 ns, At safepoint: 18774 ns, Total: 283770 ns
[2020-12-14T03:22:58.762+0000][6][safepoint    ] Safepoint "Cleanup", Time since last: 1000187589 ns, Reaching safepoint: 225820 ns, At safepoint: 17753 ns, Total: 243573 ns
[2020-12-14T03:22:59.762+0000][6][safepoint    ] Safepoint "Cleanup", Time since last: 1000192274 ns, Reaching safepoint: 249300 ns, At safepoint: 18620 ns, Total: 267920 ns
[2020-12-14T03:23:00.763+0000][6][safepoint    ] Safepoint "Cleanup", Time since last: 1000190977 ns, Reaching safepoint: 258845 ns, At safepoint: 18001 ns, Total: 276846 ns
[2020-12-14T03:23:01.763+0000][6][safepoint    ] Safepoint "Cleanup", Time since last: 1000209353 ns, Reaching safepoint: 238678 ns, At safepoint: 16559 ns, Total: 255237 ns
[2020-12-14T03:23:02.764+0000][6][safepoint    ] Safepoint "Cleanup", Time since last: 1000178732 ns, Reaching safepoint: 223966 ns, At safepoint: 17616 ns, Total: 241582 ns
[2020-12-14T03:23:03.764+0000][6][safepoint    ] Safepoint "Cleanup", Time since last: 1000206436 ns, Reaching safepoint: 221581 ns, At safepoint: 17647 ns, Total: 239228 ns
[2020-12-14T03:23:04.764+0000][6][safepoint    ] Safepoint "Cleanup", Time since last: 1000190292 ns, Reaching safepoint: 221684 ns, At safepoint: 17707 ns, Total: 239391 ns
[2020-12-14T03:23:05.765+0000][6][safepoint    ] Safepoint "Cleanup", Time since last: 1000198631 ns, Reaching safepoint: 233787 ns, At safepoint: 17521 ns, Total: 251308 ns
[2020-12-14T03:23:06.765+0000][6][safepoint    ] Safepoint "Cleanup", Time since last: 1000184051 ns, Reaching safepoint: 248060 ns, At safepoint: 17763 ns, Total: 265823 ns
[2020-12-14T03:23:07.766+0000][6][safepoint    ] Safepoint "Cleanup", Time since last: 1000187024 ns, Reaching safepoint: 222974 ns, At safepoint: 17687 ns, Total: 240661 ns
[2020-12-14T03:23:08.766+0000][6][safepoint    ] Safepoint "Cleanup", Time since last: 1000192993 ns, Reaching safepoint: 236957 ns, At safepoint: 18484 ns, Total: 255441 ns
[2020-12-14T03:23:09.767+0000][6][safepoint    ] Safepoint "Cleanup", Time since last: 1000189427 ns, Reaching safepoint: 231006 ns, At safepoint: 17646 ns, Total: 248652 ns
[2020-12-14T03:23:10.767+0000][6][safepoint    ] Safepoint "Cleanup", Time since last: 1000190373 ns, Reaching safepoint: 225433 ns, At safepoint: 16243 ns, Total: 241676 ns
[2020-12-14T03:23:11.768+0000][6][safepoint    ] Safepoint "Cleanup", Time since last: 1000208965 ns, Reaching safepoint: 222538 ns, At safepoint: 17917 ns, Total: 240455 ns
[2020-12-14T03:23:12.768+0000][6][safepoint    ] Safepoint "Cleanup", Time since last: 1000189010 ns, Reaching safepoint: 230392 ns, At safepoint: 17657 ns, Total: 248049 ns
[2020-12-14T03:23:13.768+0000][6][safepoint    ] Safepoint "Cleanup", Time since last: 1000212818 ns, Reaching safepoint: 259869 ns, At safepoint: 17400 ns, Total: 277269 ns
[2020-12-14T03:23:14.769+0000][6][safepoint    ] Safepoint "Cleanup", Time since last: 1000184283 ns, Reaching safepoint: 249867 ns, At safepoint: 16569 ns, Total: 266436 ns
[2020-12-14T03:23:15.769+0000][6][safepoint    ] Safepoint "Cleanup", Time since last: 1000255371 ns, Reaching safepoint: 222861 ns, At safepoint: 17480 ns, Total: 240341 ns
[2020-12-14T03:23:16.770+0000][6][safepoint    ] Safepoint "Cleanup", Time since last: 1000183418 ns, Reaching safepoint: 226897 ns, At safepoint: 17620 ns, Total: 244517 ns
[2020-12-14T03:23:17.770+0000][6][safepoint    ] Safepoint "Cleanup", Time since last: 1000191887 ns, Reaching safepoint: 244324 ns, At safepoint: 18383 ns, Total: 262707 ns
[2020-12-14T03:23:18.771+0000][6][safepoint    ] Safepoint "Cleanup", Time since last: 1000191268 ns, Reaching safepoint: 228761 ns, At safepoint: 17233 ns, Total: 245994 ns
[2020-12-14T03:23:19.771+0000][6][safepoint    ] Safepoint "Cleanup", Time since last: 1000202046 ns, Reaching safepoint: 258132 ns, At safepoint: 17657 ns, Total: 275789 ns
[2020-12-14T03:23:20.772+0000][6][safepoint    ] Safepoint "Cleanup", Time since last: 1000160756 ns, Reaching safepoint: 227174 ns, At safepoint: 16511 ns, Total: 243685 ns
[2020-12-14T03:23:21.772+0000][6][safepoint    ] Safepoint "Cleanup", Time since last: 1000205593 ns, Reaching safepoint: 226377 ns, At safepoint: 16302 ns, Total: 242679 ns
[2020-12-14T03:23:22.773+0000][6][safepoint    ] Safepoint "Cleanup", Time since last: 1000246798 ns, Reaching safepoint: 233137 ns, At safepoint: 17797 ns, Total: 250934 ns
[2020-12-14T03:23:23.773+0000][6][safepoint    ] Safepoint "Cleanup", Time since last: 1000212026 ns, Reaching safepoint: 232497 ns, At safepoint: 18087 ns, Total: 250584 ns
[2020-12-14T03:23:24.773+0000][6][safepoint    ] Safepoint "Cleanup", Time since last: 1000244804 ns, Reaching safepoint: 224482 ns, At safepoint: 17500 ns, Total: 241982 ns
[2020-12-14T03:23:26.131+0000][6][safepoint    ] Safepoint "Cleanup", Time since last: 1357495525 ns, Reaching safepoint: 290241 ns, At safepoint: 18857 ns, Total: 309098 ns
[2020-12-14T03:23:27.132+0000][6][safepoint    ] Safepoint "Cleanup", Time since last: 1000195472 ns, Reaching safepoint: 224582 ns, At safepoint: 17507 ns, Total: 242089 ns
[2020-12-14T03:23:28.132+0000][6][safepoint    ] Safepoint "Cleanup", Time since last: 1000207046 ns, Reaching safepoint: 382373 ns, At safepoint: 18714 ns, Total: 401087 ns
[2020-12-14T03:23:28.417+0000][6][safepoint    ] Safepoint "BulkRevokeBias", Time since last: 283014202 ns, Reaching safepoint: 238634 ns, At safepoint: 1202076 ns, Total: 1440710 ns
[2020-12-14T03:23:29.433+0000][6][safepoint    ] Safepoint "Cleanup", Time since last: 1016265815 ns, Reaching safepoint: 245564 ns, At safepoint: 18104 ns, Total: 263668 ns
[2020-12-14T03:23:30.434+0000][6][safepoint    ] Safepoint "Cleanup", Time since last: 1000191265 ns, Reaching safepoint: 234168 ns, At safepoint: 24631 ns, Total: 258799 ns
[2020-12-14T03:23:31.738+0000][6][safepoint    ] Safepoint "Cleanup", Time since last: 1304054994 ns, Reaching safepoint: 221838 ns, At safepoint: 17320 ns, Total: 239158 ns
[2020-12-14T03:23:32.739+0000][6][safepoint    ] Safepoint "Cleanup", Time since last: 1000199830 ns, Reaching safepoint: 234458 ns, At safepoint: 19941 ns, Total: 254399 ns
[2020-12-14T03:23:33.739+0000][6][safepoint    ] Safepoint "Cleanup", Time since last: 1000200636 ns, Reaching safepoint: 223502 ns, At safepoint: 20302 ns, Total: 243804 ns
[2020-12-14T03:23:34.739+0000][6][safepoint    ] Safepoint "Cleanup", Time since last: 1000191177 ns, Reaching safepoint: 224759 ns, At safepoint: 20028 ns, Total: 244787 ns
[2020-12-14T03:23:35.740+0000][6][safepoint    ] Safepoint "Cleanup", Time since last: 1000187851 ns, Reaching safepoint: 228251 ns, At safepoint: 30269 ns, Total: 258520 ns
[2020-12-14T03:23:36.740+0000][6][safepoint    ] Safepoint "Cleanup", Time since last: 1000178444 ns, Reaching safepoint: 229043 ns, At safepoint: 23723 ns, Total: 252766 ns
[2020-12-14T03:23:37.741+0000][6][safepoint    ] Safepoint "Cleanup", Time since last: 1000182315 ns, Reaching safepoint: 236826 ns, At safepoint: 18934 ns, Total: 255760 ns
[2020-12-14T03:23:38.741+0000][6][safepoint    ] Safepoint "Cleanup", Time since last: 1000186857 ns, Reaching safepoint: 240231 ns, At safepoint: 29947 ns, Total: 270178 ns
[2020-12-14T03:23:39.742+0000][6][safepoint    ] Safepoint "Cleanup", Time since last: 1000184533 ns, Reaching safepoint: 224636 ns, At safepoint: 17752 ns, Total: 242388 ns
[2020-12-14T03:23:40.764+0000][6][safepoint    ] Safepoint "Cleanup", Time since last: 1022217225 ns, Reaching safepoint: 228803 ns, At safepoint: 17136 ns, Total: 245939 ns
[2020-12-14T03:23:41.764+0000][6][safepoint    ] Safepoint "Cleanup", Time since last: 1000197319 ns, Reaching safepoint: 220863 ns, At safepoint: 27852 ns, Total: 248715 ns
[2020-12-14T03:23:42.765+0000][6][safepoint    ] Safepoint "Cleanup", Time since last: 1000177990 ns, Reaching safepoint: 278157 ns, At safepoint: 19431 ns, Total: 297588 ns
[2020-12-14T03:23:43.765+0000][6][safepoint    ] Safepoint "Cleanup", Time since last: 1000187927 ns, Reaching safepoint: 217015 ns, At safepoint: 17897 ns, Total: 234912 ns
[2020-12-14T03:23:44.766+0000][6][safepoint    ] Safepoint "Cleanup", Time since last: 1000189399 ns, Reaching safepoint: 278247 ns, At safepoint: 17833 ns, Total: 296080 ns
[2020-12-14T03:23:45.766+0000][6][safepoint    ] Safepoint "Cleanup", Time since last: 1000197650 ns, Reaching safepoint: 228322 ns, At safepoint: 20025 ns, Total: 248347 ns
[2020-12-14T03:23:46.767+0000][6][safepoint    ] Safepoint "Cleanup", Time since last: 1000178706 ns, Reaching safepoint: 203997 ns, At safepoint: 18491 ns, Total: 222488 ns
[2020-12-14T03:23:47.767+0000][6][safepoint    ] Safepoint "Cleanup", Time since last: 1000172915 ns, Reaching safepoint: 230802 ns, At safepoint: 15569 ns, Total: 246371 ns
[2020-12-14T03:23:48.768+0000][6][safepoint    ] Safepoint "Cleanup", Time since last: 1000192945 ns, Reaching safepoint: 251137 ns, At safepoint: 18744 ns, Total: 269881 ns
[2020-12-14T03:23:49.768+0000][6][safepoint    ] Safepoint "Cleanup", Time since last: 1000185497 ns, Reaching safepoint: 217501 ns, At safepoint: 17350 ns, Total: 234851 ns
[2020-12-14T03:23:50.768+0000][6][safepoint    ] Safepoint "Cleanup", Time since last: 1000172827 ns, Reaching safepoint: 230312 ns, At safepoint: 18157 ns, Total: 248469 ns
[2020-12-14T03:23:51.769+0000][6][safepoint    ] Safepoint "Cleanup", Time since last: 1000170561 ns, Reaching safepoint: 230319 ns, At safepoint: 18648 ns, Total: 248967 ns
[2020-12-14T03:23:52.769+0000][6][safepoint    ] Safepoint "Cleanup", Time since last: 1000179363 ns, Reaching safepoint: 249583 ns, At safepoint: 18577 ns, Total: 268160 ns
[2020-12-14T03:23:53.770+0000][6][safepoint    ] Safepoint "Cleanup", Time since last: 1000188928 ns, Reaching safepoint: 240218 ns, At safepoint: 18694 ns, Total: 258912 ns
[2020-12-14T03:23:54.770+0000][6][safepoint    ] Safepoint "Cleanup", Time since last: 1000191033 ns, Reaching safepoint: 254653 ns, At safepoint: 18667 ns, Total: 273320 ns
[2020-12-14T03:23:55.771+0000][6][safepoint    ] Safepoint "Cleanup", Time since last: 1000187995 ns, Reaching safepoint: 244021 ns, At safepoint: 30107 ns, Total: 274128 ns
[2020-12-14T03:23:56.771+0000][6][safepoint    ] Safepoint "Cleanup", Time since last: 1000173470 ns, Reaching safepoint: 269495 ns, At safepoint: 19535 ns, Total: 289030 ns
[2020-12-14T03:23:57.772+0000][6][safepoint    ] Safepoint "Cleanup", Time since last: 1000151029 ns, Reaching safepoint: 251448 ns, At safepoint: 18312 ns, Total: 269760 ns
[2020-12-14T03:23:58.772+0000][6][safepoint    ] Safepoint "Cleanup", Time since last: 1000183857 ns, Reaching safepoint: 262285 ns, At safepoint: 18750 ns, Total: 281035 ns
[2020-12-14T03:23:59.772+0000][6][safepoint    ] Safepoint "Cleanup", Time since last: 1000201572 ns, Reaching safepoint: 226127 ns, At safepoint: 17990 ns, Total: 244117 ns
[2020-12-14T03:24:00.773+0000][6][safepoint    ] Safepoint "Cleanup", Time since last: 1000188229 ns, Reaching safepoint: 245338 ns, At safepoint: 18530 ns, Total: 263868 ns
[2020-12-14T03:24:01.773+0000][6][safepoint    ] Safepoint "Cleanup", Time since last: 1000180427 ns, Reaching safepoint: 232060 ns, At safepoint: 18401 ns, Total: 250461 ns
[2020-12-14T03:24:02.774+0000][6][safepoint    ] Safepoint "Cleanup", Time since last: 1000179675 ns, Reaching safepoint: 229702 ns, At safepoint: 18674 ns, Total: 248376 ns
[2020-12-14T03:24:03.774+0000][6][safepoint    ] Safepoint "Cleanup", Time since last: 1000184117 ns, Reaching safepoint: 265459 ns, At safepoint: 19745 ns, Total: 285204 ns
[2020-12-14T03:24:04.775+0000][6][safepoint    ] Safepoint "Cleanup", Time since last: 1000184072 ns, Reaching safepoint: 222002 ns, At safepoint: 16810 ns, Total: 238812 ns
[2020-12-14T03:24:05.775+0000][6][safepoint    ] Safepoint "Cleanup", Time since last: 1000175422 ns, Reaching safepoint: 279798 ns, At safepoint: 20749 ns, Total: 300547 ns
[2020-12-14T03:24:06.776+0000][6][safepoint    ] Safepoint "Cleanup", Time since last: 1000188274 ns, Reaching safepoint: 229382 ns, At safepoint: 17954 ns, Total: 247336 ns
[2020-12-14T03:24:07.776+0000][6][safepoint    ] Safepoint "Cleanup", Time since last: 1000185993 ns, Reaching safepoint: 226110 ns, At safepoint: 17136 ns, Total: 243246 ns
[2020-12-14T03:24:08.777+0000][6][safepoint    ] Safepoint "Cleanup", Time since last: 1000216951 ns, Reaching safepoint: 234358 ns, At safepoint: 18634 ns, Total: 252992 ns
[2020-12-14T03:24:09.777+0000][6][safepoint    ] Safepoint "Cleanup", Time since last: 1000147505 ns, Reaching safepoint: 219603 ns, At safepoint: 18568 ns, Total: 238171 ns
[2020-12-14T03:24:10.777+0000][6][safepoint    ] Safepoint "Cleanup", Time since last: 1000216891 ns, Reaching safepoint: 227434 ns, At safepoint: 17699 ns, Total: 245133 ns
[2020-12-14T03:24:11.778+0000][6][safepoint    ] Safepoint "Cleanup", Time since last: 1000189750 ns, Reaching safepoint: 231406 ns, At safepoint: 18781 ns, Total: 250187 ns
[2020-12-14T03:24:12.778+0000][6][safepoint    ] Safepoint "Cleanup", Time since last: 1000192083 ns, Reaching safepoint: 251321 ns, At safepoint: 18981 ns, Total: 270302 ns
[2020-12-14T03:24:13.779+0000][6][safepoint    ] Safepoint "Cleanup", Time since last: 1000185967 ns, Reaching safepoint: 231897 ns, At safepoint: 19061 ns, Total: 250958 ns
[2020-12-14T03:24:14.779+0000][6][safepoint    ] Safepoint "Cleanup", Time since last: 1000184393 ns, Reaching safepoint: 272970 ns, At safepoint: 17303 ns, Total: 290273 ns
[2020-12-14T03:24:15.780+0000][6][safepoint    ] Safepoint "Cleanup", Time since last: 1000184206 ns, Reaching safepoint: 231519 ns, At safepoint: 17320 ns, Total: 248839 ns
[2020-12-14T03:24:16.780+0000][6][safepoint    ] Safepoint "Cleanup", Time since last: 1000184565 ns, Reaching safepoint: 227014 ns, At safepoint: 16990 ns, Total: 244004 ns
[2020-12-14T03:24:17.781+0000][6][safepoint    ] Safepoint "Cleanup", Time since last: 1000206399 ns, Reaching safepoint: 260847 ns, At safepoint: 19114 ns, Total: 279961 ns
[2020-12-14T03:24:18.781+0000][6][safepoint    ] Safepoint "Cleanup", Time since last: 1000183906 ns, Reaching safepoint: 238189 ns, At safepoint: 17283 ns, Total: 255472 ns
[2020-12-14T03:24:19.781+0000][6][safepoint    ] Safepoint "Cleanup", Time since last: 1000177530 ns, Reaching safepoint: 231551 ns, At safepoint: 17605 ns, Total: 249156 ns
[2020-12-14T03:24:20.782+0000][6][safepoint    ] Safepoint "Cleanup", Time since last: 1000191893 ns, Reaching safepoint: 226404 ns, At safepoint: 17564 ns, Total: 243968 ns
[2020-12-14T03:24:21.782+0000][6][safepoint    ] Safepoint "Cleanup", Time since last: 1000185803 ns, Reaching safepoint: 263278 ns, At safepoint: 17067 ns, Total: 280345 ns
[2020-12-14T03:24:22.783+0000][6][safepoint    ] Safepoint "Cleanup", Time since last: 1000178008 ns, Reaching safepoint: 260043 ns, At safepoint: 18100 ns, Total: 278143 ns
[2020-12-14T03:24:23.783+0000][6][safepoint    ] Safepoint "Cleanup", Time since last: 1000186097 ns, Reaching safepoint: 299646 ns, At safepoint: 18934 ns, Total: 318580 ns
[2020-12-14T03:24:24.784+0000][6][safepoint    ] Safepoint "Cleanup", Time since last: 1000184680 ns, Reaching safepoint: 241654 ns, At safepoint: 18775 ns, Total: 260429 ns
[2020-12-14T03:24:25.984+0000][6][safepoint    ] Safepoint "Cleanup", Time since last: 1200123024 ns, Reaching safepoint: 246541 ns, At safepoint: 34517 ns, Total: 281058 ns
[2020-12-14T03:24:26.985+0000][6][safepoint    ] Safepoint "Cleanup", Time since last: 1000174817 ns, Reaching safepoint: 225990 ns, At safepoint: 18638 ns, Total: 244628 ns
[2020-12-14T03:24:27.985+0000][6][safepoint    ] Safepoint "Cleanup", Time since last: 1000180736 ns, Reaching safepoint: 228318 ns, At safepoint: 18627 ns, Total: 246945 ns
[2020-12-14T03:24:29.494+0000][6][safepoint    ] Safepoint "Cleanup", Time since last: 1508374128 ns, Reaching safepoint: 226049 ns, At safepoint: 16894 ns, Total: 242943 ns
[2020-12-14T03:24:30.741+0000][6][safepoint    ] Safepoint "Cleanup", Time since last: 1247334669 ns, Reaching safepoint: 280171 ns, At safepoint: 18874 ns, Total: 299045 ns
[2020-12-14T03:24:31.742+0000][6][safepoint    ] Safepoint "Cleanup", Time since last: 1000390377 ns, Reaching safepoint: 255624 ns, At safepoint: 17179 ns, Total: 272803 ns
[2020-12-14T03:24:32.742+0000][6][safepoint    ] Safepoint "Cleanup", Time since last: 1000181931 ns, Reaching safepoint: 239688 ns, At safepoint: 17814 ns, Total: 257502 ns
[2020-12-14T03:24:33.743+0000][6][safepoint    ] Safepoint "Cleanup", Time since last: 1000188114 ns, Reaching safepoint: 229545 ns, At safepoint: 18441 ns, Total: 247986 ns
[2020-12-14T03:24:34.743+0000][6][safepoint    ] Safepoint "Cleanup", Time since last: 1000189370 ns, Reaching safepoint: 273941 ns, At safepoint: 18797 ns, Total: 292738 ns
[2020-12-14T03:24:35.744+0000][6][safepoint    ] Safepoint "Cleanup", Time since last: 1000188504 ns, Reaching safepoint: 228532 ns, At safepoint: 19141 ns, Total: 247673 ns
[2020-12-14T03:24:36.744+0000][6][safepoint    ] Safepoint "Cleanup", Time since last: 1000209263 ns, Reaching safepoint: 289230 ns, At safepoint: 19081 ns, Total: 308311 ns
[2020-12-14T03:24:37.745+0000][6][safepoint    ] Safepoint "Cleanup", Time since last: 1000181224 ns, Reaching safepoint: 228812 ns, At safepoint: 18654 ns, Total: 247466 ns
[2020-12-14T03:24:38.745+0000][6][safepoint    ] Safepoint "Cleanup", Time since last: 1000190136 ns, Reaching safepoint: 233394 ns, At safepoint: 17193 ns, Total: 250587 ns
[2020-12-14T03:24:39.745+0000][6][safepoint    ] Safepoint "Cleanup", Time since last: 1000213919 ns, Reaching safepoint: 231293 ns, At safepoint: 19121 ns, Total: 250414 ns
[2020-12-14T03:24:40.746+0000][6][safepoint    ] Safepoint "Cleanup", Time since last: 1000179840 ns, Reaching safepoint: 233560 ns, At safepoint: 18845 ns, Total: 252405 ns
[2020-12-14T03:24:41.756+0000][6][safepoint    ] Safepoint "Cleanup", Time since last: 1009958244 ns, Reaching safepoint: 284824 ns, At safepoint: 17653 ns, Total: 302477 ns
[2020-12-14T03:24:42.757+0000][6][safepoint    ] Safepoint "Cleanup", Time since last: 1000178782 ns, Reaching safepoint: 225303 ns, At safepoint: 18527 ns, Total: 243830 ns
[2020-12-14T03:24:43.757+0000][6][safepoint    ] Safepoint "Cleanup", Time since last: 1000194449 ns, Reaching safepoint: 246028 ns, At safepoint: 33416 ns, Total: 279444 ns
[2020-12-14T03:24:44.758+0000][6][safepoint    ] Safepoint "Cleanup", Time since last: 1000186733 ns, Reaching safepoint: 228118 ns, At safepoint: 19004 ns, Total: 247122 ns
[2020-12-14T03:24:45.758+0000][6][safepoint    ] Safepoint "Cleanup", Time since last: 1000189699 ns, Reaching safepoint: 229819 ns, At safepoint: 18931 ns, Total: 248750 ns
[2020-12-14T03:24:46.758+0000][6][safepoint    ] Safepoint "Cleanup", Time since last: 1000166720 ns, Reaching safepoint: 209901 ns, At safepoint: 17284 ns, Total: 227185 ns
[2020-12-14T03:24:47.759+0000][6][safepoint    ] Safepoint "Cleanup", Time since last: 1000184324 ns, Reaching safepoint: 228028 ns, At safepoint: 18847 ns, Total: 246875 ns
[2020-12-14T03:24:48.759+0000][6][safepoint    ] Safepoint "Cleanup", Time since last: 1000191177 ns, Reaching safepoint: 247756 ns, At safepoint: 19504 ns, Total: 267260 ns
[2020-12-14T03:24:49.760+0000][6][safepoint    ] Safepoint "Cleanup", Time since last: 1000181251 ns, Reaching safepoint: 237400 ns, At safepoint: 18934 ns, Total: 256334 ns
[2020-12-14T03:24:50.760+0000][6][safepoint    ] Safepoint "Cleanup", Time since last: 1000189929 ns, Reaching safepoint: 386145 ns, At safepoint: 19341 ns, Total: 405486 ns
[2020-12-14T03:24:51.761+0000][6][safepoint    ] Safepoint "Cleanup", Time since last: 1000188051 ns, Reaching safepoint: 284897 ns, At safepoint: 18924 ns, Total: 303821 ns
[2020-12-14T03:24:52.761+0000][6][safepoint    ] Safepoint "Cleanup", Time since last: 1000186107 ns, Reaching safepoint: 266080 ns, At safepoint: 18857 ns, Total: 284937 ns
[2020-12-14T03:24:53.762+0000][6][safepoint    ] Safepoint "Cleanup", Time since last: 1000183366 ns, Reaching safepoint: 239241 ns, At safepoint: 21559 ns, Total: 260800 ns
[2020-12-14T03:24:54.762+0000][6][safepoint    ] Safepoint "Cleanup", Time since last: 1000187097 ns, Reaching safepoint: 328666 ns, At safepoint: 22717 ns, Total: 351383 ns
[2020-12-14T03:24:55.763+0000][6][safepoint    ] Safepoint "Cleanup", Time since last: 1000188948 ns, Reaching safepoint: 231496 ns, At safepoint: 22000 ns, Total: 253496 ns
[2020-12-14T03:24:56.763+0000][6][safepoint    ] Safepoint "Cleanup", Time since last: 1000193880 ns, Reaching safepoint: 292767 ns, At safepoint: 23724 ns, Total: 316491 ns
[2020-12-14T03:24:57.822+0000][6][safepoint    ] Safepoint "Cleanup", Time since last: 1058120120 ns, Reaching safepoint: 248069 ns, At safepoint: 25445 ns, Total: 273514 ns
[2020-12-14T03:24:58.822+0000][6][safepoint    ] Safepoint "Cleanup", Time since last: 1000190165 ns, Reaching safepoint: 223702 ns, At safepoint: 18428 ns, Total: 242130 ns
[2020-12-14T03:24:59.822+0000][6][safepoint    ] Safepoint "Cleanup", Time since last: 1000220453 ns, Reaching safepoint: 233891 ns, At safepoint: 18404 ns, Total: 252295 ns
[2020-12-14T03:25:00.823+0000][6][safepoint    ] Safepoint "Cleanup", Time since last: 1000201329 ns, Reaching safepoint: 232036 ns, At safepoint: 18764 ns, Total: 250800 ns
[2020-12-14T03:25:01.823+0000][6][safepoint    ] Safepoint "Cleanup", Time since last: 1000189829 ns, Reaching safepoint: 219617 ns, At safepoint: 19411 ns, Total: 239028 ns
[2020-12-14T03:25:02.824+0000][6][safepoint    ] Safepoint "Cleanup", Time since last: 1000185449 ns, Reaching safepoint: 228825 ns, At safepoint: 18841 ns, Total: 247666 ns
[2020-12-14T03:25:03.824+0000][6][safepoint    ] Safepoint "Cleanup", Time since last: 1000191450 ns, Reaching safepoint: 249670 ns, At safepoint: 18888 ns, Total: 268558 ns
[2020-12-14T03:25:04.825+0000][6][safepoint    ] Safepoint "Cleanup", Time since last: 1000188648 ns, Reaching safepoint: 237786 ns, At safepoint: 18808 ns, Total: 256594 ns
[2020-12-14T03:25:05.825+0000][6][safepoint    ] Safepoint "Cleanup", Time since last: 1000190813 ns, Reaching safepoint: 266697 ns, At safepoint: 19197 ns, Total: 285894 ns
[2020-12-14T03:25:06.826+0000][6][safepoint    ] Safepoint "Cleanup", Time since last: 1000189996 ns, Reaching safepoint: 222054 ns, At safepoint: 18361 ns, Total: 240415 ns
[2020-12-14T03:25:07.826+0000][6][safepoint    ] Safepoint "Cleanup", Time since last: 1000190594 ns, Reaching safepoint: 218313 ns, At safepoint: 16182 ns, Total: 234495 ns
[2020-12-14T03:25:08.826+0000][6][safepoint    ] Safepoint "Cleanup", Time since last: 1000203362 ns, Reaching safepoint: 245504 ns, At safepoint: 18847 ns, Total: 264351 ns
[2020-12-14T03:25:09.827+0000][6][safepoint    ] Safepoint "Cleanup", Time since last: 1000184953 ns, Reaching safepoint: 228655 ns, At safepoint: 18644 ns, Total: 247299 ns
[2020-12-14T03:25:10.827+0000][6][safepoint    ] Safepoint "Cleanup", Time since last: 1000191410 ns, Reaching safepoint: 230459 ns, At safepoint: 17509 ns, Total: 247968 ns
[2020-12-14T03:25:11.828+0000][6][safepoint    ] Safepoint "Cleanup", Time since last: 1000173718 ns, Reaching safepoint: 230669 ns, At safepoint: 18527 ns, Total: 249196 ns
[2020-12-14T03:25:12.828+0000][6][safepoint    ] Safepoint "Cleanup", Time since last: 1000184329 ns, Reaching safepoint: 239631 ns, At safepoint: 19121 ns, Total: 258752 ns
[2020-12-14T03:25:13.829+0000][6][safepoint    ] Safepoint "Cleanup", Time since last: 1000191388 ns, Reaching safepoint: 231233 ns, At safepoint: 18818 ns, Total: 250051 ns
[2020-12-14T03:25:14.829+0000][6][safepoint    ] Safepoint "Cleanup", Time since last: 1000156588 ns, Reaching safepoint: 232270 ns, At safepoint: 34203 ns, Total: 266473 ns
[2020-12-14T03:25:15.830+0000][6][safepoint    ] Safepoint "Cleanup", Time since last: 1000187955 ns, Reaching safepoint: 222884 ns, At safepoint: 18518 ns, Total: 241402 ns
[2020-12-14T03:25:16.830+0000][6][safepoint    ] Safepoint "Cleanup", Time since last: 1000196929 ns, Reaching safepoint: 229579 ns, At safepoint: 18941 ns, Total: 248520 ns
[2020-12-14T03:25:17.830+0000][6][safepoint    ] Safepoint "Cleanup", Time since last: 1000159058 ns, Reaching safepoint: 224455 ns, At safepoint: 20786 ns, Total: 245241 ns
[2020-12-14T03:25:18.831+0000][6][safepoint    ] Safepoint "Cleanup", Time since last: 1000172935 ns, Reaching safepoint: 225216 ns, At safepoint: 18564 ns, Total: 243780 ns
[2020-12-14T03:25:19.831+0000][6][safepoint    ] Safepoint "Cleanup", Time since last: 1000186284 ns, Reaching safepoint: 260853 ns, At safepoint: 18591 ns, Total: 279444 ns
[2020-12-14T03:25:20.832+0000][6][safepoint    ] Safepoint "Cleanup", Time since last: 1000173441 ns, Reaching safepoint: 277703 ns, At safepoint: 18644 ns, Total: 296347 ns
[2020-12-14T03:25:21.832+0000][6][safepoint    ] Safepoint "Cleanup", Time since last: 1000183496 ns, Reaching safepoint: 270115 ns, At safepoint: 18794 ns, Total: 288909 ns
[2020-12-14T03:25:23.511+0000][6][safepoint    ] Safepoint "Cleanup", Time since last: 1678203976 ns, Reaching safepoint: 239139 ns, At safepoint: 17185 ns, Total: 256324 ns
[2020-12-14T03:25:24.511+0000][6][safepoint    ] Safepoint "Cleanup", Time since last: 1000202201 ns, Reaching safepoint: 217565 ns, At safepoint: 18842 ns, Total: 236407 ns
[2020-12-14T03:25:25.512+0000][6][safepoint    ] Safepoint "Cleanup", Time since last: 1000189907 ns, Reaching safepoint: 217812 ns, At safepoint: 20545 ns, Total: 238357 ns
[2020-12-14T03:25:26.512+0000][6][safepoint    ] Safepoint "Cleanup", Time since last: 1000188848 ns, Reaching safepoint: 240571 ns, At safepoint: 19201 ns, Total: 259772 ns
[2020-12-14T03:25:27.512+0000][6][safepoint    ] Safepoint "Cleanup", Time since last: 1000178606 ns, Reaching safepoint: 238731 ns, At safepoint: 18961 ns, Total: 257692 ns
[2020-12-14T03:25:28.513+0000][6][safepoint    ] Safepoint "Cleanup", Time since last: 1000145155 ns, Reaching safepoint: 178820 ns, At safepoint: 17671 ns, Total: 196491 ns
[2020-12-14T03:25:29.556+0000][6][safepoint    ] Safepoint "Cleanup", Time since last: 1042699801 ns, Reaching safepoint: 220694 ns, At safepoint: 19738 ns, Total: 240432 ns
[2020-12-14T03:25:29.789+0000][6][gc,start     ] GC(57) Pause Young (Normal) (G1 Evacuation Pause)
[2020-12-14T03:25:29.789+0000][6][gc,task      ] GC(57) Using 10 workers of 10 for evacuation
[2020-12-14T03:25:29.789+0000][6][gc,age       ] GC(57) Desired survivor size 26214400 bytes, new threshold 15 (max threshold 15)
[2020-12-14T03:25:29.807+0000][6][gc,age       ] GC(57) Age table with threshold 15 (max threshold 15)
[2020-12-14T03:25:29.807+0000][6][gc,age       ] GC(57) - age   1:     227472 bytes,     227472 total
[2020-12-14T03:25:29.807+0000][6][gc,age       ] GC(57) - age   2:     553072 bytes,     780544 total
[2020-12-14T03:25:29.808+0000][6][gc,age       ] GC(57) - age   3:      16360 bytes,     796904 total
[2020-12-14T03:25:29.808+0000][6][gc,age       ] GC(57) - age   4:      89176 bytes,     886080 total
[2020-12-14T03:25:29.808+0000][6][gc,age       ] GC(57) - age   5:     264048 bytes,    1150128 total
[2020-12-14T03:25:29.808+0000][6][gc,age       ] GC(57) - age   6:    1040360 bytes,    2190488 total
[2020-12-14T03:25:29.808+0000][6][gc,age       ] GC(57) - age   7:    9020352 bytes,   11210840 total
[2020-12-14T03:25:29.808+0000][6][gc,age       ] GC(57) - age   8:    9962784 bytes,   21173624 total
[2020-12-14T03:25:29.808+0000][6][gc,phases    ] GC(57)   Pre Evacuate Collection Set: 0.2ms
[2020-12-14T03:25:29.808+0000][6][gc,phases    ] GC(57)   Merge Heap Roots: 0.2ms
[2020-12-14T03:25:29.808+0000][6][gc,phases    ] GC(57)   Evacuate Collection Set: 16.4ms
[2020-12-14T03:25:29.808+0000][6][gc,phases    ] GC(57)   Post Evacuate Collection Set: 1.7ms
[2020-12-14T03:25:29.808+0000][6][gc,phases    ] GC(57)   Other: 0.5ms
[2020-12-14T03:25:29.808+0000][6][gc,heap      ] GC(57) Eden regions: 372->0(372)
[2020-12-14T03:25:29.808+0000][6][gc,heap      ] GC(57) Survivor regions: 23->23(50)
[2020-12-14T03:25:29.808+0000][6][gc,heap      ] GC(57) Old regions: 101->101
[2020-12-14T03:25:29.808+0000][6][gc,heap      ] GC(57) Archive regions: 2->2
[2020-12-14T03:25:29.808+0000][6][gc,heap      ] GC(57) Humongous regions: 73->73
[2020-12-14T03:25:29.808+0000][6][gc,metaspace ] GC(57) Metaspace: 76618K(81564K)->76618K(81564K) NonClass: 66994K(69888K)->66994K(69888K) Class: 9624K(11676K)->9624K(11676K)
[2020-12-14T03:25:29.808+0000][6][gc           ] GC(57) Pause Young (Normal) (G1 Evacuation Pause) 568M->196M(793M) 19.157ms
[2020-12-14T03:25:29.808+0000][6][gc,cpu       ] GC(57) User=0.16s Sys=0.00s Real=0.02s
[2020-12-14T03:25:29.808+0000][6][safepoint    ] Safepoint "G1CollectForAllocation", Time since last: 232723250 ns, Reaching safepoint: 215432 ns, At safepoint: 19322017 ns, Total: 19537449 ns
[2020-12-14T03:25:30.808+0000][6][safepoint    ] Safepoint "Cleanup", Time since last: 1000143530 ns, Reaching safepoint: 214351 ns, At safepoint: 19460 ns, Total: 233811 ns
[2020-12-14T03:25:31.809+0000][6][safepoint    ] Safepoint "Cleanup", Time since last: 1000190403 ns, Reaching safepoint: 211441 ns, At safepoint: 18441 ns, Total: 229882 ns
[2020-12-14T03:25:32.809+0000][6][safepoint    ] Safepoint "Cleanup", Time since last: 1000186564 ns, Reaching safepoint: 265403 ns, At safepoint: 19064 ns, Total: 284467 ns
[2020-12-14T03:25:33.810+0000][6][safepoint    ] Safepoint "Cleanup", Time since last: 1000188332 ns, Reaching safepoint: 238697 ns, At safepoint: 18520 ns, Total: 257217 ns
[2020-12-14T03:25:34.810+0000][6][safepoint    ] Safepoint "Cleanup", Time since last: 1000191773 ns, Reaching safepoint: 326297 ns, At safepoint: 20415 ns, Total: 346712 ns
[2020-12-14T03:25:35.811+0000][6][safepoint    ] Safepoint "Cleanup", Time since last: 1000203088 ns, Reaching safepoint: 227087 ns, At safepoint: 18934 ns, Total: 246021 ns
[2020-12-14T03:25:36.811+0000][6][safepoint    ] Safepoint "Cleanup", Time since last: 1000186376 ns, Reaching safepoint: 298925 ns, At safepoint: 19455 ns, Total: 318380 ns
[2020-12-14T03:25:37.812+0000][6][safepoint    ] Safepoint "Cleanup", Time since last: 1000187959 ns, Reaching safepoint: 222765 ns, At safepoint: 18387 ns, Total: 241152 ns
[2020-12-14T03:25:38.812+0000][6][safepoint    ] Safepoint "Cleanup", Time since last: 1000182295 ns, Reaching safepoint: 224964 ns, At safepoint: 16961 ns, Total: 241925 ns
[2020-12-14T03:25:39.813+0000][6][safepoint    ] Safepoint "Cleanup", Time since last: 1000188792 ns, Reaching safepoint: 289318 ns, At safepoint: 20123 ns, Total: 309441 ns
[2020-12-14T03:25:40.813+0000][6][safepoint    ] Safepoint "Cleanup", Time since last: 1000200638 ns, Reaching safepoint: 227618 ns, At safepoint: 22143 ns, Total: 249761 ns
[2020-12-14T03:25:42.755+0000][6][safepoint    ] Safepoint "Cleanup", Time since last: 1941512629 ns, Reaching safepoint: 243684 ns, At safepoint: 24134 ns, Total: 267818 ns
[2020-12-14T03:25:43.755+0000][6][safepoint    ] Safepoint "Cleanup", Time since last: 1000183808 ns, Reaching safepoint: 407333 ns, At safepoint: 17465 ns, Total: 424798 ns
[2020-12-14T03:25:44.756+0000][6][safepoint    ] Safepoint "Cleanup", Time since last: 1000165655 ns, Reaching safepoint: 222561 ns, At safepoint: 18311 ns, Total: 240872 ns
[2020-12-14T03:25:45.756+0000][6][safepoint    ] Safepoint "Cleanup", Time since last: 1000185139 ns, Reaching safepoint: 248997 ns, At safepoint: 18941 ns, Total: 267938 ns
[2020-12-14T03:25:46.757+0000][6][safepoint    ] Safepoint "Cleanup", Time since last: 1000184705 ns, Reaching safepoint: 223139 ns, At safepoint: 18450 ns, Total: 241589 ns
[2020-12-14T03:25:47.757+0000][6][safepoint    ] Safepoint "Cleanup", Time since last: 1000190924 ns, Reaching safepoint: 230175 ns, At safepoint: 36928 ns, Total: 267103 ns
[2020-12-14T03:25:48.758+0000][6][safepoint    ] Safepoint "Cleanup", Time since last: 1000189447 ns, Reaching safepoint: 236951 ns, At safepoint: 17425 ns, Total: 254376 ns
[2020-12-14T03:25:49.758+0000][6][safepoint    ] Safepoint "Cleanup", Time since last: 1000178111 ns, Reaching safepoint: 227421 ns, At safepoint: 18524 ns, Total: 245945 ns
[2020-12-14T03:25:50.758+0000][6][safepoint    ] Safepoint "Cleanup", Time since last: 1000187276 ns, Reaching safepoint: 231470 ns, At safepoint: 18710 ns, Total: 250180 ns
[2020-12-14T03:25:51.759+0000][6][safepoint    ] Safepoint "Cleanup", Time since last: 1000186945 ns, Reaching safepoint: 233985 ns, At safepoint: 18480 ns, Total: 252465 ns
[2020-12-14T03:25:52.759+0000][6][safepoint    ] Safepoint "Cleanup", Time since last: 1000174837 ns, Reaching safepoint: 272533 ns, At safepoint: 18940 ns, Total: 291473 ns
[2020-12-14T03:25:53.760+0000][6][safepoint    ] Safepoint "Cleanup", Time since last: 1000184087 ns, Reaching safepoint: 223085 ns, At safepoint: 19068 ns, Total: 242153 ns
[2020-12-14T03:25:54.760+0000][6][safepoint    ] Safepoint "Cleanup", Time since last: 1000181654 ns, Reaching safepoint: 320621 ns, At safepoint: 19168 ns, Total: 339789 ns
[2020-12-14T03:25:55.761+0000][6][safepoint    ] Safepoint "Cleanup", Time since last: 1000181781 ns, Reaching safepoint: 226913 ns, At safepoint: 18771 ns, Total: 245684 ns
[2020-12-14T03:25:56.761+0000][6][safepoint    ] Safepoint "Cleanup", Time since last: 1000187137 ns, Reaching safepoint: 312472 ns, At safepoint: 17847 ns, Total: 330319 ns
[2020-12-14T03:25:57.762+0000][6][safepoint    ] Safepoint "Cleanup", Time since last: 1000151058 ns, Reaching safepoint: 233678 ns, At safepoint: 18490 ns, Total: 252168 ns
[2020-12-14T03:25:58.762+0000][6][safepoint    ] Safepoint "Cleanup", Time since last: 1000188423 ns, Reaching safepoint: 229105 ns, At safepoint: 17123 ns, Total: 246228 ns
[2020-12-14T03:25:59.762+0000][6][safepoint    ] Safepoint "Cleanup", Time since last: 1000210855 ns, Reaching safepoint: 220684 ns, At safepoint: 18357 ns, Total: 239041 ns
[2020-12-14T03:26:00.763+0000][6][safepoint    ] Safepoint "Cleanup", Time since last: 1000182766 ns, Reaching safepoint: 246311 ns, At safepoint: 17219 ns, Total: 263530 ns
[2020-12-14T03:26:01.763+0000][6][safepoint    ] Safepoint "Cleanup", Time since last: 1000185761 ns, Reaching safepoint: 232597 ns, At safepoint: 18324 ns, Total: 250921 ns
[2020-12-14T03:26:02.764+0000][6][safepoint    ] Safepoint "Cleanup", Time since last: 1000183215 ns, Reaching safepoint: 232097 ns, At safepoint: 18754 ns, Total: 250851 ns
[2020-12-14T03:26:03.764+0000][6][safepoint    ] Safepoint "Cleanup", Time since last: 1000186414 ns, Reaching safepoint: 252802 ns, At safepoint: 18780 ns, Total: 271582 ns
[2020-12-14T03:26:04.765+0000][6][safepoint    ] Safepoint "Cleanup", Time since last: 1000189713 ns, Reaching safepoint: 258118 ns, At safepoint: 19035 ns, Total: 277153 ns
[2020-12-14T03:26:05.765+0000][6][safepoint    ] Safepoint "Cleanup", Time since last: 1000185830 ns, Reaching safepoint: 282525 ns, At safepoint: 19135 ns, Total: 301660 ns
[2020-12-14T03:26:06.766+0000][6][safepoint    ] Safepoint "Cleanup", Time since last: 1000189668 ns, Reaching safepoint: 236633 ns, At safepoint: 18721 ns, Total: 255354 ns
[2020-12-14T03:26:07.766+0000][6][safepoint    ] Safepoint "Cleanup", Time since last: 1000181947 ns, Reaching safepoint: 266380 ns, At safepoint: 19221 ns, Total: 285601 ns
[2020-12-14T03:26:08.767+0000][6][safepoint    ] Safepoint "Cleanup", Time since last: 1000188279 ns, Reaching safepoint: 222818 ns, At safepoint: 20745 ns, Total: 243563 ns
[2020-12-14T03:26:09.767+0000][6][safepoint    ] Safepoint "Cleanup", Time since last: 1000186233 ns, Reaching safepoint: 223885 ns, At safepoint: 19244 ns, Total: 243129 ns
[2020-12-14T03:26:10.767+0000][6][safepoint    ] Safepoint "Cleanup", Time since last: 1000188589 ns, Reaching safepoint: 232971 ns, At safepoint: 18751 ns, Total: 251722 ns
[2020-12-14T03:26:11.834+0000][6][safepoint    ] Safepoint "Cleanup", Time since last: 1065917615 ns, Reaching safepoint: 220290 ns, At safepoint: 16229 ns, Total: 236519 ns
[2020-12-14T03:26:12.834+0000][6][safepoint    ] Safepoint "Cleanup", Time since last: 1000192544 ns, Reaching safepoint: 245858 ns, At safepoint: 16111 ns, Total: 261969 ns
[2020-12-14T03:26:13.834+0000][6][safepoint    ] Safepoint "Cleanup", Time since last: 1000205565 ns, Reaching safepoint: 219863 ns, At safepoint: 20435 ns, Total: 240298 ns
[2020-12-14T03:26:14.835+0000][6][safepoint    ] Safepoint "Cleanup", Time since last: 1000185538 ns, Reaching safepoint: 226881 ns, At safepoint: 18587 ns, Total: 245468 ns
[2020-12-14T03:26:15.835+0000][6][safepoint    ] Safepoint "Cleanup", Time since last: 1000189457 ns, Reaching safepoint: 230115 ns, At safepoint: 18854 ns, Total: 248969 ns
[2020-12-14T03:26:16.836+0000][6][safepoint    ] Safepoint "Cleanup", Time since last: 1000186951 ns, Reaching safepoint: 246322 ns, At safepoint: 18240 ns, Total: 264562 ns
[2020-12-14T03:26:17.836+0000][6][safepoint    ] Safepoint "Cleanup", Time since last: 1000186127 ns, Reaching safepoint: 247045 ns, At safepoint: 18931 ns, Total: 265976 ns
[2020-12-14T03:26:18.837+0000][6][safepoint    ] Safepoint "Cleanup", Time since last: 1000187753 ns, Reaching safepoint: 231100 ns, At safepoint: 18737 ns, Total: 249837 ns
[2020-12-14T03:26:19.837+0000][6][safepoint    ] Safepoint "Cleanup", Time since last: 1000179501 ns, Reaching safepoint: 280888 ns, At safepoint: 19005 ns, Total: 299893 ns
[2020-12-14T03:26:20.838+0000][6][safepoint    ] Safepoint "Cleanup", Time since last: 1000190923 ns, Reaching safepoint: 228754 ns, At safepoint: 17484 ns, Total: 246238 ns
[2020-12-14T03:26:21.838+0000][6][safepoint    ] Safepoint "Cleanup", Time since last: 1000192587 ns, Reaching safepoint: 215410 ns, At safepoint: 16076 ns, Total: 231486 ns
[2020-12-14T03:26:22.838+0000][6][safepoint    ] Safepoint "Cleanup", Time since last: 1000199918 ns, Reaching safepoint: 225500 ns, At safepoint: 18720 ns, Total: 244220 ns
[2020-12-14T03:26:23.839+0000][6][safepoint    ] Safepoint "Cleanup", Time since last: 1000189480 ns, Reaching safepoint: 233033 ns, At safepoint: 18674 ns, Total: 251707 ns
[2020-12-14T03:26:24.839+0000][6][safepoint    ] Safepoint "Cleanup", Time since last: 1000187108 ns, Reaching safepoint: 225663 ns, At safepoint: 18721 ns, Total: 244384 ns
[2020-12-14T03:26:25.840+0000][6][safepoint    ] Safepoint "Cleanup", Time since last: 1000186793 ns, Reaching safepoint: 237060 ns, At safepoint: 18531 ns, Total: 255591 ns
[2020-12-14T03:26:26.840+0000][6][safepoint    ] Safepoint "Cleanup", Time since last: 1000188421 ns, Reaching safepoint: 275118 ns, At safepoint: 18721 ns, Total: 293839 ns
[2020-12-14T03:26:27.841+0000][6][safepoint    ] Safepoint "Cleanup", Time since last: 1000176298 ns, Reaching safepoint: 231907 ns, At safepoint: 18724 ns, Total: 250631 ns
[2020-12-14T03:26:28.606+0000][6][safepoint    ] Safepoint "BulkRevokeBias", Time since last: 763783261 ns, Reaching safepoint: 197305 ns, At safepoint: 948597 ns, Total: 1145902 ns
[2020-12-14T03:26:29.620+0000][6][safepoint    ] Safepoint "Cleanup", Time since last: 1014613929 ns, Reaching safepoint: 225676 ns, At safepoint: 18755 ns, Total: 244431 ns
[2020-12-14T03:26:29.828+0000][6][safepoint    ] Safepoint "BulkRevokeBias", Time since last: 206745552 ns, Reaching safepoint: 218483 ns, At safepoint: 1017748 ns, Total: 1236231 ns
[2020-12-14T03:26:30.829+0000][6][safepoint    ] Safepoint "Cleanup", Time since last: 1000182698 ns, Reaching safepoint: 232453 ns, At safepoint: 17043 ns, Total: 249496 ns
[2020-12-14T03:26:31.829+0000][6][safepoint    ] Safepoint "Cleanup", Time since last: 1000186354 ns, Reaching safepoint: 209947 ns, At safepoint: 17694 ns, Total: 227641 ns
[2020-12-14T03:26:32.830+0000][6][safepoint    ] Safepoint "Cleanup", Time since last: 1000179970 ns, Reaching safepoint: 230015 ns, At safepoint: 18814 ns, Total: 248829 ns
[2020-12-14T03:26:33.830+0000][6][safepoint    ] Safepoint "Cleanup", Time since last: 1000186669 ns, Reaching safepoint: 260454 ns, At safepoint: 18827 ns, Total: 279281 ns
[2020-12-14T03:26:34.831+0000][6][safepoint    ] Safepoint "Cleanup", Time since last: 1000189213 ns, Reaching safepoint: 235239 ns, At safepoint: 18774 ns, Total: 254013 ns
[2020-12-14T03:26:35.831+0000][6][safepoint    ] Safepoint "Cleanup", Time since last: 1000188421 ns, Reaching safepoint: 238077 ns, At safepoint: 16726 ns, Total: 254803 ns
[2020-12-14T03:26:36.832+0000][6][safepoint    ] Safepoint "Cleanup", Time since last: 1000186337 ns, Reaching safepoint: 225643 ns, At safepoint: 17127 ns, Total: 242770 ns
[2020-12-14T03:26:37.832+0000][6][safepoint    ] Safepoint "Cleanup", Time since last: 1000194881 ns, Reaching safepoint: 246945 ns, At safepoint: 18254 ns, Total: 265199 ns
[2020-12-14T03:26:38.832+0000][6][safepoint    ] Safepoint "Cleanup", Time since last: 1000188359 ns, Reaching safepoint: 229819 ns, At safepoint: 18080 ns, Total: 247899 ns
[2020-12-14T03:26:39.833+0000][6][safepoint    ] Safepoint "Cleanup", Time since last: 1000179609 ns, Reaching safepoint: 225840 ns, At safepoint: 18160 ns, Total: 244000 ns
[2020-12-14T03:26:40.833+0000][6][safepoint    ] Safepoint "Cleanup", Time since last: 1000183653 ns, Reaching safepoint: 247389 ns, At safepoint: 22743 ns, Total: 270132 ns
[2020-12-14T03:26:41.834+0000][6][safepoint    ] Safepoint "Cleanup", Time since last: 1000186272 ns, Reaching safepoint: 220771 ns, At safepoint: 18464 ns, Total: 239235 ns
[2020-12-14T03:26:43.764+0000][6][safepoint    ] Safepoint "Cleanup", Time since last: 1929538911 ns, Reaching safepoint: 226694 ns, At safepoint: 19621 ns, Total: 246315 ns
[2020-12-14T03:26:44.764+0000][6][safepoint    ] Safepoint "Cleanup", Time since last: 1000167452 ns, Reaching safepoint: 287572 ns, At safepoint: 23464 ns, Total: 311036 ns
[2020-12-14T03:26:45.764+0000][6][safepoint    ] Safepoint "Cleanup", Time since last: 1000215173 ns, Reaching safepoint: 222128 ns, At safepoint: 19101 ns, Total: 241229 ns
[2020-12-14T03:26:46.765+0000][6][safepoint    ] Safepoint "Cleanup", Time since last: 1000187143 ns, Reaching safepoint: 235048 ns, At safepoint: 18594 ns, Total: 253642 ns
[2020-12-14T03:26:47.765+0000][6][safepoint    ] Safepoint "Cleanup", Time since last: 1000198502 ns, Reaching safepoint: 225677 ns, At safepoint: 18951 ns, Total: 244628 ns
[2020-12-14T03:26:48.766+0000][6][safepoint    ] Safepoint "Cleanup", Time since last: 1000151283 ns, Reaching safepoint: 235950 ns, At safepoint: 18023 ns, Total: 253973 ns
[2020-12-14T03:26:49.766+0000][6][safepoint    ] Safepoint "Cleanup", Time since last: 1000176988 ns, Reaching safepoint: 259206 ns, At safepoint: 19227 ns, Total: 278433 ns
[2020-12-14T03:26:50.767+0000][6][safepoint    ] Safepoint "Cleanup", Time since last: 1000190316 ns, Reaching safepoint: 238287 ns, At safepoint: 18828 ns, Total: 257115 ns
[2020-12-14T03:26:51.767+0000][6][safepoint    ] Safepoint "Cleanup", Time since last: 1000191059 ns, Reaching safepoint: 253092 ns, At safepoint: 19402 ns, Total: 272494 ns
[2020-12-14T03:26:52.768+0000][6][safepoint    ] Safepoint "Cleanup", Time since last: 1000182630 ns, Reaching safepoint: 241088 ns, At safepoint: 18771 ns, Total: 259859 ns
[2020-12-14T03:26:53.768+0000][6][safepoint    ] Safepoint "Cleanup", Time since last: 1000187155 ns, Reaching safepoint: 220817 ns, At safepoint: 20792 ns, Total: 241609 ns
[2020-12-14T03:26:54.768+0000][6][safepoint    ] Safepoint "Cleanup", Time since last: 1000191082 ns, Reaching safepoint: 229935 ns, At safepoint: 19145 ns, Total: 249080 ns
[2020-12-14T03:26:55.769+0000][6][safepoint    ] Safepoint "Cleanup", Time since last: 1000186821 ns, Reaching safepoint: 243032 ns, At safepoint: 18075 ns, Total: 261107 ns
[2020-12-14T03:26:56.769+0000][6][safepoint    ] Safepoint "Cleanup", Time since last: 1000185260 ns, Reaching safepoint: 283700 ns, At safepoint: 17798 ns, Total: 301498 ns
[2020-12-14T03:26:57.770+0000][6][safepoint    ] Safepoint "Cleanup", Time since last: 1000167387 ns, Reaching safepoint: 239171 ns, At safepoint: 18794 ns, Total: 257965 ns
[2020-12-14T03:26:58.770+0000][6][safepoint    ] Safepoint "Cleanup", Time since last: 1000188956 ns, Reaching safepoint: 265989 ns, At safepoint: 19141 ns, Total: 285130 ns
[2020-12-14T03:26:59.771+0000][6][safepoint    ] Safepoint "Cleanup", Time since last: 1000188382 ns, Reaching safepoint: 233024 ns, At safepoint: 18834 ns, Total: 251858 ns
[2020-12-14T03:27:00.771+0000][6][safepoint    ] Safepoint "Cleanup", Time since last: 1000188812 ns, Reaching safepoint: 407974 ns, At safepoint: 18737 ns, Total: 426711 ns
[2020-12-14T03:27:01.772+0000][6][safepoint    ] Safepoint "Cleanup", Time since last: 1000181556 ns, Reaching safepoint: 228941 ns, At safepoint: 17807 ns, Total: 246748 ns
[2020-12-14T03:27:02.772+0000][6][safepoint    ] Safepoint "Cleanup", Time since last: 1000179248 ns, Reaching safepoint: 277161 ns, At safepoint: 17613 ns, Total: 294774 ns
[2020-12-14T03:27:03.773+0000][6][safepoint    ] Safepoint "Cleanup", Time since last: 1000191380 ns, Reaching safepoint: 277712 ns, At safepoint: 19065 ns, Total: 296777 ns
[2020-12-14T03:27:05.394+0000][6][safepoint    ] Safepoint "Cleanup", Time since last: 1621201318 ns, Reaching safepoint: 301923 ns, At safepoint: 19025 ns, Total: 320948 ns
[2020-12-14T03:27:06.395+0000][6][safepoint    ] Safepoint "Cleanup", Time since last: 1000188088 ns, Reaching safepoint: 218332 ns, At safepoint: 18471 ns, Total: 236803 ns
[2020-12-14T03:27:07.395+0000][6][safepoint    ] Safepoint "Cleanup", Time since last: 1000189068 ns, Reaching safepoint: 253701 ns, At safepoint: 16720 ns, Total: 270421 ns
[2020-12-14T03:27:08.396+0000][6][safepoint    ] Safepoint "Cleanup", Time since last: 1000184609 ns, Reaching safepoint: 229405 ns, At safepoint: 16055 ns, Total: 245460 ns
[2020-12-14T03:27:09.396+0000][6][safepoint    ] Safepoint "Cleanup", Time since last: 1000195552 ns, Reaching safepoint: 232226 ns, At safepoint: 17499 ns, Total: 249725 ns
[2020-12-14T03:27:10.396+0000][6][safepoint    ] Safepoint "Cleanup", Time since last: 1000189383 ns, Reaching safepoint: 231940 ns, At safepoint: 23743 ns, Total: 255683 ns
[2020-12-14T03:27:11.397+0000][6][safepoint    ] Safepoint "Cleanup", Time since last: 1000187172 ns, Reaching safepoint: 229522 ns, At safepoint: 18834 ns, Total: 248356 ns
[2020-12-14T03:27:12.397+0000][6][safepoint    ] Safepoint "Cleanup", Time since last: 1000174724 ns, Reaching safepoint: 256650 ns, At safepoint: 18701 ns, Total: 275351 ns
[2020-12-14T03:27:13.398+0000][6][safepoint    ] Safepoint "Cleanup", Time since last: 1000183608 ns, Reaching safepoint: 230683 ns, At safepoint: 18911 ns, Total: 249594 ns
[2020-12-14T03:27:14.398+0000][6][safepoint    ] Safepoint "Cleanup", Time since last: 1000182191 ns, Reaching safepoint: 260423 ns, At safepoint: 19992 ns, Total: 280415 ns
[2020-12-14T03:27:15.399+0000][6][safepoint    ] Safepoint "Cleanup", Time since last: 1000180624 ns, Reaching safepoint: 229295 ns, At safepoint: 18647 ns, Total: 247942 ns
[2020-12-14T03:27:16.399+0000][6][safepoint    ] Safepoint "Cleanup", Time since last: 1000185853 ns, Reaching safepoint: 232535 ns, At safepoint: 26960 ns, Total: 259495 ns
[2020-12-14T03:27:17.400+0000][6][safepoint    ] Safepoint "Cleanup", Time since last: 1000177943 ns, Reaching safepoint: 242129 ns, At safepoint: 18684 ns, Total: 260813 ns
[2020-12-14T03:27:18.400+0000][6][safepoint    ] Safepoint "Cleanup", Time since last: 1000188519 ns, Reaching safepoint: 220674 ns, At safepoint: 17724 ns, Total: 238398 ns
[2020-12-14T03:27:19.400+0000][6][safepoint    ] Safepoint "Cleanup", Time since last: 1000185042 ns, Reaching safepoint: 225296 ns, At safepoint: 18721 ns, Total: 244017 ns
[2020-12-14T03:27:20.401+0000][6][safepoint    ] Safepoint "Cleanup", Time since last: 1000188621 ns, Reaching safepoint: 213379 ns, At safepoint: 20272 ns, Total: 233651 ns
[2020-12-14T03:27:21.401+0000][6][safepoint    ] Safepoint "Cleanup", Time since last: 1000185399 ns, Reaching safepoint: 246205 ns, At safepoint: 18650 ns, Total: 264855 ns
[2020-12-14T03:27:22.402+0000][6][safepoint    ] Safepoint "Cleanup", Time since last: 1000190461 ns, Reaching safepoint: 226930 ns, At safepoint: 19064 ns, Total: 245994 ns
[2020-12-14T03:27:23.402+0000][6][safepoint    ] Safepoint "Cleanup", Time since last: 1000183192 ns, Reaching safepoint: 283106 ns, At safepoint: 19535 ns, Total: 302641 ns
[2020-12-14T03:27:24.403+0000][6][safepoint    ] Safepoint "Cleanup", Time since last: 1000153714 ns, Reaching safepoint: 218824 ns, At safepoint: 17346 ns, Total: 236170 ns
[2020-12-14T03:27:25.403+0000][6][safepoint    ] Safepoint "Cleanup", Time since last: 1000184846 ns, Reaching safepoint: 240812 ns, At safepoint: 17801 ns, Total: 258613 ns
[2020-12-14T03:27:26.403+0000][6][safepoint    ] Safepoint "Cleanup", Time since last: 1000203342 ns, Reaching safepoint: 252228 ns, At safepoint: 18928 ns, Total: 271156 ns
[2020-12-14T03:27:27.404+0000][6][safepoint    ] Safepoint "Cleanup", Time since last: 1000181384 ns, Reaching safepoint: 234801 ns, At safepoint: 17204 ns, Total: 252005 ns
[2020-12-14T03:27:28.404+0000][6][safepoint    ] Safepoint "Cleanup", Time since last: 1000195052 ns, Reaching safepoint: 227154 ns, At safepoint: 18687 ns, Total: 245841 ns
[2020-12-14T03:27:29.691+0000][6][safepoint    ] Safepoint "Cleanup", Time since last: 1286070012 ns, Reaching safepoint: 207082 ns, At safepoint: 28931 ns, Total: 236013 ns
[2020-12-14T03:27:29.863+0000][6][safepoint    ] Safepoint "BulkRevokeBias", Time since last: 170838507 ns, Reaching safepoint: 207763 ns, At safepoint: 1038053 ns, Total: 1245816 ns
[2020-12-14T03:27:30.865+0000][6][safepoint    ] Safepoint "Cleanup", Time since last: 1002104478 ns, Reaching safepoint: 291808 ns, At safepoint: 19708 ns, Total: 311516 ns
[2020-12-14T03:27:31.866+0000][6][safepoint    ] Safepoint "Cleanup", Time since last: 1000201574 ns, Reaching safepoint: 212512 ns, At safepoint: 24110 ns, Total: 236622 ns
[2020-12-14T03:27:32.866+0000][6][safepoint    ] Safepoint "Cleanup", Time since last: 1000191972 ns, Reaching safepoint: 242986 ns, At safepoint: 16256 ns, Total: 259242 ns
[2020-12-14T03:27:33.866+0000][6][safepoint    ] Safepoint "Cleanup", Time since last: 1000196528 ns, Reaching safepoint: 238017 ns, At safepoint: 18780 ns, Total: 256797 ns
[2020-12-14T03:27:34.867+0000][6][safepoint    ] Safepoint "Cleanup", Time since last: 1000189749 ns, Reaching safepoint: 227451 ns, At safepoint: 20749 ns, Total: 248200 ns
[2020-12-14T03:27:35.867+0000][6][safepoint    ] Safepoint "Cleanup", Time since last: 1000192573 ns, Reaching safepoint: 219943 ns, At safepoint: 19058 ns, Total: 239001 ns
[2020-12-14T03:27:36.868+0000][6][safepoint    ] Safepoint "Cleanup", Time since last: 1000188712 ns, Reaching safepoint: 236666 ns, At safepoint: 18351 ns, Total: 255017 ns
[2020-12-14T03:27:37.868+0000][6][safepoint    ] Safepoint "Cleanup", Time since last: 1000191809 ns, Reaching safepoint: 255377 ns, At safepoint: 20149 ns, Total: 275526 ns
[2020-12-14T03:27:38.869+0000][6][safepoint    ] Safepoint "Cleanup", Time since last: 1000189896 ns, Reaching safepoint: 242576 ns, At safepoint: 18591 ns, Total: 261167 ns
[2020-12-14T03:27:39.869+0000][6][safepoint    ] Safepoint "Cleanup", Time since last: 1000189800 ns, Reaching safepoint: 306903 ns, At safepoint: 18977 ns, Total: 325880 ns
[2020-12-14T03:27:40.870+0000][6][safepoint    ] Safepoint "Cleanup", Time since last: 1000183778 ns, Reaching safepoint: 224292 ns, At safepoint: 18601 ns, Total: 242893 ns
[2020-12-14T03:27:41.870+0000][6][safepoint    ] Safepoint "Cleanup", Time since last: 1000181203 ns, Reaching safepoint: 293555 ns, At safepoint: 19685 ns, Total: 313240 ns
[2020-12-14T03:27:42.871+0000][6][safepoint    ] Safepoint "Cleanup", Time since last: 1000155193 ns, Reaching safepoint: 262214 ns, At safepoint: 18794 ns, Total: 281008 ns
[2020-12-14T03:27:44.753+0000][6][safepoint    ] Safepoint "Cleanup", Time since last: 1882316296 ns, Reaching safepoint: 235479 ns, At safepoint: 18144 ns, Total: 253623 ns
[2020-12-14T03:27:45.754+0000][6][safepoint    ] Safepoint "Cleanup", Time since last: 1000182728 ns, Reaching safepoint: 226390 ns, At safepoint: 19018 ns, Total: 245408 ns
[2020-12-14T03:27:46.754+0000][6][safepoint    ] Safepoint "Cleanup", Time since last: 1000186309 ns, Reaching safepoint: 233508 ns, At safepoint: 17783 ns, Total: 251291 ns
[2020-12-14T03:27:47.754+0000][6][safepoint    ] Safepoint "Cleanup", Time since last: 1000207246 ns, Reaching safepoint: 231580 ns, At safepoint: 19408 ns, Total: 250988 ns
[2020-12-14T03:27:48.755+0000][6][safepoint    ] Safepoint "Cleanup", Time since last: 1000180523 ns, Reaching safepoint: 221484 ns, At safepoint: 18237 ns, Total: 239721 ns
[2020-12-14T03:27:49.755+0000][6][safepoint    ] Safepoint "Cleanup", Time since last: 1000190376 ns, Reaching safepoint: 213970 ns, At safepoint: 17497 ns, Total: 231467 ns
[2020-12-14T03:27:50.756+0000][6][safepoint    ] Safepoint "Cleanup", Time since last: 1000183862 ns, Reaching safepoint: 225767 ns, At safepoint: 19571 ns, Total: 245338 ns
[2020-12-14T03:27:51.756+0000][6][safepoint    ] Safepoint "Cleanup", Time since last: 1000186904 ns, Reaching safepoint: 252095 ns, At safepoint: 19191 ns, Total: 271286 ns
[2020-12-14T03:27:52.757+0000][6][safepoint    ] Safepoint "Cleanup", Time since last: 1000187077 ns, Reaching safepoint: 226387 ns, At safepoint: 19117 ns, Total: 245504 ns
[2020-12-14T03:27:53.757+0000][6][safepoint    ] Safepoint "Cleanup", Time since last: 1000186888 ns, Reaching safepoint: 272636 ns, At safepoint: 19505 ns, Total: 292141 ns
[2020-12-14T03:27:54.758+0000][6][safepoint    ] Safepoint "Cleanup", Time since last: 1000185573 ns, Reaching safepoint: 219489 ns, At safepoint: 18498 ns, Total: 237987 ns
[2020-12-14T03:27:55.758+0000][6][safepoint    ] Safepoint "Cleanup", Time since last: 1000183428 ns, Reaching safepoint: 238454 ns, At safepoint: 18781 ns, Total: 257235 ns
[2020-12-14T03:27:56.759+0000][6][safepoint    ] Safepoint "Cleanup", Time since last: 1000244437 ns, Reaching safepoint: 241250 ns, At safepoint: 17502 ns, Total: 258752 ns
[2020-12-14T03:27:57.759+0000][6][safepoint    ] Safepoint "Cleanup", Time since last: 1000169964 ns, Reaching safepoint: 224769 ns, At safepoint: 18474 ns, Total: 243243 ns
[2020-12-14T03:27:58.759+0000][6][safepoint    ] Safepoint "Cleanup", Time since last: 1000188535 ns, Reaching safepoint: 250954 ns, At safepoint: 18628 ns, Total: 269582 ns
[2020-12-14T03:27:59.760+0000][6][safepoint    ] Safepoint "Cleanup", Time since last: 1000187104 ns, Reaching safepoint: 271910 ns, At safepoint: 17558 ns, Total: 289468 ns
[2020-12-14T03:28:00.760+0000][6][safepoint    ] Safepoint "Cleanup", Time since last: 1000179050 ns, Reaching safepoint: 246429 ns, At safepoint: 18477 ns, Total: 264906 ns
[2020-12-14T03:28:01.761+0000][6][safepoint    ] Safepoint "Cleanup", Time since last: 1000189592 ns, Reaching safepoint: 236429 ns, At safepoint: 18464 ns, Total: 254893 ns
[2020-12-14T03:28:02.761+0000][6][safepoint    ] Safepoint "Cleanup", Time since last: 1000186771 ns, Reaching safepoint: 243497 ns, At safepoint: 19281 ns, Total: 262778 ns
[2020-12-14T03:28:03.762+0000][6][safepoint    ] Safepoint "Cleanup", Time since last: 1000185486 ns, Reaching safepoint: 241469 ns, At safepoint: 18814 ns, Total: 260283 ns
[2020-12-14T03:28:04.762+0000][6][safepoint    ] Safepoint "Cleanup", Time since last: 1000185352 ns, Reaching safepoint: 215961 ns, At safepoint: 16796 ns, Total: 232757 ns
[2020-12-14T03:28:05.763+0000][6][safepoint    ] Safepoint "Cleanup", Time since last: 1000202651 ns, Reaching safepoint: 231060 ns, At safepoint: 18824 ns, Total: 249884 ns
[2020-12-14T03:28:06.763+0000][6][safepoint    ] Safepoint "Cleanup", Time since last: 1000188044 ns, Reaching safepoint: 225950 ns, At safepoint: 17297 ns, Total: 243247 ns
[2020-12-14T03:28:07.763+0000][6][safepoint    ] Safepoint "Cleanup", Time since last: 1000181247 ns, Reaching safepoint: 231677 ns, At safepoint: 18877 ns, Total: 250554 ns
[2020-12-14T03:28:08.764+0000][6][safepoint    ] Safepoint "Cleanup", Time since last: 1000187234 ns, Reaching safepoint: 235646 ns, At safepoint: 18680 ns, Total: 254326 ns
[2020-12-14T03:28:09.764+0000][6][safepoint    ] Safepoint "Cleanup", Time since last: 1000188699 ns, Reaching safepoint: 276337 ns, At safepoint: 17435 ns, Total: 293772 ns
[2020-12-14T03:28:10.765+0000][6][safepoint    ] Safepoint "Cleanup", Time since last: 1000185119 ns, Reaching safepoint: 223926 ns, At safepoint: 18570 ns, Total: 242496 ns
[2020-12-14T03:28:11.765+0000][6][safepoint    ] Safepoint "Cleanup", Time since last: 1000189239 ns, Reaching safepoint: 371604 ns, At safepoint: 19091 ns, Total: 390695 ns
[2020-12-14T03:28:12.766+0000][6][safepoint    ] Safepoint "Cleanup", Time since last: 1000185443 ns, Reaching safepoint: 246366 ns, At safepoint: 17286 ns, Total: 263652 ns
[2020-12-14T03:28:13.766+0000][6][safepoint    ] Safepoint "Cleanup", Time since last: 1000185562 ns, Reaching safepoint: 254791 ns, At safepoint: 18005 ns, Total: 272796 ns
[2020-12-14T03:28:14.767+0000][6][safepoint    ] Safepoint "Cleanup", Time since last: 1000182238 ns, Reaching safepoint: 224850 ns, At safepoint: 18323 ns, Total: 243173 ns
[2020-12-14T03:28:15.767+0000][6][safepoint    ] Safepoint "Cleanup", Time since last: 1000192538 ns, Reaching safepoint: 223966 ns, At safepoint: 33502 ns, Total: 257468 ns
[2020-12-14T03:28:16.768+0000][6][safepoint    ] Safepoint "Cleanup", Time since last: 1000188958 ns, Reaching safepoint: 233994 ns, At safepoint: 19081 ns, Total: 253075 ns
[2020-12-14T03:28:17.768+0000][6][safepoint    ] Safepoint "Cleanup", Time since last: 1000187654 ns, Reaching safepoint: 235688 ns, At safepoint: 17290 ns, Total: 252978 ns
[2020-12-14T03:28:18.768+0000][6][safepoint    ] Safepoint "Cleanup", Time since last: 1000163186 ns, Reaching safepoint: 221844 ns, At safepoint: 18387 ns, Total: 240231 ns
[2020-12-14T03:28:19.769+0000][6][safepoint    ] Safepoint "Cleanup", Time since last: 1000192899 ns, Reaching safepoint: 227169 ns, At safepoint: 17469 ns, Total: 244638 ns
[2020-12-14T03:28:20.769+0000][6][safepoint    ] Safepoint "Cleanup", Time since last: 1000183870 ns, Reaching safepoint: 261641 ns, At safepoint: 19127 ns, Total: 280768 ns
[2020-12-14T03:28:21.770+0000][6][safepoint    ] Safepoint "Cleanup", Time since last: 1000185540 ns, Reaching safepoint: 244907 ns, At safepoint: 18121 ns, Total: 263028 ns
[2020-12-14T03:28:22.770+0000][6][safepoint    ] Safepoint "Cleanup", Time since last: 1000185600 ns, Reaching safepoint: 278846 ns, At safepoint: 19452 ns, Total: 298298 ns
[2020-12-14T03:28:23.771+0000][6][safepoint    ] Safepoint "Cleanup", Time since last: 1000186920 ns, Reaching safepoint: 241489 ns, At safepoint: 18951 ns, Total: 260440 ns
[2020-12-14T03:28:24.771+0000][6][safepoint    ] Safepoint "Cleanup", Time since last: 1000192984 ns, Reaching safepoint: 232074 ns, At safepoint: 17063 ns, Total: 249137 ns
[2020-12-14T03:28:25.772+0000][6][safepoint    ] Safepoint "Cleanup", Time since last: 1000184885 ns, Reaching safepoint: 238320 ns, At safepoint: 18831 ns, Total: 257151 ns
[2020-12-14T03:28:26.772+0000][6][safepoint    ] Safepoint "Cleanup", Time since last: 1000189235 ns, Reaching safepoint: 252238 ns, At safepoint: 18488 ns, Total: 270726 ns
[2020-12-14T03:28:27.772+0000][6][safepoint    ] Safepoint "Cleanup", Time since last: 1000176445 ns, Reaching safepoint: 232763 ns, At safepoint: 18644 ns, Total: 251407 ns
[2020-12-14T03:28:29.722+0000][6][safepoint    ] Safepoint "Cleanup", Time since last: 1949066493 ns, Reaching safepoint: 199485 ns, At safepoint: 23503 ns, Total: 222988 ns
[2020-12-14T03:28:30.898+0000][6][safepoint    ] Safepoint "Cleanup", Time since last: 1175894118 ns, Reaching safepoint: 234034 ns, At safepoint: 18681 ns, Total: 252715 ns
[2020-12-14T03:28:31.898+0000][6][safepoint    ] Safepoint "Cleanup", Time since last: 1000199112 ns, Reaching safepoint: 231219 ns, At safepoint: 17530 ns, Total: 248749 ns
[2020-12-14T03:28:32.899+0000][6][safepoint    ] Safepoint "Cleanup", Time since last: 1000180886 ns, Reaching safepoint: 235625 ns, At safepoint: 19304 ns, Total: 254929 ns
[2020-12-14T03:28:33.899+0000][6][safepoint    ] Safepoint "Cleanup", Time since last: 1000187175 ns, Reaching safepoint: 261834 ns, At safepoint: 20058 ns, Total: 281892 ns
[2020-12-14T03:28:34.900+0000][6][safepoint    ] Safepoint "Cleanup", Time since last: 1000188008 ns, Reaching safepoint: 221202 ns, At safepoint: 16770 ns, Total: 237972 ns
[2020-12-14T03:28:35.900+0000][6][safepoint    ] Safepoint "Cleanup", Time since last: 1000180855 ns, Reaching safepoint: 354127 ns, At safepoint: 19275 ns, Total: 373402 ns
[2020-12-14T03:28:36.901+0000][6][safepoint    ] Safepoint "Cleanup", Time since last: 1000154471 ns, Reaching safepoint: 212937 ns, At safepoint: 17219 ns, Total: 230156 ns
[2020-12-14T03:28:37.901+0000][6][safepoint    ] Safepoint "Cleanup", Time since last: 1000185844 ns, Reaching safepoint: 231686 ns, At safepoint: 28045 ns, Total: 259731 ns
[2020-12-14T03:28:38.901+0000][6][safepoint    ] Safepoint "Cleanup", Time since last: 1000204294 ns, Reaching safepoint: 233304 ns, At safepoint: 18971 ns, Total: 252275 ns
[2020-12-14T03:28:39.902+0000][6][safepoint    ] Safepoint "Cleanup", Time since last: 1000190069 ns, Reaching safepoint: 227014 ns, At safepoint: 30959 ns, Total: 257973 ns
[2020-12-14T03:28:40.902+0000][6][safepoint    ] Safepoint "Cleanup", Time since last: 1000183775 ns, Reaching safepoint: 221921 ns, At safepoint: 18407 ns, Total: 240328 ns
[2020-12-14T03:28:41.903+0000][6][safepoint    ] Safepoint "Cleanup", Time since last: 1000182221 ns, Reaching safepoint: 230009 ns, At safepoint: 18757 ns, Total: 248766 ns
[2020-12-14T03:28:42.903+0000][6][safepoint    ] Safepoint "Cleanup", Time since last: 1000192480 ns, Reaching safepoint: 277974 ns, At safepoint: 17628 ns, Total: 295602 ns
[2020-12-14T03:28:43.904+0000][6][safepoint    ] Safepoint "Cleanup", Time since last: 1000185526 ns, Reaching safepoint: 244377 ns, At safepoint: 18927 ns, Total: 263304 ns
[2020-12-14T03:28:44.748+0000][6][safepoint    ] Safepoint "BulkRevokeBias", Time since last: 843467092 ns, Reaching safepoint: 225236 ns, At safepoint: 1005615 ns, Total: 1230851 ns
[2020-12-14T03:28:45.750+0000][6][safepoint    ] Safepoint "Cleanup", Time since last: 1000857556 ns, Reaching safepoint: 216774 ns, At safepoint: 20903 ns, Total: 237677 ns
[2020-12-14T03:28:46.750+0000][6][safepoint    ] Safepoint "Cleanup", Time since last: 1000188584 ns, Reaching safepoint: 230409 ns, At safepoint: 18557 ns, Total: 248966 ns
[2020-12-14T03:28:47.750+0000][6][safepoint    ] Safepoint "Cleanup", Time since last: 1000189533 ns, Reaching safepoint: 252618 ns, At safepoint: 18621 ns, Total: 271239 ns
[2020-12-14T03:28:48.751+0000][6][safepoint    ] Safepoint "Cleanup", Time since last: 1000200255 ns, Reaching safepoint: 231923 ns, At safepoint: 20122 ns, Total: 252045 ns
[2020-12-14T03:28:49.751+0000][6][safepoint    ] Safepoint "Cleanup", Time since last: 1000142868 ns, Reaching safepoint: 232310 ns, At safepoint: 17087 ns, Total: 249397 ns
[2020-12-14T03:28:50.752+0000][6][safepoint    ] Safepoint "Cleanup", Time since last: 1000176781 ns, Reaching safepoint: 238130 ns, At safepoint: 20845 ns, Total: 258975 ns
[2020-12-14T03:28:51.752+0000][6][safepoint    ] Safepoint "Cleanup", Time since last: 1000188599 ns, Reaching safepoint: 268868 ns, At safepoint: 16576 ns, Total: 285444 ns
[2020-12-14T03:28:52.753+0000][6][safepoint    ] Safepoint "Cleanup", Time since last: 1000187211 ns, Reaching safepoint: 277390 ns, At safepoint: 18600 ns, Total: 295990 ns
[2020-12-14T03:28:53.753+0000][6][safepoint    ] Safepoint "Cleanup", Time since last: 1000203640 ns, Reaching safepoint: 272013 ns, At safepoint: 17884 ns, Total: 289897 ns
[2020-12-14T03:28:54.754+0000][6][safepoint    ] Safepoint "Cleanup", Time since last: 1000181937 ns, Reaching safepoint: 215398 ns, At safepoint: 17973 ns, Total: 233371 ns
[2020-12-14T03:28:55.754+0000][6][safepoint    ] Safepoint "Cleanup", Time since last: 1000189869 ns, Reaching safepoint: 251135 ns, At safepoint: 17927 ns, Total: 269062 ns
[2020-12-14T03:28:56.755+0000][6][safepoint    ] Safepoint "Cleanup", Time since last: 1000249706 ns, Reaching safepoint: 271870 ns, At safepoint: 18954 ns, Total: 290824 ns
[2020-12-14T03:28:57.755+0000][6][safepoint    ] Safepoint "Cleanup", Time since last: 1000188595 ns, Reaching safepoint: 219883 ns, At safepoint: 18518 ns, Total: 238401 ns
[2020-12-14T03:28:58.755+0000][6][safepoint    ] Safepoint "Cleanup", Time since last: 1000197893 ns, Reaching safepoint: 219006 ns, At safepoint: 19828 ns, Total: 238834 ns
[2020-12-14T03:28:59.756+0000][6][safepoint    ] Safepoint "Cleanup", Time since last: 1000175607 ns, Reaching safepoint: 228635 ns, At safepoint: 19401 ns, Total: 248036 ns
[2020-12-14T03:29:00.756+0000][6][safepoint    ] Safepoint "Cleanup", Time since last: 1000189312 ns, Reaching safepoint: 281472 ns, At safepoint: 19251 ns, Total: 300723 ns
[2020-12-14T03:29:01.757+0000][6][safepoint    ] Safepoint "Cleanup", Time since last: 1000195306 ns, Reaching safepoint: 222621 ns, At safepoint: 18497 ns, Total: 241118 ns
[2020-12-14T03:29:02.757+0000][6][safepoint    ] Safepoint "Cleanup", Time since last: 1000194324 ns, Reaching safepoint: 229299 ns, At safepoint: 18988 ns, Total: 248287 ns
[2020-12-14T03:29:03.758+0000][6][safepoint    ] Safepoint "Cleanup", Time since last: 1000189208 ns, Reaching safepoint: 227661 ns, At safepoint: 20565 ns, Total: 248226 ns
[2020-12-14T03:29:04.758+0000][6][safepoint    ] Safepoint "Cleanup", Time since last: 1000184856 ns, Reaching safepoint: 220280 ns, At safepoint: 46493 ns, Total: 266773 ns
[2020-12-14T03:29:05.759+0000][6][safepoint    ] Safepoint "Cleanup", Time since last: 1000182786 ns, Reaching safepoint: 241425 ns, At safepoint: 18661 ns, Total: 260086 ns
[2020-12-14T03:29:06.759+0000][6][safepoint    ] Safepoint "Cleanup", Time since last: 1000209987 ns, Reaching safepoint: 250421 ns, At safepoint: 18437 ns, Total: 268858 ns
[2020-12-14T03:29:07.760+0000][6][safepoint    ] Safepoint "Cleanup", Time since last: 1000271549 ns, Reaching safepoint: 235776 ns, At safepoint: 18544 ns, Total: 254320 ns
[2020-12-14T03:29:08.760+0000][6][safepoint    ] Safepoint "Cleanup", Time since last: 1000192145 ns, Reaching safepoint: 235789 ns, At safepoint: 17307 ns, Total: 253096 ns
[2020-12-14T03:29:09.761+0000][6][safepoint    ] Safepoint "Cleanup", Time since last: 1000243671 ns, Reaching safepoint: 253869 ns, At safepoint: 18661 ns, Total: 272530 ns
[2020-12-14T03:29:10.761+0000][6][safepoint    ] Safepoint "Cleanup", Time since last: 1000195212 ns, Reaching safepoint: 237747 ns, At safepoint: 18630 ns, Total: 256377 ns
[2020-12-14T03:29:11.863+0000][6][safepoint    ] Safepoint "Cleanup", Time since last: 1101382383 ns, Reaching safepoint: 228882 ns, At safepoint: 21015 ns, Total: 249897 ns
[2020-12-14T03:29:12.863+0000][6][safepoint    ] Safepoint "Cleanup", Time since last: 1000185186 ns, Reaching safepoint: 229743 ns, At safepoint: 17265 ns, Total: 247008 ns
[2020-12-14T03:29:13.863+0000][6][safepoint    ] Safepoint "Cleanup", Time since last: 1000200506 ns, Reaching safepoint: 235476 ns, At safepoint: 18227 ns, Total: 253703 ns
[2020-12-14T03:29:14.864+0000][6][safepoint    ] Safepoint "Cleanup", Time since last: 1000201262 ns, Reaching safepoint: 288406 ns, At safepoint: 18631 ns, Total: 307037 ns
[2020-12-14T03:29:15.864+0000][6][safepoint    ] Safepoint "Cleanup", Time since last: 1000217744 ns, Reaching safepoint: 216287 ns, At safepoint: 16678 ns, Total: 232965 ns
[2020-12-14T03:29:16.865+0000][6][safepoint    ] Safepoint "Cleanup", Time since last: 1000183120 ns, Reaching safepoint: 278533 ns, At safepoint: 18458 ns, Total: 296991 ns
[2020-12-14T03:29:17.865+0000][6][safepoint    ] Safepoint "Cleanup", Time since last: 1000203631 ns, Reaching safepoint: 224068 ns, At safepoint: 17016 ns, Total: 241084 ns
[2020-12-14T03:29:18.866+0000][6][safepoint    ] Safepoint "Cleanup", Time since last: 1000182890 ns, Reaching safepoint: 265509 ns, At safepoint: 19221 ns, Total: 284730 ns
[2020-12-14T03:29:19.866+0000][6][safepoint    ] Safepoint "Cleanup", Time since last: 1000190712 ns, Reaching safepoint: 330957 ns, At safepoint: 18915 ns, Total: 349872 ns
[2020-12-14T03:29:20.867+0000][6][safepoint    ] Safepoint "Cleanup", Time since last: 1000182541 ns, Reaching safepoint: 216348 ns, At safepoint: 18871 ns, Total: 235219 ns
[2020-12-14T03:29:21.867+0000][6][safepoint    ] Safepoint "Cleanup", Time since last: 1000189725 ns, Reaching safepoint: 227801 ns, At safepoint: 18264 ns, Total: 246065 ns
[2020-12-14T03:29:22.868+0000][6][safepoint    ] Safepoint "Cleanup", Time since last: 1000186294 ns, Reaching safepoint: 231676 ns, At safepoint: 17320 ns, Total: 248996 ns
[2020-12-14T03:29:23.868+0000][6][safepoint    ] Safepoint "Cleanup", Time since last: 1000186584 ns, Reaching safepoint: 284360 ns, At safepoint: 19137 ns, Total: 303497 ns
[2020-12-14T03:29:24.869+0000][6][safepoint    ] Safepoint "Cleanup", Time since last: 1000189576 ns, Reaching safepoint: 224796 ns, At safepoint: 18921 ns, Total: 243717 ns
[2020-12-14T03:29:25.869+0000][6][safepoint    ] Safepoint "Cleanup", Time since last: 1000187347 ns, Reaching safepoint: 224703 ns, At safepoint: 17563 ns, Total: 242266 ns
[2020-12-14T03:29:26.870+0000][6][safepoint    ] Safepoint "Cleanup", Time since last: 1000209744 ns, Reaching safepoint: 266510 ns, At safepoint: 18840 ns, Total: 285350 ns
[2020-12-14T03:29:27.870+0000][6][safepoint    ] Safepoint "Cleanup", Time since last: 1000171475 ns, Reaching safepoint: 236396 ns, At safepoint: 19148 ns, Total: 255544 ns
[2020-12-14T03:29:28.797+0000][6][safepoint    ] Safepoint "BulkRevokeBias", Time since last: 925524283 ns, Reaching safepoint: 187708 ns, At safepoint: 917558 ns, Total: 1105266 ns
[2020-12-14T03:29:29.811+0000][6][safepoint    ] Safepoint "Cleanup", Time since last: 1014391162 ns, Reaching safepoint: 241258 ns, At safepoint: 18631 ns, Total: 259889 ns
[2020-12-14T03:29:30.932+0000][6][safepoint    ] Safepoint "Cleanup", Time since last: 1120891517 ns, Reaching safepoint: 246895 ns, At safepoint: 18935 ns, Total: 265830 ns
[2020-12-14T03:29:31.933+0000][6][safepoint    ] Safepoint "Cleanup", Time since last: 1000204717 ns, Reaching safepoint: 237799 ns, At safepoint: 17703 ns, Total: 255502 ns
[2020-12-14T03:29:32.933+0000][6][safepoint    ] Safepoint "Cleanup", Time since last: 1000179530 ns, Reaching safepoint: 250641 ns, At safepoint: 18881 ns, Total: 269522 ns
[2020-12-14T03:29:33.934+0000][6][safepoint    ] Safepoint "Cleanup", Time since last: 1000181001 ns, Reaching safepoint: 243069 ns, At safepoint: 17531 ns, Total: 260600 ns
[2020-12-14T03:29:34.934+0000][6][safepoint    ] Safepoint "Cleanup", Time since last: 1000182764 ns, Reaching safepoint: 309225 ns, At safepoint: 18794 ns, Total: 328019 ns
[2020-12-14T03:29:35.935+0000][6][safepoint    ] Safepoint "Cleanup", Time since last: 1000175028 ns, Reaching safepoint: 229872 ns, At safepoint: 19014 ns, Total: 248886 ns
[2020-12-14T03:29:36.935+0000][6][safepoint    ] Safepoint "Cleanup", Time since last: 1000194514 ns, Reaching safepoint: 219016 ns, At safepoint: 22189 ns, Total: 241205 ns
[2020-12-14T03:29:37.936+0000][6][safepoint    ] Safepoint "Cleanup", Time since last: 1000193943 ns, Reaching safepoint: 281028 ns, At safepoint: 19157 ns, Total: 300185 ns
[2020-12-14T03:29:38.936+0000][6][safepoint    ] Safepoint "Cleanup", Time since last: 1000189492 ns, Reaching safepoint: 222451 ns, At safepoint: 18747 ns, Total: 241198 ns
[2020-12-14T03:29:39.936+0000][6][safepoint    ] Safepoint "Cleanup", Time since last: 1000209301 ns, Reaching safepoint: 238040 ns, At safepoint: 21016 ns, Total: 259056 ns
[2020-12-14T03:29:40.937+0000][6][safepoint    ] Safepoint "Cleanup", Time since last: 1000194454 ns, Reaching safepoint: 220747 ns, At safepoint: 19224 ns, Total: 239971 ns
[2020-12-14T03:29:41.937+0000][6][safepoint    ] Safepoint "Cleanup", Time since last: 1000181108 ns, Reaching safepoint: 215161 ns, At safepoint: 17917 ns, Total: 233078 ns
[2020-12-14T03:29:42.938+0000][6][safepoint    ] Safepoint "Cleanup", Time since last: 1000191810 ns, Reaching safepoint: 227650 ns, At safepoint: 19758 ns, Total: 247408 ns
[2020-12-14T03:29:43.938+0000][6][safepoint    ] Safepoint "Cleanup", Time since last: 1000187051 ns, Reaching safepoint: 263492 ns, At safepoint: 16552 ns, Total: 280044 ns
[2020-12-14T03:29:44.939+0000][6][safepoint    ] Safepoint "Cleanup", Time since last: 1000189296 ns, Reaching safepoint: 239130 ns, At safepoint: 17044 ns, Total: 256174 ns
[2020-12-14T03:29:46.753+0000][6][safepoint    ] Safepoint "Cleanup", Time since last: 1813650398 ns, Reaching safepoint: 233268 ns, At safepoint: 20542 ns, Total: 253810 ns
[2020-12-14T03:29:47.753+0000][6][safepoint    ] Safepoint "Cleanup", Time since last: 1000179844 ns, Reaching safepoint: 260343 ns, At safepoint: 17364 ns, Total: 277707 ns
[2020-12-14T03:29:48.754+0000][6][safepoint    ] Safepoint "Cleanup", Time since last: 1000205462 ns, Reaching safepoint: 226724 ns, At safepoint: 17463 ns, Total: 244187 ns
[2020-12-14T03:29:49.754+0000][6][safepoint    ] Safepoint "Cleanup", Time since last: 1000186504 ns, Reaching safepoint: 227336 ns, At safepoint: 13601 ns, Total: 240937 ns
[2020-12-14T03:29:50.754+0000][6][safepoint    ] Safepoint "Cleanup", Time since last: 1000168478 ns, Reaching safepoint: 234785 ns, At safepoint: 18461 ns, Total: 253246 ns
[2020-12-14T03:29:51.755+0000][6][safepoint    ] Safepoint "Cleanup", Time since last: 1000189452 ns, Reaching safepoint: 246255 ns, At safepoint: 17257 ns, Total: 263512 ns
[2020-12-14T03:29:52.755+0000][6][safepoint    ] Safepoint "Cleanup", Time since last: 1000183618 ns, Reaching safepoint: 253549 ns, At safepoint: 18821 ns, Total: 272370 ns
[2020-12-14T03:29:53.756+0000][6][safepoint    ] Safepoint "Cleanup", Time since last: 1000182050 ns, Reaching safepoint: 223736 ns, At safepoint: 17446 ns, Total: 241182 ns
[2020-12-14T03:29:54.756+0000][6][safepoint    ] Safepoint "Cleanup", Time since last: 1000181214 ns, Reaching safepoint: 274775 ns, At safepoint: 20115 ns, Total: 294890 ns
[2020-12-14T03:29:55.757+0000][6][safepoint    ] Safepoint "Cleanup", Time since last: 1000197333 ns, Reaching safepoint: 235909 ns, At safepoint: 18621 ns, Total: 254530 ns
[2020-12-14T03:29:56.757+0000][6][safepoint    ] Safepoint "Cleanup", Time since last: 1000187761 ns, Reaching safepoint: 245214 ns, At safepoint: 31432 ns, Total: 276646 ns
[2020-12-14T03:29:57.758+0000][6][safepoint    ] Safepoint "Cleanup", Time since last: 1000177151 ns, Reaching safepoint: 252429 ns, At safepoint: 18694 ns, Total: 271123 ns
[2020-12-14T03:29:58.758+0000][6][safepoint    ] Safepoint "Cleanup", Time since last: 1000188312 ns, Reaching safepoint: 239728 ns, At safepoint: 19081 ns, Total: 258809 ns
[2020-12-14T03:29:59.758+0000][6][safepoint    ] Safepoint "Cleanup", Time since last: 1000197558 ns, Reaching safepoint: 224679 ns, At safepoint: 18654 ns, Total: 243333 ns
[2020-12-14T03:30:00.759+0000][6][safepoint    ] Safepoint "Cleanup", Time since last: 1000181243 ns, Reaching safepoint: 234057 ns, At safepoint: 18691 ns, Total: 252748 ns
[2020-12-14T03:30:01.759+0000][6][safepoint    ] Safepoint "Cleanup", Time since last: 1000196433 ns, Reaching safepoint: 242814 ns, At safepoint: 18164 ns, Total: 260978 ns
[2020-12-14T03:30:02.760+0000][6][safepoint    ] Safepoint "Cleanup", Time since last: 1000182236 ns, Reaching safepoint: 232407 ns, At safepoint: 18991 ns, Total: 251398 ns
[2020-12-14T03:30:03.760+0000][6][safepoint    ] Safepoint "Cleanup", Time since last: 1000184425 ns, Reaching safepoint: 270199 ns, At safepoint: 19668 ns, Total: 289867 ns
[2020-12-14T03:30:04.761+0000][6][safepoint    ] Safepoint "Cleanup", Time since last: 1000188858 ns, Reaching safepoint: 227901 ns, At safepoint: 18650 ns, Total: 246551 ns
[2020-12-14T03:30:05.761+0000][6][safepoint    ] Safepoint "Cleanup", Time since last: 1000180214 ns, Reaching safepoint: 247923 ns, At safepoint: 16379 ns, Total: 264302 ns
[2020-12-14T03:30:06.762+0000][6][safepoint    ] Safepoint "Cleanup", Time since last: 1000182672 ns, Reaching safepoint: 240322 ns, At safepoint: 19131 ns, Total: 259453 ns
[2020-12-14T03:30:07.762+0000][6][safepoint    ] Safepoint "Cleanup", Time since last: 1000180746 ns, Reaching safepoint: 229555 ns, At safepoint: 18757 ns, Total: 248312 ns
[2020-12-14T03:30:08.762+0000][6][safepoint    ] Safepoint "Cleanup", Time since last: 1000187906 ns, Reaching safepoint: 228011 ns, At safepoint: 18454 ns, Total: 246465 ns
[2020-12-14T03:30:09.763+0000][6][safepoint    ] Safepoint "Cleanup", Time since last: 1000189089 ns, Reaching safepoint: 224342 ns, At safepoint: 18824 ns, Total: 243166 ns
[2020-12-14T03:30:10.763+0000][6][safepoint    ] Safepoint "Cleanup", Time since last: 1000181824 ns, Reaching safepoint: 249977 ns, At safepoint: 19015 ns, Total: 268992 ns
[2020-12-14T03:30:11.764+0000][6][safepoint    ] Safepoint "Cleanup", Time since last: 1000183879 ns, Reaching safepoint: 232820 ns, At safepoint: 31761 ns, Total: 264581 ns
[2020-12-14T03:30:12.906+0000][6][safepoint    ] Safepoint "Cleanup", Time since last: 1142265234 ns, Reaching safepoint: 241112 ns, At safepoint: 18761 ns, Total: 259873 ns
[2020-12-14T03:30:13.907+0000][6][safepoint    ] Safepoint "Cleanup", Time since last: 1000187790 ns, Reaching safepoint: 233284 ns, At safepoint: 18398 ns, Total: 251682 ns
[2020-12-14T03:30:14.907+0000][6][safepoint    ] Safepoint "Cleanup", Time since last: 1000190198 ns, Reaching safepoint: 271653 ns, At safepoint: 19321 ns, Total: 290974 ns
[2020-12-14T03:30:15.908+0000][6][safepoint    ] Safepoint "Cleanup", Time since last: 1000183802 ns, Reaching safepoint: 231787 ns, At safepoint: 18781 ns, Total: 250568 ns
[2020-12-14T03:30:16.908+0000][6][safepoint    ] Safepoint "Cleanup", Time since last: 1000195085 ns, Reaching safepoint: 221144 ns, At safepoint: 17343 ns, Total: 238487 ns
[2020-12-14T03:30:17.909+0000][6][safepoint    ] Safepoint "Cleanup", Time since last: 1000207062 ns, Reaching safepoint: 239514 ns, At safepoint: 18498 ns, Total: 258012 ns
[2020-12-14T03:30:18.909+0000][6][safepoint    ] Safepoint "Cleanup", Time since last: 1000187658 ns, Reaching safepoint: 231193 ns, At safepoint: 19045 ns, Total: 250238 ns
[2020-12-14T03:30:19.909+0000][6][safepoint    ] Safepoint "Cleanup", Time since last: 1000201678 ns, Reaching safepoint: 224508 ns, At safepoint: 12524 ns, Total: 237032 ns
[2020-12-14T03:30:20.910+0000][6][safepoint    ] Safepoint "Cleanup", Time since last: 1000164275 ns, Reaching safepoint: 261878 ns, At safepoint: 18834 ns, Total: 280712 ns
[2020-12-14T03:30:21.910+0000][6][safepoint    ] Safepoint "Cleanup", Time since last: 1000186577 ns, Reaching safepoint: 249800 ns, At safepoint: 19205 ns, Total: 269005 ns
[2020-12-14T03:30:22.911+0000][6][safepoint    ] Safepoint "Cleanup", Time since last: 1000180026 ns, Reaching safepoint: 240642 ns, At safepoint: 18284 ns, Total: 258926 ns
[2020-12-14T03:30:23.911+0000][6][safepoint    ] Safepoint "Cleanup", Time since last: 1000183087 ns, Reaching safepoint: 289302 ns, At safepoint: 18586 ns, Total: 307888 ns
[2020-12-14T03:30:24.912+0000][6][safepoint    ] Safepoint "Cleanup", Time since last: 1000187318 ns, Reaching safepoint: 243439 ns, At safepoint: 17756 ns, Total: 261195 ns
[2020-12-14T03:30:25.912+0000][6][safepoint    ] Safepoint "Cleanup", Time since last: 1000182436 ns, Reaching safepoint: 265633 ns, At safepoint: 19521 ns, Total: 285154 ns
[2020-12-14T03:30:26.913+0000][6][safepoint    ] Safepoint "Cleanup", Time since last: 1000182848 ns, Reaching safepoint: 258623 ns, At safepoint: 17499 ns, Total: 276122 ns
[2020-12-14T03:30:27.913+0000][6][safepoint    ] Safepoint "Cleanup", Time since last: 1000173847 ns, Reaching safepoint: 230972 ns, At safepoint: 17370 ns, Total: 248342 ns
[2020-12-14T03:30:29.874+0000][6][safepoint    ] Safepoint "Cleanup", Time since last: 1960371553 ns, Reaching safepoint: 226672 ns, At safepoint: 17256 ns, Total: 243928 ns
[2020-12-14T03:30:30.967+0000][6][safepoint    ] Safepoint "Cleanup", Time since last: 1093229216 ns, Reaching safepoint: 251681 ns, At safepoint: 21049 ns, Total: 272730 ns
[2020-12-14T03:30:31.968+0000][6][safepoint    ] Safepoint "Cleanup", Time since last: 1000212803 ns, Reaching safepoint: 226556 ns, At safepoint: 28354 ns, Total: 254910 ns
[2020-12-14T03:30:32.968+0000][6][safepoint    ] Safepoint "Cleanup", Time since last: 1000178912 ns, Reaching safepoint: 225950 ns, At safepoint: 18191 ns, Total: 244141 ns
[2020-12-14T03:30:33.968+0000][6][safepoint    ] Safepoint "Cleanup", Time since last: 1000216434 ns, Reaching safepoint: 228216 ns, At safepoint: 17672 ns, Total: 245888 ns
[2020-12-14T03:30:34.969+0000][6][safepoint    ] Safepoint "Cleanup", Time since last: 1000186190 ns, Reaching safepoint: 236026 ns, At safepoint: 20251 ns, Total: 256277 ns
[2020-12-14T03:30:35.969+0000][6][safepoint    ] Safepoint "Cleanup", Time since last: 1000188601 ns, Reaching safepoint: 224216 ns, At safepoint: 19424 ns, Total: 243640 ns
[2020-12-14T03:30:36.970+0000][6][safepoint    ] Safepoint "Cleanup", Time since last: 1000190015 ns, Reaching safepoint: 222795 ns, At safepoint: 21299 ns, Total: 244094 ns
[2020-12-14T03:30:37.970+0000][6][safepoint    ] Safepoint "Cleanup", Time since last: 1000184403 ns, Reaching safepoint: 237644 ns, At safepoint: 19401 ns, Total: 257045 ns
[2020-12-14T03:30:38.971+0000][6][safepoint    ] Safepoint "Cleanup", Time since last: 1000153671 ns, Reaching safepoint: 228625 ns, At safepoint: 20144 ns, Total: 248769 ns
[2020-12-14T03:30:39.971+0000][6][safepoint    ] Safepoint "Cleanup", Time since last: 1000186098 ns, Reaching safepoint: 219233 ns, At safepoint: 18063 ns, Total: 237296 ns
[2020-12-14T03:30:40.972+0000][6][safepoint    ] Safepoint "Cleanup", Time since last: 1000210558 ns, Reaching safepoint: 218422 ns, At safepoint: 18241 ns, Total: 236663 ns
[2020-12-14T03:30:41.972+0000][6][safepoint    ] Safepoint "Cleanup", Time since last: 1000178545 ns, Reaching safepoint: 228372 ns, At safepoint: 18394 ns, Total: 246766 ns
[2020-12-14T03:30:42.972+0000][6][safepoint    ] Safepoint "Cleanup", Time since last: 1000182868 ns, Reaching safepoint: 234235 ns, At safepoint: 18660 ns, Total: 252895 ns
[2020-12-14T03:30:43.973+0000][6][safepoint    ] Safepoint "Cleanup", Time since last: 1000202436 ns, Reaching safepoint: 237173 ns, At safepoint: 18234 ns, Total: 255407 ns
[2020-12-14T03:30:44.973+0000][6][safepoint    ] Safepoint "Cleanup", Time since last: 1000188375 ns, Reaching safepoint: 249396 ns, At safepoint: 19088 ns, Total: 268484 ns
[2020-12-14T03:30:45.974+0000][6][safepoint    ] Safepoint "Cleanup", Time since last: 1000185123 ns, Reaching safepoint: 226830 ns, At safepoint: 18031 ns, Total: 244861 ns
[2020-12-14T03:30:47.755+0000][6][safepoint    ] Safepoint "Cleanup", Time since last: 1781430745 ns, Reaching safepoint: 241412 ns, At safepoint: 18584 ns, Total: 259996 ns
[2020-12-14T03:30:48.756+0000][6][safepoint    ] Safepoint "Cleanup", Time since last: 1000189265 ns, Reaching safepoint: 236672 ns, At safepoint: 18311 ns, Total: 254983 ns
[2020-12-14T03:30:49.756+0000][6][safepoint    ] Safepoint "Cleanup", Time since last: 1000189636 ns, Reaching safepoint: 250881 ns, At safepoint: 19057 ns, Total: 269938 ns
[2020-12-14T03:30:50.757+0000][6][safepoint    ] Safepoint "Cleanup", Time since last: 1000187751 ns, Reaching safepoint: 232630 ns, At safepoint: 18584 ns, Total: 251214 ns
[2020-12-14T03:30:51.757+0000][6][safepoint    ] Safepoint "Cleanup", Time since last: 1000181718 ns, Reaching safepoint: 281435 ns, At safepoint: 20666 ns, Total: 302101 ns
[2020-12-14T03:30:52.758+0000][6][safepoint    ] Safepoint "Cleanup", Time since last: 1000180850 ns, Reaching safepoint: 221701 ns, At safepoint: 19157 ns, Total: 240858 ns
[2020-12-14T03:30:53.758+0000][6][safepoint    ] Safepoint "Cleanup", Time since last: 1000184986 ns, Reaching safepoint: 295996 ns, At safepoint: 19408 ns, Total: 315404 ns
[2020-12-14T03:30:54.759+0000][6][safepoint    ] Safepoint "Cleanup", Time since last: 1000184961 ns, Reaching safepoint: 271642 ns, At safepoint: 18858 ns, Total: 290500 ns
[2020-12-14T03:30:55.759+0000][6][safepoint    ] Safepoint "Cleanup", Time since last: 1000145323 ns, Reaching safepoint: 219776 ns, At safepoint: 16910 ns, Total: 236686 ns
[2020-12-14T03:30:56.760+0000][6][safepoint    ] Safepoint "Cleanup", Time since last: 1000213453 ns, Reaching safepoint: 262984 ns, At safepoint: 18998 ns, Total: 281982 ns
[2020-12-14T03:30:57.760+0000][6][safepoint    ] Safepoint "Cleanup", Time since last: 1000177542 ns, Reaching safepoint: 254536 ns, At safepoint: 23547 ns, Total: 278083 ns
[2020-12-14T03:30:58.760+0000][6][safepoint    ] Safepoint "Cleanup", Time since last: 1000198803 ns, Reaching safepoint: 233397 ns, At safepoint: 18628 ns, Total: 252025 ns
[2020-12-14T03:30:59.761+0000][6][safepoint    ] Safepoint "Cleanup", Time since last: 1000188869 ns, Reaching safepoint: 220470 ns, At safepoint: 20319 ns, Total: 240789 ns
[2020-12-14T03:31:00.761+0000][6][safepoint    ] Safepoint "Cleanup", Time since last: 1000181934 ns, Reaching safepoint: 249100 ns, At safepoint: 17800 ns, Total: 266900 ns
[2020-12-14T03:31:01.762+0000][6][safepoint    ] Safepoint "Cleanup", Time since last: 1000186280 ns, Reaching safepoint: 239578 ns, At safepoint: 20075 ns, Total: 259653 ns
[2020-12-14T03:31:02.762+0000][6][safepoint    ] Safepoint "Cleanup", Time since last: 1000186350 ns, Reaching safepoint: 240395 ns, At safepoint: 19788 ns, Total: 260183 ns
[2020-12-14T03:31:03.763+0000][6][safepoint    ] Safepoint "Cleanup", Time since last: 1000188013 ns, Reaching safepoint: 226427 ns, At safepoint: 19934 ns, Total: 246361 ns
[2020-12-14T03:31:04.763+0000][6][safepoint    ] Safepoint "Cleanup", Time since last: 1000190478 ns, Reaching safepoint: 233351 ns, At safepoint: 16579 ns, Total: 249930 ns
[2020-12-14T03:31:05.764+0000][6][safepoint    ] Safepoint "Cleanup", Time since last: 1000216599 ns, Reaching safepoint: 226016 ns, At safepoint: 18701 ns, Total: 244717 ns
[2020-12-14T03:31:06.764+0000][6][safepoint    ] Safepoint "Cleanup", Time since last: 1000184689 ns, Reaching safepoint: 237316 ns, At safepoint: 17570 ns, Total: 254886 ns
[2020-12-14T03:31:07.764+0000][6][safepoint    ] Safepoint "Cleanup", Time since last: 1000186624 ns, Reaching safepoint: 240457 ns, At safepoint: 17631 ns, Total: 258088 ns
[2020-12-14T03:31:08.765+0000][6][safepoint    ] Safepoint "Cleanup", Time since last: 1000201878 ns, Reaching safepoint: 234525 ns, At safepoint: 25141 ns, Total: 259666 ns
[2020-12-14T03:31:09.765+0000][6][safepoint    ] Safepoint "Cleanup", Time since last: 1000186928 ns, Reaching safepoint: 252088 ns, At safepoint: 18547 ns, Total: 270635 ns
[2020-12-14T03:31:10.766+0000][6][safepoint    ] Safepoint "Cleanup", Time since last: 1000192387 ns, Reaching safepoint: 243586 ns, At safepoint: 17770 ns, Total: 261356 ns
[2020-12-14T03:31:11.766+0000][6][safepoint    ] Safepoint "Cleanup", Time since last: 1000184381 ns, Reaching safepoint: 251515 ns, At safepoint: 18847 ns, Total: 270362 ns
[2020-12-14T03:31:12.767+0000][6][safepoint    ] Safepoint "Cleanup", Time since last: 1000188379 ns, Reaching safepoint: 245833 ns, At safepoint: 17567 ns, Total: 263400 ns
[2020-12-14T03:31:13.767+0000][6][safepoint    ] Safepoint "Cleanup", Time since last: 1000187101 ns, Reaching safepoint: 437115 ns, At safepoint: 19481 ns, Total: 456596 ns
[2020-12-14T03:31:14.768+0000][6][safepoint    ] Safepoint "Cleanup", Time since last: 1000198119 ns, Reaching safepoint: 217934 ns, At safepoint: 17389 ns, Total: 235323 ns
[2020-12-14T03:31:15.768+0000][6][safepoint    ] Safepoint "Cleanup", Time since last: 1000182812 ns, Reaching safepoint: 253649 ns, At safepoint: 19138 ns, Total: 272787 ns
[2020-12-14T03:31:16.769+0000][6][safepoint    ] Safepoint "Cleanup", Time since last: 1000189415 ns, Reaching safepoint: 240078 ns, At safepoint: 18504 ns, Total: 258582 ns
[2020-12-14T03:31:17.769+0000][6][safepoint    ] Safepoint "Cleanup", Time since last: 1000207686 ns, Reaching safepoint: 312149 ns, At safepoint: 25321 ns, Total: 337470 ns
[2020-12-14T03:31:18.770+0000][6][safepoint    ] Safepoint "Cleanup", Time since last: 1000187510 ns, Reaching safepoint: 225136 ns, At safepoint: 18874 ns, Total: 244010 ns
[2020-12-14T03:31:19.770+0000][6][safepoint    ] Safepoint "Cleanup", Time since last: 1000192729 ns, Reaching safepoint: 245114 ns, At safepoint: 17403 ns, Total: 262517 ns
[2020-12-14T03:31:20.771+0000][6][safepoint    ] Safepoint "Cleanup", Time since last: 1000192835 ns, Reaching safepoint: 235098 ns, At safepoint: 18848 ns, Total: 253946 ns
[2020-12-14T03:31:21.771+0000][6][safepoint    ] Safepoint "Cleanup", Time since last: 1000196146 ns, Reaching safepoint: 238727 ns, At safepoint: 18754 ns, Total: 257481 ns
[2020-12-14T03:31:22.771+0000][6][safepoint    ] Safepoint "Cleanup", Time since last: 1000216317 ns, Reaching safepoint: 236149 ns, At safepoint: 18751 ns, Total: 254900 ns
[2020-12-14T03:31:23.772+0000][6][safepoint    ] Safepoint "Cleanup", Time since last: 1000189955 ns, Reaching safepoint: 239898 ns, At safepoint: 18681 ns, Total: 258579 ns
[2020-12-14T03:31:24.772+0000][6][safepoint    ] Safepoint "Cleanup", Time since last: 1000189191 ns, Reaching safepoint: 219370 ns, At safepoint: 20421 ns, Total: 239791 ns
[2020-12-14T03:31:25.773+0000][6][safepoint    ] Safepoint "Cleanup", Time since last: 1000189624 ns, Reaching safepoint: 236716 ns, At safepoint: 18232 ns, Total: 254948 ns
[2020-12-14T03:31:26.773+0000][6][safepoint    ] Safepoint "Cleanup", Time since last: 1000185815 ns, Reaching safepoint: 271679 ns, At safepoint: 19128 ns, Total: 290807 ns
[2020-12-14T03:31:27.774+0000][6][safepoint    ] Safepoint "Cleanup", Time since last: 1000181901 ns, Reaching safepoint: 236412 ns, At safepoint: 19422 ns, Total: 255834 ns
[2020-12-14T03:31:28.774+0000][6][safepoint    ] Safepoint "Cleanup", Time since last: 1000173869 ns, Reaching safepoint: 419647 ns, At safepoint: 23808 ns, Total: 443455 ns
[2020-12-14T03:31:29.995+0000][6][safepoint    ] Safepoint "Cleanup", Time since last: 1220881696 ns, Reaching safepoint: 206146 ns, At safepoint: 18647 ns, Total: 224793 ns
[2020-12-14T03:31:31.000+0000][6][safepoint    ] Safepoint "Cleanup", Time since last: 1004504026 ns, Reaching safepoint: 269288 ns, At safepoint: 19431 ns, Total: 288719 ns
[2020-12-14T03:31:32.001+0000][6][safepoint    ] Safepoint "Cleanup", Time since last: 1000204688 ns, Reaching safepoint: 213483 ns, At safepoint: 32238 ns, Total: 245721 ns
[2020-12-14T03:31:33.001+0000][6][safepoint    ] Safepoint "Cleanup", Time since last: 1000184492 ns, Reaching safepoint: 258846 ns, At safepoint: 18853 ns, Total: 277699 ns
[2020-12-14T03:31:34.002+0000][6][safepoint    ] Safepoint "Cleanup", Time since last: 1000184024 ns, Reaching safepoint: 227697 ns, At safepoint: 18341 ns, Total: 246038 ns
[2020-12-14T03:31:35.002+0000][6][safepoint    ] Safepoint "Cleanup", Time since last: 1000191033 ns, Reaching safepoint: 239110 ns, At safepoint: 17194 ns, Total: 256304 ns
[2020-12-14T03:31:36.002+0000][6][safepoint    ] Safepoint "Cleanup", Time since last: 1000176053 ns, Reaching safepoint: 235182 ns, At safepoint: 18744 ns, Total: 253926 ns
[2020-12-14T03:31:37.003+0000][6][safepoint    ] Safepoint "Cleanup", Time since last: 1000189292 ns, Reaching safepoint: 233785 ns, At safepoint: 19037 ns, Total: 252822 ns
[2020-12-14T03:31:38.003+0000][6][safepoint    ] Safepoint "Cleanup", Time since last: 1000210759 ns, Reaching safepoint: 231619 ns, At safepoint: 17558 ns, Total: 249177 ns
[2020-12-14T03:31:39.004+0000][6][safepoint    ] Safepoint "Cleanup", Time since last: 1000180801 ns, Reaching safepoint: 229633 ns, At safepoint: 17881 ns, Total: 247514 ns
[2020-12-14T03:31:40.004+0000][6][safepoint    ] Safepoint "Cleanup", Time since last: 1000184316 ns, Reaching safepoint: 298015 ns, At safepoint: 20114 ns, Total: 318129 ns
[2020-12-14T03:31:41.005+0000][6][safepoint    ] Safepoint "Cleanup", Time since last: 1000190133 ns, Reaching safepoint: 219446 ns, At safepoint: 18817 ns, Total: 238263 ns
[2020-12-14T03:31:42.005+0000][6][safepoint    ] Safepoint "Cleanup", Time since last: 1000194182 ns, Reaching safepoint: 289933 ns, At safepoint: 19004 ns, Total: 308937 ns
[2020-12-14T03:31:43.006+0000][6][safepoint    ] Safepoint "Cleanup", Time since last: 1000187551 ns, Reaching safepoint: 224672 ns, At safepoint: 18511 ns, Total: 243183 ns
[2020-12-14T03:31:44.006+0000][6][safepoint    ] Safepoint "Cleanup", Time since last: 1000192558 ns, Reaching safepoint: 272856 ns, At safepoint: 19088 ns, Total: 291944 ns
[2020-12-14T03:31:45.007+0000][6][safepoint    ] Safepoint "Cleanup", Time since last: 1000189893 ns, Reaching safepoint: 247315 ns, At safepoint: 18577 ns, Total: 265892 ns
[2020-12-14T03:31:46.007+0000][6][safepoint    ] Safepoint "Cleanup", Time since last: 1000189779 ns, Reaching safepoint: 250537 ns, At safepoint: 17591 ns, Total: 268128 ns
[2020-12-14T03:31:47.007+0000][6][safepoint    ] Safepoint "Cleanup", Time since last: 1000207894 ns, Reaching safepoint: 230696 ns, At safepoint: 18470 ns, Total: 249166 ns
[2020-12-14T03:31:48.753+0000][6][safepoint    ] Safepoint "Cleanup", Time since last: 1745519211 ns, Reaching safepoint: 257888 ns, At safepoint: 19385 ns, Total: 277273 ns
[2020-12-14T03:31:49.754+0000][6][safepoint    ] Safepoint "Cleanup", Time since last: 1000187274 ns, Reaching safepoint: 222011 ns, At safepoint: 18067 ns, Total: 240078 ns
[2020-12-14T03:31:50.754+0000][6][safepoint    ] Safepoint "Cleanup", Time since last: 1000189601 ns, Reaching safepoint: 280855 ns, At safepoint: 18974 ns, Total: 299829 ns
[2020-12-14T03:31:51.755+0000][6][safepoint    ] Safepoint "Cleanup", Time since last: 1000179511 ns, Reaching safepoint: 237963 ns, At safepoint: 18884 ns, Total: 256847 ns
[2020-12-14T03:31:52.755+0000][6][safepoint    ] Safepoint "Cleanup", Time since last: 1000180544 ns, Reaching safepoint: 266573 ns, At safepoint: 17037 ns, Total: 283610 ns
[2020-12-14T03:31:53.756+0000][6][safepoint    ] Safepoint "Cleanup", Time since last: 1000187907 ns, Reaching safepoint: 229035 ns, At safepoint: 18444 ns, Total: 247479 ns
[2020-12-14T03:31:54.756+0000][6][safepoint    ] Safepoint "Cleanup", Time since last: 1000187784 ns, Reaching safepoint: 232937 ns, At safepoint: 18214 ns, Total: 251151 ns
[2020-12-14T03:31:55.756+0000][6][safepoint    ] Safepoint "Cleanup", Time since last: 1000187092 ns, Reaching safepoint: 235408 ns, At safepoint: 18484 ns, Total: 253892 ns
[2020-12-14T03:31:56.757+0000][6][safepoint    ] Safepoint "Cleanup", Time since last: 1000200435 ns, Reaching safepoint: 249223 ns, At safepoint: 18417 ns, Total: 267640 ns
[2020-12-14T03:31:57.757+0000][6][safepoint    ] Safepoint "Cleanup", Time since last: 1000201366 ns, Reaching safepoint: 229916 ns, At safepoint: 18760 ns, Total: 248676 ns
[2020-12-14T03:31:58.758+0000][6][safepoint    ] Safepoint "Cleanup", Time since last: 1000194299 ns, Reaching safepoint: 222681 ns, At safepoint: 18017 ns, Total: 240698 ns
[2020-12-14T03:31:59.758+0000][6][safepoint    ] Safepoint "Cleanup", Time since last: 1000187507 ns, Reaching safepoint: 332045 ns, At safepoint: 19514 ns, Total: 351559 ns
[2020-12-14T03:32:00.759+0000][6][safepoint    ] Safepoint "Cleanup", Time since last: 1000185243 ns, Reaching safepoint: 254143 ns, At safepoint: 18541 ns, Total: 272684 ns
[2020-12-14T03:32:01.759+0000][6][safepoint    ] Safepoint "Cleanup", Time since last: 1000194821 ns, Reaching safepoint: 249397 ns, At safepoint: 19008 ns, Total: 268405 ns
[2020-12-14T03:32:02.760+0000][6][safepoint    ] Safepoint "Cleanup", Time since last: 1000183084 ns, Reaching safepoint: 231076 ns, At safepoint: 18781 ns, Total: 249857 ns
[2020-12-14T03:32:03.760+0000][6][safepoint    ] Safepoint "Cleanup", Time since last: 1000189189 ns, Reaching safepoint: 253112 ns, At safepoint: 22189 ns, Total: 275301 ns
[2020-12-14T03:32:04.761+0000][6][safepoint    ] Safepoint "Cleanup", Time since last: 1000194188 ns, Reaching safepoint: 222158 ns, At safepoint: 18154 ns, Total: 240312 ns
[2020-12-14T03:32:05.761+0000][6][safepoint    ] Safepoint "Cleanup", Time since last: 1000187221 ns, Reaching safepoint: 239438 ns, At safepoint: 18440 ns, Total: 257878 ns
[2020-12-14T03:32:06.761+0000][6][safepoint    ] Safepoint "Cleanup", Time since last: 1000225322 ns, Reaching safepoint: 223672 ns, At safepoint: 18047 ns, Total: 241719 ns
[2020-12-14T03:32:07.762+0000][6][safepoint    ] Safepoint "Cleanup", Time since last: 1000184093 ns, Reaching safepoint: 227194 ns, At safepoint: 17390 ns, Total: 244584 ns
[2020-12-14T03:32:08.762+0000][6][safepoint    ] Safepoint "Cleanup", Time since last: 1000200018 ns, Reaching safepoint: 221294 ns, At safepoint: 20691 ns, Total: 241985 ns
[2020-12-14T03:32:09.763+0000][6][safepoint    ] Safepoint "Cleanup", Time since last: 1000188646 ns, Reaching safepoint: 222818 ns, At safepoint: 17450 ns, Total: 240268 ns
[2020-12-14T03:32:10.763+0000][6][safepoint    ] Safepoint "Cleanup", Time since last: 1000184676 ns, Reaching safepoint: 276803 ns, At safepoint: 16062 ns, Total: 292865 ns
[2020-12-14T03:32:11.764+0000][6][safepoint    ] Safepoint "Cleanup", Time since last: 1000197491 ns, Reaching safepoint: 236336 ns, At safepoint: 17727 ns, Total: 254063 ns
[2020-12-14T03:32:12.764+0000][6][safepoint    ] Safepoint "Cleanup", Time since last: 1000179575 ns, Reaching safepoint: 345572 ns, At safepoint: 19531 ns, Total: 365103 ns
[2020-12-14T03:32:13.765+0000][6][safepoint    ] Safepoint "Cleanup", Time since last: 1000189325 ns, Reaching safepoint: 232440 ns, At safepoint: 19275 ns, Total: 251715 ns
[2020-12-14T03:32:14.765+0000][6][safepoint    ] Safepoint "Cleanup", Time since last: 1000198210 ns, Reaching safepoint: 259523 ns, At safepoint: 19184 ns, Total: 278707 ns
[2020-12-14T03:32:15.766+0000][6][safepoint    ] Safepoint "Cleanup", Time since last: 1000182652 ns, Reaching safepoint: 232016 ns, At safepoint: 18631 ns, Total: 250647 ns
[2020-12-14T03:32:16.766+0000][6][safepoint    ] Safepoint "Cleanup", Time since last: 1000187588 ns, Reaching safepoint: 236916 ns, At safepoint: 17567 ns, Total: 254483 ns
[2020-12-14T03:32:17.766+0000][6][safepoint    ] Safepoint "Cleanup", Time since last: 1000203587 ns, Reaching safepoint: 223531 ns, At safepoint: 17601 ns, Total: 241132 ns
[2020-12-14T03:32:18.767+0000][6][safepoint    ] Safepoint "Cleanup", Time since last: 1000183195 ns, Reaching safepoint: 231710 ns, At safepoint: 18490 ns, Total: 250200 ns
[2020-12-14T03:32:19.767+0000][6][safepoint    ] Safepoint "Cleanup", Time since last: 1000200822 ns, Reaching safepoint: 260293 ns, At safepoint: 20532 ns, Total: 280825 ns
[2020-12-14T03:32:20.768+0000][6][safepoint    ] Safepoint "Cleanup", Time since last: 1000198100 ns, Reaching safepoint: 228548 ns, At safepoint: 17595 ns, Total: 246143 ns
[2020-12-14T03:32:21.768+0000][6][safepoint    ] Safepoint "Cleanup", Time since last: 1000179374 ns, Reaching safepoint: 260929 ns, At safepoint: 18118 ns, Total: 279047 ns
[2020-12-14T03:32:22.769+0000][6][safepoint    ] Safepoint "Cleanup", Time since last: 1000177323 ns, Reaching safepoint: 234328 ns, At safepoint: 17330 ns, Total: 251658 ns
[2020-12-14T03:32:23.769+0000][6][safepoint    ] Safepoint "Cleanup", Time since last: 1000185533 ns, Reaching safepoint: 337727 ns, At safepoint: 19151 ns, Total: 356878 ns
[2020-12-14T03:32:24.770+0000][6][safepoint    ] Safepoint "Cleanup", Time since last: 1000187594 ns, Reaching safepoint: 231587 ns, At safepoint: 18441 ns, Total: 250028 ns
[2020-12-14T03:32:25.770+0000][6][safepoint    ] Safepoint "Cleanup", Time since last: 1000183705 ns, Reaching safepoint: 262414 ns, At safepoint: 19264 ns, Total: 281678 ns
[2020-12-14T03:32:26.771+0000][6][safepoint    ] Safepoint "Cleanup", Time since last: 1000182392 ns, Reaching safepoint: 289600 ns, At safepoint: 18987 ns, Total: 308587 ns
[2020-12-14T03:32:27.771+0000][6][safepoint    ] Safepoint "Cleanup", Time since last: 1000176651 ns, Reaching safepoint: 235176 ns, At safepoint: 19054 ns, Total: 254230 ns
[2020-12-14T03:32:28.772+0000][6][safepoint    ] Safepoint "Cleanup", Time since last: 1000203177 ns, Reaching safepoint: 241825 ns, At safepoint: 17364 ns, Total: 259189 ns
[2020-12-14T03:32:28.981+0000][6][safepoint    ] Safepoint "BulkRevokeBias", Time since last: 208573404 ns, Reaching safepoint: 171452 ns, At safepoint: 931802 ns, Total: 1103254 ns
[2020-12-14T03:32:30.029+0000][6][safepoint    ] Safepoint "Cleanup", Time since last: 1047688362 ns, Reaching safepoint: 239962 ns, At safepoint: 29577 ns, Total: 269539 ns
[2020-12-14T03:32:31.034+0000][6][safepoint    ] Safepoint "Cleanup", Time since last: 1004519610 ns, Reaching safepoint: 227738 ns, At safepoint: 17383 ns, Total: 245121 ns
[2020-12-14T03:32:32.034+0000][6][safepoint    ] Safepoint "Cleanup", Time since last: 1000190821 ns, Reaching safepoint: 226880 ns, At safepoint: 31001 ns, Total: 257881 ns
[2020-12-14T03:32:33.035+0000][6][safepoint    ] Safepoint "Cleanup", Time since last: 1000182809 ns, Reaching safepoint: 235785 ns, At safepoint: 22803 ns, Total: 258588 ns
[2020-12-14T03:32:34.035+0000][6][safepoint    ] Safepoint "Cleanup", Time since last: 1000206979 ns, Reaching safepoint: 329046 ns, At safepoint: 21249 ns, Total: 350295 ns
[2020-12-14T03:32:35.036+0000][6][safepoint    ] Safepoint "Cleanup", Time since last: 1000193788 ns, Reaching safepoint: 215357 ns, At safepoint: 18050 ns, Total: 233407 ns
[2020-12-14T03:32:36.036+0000][6][safepoint    ] Safepoint "Cleanup", Time since last: 1000193320 ns, Reaching safepoint: 274301 ns, At safepoint: 18237 ns, Total: 292538 ns
[2020-12-14T03:32:37.037+0000][6][safepoint    ] Safepoint "Cleanup", Time since last: 1000205362 ns, Reaching safepoint: 214434 ns, At safepoint: 20532 ns, Total: 234966 ns
[2020-12-14T03:32:38.037+0000][6][safepoint    ] Safepoint "Cleanup", Time since last: 1000185782 ns, Reaching safepoint: 235382 ns, At safepoint: 19472 ns, Total: 254854 ns
[2020-12-14T03:32:39.038+0000][6][safepoint    ] Safepoint "Cleanup", Time since last: 1000207079 ns, Reaching safepoint: 220083 ns, At safepoint: 18337 ns, Total: 238420 ns
[2020-12-14T03:32:40.038+0000][6][safepoint    ] Safepoint "Cleanup", Time since last: 1000205451 ns, Reaching safepoint: 356201 ns, At safepoint: 19432 ns, Total: 375633 ns
[2020-12-14T03:32:41.039+0000][6][safepoint    ] Safepoint "Cleanup", Time since last: 1000208476 ns, Reaching safepoint: 226563 ns, At safepoint: 18604 ns, Total: 245167 ns
[2020-12-14T03:32:42.039+0000][6][safepoint    ] Safepoint "Cleanup", Time since last: 1000191120 ns, Reaching safepoint: 276020 ns, At safepoint: 18035 ns, Total: 294055 ns
[2020-12-14T03:32:43.040+0000][6][safepoint    ] Safepoint "Cleanup", Time since last: 1000163165 ns, Reaching safepoint: 240855 ns, At safepoint: 18524 ns, Total: 259379 ns
[2020-12-14T03:32:44.040+0000][6][safepoint    ] Safepoint "Cleanup", Time since last: 1000181319 ns, Reaching safepoint: 239350 ns, At safepoint: 18796 ns, Total: 258146 ns
[2020-12-14T03:32:45.041+0000][6][safepoint    ] Safepoint "Cleanup", Time since last: 1000268044 ns, Reaching safepoint: 220454 ns, At safepoint: 18334 ns, Total: 238788 ns
[2020-12-14T03:32:46.041+0000][6][safepoint    ] Safepoint "Cleanup", Time since last: 1000194881 ns, Reaching safepoint: 232361 ns, At safepoint: 31817 ns, Total: 264178 ns
[2020-12-14T03:32:47.041+0000][6][safepoint    ] Safepoint "Cleanup", Time since last: 1000183866 ns, Reaching safepoint: 237290 ns, At safepoint: 17299 ns, Total: 254589 ns
[2020-12-14T03:32:48.042+0000][6][safepoint    ] Safepoint "Cleanup", Time since last: 1000170799 ns, Reaching safepoint: 235355 ns, At safepoint: 20059 ns, Total: 255414 ns
[2020-12-14T03:32:49.744+0000][6][safepoint    ] Safepoint "Cleanup", Time since last: 1702314380 ns, Reaching safepoint: 231717 ns, At safepoint: 19001 ns, Total: 250718 ns
[2020-12-14T03:32:50.745+0000][6][safepoint    ] Safepoint "Cleanup", Time since last: 1000167896 ns, Reaching safepoint: 237806 ns, At safepoint: 12955 ns, Total: 250761 ns
[2020-12-14T03:32:51.745+0000][6][safepoint    ] Safepoint "Cleanup", Time since last: 1000164478 ns, Reaching safepoint: 266760 ns, At safepoint: 20091 ns, Total: 286851 ns
[2020-12-14T03:32:52.746+0000][6][safepoint    ] Safepoint "Cleanup", Time since last: 1000196615 ns, Reaching safepoint: 250888 ns, At safepoint: 20402 ns, Total: 271290 ns
[2020-12-14T03:32:53.746+0000][6][safepoint    ] Safepoint "Cleanup", Time since last: 1000193451 ns, Reaching safepoint: 243737 ns, At safepoint: 17671 ns, Total: 261408 ns
[2020-12-14T03:32:54.747+0000][6][safepoint    ] Safepoint "Cleanup", Time since last: 1000184782 ns, Reaching safepoint: 241292 ns, At safepoint: 18798 ns, Total: 260090 ns
[2020-12-14T03:32:55.747+0000][6][safepoint    ] Safepoint "Cleanup", Time since last: 1000203526 ns, Reaching safepoint: 295313 ns, At safepoint: 19175 ns, Total: 314488 ns
[2020-12-14T03:32:56.748+0000][6][safepoint    ] Safepoint "Cleanup", Time since last: 1000190262 ns, Reaching safepoint: 248119 ns, At safepoint: 18678 ns, Total: 266797 ns
[2020-12-14T03:32:57.748+0000][6][safepoint    ] Safepoint "Cleanup", Time since last: 1000180180 ns, Reaching safepoint: 234378 ns, At safepoint: 33419 ns, Total: 267797 ns
[2020-12-14T03:32:58.749+0000][6][safepoint    ] Safepoint "Cleanup", Time since last: 1000195763 ns, Reaching safepoint: 247246 ns, At safepoint: 17404 ns, Total: 264650 ns
[2020-12-14T03:32:59.749+0000][6][safepoint    ] Safepoint "Cleanup", Time since last: 1000177629 ns, Reaching safepoint: 223963 ns, At safepoint: 18443 ns, Total: 242406 ns
[2020-12-14T03:33:00.749+0000][6][safepoint    ] Safepoint "Cleanup", Time since last: 1000203389 ns, Reaching safepoint: 223310 ns, At safepoint: 17912 ns, Total: 241222 ns
[2020-12-14T03:33:01.750+0000][6][safepoint    ] Safepoint "Cleanup", Time since last: 1000164006 ns, Reaching safepoint: 234538 ns, At safepoint: 19051 ns, Total: 253589 ns
[2020-12-14T03:33:02.750+0000][6][safepoint    ] Safepoint "Cleanup", Time since last: 1000198368 ns, Reaching safepoint: 257588 ns, At safepoint: 18777 ns, Total: 276365 ns
[2020-12-14T03:33:03.751+0000][6][safepoint    ] Safepoint "Cleanup", Time since last: 1000185042 ns, Reaching safepoint: 233434 ns, At safepoint: 18407 ns, Total: 251841 ns
[2020-12-14T03:33:04.751+0000][6][safepoint    ] Safepoint "Cleanup", Time since last: 1000191258 ns, Reaching safepoint: 299545 ns, At safepoint: 19011 ns, Total: 318556 ns
[2020-12-14T03:33:05.752+0000][6][safepoint    ] Safepoint "Cleanup", Time since last: 1000192264 ns, Reaching safepoint: 234331 ns, At safepoint: 19195 ns, Total: 253526 ns
[2020-12-14T03:33:06.752+0000][6][safepoint    ] Safepoint "Cleanup", Time since last: 1000189297 ns, Reaching safepoint: 271495 ns, At safepoint: 17506 ns, Total: 289001 ns
[2020-12-14T03:33:07.753+0000][6][safepoint    ] Safepoint "Cleanup", Time since last: 1000194485 ns, Reaching safepoint: 221524 ns, At safepoint: 18637 ns, Total: 240161 ns
[2020-12-14T03:33:08.753+0000][6][safepoint    ] Safepoint "Cleanup", Time since last: 1000188835 ns, Reaching safepoint: 235319 ns, At safepoint: 50714 ns, Total: 286033 ns
[2020-12-14T03:33:09.754+0000][6][safepoint    ] Safepoint "Cleanup", Time since last: 1000185651 ns, Reaching safepoint: 225416 ns, At safepoint: 20726 ns, Total: 246142 ns
[2020-12-14T03:33:10.754+0000][6][safepoint    ] Safepoint "Cleanup", Time since last: 1000188278 ns, Reaching safepoint: 237673 ns, At safepoint: 18781 ns, Total: 256454 ns
[2020-12-14T03:33:11.908+0000][6][safepoint    ] Safepoint "Cleanup", Time since last: 1153500537 ns, Reaching safepoint: 228682 ns, At safepoint: 20962 ns, Total: 249644 ns
[2020-12-14T03:33:12.908+0000][6][safepoint    ] Safepoint "Cleanup", Time since last: 1000187508 ns, Reaching safepoint: 263378 ns, At safepoint: 18205 ns, Total: 281583 ns
[2020-12-14T03:33:13.909+0000][6][safepoint    ] Safepoint "Cleanup", Time since last: 1000180854 ns, Reaching safepoint: 231037 ns, At safepoint: 21322 ns, Total: 252359 ns
[2020-12-14T03:33:14.909+0000][6][safepoint    ] Safepoint "Cleanup", Time since last: 1000188399 ns, Reaching safepoint: 239201 ns, At safepoint: 53867 ns, Total: 293068 ns
[2020-12-14T03:33:15.910+0000][6][safepoint    ] Safepoint "Cleanup", Time since last: 1000187412 ns, Reaching safepoint: 226764 ns, At safepoint: 18774 ns, Total: 245538 ns
[2020-12-14T03:33:16.910+0000][6][safepoint    ] Safepoint "Cleanup", Time since last: 1000186147 ns, Reaching safepoint: 233127 ns, At safepoint: 18677 ns, Total: 251804 ns
[2020-12-14T03:33:17.910+0000][6][safepoint    ] Safepoint "Cleanup", Time since last: 1000195196 ns, Reaching safepoint: 228004 ns, At safepoint: 18874 ns, Total: 246878 ns
[2020-12-14T03:33:18.911+0000][6][safepoint    ] Safepoint "Cleanup", Time since last: 1000184515 ns, Reaching safepoint: 238257 ns, At safepoint: 18835 ns, Total: 257092 ns
[2020-12-14T03:33:19.911+0000][6][safepoint    ] Safepoint "Cleanup", Time since last: 1000187047 ns, Reaching safepoint: 250748 ns, At safepoint: 19131 ns, Total: 269879 ns
[2020-12-14T03:33:20.912+0000][6][safepoint    ] Safepoint "Cleanup", Time since last: 1000171681 ns, Reaching safepoint: 194912 ns, At safepoint: 13174 ns, Total: 208086 ns
[2020-12-14T03:33:21.912+0000][6][safepoint    ] Safepoint "Cleanup", Time since last: 1000163848 ns, Reaching safepoint: 306855 ns, At safepoint: 18675 ns, Total: 325530 ns
[2020-12-14T03:33:22.913+0000][6][safepoint    ] Safepoint "Cleanup", Time since last: 1000178433 ns, Reaching safepoint: 255093 ns, At safepoint: 18758 ns, Total: 273851 ns
[2020-12-14T03:33:23.913+0000][6][safepoint    ] Safepoint "Cleanup", Time since last: 1000188988 ns, Reaching safepoint: 236253 ns, At safepoint: 50209 ns, Total: 286462 ns
[2020-12-14T03:33:24.914+0000][6][safepoint    ] Safepoint "Cleanup", Time since last: 1000190151 ns, Reaching safepoint: 234182 ns, At safepoint: 18597 ns, Total: 252779 ns
[2020-12-14T03:33:25.914+0000][6][safepoint    ] Safepoint "Cleanup", Time since last: 1000197700 ns, Reaching safepoint: 227924 ns, At safepoint: 21162 ns, Total: 249086 ns
[2020-12-14T03:33:26.914+0000][6][safepoint    ] Safepoint "Cleanup", Time since last: 1000202808 ns, Reaching safepoint: 256474 ns, At safepoint: 19221 ns, Total: 275695 ns
[2020-12-14T03:33:27.915+0000][6][safepoint    ] Safepoint "Cleanup", Time since last: 1000187084 ns, Reaching safepoint: 232160 ns, At safepoint: 19771 ns, Total: 251931 ns
[2020-12-14T03:33:28.915+0000][6][safepoint    ] Safepoint "Cleanup", Time since last: 1000200482 ns, Reaching safepoint: 217148 ns, At safepoint: 19154 ns, Total: 236302 ns
[2020-12-14T03:33:30.065+0000][6][safepoint    ] Safepoint "Cleanup", Time since last: 1149735073 ns, Reaching safepoint: 209468 ns, At safepoint: 19571 ns, Total: 229039 ns
[2020-12-14T03:33:30.070+0000][6][safepoint    ] Safepoint "BulkRevokeBias", Time since last: 3052408 ns, Reaching safepoint: 167950 ns, At safepoint: 1021432 ns, Total: 1189382 ns
[2020-12-14T03:33:31.090+0000][6][safepoint    ] Safepoint "Cleanup", Time since last: 1019878621 ns, Reaching safepoint: 340329 ns, At safepoint: 22590 ns, Total: 362919 ns
[2020-12-14T03:33:32.091+0000][6][safepoint    ] Safepoint "Cleanup", Time since last: 1000777340 ns, Reaching safepoint: 223686 ns, At safepoint: 18567 ns, Total: 242253 ns
[2020-12-14T03:33:33.091+0000][6][safepoint    ] Safepoint "Cleanup", Time since last: 1000186440 ns, Reaching safepoint: 270629 ns, At safepoint: 20039 ns, Total: 290668 ns
[2020-12-14T03:33:34.092+0000][6][safepoint    ] Safepoint "Cleanup", Time since last: 1000175773 ns, Reaching safepoint: 222888 ns, At safepoint: 18741 ns, Total: 241629 ns
[2020-12-14T03:33:35.092+0000][6][safepoint    ] Safepoint "Cleanup", Time since last: 1000184183 ns, Reaching safepoint: 296737 ns, At safepoint: 19418 ns, Total: 316155 ns
[2020-12-14T03:33:36.093+0000][6][safepoint    ] Safepoint "Cleanup", Time since last: 1000184886 ns, Reaching safepoint: 228948 ns, At safepoint: 18964 ns, Total: 247912 ns
[2020-12-14T03:33:37.093+0000][6][safepoint    ] Safepoint "Cleanup", Time since last: 1000181601 ns, Reaching safepoint: 221718 ns, At safepoint: 33793 ns, Total: 255511 ns
[2020-12-14T03:33:38.094+0000][6][safepoint    ] Safepoint "Cleanup", Time since last: 1000185705 ns, Reaching safepoint: 233548 ns, At safepoint: 18777 ns, Total: 252325 ns
[2020-12-14T03:33:39.094+0000][6][safepoint    ] Safepoint "Cleanup", Time since last: 1000190140 ns, Reaching safepoint: 231023 ns, At safepoint: 18788 ns, Total: 249811 ns
[2020-12-14T03:33:40.094+0000][6][safepoint    ] Safepoint "Cleanup", Time since last: 1000188165 ns, Reaching safepoint: 235793 ns, At safepoint: 18567 ns, Total: 254360 ns
[2020-12-14T03:33:41.095+0000][6][safepoint    ] Safepoint "Cleanup", Time since last: 1000183080 ns, Reaching safepoint: 230439 ns, At safepoint: 18581 ns, Total: 249020 ns
[2020-12-14T03:33:42.095+0000][6][safepoint    ] Safepoint "Cleanup", Time since last: 1000175627 ns, Reaching safepoint: 251278 ns, At safepoint: 24014 ns, Total: 275292 ns
[2020-12-14T03:33:43.096+0000][6][safepoint    ] Safepoint "Cleanup", Time since last: 1000173370 ns, Reaching safepoint: 228214 ns, At safepoint: 18991 ns, Total: 247205 ns
[2020-12-14T03:33:44.096+0000][6][safepoint    ] Safepoint "Cleanup", Time since last: 1000189986 ns, Reaching safepoint: 258558 ns, At safepoint: 19071 ns, Total: 277629 ns
[2020-12-14T03:33:45.097+0000][6][safepoint    ] Safepoint "Cleanup", Time since last: 1000192963 ns, Reaching safepoint: 233134 ns, At safepoint: 25028 ns, Total: 258162 ns
[2020-12-14T03:33:46.097+0000][6][safepoint    ] Safepoint "Cleanup", Time since last: 1000189860 ns, Reaching safepoint: 230309 ns, At safepoint: 35110 ns, Total: 265419 ns
[2020-12-14T03:33:47.098+0000][6][safepoint    ] Safepoint "Cleanup", Time since last: 1000185676 ns, Reaching safepoint: 226807 ns, At safepoint: 18767 ns, Total: 245574 ns
[2020-12-14T03:33:48.098+0000][6][safepoint    ] Safepoint "Cleanup", Time since last: 1000190224 ns, Reaching safepoint: 236342 ns, At safepoint: 18788 ns, Total: 255130 ns
[2020-12-14T03:33:49.098+0000][6][safepoint    ] Safepoint "Cleanup", Time since last: 1000189425 ns, Reaching safepoint: 244346 ns, At safepoint: 18022 ns, Total: 262368 ns
[2020-12-14T03:33:50.749+0000][6][safepoint    ] Safepoint "Cleanup", Time since last: 1650691295 ns, Reaching safepoint: 229187 ns, At safepoint: 18152 ns, Total: 247339 ns
[2020-12-14T03:33:51.750+0000][6][safepoint    ] Safepoint "Cleanup", Time since last: 1000184566 ns, Reaching safepoint: 240642 ns, At safepoint: 18851 ns, Total: 259493 ns
[2020-12-14T03:33:52.750+0000][6][safepoint    ] Safepoint "Cleanup", Time since last: 1000179603 ns, Reaching safepoint: 239651 ns, At safepoint: 19245 ns, Total: 258896 ns
[2020-12-14T03:33:53.751+0000][6][safepoint    ] Safepoint "Cleanup", Time since last: 1000177452 ns, Reaching safepoint: 223088 ns, At safepoint: 18414 ns, Total: 241502 ns
[2020-12-14T03:33:54.751+0000][6][safepoint    ] Safepoint "Cleanup", Time since last: 1000198167 ns, Reaching safepoint: 232893 ns, At safepoint: 17751 ns, Total: 250644 ns
[2020-12-14T03:33:55.752+0000][6][safepoint    ] Safepoint "Cleanup", Time since last: 1000157614 ns, Reaching safepoint: 266833 ns, At safepoint: 19108 ns, Total: 285941 ns
[2020-12-14T03:33:56.752+0000][6][safepoint    ] Safepoint "Cleanup", Time since last: 1000199578 ns, Reaching safepoint: 249439 ns, At safepoint: 17653 ns, Total: 267092 ns
[2020-12-14T03:33:57.752+0000][6][safepoint    ] Safepoint "Cleanup", Time since last: 1000196250 ns, Reaching safepoint: 216024 ns, At safepoint: 18538 ns, Total: 234562 ns
[2020-12-14T03:33:58.753+0000][6][safepoint    ] Safepoint "Cleanup", Time since last: 1000184779 ns, Reaching safepoint: 216478 ns, At safepoint: 18337 ns, Total: 234815 ns
[2020-12-14T03:33:59.753+0000][6][safepoint    ] Safepoint "Cleanup", Time since last: 1000186530 ns, Reaching safepoint: 252946 ns, At safepoint: 18667 ns, Total: 271613 ns
[2020-12-14T03:34:00.754+0000][6][safepoint    ] Safepoint "Cleanup", Time since last: 1000189059 ns, Reaching safepoint: 228735 ns, At safepoint: 19301 ns, Total: 248036 ns
[2020-12-14T03:34:01.754+0000][6][safepoint    ] Safepoint "Cleanup", Time since last: 1000171057 ns, Reaching safepoint: 319350 ns, At safepoint: 20352 ns, Total: 339702 ns
[2020-12-14T03:34:02.755+0000][6][safepoint    ] Safepoint "Cleanup", Time since last: 1000178363 ns, Reaching safepoint: 222847 ns, At safepoint: 17795 ns, Total: 240642 ns
[2020-12-14T03:34:03.755+0000][6][safepoint    ] Safepoint "Cleanup", Time since last: 1000185898 ns, Reaching safepoint: 358406 ns, At safepoint: 19151 ns, Total: 377557 ns
[2020-12-14T03:34:04.756+0000][6][safepoint    ] Safepoint "Cleanup", Time since last: 1000189386 ns, Reaching safepoint: 211695 ns, At safepoint: 20928 ns, Total: 232623 ns
[2020-12-14T03:34:05.756+0000][6][safepoint    ] Safepoint "Cleanup", Time since last: 1000186308 ns, Reaching safepoint: 230219 ns, At safepoint: 18854 ns, Total: 249073 ns
[2020-12-14T03:34:06.757+0000][6][safepoint    ] Safepoint "Cleanup", Time since last: 1000193779 ns, Reaching safepoint: 245844 ns, At safepoint: 20859 ns, Total: 266703 ns
[2020-12-14T03:34:07.757+0000][6][safepoint    ] Safepoint "Cleanup", Time since last: 1000206642 ns, Reaching safepoint: 238860 ns, At safepoint: 16923 ns, Total: 255783 ns
[2020-12-14T03:34:08.758+0000][6][safepoint    ] Safepoint "Cleanup", Time since last: 1000253829 ns, Reaching safepoint: 227524 ns, At safepoint: 17430 ns, Total: 244954 ns
[2020-12-14T03:34:09.758+0000][6][safepoint    ] Safepoint "Cleanup", Time since last: 1000208634 ns, Reaching safepoint: 226447 ns, At safepoint: 19834 ns, Total: 246281 ns
[2020-12-14T03:34:10.758+0000][6][safepoint    ] Safepoint "Cleanup", Time since last: 1000190189 ns, Reaching safepoint: 221877 ns, At safepoint: 31581 ns, Total: 253458 ns
[2020-12-14T03:34:11.916+0000][6][safepoint    ] Safepoint "Cleanup", Time since last: 1157238975 ns, Reaching safepoint: 235686 ns, At safepoint: 19468 ns, Total: 255154 ns
[2020-12-14T03:34:12.916+0000][6][safepoint    ] Safepoint "Cleanup", Time since last: 1000189195 ns, Reaching safepoint: 238206 ns, At safepoint: 16524 ns, Total: 254730 ns
[2020-12-14T03:34:13.917+0000][6][safepoint    ] Safepoint "Cleanup", Time since last: 1000204917 ns, Reaching safepoint: 247052 ns, At safepoint: 20442 ns, Total: 267494 ns
[2020-12-14T03:34:14.917+0000][6][safepoint    ] Safepoint "Cleanup", Time since last: 1000172309 ns, Reaching safepoint: 223795 ns, At safepoint: 18838 ns, Total: 242633 ns
[2020-12-14T03:34:15.918+0000][6][safepoint    ] Safepoint "Cleanup", Time since last: 1000185903 ns, Reaching safepoint: 229142 ns, At safepoint: 18230 ns, Total: 247372 ns
[2020-12-14T03:34:16.918+0000][6][safepoint    ] Safepoint "Cleanup", Time since last: 1000200916 ns, Reaching safepoint: 302000 ns, At safepoint: 20145 ns, Total: 322145 ns
[2020-12-14T03:34:17.919+0000][6][safepoint    ] Safepoint "Cleanup", Time since last: 1000191986 ns, Reaching safepoint: 216555 ns, At safepoint: 21616 ns, Total: 238171 ns
[2020-12-14T03:34:18.919+0000][6][safepoint    ] Safepoint "Cleanup", Time since last: 1000187136 ns, Reaching safepoint: 223378 ns, At safepoint: 35934 ns, Total: 259312 ns
[2020-12-14T03:34:19.920+0000][6][safepoint    ] Safepoint "Cleanup", Time since last: 1000187346 ns, Reaching safepoint: 226720 ns, At safepoint: 18854 ns, Total: 245574 ns
[2020-12-14T03:34:20.920+0000][6][safepoint    ] Safepoint "Cleanup", Time since last: 1000189486 ns, Reaching safepoint: 244333 ns, At safepoint: 19015 ns, Total: 263348 ns
[2020-12-14T03:34:21.920+0000][6][safepoint    ] Safepoint "Cleanup", Time since last: 1000199487 ns, Reaching safepoint: 229562 ns, At safepoint: 20515 ns, Total: 250077 ns
[2020-12-14T03:34:22.921+0000][6][safepoint    ] Safepoint "Cleanup", Time since last: 1000180554 ns, Reaching safepoint: 229742 ns, At safepoint: 19124 ns, Total: 248866 ns
[2020-12-14T03:34:23.921+0000][6][safepoint    ] Safepoint "Cleanup", Time since last: 1000188171 ns, Reaching safepoint: 260936 ns, At safepoint: 19105 ns, Total: 280041 ns
[2020-12-14T03:34:24.922+0000][6][safepoint    ] Safepoint "Cleanup", Time since last: 1000189368 ns, Reaching safepoint: 213266 ns, At safepoint: 18928 ns, Total: 232194 ns
[2020-12-14T03:34:25.922+0000][6][safepoint    ] Safepoint "Cleanup", Time since last: 1000189015 ns, Reaching safepoint: 250684 ns, At safepoint: 18891 ns, Total: 269575 ns
[2020-12-14T03:34:26.923+0000][6][safepoint    ] Safepoint "Cleanup", Time since last: 1000191054 ns, Reaching safepoint: 255397 ns, At safepoint: 19071 ns, Total: 274468 ns
[2020-12-14T03:34:27.923+0000][6][safepoint    ] Safepoint "Cleanup", Time since last: 1000181360 ns, Reaching safepoint: 258732 ns, At safepoint: 18957 ns, Total: 277689 ns
[2020-12-14T03:34:28.924+0000][6][safepoint    ] Safepoint "Cleanup", Time since last: 1000189146 ns, Reaching safepoint: 241372 ns, At safepoint: 22910 ns, Total: 264282 ns
[2020-12-14T03:34:30.120+0000][6][safepoint    ] Safepoint "Cleanup", Time since last: 1196363117 ns, Reaching safepoint: 215297 ns, At safepoint: 19221 ns, Total: 234518 ns
[2020-12-14T03:34:30.124+0000][6][safepoint    ] Safepoint "BulkRevokeBias", Time since last: 2735672 ns, Reaching safepoint: 207526 ns, At safepoint: 976038 ns, Total: 1183564 ns
[2020-12-14T03:34:30.138+0000][6][safepoint    ] Safepoint "BulkRevokeBias", Time since last: 12408526 ns, Reaching safepoint: 178259 ns, At safepoint: 878388 ns, Total: 1056647 ns
[2020-12-14T03:34:31.138+0000][6][safepoint    ] Safepoint "Cleanup", Time since last: 1000178852 ns, Reaching safepoint: 243630 ns, At safepoint: 18677 ns, Total: 262307 ns
[2020-12-14T03:34:32.138+0000][6][safepoint    ] Safepoint "Cleanup", Time since last: 1000214461 ns, Reaching safepoint: 219349 ns, At safepoint: 18864 ns, Total: 238213 ns
[2020-12-14T03:34:33.139+0000][6][safepoint    ] Safepoint "Cleanup", Time since last: 1000185259 ns, Reaching safepoint: 229546 ns, At safepoint: 19337 ns, Total: 248883 ns
[2020-12-14T03:34:34.139+0000][6][safepoint    ] Safepoint "Cleanup", Time since last: 1000202421 ns, Reaching safepoint: 228975 ns, At safepoint: 19094 ns, Total: 248069 ns
[2020-12-14T03:34:35.140+0000][6][safepoint    ] Safepoint "Cleanup", Time since last: 1000186284 ns, Reaching safepoint: 226180 ns, At safepoint: 19044 ns, Total: 245224 ns
[2020-12-14T03:34:36.140+0000][6][safepoint    ] Safepoint "Cleanup", Time since last: 1000186237 ns, Reaching safepoint: 282252 ns, At safepoint: 20348 ns, Total: 302600 ns
[2020-12-14T03:34:37.141+0000][6][safepoint    ] Safepoint "Cleanup", Time since last: 1000187470 ns, Reaching safepoint: 228014 ns, At safepoint: 18798 ns, Total: 246812 ns
[2020-12-14T03:34:38.141+0000][6][safepoint    ] Safepoint "Cleanup", Time since last: 1000184456 ns, Reaching safepoint: 238207 ns, At safepoint: 18717 ns, Total: 256924 ns
[2020-12-14T03:34:39.142+0000][6][safepoint    ] Safepoint "Cleanup", Time since last: 1000192878 ns, Reaching safepoint: 243060 ns, At safepoint: 20235 ns, Total: 263295 ns
[2020-12-14T03:34:40.142+0000][6][safepoint    ] Safepoint "Cleanup", Time since last: 1000202065 ns, Reaching safepoint: 236619 ns, At safepoint: 23634 ns, Total: 260253 ns
[2020-12-14T03:34:41.143+0000][6][safepoint    ] Safepoint "Cleanup", Time since last: 1000216792 ns, Reaching safepoint: 237504 ns, At safepoint: 17481 ns, Total: 254985 ns
[2020-12-14T03:34:42.143+0000][6][safepoint    ] Safepoint "Cleanup", Time since last: 1000167217 ns, Reaching safepoint: 232097 ns, At safepoint: 18571 ns, Total: 250668 ns
[2020-12-14T03:34:43.143+0000][6][safepoint    ] Safepoint "Cleanup", Time since last: 1000185277 ns, Reaching safepoint: 222823 ns, At safepoint: 17678 ns, Total: 240501 ns
[2020-12-14T03:34:44.144+0000][6][safepoint    ] Safepoint "Cleanup", Time since last: 1000187031 ns, Reaching safepoint: 248341 ns, At safepoint: 17890 ns, Total: 266231 ns
[2020-12-14T03:34:45.144+0000][6][safepoint    ] Safepoint "Cleanup", Time since last: 1000186572 ns, Reaching safepoint: 242616 ns, At safepoint: 18624 ns, Total: 261240 ns
[2020-12-14T03:34:46.145+0000][6][safepoint    ] Safepoint "Cleanup", Time since last: 1000188068 ns, Reaching safepoint: 228778 ns, At safepoint: 18854 ns, Total: 247632 ns
[2020-12-14T03:34:47.145+0000][6][safepoint    ] Safepoint "Cleanup", Time since last: 1000183512 ns, Reaching safepoint: 254513 ns, At safepoint: 19464 ns, Total: 273977 ns
[2020-12-14T03:34:48.146+0000][6][safepoint    ] Safepoint "Cleanup", Time since last: 1000181205 ns, Reaching safepoint: 231466 ns, At safepoint: 18924 ns, Total: 250390 ns
[2020-12-14T03:34:49.146+0000][6][safepoint    ] Safepoint "Cleanup", Time since last: 1000185734 ns, Reaching safepoint: 229205 ns, At safepoint: 17320 ns, Total: 246525 ns
[2020-12-14T03:34:50.146+0000][6][safepoint    ] Safepoint "Cleanup", Time since last: 1000210437 ns, Reaching safepoint: 226464 ns, At safepoint: 18250 ns, Total: 244714 ns
[2020-12-14T03:34:51.748+0000][6][safepoint    ] Safepoint "Cleanup", Time since last: 1601247585 ns, Reaching safepoint: 245651 ns, At safepoint: 18818 ns, Total: 264469 ns
[2020-12-14T03:34:52.748+0000][6][safepoint    ] Safepoint "Cleanup", Time since last: 1000185546 ns, Reaching safepoint: 227651 ns, At safepoint: 18327 ns, Total: 245978 ns
[2020-12-14T03:34:53.749+0000][6][safepoint    ] Safepoint "Cleanup", Time since last: 1000190937 ns, Reaching safepoint: 240408 ns, At safepoint: 18754 ns, Total: 259162 ns
[2020-12-14T03:34:54.749+0000][6][safepoint    ] Safepoint "Cleanup", Time since last: 1000188563 ns, Reaching safepoint: 281596 ns, At safepoint: 17807 ns, Total: 299403 ns
[2020-12-14T03:34:55.750+0000][6][safepoint    ] Safepoint "Cleanup", Time since last: 1000179154 ns, Reaching safepoint: 259879 ns, At safepoint: 18431 ns, Total: 278310 ns
[2020-12-14T03:34:56.750+0000][6][safepoint    ] Safepoint "Cleanup", Time since last: 1000183422 ns, Reaching safepoint: 263387 ns, At safepoint: 17281 ns, Total: 280668 ns
[2020-12-14T03:34:57.751+0000][6][safepoint    ] Safepoint "Cleanup", Time since last: 1000184972 ns, Reaching safepoint: 254833 ns, At safepoint: 19575 ns, Total: 274408 ns
[2020-12-14T03:34:58.751+0000][6][safepoint    ] Safepoint "Cleanup", Time since last: 1000176997 ns, Reaching safepoint: 268581 ns, At safepoint: 20105 ns, Total: 288686 ns
[2020-12-14T03:34:59.752+0000][6][safepoint    ] Safepoint "Cleanup", Time since last: 1000186605 ns, Reaching safepoint: 218646 ns, At safepoint: 18094 ns, Total: 236740 ns
[2020-12-14T03:35:00.752+0000][6][safepoint    ] Safepoint "Cleanup", Time since last: 1000184442 ns, Reaching safepoint: 223605 ns, At safepoint: 16747 ns, Total: 240352 ns
[2020-12-14T03:35:01.752+0000][6][safepoint    ] Safepoint "Cleanup", Time since last: 1000197570 ns, Reaching safepoint: 224579 ns, At safepoint: 18751 ns, Total: 243330 ns
[2020-12-14T03:35:02.753+0000][6][safepoint    ] Safepoint "Cleanup", Time since last: 1000186879 ns, Reaching safepoint: 228105 ns, At safepoint: 18460 ns, Total: 246565 ns
[2020-12-14T03:35:03.753+0000][6][safepoint    ] Safepoint "Cleanup", Time since last: 1000204021 ns, Reaching safepoint: 235489 ns, At safepoint: 18608 ns, Total: 254097 ns
[2020-12-14T03:35:04.754+0000][6][safepoint    ] Safepoint "Cleanup", Time since last: 1000187564 ns, Reaching safepoint: 217648 ns, At safepoint: 18934 ns, Total: 236582 ns
[2020-12-14T03:35:05.754+0000][6][safepoint    ] Safepoint "Cleanup", Time since last: 1000185463 ns, Reaching safepoint: 252152 ns, At safepoint: 20462 ns, Total: 272614 ns
[2020-12-14T03:35:06.755+0000][6][safepoint    ] Safepoint "Cleanup", Time since last: 1000190545 ns, Reaching safepoint: 225657 ns, At safepoint: 18620 ns, Total: 244277 ns
[2020-12-14T03:35:07.755+0000][6][safepoint    ] Safepoint "Cleanup", Time since last: 1000196140 ns, Reaching safepoint: 260353 ns, At safepoint: 20185 ns, Total: 280538 ns
[2020-12-14T03:35:09.413+0000][6][safepoint    ] Safepoint "Cleanup", Time since last: 1657468289 ns, Reaching safepoint: 224742 ns, At safepoint: 18421 ns, Total: 243163 ns
[2020-12-14T03:35:10.413+0000][6][safepoint    ] Safepoint "Cleanup", Time since last: 1000207116 ns, Reaching safepoint: 242279 ns, At safepoint: 18907 ns, Total: 261186 ns
[2020-12-14T03:35:11.414+0000][6][safepoint    ] Safepoint "Cleanup", Time since last: 1000186483 ns, Reaching safepoint: 230459 ns, At safepoint: 18608 ns, Total: 249067 ns
[2020-12-14T03:35:12.414+0000][6][safepoint    ] Safepoint "Cleanup", Time since last: 1000175778 ns, Reaching safepoint: 242923 ns, At safepoint: 20218 ns, Total: 263141 ns
[2020-12-14T03:35:13.415+0000][6][safepoint    ] Safepoint "Cleanup", Time since last: 1000185476 ns, Reaching safepoint: 223528 ns, At safepoint: 19221 ns, Total: 242749 ns
[2020-12-14T03:35:14.415+0000][6][safepoint    ] Safepoint "Cleanup", Time since last: 1000186335 ns, Reaching safepoint: 229245 ns, At safepoint: 17000 ns, Total: 246245 ns
[2020-12-14T03:35:15.416+0000][6][safepoint    ] Safepoint "Cleanup", Time since last: 1000182073 ns, Reaching safepoint: 231193 ns, At safepoint: 18875 ns, Total: 250068 ns
[2020-12-14T03:35:16.416+0000][6][safepoint    ] Safepoint "Cleanup", Time since last: 1000187284 ns, Reaching safepoint: 241959 ns, At safepoint: 17466 ns, Total: 259425 ns
[2020-12-14T03:35:17.416+0000][6][safepoint    ] Safepoint "Cleanup", Time since last: 1000188263 ns, Reaching safepoint: 231334 ns, At safepoint: 17477 ns, Total: 248811 ns
[2020-12-14T03:35:18.417+0000][6][safepoint    ] Safepoint "Cleanup", Time since last: 1000177818 ns, Reaching safepoint: 231236 ns, At safepoint: 18774 ns, Total: 250010 ns
[2020-12-14T03:35:19.417+0000][6][safepoint    ] Safepoint "Cleanup", Time since last: 1000189900 ns, Reaching safepoint: 269928 ns, At safepoint: 19131 ns, Total: 289059 ns
[2020-12-14T03:35:20.418+0000][6][safepoint    ] Safepoint "Cleanup", Time since last: 1000190147 ns, Reaching safepoint: 230309 ns, At safepoint: 18694 ns, Total: 249003 ns
[2020-12-14T03:35:21.418+0000][6][safepoint    ] Safepoint "Cleanup", Time since last: 1000170265 ns, Reaching safepoint: 245843 ns, At safepoint: 18484 ns, Total: 264327 ns
[2020-12-14T03:35:22.419+0000][6][safepoint    ] Safepoint "Cleanup", Time since last: 1000185942 ns, Reaching safepoint: 207416 ns, At safepoint: 21556 ns, Total: 228972 ns
[2020-12-14T03:35:23.419+0000][6][safepoint    ] Safepoint "Cleanup", Time since last: 1000183672 ns, Reaching safepoint: 243877 ns, At safepoint: 20225 ns, Total: 264102 ns
[2020-12-14T03:35:24.419+0000][6][safepoint    ] Safepoint "Cleanup", Time since last: 1000206224 ns, Reaching safepoint: 218252 ns, At safepoint: 17657 ns, Total: 235909 ns
[2020-12-14T03:35:25.420+0000][6][safepoint    ] Safepoint "Cleanup", Time since last: 1000184662 ns, Reaching safepoint: 205989 ns, At safepoint: 18464 ns, Total: 224453 ns
[2020-12-14T03:35:26.420+0000][6][safepoint    ] Safepoint "Cleanup", Time since last: 1000190046 ns, Reaching safepoint: 219171 ns, At safepoint: 18574 ns, Total: 237745 ns
[2020-12-14T03:35:27.421+0000][6][safepoint    ] Safepoint "Cleanup", Time since last: 1000166274 ns, Reaching safepoint: 245848 ns, At safepoint: 20101 ns, Total: 265949 ns
[2020-12-14T03:35:28.421+0000][6][safepoint    ] Safepoint "Cleanup", Time since last: 1000220687 ns, Reaching safepoint: 242176 ns, At safepoint: 16729 ns, Total: 258905 ns
[2020-12-14T03:35:29.175+0000][6][safepoint    ] Safepoint "BulkRevokeBias", Time since last: 752399599 ns, Reaching safepoint: 180239 ns, At safepoint: 920617 ns, Total: 1100856 ns
[2020-12-14T03:35:31.161+0000][6][safepoint    ] Safepoint "Cleanup", Time since last: 1986247727 ns, Reaching safepoint: 240061 ns, At safepoint: 18998 ns, Total: 259059 ns
[2020-12-14T03:35:32.162+0000][6][safepoint    ] Safepoint "Cleanup", Time since last: 1000188341 ns, Reaching safepoint: 221050 ns, At safepoint: 18077 ns, Total: 239127 ns
[2020-12-14T03:35:33.162+0000][6][safepoint    ] Safepoint "Cleanup", Time since last: 1000184697 ns, Reaching safepoint: 286164 ns, At safepoint: 18020 ns, Total: 304184 ns
[2020-12-14T03:35:34.163+0000][6][safepoint    ] Safepoint "Cleanup", Time since last: 1000185347 ns, Reaching safepoint: 236572 ns, At safepoint: 17324 ns, Total: 253896 ns
[2020-12-14T03:35:35.163+0000][6][safepoint    ] Safepoint "Cleanup", Time since last: 1000188985 ns, Reaching safepoint: 233606 ns, At safepoint: 16344 ns, Total: 249950 ns
[2020-12-14T03:35:36.164+0000][6][safepoint    ] Safepoint "Cleanup", Time since last: 1000199300 ns, Reaching safepoint: 232040 ns, At safepoint: 31044 ns, Total: 263084 ns
[2020-12-14T03:35:37.164+0000][6][safepoint    ] Safepoint "Cleanup", Time since last: 1000182040 ns, Reaching safepoint: 227577 ns, At safepoint: 19028 ns, Total: 246605 ns
[2020-12-14T03:35:38.164+0000][6][safepoint    ] Safepoint "Cleanup", Time since last: 1000170577 ns, Reaching safepoint: 240412 ns, At safepoint: 18837 ns, Total: 259249 ns
[2020-12-14T03:35:39.165+0000][6][safepoint    ] Safepoint "Cleanup", Time since last: 1000187633 ns, Reaching safepoint: 234465 ns, At safepoint: 18774 ns, Total: 253239 ns
[2020-12-14T03:35:40.165+0000][6][safepoint    ] Safepoint "Cleanup", Time since last: 1000188083 ns, Reaching safepoint: 261584 ns, At safepoint: 19144 ns, Total: 280728 ns
[2020-12-14T03:35:41.166+0000][6][safepoint    ] Safepoint "Cleanup", Time since last: 1000188391 ns, Reaching safepoint: 230256 ns, At safepoint: 18484 ns, Total: 248740 ns
[2020-12-14T03:35:42.166+0000][6][safepoint    ] Safepoint "Cleanup", Time since last: 1000175534 ns, Reaching safepoint: 396431 ns, At safepoint: 25671 ns, Total: 422102 ns
[2020-12-14T03:35:43.167+0000][6][safepoint    ] Safepoint "Cleanup", Time since last: 1000183442 ns, Reaching safepoint: 231877 ns, At safepoint: 18904 ns, Total: 250781 ns
[2020-12-14T03:35:44.167+0000][6][safepoint    ] Safepoint "Cleanup", Time since last: 1000200015 ns, Reaching safepoint: 252669 ns, At safepoint: 20605 ns, Total: 273274 ns
[2020-12-14T03:35:45.168+0000][6][safepoint    ] Safepoint "Cleanup", Time since last: 1000199781 ns, Reaching safepoint: 228488 ns, At safepoint: 18728 ns, Total: 247216 ns
[2020-12-14T03:35:46.168+0000][6][safepoint    ] Safepoint "Cleanup", Time since last: 1000187154 ns, Reaching safepoint: 268604 ns, At safepoint: 31132 ns, Total: 299736 ns
[2020-12-14T03:35:47.169+0000][6][safepoint    ] Safepoint "Cleanup", Time since last: 1000184478 ns, Reaching safepoint: 216161 ns, At safepoint: 18204 ns, Total: 234365 ns
[2020-12-14T03:35:48.169+0000][6][safepoint    ] Safepoint "Cleanup", Time since last: 1000178249 ns, Reaching safepoint: 239978 ns, At safepoint: 17327 ns, Total: 257305 ns
[2020-12-14T03:35:49.170+0000][6][safepoint    ] Safepoint "Cleanup", Time since last: 1000216810 ns, Reaching safepoint: 265359 ns, At safepoint: 18901 ns, Total: 284260 ns
[2020-12-14T03:35:50.170+0000][6][safepoint    ] Safepoint "Cleanup", Time since last: 1000191491 ns, Reaching safepoint: 231273 ns, At safepoint: 18874 ns, Total: 250147 ns
[2020-12-14T03:35:51.170+0000][6][safepoint    ] Safepoint "Cleanup", Time since last: 1000195771 ns, Reaching safepoint: 228061 ns, At safepoint: 18581 ns, Total: 246642 ns
[2020-12-14T03:35:52.755+0000][6][safepoint    ] Safepoint "Cleanup", Time since last: 1583889839 ns, Reaching safepoint: 219843 ns, At safepoint: 18917 ns, Total: 238760 ns
[2020-12-14T03:35:53.755+0000][6][safepoint    ] Safepoint "Cleanup", Time since last: 1000189232 ns, Reaching safepoint: 231857 ns, At safepoint: 18647 ns, Total: 250504 ns
[2020-12-14T03:35:54.755+0000][6][safepoint    ] Safepoint "Cleanup", Time since last: 1000168113 ns, Reaching safepoint: 214858 ns, At safepoint: 17106 ns, Total: 231964 ns
[2020-12-14T03:35:55.756+0000][6][safepoint    ] Safepoint "Cleanup", Time since last: 1000184305 ns, Reaching safepoint: 227564 ns, At safepoint: 18581 ns, Total: 246145 ns
[2020-12-14T03:35:56.756+0000][6][safepoint    ] Safepoint "Cleanup", Time since last: 1000185183 ns, Reaching safepoint: 242169 ns, At safepoint: 19878 ns, Total: 262047 ns
[2020-12-14T03:35:57.757+0000][6][safepoint    ] Safepoint "Cleanup", Time since last: 1000183072 ns, Reaching safepoint: 251855 ns, At safepoint: 18411 ns, Total: 270266 ns
[2020-12-14T03:35:58.757+0000][6][safepoint    ] Safepoint "Cleanup", Time since last: 1000177114 ns, Reaching safepoint: 383935 ns, At safepoint: 19547 ns, Total: 403482 ns
[2020-12-14T03:35:59.758+0000][6][safepoint    ] Safepoint "Cleanup", Time since last: 1000188208 ns, Reaching safepoint: 212436 ns, At safepoint: 17983 ns, Total: 230419 ns
[2020-12-14T03:36:00.758+0000][6][safepoint    ] Safepoint "Cleanup", Time since last: 1000192835 ns, Reaching safepoint: 271519 ns, At safepoint: 18914 ns, Total: 290433 ns
[2020-12-14T03:36:01.759+0000][6][safepoint    ] Safepoint "Cleanup", Time since last: 1000184119 ns, Reaching safepoint: 217038 ns, At safepoint: 20595 ns, Total: 237633 ns
[2020-12-14T03:36:02.759+0000][6][safepoint    ] Safepoint "Cleanup", Time since last: 1000175870 ns, Reaching safepoint: 216925 ns, At safepoint: 19635 ns, Total: 236560 ns
[2020-12-14T03:36:03.759+0000][6][safepoint    ] Safepoint "Cleanup", Time since last: 1000206689 ns, Reaching safepoint: 221657 ns, At safepoint: 18114 ns, Total: 239771 ns
[2020-12-14T03:36:04.760+0000][6][safepoint    ] Safepoint "Cleanup", Time since last: 1000184321 ns, Reaching safepoint: 220340 ns, At safepoint: 18094 ns, Total: 238434 ns
[2020-12-14T03:36:05.760+0000][6][safepoint    ] Safepoint "Cleanup", Time since last: 1000206760 ns, Reaching safepoint: 232314 ns, At safepoint: 18594 ns, Total: 250908 ns
[2020-12-14T03:36:06.761+0000][6][safepoint    ] Safepoint "Cleanup", Time since last: 1000189051 ns, Reaching safepoint: 233848 ns, At safepoint: 18761 ns, Total: 252609 ns
[2020-12-14T03:36:07.761+0000][6][safepoint    ] Safepoint "Cleanup", Time since last: 1000185793 ns, Reaching safepoint: 289557 ns, At safepoint: 18189 ns, Total: 307746 ns
[2020-12-14T03:36:08.762+0000][6][safepoint    ] Safepoint "Cleanup", Time since last: 1000177268 ns, Reaching safepoint: 212285 ns, At safepoint: 17837 ns, Total: 230122 ns
[2020-12-14T03:36:09.762+0000][6][safepoint    ] Safepoint "Cleanup", Time since last: 1000184667 ns, Reaching safepoint: 279873 ns, At safepoint: 18102 ns, Total: 297975 ns
[2020-12-14T03:36:10.763+0000][6][safepoint    ] Safepoint "Cleanup", Time since last: 1000184759 ns, Reaching safepoint: 218118 ns, At safepoint: 17364 ns, Total: 235482 ns
[2020-12-14T03:36:11.763+0000][6][safepoint    ] Safepoint "Cleanup", Time since last: 1000179109 ns, Reaching safepoint: 232168 ns, At safepoint: 16523 ns, Total: 248691 ns
[2020-12-14T03:36:12.763+0000][6][safepoint    ] Safepoint "Cleanup", Time since last: 1000189722 ns, Reaching safepoint: 226396 ns, At safepoint: 18691 ns, Total: 245087 ns
[2020-12-14T03:36:13.764+0000][6][safepoint    ] Safepoint "Cleanup", Time since last: 1000185070 ns, Reaching safepoint: 232955 ns, At safepoint: 18078 ns, Total: 251033 ns
[2020-12-14T03:36:14.764+0000][6][safepoint    ] Safepoint "Cleanup", Time since last: 1000199732 ns, Reaching safepoint: 221187 ns, At safepoint: 18681 ns, Total: 239868 ns
[2020-12-14T03:36:15.765+0000][6][safepoint    ] Safepoint "Cleanup", Time since last: 1000186001 ns, Reaching safepoint: 233471 ns, At safepoint: 18997 ns, Total: 252468 ns
[2020-12-14T03:36:16.765+0000][6][safepoint    ] Safepoint "Cleanup", Time since last: 1000164234 ns, Reaching safepoint: 274351 ns, At safepoint: 18254 ns, Total: 292605 ns
[2020-12-14T03:36:17.766+0000][6][safepoint    ] Safepoint "Cleanup", Time since last: 1000181053 ns, Reaching safepoint: 234108 ns, At safepoint: 19429 ns, Total: 253537 ns
[2020-12-14T03:36:18.766+0000][6][safepoint    ] Safepoint "Cleanup", Time since last: 1000180786 ns, Reaching safepoint: 220701 ns, At safepoint: 32692 ns, Total: 253393 ns
[2020-12-14T03:36:19.767+0000][6][safepoint    ] Safepoint "Cleanup", Time since last: 1000181476 ns, Reaching safepoint: 222545 ns, At safepoint: 18531 ns, Total: 241076 ns
[2020-12-14T03:36:20.767+0000][6][safepoint    ] Safepoint "Cleanup", Time since last: 1000194129 ns, Reaching safepoint: 233290 ns, At safepoint: 18965 ns, Total: 252255 ns
[2020-12-14T03:36:21.767+0000][6][safepoint    ] Safepoint "Cleanup", Time since last: 1000171253 ns, Reaching safepoint: 178475 ns, At safepoint: 13932 ns, Total: 192407 ns
[2020-12-14T03:36:22.768+0000][6][safepoint    ] Safepoint "Cleanup", Time since last: 1000158076 ns, Reaching safepoint: 229091 ns, At safepoint: 18631 ns, Total: 247722 ns
[2020-12-14T03:36:23.768+0000][6][safepoint    ] Safepoint "Cleanup", Time since last: 1000180789 ns, Reaching safepoint: 280515 ns, At safepoint: 19895 ns, Total: 300410 ns
[2020-12-14T03:36:24.769+0000][6][safepoint    ] Safepoint "Cleanup", Time since last: 1000179203 ns, Reaching safepoint: 185064 ns, At safepoint: 19007 ns, Total: 204071 ns
[2020-12-14T03:36:25.769+0000][6][safepoint    ] Safepoint "Cleanup", Time since last: 1000192104 ns, Reaching safepoint: 217885 ns, At safepoint: 18164 ns, Total: 236049 ns
[2020-12-14T03:36:26.769+0000][6][safepoint    ] Safepoint "Cleanup", Time since last: 1000205858 ns, Reaching safepoint: 217768 ns, At safepoint: 18001 ns, Total: 235769 ns
[2020-12-14T03:36:27.770+0000][6][safepoint    ] Safepoint "Cleanup", Time since last: 1000189027 ns, Reaching safepoint: 288416 ns, At safepoint: 18397 ns, Total: 306813 ns
[2020-12-14T03:36:28.770+0000][6][safepoint    ] Safepoint "Cleanup", Time since last: 1000175188 ns, Reaching safepoint: 230029 ns, At safepoint: 17470 ns, Total: 247499 ns
[2020-12-14T03:36:29.249+0000][6][safepoint    ] Safepoint "BulkRevokeBias", Time since last: 477859590 ns, Reaching safepoint: 197513 ns, At safepoint: 927423 ns, Total: 1124936 ns
[2020-12-14T03:36:31.195+0000][6][safepoint    ] Safepoint "Cleanup", Time since last: 1945011599 ns, Reaching safepoint: 246253 ns, At safepoint: 16612 ns, Total: 262865 ns
[2020-12-14T03:36:32.195+0000][6][safepoint    ] Safepoint "Cleanup", Time since last: 1000185589 ns, Reaching safepoint: 216751 ns, At safepoint: 17560 ns, Total: 234311 ns
[2020-12-14T03:36:33.195+0000][6][safepoint    ] Safepoint "Cleanup", Time since last: 1000170788 ns, Reaching safepoint: 237657 ns, At safepoint: 19078 ns, Total: 256735 ns
[2020-12-14T03:36:34.196+0000][6][safepoint    ] Safepoint "Cleanup", Time since last: 1000184168 ns, Reaching safepoint: 235629 ns, At safepoint: 18918 ns, Total: 254547 ns
[2020-12-14T03:36:35.196+0000][6][safepoint    ] Safepoint "Cleanup", Time since last: 1000186133 ns, Reaching safepoint: 227628 ns, At safepoint: 19704 ns, Total: 247332 ns
[2020-12-14T03:36:36.197+0000][6][safepoint    ] Safepoint "Cleanup", Time since last: 1000186393 ns, Reaching safepoint: 235089 ns, At safepoint: 19551 ns, Total: 254640 ns
[2020-12-14T03:36:37.197+0000][6][safepoint    ] Safepoint "Cleanup", Time since last: 1000186251 ns, Reaching safepoint: 264465 ns, At safepoint: 24451 ns, Total: 288916 ns
[2020-12-14T03:36:38.198+0000][6][safepoint    ] Safepoint "Cleanup", Time since last: 1000152900 ns, Reaching safepoint: 202463 ns, At safepoint: 18641 ns, Total: 221104 ns
[2020-12-14T03:36:39.198+0000][6][safepoint    ] Safepoint "Cleanup", Time since last: 1000184413 ns, Reaching safepoint: 232020 ns, At safepoint: 33253 ns, Total: 265273 ns
[2020-12-14T03:36:40.199+0000][6][safepoint    ] Safepoint "Cleanup", Time since last: 1000194223 ns, Reaching safepoint: 230378 ns, At safepoint: 17678 ns, Total: 248056 ns
[2020-12-14T03:36:41.199+0000][6][safepoint    ] Safepoint "Cleanup", Time since last: 1000198032 ns, Reaching safepoint: 241365 ns, At safepoint: 17780 ns, Total: 259145 ns
[2020-12-14T03:36:42.199+0000][6][safepoint    ] Safepoint "Cleanup", Time since last: 1000143779 ns, Reaching safepoint: 228822 ns, At safepoint: 18737 ns, Total: 247559 ns
[2020-12-14T03:36:43.200+0000][6][safepoint    ] Safepoint "Cleanup", Time since last: 1000187281 ns, Reaching safepoint: 233731 ns, At safepoint: 18647 ns, Total: 252378 ns
[2020-12-14T03:36:44.200+0000][6][safepoint    ] Safepoint "Cleanup", Time since last: 1000203304 ns, Reaching safepoint: 240935 ns, At safepoint: 17912 ns, Total: 258847 ns
[2020-12-14T03:36:45.201+0000][6][safepoint    ] Safepoint "Cleanup", Time since last: 1000184837 ns, Reaching safepoint: 237910 ns, At safepoint: 18781 ns, Total: 256691 ns
[2020-12-14T03:36:46.201+0000][6][safepoint    ] Safepoint "Cleanup", Time since last: 1000188385 ns, Reaching safepoint: 336764 ns, At safepoint: 20225 ns, Total: 356989 ns
[2020-12-14T03:36:47.202+0000][6][safepoint    ] Safepoint "Cleanup", Time since last: 1000183291 ns, Reaching safepoint: 214386 ns, At safepoint: 17987 ns, Total: 232373 ns
[2020-12-14T03:36:48.202+0000][6][safepoint    ] Safepoint "Cleanup", Time since last: 1000175899 ns, Reaching safepoint: 393163 ns, At safepoint: 19237 ns, Total: 412400 ns
[2020-12-14T03:36:49.203+0000][6][safepoint    ] Safepoint "Cleanup", Time since last: 1000189936 ns, Reaching safepoint: 217318 ns, At safepoint: 18397 ns, Total: 235715 ns
[2020-12-14T03:36:50.203+0000][6][safepoint    ] Safepoint "Cleanup", Time since last: 1000184132 ns, Reaching safepoint: 273214 ns, At safepoint: 19391 ns, Total: 292605 ns
[2020-12-14T03:36:51.204+0000][6][safepoint    ] Safepoint "Cleanup", Time since last: 1000182425 ns, Reaching safepoint: 219793 ns, At safepoint: 18501 ns, Total: 238294 ns
[2020-12-14T03:36:52.204+0000][6][safepoint    ] Safepoint "Cleanup", Time since last: 1000185183 ns, Reaching safepoint: 219886 ns, At safepoint: 17300 ns, Total: 237186 ns
[2020-12-14T03:36:52.746+0000][6][safepoint    ] Safepoint "BulkRevokeBias", Time since last: 541090343 ns, Reaching safepoint: 275551 ns, At safepoint: 1070316 ns, Total: 1345867 ns
[2020-12-14T03:36:53.749+0000][6][safepoint    ] Safepoint "Cleanup", Time since last: 1001996677 ns, Reaching safepoint: 242970 ns, At safepoint: 20929 ns, Total: 263899 ns
[2020-12-14T03:36:54.749+0000][6][safepoint    ] Safepoint "Cleanup", Time since last: 1000191319 ns, Reaching safepoint: 261674 ns, At safepoint: 18964 ns, Total: 280638 ns
[2020-12-14T03:36:55.750+0000][6][safepoint    ] Safepoint "Cleanup", Time since last: 1000188533 ns, Reaching safepoint: 226994 ns, At safepoint: 18761 ns, Total: 245755 ns
[2020-12-14T03:36:56.750+0000][6][safepoint    ] Safepoint "Cleanup", Time since last: 1000184388 ns, Reaching safepoint: 295199 ns, At safepoint: 17704 ns, Total: 312903 ns
[2020-12-14T03:36:57.751+0000][6][safepoint    ] Safepoint "Cleanup", Time since last: 1000214943 ns, Reaching safepoint: 267287 ns, At safepoint: 18811 ns, Total: 286098 ns
[2020-12-14T03:36:58.751+0000][6][safepoint    ] Safepoint "Cleanup", Time since last: 1000194188 ns, Reaching safepoint: 228495 ns, At safepoint: 63670 ns, Total: 292165 ns
[2020-12-14T03:36:59.752+0000][6][safepoint    ] Safepoint "Cleanup", Time since last: 1000190721 ns, Reaching safepoint: 232597 ns, At safepoint: 18764 ns, Total: 251361 ns
[2020-12-14T03:37:00.752+0000][6][safepoint    ] Safepoint "Cleanup", Time since last: 1000184720 ns, Reaching safepoint: 234315 ns, At safepoint: 19064 ns, Total: 253379 ns
[2020-12-14T03:37:01.752+0000][6][safepoint    ] Safepoint "Cleanup", Time since last: 1000210481 ns, Reaching safepoint: 241573 ns, At safepoint: 17646 ns, Total: 259219 ns
[2020-12-14T03:37:02.753+0000][6][safepoint    ] Safepoint "Cleanup", Time since last: 1000196533 ns, Reaching safepoint: 238794 ns, At safepoint: 18791 ns, Total: 257585 ns
[2020-12-14T03:37:03.753+0000][6][safepoint    ] Safepoint "Cleanup", Time since last: 1000233139 ns, Reaching safepoint: 226087 ns, At safepoint: 19111 ns, Total: 245198 ns
[2020-12-14T03:37:04.754+0000][6][safepoint    ] Safepoint "Cleanup", Time since last: 1000190284 ns, Reaching safepoint: 228694 ns, At safepoint: 18601 ns, Total: 247295 ns
[2020-12-14T03:37:05.754+0000][6][safepoint    ] Safepoint "Cleanup", Time since last: 1000186317 ns, Reaching safepoint: 241305 ns, At safepoint: 18631 ns, Total: 259936 ns
[2020-12-14T03:37:06.755+0000][6][safepoint    ] Safepoint "Cleanup", Time since last: 1000204971 ns, Reaching safepoint: 229465 ns, At safepoint: 18768 ns, Total: 248233 ns
[2020-12-14T03:37:08.112+0000][6][safepoint    ] Safepoint "Cleanup", Time since last: 1356656703 ns, Reaching safepoint: 240942 ns, At safepoint: 24157 ns, Total: 265099 ns
[2020-12-14T03:37:09.112+0000][6][safepoint    ] Safepoint "Cleanup", Time since last: 1000168325 ns, Reaching safepoint: 223762 ns, At safepoint: 16693 ns, Total: 240455 ns
[2020-12-14T03:37:10.113+0000][6][safepoint    ] Safepoint "Cleanup", Time since last: 1000246710 ns, Reaching safepoint: 244100 ns, At safepoint: 17400 ns, Total: 261500 ns
[2020-12-14T03:37:11.113+0000][6][safepoint    ] Safepoint "Cleanup", Time since last: 1000194662 ns, Reaching safepoint: 224616 ns, At safepoint: 17126 ns, Total: 241742 ns
[2020-12-14T03:37:12.113+0000][6][safepoint    ] Safepoint "Cleanup", Time since last: 1000167339 ns, Reaching safepoint: 205928 ns, At safepoint: 23420 ns, Total: 229348 ns
[2020-12-14T03:37:13.114+0000][6][safepoint    ] Safepoint "Cleanup", Time since last: 1000195950 ns, Reaching safepoint: 227027 ns, At safepoint: 18948 ns, Total: 245975 ns
[2020-12-14T03:37:14.114+0000][6][safepoint    ] Safepoint "Cleanup", Time since last: 1000210327 ns, Reaching safepoint: 274117 ns, At safepoint: 18725 ns, Total: 292842 ns
[2020-12-14T03:37:15.115+0000][6][safepoint    ] Safepoint "Cleanup", Time since last: 1000193814 ns, Reaching safepoint: 239585 ns, At safepoint: 19067 ns, Total: 258652 ns
[2020-12-14T03:37:16.115+0000][6][safepoint    ] Safepoint "Cleanup", Time since last: 1000189416 ns, Reaching safepoint: 284717 ns, At safepoint: 17903 ns, Total: 302620 ns
[2020-12-14T03:37:17.116+0000][6][safepoint    ] Safepoint "Cleanup", Time since last: 1000190779 ns, Reaching safepoint: 225873 ns, At safepoint: 21296 ns, Total: 247169 ns
[2020-12-14T03:37:18.116+0000][6][safepoint    ] Safepoint "Cleanup", Time since last: 1000216631 ns, Reaching safepoint: 276296 ns, At safepoint: 19895 ns, Total: 296191 ns
[2020-12-14T03:37:19.117+0000][6][safepoint    ] Safepoint "Cleanup", Time since last: 1000196442 ns, Reaching safepoint: 228158 ns, At safepoint: 18791 ns, Total: 246949 ns
[2020-12-14T03:37:20.117+0000][6][safepoint    ] Safepoint "Cleanup", Time since last: 1000193788 ns, Reaching safepoint: 278876 ns, At safepoint: 20806 ns, Total: 299682 ns
[2020-12-14T03:37:21.118+0000][6][safepoint    ] Safepoint "Cleanup", Time since last: 1000198174 ns, Reaching safepoint: 237619 ns, At safepoint: 18678 ns, Total: 256297 ns
[2020-12-14T03:37:22.118+0000][6][safepoint    ] Safepoint "Cleanup", Time since last: 1000188115 ns, Reaching safepoint: 223948 ns, At safepoint: 49752 ns, Total: 273700 ns
[2020-12-14T03:37:23.119+0000][6][safepoint    ] Safepoint "Cleanup", Time since last: 1000190319 ns, Reaching safepoint: 233894 ns, At safepoint: 18564 ns, Total: 252458 ns
[2020-12-14T03:37:24.119+0000][6][safepoint    ] Safepoint "Cleanup", Time since last: 1000202326 ns, Reaching safepoint: 225907 ns, At safepoint: 18607 ns, Total: 244514 ns
[2020-12-14T03:37:25.119+0000][6][safepoint    ] Safepoint "Cleanup", Time since last: 1000199826 ns, Reaching safepoint: 233040 ns, At safepoint: 18507 ns, Total: 251547 ns
[2020-12-14T03:37:26.120+0000][6][safepoint    ] Safepoint "Cleanup", Time since last: 1000203669 ns, Reaching safepoint: 221774 ns, At safepoint: 20275 ns, Total: 242049 ns
[2020-12-14T03:37:27.120+0000][6][safepoint    ] Safepoint "Cleanup", Time since last: 1000224764 ns, Reaching safepoint: 239494 ns, At safepoint: 21203 ns, Total: 260697 ns
[2020-12-14T03:37:28.121+0000][6][safepoint    ] Safepoint "Cleanup", Time since last: 1000196822 ns, Reaching safepoint: 227178 ns, At safepoint: 20458 ns, Total: 247636 ns
[2020-12-14T03:37:29.121+0000][6][safepoint    ] Safepoint "Cleanup", Time since last: 1000201308 ns, Reaching safepoint: 284213 ns, At safepoint: 18551 ns, Total: 302764 ns
[2020-12-14T03:37:30.223+0000][6][safepoint    ] Safepoint "Cleanup", Time since last: 1101601700 ns, Reaching safepoint: 211191 ns, At safepoint: 18801 ns, Total: 229992 ns
[2020-12-14T03:37:31.228+0000][6][safepoint    ] Safepoint "Cleanup", Time since last: 1004476500 ns, Reaching safepoint: 234131 ns, At safepoint: 18985 ns, Total: 253116 ns
[2020-12-14T03:37:32.228+0000][6][safepoint    ] Safepoint "Cleanup", Time since last: 1000245814 ns, Reaching safepoint: 226693 ns, At safepoint: 18771 ns, Total: 245464 ns
[2020-12-14T03:37:33.229+0000][6][safepoint    ] Safepoint "Cleanup", Time since last: 1000183229 ns, Reaching safepoint: 215651 ns, At safepoint: 18547 ns, Total: 234198 ns
[2020-12-14T03:37:34.229+0000][6][safepoint    ] Safepoint "Cleanup", Time since last: 1000188154 ns, Reaching safepoint: 230323 ns, At safepoint: 19107 ns, Total: 249430 ns
[2020-12-14T03:37:35.230+0000][6][safepoint    ] Safepoint "Cleanup", Time since last: 1000188522 ns, Reaching safepoint: 233640 ns, At safepoint: 17244 ns, Total: 250884 ns
[2020-12-14T03:37:36.230+0000][6][safepoint    ] Safepoint "Cleanup", Time since last: 1000182805 ns, Reaching safepoint: 234111 ns, At safepoint: 19721 ns, Total: 253832 ns
[2020-12-14T03:37:37.231+0000][6][safepoint    ] Safepoint "Cleanup", Time since last: 1000192763 ns, Reaching safepoint: 225917 ns, At safepoint: 18437 ns, Total: 244354 ns
[2020-12-14T03:37:38.231+0000][6][safepoint    ] Safepoint "Cleanup", Time since last: 1000183048 ns, Reaching safepoint: 235969 ns, At safepoint: 18948 ns, Total: 254917 ns
[2020-12-14T03:37:39.231+0000][6][safepoint    ] Safepoint "Cleanup", Time since last: 1000185262 ns, Reaching safepoint: 237147 ns, At safepoint: 18604 ns, Total: 255751 ns
[2020-12-14T03:37:40.232+0000][6][safepoint    ] Safepoint "Cleanup", Time since last: 1000184906 ns, Reaching safepoint: 224122 ns, At safepoint: 21262 ns, Total: 245384 ns
[2020-12-14T03:37:41.232+0000][6][safepoint    ] Safepoint "Cleanup", Time since last: 1000188174 ns, Reaching safepoint: 368015 ns, At safepoint: 18697 ns, Total: 386712 ns
[2020-12-14T03:37:42.233+0000][6][safepoint    ] Safepoint "Cleanup", Time since last: 1000175330 ns, Reaching safepoint: 224092 ns, At safepoint: 18151 ns, Total: 242243 ns
[2020-12-14T03:37:43.233+0000][6][safepoint    ] Safepoint "Cleanup", Time since last: 1000185069 ns, Reaching safepoint: 285107 ns, At safepoint: 18664 ns, Total: 303771 ns
[2020-12-14T03:37:44.234+0000][6][safepoint    ] Safepoint "Cleanup", Time since last: 1000193137 ns, Reaching safepoint: 233845 ns, At safepoint: 18857 ns, Total: 252702 ns
[2020-12-14T03:37:45.234+0000][6][safepoint    ] Safepoint "Cleanup", Time since last: 1000188916 ns, Reaching safepoint: 236046 ns, At safepoint: 18971 ns, Total: 255017 ns
[2020-12-14T03:37:46.235+0000][6][safepoint    ] Safepoint "Cleanup", Time since last: 1000188656 ns, Reaching safepoint: 240155 ns, At safepoint: 18591 ns, Total: 258746 ns
[2020-12-14T03:37:47.235+0000][6][safepoint    ] Safepoint "Cleanup", Time since last: 1000188334 ns, Reaching safepoint: 227594 ns, At safepoint: 19432 ns, Total: 247026 ns
[2020-12-14T03:37:48.236+0000][6][safepoint    ] Safepoint "Cleanup", Time since last: 1000177401 ns, Reaching safepoint: 241505 ns, At safepoint: 17740 ns, Total: 259245 ns
[2020-12-14T03:37:49.236+0000][6][safepoint    ] Safepoint "Cleanup", Time since last: 1000186097 ns, Reaching safepoint: 233807 ns, At safepoint: 20789 ns, Total: 254596 ns
[2020-12-14T03:37:50.236+0000][6][safepoint    ] Safepoint "Cleanup", Time since last: 1000189138 ns, Reaching safepoint: 216361 ns, At safepoint: 18728 ns, Total: 235089 ns
[2020-12-14T03:37:51.237+0000][6][safepoint    ] Safepoint "Cleanup", Time since last: 1000199677 ns, Reaching safepoint: 240681 ns, At safepoint: 18691 ns, Total: 259372 ns
[2020-12-14T03:37:52.237+0000][6][safepoint    ] Safepoint "Cleanup", Time since last: 1000156190 ns, Reaching safepoint: 298338 ns, At safepoint: 18507 ns, Total: 316845 ns
[2020-12-14T03:37:53.238+0000][6][safepoint    ] Safepoint "Cleanup", Time since last: 1000180099 ns, Reaching safepoint: 221555 ns, At safepoint: 19547 ns, Total: 241102 ns
[2020-12-14T03:37:54.748+0000][6][safepoint    ] Safepoint "Cleanup", Time since last: 1510110641 ns, Reaching safepoint: 282352 ns, At safepoint: 19301 ns, Total: 301653 ns
[2020-12-14T03:37:55.749+0000][6][safepoint    ] Safepoint "Cleanup", Time since last: 1000189909 ns, Reaching safepoint: 219076 ns, At safepoint: 17931 ns, Total: 237007 ns
[2020-12-14T03:37:56.749+0000][6][safepoint    ] Safepoint "Cleanup", Time since last: 1000190213 ns, Reaching safepoint: 227978 ns, At safepoint: 17727 ns, Total: 245705 ns
[2020-12-14T03:37:57.750+0000][6][safepoint    ] Safepoint "Cleanup", Time since last: 1000211932 ns, Reaching safepoint: 261931 ns, At safepoint: 17580 ns, Total: 279511 ns
[2020-12-14T03:37:58.750+0000][6][safepoint    ] Safepoint "Cleanup", Time since last: 1000179262 ns, Reaching safepoint: 218809 ns, At safepoint: 18087 ns, Total: 236896 ns
[2020-12-14T03:37:59.750+0000][6][safepoint    ] Safepoint "Cleanup", Time since last: 1000200278 ns, Reaching safepoint: 241633 ns, At safepoint: 16652 ns, Total: 258285 ns
[2020-12-14T03:38:00.751+0000][6][safepoint    ] Safepoint "Cleanup", Time since last: 1000185973 ns, Reaching safepoint: 231110 ns, At safepoint: 17907 ns, Total: 249017 ns
[2020-12-14T03:38:01.751+0000][6][safepoint    ] Safepoint "Cleanup", Time since last: 1000187020 ns, Reaching safepoint: 239225 ns, At safepoint: 18687 ns, Total: 257912 ns
[2020-12-14T03:38:02.752+0000][6][safepoint    ] Safepoint "Cleanup", Time since last: 1000186463 ns, Reaching safepoint: 229201 ns, At safepoint: 17797 ns, Total: 246998 ns
[2020-12-14T03:38:03.752+0000][6][safepoint    ] Safepoint "Cleanup", Time since last: 1000180460 ns, Reaching safepoint: 300860 ns, At safepoint: 18133 ns, Total: 318993 ns
[2020-12-14T03:38:04.753+0000][6][safepoint    ] Safepoint "Cleanup", Time since last: 1000191773 ns, Reaching safepoint: 213136 ns, At safepoint: 18034 ns, Total: 231170 ns
[2020-12-14T03:38:05.753+0000][6][safepoint    ] Safepoint "Cleanup", Time since last: 1000184422 ns, Reaching safepoint: 220703 ns, At safepoint: 16740 ns, Total: 237443 ns
[2020-12-14T03:38:06.753+0000][6][safepoint    ] Safepoint "Cleanup", Time since last: 1000183188 ns, Reaching safepoint: 229875 ns, At safepoint: 16508 ns, Total: 246383 ns
[2020-12-14T03:38:07.754+0000][6][safepoint    ] Safepoint "Cleanup", Time since last: 1000184541 ns, Reaching safepoint: 220107 ns, At safepoint: 18030 ns, Total: 238137 ns
[2020-12-14T03:38:08.754+0000][6][safepoint    ] Safepoint "Cleanup", Time since last: 1000195241 ns, Reaching safepoint: 224519 ns, At safepoint: 17671 ns, Total: 242190 ns
[2020-12-14T03:38:09.755+0000][6][safepoint    ] Safepoint "Cleanup", Time since last: 1000183678 ns, Reaching safepoint: 221437 ns, At safepoint: 16169 ns, Total: 237606 ns
[2020-12-14T03:38:10.755+0000][6][safepoint    ] Safepoint "Cleanup", Time since last: 1000180513 ns, Reaching safepoint: 279197 ns, At safepoint: 17957 ns, Total: 297154 ns
[2020-12-14T03:38:11.756+0000][6][safepoint    ] Safepoint "Cleanup", Time since last: 1000189084 ns, Reaching safepoint: 227284 ns, At safepoint: 20988 ns, Total: 248272 ns
[2020-12-14T03:38:12.756+0000][6][safepoint    ] Safepoint "Cleanup", Time since last: 1000186049 ns, Reaching safepoint: 301607 ns, At safepoint: 19428 ns, Total: 321035 ns
[2020-12-14T03:38:13.757+0000][6][safepoint    ] Safepoint "Cleanup", Time since last: 1000164289 ns, Reaching safepoint: 226351 ns, At safepoint: 20081 ns, Total: 246432 ns
[2020-12-14T03:38:14.757+0000][6][safepoint    ] Safepoint "Cleanup", Time since last: 1000195608 ns, Reaching safepoint: 221401 ns, At safepoint: 17417 ns, Total: 238818 ns
[2020-12-14T03:38:15.758+0000][6][safepoint    ] Safepoint "Cleanup", Time since last: 1000237949 ns, Reaching safepoint: 224426 ns, At safepoint: 18124 ns, Total: 242550 ns
[2020-12-14T03:38:16.758+0000][6][safepoint    ] Safepoint "Cleanup", Time since last: 1000188304 ns, Reaching safepoint: 233654 ns, At safepoint: 18494 ns, Total: 252148 ns
[2020-12-14T03:38:17.758+0000][6][safepoint    ] Safepoint "Cleanup", Time since last: 1000189043 ns, Reaching safepoint: 225199 ns, At safepoint: 18064 ns, Total: 243263 ns
[2020-12-14T03:38:18.759+0000][6][safepoint    ] Safepoint "Cleanup", Time since last: 1000185692 ns, Reaching safepoint: 224359 ns, At safepoint: 17737 ns, Total: 242096 ns
[2020-12-14T03:38:19.759+0000][6][safepoint    ] Safepoint "Cleanup", Time since last: 1000199648 ns, Reaching safepoint: 297728 ns, At safepoint: 33783 ns, Total: 331511 ns
[2020-12-14T03:38:20.760+0000][6][safepoint    ] Safepoint "Cleanup", Time since last: 1000186035 ns, Reaching safepoint: 208120 ns, At safepoint: 19127 ns, Total: 227247 ns
[2020-12-14T03:38:21.760+0000][6][safepoint    ] Safepoint "Cleanup", Time since last: 1000189209 ns, Reaching safepoint: 250297 ns, At safepoint: 18888 ns, Total: 269185 ns
[2020-12-14T03:38:22.761+0000][6][safepoint    ] Safepoint "Cleanup", Time since last: 1000187807 ns, Reaching safepoint: 227601 ns, At safepoint: 18504 ns, Total: 246105 ns
[2020-12-14T03:38:23.761+0000][6][safepoint    ] Safepoint "Cleanup", Time since last: 1000179055 ns, Reaching safepoint: 218782 ns, At safepoint: 29860 ns, Total: 248642 ns
[2020-12-14T03:38:24.761+0000][6][safepoint    ] Safepoint "Cleanup", Time since last: 1000157928 ns, Reaching safepoint: 226559 ns, At safepoint: 17351 ns, Total: 243910 ns
[2020-12-14T03:38:25.762+0000][6][safepoint    ] Safepoint "Cleanup", Time since last: 1000183327 ns, Reaching safepoint: 230196 ns, At safepoint: 18531 ns, Total: 248727 ns
[2020-12-14T03:38:26.762+0000][6][safepoint    ] Safepoint "Cleanup", Time since last: 1000184929 ns, Reaching safepoint: 232777 ns, At safepoint: 19128 ns, Total: 251905 ns
[2020-12-14T03:38:27.763+0000][6][safepoint    ] Safepoint "Cleanup", Time since last: 1000186170 ns, Reaching safepoint: 257134 ns, At safepoint: 18831 ns, Total: 275965 ns
[2020-12-14T03:38:28.763+0000][6][safepoint    ] Safepoint "Cleanup", Time since last: 1000190709 ns, Reaching safepoint: 247636 ns, At safepoint: 19161 ns, Total: 266797 ns
[2020-12-14T03:38:29.360+0000][6][safepoint    ] Safepoint "BulkRevokeBias", Time since last: 595544007 ns, Reaching safepoint: 169445 ns, At safepoint: 867842 ns, Total: 1037287 ns
[2020-12-14T03:38:31.259+0000][6][safepoint    ] Safepoint "Cleanup", Time since last: 1898432451 ns, Reaching safepoint: 224840 ns, At safepoint: 17554 ns, Total: 242394 ns
[2020-12-14T03:38:32.259+0000][6][safepoint    ] Safepoint "Cleanup", Time since last: 1000173516 ns, Reaching safepoint: 231584 ns, At safepoint: 19144 ns, Total: 250728 ns
[2020-12-14T03:38:33.259+0000][6][safepoint    ] Safepoint "Cleanup", Time since last: 1000190803 ns, Reaching safepoint: 221173 ns, At safepoint: 17509 ns, Total: 238682 ns
[2020-12-14T03:38:34.260+0000][6][safepoint    ] Safepoint "Cleanup", Time since last: 1000183479 ns, Reaching safepoint: 247462 ns, At safepoint: 18844 ns, Total: 266306 ns
[2020-12-14T03:38:35.260+0000][6][safepoint    ] Safepoint "Cleanup", Time since last: 1000184262 ns, Reaching safepoint: 250878 ns, At safepoint: 17437 ns, Total: 268315 ns
[2020-12-14T03:38:36.261+0000][6][safepoint    ] Safepoint "Cleanup", Time since last: 1000184535 ns, Reaching safepoint: 232426 ns, At safepoint: 17786 ns, Total: 250212 ns
[2020-12-14T03:38:37.261+0000][6][safepoint    ] Safepoint "Cleanup", Time since last: 1000181785 ns, Reaching safepoint: 286822 ns, At safepoint: 19161 ns, Total: 305983 ns
[2020-12-14T03:38:38.262+0000][6][safepoint    ] Safepoint "Cleanup", Time since last: 1000188324 ns, Reaching safepoint: 216848 ns, At safepoint: 19585 ns, Total: 236433 ns
[2020-12-14T03:38:39.262+0000][6][safepoint    ] Safepoint "Cleanup", Time since last: 1000201322 ns, Reaching safepoint: 229648 ns, At safepoint: 43029 ns, Total: 272677 ns
[2020-12-14T03:38:40.262+0000][6][safepoint    ] Safepoint "Cleanup", Time since last: 1000132072 ns, Reaching safepoint: 191330 ns, At safepoint: 18380 ns, Total: 209710 ns
[2020-12-14T03:38:41.263+0000][6][safepoint    ] Safepoint "Cleanup", Time since last: 1000205105 ns, Reaching safepoint: 219853 ns, At safepoint: 18700 ns, Total: 238553 ns
[2020-12-14T03:38:42.263+0000][6][safepoint    ] Safepoint "Cleanup", Time since last: 1000173172 ns, Reaching safepoint: 229846 ns, At safepoint: 18694 ns, Total: 248540 ns
[2020-12-14T03:38:43.264+0000][6][safepoint    ] Safepoint "Cleanup", Time since last: 1000173049 ns, Reaching safepoint: 238450 ns, At safepoint: 25198 ns, Total: 263648 ns
[2020-12-14T03:38:44.264+0000][6][safepoint    ] Safepoint "Cleanup", Time since last: 1000185779 ns, Reaching safepoint: 285548 ns, At safepoint: 19261 ns, Total: 304809 ns
[2020-12-14T03:38:45.265+0000][6][safepoint    ] Safepoint "Cleanup", Time since last: 1000186356 ns, Reaching safepoint: 246956 ns, At safepoint: 16960 ns, Total: 263916 ns
[2020-12-14T03:38:46.265+0000][6][safepoint    ] Safepoint "Cleanup", Time since last: 1000185425 ns, Reaching safepoint: 332635 ns, At safepoint: 20235 ns, Total: 352870 ns
[2020-12-14T03:38:47.266+0000][6][safepoint    ] Safepoint "Cleanup", Time since last: 1000151610 ns, Reaching safepoint: 221820 ns, At safepoint: 19338 ns, Total: 241158 ns
[2020-12-14T03:38:48.266+0000][6][safepoint    ] Safepoint "Cleanup", Time since last: 1000172392 ns, Reaching safepoint: 216318 ns, At safepoint: 16829 ns, Total: 233147 ns
[2020-12-14T03:38:49.266+0000][6][safepoint    ] Safepoint "Cleanup", Time since last: 1000206395 ns, Reaching safepoint: 230430 ns, At safepoint: 19316 ns, Total: 249746 ns
[2020-12-14T03:38:50.267+0000][6][safepoint    ] Safepoint "Cleanup", Time since last: 1000184663 ns, Reaching safepoint: 265306 ns, At safepoint: 17819 ns, Total: 283125 ns
[2020-12-14T03:38:51.267+0000][6][safepoint    ] Safepoint "Cleanup", Time since last: 1000185327 ns, Reaching safepoint: 222255 ns, At safepoint: 18554 ns, Total: 240809 ns
[2020-12-14T03:38:52.268+0000][6][safepoint    ] Safepoint "Cleanup", Time since last: 1000184492 ns, Reaching safepoint: 218559 ns, At safepoint: 20575 ns, Total: 239134 ns
[2020-12-14T03:38:53.268+0000][6][safepoint    ] Safepoint "Cleanup", Time since last: 1000171208 ns, Reaching safepoint: 237450 ns, At safepoint: 18881 ns, Total: 256331 ns
[2020-12-14T03:38:54.269+0000][6][safepoint    ] Safepoint "Cleanup", Time since last: 1000181550 ns, Reaching safepoint: 226784 ns, At safepoint: 18277 ns, Total: 245061 ns
[2020-12-14T03:38:55.739+0000][6][safepoint    ] Safepoint "Cleanup", Time since last: 1469696469 ns, Reaching safepoint: 260823 ns, At safepoint: 18464 ns, Total: 279287 ns
[2020-12-14T03:38:56.739+0000][6][safepoint    ] Safepoint "Cleanup", Time since last: 1000189966 ns, Reaching safepoint: 231573 ns, At safepoint: 46163 ns, Total: 277736 ns
[2020-12-14T03:38:57.740+0000][6][safepoint    ] Safepoint "Cleanup", Time since last: 1000188490 ns, Reaching safepoint: 254807 ns, At safepoint: 19071 ns, Total: 273878 ns
[2020-12-14T03:38:58.740+0000][6][safepoint    ] Safepoint "Cleanup", Time since last: 1000181380 ns, Reaching safepoint: 231420 ns, At safepoint: 17697 ns, Total: 249117 ns
[2020-12-14T03:38:59.740+0000][6][safepoint    ] Safepoint "Cleanup", Time since last: 1000189738 ns, Reaching safepoint: 221144 ns, At safepoint: 19121 ns, Total: 240265 ns
[2020-12-14T03:39:00.741+0000][6][safepoint    ] Safepoint "Cleanup", Time since last: 1000186157 ns, Reaching safepoint: 240774 ns, At safepoint: 18001 ns, Total: 258775 ns
[2020-12-14T03:39:01.741+0000][6][safepoint    ] Safepoint "Cleanup", Time since last: 1000185671 ns, Reaching safepoint: 244824 ns, At safepoint: 19942 ns, Total: 264766 ns
[2020-12-14T03:39:02.742+0000][6][safepoint    ] Safepoint "Cleanup", Time since last: 1000201696 ns, Reaching safepoint: 234806 ns, At safepoint: 18817 ns, Total: 253623 ns
[2020-12-14T03:39:03.742+0000][6][safepoint    ] Safepoint "Cleanup", Time since last: 1000179376 ns, Reaching safepoint: 287275 ns, At safepoint: 24878 ns, Total: 312153 ns
[2020-12-14T03:39:04.743+0000][6][safepoint    ] Safepoint "Cleanup", Time since last: 1000187630 ns, Reaching safepoint: 212486 ns, At safepoint: 18020 ns, Total: 230506 ns
[2020-12-14T03:39:05.743+0000][6][safepoint    ] Safepoint "Cleanup", Time since last: 1000191096 ns, Reaching safepoint: 287939 ns, At safepoint: 19631 ns, Total: 307570 ns
[2020-12-14T03:39:06.744+0000][6][safepoint    ] Safepoint "Cleanup", Time since last: 1000190269 ns, Reaching safepoint: 218842 ns, At safepoint: 30781 ns, Total: 249623 ns
[2020-12-14T03:39:07.744+0000][6][safepoint    ] Safepoint "Cleanup", Time since last: 1000184182 ns, Reaching safepoint: 232023 ns, At safepoint: 19401 ns, Total: 251424 ns
[2020-12-14T03:39:08.745+0000][6][safepoint    ] Safepoint "Cleanup", Time since last: 1000201486 ns, Reaching safepoint: 231460 ns, At safepoint: 21316 ns, Total: 252776 ns
[2020-12-14T03:39:09.745+0000][6][safepoint    ] Safepoint "Cleanup", Time since last: 1000196745 ns, Reaching safepoint: 203163 ns, At safepoint: 19095 ns, Total: 222258 ns
[2020-12-14T03:39:10.745+0000][6][safepoint    ] Safepoint "Cleanup", Time since last: 1000186186 ns, Reaching safepoint: 233171 ns, At safepoint: 19404 ns, Total: 252575 ns
[2020-12-14T03:39:11.746+0000][6][safepoint    ] Safepoint "Cleanup", Time since last: 1000189835 ns, Reaching safepoint: 230850 ns, At safepoint: 18407 ns, Total: 249257 ns
[2020-12-14T03:39:12.746+0000][6][safepoint    ] Safepoint "Cleanup", Time since last: 1000188131 ns, Reaching safepoint: 254616 ns, At safepoint: 19098 ns, Total: 273714 ns
[2020-12-14T03:39:13.747+0000][6][safepoint    ] Safepoint "Cleanup", Time since last: 1000200519 ns, Reaching safepoint: 238641 ns, At safepoint: 18774 ns, Total: 257415 ns
[2020-12-14T03:39:14.747+0000][6][safepoint    ] Safepoint "Cleanup", Time since last: 1000187872 ns, Reaching safepoint: 247052 ns, At safepoint: 18261 ns, Total: 265313 ns
[2020-12-14T03:39:15.748+0000][6][safepoint    ] Safepoint "Cleanup", Time since last: 1000185249 ns, Reaching safepoint: 232544 ns, At safepoint: 18591 ns, Total: 251135 ns
[2020-12-14T03:39:16.748+0000][6][safepoint    ] Safepoint "Cleanup", Time since last: 1000189745 ns, Reaching safepoint: 335059 ns, At safepoint: 18911 ns, Total: 353970 ns
[2020-12-14T03:39:17.749+0000][6][safepoint    ] Safepoint "Cleanup", Time since last: 1000206965 ns, Reaching safepoint: 229909 ns, At safepoint: 17503 ns, Total: 247412 ns
[2020-12-14T03:39:18.749+0000][6][safepoint    ] Safepoint "Cleanup", Time since last: 1000188581 ns, Reaching safepoint: 233441 ns, At safepoint: 16576 ns, Total: 250017 ns
[2020-12-14T03:39:19.749+0000][6][safepoint    ] Safepoint "Cleanup", Time since last: 1000217108 ns, Reaching safepoint: 217795 ns, At safepoint: 18007 ns, Total: 235802 ns
[2020-12-14T03:39:20.750+0000][6][safepoint    ] Safepoint "Cleanup", Time since last: 1000189270 ns, Reaching safepoint: 221957 ns, At safepoint: 17837 ns, Total: 239794 ns
[2020-12-14T03:39:21.750+0000][6][safepoint    ] Safepoint "Cleanup", Time since last: 1000196095 ns, Reaching safepoint: 251721 ns, At safepoint: 19294 ns, Total: 271015 ns
[2020-12-14T03:39:22.751+0000][6][safepoint    ] Safepoint "Cleanup", Time since last: 1000171001 ns, Reaching safepoint: 171015 ns, At safepoint: 12385 ns, Total: 183400 ns
[2020-12-14T03:39:23.751+0000][6][safepoint    ] Safepoint "Cleanup", Time since last: 1000179646 ns, Reaching safepoint: 276479 ns, At safepoint: 24107 ns, Total: 300586 ns
[2020-12-14T03:39:24.752+0000][6][safepoint    ] Safepoint "Cleanup", Time since last: 1000193879 ns, Reaching safepoint: 226260 ns, At safepoint: 18671 ns, Total: 244931 ns
[2020-12-14T03:39:25.752+0000][6][safepoint    ] Safepoint "Cleanup", Time since last: 1000203598 ns, Reaching safepoint: 282963 ns, At safepoint: 21149 ns, Total: 304112 ns
[2020-12-14T03:39:26.753+0000][6][safepoint    ] Safepoint "Cleanup", Time since last: 1000202454 ns, Reaching safepoint: 247539 ns, At safepoint: 18677 ns, Total: 266216 ns
[2020-12-14T03:39:27.753+0000][6][safepoint    ] Safepoint "Cleanup", Time since last: 1000190499 ns, Reaching safepoint: 317102 ns, At safepoint: 20989 ns, Total: 338091 ns
[2020-12-14T03:39:28.754+0000][6][safepoint    ] Safepoint "Cleanup", Time since last: 1000176691 ns, Reaching safepoint: 224146 ns, At safepoint: 19091 ns, Total: 243237 ns
[2020-12-14T03:39:30.283+0000][6][safepoint    ] Safepoint "Cleanup", Time since last: 1529616771 ns, Reaching safepoint: 209601 ns, At safepoint: 18074 ns, Total: 227675 ns
[2020-12-14T03:39:31.288+0000][6][safepoint    ] Safepoint "Cleanup", Time since last: 1004493676 ns, Reaching safepoint: 244134 ns, At safepoint: 20922 ns, Total: 265056 ns
[2020-12-14T03:39:32.289+0000][6][safepoint    ] Safepoint "Cleanup", Time since last: 1000185462 ns, Reaching safepoint: 224773 ns, At safepoint: 19057 ns, Total: 243830 ns
[2020-12-14T03:39:33.289+0000][6][safepoint    ] Safepoint "Cleanup", Time since last: 1000196828 ns, Reaching safepoint: 225460 ns, At safepoint: 36741 ns, Total: 262201 ns
[2020-12-14T03:39:34.290+0000][6][safepoint    ] Safepoint "Cleanup", Time since last: 1000188298 ns, Reaching safepoint: 237633 ns, At safepoint: 19561 ns, Total: 257194 ns
[2020-12-14T03:39:35.290+0000][6][safepoint    ] Safepoint "Cleanup", Time since last: 1000183415 ns, Reaching safepoint: 217522 ns, At safepoint: 18887 ns, Total: 236409 ns
[2020-12-14T03:39:36.290+0000][6][safepoint    ] Safepoint "Cleanup", Time since last: 1000184072 ns, Reaching safepoint: 238677 ns, At safepoint: 17184 ns, Total: 255861 ns
[2020-12-14T03:39:37.291+0000][6][safepoint    ] Safepoint "Cleanup", Time since last: 1000196412 ns, Reaching safepoint: 218002 ns, At safepoint: 17660 ns, Total: 235662 ns
[2020-12-14T03:39:38.291+0000][6][safepoint    ] Safepoint "Cleanup", Time since last: 1000173399 ns, Reaching safepoint: 228511 ns, At safepoint: 17173 ns, Total: 245684 ns
[2020-12-14T03:39:39.292+0000][6][safepoint    ] Safepoint "Cleanup", Time since last: 1000184022 ns, Reaching safepoint: 221778 ns, At safepoint: 18080 ns, Total: 239858 ns
[2020-12-14T03:39:40.292+0000][6][safepoint    ] Safepoint "Cleanup", Time since last: 1000182078 ns, Reaching safepoint: 257598 ns, At safepoint: 18151 ns, Total: 275749 ns
[2020-12-14T03:39:41.293+0000][6][safepoint    ] Safepoint "Cleanup", Time since last: 1000194270 ns, Reaching safepoint: 220117 ns, At safepoint: 21289 ns, Total: 241406 ns
[2020-12-14T03:39:42.293+0000][6][safepoint    ] Safepoint "Cleanup", Time since last: 1000169810 ns, Reaching safepoint: 215524 ns, At safepoint: 19604 ns, Total: 235128 ns
[2020-12-14T03:39:43.293+0000][6][safepoint    ] Safepoint "Cleanup", Time since last: 1000182414 ns, Reaching safepoint: 224149 ns, At safepoint: 19805 ns, Total: 243954 ns
[2020-12-14T03:39:44.294+0000][6][safepoint    ] Safepoint "Cleanup", Time since last: 1000184252 ns, Reaching safepoint: 476920 ns, At safepoint: 36754 ns, Total: 513674 ns
[2020-12-14T03:39:45.295+0000][6][safepoint    ] Safepoint "Cleanup", Time since last: 1000205292 ns, Reaching safepoint: 242853 ns, At safepoint: 15584 ns, Total: 258437 ns
[2020-12-14T03:39:46.295+0000][6][safepoint    ] Safepoint "Cleanup", Time since last: 1000176387 ns, Reaching safepoint: 202581 ns, At safepoint: 19020 ns, Total: 221601 ns
[2020-12-14T03:39:47.295+0000][6][safepoint    ] Safepoint "Cleanup", Time since last: 1000182073 ns, Reaching safepoint: 216514 ns, At safepoint: 18304 ns, Total: 234818 ns
[2020-12-14T03:39:48.296+0000][6][safepoint    ] Safepoint "Cleanup", Time since last: 1000173463 ns, Reaching safepoint: 226674 ns, At safepoint: 18687 ns, Total: 245361 ns
[2020-12-14T03:39:49.296+0000][6][safepoint    ] Safepoint "Cleanup", Time since last: 1000187393 ns, Reaching safepoint: 249864 ns, At safepoint: 16350 ns, Total: 266214 ns
[2020-12-14T03:39:50.297+0000][6][safepoint    ] Safepoint "Cleanup", Time since last: 1000195798 ns, Reaching safepoint: 245062 ns, At safepoint: 16960 ns, Total: 262022 ns
[2020-12-14T03:39:51.297+0000][6][safepoint    ] Safepoint "Cleanup", Time since last: 1000183420 ns, Reaching safepoint: 282859 ns, At safepoint: 19728 ns, Total: 302587 ns
[2020-12-14T03:39:52.298+0000][6][safepoint    ] Safepoint "Cleanup", Time since last: 1000202504 ns, Reaching safepoint: 211263 ns, At safepoint: 16751 ns, Total: 228014 ns
[2020-12-14T03:39:53.298+0000][6][safepoint    ] Safepoint "Cleanup", Time since last: 1000173972 ns, Reaching safepoint: 225323 ns, At safepoint: 17123 ns, Total: 242446 ns
[2020-12-14T03:39:54.298+0000][6][safepoint    ] Safepoint "Cleanup", Time since last: 1000178419 ns, Reaching safepoint: 205157 ns, At safepoint: 18574 ns, Total: 223731 ns
[2020-12-14T03:39:55.299+0000][6][safepoint    ] Safepoint "Cleanup", Time since last: 1000180107 ns, Reaching safepoint: 229391 ns, At safepoint: 19965 ns, Total: 249356 ns
[2020-12-14T03:39:56.746+0000][6][safepoint    ] Safepoint "Cleanup", Time since last: 1446397512 ns, Reaching safepoint: 235005 ns, At safepoint: 18937 ns, Total: 253942 ns
[2020-12-14T03:39:57.746+0000][6][safepoint    ] Safepoint "Cleanup", Time since last: 1000191533 ns, Reaching safepoint: 254800 ns, At safepoint: 19057 ns, Total: 273857 ns
[2020-12-14T03:39:58.746+0000][6][safepoint    ] Safepoint "Cleanup", Time since last: 1000186724 ns, Reaching safepoint: 236659 ns, At safepoint: 18757 ns, Total: 255416 ns
[2020-12-14T03:39:59.747+0000][6][safepoint    ] Safepoint "Cleanup", Time since last: 1000186631 ns, Reaching safepoint: 224142 ns, At safepoint: 18591 ns, Total: 242733 ns
[2020-12-14T03:40:00.747+0000][6][safepoint    ] Safepoint "Cleanup", Time since last: 1000200846 ns, Reaching safepoint: 250119 ns, At safepoint: 17869 ns, Total: 267988 ns
[2020-12-14T03:40:01.748+0000][6][safepoint    ] Safepoint "Cleanup", Time since last: 1000169640 ns, Reaching safepoint: 212061 ns, At safepoint: 14459 ns, Total: 226520 ns
[2020-12-14T03:40:02.748+0000][6][safepoint    ] Safepoint "Cleanup", Time since last: 1000189083 ns, Reaching safepoint: 284312 ns, At safepoint: 18423 ns, Total: 302735 ns
[2020-12-14T03:40:03.749+0000][6][safepoint    ] Safepoint "Cleanup", Time since last: 1000183070 ns, Reaching safepoint: 222198 ns, At safepoint: 17703 ns, Total: 239901 ns
[2020-12-14T03:40:04.749+0000][6][safepoint    ] Safepoint "Cleanup", Time since last: 1000143185 ns, Reaching safepoint: 217815 ns, At safepoint: 17957 ns, Total: 235772 ns
[2020-12-14T03:40:05.749+0000][6][safepoint    ] Safepoint "Cleanup", Time since last: 1000209013 ns, Reaching safepoint: 219213 ns, At safepoint: 17883 ns, Total: 237096 ns
[2020-12-14T03:40:06.750+0000][6][safepoint    ] Safepoint "Cleanup", Time since last: 1000184413 ns, Reaching safepoint: 228314 ns, At safepoint: 19495 ns, Total: 247809 ns
[2020-12-14T03:40:07.750+0000][6][safepoint    ] Safepoint "Cleanup", Time since last: 1000201032 ns, Reaching safepoint: 210471 ns, At safepoint: 18574 ns, Total: 229045 ns
[2020-12-14T03:40:08.751+0000][6][safepoint    ] Safepoint "Cleanup", Time since last: 1000168957 ns, Reaching safepoint: 222127 ns, At safepoint: 20696 ns, Total: 242823 ns
[2020-12-14T03:40:09.751+0000][6][safepoint    ] Safepoint "Cleanup", Time since last: 1000183003 ns, Reaching safepoint: 337311 ns, At safepoint: 18801 ns, Total: 356112 ns
[2020-12-14T03:40:10.752+0000][6][safepoint    ] Safepoint "Cleanup", Time since last: 1000186837 ns, Reaching safepoint: 233331 ns, At safepoint: 18351 ns, Total: 251682 ns
[2020-12-14T03:40:11.752+0000][6][safepoint    ] Safepoint "Cleanup", Time since last: 1000186639 ns, Reaching safepoint: 268901 ns, At safepoint: 21019 ns, Total: 289920 ns
[2020-12-14T03:40:12.753+0000][6][safepoint    ] Safepoint "Cleanup", Time since last: 1000159454 ns, Reaching safepoint: 212249 ns, At safepoint: 19658 ns, Total: 231907 ns
[2020-12-14T03:40:13.753+0000][6][safepoint    ] Safepoint "Cleanup", Time since last: 1000180260 ns, Reaching safepoint: 248806 ns, At safepoint: 24391 ns, Total: 273197 ns
[2020-12-14T03:40:14.754+0000][6][safepoint    ] Safepoint "Cleanup", Time since last: 1000262410 ns, Reaching safepoint: 215944 ns, At safepoint: 18561 ns, Total: 234505 ns
[2020-12-14T03:40:15.754+0000][6][safepoint    ] Safepoint "Cleanup", Time since last: 1000184048 ns, Reaching safepoint: 246212 ns, At safepoint: 24144 ns, Total: 270356 ns
[2020-12-14T03:40:16.754+0000][6][safepoint    ] Safepoint "Cleanup", Time since last: 1000185699 ns, Reaching safepoint: 235939 ns, At safepoint: 18764 ns, Total: 254703 ns
[2020-12-14T03:40:17.755+0000][6][safepoint    ] Safepoint "Cleanup", Time since last: 1000184445 ns, Reaching safepoint: 228815 ns, At safepoint: 18574 ns, Total: 247389 ns
[2020-12-14T03:40:18.755+0000][6][safepoint    ] Safepoint "Cleanup", Time since last: 1000195496 ns, Reaching safepoint: 249710 ns, At safepoint: 18641 ns, Total: 268351 ns
[2020-12-14T03:40:19.756+0000][6][safepoint    ] Safepoint "Cleanup", Time since last: 1000189311 ns, Reaching safepoint: 225539 ns, At safepoint: 29916 ns, Total: 255455 ns
[2020-12-14T03:40:20.756+0000][6][safepoint    ] Safepoint "Cleanup", Time since last: 1000182116 ns, Reaching safepoint: 258182 ns, At safepoint: 20072 ns, Total: 278254 ns
[2020-12-14T03:40:21.757+0000][6][safepoint    ] Safepoint "Cleanup", Time since last: 1000189741 ns, Reaching safepoint: 218006 ns, At safepoint: 18460 ns, Total: 236466 ns
[2020-12-14T03:40:22.757+0000][6][safepoint    ] Safepoint "Cleanup", Time since last: 1000190166 ns, Reaching safepoint: 239578 ns, At safepoint: 17256 ns, Total: 256834 ns
[2020-12-14T03:40:23.758+0000][6][safepoint    ] Safepoint "Cleanup", Time since last: 1000187907 ns, Reaching safepoint: 231676 ns, At safepoint: 18651 ns, Total: 250327 ns
[2020-12-14T03:40:24.758+0000][6][safepoint    ] Safepoint "Cleanup", Time since last: 1000187381 ns, Reaching safepoint: 221174 ns, At safepoint: 18314 ns, Total: 239488 ns
[2020-12-14T03:40:25.758+0000][6][safepoint    ] Safepoint "Cleanup", Time since last: 1000183451 ns, Reaching safepoint: 223082 ns, At safepoint: 18574 ns, Total: 241656 ns
[2020-12-14T03:40:26.759+0000][6][safepoint    ] Safepoint "Cleanup", Time since last: 1000188767 ns, Reaching safepoint: 224172 ns, At safepoint: 18304 ns, Total: 242476 ns
[2020-12-14T03:40:27.759+0000][6][safepoint    ] Safepoint "Cleanup", Time since last: 1000187347 ns, Reaching safepoint: 278293 ns, At safepoint: 18434 ns, Total: 296727 ns
[2020-12-14T03:40:28.760+0000][6][safepoint    ] Safepoint "Cleanup", Time since last: 1000172232 ns, Reaching safepoint: 217288 ns, At safepoint: 18464 ns, Total: 235752 ns
[2020-12-14T03:40:30.317+0000][6][safepoint    ] Safepoint "BulkRevokeBias", Time since last: 1556117206 ns, Reaching safepoint: 217062 ns, At safepoint: 1034572 ns, Total: 1251634 ns
[2020-12-14T03:40:30.321+0000][6][safepoint    ] Safepoint "BulkRevokeBias", Time since last: 2916665 ns, Reaching safepoint: 180015 ns, At safepoint: 765464 ns, Total: 945479 ns
[2020-12-14T03:40:31.321+0000][6][safepoint    ] Safepoint "Cleanup", Time since last: 1000175155 ns, Reaching safepoint: 249740 ns, At safepoint: 20422 ns, Total: 270162 ns
[2020-12-14T03:40:32.322+0000][6][safepoint    ] Safepoint "Cleanup", Time since last: 1000181814 ns, Reaching safepoint: 204258 ns, At safepoint: 19311 ns, Total: 223569 ns
[2020-12-14T03:40:33.322+0000][6][safepoint    ] Safepoint "Cleanup", Time since last: 1000189436 ns, Reaching safepoint: 218766 ns, At safepoint: 18765 ns, Total: 237531 ns
[2020-12-14T03:40:34.323+0000][6][safepoint    ] Safepoint "Cleanup", Time since last: 1000185794 ns, Reaching safepoint: 219119 ns, At safepoint: 19451 ns, Total: 238570 ns
[2020-12-14T03:40:35.323+0000][6][safepoint    ] Safepoint "Cleanup", Time since last: 1000200208 ns, Reaching safepoint: 238724 ns, At safepoint: 19885 ns, Total: 258609 ns
[2020-12-14T03:40:36.324+0000][6][safepoint    ] Safepoint "Cleanup", Time since last: 1000196829 ns, Reaching safepoint: 219930 ns, At safepoint: 19237 ns, Total: 239167 ns
[2020-12-14T03:40:37.324+0000][6][safepoint    ] Safepoint "Cleanup", Time since last: 1000204591 ns, Reaching safepoint: 222231 ns, At safepoint: 18637 ns, Total: 240868 ns
[2020-12-14T03:40:38.324+0000][6][safepoint    ] Safepoint "Cleanup", Time since last: 1000188982 ns, Reaching safepoint: 229315 ns, At safepoint: 18440 ns, Total: 247755 ns
[2020-12-14T03:40:39.325+0000][6][safepoint    ] Safepoint "Cleanup", Time since last: 1000186380 ns, Reaching safepoint: 219540 ns, At safepoint: 19814 ns, Total: 239354 ns
[2020-12-14T03:40:40.325+0000][6][safepoint    ] Safepoint "Cleanup", Time since last: 1000188755 ns, Reaching safepoint: 246672 ns, At safepoint: 20021 ns, Total: 266693 ns
[2020-12-14T03:40:41.326+0000][6][safepoint    ] Safepoint "Cleanup", Time since last: 1000185419 ns, Reaching safepoint: 244738 ns, At safepoint: 18884 ns, Total: 263622 ns
[2020-12-14T03:40:42.326+0000][6][safepoint    ] Safepoint "Cleanup", Time since last: 1000189265 ns, Reaching safepoint: 311671 ns, At safepoint: 18657 ns, Total: 330328 ns
[2020-12-14T03:40:43.327+0000][6][safepoint    ] Safepoint "Cleanup", Time since last: 1000189226 ns, Reaching safepoint: 223405 ns, At safepoint: 18761 ns, Total: 242166 ns
[2020-12-14T03:40:44.327+0000][6][safepoint    ] Safepoint "Cleanup", Time since last: 1000201444 ns, Reaching safepoint: 240421 ns, At safepoint: 18623 ns, Total: 259044 ns
[2020-12-14T03:40:45.328+0000][6][safepoint    ] Safepoint "Cleanup", Time since last: 1000183375 ns, Reaching safepoint: 241730 ns, At safepoint: 17490 ns, Total: 259220 ns
[2020-12-14T03:40:46.328+0000][6][safepoint    ] Safepoint "Cleanup", Time since last: 1000185345 ns, Reaching safepoint: 217258 ns, At safepoint: 16853 ns, Total: 234111 ns
[2020-12-14T03:40:47.329+0000][6][safepoint    ] Safepoint "Cleanup", Time since last: 1000215640 ns, Reaching safepoint: 264824 ns, At safepoint: 17561 ns, Total: 282385 ns
[2020-12-14T03:40:48.329+0000][6][safepoint    ] Safepoint "Cleanup", Time since last: 1000192120 ns, Reaching safepoint: 230099 ns, At safepoint: 18370 ns, Total: 248469 ns
[2020-12-14T03:40:49.329+0000][6][safepoint    ] Safepoint "Cleanup", Time since last: 1000195906 ns, Reaching safepoint: 238237 ns, At safepoint: 18257 ns, Total: 256494 ns
[2020-12-14T03:40:50.330+0000][6][safepoint    ] Safepoint "Cleanup", Time since last: 1000200558 ns, Reaching safepoint: 237073 ns, At safepoint: 17157 ns, Total: 254230 ns
[2020-12-14T03:40:51.330+0000][6][safepoint    ] Safepoint "Cleanup", Time since last: 1000229641 ns, Reaching safepoint: 238671 ns, At safepoint: 20001 ns, Total: 258672 ns
[2020-12-14T03:40:52.331+0000][6][safepoint    ] Safepoint "Cleanup", Time since last: 1000195391 ns, Reaching safepoint: 220507 ns, At safepoint: 18928 ns, Total: 239435 ns
[2020-12-14T03:40:53.331+0000][6][safepoint    ] Safepoint "Cleanup", Time since last: 1000185809 ns, Reaching safepoint: 236783 ns, At safepoint: 18828 ns, Total: 255611 ns
[2020-12-14T03:40:54.332+0000][6][safepoint    ] Safepoint "Cleanup", Time since last: 1000175177 ns, Reaching safepoint: 240287 ns, At safepoint: 22579 ns, Total: 262866 ns
[2020-12-14T03:40:55.332+0000][6][safepoint    ] Safepoint "Cleanup", Time since last: 1000183166 ns, Reaching safepoint: 260283 ns, At safepoint: 23730 ns, Total: 284013 ns
[2020-12-14T03:40:56.333+0000][6][safepoint    ] Safepoint "Cleanup", Time since last: 1000184886 ns, Reaching safepoint: 224342 ns, At safepoint: 17143 ns, Total: 241485 ns
[2020-12-14T03:40:57.739+0000][6][safepoint    ] Safepoint "Cleanup", Time since last: 1406332314 ns, Reaching safepoint: 291228 ns, At safepoint: 18904 ns, Total: 310132 ns
[2020-12-14T03:40:58.740+0000][6][safepoint    ] Safepoint "Cleanup", Time since last: 1000175790 ns, Reaching safepoint: 233161 ns, At safepoint: 20379 ns, Total: 253540 ns
[2020-12-14T03:40:59.740+0000][6][safepoint    ] Safepoint "Cleanup", Time since last: 1000188498 ns, Reaching safepoint: 229259 ns, At safepoint: 32732 ns, Total: 261991 ns
[2020-12-14T03:41:00.741+0000][6][safepoint    ] Safepoint "Cleanup", Time since last: 1000185068 ns, Reaching safepoint: 229022 ns, At safepoint: 18551 ns, Total: 247573 ns
[2020-12-14T03:41:01.741+0000][6][safepoint    ] Safepoint "Cleanup", Time since last: 1000198572 ns, Reaching safepoint: 222742 ns, At safepoint: 19054 ns, Total: 241796 ns
[2020-12-14T03:41:02.741+0000][6][safepoint    ] Safepoint "Cleanup", Time since last: 1000185617 ns, Reaching safepoint: 227627 ns, At safepoint: 18247 ns, Total: 245874 ns
[2020-12-14T03:41:03.742+0000][6][safepoint    ] Safepoint "Cleanup", Time since last: 1000186404 ns, Reaching safepoint: 233214 ns, At safepoint: 20492 ns, Total: 253706 ns
[2020-12-14T03:41:04.742+0000][6][safepoint    ] Safepoint "Cleanup", Time since last: 1000183126 ns, Reaching safepoint: 305807 ns, At safepoint: 19795 ns, Total: 325602 ns
[2020-12-14T03:41:05.743+0000][6][safepoint    ] Safepoint "Cleanup", Time since last: 1000184382 ns, Reaching safepoint: 236396 ns, At safepoint: 18854 ns, Total: 255250 ns
[2020-12-14T03:41:06.743+0000][6][safepoint    ] Safepoint "Cleanup", Time since last: 1000189648 ns, Reaching safepoint: 244147 ns, At safepoint: 29728 ns, Total: 273875 ns
[2020-12-14T03:41:07.744+0000][6][safepoint    ] Safepoint "Cleanup", Time since last: 1000183698 ns, Reaching safepoint: 245648 ns, At safepoint: 16841 ns, Total: 262489 ns
[2020-12-14T03:41:08.744+0000][6][safepoint    ] Safepoint "Cleanup", Time since last: 1000184304 ns, Reaching safepoint: 316435 ns, At safepoint: 18764 ns, Total: 335199 ns
[2020-12-14T03:41:09.745+0000][6][safepoint    ] Safepoint "Cleanup", Time since last: 1000185733 ns, Reaching safepoint: 256687 ns, At safepoint: 22723 ns, Total: 279410 ns
[2020-12-14T03:41:10.745+0000][6][safepoint    ] Safepoint "Cleanup", Time since last: 1000191443 ns, Reaching safepoint: 286478 ns, At safepoint: 19331 ns, Total: 305809 ns
[2020-12-14T03:41:11.746+0000][6][safepoint    ] Safepoint "Cleanup", Time since last: 1000188765 ns, Reaching safepoint: 227454 ns, At safepoint: 18307 ns, Total: 245761 ns
[2020-12-14T03:41:12.746+0000][6][safepoint    ] Safepoint "Cleanup", Time since last: 1000190216 ns, Reaching safepoint: 237429 ns, At safepoint: 17360 ns, Total: 254789 ns
[2020-12-14T03:41:13.747+0000][6][safepoint    ] Safepoint "Cleanup", Time since last: 1000205241 ns, Reaching safepoint: 230246 ns, At safepoint: 17937 ns, Total: 248183 ns
[2020-12-14T03:41:14.747+0000][6][safepoint    ] Safepoint "Cleanup", Time since last: 1000186937 ns, Reaching safepoint: 234508 ns, At safepoint: 18614 ns, Total: 253122 ns
[2020-12-14T03:41:15.747+0000][6][safepoint    ] Safepoint "Cleanup", Time since last: 1000193184 ns, Reaching safepoint: 248927 ns, At safepoint: 21155 ns, Total: 270082 ns
[2020-12-14T03:41:16.748+0000][6][safepoint    ] Safepoint "Cleanup", Time since last: 1000190094 ns, Reaching safepoint: 224409 ns, At safepoint: 17617 ns, Total: 242026 ns
[2020-12-14T03:41:17.748+0000][6][safepoint    ] Safepoint "Cleanup", Time since last: 1000183932 ns, Reaching safepoint: 275258 ns, At safepoint: 23904 ns, Total: 299162 ns
[2020-12-14T03:41:18.749+0000][6][safepoint    ] Safepoint "Cleanup", Time since last: 1000184606 ns, Reaching safepoint: 232023 ns, At safepoint: 30991 ns, Total: 263014 ns
[2020-12-14T03:41:19.749+0000][6][safepoint    ] Safepoint "Cleanup", Time since last: 1000180863 ns, Reaching safepoint: 253763 ns, At safepoint: 20015 ns, Total: 273778 ns
[2020-12-14T03:41:20.750+0000][6][safepoint    ] Safepoint "Cleanup", Time since last: 1000183976 ns, Reaching safepoint: 223258 ns, At safepoint: 21012 ns, Total: 244270 ns
[2020-12-14T03:41:21.750+0000][6][safepoint    ] Safepoint "Cleanup", Time since last: 1000195714 ns, Reaching safepoint: 229102 ns, At safepoint: 19875 ns, Total: 248977 ns
[2020-12-14T03:41:22.751+0000][6][safepoint    ] Safepoint "Cleanup", Time since last: 1000198603 ns, Reaching safepoint: 276813 ns, At safepoint: 18807 ns, Total: 295620 ns
[2020-12-14T03:41:23.751+0000][6][safepoint    ] Safepoint "Cleanup", Time since last: 1000175965 ns, Reaching safepoint: 231098 ns, At safepoint: 18765 ns, Total: 249863 ns
[2020-12-14T03:41:24.751+0000][6][safepoint    ] Safepoint "Cleanup", Time since last: 1000207782 ns, Reaching safepoint: 236413 ns, At safepoint: 24904 ns, Total: 261317 ns
[2020-12-14T03:41:25.752+0000][6][safepoint    ] Safepoint "Cleanup", Time since last: 1000206908 ns, Reaching safepoint: 229539 ns, At safepoint: 18967 ns, Total: 248506 ns
[2020-12-14T03:41:26.752+0000][6][safepoint    ] Safepoint "Cleanup", Time since last: 1000189149 ns, Reaching safepoint: 235005 ns, At safepoint: 18854 ns, Total: 253859 ns
[2020-12-14T03:41:27.753+0000][6][safepoint    ] Safepoint "Cleanup", Time since last: 1000189211 ns, Reaching safepoint: 263085 ns, At safepoint: 18774 ns, Total: 281859 ns
[2020-12-14T03:41:28.753+0000][6][safepoint    ] Safepoint "Cleanup", Time since last: 1000181448 ns, Reaching safepoint: 253028 ns, At safepoint: 19362 ns, Total: 272390 ns
[2020-12-14T03:41:29.548+0000][6][safepoint    ] Safepoint "BulkRevokeBias", Time since last: 793662295 ns, Reaching safepoint: 197045 ns, At safepoint: 959177 ns, Total: 1156222 ns
[2020-12-14T03:41:30.354+0000][6][safepoint    ] Safepoint "BulkRevokeBias", Time since last: 804915583 ns, Reaching safepoint: 225463 ns, At safepoint: 1029086 ns, Total: 1254549 ns
[2020-12-14T03:41:31.357+0000][6][safepoint    ] Safepoint "Cleanup", Time since last: 1002023425 ns, Reaching safepoint: 226147 ns, At safepoint: 19464 ns, Total: 245611 ns
[2020-12-14T03:41:32.357+0000][6][safepoint    ] Safepoint "Cleanup", Time since last: 1000186423 ns, Reaching safepoint: 221868 ns, At safepoint: 18190 ns, Total: 240058 ns
[2020-12-14T03:41:33.357+0000][6][safepoint    ] Safepoint "Cleanup", Time since last: 1000219433 ns, Reaching safepoint: 229375 ns, At safepoint: 19728 ns, Total: 249103 ns
[2020-12-14T03:41:34.358+0000][6][safepoint    ] Safepoint "Cleanup", Time since last: 1000186367 ns, Reaching safepoint: 223732 ns, At safepoint: 20185 ns, Total: 243917 ns
[2020-12-14T03:41:35.358+0000][6][safepoint    ] Safepoint "Cleanup", Time since last: 1000219078 ns, Reaching safepoint: 216281 ns, At safepoint: 19625 ns, Total: 235906 ns
[2020-12-14T03:41:36.359+0000][6][safepoint    ] Safepoint "Cleanup", Time since last: 1000183071 ns, Reaching safepoint: 235632 ns, At safepoint: 21096 ns, Total: 256728 ns
[2020-12-14T03:41:37.359+0000][6][safepoint    ] Safepoint "Cleanup", Time since last: 1000186900 ns, Reaching safepoint: 227340 ns, At safepoint: 18501 ns, Total: 245841 ns
[2020-12-14T03:41:38.360+0000][6][safepoint    ] Safepoint "Cleanup", Time since last: 1000158017 ns, Reaching safepoint: 228114 ns, At safepoint: 18914 ns, Total: 247028 ns
[2020-12-14T03:41:39.360+0000][6][safepoint    ] Safepoint "Cleanup", Time since last: 1000186944 ns, Reaching safepoint: 220086 ns, At safepoint: 18214 ns, Total: 238300 ns
[2020-12-14T03:41:40.361+0000][6][safepoint    ] Safepoint "Cleanup", Time since last: 1000210117 ns, Reaching safepoint: 239918 ns, At safepoint: 19948 ns, Total: 259866 ns
[2020-12-14T03:41:41.361+0000][6][safepoint    ] Safepoint "Cleanup", Time since last: 1000186507 ns, Reaching safepoint: 214568 ns, At safepoint: 17733 ns, Total: 232301 ns
[2020-12-14T03:41:42.361+0000][6][safepoint    ] Safepoint "Cleanup", Time since last: 1000183488 ns, Reaching safepoint: 219366 ns, At safepoint: 18510 ns, Total: 237876 ns
[2020-12-14T03:41:43.362+0000][6][safepoint    ] Safepoint "Cleanup", Time since last: 1000150382 ns, Reaching safepoint: 254116 ns, At safepoint: 23734 ns, Total: 277850 ns
[2020-12-14T03:41:44.362+0000][6][safepoint    ] Safepoint "Cleanup", Time since last: 1000149223 ns, Reaching safepoint: 257518 ns, At safepoint: 18374 ns, Total: 275892 ns
[2020-12-14T03:41:45.363+0000][6][safepoint    ] Safepoint "Cleanup", Time since last: 1000188467 ns, Reaching safepoint: 245734 ns, At safepoint: 18761 ns, Total: 264495 ns
[2020-12-14T03:41:46.363+0000][6][safepoint    ] Safepoint "Cleanup", Time since last: 1000187691 ns, Reaching safepoint: 249040 ns, At safepoint: 20905 ns, Total: 269945 ns
[2020-12-14T03:41:47.364+0000][6][safepoint    ] Safepoint "Cleanup", Time since last: 1000189969 ns, Reaching safepoint: 227184 ns, At safepoint: 19060 ns, Total: 246244 ns
[2020-12-14T03:41:48.364+0000][6][safepoint    ] Safepoint "Cleanup", Time since last: 1000189069 ns, Reaching safepoint: 228394 ns, At safepoint: 18688 ns, Total: 247082 ns
[2020-12-14T03:41:49.364+0000][6][safepoint    ] Safepoint "Cleanup", Time since last: 1000224488 ns, Reaching safepoint: 225589 ns, At safepoint: 17659 ns, Total: 243248 ns
[2020-12-14T03:41:50.365+0000][6][safepoint    ] Safepoint "Cleanup", Time since last: 1000185548 ns, Reaching safepoint: 236484 ns, At safepoint: 17635 ns, Total: 254119 ns
[2020-12-14T03:41:51.365+0000][6][safepoint    ] Safepoint "Cleanup", Time since last: 1000188428 ns, Reaching safepoint: 242576 ns, At safepoint: 30293 ns, Total: 272869 ns
[2020-12-14T03:41:52.366+0000][6][safepoint    ] Safepoint "Cleanup", Time since last: 1000180934 ns, Reaching safepoint: 215115 ns, At safepoint: 17287 ns, Total: 232402 ns
[2020-12-14T03:41:53.366+0000][6][safepoint    ] Safepoint "Cleanup", Time since last: 1000162845 ns, Reaching safepoint: 245307 ns, At safepoint: 19098 ns, Total: 264405 ns
[2020-12-14T03:41:54.367+0000][6][safepoint    ] Safepoint "Cleanup", Time since last: 1000138213 ns, Reaching safepoint: 206661 ns, At safepoint: 16353 ns, Total: 223014 ns
[2020-12-14T03:41:55.367+0000][6][safepoint    ] Safepoint "Cleanup", Time since last: 1000181417 ns, Reaching safepoint: 230343 ns, At safepoint: 17330 ns, Total: 247673 ns
[2020-12-14T03:41:56.367+0000][6][safepoint    ] Safepoint "Cleanup", Time since last: 1000218195 ns, Reaching safepoint: 236797 ns, At safepoint: 17807 ns, Total: 254604 ns
[2020-12-14T03:41:57.368+0000][6][safepoint    ] Safepoint "Cleanup", Time since last: 1000188203 ns, Reaching safepoint: 225112 ns, At safepoint: 19555 ns, Total: 244667 ns
[2020-12-14T03:41:58.742+0000][6][safepoint    ] Safepoint "Cleanup", Time since last: 1374004255 ns, Reaching safepoint: 276182 ns, At safepoint: 17924 ns, Total: 294106 ns
[2020-12-14T03:41:59.743+0000][6][safepoint    ] Safepoint "Cleanup", Time since last: 1000177886 ns, Reaching safepoint: 230790 ns, At safepoint: 20315 ns, Total: 251105 ns
[2020-12-14T03:42:00.743+0000][6][safepoint    ] Safepoint "Cleanup", Time since last: 1000187225 ns, Reaching safepoint: 219903 ns, At safepoint: 18744 ns, Total: 238647 ns
[2020-12-14T03:42:01.744+0000][6][safepoint    ] Safepoint "Cleanup", Time since last: 1000214747 ns, Reaching safepoint: 238557 ns, At safepoint: 19167 ns, Total: 257724 ns
[2020-12-14T03:42:02.744+0000][6][safepoint    ] Safepoint "Cleanup", Time since last: 1000183238 ns, Reaching safepoint: 228732 ns, At safepoint: 19164 ns, Total: 247896 ns
[2020-12-14T03:42:03.744+0000][6][safepoint    ] Safepoint "Cleanup", Time since last: 1000183829 ns, Reaching safepoint: 232061 ns, At safepoint: 19421 ns, Total: 251482 ns
[2020-12-14T03:42:04.745+0000][6][safepoint    ] Safepoint "Cleanup", Time since last: 1000186886 ns, Reaching safepoint: 231590 ns, At safepoint: 19351 ns, Total: 250941 ns
[2020-12-14T03:42:05.745+0000][6][safepoint    ] Safepoint "Cleanup", Time since last: 1000187857 ns, Reaching safepoint: 262908 ns, At safepoint: 20188 ns, Total: 283096 ns
[2020-12-14T03:42:06.746+0000][6][safepoint    ] Safepoint "Cleanup", Time since last: 1000187303 ns, Reaching safepoint: 226944 ns, At safepoint: 18868 ns, Total: 245812 ns
[2020-12-14T03:42:07.746+0000][6][safepoint    ] Safepoint "Cleanup", Time since last: 1000188498 ns, Reaching safepoint: 244393 ns, At safepoint: 20626 ns, Total: 265019 ns
[2020-12-14T03:42:08.747+0000][6][safepoint    ] Safepoint "Cleanup", Time since last: 1000183858 ns, Reaching safepoint: 213793 ns, At safepoint: 18740 ns, Total: 232533 ns
[2020-12-14T03:42:09.747+0000][6][safepoint    ] Safepoint "Cleanup", Time since last: 1000181938 ns, Reaching safepoint: 226527 ns, At safepoint: 17330 ns, Total: 243857 ns
[2020-12-14T03:42:10.747+0000][6][safepoint    ] Safepoint "Cleanup", Time since last: 1000201889 ns, Reaching safepoint: 229572 ns, At safepoint: 18921 ns, Total: 248493 ns
[2020-12-14T03:42:11.748+0000][6][safepoint    ] Safepoint "Cleanup", Time since last: 1000187898 ns, Reaching safepoint: 228738 ns, At safepoint: 20975 ns, Total: 249713 ns
[2020-12-14T03:42:12.748+0000][6][safepoint    ] Safepoint "Cleanup", Time since last: 1000190889 ns, Reaching safepoint: 213286 ns, At safepoint: 19088 ns, Total: 232374 ns
[2020-12-14T03:42:13.749+0000][6][safepoint    ] Safepoint "Cleanup", Time since last: 1000182961 ns, Reaching safepoint: 233894 ns, At safepoint: 18567 ns, Total: 252461 ns
[2020-12-14T03:42:14.749+0000][6][safepoint    ] Safepoint "Cleanup", Time since last: 1000195595 ns, Reaching safepoint: 243690 ns, At safepoint: 18941 ns, Total: 262631 ns
[2020-12-14T03:42:15.750+0000][6][safepoint    ] Safepoint "Cleanup", Time since last: 1000197010 ns, Reaching safepoint: 223488 ns, At safepoint: 17928 ns, Total: 241416 ns
[2020-12-14T03:42:16.750+0000][6][safepoint    ] Safepoint "Cleanup", Time since last: 1000185718 ns, Reaching safepoint: 255377 ns, At safepoint: 21929 ns, Total: 277306 ns
[2020-12-14T03:42:17.751+0000][6][safepoint    ] Safepoint "Cleanup", Time since last: 1000192665 ns, Reaching safepoint: 275058 ns, At safepoint: 17675 ns, Total: 292733 ns
[2020-12-14T03:42:18.751+0000][6][safepoint    ] Safepoint "Cleanup", Time since last: 1000177391 ns, Reaching safepoint: 228194 ns, At safepoint: 17457 ns, Total: 245651 ns
[2020-12-14T03:42:19.752+0000][6][safepoint    ] Safepoint "Cleanup", Time since last: 1000214251 ns, Reaching safepoint: 237180 ns, At safepoint: 18133 ns, Total: 255313 ns
[2020-12-14T03:42:20.752+0000][6][safepoint    ] Safepoint "Cleanup", Time since last: 1000199120 ns, Reaching safepoint: 229342 ns, At safepoint: 18427 ns, Total: 247769 ns
[2020-12-14T03:42:21.752+0000][6][safepoint    ] Safepoint "Cleanup", Time since last: 1000188643 ns, Reaching safepoint: 224229 ns, At safepoint: 18634 ns, Total: 242863 ns
[2020-12-14T03:42:22.753+0000][6][safepoint    ] Safepoint "Cleanup", Time since last: 1000199450 ns, Reaching safepoint: 240718 ns, At safepoint: 18731 ns, Total: 259449 ns
[2020-12-14T03:42:23.753+0000][6][safepoint    ] Safepoint "Cleanup", Time since last: 1000174156 ns, Reaching safepoint: 250204 ns, At safepoint: 19721 ns, Total: 269925 ns
[2020-12-14T03:42:24.754+0000][6][safepoint    ] Safepoint "Cleanup", Time since last: 1000178939 ns, Reaching safepoint: 220784 ns, At safepoint: 18460 ns, Total: 239244 ns
[2020-12-14T03:42:25.754+0000][6][safepoint    ] Safepoint "Cleanup", Time since last: 1000187524 ns, Reaching safepoint: 273510 ns, At safepoint: 17697 ns, Total: 291207 ns
[2020-12-14T03:42:26.755+0000][6][safepoint    ] Safepoint "Cleanup", Time since last: 1000156350 ns, Reaching safepoint: 225666 ns, At safepoint: 17957 ns, Total: 243623 ns
[2020-12-14T03:42:27.755+0000][6][safepoint    ] Safepoint "Cleanup", Time since last: 1000185976 ns, Reaching safepoint: 258495 ns, At safepoint: 16847 ns, Total: 275342 ns
[2020-12-14T03:42:28.755+0000][6][safepoint    ] Safepoint "Cleanup", Time since last: 1000195355 ns, Reaching safepoint: 230710 ns, At safepoint: 17549 ns, Total: 248259 ns
[2020-12-14T03:42:30.385+0000][6][safepoint    ] Safepoint "Cleanup", Time since last: 1629017874 ns, Reaching safepoint: 195032 ns, At safepoint: 18550 ns, Total: 213582 ns
[2020-12-14T03:42:30.433+0000][6][safepoint    ] Safepoint "BulkRevokeBias", Time since last: 47574417 ns, Reaching safepoint: 200826 ns, At safepoint: 965182 ns, Total: 1166008 ns
[2020-12-14T03:42:32.409+0000][6][safepoint    ] Safepoint "Cleanup", Time since last: 1975465260 ns, Reaching safepoint: 338538 ns, At safepoint: 19878 ns, Total: 358416 ns
[2020-12-14T03:42:33.410+0000][6][safepoint    ] Safepoint "Cleanup", Time since last: 1000193514 ns, Reaching safepoint: 225262 ns, At safepoint: 18731 ns, Total: 243993 ns
[2020-12-14T03:42:34.410+0000][6][safepoint    ] Safepoint "Cleanup", Time since last: 1000185511 ns, Reaching safepoint: 275975 ns, At safepoint: 17490 ns, Total: 293465 ns
[2020-12-14T03:42:35.411+0000][6][safepoint    ] Safepoint "Cleanup", Time since last: 1000187327 ns, Reaching safepoint: 234471 ns, At safepoint: 19065 ns, Total: 253536 ns
[2020-12-14T03:42:36.411+0000][6][safepoint    ] Safepoint "Cleanup", Time since last: 1000200544 ns, Reaching safepoint: 245418 ns, At safepoint: 20615 ns, Total: 266033 ns
[2020-12-14T03:42:37.412+0000][6][safepoint    ] Safepoint "Cleanup", Time since last: 1000190232 ns, Reaching safepoint: 225746 ns, At safepoint: 18661 ns, Total: 244407 ns
[2020-12-14T03:42:38.412+0000][6][safepoint    ] Safepoint "Cleanup", Time since last: 1000168573 ns, Reaching safepoint: 220927 ns, At safepoint: 18467 ns, Total: 239394 ns
[2020-12-14T03:42:39.412+0000][6][safepoint    ] Safepoint "Cleanup", Time since last: 1000187978 ns, Reaching safepoint: 243206 ns, At safepoint: 18858 ns, Total: 262064 ns
[2020-12-14T03:42:40.413+0000][6][safepoint    ] Safepoint "Cleanup", Time since last: 1000187567 ns, Reaching safepoint: 228298 ns, At safepoint: 18594 ns, Total: 246892 ns
[2020-12-14T03:42:41.413+0000][6][safepoint    ] Safepoint "Cleanup", Time since last: 1000186773 ns, Reaching safepoint: 261657 ns, At safepoint: 22716 ns, Total: 284373 ns
[2020-12-14T03:42:42.414+0000][6][safepoint    ] Safepoint "Cleanup", Time since last: 1000191073 ns, Reaching safepoint: 219262 ns, At safepoint: 20872 ns, Total: 240134 ns
[2020-12-14T03:42:43.414+0000][6][safepoint    ] Safepoint "Cleanup", Time since last: 1000186978 ns, Reaching safepoint: 237806 ns, At safepoint: 19431 ns, Total: 257237 ns
[2020-12-14T03:42:44.415+0000][6][safepoint    ] Safepoint "Cleanup", Time since last: 1000190573 ns, Reaching safepoint: 250590 ns, At safepoint: 17305 ns, Total: 267895 ns
[2020-12-14T03:42:45.415+0000][6][safepoint    ] Safepoint "Cleanup", Time since last: 1000182309 ns, Reaching safepoint: 247726 ns, At safepoint: 17213 ns, Total: 264939 ns
[2020-12-14T03:42:46.416+0000][6][safepoint    ] Safepoint "Cleanup", Time since last: 1000190903 ns, Reaching safepoint: 233495 ns, At safepoint: 17219 ns, Total: 250714 ns
[2020-12-14T03:42:47.416+0000][6][safepoint    ] Safepoint "Cleanup", Time since last: 1000208493 ns, Reaching safepoint: 219949 ns, At safepoint: 31158 ns, Total: 251107 ns
[2020-12-14T03:42:48.416+0000][6][safepoint    ] Safepoint "Cleanup", Time since last: 1000207999 ns, Reaching safepoint: 237153 ns, At safepoint: 19101 ns, Total: 256254 ns
[2020-12-14T03:42:49.417+0000][6][safepoint    ] Safepoint "Cleanup", Time since last: 1000193960 ns, Reaching safepoint: 221671 ns, At safepoint: 18578 ns, Total: 240249 ns
[2020-12-14T03:42:50.417+0000][6][safepoint    ] Safepoint "Cleanup", Time since last: 1000206004 ns, Reaching safepoint: 255360 ns, At safepoint: 17928 ns, Total: 273288 ns
[2020-12-14T03:42:51.418+0000][6][safepoint    ] Safepoint "Cleanup", Time since last: 1000186887 ns, Reaching safepoint: 236346 ns, At safepoint: 18568 ns, Total: 254914 ns
[2020-12-14T03:42:52.418+0000][6][safepoint    ] Safepoint "Cleanup", Time since last: 1000190577 ns, Reaching safepoint: 250493 ns, At safepoint: 18041 ns, Total: 268534 ns
[2020-12-14T03:42:53.419+0000][6][safepoint    ] Safepoint "Cleanup", Time since last: 1000186104 ns, Reaching safepoint: 231323 ns, At safepoint: 18834 ns, Total: 250157 ns
[2020-12-14T03:42:54.419+0000][6][safepoint    ] Safepoint "Cleanup", Time since last: 1000196966 ns, Reaching safepoint: 256536 ns, At safepoint: 18678 ns, Total: 275214 ns
[2020-12-14T03:42:55.420+0000][6][safepoint    ] Safepoint "Cleanup", Time since last: 1000158391 ns, Reaching safepoint: 241002 ns, At safepoint: 19041 ns, Total: 260043 ns
[2020-12-14T03:42:56.420+0000][6][safepoint    ] Safepoint "Cleanup", Time since last: 1000190139 ns, Reaching safepoint: 238564 ns, At safepoint: 17433 ns, Total: 255997 ns
[2020-12-14T03:42:57.420+0000][6][safepoint    ] Safepoint "Cleanup", Time since last: 1000164444 ns, Reaching safepoint: 243607 ns, At safepoint: 18991 ns, Total: 262598 ns
[2020-12-14T03:42:58.421+0000][6][safepoint    ] Safepoint "Cleanup", Time since last: 1000191032 ns, Reaching safepoint: 262404 ns, At safepoint: 18948 ns, Total: 281352 ns
[2020-12-14T03:42:59.759+0000][6][safepoint    ] Safepoint "Cleanup", Time since last: 1338300099 ns, Reaching safepoint: 226947 ns, At safepoint: 20689 ns, Total: 247636 ns
[2020-12-14T03:43:00.760+0000][6][safepoint    ] Safepoint "Cleanup", Time since last: 1000196539 ns, Reaching safepoint: 270952 ns, At safepoint: 18764 ns, Total: 289716 ns
[2020-12-14T03:43:01.760+0000][6][safepoint    ] Safepoint "Cleanup", Time since last: 1000188064 ns, Reaching safepoint: 272106 ns, At safepoint: 18878 ns, Total: 290984 ns
[2020-12-14T03:43:02.761+0000][6][safepoint    ] Safepoint "Cleanup", Time since last: 1000186383 ns, Reaching safepoint: 246212 ns, At safepoint: 21299 ns, Total: 267511 ns
[2020-12-14T03:43:03.761+0000][6][safepoint    ] Safepoint "Cleanup", Time since last: 1000200045 ns, Reaching safepoint: 227013 ns, At safepoint: 20818 ns, Total: 247831 ns
[2020-12-14T03:43:04.762+0000][6][safepoint    ] Safepoint "Cleanup", Time since last: 1000180687 ns, Reaching safepoint: 214807 ns, At safepoint: 19491 ns, Total: 234298 ns
[2020-12-14T03:43:05.762+0000][6][safepoint    ] Safepoint "Cleanup", Time since last: 1000189822 ns, Reaching safepoint: 281421 ns, At safepoint: 16695 ns, Total: 298116 ns
[2020-12-14T03:43:06.763+0000][6][safepoint    ] Safepoint "Cleanup", Time since last: 1000189540 ns, Reaching safepoint: 263087 ns, At safepoint: 18247 ns, Total: 281334 ns
[2020-12-14T03:43:07.763+0000][6][safepoint    ] Safepoint "Cleanup", Time since last: 1000207453 ns, Reaching safepoint: 236346 ns, At safepoint: 19031 ns, Total: 255377 ns
[2020-12-14T03:43:08.764+0000][6][safepoint    ] Safepoint "Cleanup", Time since last: 1000196986 ns, Reaching safepoint: 245773 ns, At safepoint: 16289 ns, Total: 262062 ns
[2020-12-14T03:43:09.764+0000][6][safepoint    ] Safepoint "Cleanup", Time since last: 1000207194 ns, Reaching safepoint: 364996 ns, At safepoint: 19228 ns, Total: 384224 ns
[2020-12-14T03:43:10.765+0000][6][safepoint    ] Safepoint "Cleanup", Time since last: 1000190773 ns, Reaching safepoint: 266063 ns, At safepoint: 19357 ns, Total: 285420 ns
[2020-12-14T03:43:11.765+0000][6][safepoint    ] Safepoint "Cleanup", Time since last: 1000211684 ns, Reaching safepoint: 244671 ns, At safepoint: 17380 ns, Total: 262051 ns
[2020-12-14T03:43:12.766+0000][6][safepoint    ] Safepoint "Cleanup", Time since last: 1000201509 ns, Reaching safepoint: 229425 ns, At safepoint: 21022 ns, Total: 250447 ns
[2020-12-14T03:43:13.766+0000][6][safepoint    ] Safepoint "Cleanup", Time since last: 1000189295 ns, Reaching safepoint: 236442 ns, At safepoint: 21226 ns, Total: 257668 ns
[2020-12-14T03:43:14.767+0000][6][safepoint    ] Safepoint "Cleanup", Time since last: 1000206518 ns, Reaching safepoint: 266783 ns, At safepoint: 20429 ns, Total: 287212 ns
[2020-12-14T03:43:15.767+0000][6][safepoint    ] Safepoint "Cleanup", Time since last: 1000193474 ns, Reaching safepoint: 221124 ns, At safepoint: 17633 ns, Total: 238757 ns
[2020-12-14T03:43:16.768+0000][6][safepoint    ] Safepoint "Cleanup", Time since last: 1000237146 ns, Reaching safepoint: 239878 ns, At safepoint: 19098 ns, Total: 258976 ns
[2020-12-14T03:43:17.768+0000][6][safepoint    ] Safepoint "Cleanup", Time since last: 1000209402 ns, Reaching safepoint: 248373 ns, At safepoint: 18988 ns, Total: 267361 ns
[2020-12-14T03:43:18.768+0000][6][safepoint    ] Safepoint "Cleanup", Time since last: 1000215123 ns, Reaching safepoint: 240141 ns, At safepoint: 19155 ns, Total: 259296 ns
[2020-12-14T03:43:19.769+0000][6][safepoint    ] Safepoint "Cleanup", Time since last: 1000190145 ns, Reaching safepoint: 244498 ns, At safepoint: 19167 ns, Total: 263665 ns
[2020-12-14T03:43:20.825+0000][6][safepoint    ] Safepoint "Cleanup", Time since last: 1055414413 ns, Reaching safepoint: 238828 ns, At safepoint: 19228 ns, Total: 258056 ns
[2020-12-14T03:43:21.825+0000][6][safepoint    ] Safepoint "Cleanup", Time since last: 1000207769 ns, Reaching safepoint: 236986 ns, At safepoint: 64384 ns, Total: 301370 ns
[2020-12-14T03:43:22.825+0000][6][safepoint    ] Safepoint "Cleanup", Time since last: 1000159404 ns, Reaching safepoint: 202829 ns, At safepoint: 20859 ns, Total: 223688 ns
[2020-12-14T03:43:23.826+0000][6][safepoint    ] Safepoint "Cleanup", Time since last: 1000204241 ns, Reaching safepoint: 224489 ns, At safepoint: 19197 ns, Total: 243686 ns
[2020-12-14T03:43:24.826+0000][6][safepoint    ] Safepoint "Cleanup", Time since last: 1000200888 ns, Reaching safepoint: 220800 ns, At safepoint: 18044 ns, Total: 238844 ns
[2020-12-14T03:43:25.827+0000][6][safepoint    ] Safepoint "Cleanup", Time since last: 1000195839 ns, Reaching safepoint: 240888 ns, At safepoint: 18678 ns, Total: 259566 ns
[2020-12-14T03:43:26.827+0000][6][safepoint    ] Safepoint "Cleanup", Time since last: 1000203970 ns, Reaching safepoint: 255580 ns, At safepoint: 21616 ns, Total: 277196 ns
[2020-12-14T03:43:27.828+0000][6][safepoint    ] Safepoint "Cleanup", Time since last: 1000205103 ns, Reaching safepoint: 251125 ns, At safepoint: 18907 ns, Total: 270032 ns
[2020-12-14T03:43:28.828+0000][6][safepoint    ] Safepoint "Cleanup", Time since last: 1000175704 ns, Reaching safepoint: 237163 ns, At safepoint: 19211 ns, Total: 256374 ns
[2020-12-14T03:43:30.435+0000][6][safepoint    ] Safepoint "Cleanup", Time since last: 1606309105 ns, Reaching safepoint: 228912 ns, At safepoint: 19161 ns, Total: 248073 ns
[2020-12-14T03:43:31.440+0000][6][safepoint    ] Safepoint "Cleanup", Time since last: 1004729975 ns, Reaching safepoint: 235305 ns, At safepoint: 18744 ns, Total: 254049 ns
[2020-12-14T03:43:32.440+0000][6][safepoint    ] Safepoint "Cleanup", Time since last: 1000162520 ns, Reaching safepoint: 243960 ns, At safepoint: 18807 ns, Total: 262767 ns
[2020-12-14T03:43:33.441+0000][6][safepoint    ] Safepoint "Cleanup", Time since last: 1000183725 ns, Reaching safepoint: 220505 ns, At safepoint: 18023 ns, Total: 238528 ns
[2020-12-14T03:43:34.441+0000][6][safepoint    ] Safepoint "Cleanup", Time since last: 1000215360 ns, Reaching safepoint: 292075 ns, At safepoint: 17864 ns, Total: 309939 ns
[2020-12-14T03:43:35.442+0000][6][safepoint    ] Safepoint "Cleanup", Time since last: 1000189437 ns, Reaching safepoint: 244054 ns, At safepoint: 18917 ns, Total: 262971 ns
[2020-12-14T03:43:36.442+0000][6][safepoint    ] Safepoint "Cleanup", Time since last: 1000207779 ns, Reaching safepoint: 233401 ns, At safepoint: 19591 ns, Total: 252992 ns
[2020-12-14T03:43:37.443+0000][6][safepoint    ] Safepoint "Cleanup", Time since last: 1000246908 ns, Reaching safepoint: 231773 ns, At safepoint: 18998 ns, Total: 250771 ns
[2020-12-14T03:43:38.443+0000][6][safepoint    ] Safepoint "Cleanup", Time since last: 1000215263 ns, Reaching safepoint: 227727 ns, At safepoint: 17217 ns, Total: 244944 ns
[2020-12-14T03:43:39.444+0000][6][safepoint    ] Safepoint "Cleanup", Time since last: 1000261753 ns, Reaching safepoint: 228615 ns, At safepoint: 19322 ns, Total: 247937 ns
[2020-12-14T03:43:40.444+0000][6][safepoint    ] Safepoint "Cleanup", Time since last: 1000210713 ns, Reaching safepoint: 227711 ns, At safepoint: 19131 ns, Total: 246842 ns
[2020-12-14T03:43:41.444+0000][6][safepoint    ] Safepoint "Cleanup", Time since last: 1000209100 ns, Reaching safepoint: 231616 ns, At safepoint: 19028 ns, Total: 250644 ns
[2020-12-14T03:43:42.445+0000][6][safepoint    ] Safepoint "Cleanup", Time since last: 1000187069 ns, Reaching safepoint: 249894 ns, At safepoint: 18841 ns, Total: 268735 ns
[2020-12-14T03:43:43.445+0000][6][safepoint    ] Safepoint "Cleanup", Time since last: 1000207262 ns, Reaching safepoint: 222588 ns, At safepoint: 18520 ns, Total: 241108 ns
[2020-12-14T03:43:44.446+0000][6][safepoint    ] Safepoint "Cleanup", Time since last: 1000202296 ns, Reaching safepoint: 221664 ns, At safepoint: 19818 ns, Total: 241482 ns
[2020-12-14T03:43:45.446+0000][6][safepoint    ] Safepoint "Cleanup", Time since last: 1000198894 ns, Reaching safepoint: 289276 ns, At safepoint: 17120 ns, Total: 306396 ns
[2020-12-14T03:43:46.447+0000][6][safepoint    ] Safepoint "Cleanup", Time since last: 1000187944 ns, Reaching safepoint: 234011 ns, At safepoint: 18624 ns, Total: 252635 ns
[2020-12-14T03:43:47.447+0000][6][safepoint    ] Safepoint "Cleanup", Time since last: 1000191950 ns, Reaching safepoint: 219036 ns, At safepoint: 18864 ns, Total: 237900 ns
[2020-12-14T03:43:48.448+0000][6][safepoint    ] Safepoint "Cleanup", Time since last: 1000200499 ns, Reaching safepoint: 226083 ns, At safepoint: 18461 ns, Total: 244544 ns
[2020-12-14T03:43:49.448+0000][6][safepoint    ] Safepoint "Cleanup", Time since last: 1000191255 ns, Reaching safepoint: 228732 ns, At safepoint: 17260 ns, Total: 245992 ns
[2020-12-14T03:43:50.449+0000][6][safepoint    ] Safepoint "Cleanup", Time since last: 1000256136 ns, Reaching safepoint: 237270 ns, At safepoint: 19088 ns, Total: 256358 ns
[2020-12-14T03:43:51.449+0000][6][safepoint    ] Safepoint "Cleanup", Time since last: 1000211607 ns, Reaching safepoint: 254183 ns, At safepoint: 17180 ns, Total: 271363 ns
[2020-12-14T03:43:52.450+0000][6][safepoint    ] Safepoint "Cleanup", Time since last: 1000265148 ns, Reaching safepoint: 221848 ns, At safepoint: 18867 ns, Total: 240715 ns
[2020-12-14T03:43:53.450+0000][6][safepoint    ] Safepoint "Cleanup", Time since last: 1000197413 ns, Reaching safepoint: 226954 ns, At safepoint: 17370 ns, Total: 244324 ns
[2020-12-14T03:43:54.450+0000][6][safepoint    ] Safepoint "Cleanup", Time since last: 1000162400 ns, Reaching safepoint: 235876 ns, At safepoint: 17856 ns, Total: 253732 ns
[2020-12-14T03:43:55.451+0000][6][safepoint    ] Safepoint "Cleanup", Time since last: 1000194391 ns, Reaching safepoint: 245815 ns, At safepoint: 17834 ns, Total: 263649 ns
[2020-12-14T03:43:56.451+0000][6][safepoint    ] Safepoint "Cleanup", Time since last: 1000198283 ns, Reaching safepoint: 308260 ns, At safepoint: 18808 ns, Total: 327068 ns
[2020-12-14T03:43:57.452+0000][6][safepoint    ] Safepoint "Cleanup", Time since last: 1000201528 ns, Reaching safepoint: 245028 ns, At safepoint: 19134 ns, Total: 264162 ns
[2020-12-14T03:43:58.452+0000][6][safepoint    ] Safepoint "Cleanup", Time since last: 1000206515 ns, Reaching safepoint: 302760 ns, At safepoint: 20896 ns, Total: 323656 ns
[2020-12-14T03:43:59.453+0000][6][safepoint    ] Safepoint "Cleanup", Time since last: 1000175780 ns, Reaching safepoint: 232858 ns, At safepoint: 19337 ns, Total: 252195 ns
[2020-12-14T03:44:00.734+0000][6][safepoint    ] Safepoint "Cleanup", Time since last: 1281234550 ns, Reaching safepoint: 313467 ns, At safepoint: 19294 ns, Total: 332761 ns
[2020-12-14T03:44:01.735+0000][6][safepoint    ] Safepoint "Cleanup", Time since last: 1000193196 ns, Reaching safepoint: 219113 ns, At safepoint: 19885 ns, Total: 238998 ns
[2020-12-14T03:44:02.735+0000][6][safepoint    ] Safepoint "Cleanup", Time since last: 1000197036 ns, Reaching safepoint: 259219 ns, At safepoint: 19034 ns, Total: 278253 ns
[2020-12-14T03:44:03.736+0000][6][safepoint    ] Safepoint "Cleanup", Time since last: 1000202419 ns, Reaching safepoint: 230343 ns, At safepoint: 19758 ns, Total: 250101 ns
[2020-12-14T03:44:04.736+0000][6][safepoint    ] Safepoint "Cleanup", Time since last: 1000183567 ns, Reaching safepoint: 275689 ns, At safepoint: 19301 ns, Total: 294990 ns
[2020-12-14T03:44:05.737+0000][6][safepoint    ] Safepoint "Cleanup", Time since last: 1000183812 ns, Reaching safepoint: 225212 ns, At safepoint: 20149 ns, Total: 245361 ns
[2020-12-14T03:44:06.737+0000][6][safepoint    ] Safepoint "Cleanup", Time since last: 1000207885 ns, Reaching safepoint: 226090 ns, At safepoint: 19938 ns, Total: 246028 ns
[2020-12-14T03:44:07.738+0000][6][safepoint    ] Safepoint "Cleanup", Time since last: 1000213109 ns, Reaching safepoint: 229295 ns, At safepoint: 19878 ns, Total: 249173 ns
[2020-12-14T03:44:08.738+0000][6][safepoint    ] Safepoint "Cleanup", Time since last: 1000180623 ns, Reaching safepoint: 240138 ns, At safepoint: 16683 ns, Total: 256821 ns
[2020-12-14T03:44:09.739+0000][6][safepoint    ] Safepoint "Cleanup", Time since last: 1000297441 ns, Reaching safepoint: 231326 ns, At safepoint: 20058 ns, Total: 251384 ns
[2020-12-14T03:44:10.739+0000][6][safepoint    ] Safepoint "Cleanup", Time since last: 1000190185 ns, Reaching safepoint: 218266 ns, At safepoint: 18564 ns, Total: 236830 ns
[2020-12-14T03:44:11.739+0000][6][safepoint    ] Safepoint "Cleanup", Time since last: 1000208319 ns, Reaching safepoint: 216274 ns, At safepoint: 18628 ns, Total: 234902 ns
[2020-12-14T03:44:12.740+0000][6][safepoint    ] Safepoint "Cleanup", Time since last: 1000178142 ns, Reaching safepoint: 222438 ns, At safepoint: 17009 ns, Total: 239447 ns
[2020-12-14T03:44:13.740+0000][6][safepoint    ] Safepoint "Cleanup", Time since last: 1000186490 ns, Reaching safepoint: 251465 ns, At safepoint: 19114 ns, Total: 270579 ns
[2020-12-14T03:44:14.741+0000][6][safepoint    ] Safepoint "Cleanup", Time since last: 1000190649 ns, Reaching safepoint: 233814 ns, At safepoint: 19081 ns, Total: 252895 ns
[2020-12-14T03:44:15.741+0000][6][safepoint    ] Safepoint "Cleanup", Time since last: 1000190783 ns, Reaching safepoint: 239561 ns, At safepoint: 19294 ns, Total: 258855 ns
[2020-12-14T03:44:16.742+0000][6][safepoint    ] Safepoint "Cleanup", Time since last: 1000186470 ns, Reaching safepoint: 271645 ns, At safepoint: 17762 ns, Total: 289407 ns
[2020-12-14T03:44:17.742+0000][6][safepoint    ] Safepoint "Cleanup", Time since last: 1000186713 ns, Reaching safepoint: 256477 ns, At safepoint: 17280 ns, Total: 273757 ns
[2020-12-14T03:44:18.743+0000][6][safepoint    ] Safepoint "Cleanup", Time since last: 1000181320 ns, Reaching safepoint: 222215 ns, At safepoint: 25001 ns, Total: 247216 ns
[2020-12-14T03:44:19.743+0000][6][safepoint    ] Safepoint "Cleanup", Time since last: 1000207028 ns, Reaching safepoint: 217212 ns, At safepoint: 17106 ns, Total: 234318 ns
[2020-12-14T03:44:20.743+0000][6][safepoint    ] Safepoint "Cleanup", Time since last: 1000187667 ns, Reaching safepoint: 232944 ns, At safepoint: 18791 ns, Total: 251735 ns
[2020-12-14T03:44:21.744+0000][6][safepoint    ] Safepoint "Cleanup", Time since last: 1000188395 ns, Reaching safepoint: 236653 ns, At safepoint: 18971 ns, Total: 255624 ns
[2020-12-14T03:44:22.744+0000][6][safepoint    ] Safepoint "Cleanup", Time since last: 1000185105 ns, Reaching safepoint: 314567 ns, At safepoint: 21816 ns, Total: 336383 ns
[2020-12-14T03:44:23.745+0000][6][safepoint    ] Safepoint "Cleanup", Time since last: 1000193338 ns, Reaching safepoint: 228007 ns, At safepoint: 18554 ns, Total: 246561 ns
[2020-12-14T03:44:24.745+0000][6][safepoint    ] Safepoint "Cleanup", Time since last: 1000162659 ns, Reaching safepoint: 247949 ns, At safepoint: 18456 ns, Total: 266405 ns
[2020-12-14T03:44:25.746+0000][6][safepoint    ] Safepoint "Cleanup", Time since last: 1000196931 ns, Reaching safepoint: 220684 ns, At safepoint: 18391 ns, Total: 239075 ns
[2020-12-14T03:44:26.746+0000][6][safepoint    ] Safepoint "Cleanup", Time since last: 1000210210 ns, Reaching safepoint: 254169 ns, At safepoint: 18768 ns, Total: 272937 ns
[2020-12-14T03:44:27.747+0000][6][safepoint    ] Safepoint "Cleanup", Time since last: 1000190942 ns, Reaching safepoint: 238240 ns, At safepoint: 18478 ns, Total: 256718 ns
[2020-12-14T03:44:28.747+0000][6][safepoint    ] Safepoint "Cleanup", Time since last: 1000168800 ns, Reaching safepoint: 221951 ns, At safepoint: 20125 ns, Total: 242076 ns
[2020-12-14T03:44:29.731+0000][6][safepoint    ] Safepoint "BulkRevokeBias", Time since last: 982230249 ns, Reaching safepoint: 374904 ns, At safepoint: 915562 ns, Total: 1290466 ns
[2020-12-14T03:44:30.483+0000][6][gc,start     ] GC(58) Pause Young (Normal) (G1 Evacuation Pause)
[2020-12-14T03:44:30.483+0000][6][gc,task      ] GC(58) Using 10 workers of 10 for evacuation
[2020-12-14T03:44:30.483+0000][6][gc,age       ] GC(58) Desired survivor size 26214400 bytes, new threshold 15 (max threshold 15)
[2020-12-14T03:44:30.503+0000][6][gc,age       ] GC(58) Age table with threshold 15 (max threshold 15)
[2020-12-14T03:44:30.503+0000][6][gc,age       ] GC(58) - age   1:     337984 bytes,     337984 total
[2020-12-14T03:44:30.503+0000][6][gc,age       ] GC(58) - age   2:      12096 bytes,     350080 total
[2020-12-14T03:44:30.503+0000][6][gc,age       ] GC(58) - age   3:     496984 bytes,     847064 total
[2020-12-14T03:44:30.503+0000][6][gc,age       ] GC(58) - age   4:      15976 bytes,     863040 total
[2020-12-14T03:44:30.503+0000][6][gc,age       ] GC(58) - age   5:      88792 bytes,     951832 total
[2020-12-14T03:44:30.503+0000][6][gc,age       ] GC(58) - age   6:     263856 bytes,    1215688 total
[2020-12-14T03:44:30.503+0000][6][gc,age       ] GC(58) - age   7:    1040168 bytes,    2255856 total
[2020-12-14T03:44:30.503+0000][6][gc,age       ] GC(58) - age   8:    9019616 bytes,   11275472 total
[2020-12-14T03:44:30.503+0000][6][gc,age       ] GC(58) - age   9:    9962784 bytes,   21238256 total
[2020-12-14T03:44:30.503+0000][6][gc,phases    ] GC(58)   Pre Evacuate Collection Set: 0.2ms
[2020-12-14T03:44:30.503+0000][6][gc,phases    ] GC(58)   Merge Heap Roots: 0.2ms
[2020-12-14T03:44:30.503+0000][6][gc,phases    ] GC(58)   Evacuate Collection Set: 17.2ms
[2020-12-14T03:44:30.503+0000][6][gc,phases    ] GC(58)   Post Evacuate Collection Set: 1.6ms
[2020-12-14T03:44:30.503+0000][6][gc,phases    ] GC(58)   Other: 0.6ms
[2020-12-14T03:44:30.503+0000][6][gc,heap      ] GC(58) Eden regions: 372->0(372)
[2020-12-14T03:44:30.503+0000][6][gc,heap      ] GC(58) Survivor regions: 23->23(50)
[2020-12-14T03:44:30.503+0000][6][gc,heap      ] GC(58) Old regions: 101->101
[2020-12-14T03:44:30.503+0000][6][gc,heap      ] GC(58) Archive regions: 2->2
[2020-12-14T03:44:30.503+0000][6][gc,heap      ] GC(58) Humongous regions: 73->73
[2020-12-14T03:44:30.503+0000][6][gc,metaspace ] GC(58) Metaspace: 76873K(81820K)->76873K(81820K) NonClass: 67249K(70144K)->67249K(70144K) Class: 9624K(11676K)->9624K(11676K)
[2020-12-14T03:44:30.503+0000][6][gc           ] GC(58) Pause Young (Normal) (G1 Evacuation Pause) 568M->196M(793M) 19.989ms
[2020-12-14T03:44:30.503+0000][6][gc,cpu       ] GC(58) User=0.18s Sys=0.00s Real=0.02s
[2020-12-14T03:44:30.503+0000][6][safepoint    ] Safepoint "G1CollectForAllocation", Time since last: 752481006 ns, Reaching safepoint: 234350 ns, At safepoint: 20153838 ns, Total: 20388188 ns
[2020-12-14T03:44:31.504+0000][6][safepoint    ] Safepoint "Cleanup", Time since last: 1000144040 ns, Reaching safepoint: 213009 ns, At safepoint: 18704 ns, Total: 231713 ns
[2020-12-14T03:44:32.504+0000][6][safepoint    ] Safepoint "Cleanup", Time since last: 1000182960 ns, Reaching safepoint: 245882 ns, At safepoint: 18940 ns, Total: 264822 ns
[2020-12-14T03:44:33.505+0000][6][safepoint    ] Safepoint "Cleanup", Time since last: 1000179060 ns, Reaching safepoint: 234291 ns, At safepoint: 18878 ns, Total: 253169 ns
[2020-12-14T03:44:34.505+0000][6][safepoint    ] Safepoint "Cleanup", Time since last: 1000171061 ns, Reaching safepoint: 256210 ns, At safepoint: 19078 ns, Total: 275288 ns
[2020-12-14T03:44:35.506+0000][6][safepoint    ] Safepoint "Cleanup", Time since last: 1000189315 ns, Reaching safepoint: 242079 ns, At safepoint: 18751 ns, Total: 260830 ns
[2020-12-14T03:44:36.506+0000][6][safepoint    ] Safepoint "Cleanup", Time since last: 1000186910 ns, Reaching safepoint: 210983 ns, At safepoint: 17678 ns, Total: 228661 ns
[2020-12-14T03:44:37.507+0000][6][safepoint    ] Safepoint "Cleanup", Time since last: 1000213766 ns, Reaching safepoint: 291671 ns, At safepoint: 19107 ns, Total: 310778 ns
[2020-12-14T03:44:38.507+0000][6][safepoint    ] Safepoint "Cleanup", Time since last: 1000184389 ns, Reaching safepoint: 219877 ns, At safepoint: 18490 ns, Total: 238367 ns
[2020-12-14T03:44:39.507+0000][6][safepoint    ] Safepoint "Cleanup", Time since last: 1000194552 ns, Reaching safepoint: 240618 ns, At safepoint: 18994 ns, Total: 259612 ns
[2020-12-14T03:44:40.508+0000][6][safepoint    ] Safepoint "Cleanup", Time since last: 1000186186 ns, Reaching safepoint: 231317 ns, At safepoint: 18907 ns, Total: 250224 ns
[2020-12-14T03:44:41.508+0000][6][safepoint    ] Safepoint "Cleanup", Time since last: 1000190476 ns, Reaching safepoint: 288149 ns, At safepoint: 18517 ns, Total: 306666 ns
[2020-12-14T03:44:42.509+0000][6][safepoint    ] Safepoint "Cleanup", Time since last: 1000188478 ns, Reaching safepoint: 221744 ns, At safepoint: 21509 ns, Total: 243253 ns
[2020-12-14T03:44:43.509+0000][6][safepoint    ] Safepoint "Cleanup", Time since last: 1000193397 ns, Reaching safepoint: 219693 ns, At safepoint: 26999 ns, Total: 246692 ns
[2020-12-14T03:44:44.510+0000][6][safepoint    ] Safepoint "Cleanup", Time since last: 1000185986 ns, Reaching safepoint: 217895 ns, At safepoint: 21266 ns, Total: 239161 ns
[2020-12-14T03:44:45.510+0000][6][safepoint    ] Safepoint "Cleanup", Time since last: 1000185539 ns, Reaching safepoint: 211755 ns, At safepoint: 20095 ns, Total: 231850 ns
[2020-12-14T03:44:46.511+0000][6][safepoint    ] Safepoint "Cleanup", Time since last: 1000215471 ns, Reaching safepoint: 214886 ns, At safepoint: 21463 ns, Total: 236349 ns
[2020-12-14T03:44:47.511+0000][6][safepoint    ] Safepoint "Cleanup", Time since last: 1000188797 ns, Reaching safepoint: 214667 ns, At safepoint: 21429 ns, Total: 236096 ns
[2020-12-14T03:44:48.511+0000][6][safepoint    ] Safepoint "Cleanup", Time since last: 1000197560 ns, Reaching safepoint: 322489 ns, At safepoint: 24451 ns, Total: 346940 ns
[2020-12-14T03:44:49.512+0000][6][safepoint    ] Safepoint "Cleanup", Time since last: 1000198309 ns, Reaching safepoint: 228969 ns, At safepoint: 20264 ns, Total: 249233 ns
[2020-12-14T03:44:50.512+0000][6][safepoint    ] Safepoint "Cleanup", Time since last: 1000196671 ns, Reaching safepoint: 287898 ns, At safepoint: 21271 ns, Total: 309169 ns
[2020-12-14T03:44:51.513+0000][6][safepoint    ] Safepoint "Cleanup", Time since last: 1000180437 ns, Reaching safepoint: 278260 ns, At safepoint: 24034 ns, Total: 302294 ns
[2020-12-14T03:44:52.513+0000][6][safepoint    ] Safepoint "Cleanup", Time since last: 1000183821 ns, Reaching safepoint: 203637 ns, At safepoint: 21713 ns, Total: 225350 ns
[2020-12-14T03:44:53.514+0000][6][safepoint    ] Safepoint "Cleanup", Time since last: 1000181651 ns, Reaching safepoint: 213172 ns, At safepoint: 20755 ns, Total: 233927 ns
[2020-12-14T03:44:54.514+0000][6][safepoint    ] Safepoint "Cleanup", Time since last: 1000191650 ns, Reaching safepoint: 227117 ns, At safepoint: 21292 ns, Total: 248409 ns
[2020-12-14T03:44:55.515+0000][6][safepoint    ] Safepoint "Cleanup", Time since last: 1000177135 ns, Reaching safepoint: 230412 ns, At safepoint: 21616 ns, Total: 252028 ns
[2020-12-14T03:44:56.515+0000][6][safepoint    ] Safepoint "Cleanup", Time since last: 1000199625 ns, Reaching safepoint: 172013 ns, At safepoint: 20692 ns, Total: 192705 ns
[2020-12-14T03:44:57.515+0000][6][safepoint    ] Safepoint "Cleanup", Time since last: 1000196969 ns, Reaching safepoint: 205672 ns, At safepoint: 20461 ns, Total: 226133 ns
[2020-12-14T03:44:58.516+0000][6][safepoint    ] Safepoint "Cleanup", Time since last: 1000187606 ns, Reaching safepoint: 299095 ns, At safepoint: 22083 ns, Total: 321178 ns
[2020-12-14T03:44:59.516+0000][6][safepoint    ] Safepoint "Cleanup", Time since last: 1000182374 ns, Reaching safepoint: 214263 ns, At safepoint: 21166 ns, Total: 235429 ns
[2020-12-14T03:45:00.517+0000][6][safepoint    ] Safepoint "Cleanup", Time since last: 1000189839 ns, Reaching safepoint: 218839 ns, At safepoint: 21539 ns, Total: 240378 ns
[2020-12-14T03:45:00.742+0000][6][safepoint    ] Safepoint "BulkRevokeBias", Time since last: 223980743 ns, Reaching safepoint: 280078 ns, At safepoint: 1089713 ns, Total: 1369791 ns
[2020-12-14T03:45:01.743+0000][6][safepoint    ] Safepoint "Cleanup", Time since last: 1000706803 ns, Reaching safepoint: 254079 ns, At safepoint: 23534 ns, Total: 277613 ns
[2020-12-14T03:45:02.744+0000][6][safepoint    ] Safepoint "Cleanup", Time since last: 1000185699 ns, Reaching safepoint: 219930 ns, At safepoint: 19214 ns, Total: 239144 ns
[2020-12-14T03:45:03.744+0000][6][safepoint    ] Safepoint "Cleanup", Time since last: 1000172125 ns, Reaching safepoint: 244734 ns, At safepoint: 19271 ns, Total: 264005 ns
[2020-12-14T03:45:04.744+0000][6][safepoint    ] Safepoint "Cleanup", Time since last: 1000183885 ns, Reaching safepoint: 222738 ns, At safepoint: 18494 ns, Total: 241232 ns
[2020-12-14T03:45:05.745+0000][6][safepoint    ] Safepoint "Cleanup", Time since last: 1000181004 ns, Reaching safepoint: 227294 ns, At safepoint: 19312 ns, Total: 246606 ns
[2020-12-14T03:45:06.745+0000][6][safepoint    ] Safepoint "Cleanup", Time since last: 1000202532 ns, Reaching safepoint: 244341 ns, At safepoint: 18667 ns, Total: 263008 ns
[2020-12-14T03:45:07.746+0000][6][safepoint    ] Safepoint "Cleanup", Time since last: 1000190324 ns, Reaching safepoint: 222075 ns, At safepoint: 21215 ns, Total: 243290 ns
[2020-12-14T03:45:08.746+0000][6][safepoint    ] Safepoint "Cleanup", Time since last: 1000190956 ns, Reaching safepoint: 345732 ns, At safepoint: 18954 ns, Total: 364686 ns
[2020-12-14T03:45:09.747+0000][6][safepoint    ] Safepoint "Cleanup", Time since last: 1000170715 ns, Reaching safepoint: 293318 ns, At safepoint: 18961 ns, Total: 312279 ns
[2020-12-14T03:45:10.747+0000][6][safepoint    ] Safepoint "Cleanup", Time since last: 1000188948 ns, Reaching safepoint: 241946 ns, At safepoint: 19031 ns, Total: 260977 ns
[2020-12-14T03:45:11.748+0000][6][safepoint    ] Safepoint "Cleanup", Time since last: 1000191025 ns, Reaching safepoint: 229759 ns, At safepoint: 21055 ns, Total: 250814 ns
[2020-12-14T03:45:12.748+0000][6][safepoint    ] Safepoint "Cleanup", Time since last: 1000197110 ns, Reaching safepoint: 236937 ns, At safepoint: 17393 ns, Total: 254330 ns
[2020-12-14T03:45:13.749+0000][6][safepoint    ] Safepoint "Cleanup", Time since last: 1000191008 ns, Reaching safepoint: 232417 ns, At safepoint: 18660 ns, Total: 251077 ns
[2020-12-14T03:45:14.749+0000][6][safepoint    ] Safepoint "Cleanup", Time since last: 1000187989 ns, Reaching safepoint: 237717 ns, At safepoint: 18420 ns, Total: 256137 ns
[2020-12-14T03:45:15.749+0000][6][safepoint    ] Safepoint "Cleanup", Time since last: 1000190159 ns, Reaching safepoint: 240840 ns, At safepoint: 17478 ns, Total: 258318 ns
[2020-12-14T03:45:16.750+0000][6][safepoint    ] Safepoint "Cleanup", Time since last: 1000186934 ns, Reaching safepoint: 233817 ns, At safepoint: 18678 ns, Total: 252495 ns
[2020-12-14T03:45:17.750+0000][6][safepoint    ] Safepoint "Cleanup", Time since last: 1000208176 ns, Reaching safepoint: 235402 ns, At safepoint: 18608 ns, Total: 254010 ns
[2020-12-14T03:45:18.751+0000][6][safepoint    ] Safepoint "Cleanup", Time since last: 1000187883 ns, Reaching safepoint: 237196 ns, At safepoint: 18641 ns, Total: 255837 ns
[2020-12-14T03:45:19.751+0000][6][safepoint    ] Safepoint "Cleanup", Time since last: 1000193604 ns, Reaching safepoint: 236853 ns, At safepoint: 19825 ns, Total: 256678 ns
[2020-12-14T03:45:20.752+0000][6][safepoint    ] Safepoint "Cleanup", Time since last: 1000191193 ns, Reaching safepoint: 259656 ns, At safepoint: 18974 ns, Total: 278630 ns
[2020-12-14T03:45:21.752+0000][6][safepoint    ] Safepoint "Cleanup", Time since last: 1000190912 ns, Reaching safepoint: 276362 ns, At safepoint: 19171 ns, Total: 295533 ns
[2020-12-14T03:45:22.753+0000][6][safepoint    ] Safepoint "Cleanup", Time since last: 1000188158 ns, Reaching safepoint: 232340 ns, At safepoint: 18184 ns, Total: 250524 ns
[2020-12-14T03:45:23.753+0000][6][safepoint    ] Safepoint "Cleanup", Time since last: 1000176650 ns, Reaching safepoint: 281065 ns, At safepoint: 17443 ns, Total: 298508 ns
[2020-12-14T03:45:24.754+0000][6][safepoint    ] Safepoint "Cleanup", Time since last: 1000192331 ns, Reaching safepoint: 234702 ns, At safepoint: 18624 ns, Total: 253326 ns
[2020-12-14T03:45:25.754+0000][6][safepoint    ] Safepoint "Cleanup", Time since last: 1000181466 ns, Reaching safepoint: 236983 ns, At safepoint: 19047 ns, Total: 256030 ns
[2020-12-14T03:45:26.754+0000][6][safepoint    ] Safepoint "Cleanup", Time since last: 1000188095 ns, Reaching safepoint: 233471 ns, At safepoint: 18114 ns, Total: 251585 ns
[2020-12-14T03:45:27.755+0000][6][safepoint    ] Safepoint "Cleanup", Time since last: 1000191382 ns, Reaching safepoint: 237026 ns, At safepoint: 18725 ns, Total: 255751 ns
[2020-12-14T03:45:28.755+0000][6][safepoint    ] Safepoint "Cleanup", Time since last: 1000215703 ns, Reaching safepoint: 260620 ns, At safepoint: 21075 ns, Total: 281695 ns
[2020-12-14T03:45:29.756+0000][6][safepoint    ] Safepoint "Cleanup", Time since last: 1000175681 ns, Reaching safepoint: 225539 ns, At safepoint: 19011 ns, Total: 244550 ns
[2020-12-14T03:45:31.528+0000][6][safepoint    ] Safepoint "Cleanup", Time since last: 1772442666 ns, Reaching safepoint: 218365 ns, At safepoint: 18451 ns, Total: 236816 ns
[2020-12-14T03:45:32.529+0000][6][safepoint    ] Safepoint "Cleanup", Time since last: 1000183595 ns, Reaching safepoint: 209894 ns, At safepoint: 18667 ns, Total: 228561 ns
[2020-12-14T03:45:33.529+0000][6][safepoint    ] Safepoint "Cleanup", Time since last: 1000208603 ns, Reaching safepoint: 225288 ns, At safepoint: 18910 ns, Total: 244198 ns
[2020-12-14T03:45:34.530+0000][6][safepoint    ] Safepoint "Cleanup", Time since last: 1000193486 ns, Reaching safepoint: 226001 ns, At safepoint: 18820 ns, Total: 244821 ns
[2020-12-14T03:45:35.530+0000][6][safepoint    ] Safepoint "Cleanup", Time since last: 1000190532 ns, Reaching safepoint: 242956 ns, At safepoint: 17400 ns, Total: 260356 ns
[2020-12-14T03:45:36.549+0000][6][safepoint    ] Safepoint "Cleanup", Time since last: 1018821487 ns, Reaching safepoint: 233204 ns, At safepoint: 17116 ns, Total: 250320 ns
[2020-12-14T03:45:37.550+0000][6][safepoint    ] Safepoint "Cleanup", Time since last: 1000186067 ns, Reaching safepoint: 219720 ns, At safepoint: 20365 ns, Total: 240085 ns
[2020-12-14T03:45:38.550+0000][6][safepoint    ] Safepoint "Cleanup", Time since last: 1000181767 ns, Reaching safepoint: 333425 ns, At safepoint: 19074 ns, Total: 352499 ns
[2020-12-14T03:45:39.551+0000][6][safepoint    ] Safepoint "Cleanup", Time since last: 1000171108 ns, Reaching safepoint: 230856 ns, At safepoint: 18907 ns, Total: 249763 ns
[2020-12-14T03:45:40.551+0000][6][safepoint    ] Safepoint "Cleanup", Time since last: 1000167719 ns, Reaching safepoint: 232431 ns, At safepoint: 19848 ns, Total: 252279 ns
[2020-12-14T03:45:41.552+0000][6][safepoint    ] Safepoint "Cleanup", Time since last: 1000194221 ns, Reaching safepoint: 215437 ns, At safepoint: 30356 ns, Total: 245793 ns
[2020-12-14T03:45:42.552+0000][6][safepoint    ] Safepoint "Cleanup", Time since last: 1000176516 ns, Reaching safepoint: 210878 ns, At safepoint: 17863 ns, Total: 228741 ns
[2020-12-14T03:45:43.552+0000][6][safepoint    ] Safepoint "Cleanup", Time since last: 1000184766 ns, Reaching safepoint: 225559 ns, At safepoint: 17404 ns, Total: 242963 ns
[2020-12-14T03:45:44.553+0000][6][safepoint    ] Safepoint "Cleanup", Time since last: 1000184538 ns, Reaching safepoint: 239579 ns, At safepoint: 16557 ns, Total: 256136 ns
[2020-12-14T03:45:45.553+0000][6][safepoint    ] Safepoint "Cleanup", Time since last: 1000161881 ns, Reaching safepoint: 249987 ns, At safepoint: 16930 ns, Total: 266917 ns
[2020-12-14T03:45:46.554+0000][6][safepoint    ] Safepoint "Cleanup", Time since last: 1000197092 ns, Reaching safepoint: 230116 ns, At safepoint: 18630 ns, Total: 248746 ns
[2020-12-14T03:45:47.554+0000][6][safepoint    ] Safepoint "Cleanup", Time since last: 1000153305 ns, Reaching safepoint: 245391 ns, At safepoint: 20171 ns, Total: 265562 ns
[2020-12-14T03:45:48.555+0000][6][safepoint    ] Safepoint "Cleanup", Time since last: 1000191620 ns, Reaching safepoint: 224226 ns, At safepoint: 19938 ns, Total: 244164 ns
[2020-12-14T03:45:49.555+0000][6][safepoint    ] Safepoint "Cleanup", Time since last: 1000190266 ns, Reaching safepoint: 222844 ns, At safepoint: 18708 ns, Total: 241552 ns
[2020-12-14T03:45:50.555+0000][6][safepoint    ] Safepoint "Cleanup", Time since last: 1000185128 ns, Reaching safepoint: 234489 ns, At safepoint: 16736 ns, Total: 251225 ns
[2020-12-14T03:45:51.556+0000][6][safepoint    ] Safepoint "Cleanup", Time since last: 1000181691 ns, Reaching safepoint: 227831 ns, At safepoint: 18464 ns, Total: 246295 ns
[2020-12-14T03:45:52.556+0000][6][safepoint    ] Safepoint "Cleanup", Time since last: 1000189528 ns, Reaching safepoint: 244734 ns, At safepoint: 19058 ns, Total: 263792 ns
[2020-12-14T03:45:53.557+0000][6][safepoint    ] Safepoint "Cleanup", Time since last: 1000183311 ns, Reaching safepoint: 232107 ns, At safepoint: 17450 ns, Total: 249557 ns
[2020-12-14T03:45:54.557+0000][6][safepoint    ] Safepoint "Cleanup", Time since last: 1000189885 ns, Reaching safepoint: 333178 ns, At safepoint: 20151 ns, Total: 353329 ns
[2020-12-14T03:45:55.558+0000][6][safepoint    ] Safepoint "Cleanup", Time since last: 1000169067 ns, Reaching safepoint: 248556 ns, At safepoint: 19215 ns, Total: 267771 ns
[2020-12-14T03:45:56.558+0000][6][safepoint    ] Safepoint "Cleanup", Time since last: 1000183134 ns, Reaching safepoint: 276563 ns, At safepoint: 19471 ns, Total: 296034 ns
[2020-12-14T03:45:57.559+0000][6][safepoint    ] Safepoint "Cleanup", Time since last: 1000158513 ns, Reaching safepoint: 216405 ns, At safepoint: 18630 ns, Total: 235035 ns
[2020-12-14T03:45:58.559+0000][6][safepoint    ] Safepoint "Cleanup", Time since last: 1000179583 ns, Reaching safepoint: 241225 ns, At safepoint: 30106 ns, Total: 271331 ns
[2020-12-14T03:45:59.559+0000][6][safepoint    ] Safepoint "Cleanup", Time since last: 1000200487 ns, Reaching safepoint: 229352 ns, At safepoint: 18811 ns, Total: 248163 ns
[2020-12-14T03:46:00.560+0000][6][safepoint    ] Safepoint "Cleanup", Time since last: 1000187186 ns, Reaching safepoint: 225606 ns, At safepoint: 18821 ns, Total: 244427 ns
[2020-12-14T03:46:01.560+0000][6][safepoint    ] Safepoint "Cleanup", Time since last: 1000205030 ns, Reaching safepoint: 248487 ns, At safepoint: 20475 ns, Total: 268962 ns
[2020-12-14T03:46:02.725+0000][6][safepoint    ] Safepoint "Cleanup", Time since last: 1164673527 ns, Reaching safepoint: 293002 ns, At safepoint: 18534 ns, Total: 311536 ns
[2020-12-14T03:46:03.726+0000][6][safepoint    ] Safepoint "Cleanup", Time since last: 1000157426 ns, Reaching safepoint: 221138 ns, At safepoint: 17296 ns, Total: 238434 ns
[2020-12-14T03:46:04.726+0000][6][safepoint    ] Safepoint "Cleanup", Time since last: 1000185346 ns, Reaching safepoint: 263778 ns, At safepoint: 24611 ns, Total: 288389 ns
[2020-12-14T03:46:05.913+0000][6][safepoint    ] Safepoint "Cleanup", Time since last: 1186349143 ns, Reaching safepoint: 234831 ns, At safepoint: 19065 ns, Total: 253896 ns
[2020-12-14T03:46:06.913+0000][6][safepoint    ] Safepoint "Cleanup", Time since last: 1000203775 ns, Reaching safepoint: 301235 ns, At safepoint: 18256 ns, Total: 319491 ns
[2020-12-14T03:46:07.914+0000][6][safepoint    ] Safepoint "Cleanup", Time since last: 1000200308 ns, Reaching safepoint: 242282 ns, At safepoint: 18988 ns, Total: 261270 ns
[2020-12-14T03:46:08.914+0000][6][safepoint    ] Safepoint "Cleanup", Time since last: 1000189092 ns, Reaching safepoint: 286952 ns, At safepoint: 24128 ns, Total: 311080 ns
[2020-12-14T03:46:09.915+0000][6][safepoint    ] Safepoint "Cleanup", Time since last: 1000200703 ns, Reaching safepoint: 271139 ns, At safepoint: 21793 ns, Total: 292932 ns
[2020-12-14T03:46:10.915+0000][6][safepoint    ] Safepoint "Cleanup", Time since last: 1000192480 ns, Reaching safepoint: 244356 ns, At safepoint: 18090 ns, Total: 262446 ns
[2020-12-14T03:46:11.916+0000][6][safepoint    ] Safepoint "Cleanup", Time since last: 1000186017 ns, Reaching safepoint: 233191 ns, At safepoint: 18918 ns, Total: 252109 ns
[2020-12-14T03:46:12.916+0000][6][safepoint    ] Safepoint "Cleanup", Time since last: 1000180890 ns, Reaching safepoint: 269541 ns, At safepoint: 18871 ns, Total: 288412 ns
[2020-12-14T03:46:13.917+0000][6][safepoint    ] Safepoint "Cleanup", Time since last: 1000190299 ns, Reaching safepoint: 223282 ns, At safepoint: 18524 ns, Total: 241806 ns
[2020-12-14T03:46:14.917+0000][6][safepoint    ] Safepoint "Cleanup", Time since last: 1000184989 ns, Reaching safepoint: 224032 ns, At safepoint: 17377 ns, Total: 241409 ns
[2020-12-14T03:46:15.917+0000][6][safepoint    ] Safepoint "Cleanup", Time since last: 1000204500 ns, Reaching safepoint: 226634 ns, At safepoint: 18367 ns, Total: 245001 ns
[2020-12-14T03:46:16.918+0000][6][safepoint    ] Safepoint "Cleanup", Time since last: 1000184168 ns, Reaching safepoint: 222354 ns, At safepoint: 18177 ns, Total: 240531 ns
[2020-12-14T03:46:17.918+0000][6][safepoint    ] Safepoint "Cleanup", Time since last: 1000203910 ns, Reaching safepoint: 229849 ns, At safepoint: 18868 ns, Total: 248717 ns
[2020-12-14T03:46:18.919+0000][6][safepoint    ] Safepoint "Cleanup", Time since last: 1000185533 ns, Reaching safepoint: 233474 ns, At safepoint: 19021 ns, Total: 252495 ns
[2020-12-14T03:46:19.919+0000][6][safepoint    ] Safepoint "Cleanup", Time since last: 1000191386 ns, Reaching safepoint: 257398 ns, At safepoint: 18310 ns, Total: 275708 ns
[2020-12-14T03:46:20.920+0000][6][safepoint    ] Safepoint "Cleanup", Time since last: 1000199431 ns, Reaching safepoint: 215614 ns, At safepoint: 18294 ns, Total: 233908 ns
[2020-12-14T03:46:21.920+0000][6][safepoint    ] Safepoint "Cleanup", Time since last: 1000186910 ns, Reaching safepoint: 371426 ns, At safepoint: 18466 ns, Total: 389892 ns
[2020-12-14T03:46:22.921+0000][6][safepoint    ] Safepoint "Cleanup", Time since last: 1000188530 ns, Reaching safepoint: 229842 ns, At safepoint: 17664 ns, Total: 247506 ns
[2020-12-14T03:46:23.921+0000][6][safepoint    ] Safepoint "Cleanup", Time since last: 1000179965 ns, Reaching safepoint: 250191 ns, At safepoint: 17673 ns, Total: 267864 ns
[2020-12-14T03:46:24.922+0000][6][safepoint    ] Safepoint "Cleanup", Time since last: 1000152197 ns, Reaching safepoint: 207661 ns, At safepoint: 17652 ns, Total: 225313 ns
[2020-12-14T03:46:25.922+0000][6][safepoint    ] Safepoint "Cleanup", Time since last: 1000190396 ns, Reaching safepoint: 221584 ns, At safepoint: 18454 ns, Total: 240038 ns
[2020-12-14T03:46:26.922+0000][6][safepoint    ] Safepoint "Cleanup", Time since last: 1000194121 ns, Reaching safepoint: 212492 ns, At safepoint: 17984 ns, Total: 230476 ns
[2020-12-14T03:46:27.923+0000][6][safepoint    ] Safepoint "Cleanup", Time since last: 1000176054 ns, Reaching safepoint: 246238 ns, At safepoint: 17950 ns, Total: 264188 ns
[2020-12-14T03:46:28.923+0000][6][safepoint    ] Safepoint "Cleanup", Time since last: 1000169287 ns, Reaching safepoint: 237109 ns, At safepoint: 23754 ns, Total: 260863 ns
[2020-12-14T03:46:30.878+0000][6][safepoint    ] Safepoint "Cleanup", Time since last: 1954174433 ns, Reaching safepoint: 243643 ns, At safepoint: 17407 ns, Total: 261050 ns
[2020-12-14T03:46:31.878+0000][6][safepoint    ] Safepoint "Cleanup", Time since last: 1000185697 ns, Reaching safepoint: 269585 ns, At safepoint: 18737 ns, Total: 288322 ns
[2020-12-14T03:46:32.879+0000][6][safepoint    ] Safepoint "Cleanup", Time since last: 1000188725 ns, Reaching safepoint: 220270 ns, At safepoint: 18264 ns, Total: 238534 ns
[2020-12-14T03:46:33.879+0000][6][safepoint    ] Safepoint "Cleanup", Time since last: 1000181286 ns, Reaching safepoint: 212619 ns, At safepoint: 16823 ns, Total: 229442 ns
[2020-12-14T03:46:34.879+0000][6][safepoint    ] Safepoint "Cleanup", Time since last: 1000204531 ns, Reaching safepoint: 211768 ns, At safepoint: 17897 ns, Total: 229665 ns
[2020-12-14T03:46:35.581+0000][6][safepoint    ] Safepoint "BulkRevokeBias", Time since last: 700694148 ns, Reaching safepoint: 203814 ns, At safepoint: 1064662 ns, Total: 1268476 ns
[2020-12-14T03:46:36.582+0000][6][safepoint    ] Safepoint "Cleanup", Time since last: 1000191296 ns, Reaching safepoint: 239100 ns, At safepoint: 18321 ns, Total: 257421 ns
[2020-12-14T03:46:37.582+0000][6][safepoint    ] Safepoint "Cleanup", Time since last: 1000188308 ns, Reaching safepoint: 258425 ns, At safepoint: 19875 ns, Total: 278300 ns
[2020-12-14T03:46:38.583+0000][6][safepoint    ] Safepoint "Cleanup", Time since last: 1000178048 ns, Reaching safepoint: 244117 ns, At safepoint: 18677 ns, Total: 262794 ns
[2020-12-14T03:46:39.583+0000][6][safepoint    ] Safepoint "Cleanup", Time since last: 1000170950 ns, Reaching safepoint: 235973 ns, At safepoint: 19081 ns, Total: 255054 ns
[2020-12-14T03:46:40.584+0000][6][safepoint    ] Safepoint "Cleanup", Time since last: 1000184140 ns, Reaching safepoint: 222902 ns, At safepoint: 19514 ns, Total: 242416 ns
[2020-12-14T03:46:41.584+0000][6][safepoint    ] Safepoint "Cleanup", Time since last: 1000182480 ns, Reaching safepoint: 221460 ns, At safepoint: 17240 ns, Total: 238700 ns
[2020-12-14T03:46:42.585+0000][6][safepoint    ] Safepoint "Cleanup", Time since last: 1000218419 ns, Reaching safepoint: 239414 ns, At safepoint: 18757 ns, Total: 258171 ns
[2020-12-14T03:46:43.585+0000][6][safepoint    ] Safepoint "Cleanup", Time since last: 1000192586 ns, Reaching safepoint: 219572 ns, At safepoint: 19556 ns, Total: 239128 ns
[2020-12-14T03:46:44.585+0000][6][safepoint    ] Safepoint "Cleanup", Time since last: 1000191967 ns, Reaching safepoint: 256501 ns, At safepoint: 18671 ns, Total: 275172 ns
[2020-12-14T03:46:45.586+0000][6][safepoint    ] Safepoint "Cleanup", Time since last: 1000184471 ns, Reaching safepoint: 236633 ns, At safepoint: 18871 ns, Total: 255504 ns
[2020-12-14T03:46:46.586+0000][6][safepoint    ] Safepoint "Cleanup", Time since last: 1000187794 ns, Reaching safepoint: 254863 ns, At safepoint: 18794 ns, Total: 273657 ns
[2020-12-14T03:46:47.587+0000][6][safepoint    ] Safepoint "Cleanup", Time since last: 1000184799 ns, Reaching safepoint: 210998 ns, At safepoint: 18671 ns, Total: 229669 ns
[2020-12-14T03:46:48.587+0000][6][safepoint    ] Safepoint "Cleanup", Time since last: 1000196755 ns, Reaching safepoint: 347259 ns, At safepoint: 17718 ns, Total: 364977 ns
[2020-12-14T03:46:49.588+0000][6][safepoint    ] Safepoint "Cleanup", Time since last: 1000183398 ns, Reaching safepoint: 225713 ns, At safepoint: 18468 ns, Total: 244181 ns
[2020-12-14T03:46:50.588+0000][6][safepoint    ] Safepoint "Cleanup", Time since last: 1000188538 ns, Reaching safepoint: 268959 ns, At safepoint: 18346 ns, Total: 287305 ns
[2020-12-14T03:46:51.589+0000][6][safepoint    ] Safepoint "Cleanup", Time since last: 1000187090 ns, Reaching safepoint: 231042 ns, At safepoint: 18841 ns, Total: 249883 ns
[2020-12-14T03:46:52.589+0000][6][safepoint    ] Safepoint "Cleanup", Time since last: 1000191717 ns, Reaching safepoint: 251458 ns, At safepoint: 16153 ns, Total: 267611 ns
[2020-12-14T03:46:53.590+0000][6][safepoint    ] Safepoint "Cleanup", Time since last: 1000194079 ns, Reaching safepoint: 221651 ns, At safepoint: 17367 ns, Total: 239018 ns
[2020-12-14T03:46:54.590+0000][6][safepoint    ] Safepoint "Cleanup", Time since last: 1000186877 ns, Reaching safepoint: 226771 ns, At safepoint: 18720 ns, Total: 245491 ns
[2020-12-14T03:46:55.590+0000][6][safepoint    ] Safepoint "Cleanup", Time since last: 1000200028 ns, Reaching safepoint: 221155 ns, At safepoint: 17810 ns, Total: 238965 ns
[2020-12-14T03:46:56.591+0000][6][safepoint    ] Safepoint "Cleanup", Time since last: 1000187583 ns, Reaching safepoint: 243810 ns, At safepoint: 18597 ns, Total: 262407 ns
[2020-12-14T03:46:57.591+0000][6][safepoint    ] Safepoint "Cleanup", Time since last: 1000188448 ns, Reaching safepoint: 245125 ns, At safepoint: 18484 ns, Total: 263609 ns
[2020-12-14T03:46:58.592+0000][6][safepoint    ] Safepoint "Cleanup", Time since last: 1000165017 ns, Reaching safepoint: 264785 ns, At safepoint: 18805 ns, Total: 283590 ns
[2020-12-14T03:46:59.592+0000][6][safepoint    ] Safepoint "Cleanup", Time since last: 1000143071 ns, Reaching safepoint: 257285 ns, At safepoint: 23920 ns, Total: 281205 ns
[2020-12-14T03:47:00.593+0000][6][safepoint    ] Safepoint "Cleanup", Time since last: 1000183922 ns, Reaching safepoint: 227124 ns, At safepoint: 18494 ns, Total: 245618 ns
[2020-12-14T03:47:01.593+0000][6][safepoint    ] Safepoint "Cleanup", Time since last: 1000185524 ns, Reaching safepoint: 232917 ns, At safepoint: 17176 ns, Total: 250093 ns
[2020-12-14T03:47:02.736+0000][6][safepoint    ] Safepoint "Cleanup", Time since last: 1142978744 ns, Reaching safepoint: 240455 ns, At safepoint: 20949 ns, Total: 261404 ns
[2020-12-14T03:47:03.740+0000][6][safepoint    ] Safepoint "Cleanup", Time since last: 1003382567 ns, Reaching safepoint: 220530 ns, At safepoint: 18327 ns, Total: 238857 ns
[2020-12-14T03:47:04.740+0000][6][safepoint    ] Safepoint "Cleanup", Time since last: 1000212850 ns, Reaching safepoint: 218649 ns, At safepoint: 17472 ns, Total: 236121 ns
[2020-12-14T03:47:05.741+0000][6][safepoint    ] Safepoint "Cleanup", Time since last: 1000169934 ns, Reaching safepoint: 233805 ns, At safepoint: 18620 ns, Total: 252425 ns
[2020-12-14T03:47:06.741+0000][6][safepoint    ] Safepoint "Cleanup", Time since last: 1000174970 ns, Reaching safepoint: 237370 ns, At safepoint: 20148 ns, Total: 257518 ns
[2020-12-14T03:47:07.742+0000][6][safepoint    ] Safepoint "Cleanup", Time since last: 1000189733 ns, Reaching safepoint: 216644 ns, At safepoint: 18131 ns, Total: 234775 ns
[2020-12-14T03:47:08.742+0000][6][safepoint    ] Safepoint "Cleanup", Time since last: 1000182290 ns, Reaching safepoint: 220070 ns, At safepoint: 16923 ns, Total: 236993 ns
[2020-12-14T03:47:09.743+0000][6][safepoint    ] Safepoint "Cleanup", Time since last: 1000210873 ns, Reaching safepoint: 225223 ns, At safepoint: 18147 ns, Total: 243370 ns
[2020-12-14T03:47:10.743+0000][6][safepoint    ] Safepoint "Cleanup", Time since last: 1000187891 ns, Reaching safepoint: 230166 ns, At safepoint: 19534 ns, Total: 249700 ns
[2020-12-14T03:47:11.743+0000][6][safepoint    ] Safepoint "Cleanup", Time since last: 1000184075 ns, Reaching safepoint: 231400 ns, At safepoint: 17240 ns, Total: 248640 ns
[2020-12-14T03:47:12.744+0000][6][safepoint    ] Safepoint "Cleanup", Time since last: 1000185966 ns, Reaching safepoint: 227459 ns, At safepoint: 17269 ns, Total: 244728 ns
[2020-12-14T03:47:13.744+0000][6][safepoint    ] Safepoint "Cleanup", Time since last: 1000184805 ns, Reaching safepoint: 254166 ns, At safepoint: 18588 ns, Total: 272754 ns
[2020-12-14T03:47:14.745+0000][6][safepoint    ] Safepoint "Cleanup", Time since last: 1000185789 ns, Reaching safepoint: 241689 ns, At safepoint: 17647 ns, Total: 259336 ns
[2020-12-14T03:47:15.745+0000][6][safepoint    ] Safepoint "Cleanup", Time since last: 1000194415 ns, Reaching safepoint: 250368 ns, At safepoint: 17844 ns, Total: 268212 ns
[2020-12-14T03:47:16.746+0000][6][safepoint    ] Safepoint "Cleanup", Time since last: 1000187406 ns, Reaching safepoint: 239915 ns, At safepoint: 17928 ns, Total: 257843 ns
[2020-12-14T03:47:17.746+0000][6][safepoint    ] Safepoint "Cleanup", Time since last: 1000187205 ns, Reaching safepoint: 229138 ns, At safepoint: 17330 ns, Total: 246468 ns
[2020-12-14T03:47:18.747+0000][6][safepoint    ] Safepoint "Cleanup", Time since last: 1000203027 ns, Reaching safepoint: 234838 ns, At safepoint: 18727 ns, Total: 253565 ns
[2020-12-14T03:47:19.747+0000][6][safepoint    ] Safepoint "Cleanup", Time since last: 1000188668 ns, Reaching safepoint: 239181 ns, At safepoint: 17629 ns, Total: 256810 ns
[2020-12-14T03:47:20.747+0000][6][safepoint    ] Safepoint "Cleanup", Time since last: 1000184321 ns, Reaching safepoint: 234622 ns, At safepoint: 18807 ns, Total: 253429 ns
[2020-12-14T03:47:21.748+0000][6][safepoint    ] Safepoint "Cleanup", Time since last: 1000188646 ns, Reaching safepoint: 237684 ns, At safepoint: 18690 ns, Total: 256374 ns
[2020-12-14T03:47:22.748+0000][6][safepoint    ] Safepoint "Cleanup", Time since last: 1000187824 ns, Reaching safepoint: 249997 ns, At safepoint: 18654 ns, Total: 268651 ns
[2020-12-14T03:47:23.749+0000][6][safepoint    ] Safepoint "Cleanup", Time since last: 1000189282 ns, Reaching safepoint: 238814 ns, At safepoint: 18694 ns, Total: 257508 ns
[2020-12-14T03:47:24.749+0000][6][safepoint    ] Safepoint "Cleanup", Time since last: 1000187704 ns, Reaching safepoint: 261734 ns, At safepoint: 18604 ns, Total: 280338 ns
[2020-12-14T03:47:25.750+0000][6][safepoint    ] Safepoint "Cleanup", Time since last: 1000188768 ns, Reaching safepoint: 222925 ns, At safepoint: 18537 ns, Total: 241462 ns
[2020-12-14T03:47:26.750+0000][6][safepoint    ] Safepoint "Cleanup", Time since last: 1000189186 ns, Reaching safepoint: 230379 ns, At safepoint: 39173 ns, Total: 269552 ns
[2020-12-14T03:47:27.751+0000][6][safepoint    ] Safepoint "Cleanup", Time since last: 1000188913 ns, Reaching safepoint: 236413 ns, At safepoint: 17510 ns, Total: 253923 ns
[2020-12-14T03:47:28.751+0000][6][safepoint    ] Safepoint "Cleanup", Time since last: 1000190338 ns, Reaching safepoint: 257425 ns, At safepoint: 30656 ns, Total: 288081 ns
[2020-12-14T03:47:29.751+0000][6][safepoint    ] Safepoint "Cleanup", Time since last: 1000208057 ns, Reaching safepoint: 226450 ns, At safepoint: 24745 ns, Total: 251195 ns
[2020-12-14T03:47:29.925+0000][6][safepoint    ] Safepoint "BulkRevokeBias", Time since last: 172191140 ns, Reaching safepoint: 175441 ns, At safepoint: 911574 ns, Total: 1087015 ns
[2020-12-14T03:47:30.939+0000][6][safepoint    ] Safepoint "Cleanup", Time since last: 1014420012 ns, Reaching safepoint: 229302 ns, At safepoint: 19668 ns, Total: 248970 ns
[2020-12-14T03:47:31.940+0000][6][safepoint    ] Safepoint "Cleanup", Time since last: 1000186730 ns, Reaching safepoint: 237850 ns, At safepoint: 19292 ns, Total: 257142 ns
[2020-12-14T03:47:32.940+0000][6][safepoint    ] Safepoint "Cleanup", Time since last: 1000185865 ns, Reaching safepoint: 249387 ns, At safepoint: 18771 ns, Total: 268158 ns
[2020-12-14T03:47:33.941+0000][6][safepoint    ] Safepoint "Cleanup", Time since last: 1000190999 ns, Reaching safepoint: 218196 ns, At safepoint: 21472 ns, Total: 239668 ns
[2020-12-14T03:47:34.941+0000][6][safepoint    ] Safepoint "Cleanup", Time since last: 1000188758 ns, Reaching safepoint: 239961 ns, At safepoint: 17313 ns, Total: 257274 ns
[2020-12-14T03:47:35.618+0000][6][safepoint    ] Safepoint "BulkRevokeBias", Time since last: 676036712 ns, Reaching safepoint: 227189 ns, At safepoint: 1043175 ns, Total: 1270364 ns
[2020-12-14T03:47:36.621+0000][6][safepoint    ] Safepoint "Cleanup", Time since last: 1002293347 ns, Reaching safepoint: 246115 ns, At safepoint: 17043 ns, Total: 263158 ns
[2020-12-14T03:47:37.621+0000][6][safepoint    ] Safepoint "Cleanup", Time since last: 1000183730 ns, Reaching safepoint: 219109 ns, At safepoint: 18187 ns, Total: 237296 ns
[2020-12-14T03:47:38.622+0000][6][safepoint    ] Safepoint "Cleanup", Time since last: 1000179415 ns, Reaching safepoint: 221337 ns, At safepoint: 18054 ns, Total: 239391 ns
[2020-12-14T03:47:39.622+0000][6][safepoint    ] Safepoint "Cleanup", Time since last: 1000220374 ns, Reaching safepoint: 220937 ns, At safepoint: 25221 ns, Total: 246158 ns
[2020-12-14T03:47:40.623+0000][6][safepoint    ] Safepoint "Cleanup", Time since last: 1000189360 ns, Reaching safepoint: 224779 ns, At safepoint: 18998 ns, Total: 243777 ns
[2020-12-14T03:47:41.623+0000][6][safepoint    ] Safepoint "Cleanup", Time since last: 1000197443 ns, Reaching safepoint: 250584 ns, At safepoint: 19061 ns, Total: 269645 ns
[2020-12-14T03:47:42.624+0000][6][safepoint    ] Safepoint "Cleanup", Time since last: 1000175097 ns, Reaching safepoint: 224519 ns, At safepoint: 19918 ns, Total: 244437 ns
[2020-12-14T03:47:43.624+0000][6][safepoint    ] Safepoint "Cleanup", Time since last: 1000191350 ns, Reaching safepoint: 385351 ns, At safepoint: 19738 ns, Total: 405089 ns
[2020-12-14T03:47:44.625+0000][6][safepoint    ] Safepoint "Cleanup", Time since last: 1000186460 ns, Reaching safepoint: 220553 ns, At safepoint: 18831 ns, Total: 239384 ns
[2020-12-14T03:47:45.625+0000][6][safepoint    ] Safepoint "Cleanup", Time since last: 1000187275 ns, Reaching safepoint: 255170 ns, At safepoint: 19704 ns, Total: 274874 ns
[2020-12-14T03:47:46.626+0000][6][safepoint    ] Safepoint "Cleanup", Time since last: 1000152797 ns, Reaching safepoint: 228958 ns, At safepoint: 18824 ns, Total: 247782 ns
[2020-12-14T03:47:47.626+0000][6][safepoint    ] Safepoint "Cleanup", Time since last: 1000186538 ns, Reaching safepoint: 228711 ns, At safepoint: 18821 ns, Total: 247532 ns
[2020-12-14T03:47:48.626+0000][6][safepoint    ] Safepoint "Cleanup", Time since last: 1000124874 ns, Reaching safepoint: 227814 ns, At safepoint: 18774 ns, Total: 246588 ns
[2020-12-14T03:47:49.627+0000][6][safepoint    ] Safepoint "Cleanup", Time since last: 1000173559 ns, Reaching safepoint: 235743 ns, At safepoint: 18777 ns, Total: 254520 ns
[2020-12-14T03:47:50.627+0000][6][safepoint    ] Safepoint "Cleanup", Time since last: 1000192637 ns, Reaching safepoint: 250703 ns, At safepoint: 17970 ns, Total: 268673 ns
[2020-12-14T03:47:51.628+0000][6][safepoint    ] Safepoint "Cleanup", Time since last: 1000203964 ns, Reaching safepoint: 234275 ns, At safepoint: 19261 ns, Total: 253536 ns
[2020-12-14T03:47:52.628+0000][6][safepoint    ] Safepoint "Cleanup", Time since last: 1000188121 ns, Reaching safepoint: 253912 ns, At safepoint: 18798 ns, Total: 272710 ns
[2020-12-14T03:47:53.629+0000][6][safepoint    ] Safepoint "Cleanup", Time since last: 1000204110 ns, Reaching safepoint: 240799 ns, At safepoint: 18937 ns, Total: 259736 ns
[2020-12-14T03:47:54.629+0000][6][safepoint    ] Safepoint "Cleanup", Time since last: 1000186493 ns, Reaching safepoint: 270672 ns, At safepoint: 21309 ns, Total: 291981 ns
[2020-12-14T03:47:55.630+0000][6][safepoint    ] Safepoint "Cleanup", Time since last: 1000191426 ns, Reaching safepoint: 244911 ns, At safepoint: 17980 ns, Total: 262891 ns
[2020-12-14T03:47:56.630+0000][6][safepoint    ] Safepoint "Cleanup", Time since last: 1000181397 ns, Reaching safepoint: 232547 ns, At safepoint: 17084 ns, Total: 249631 ns
[2020-12-14T03:47:57.631+0000][6][safepoint    ] Safepoint "Cleanup", Time since last: 1000253515 ns, Reaching safepoint: 228875 ns, At safepoint: 18824 ns, Total: 247699 ns
[2020-12-14T03:47:58.631+0000][6][safepoint    ] Safepoint "Cleanup", Time since last: 1000183631 ns, Reaching safepoint: 263015 ns, At safepoint: 18014 ns, Total: 281029 ns
[2020-12-14T03:47:59.631+0000][6][safepoint    ] Safepoint "Cleanup", Time since last: 1000181984 ns, Reaching safepoint: 221604 ns, At safepoint: 18834 ns, Total: 240438 ns
[2020-12-14T03:48:00.632+0000][6][safepoint    ] Safepoint "Cleanup", Time since last: 1000186570 ns, Reaching safepoint: 239123 ns, At safepoint: 17598 ns, Total: 256721 ns
[2020-12-14T03:48:01.632+0000][6][safepoint    ] Safepoint "Cleanup", Time since last: 1000184866 ns, Reaching safepoint: 271342 ns, At safepoint: 19175 ns, Total: 290517 ns
[2020-12-14T03:48:02.633+0000][6][safepoint    ] Safepoint "Cleanup", Time since last: 1000198643 ns, Reaching safepoint: 222705 ns, At safepoint: 18790 ns, Total: 241495 ns
[2020-12-14T03:48:03.633+0000][6][safepoint    ] Safepoint "Cleanup", Time since last: 1000186117 ns, Reaching safepoint: 238420 ns, At safepoint: 19351 ns, Total: 257771 ns
[2020-12-14T03:48:04.738+0000][6][safepoint    ] Safepoint "Cleanup", Time since last: 1104697767 ns, Reaching safepoint: 265850 ns, At safepoint: 19431 ns, Total: 285281 ns
[2020-12-14T03:48:05.739+0000][6][safepoint    ] Safepoint "Cleanup", Time since last: 1000188661 ns, Reaching safepoint: 232825 ns, At safepoint: 18054 ns, Total: 250879 ns
[2020-12-14T03:48:06.739+0000][6][safepoint    ] Safepoint "Cleanup", Time since last: 1000187282 ns, Reaching safepoint: 267031 ns, At safepoint: 17476 ns, Total: 284507 ns
[2020-12-14T03:48:07.740+0000][6][safepoint    ] Safepoint "Cleanup", Time since last: 1000185489 ns, Reaching safepoint: 237264 ns, At safepoint: 17243 ns, Total: 254507 ns
[2020-12-14T03:48:08.740+0000][6][safepoint    ] Safepoint "Cleanup", Time since last: 1000182368 ns, Reaching safepoint: 243000 ns, At safepoint: 19394 ns, Total: 262394 ns
[2020-12-14T03:48:09.740+0000][6][safepoint    ] Safepoint "Cleanup", Time since last: 1000196559 ns, Reaching safepoint: 228925 ns, At safepoint: 19064 ns, Total: 247989 ns
[2020-12-14T03:48:10.741+0000][6][safepoint    ] Safepoint "Cleanup", Time since last: 1000188631 ns, Reaching safepoint: 236896 ns, At safepoint: 31602 ns, Total: 268498 ns
[2020-12-14T03:48:11.741+0000][6][safepoint    ] Safepoint "Cleanup", Time since last: 1000211971 ns, Reaching safepoint: 232804 ns, At safepoint: 18991 ns, Total: 251795 ns
[2020-12-14T03:48:12.742+0000][6][safepoint    ] Safepoint "Cleanup", Time since last: 1000182877 ns, Reaching safepoint: 226534 ns, At safepoint: 20031 ns, Total: 246565 ns
[2020-12-14T03:48:13.742+0000][6][safepoint    ] Safepoint "Cleanup", Time since last: 1000165018 ns, Reaching safepoint: 264159 ns, At safepoint: 18320 ns, Total: 282479 ns
[2020-12-14T03:48:14.743+0000][6][safepoint    ] Safepoint "Cleanup", Time since last: 1000199274 ns, Reaching safepoint: 228795 ns, At safepoint: 21902 ns, Total: 250697 ns
[2020-12-14T03:48:15.743+0000][6][safepoint    ] Safepoint "Cleanup", Time since last: 1000196353 ns, Reaching safepoint: 234918 ns, At safepoint: 18427 ns, Total: 253345 ns
[2020-12-14T03:48:16.744+0000][6][safepoint    ] Safepoint "Cleanup", Time since last: 1000184626 ns, Reaching safepoint: 220137 ns, At safepoint: 17973 ns, Total: 238110 ns
[2020-12-14T03:48:17.744+0000][6][safepoint    ] Safepoint "Cleanup", Time since last: 1000201570 ns, Reaching safepoint: 242252 ns, At safepoint: 21412 ns, Total: 263664 ns
[2020-12-14T03:48:18.745+0000][6][safepoint    ] Safepoint "Cleanup", Time since last: 1000246040 ns, Reaching safepoint: 241672 ns, At safepoint: 19612 ns, Total: 261284 ns
[2020-12-14T03:48:19.745+0000][6][safepoint    ] Safepoint "Cleanup", Time since last: 1000185733 ns, Reaching safepoint: 211015 ns, At safepoint: 18504 ns, Total: 229519 ns
[2020-12-14T03:48:21.104+0000][6][safepoint    ] Safepoint "Cleanup", Time since last: 1358990276 ns, Reaching safepoint: 262958 ns, At safepoint: 19518 ns, Total: 282476 ns
[2020-12-14T03:48:22.105+0000][6][safepoint    ] Safepoint "Cleanup", Time since last: 1000191711 ns, Reaching safepoint: 237250 ns, At safepoint: 20382 ns, Total: 257632 ns
[2020-12-14T03:48:23.105+0000][6][safepoint    ] Safepoint "Cleanup", Time since last: 1000193183 ns, Reaching safepoint: 234014 ns, At safepoint: 19998 ns, Total: 254012 ns
[2020-12-14T03:48:24.106+0000][6][safepoint    ] Safepoint "Cleanup", Time since last: 1000192191 ns, Reaching safepoint: 229018 ns, At safepoint: 18807 ns, Total: 247825 ns
[2020-12-14T03:48:25.106+0000][6][safepoint    ] Safepoint "Cleanup", Time since last: 1000193720 ns, Reaching safepoint: 237009 ns, At safepoint: 15604 ns, Total: 252613 ns
[2020-12-14T03:48:26.106+0000][6][safepoint    ] Safepoint "Cleanup", Time since last: 1000195204 ns, Reaching safepoint: 245691 ns, At safepoint: 20535 ns, Total: 266226 ns
[2020-12-14T03:48:27.107+0000][6][safepoint    ] Safepoint "Cleanup", Time since last: 1000195468 ns, Reaching safepoint: 223982 ns, At safepoint: 16763 ns, Total: 240745 ns
[2020-12-14T03:48:28.107+0000][6][safepoint    ] Safepoint "Cleanup", Time since last: 1000209817 ns, Reaching safepoint: 249383 ns, At safepoint: 20048 ns, Total: 269431 ns
[2020-12-14T03:48:29.108+0000][6][safepoint    ] Safepoint "Cleanup", Time since last: 1000196330 ns, Reaching safepoint: 233470 ns, At safepoint: 18811 ns, Total: 252281 ns
[2020-12-14T03:48:31.005+0000][6][safepoint    ] Safepoint "Cleanup", Time since last: 1896875536 ns, Reaching safepoint: 222201 ns, At safepoint: 18601 ns, Total: 240802 ns
[2020-12-14T03:48:32.005+0000][6][safepoint    ] Safepoint "Cleanup", Time since last: 1000193283 ns, Reaching safepoint: 216431 ns, At safepoint: 18447 ns, Total: 234878 ns
[2020-12-14T03:48:33.006+0000][6][safepoint    ] Safepoint "Cleanup", Time since last: 1000193465 ns, Reaching safepoint: 219863 ns, At safepoint: 21686 ns, Total: 241549 ns
[2020-12-14T03:48:34.006+0000][6][safepoint    ] Safepoint "Cleanup", Time since last: 1000206741 ns, Reaching safepoint: 219433 ns, At safepoint: 20215 ns, Total: 239648 ns
[2020-12-14T03:48:35.007+0000][6][safepoint    ] Safepoint "Cleanup", Time since last: 1000189605 ns, Reaching safepoint: 224042 ns, At safepoint: 18724 ns, Total: 242766 ns
[2020-12-14T03:48:36.672+0000][6][safepoint    ] Safepoint "Cleanup", Time since last: 1664996608 ns, Reaching safepoint: 222148 ns, At safepoint: 18941 ns, Total: 241089 ns
[2020-12-14T03:48:37.672+0000][6][safepoint    ] Safepoint "Cleanup", Time since last: 1000191726 ns, Reaching safepoint: 222608 ns, At safepoint: 17897 ns, Total: 240505 ns
[2020-12-14T03:48:38.673+0000][6][safepoint    ] Safepoint "Cleanup", Time since last: 1000188812 ns, Reaching safepoint: 228078 ns, At safepoint: 18637 ns, Total: 246715 ns
[2020-12-14T03:48:39.673+0000][6][safepoint    ] Safepoint "Cleanup", Time since last: 1000188817 ns, Reaching safepoint: 235178 ns, At safepoint: 26889 ns, Total: 262067 ns
[2020-12-14T03:48:40.674+0000][6][safepoint    ] Safepoint "Cleanup", Time since last: 1000189085 ns, Reaching safepoint: 237090 ns, At safepoint: 16976 ns, Total: 254066 ns
[2020-12-14T03:48:41.674+0000][6][safepoint    ] Safepoint "Cleanup", Time since last: 1000198860 ns, Reaching safepoint: 260347 ns, At safepoint: 18997 ns, Total: 279344 ns
[2020-12-14T03:48:42.675+0000][6][safepoint    ] Safepoint "Cleanup", Time since last: 1000164871 ns, Reaching safepoint: 229269 ns, At safepoint: 18817 ns, Total: 248086 ns
[2020-12-14T03:48:43.675+0000][6][safepoint    ] Safepoint "Cleanup", Time since last: 1000191910 ns, Reaching safepoint: 237309 ns, At safepoint: 15895 ns, Total: 253204 ns
[2020-12-14T03:48:44.675+0000][6][safepoint    ] Safepoint "Cleanup", Time since last: 1000218430 ns, Reaching safepoint: 209813 ns, At safepoint: 18148 ns, Total: 227961 ns
[2020-12-14T03:48:45.676+0000][6][safepoint    ] Safepoint "Cleanup", Time since last: 1000154434 ns, Reaching safepoint: 217455 ns, At safepoint: 19078 ns, Total: 236533 ns
[2020-12-14T03:48:46.676+0000][6][safepoint    ] Safepoint "Cleanup", Time since last: 1000188561 ns, Reaching safepoint: 260280 ns, At safepoint: 18544 ns, Total: 278824 ns
[2020-12-14T03:48:47.677+0000][6][safepoint    ] Safepoint "Cleanup", Time since last: 1000162516 ns, Reaching safepoint: 251294 ns, At safepoint: 19465 ns, Total: 270759 ns
[2020-12-14T03:48:48.677+0000][6][safepoint    ] Safepoint "Cleanup", Time since last: 1000187587 ns, Reaching safepoint: 247562 ns, At safepoint: 17604 ns, Total: 265166 ns
[2020-12-14T03:48:49.678+0000][6][safepoint    ] Safepoint "Cleanup", Time since last: 1000190883 ns, Reaching safepoint: 229839 ns, At safepoint: 18450 ns, Total: 248289 ns
[2020-12-14T03:48:50.678+0000][6][safepoint    ] Safepoint "Cleanup", Time since last: 1000188346 ns, Reaching safepoint: 234430 ns, At safepoint: 40125 ns, Total: 274555 ns
[2020-12-14T03:48:51.679+0000][6][safepoint    ] Safepoint "Cleanup", Time since last: 1000188282 ns, Reaching safepoint: 229101 ns, At safepoint: 18518 ns, Total: 247619 ns
[2020-12-14T03:48:52.679+0000][6][safepoint    ] Safepoint "Cleanup", Time since last: 1000185519 ns, Reaching safepoint: 223505 ns, At safepoint: 30891 ns, Total: 254396 ns
[2020-12-14T03:48:53.679+0000][6][safepoint    ] Safepoint "Cleanup", Time since last: 1000185356 ns, Reaching safepoint: 219316 ns, At safepoint: 18411 ns, Total: 237727 ns
[2020-12-14T03:48:54.680+0000][6][safepoint    ] Safepoint "Cleanup", Time since last: 1000193197 ns, Reaching safepoint: 240782 ns, At safepoint: 18817 ns, Total: 259599 ns
[2020-12-14T03:48:55.680+0000][6][safepoint    ] Safepoint "Cleanup", Time since last: 1000157462 ns, Reaching safepoint: 189767 ns, At safepoint: 18448 ns, Total: 208215 ns
[2020-12-14T03:48:56.681+0000][6][safepoint    ] Safepoint "Cleanup", Time since last: 1000191979 ns, Reaching safepoint: 232047 ns, At safepoint: 20858 ns, Total: 252905 ns
[2020-12-14T03:48:57.681+0000][6][safepoint    ] Safepoint "Cleanup", Time since last: 1000209904 ns, Reaching safepoint: 255564 ns, At safepoint: 17233 ns, Total: 272797 ns
[2020-12-14T03:48:58.682+0000][6][safepoint    ] Safepoint "Cleanup", Time since last: 1000195031 ns, Reaching safepoint: 261497 ns, At safepoint: 18534 ns, Total: 280031 ns
[2020-12-14T03:48:59.682+0000][6][safepoint    ] Safepoint "Cleanup", Time since last: 1000183728 ns, Reaching safepoint: 218123 ns, At safepoint: 18874 ns, Total: 236997 ns
[2020-12-14T03:49:00.683+0000][6][safepoint    ] Safepoint "Cleanup", Time since last: 1000242939 ns, Reaching safepoint: 256511 ns, At safepoint: 19247 ns, Total: 275758 ns
[2020-12-14T03:49:01.683+0000][6][safepoint    ] Safepoint "Cleanup", Time since last: 1000201199 ns, Reaching safepoint: 227724 ns, At safepoint: 17403 ns, Total: 245127 ns
[2020-12-14T03:49:02.683+0000][6][safepoint    ] Safepoint "Cleanup", Time since last: 1000244320 ns, Reaching safepoint: 231172 ns, At safepoint: 17951 ns, Total: 249123 ns
[2020-12-14T03:49:03.684+0000][6][safepoint    ] Safepoint "Cleanup", Time since last: 1000204020 ns, Reaching safepoint: 227921 ns, At safepoint: 18881 ns, Total: 246802 ns
[2020-12-14T03:49:04.684+0000][6][safepoint    ] Safepoint "Cleanup", Time since last: 1000199171 ns, Reaching safepoint: 241782 ns, At safepoint: 17524 ns, Total: 259306 ns
[2020-12-14T03:49:05.755+0000][6][safepoint    ] Safepoint "Cleanup", Time since last: 1070172087 ns, Reaching safepoint: 220644 ns, At safepoint: 18891 ns, Total: 239535 ns
[2020-12-14T03:49:06.755+0000][6][safepoint    ] Safepoint "Cleanup", Time since last: 1000194316 ns, Reaching safepoint: 298917 ns, At safepoint: 18118 ns, Total: 317035 ns
[2020-12-14T03:49:07.756+0000][6][safepoint    ] Safepoint "Cleanup", Time since last: 1000166517 ns, Reaching safepoint: 229189 ns, At safepoint: 19147 ns, Total: 248336 ns
[2020-12-14T03:49:08.756+0000][6][safepoint    ] Safepoint "Cleanup", Time since last: 1000180798 ns, Reaching safepoint: 308598 ns, At safepoint: 18997 ns, Total: 327595 ns
[2020-12-14T03:49:09.757+0000][6][safepoint    ] Safepoint "Cleanup", Time since last: 1000199040 ns, Reaching safepoint: 231203 ns, At safepoint: 18914 ns, Total: 250117 ns
[2020-12-14T03:49:10.757+0000][6][safepoint    ] Safepoint "Cleanup", Time since last: 1000178018 ns, Reaching safepoint: 276209 ns, At safepoint: 19221 ns, Total: 295430 ns
[2020-12-14T03:49:11.758+0000][6][safepoint    ] Safepoint "Cleanup", Time since last: 1000200215 ns, Reaching safepoint: 228378 ns, At safepoint: 18497 ns, Total: 246875 ns
[2020-12-14T03:49:12.758+0000][6][safepoint    ] Safepoint "Cleanup", Time since last: 1000198086 ns, Reaching safepoint: 232427 ns, At safepoint: 62659 ns, Total: 295086 ns
[2020-12-14T03:49:13.759+0000][6][safepoint    ] Safepoint "Cleanup", Time since last: 1000155786 ns, Reaching safepoint: 237302 ns, At safepoint: 17794 ns, Total: 255096 ns
[2020-12-14T03:49:14.759+0000][6][safepoint    ] Safepoint "Cleanup", Time since last: 1000207606 ns, Reaching safepoint: 239868 ns, At safepoint: 17771 ns, Total: 257639 ns
[2020-12-14T03:49:15.759+0000][6][safepoint    ] Safepoint "Cleanup", Time since last: 1000245190 ns, Reaching safepoint: 240865 ns, At safepoint: 18844 ns, Total: 259709 ns
[2020-12-14T03:49:16.760+0000][6][safepoint    ] Safepoint "Cleanup", Time since last: 1000189032 ns, Reaching safepoint: 235245 ns, At safepoint: 18517 ns, Total: 253762 ns
[2020-12-14T03:49:17.760+0000][6][safepoint    ] Safepoint "Cleanup", Time since last: 1000212676 ns, Reaching safepoint: 225410 ns, At safepoint: 18847 ns, Total: 244257 ns
[2020-12-14T03:49:18.761+0000][6][safepoint    ] Safepoint "Cleanup", Time since last: 1000195924 ns, Reaching safepoint: 234515 ns, At safepoint: 31499 ns, Total: 266014 ns
[2020-12-14T03:49:19.761+0000][6][safepoint    ] Safepoint "Cleanup", Time since last: 1000166727 ns, Reaching safepoint: 261190 ns, At safepoint: 18891 ns, Total: 280081 ns
[2020-12-14T03:49:20.762+0000][6][safepoint    ] Safepoint "Cleanup", Time since last: 1000156282 ns, Reaching safepoint: 221863 ns, At safepoint: 17696 ns, Total: 239559 ns
[2020-12-14T03:49:21.762+0000][6][safepoint    ] Safepoint "Cleanup", Time since last: 1000194980 ns, Reaching safepoint: 239915 ns, At safepoint: 19591 ns, Total: 259506 ns
[2020-12-14T03:49:22.763+0000][6][safepoint    ] Safepoint "Cleanup", Time since last: 1000186854 ns, Reaching safepoint: 272121 ns, At safepoint: 18087 ns, Total: 290208 ns
[2020-12-14T03:49:23.763+0000][6][safepoint    ] Safepoint "Cleanup", Time since last: 1000202501 ns, Reaching safepoint: 239492 ns, At safepoint: 19430 ns, Total: 258922 ns
[2020-12-14T03:49:24.764+0000][6][safepoint    ] Safepoint "Cleanup", Time since last: 1000190256 ns, Reaching safepoint: 229609 ns, At safepoint: 17634 ns, Total: 247243 ns
[2020-12-14T03:49:25.764+0000][6][safepoint    ] Safepoint "Cleanup", Time since last: 1000171528 ns, Reaching safepoint: 195129 ns, At safepoint: 15044 ns, Total: 210173 ns
[2020-12-14T03:49:26.764+0000][6][safepoint    ] Safepoint "Cleanup", Time since last: 1000177151 ns, Reaching safepoint: 244864 ns, At safepoint: 23641 ns, Total: 268505 ns
[2020-12-14T03:49:27.765+0000][6][safepoint    ] Safepoint "Cleanup", Time since last: 1000172119 ns, Reaching safepoint: 239679 ns, At safepoint: 17530 ns, Total: 257209 ns
[2020-12-14T03:49:28.765+0000][6][safepoint    ] Safepoint "Cleanup", Time since last: 1000195890 ns, Reaching safepoint: 287432 ns, At safepoint: 16464 ns, Total: 303896 ns
[2020-12-14T03:49:29.766+0000][6][safepoint    ] Safepoint "Cleanup", Time since last: 1000181143 ns, Reaching safepoint: 235228 ns, At safepoint: 30389 ns, Total: 265617 ns
[2020-12-14T03:49:31.062+0000][6][safepoint    ] Safepoint "Cleanup", Time since last: 1296064219 ns, Reaching safepoint: 234655 ns, At safepoint: 16313 ns, Total: 250968 ns
[2020-12-14T03:49:32.063+0000][6][safepoint    ] Safepoint "Cleanup", Time since last: 1000206148 ns, Reaching safepoint: 243093 ns, At safepoint: 16766 ns, Total: 259859 ns
[2020-12-14T03:49:33.063+0000][6][safepoint    ] Safepoint "Cleanup", Time since last: 1000188157 ns, Reaching safepoint: 231390 ns, At safepoint: 18404 ns, Total: 249794 ns
[2020-12-14T03:49:34.063+0000][6][safepoint    ] Safepoint "Cleanup", Time since last: 1000185933 ns, Reaching safepoint: 230325 ns, At safepoint: 20362 ns, Total: 250687 ns
[2020-12-14T03:49:35.064+0000][6][safepoint    ] Safepoint "Cleanup", Time since last: 1000184787 ns, Reaching safepoint: 197002 ns, At safepoint: 17832 ns, Total: 214834 ns
[2020-12-14T03:49:36.688+0000][6][safepoint    ] Safepoint "Cleanup", Time since last: 1624318023 ns, Reaching safepoint: 224223 ns, At safepoint: 20795 ns, Total: 245018 ns
[2020-12-14T03:49:37.689+0000][6][safepoint    ] Safepoint "Cleanup", Time since last: 1000189188 ns, Reaching safepoint: 220467 ns, At safepoint: 18937 ns, Total: 239404 ns
[2020-12-14T03:49:38.689+0000][6][safepoint    ] Safepoint "Cleanup", Time since last: 1000210060 ns, Reaching safepoint: 255677 ns, At safepoint: 19024 ns, Total: 274701 ns
[2020-12-14T03:49:39.690+0000][6][safepoint    ] Safepoint "Cleanup", Time since last: 1000153761 ns, Reaching safepoint: 235523 ns, At safepoint: 22362 ns, Total: 257885 ns
[2020-12-14T03:49:40.690+0000][6][safepoint    ] Safepoint "Cleanup", Time since last: 1000186981 ns, Reaching safepoint: 308940 ns, At safepoint: 18625 ns, Total: 327565 ns
[2020-12-14T03:49:41.691+0000][6][safepoint    ] Safepoint "Cleanup", Time since last: 1000152247 ns, Reaching safepoint: 226227 ns, At safepoint: 18887 ns, Total: 245114 ns
[2020-12-14T03:49:42.691+0000][6][safepoint    ] Safepoint "Cleanup", Time since last: 1000198554 ns, Reaching safepoint: 246698 ns, At safepoint: 18044 ns, Total: 264742 ns
[2020-12-14T03:49:43.692+0000][6][safepoint    ] Safepoint "Cleanup", Time since last: 1000219645 ns, Reaching safepoint: 247069 ns, At safepoint: 23740 ns, Total: 270809 ns
[2020-12-14T03:49:44.692+0000][6][safepoint    ] Safepoint "Cleanup", Time since last: 1000193934 ns, Reaching safepoint: 261710 ns, At safepoint: 17952 ns, Total: 279662 ns
[2020-12-14T03:49:45.692+0000][6][safepoint    ] Safepoint "Cleanup", Time since last: 1000198750 ns, Reaching safepoint: 221257 ns, At safepoint: 18949 ns, Total: 240206 ns
[2020-12-14T03:49:46.693+0000][6][safepoint    ] Safepoint "Cleanup", Time since last: 1000154671 ns, Reaching safepoint: 221324 ns, At safepoint: 18658 ns, Total: 239982 ns
[2020-12-14T03:49:47.693+0000][6][safepoint    ] Safepoint "Cleanup", Time since last: 1000187478 ns, Reaching safepoint: 247479 ns, At safepoint: 20162 ns, Total: 267641 ns
[2020-12-14T03:49:48.694+0000][6][safepoint    ] Safepoint "Cleanup", Time since last: 1000181727 ns, Reaching safepoint: 218272 ns, At safepoint: 19498 ns, Total: 237770 ns
[2020-12-14T03:49:49.694+0000][6][safepoint    ] Safepoint "Cleanup", Time since last: 1000181574 ns, Reaching safepoint: 370483 ns, At safepoint: 19051 ns, Total: 389534 ns
[2020-12-14T03:49:50.695+0000][6][safepoint    ] Safepoint "Cleanup", Time since last: 1000188041 ns, Reaching safepoint: 279968 ns, At safepoint: 18811 ns, Total: 298779 ns
[2020-12-14T03:49:51.695+0000][6][safepoint    ] Safepoint "Cleanup", Time since last: 1000181794 ns, Reaching safepoint: 235718 ns, At safepoint: 18785 ns, Total: 254503 ns
[2020-12-14T03:49:52.696+0000][6][safepoint    ] Safepoint "Cleanup", Time since last: 1000193963 ns, Reaching safepoint: 236033 ns, At safepoint: 18737 ns, Total: 254770 ns
[2020-12-14T03:49:53.696+0000][6][safepoint    ] Safepoint "Cleanup", Time since last: 1000186981 ns, Reaching safepoint: 327698 ns, At safepoint: 19501 ns, Total: 347199 ns
[2020-12-14T03:49:54.697+0000][6][safepoint    ] Safepoint "Cleanup", Time since last: 1000187187 ns, Reaching safepoint: 226827 ns, At safepoint: 19108 ns, Total: 245935 ns
[2020-12-14T03:49:55.697+0000][6][safepoint    ] Safepoint "Cleanup", Time since last: 1000186983 ns, Reaching safepoint: 227088 ns, At safepoint: 32692 ns, Total: 259780 ns
[2020-12-14T03:49:56.698+0000][6][safepoint    ] Safepoint "Cleanup", Time since last: 1000198266 ns, Reaching safepoint: 223488 ns, At safepoint: 18828 ns, Total: 242316 ns
[2020-12-14T03:49:57.698+0000][6][safepoint    ] Safepoint "Cleanup", Time since last: 1000183585 ns, Reaching safepoint: 230506 ns, At safepoint: 20115 ns, Total: 250621 ns
[2020-12-14T03:49:58.698+0000][6][safepoint    ] Safepoint "Cleanup", Time since last: 1000194988 ns, Reaching safepoint: 249840 ns, At safepoint: 19044 ns, Total: 268884 ns
[2020-12-14T03:49:59.699+0000][6][safepoint    ] Safepoint "Cleanup", Time since last: 1000176424 ns, Reaching safepoint: 231964 ns, At safepoint: 19271 ns, Total: 251235 ns
[2020-12-14T03:50:00.699+0000][6][safepoint    ] Safepoint "Cleanup", Time since last: 1000197289 ns, Reaching safepoint: 248857 ns, At safepoint: 18437 ns, Total: 267294 ns
[2020-12-14T03:50:01.700+0000][6][safepoint    ] Safepoint "Cleanup", Time since last: 1000184426 ns, Reaching safepoint: 245088 ns, At safepoint: 18400 ns, Total: 263488 ns
[2020-12-14T03:50:02.700+0000][6][safepoint    ] Safepoint "Cleanup", Time since last: 1000183587 ns, Reaching safepoint: 237684 ns, At safepoint: 17867 ns, Total: 255551 ns
[2020-12-14T03:50:03.701+0000][6][safepoint    ] Safepoint "Cleanup", Time since last: 1000183519 ns, Reaching safepoint: 228124 ns, At safepoint: 18681 ns, Total: 246805 ns
[2020-12-14T03:50:04.701+0000][6][safepoint    ] Safepoint "Cleanup", Time since last: 1000182887 ns, Reaching safepoint: 225213 ns, At safepoint: 17307 ns, Total: 242520 ns
[2020-12-14T03:50:05.701+0000][6][safepoint    ] Safepoint "Cleanup", Time since last: 1000174296 ns, Reaching safepoint: 231043 ns, At safepoint: 19001 ns, Total: 250044 ns
[2020-12-14T03:50:06.725+0000][6][safepoint    ] Safepoint "Cleanup", Time since last: 1023460890 ns, Reaching safepoint: 260026 ns, At safepoint: 20728 ns, Total: 280754 ns
[2020-12-14T03:50:07.726+0000][6][safepoint    ] Safepoint "Cleanup", Time since last: 1000184146 ns, Reaching safepoint: 216544 ns, At safepoint: 18664 ns, Total: 235208 ns
[2020-12-14T03:50:08.726+0000][6][safepoint    ] Safepoint "Cleanup", Time since last: 1000184693 ns, Reaching safepoint: 228884 ns, At safepoint: 35666 ns, Total: 264550 ns
[2020-12-14T03:50:09.727+0000][6][safepoint    ] Safepoint "Cleanup", Time since last: 1000185811 ns, Reaching safepoint: 227904 ns, At safepoint: 18915 ns, Total: 246819 ns
[2020-12-14T03:50:10.727+0000][6][safepoint    ] Safepoint "Cleanup", Time since last: 1000192697 ns, Reaching safepoint: 220974 ns, At safepoint: 21069 ns, Total: 242043 ns
[2020-12-14T03:50:11.727+0000][6][safepoint    ] Safepoint "Cleanup", Time since last: 1000187706 ns, Reaching safepoint: 222031 ns, At safepoint: 18654 ns, Total: 240685 ns
[2020-12-14T03:50:12.728+0000][6][safepoint    ] Safepoint "Cleanup", Time since last: 1000182164 ns, Reaching safepoint: 229706 ns, At safepoint: 18504 ns, Total: 248210 ns
[2020-12-14T03:50:13.728+0000][6][safepoint    ] Safepoint "Cleanup", Time since last: 1000152555 ns, Reaching safepoint: 229844 ns, At safepoint: 22223 ns, Total: 252067 ns
[2020-12-14T03:50:14.729+0000][6][safepoint    ] Safepoint "Cleanup", Time since last: 1000198656 ns, Reaching safepoint: 230269 ns, At safepoint: 21419 ns, Total: 251688 ns
[2020-12-14T03:50:15.729+0000][6][safepoint    ] Safepoint "Cleanup", Time since last: 1000199425 ns, Reaching safepoint: 278443 ns, At safepoint: 24324 ns, Total: 302767 ns
[2020-12-14T03:50:16.730+0000][6][safepoint    ] Safepoint "Cleanup", Time since last: 1000199117 ns, Reaching safepoint: 217869 ns, At safepoint: 18567 ns, Total: 236436 ns
[2020-12-14T03:50:17.730+0000][6][safepoint    ] Safepoint "Cleanup", Time since last: 1000183219 ns, Reaching safepoint: 242879 ns, At safepoint: 20825 ns, Total: 263704 ns
[2020-12-14T03:50:18.731+0000][6][safepoint    ] Safepoint "Cleanup", Time since last: 1000211914 ns, Reaching safepoint: 232758 ns, At safepoint: 23460 ns, Total: 256218 ns
[2020-12-14T03:50:19.731+0000][6][safepoint    ] Safepoint "Cleanup", Time since last: 1000206178 ns, Reaching safepoint: 240557 ns, At safepoint: 17675 ns, Total: 258232 ns
[2020-12-14T03:50:20.731+0000][6][safepoint    ] Safepoint "Cleanup", Time since last: 1000188171 ns, Reaching safepoint: 238447 ns, At safepoint: 18704 ns, Total: 257151 ns
[2020-12-14T03:50:21.732+0000][6][safepoint    ] Safepoint "Cleanup", Time since last: 1000185939 ns, Reaching safepoint: 227978 ns, At safepoint: 19074 ns, Total: 247052 ns
[2020-12-14T03:50:22.732+0000][6][safepoint    ] Safepoint "Cleanup", Time since last: 1000189338 ns, Reaching safepoint: 320955 ns, At safepoint: 17118 ns, Total: 338073 ns
[2020-12-14T03:50:23.733+0000][6][safepoint    ] Safepoint "Cleanup", Time since last: 1000190674 ns, Reaching safepoint: 266627 ns, At safepoint: 18837 ns, Total: 285464 ns
[2020-12-14T03:50:24.733+0000][6][safepoint    ] Safepoint "Cleanup", Time since last: 1000185970 ns, Reaching safepoint: 282329 ns, At safepoint: 25394 ns, Total: 307723 ns
[2020-12-14T03:50:25.734+0000][6][safepoint    ] Safepoint "Cleanup", Time since last: 1000187457 ns, Reaching safepoint: 224061 ns, At safepoint: 17647 ns, Total: 241708 ns
[2020-12-14T03:50:26.734+0000][6][safepoint    ] Safepoint "Cleanup", Time since last: 1000185267 ns, Reaching safepoint: 240597 ns, At safepoint: 18956 ns, Total: 259553 ns
[2020-12-14T03:50:27.735+0000][6][safepoint    ] Safepoint "Cleanup", Time since last: 1000182851 ns, Reaching safepoint: 238364 ns, At safepoint: 19261 ns, Total: 257625 ns
[2020-12-14T03:50:28.735+0000][6][safepoint    ] Safepoint "Cleanup", Time since last: 1000183935 ns, Reaching safepoint: 307140 ns, At safepoint: 19464 ns, Total: 326604 ns
[2020-12-14T03:50:29.736+0000][6][safepoint    ] Safepoint "Cleanup", Time since last: 1000180850 ns, Reaching safepoint: 234090 ns, At safepoint: 17788 ns, Total: 251878 ns
[2020-12-14T03:50:30.106+0000][6][safepoint    ] Safepoint "BulkRevokeBias", Time since last: 369357832 ns, Reaching safepoint: 200691 ns, At safepoint: 931156 ns, Total: 1131847 ns
[2020-12-14T03:50:31.120+0000][6][safepoint    ] Safepoint "Cleanup", Time since last: 1013682786 ns, Reaching safepoint: 210981 ns, At safepoint: 19238 ns, Total: 230219 ns
[2020-12-14T03:50:32.121+0000][6][safepoint    ] Safepoint "Cleanup", Time since last: 1000218961 ns, Reaching safepoint: 288803 ns, At safepoint: 19058 ns, Total: 307861 ns
[2020-12-14T03:50:33.121+0000][6][safepoint    ] Safepoint "Cleanup", Time since last: 1000205561 ns, Reaching safepoint: 287346 ns, At safepoint: 34839 ns, Total: 322185 ns
[2020-12-14T03:50:34.122+0000][6][safepoint    ] Safepoint "Cleanup", Time since last: 1000189602 ns, Reaching safepoint: 252558 ns, At safepoint: 19061 ns, Total: 271619 ns
[2020-12-14T03:50:35.122+0000][6][safepoint    ] Safepoint "Cleanup", Time since last: 1000191420 ns, Reaching safepoint: 253202 ns, At safepoint: 17015 ns, Total: 270217 ns
[2020-12-14T03:50:36.738+0000][6][safepoint    ] Safepoint "Cleanup", Time since last: 1616197889 ns, Reaching safepoint: 249174 ns, At safepoint: 17903 ns, Total: 267077 ns
[2020-12-14T03:50:37.739+0000][6][safepoint    ] Safepoint "Cleanup", Time since last: 1000705246 ns, Reaching safepoint: 226220 ns, At safepoint: 20805 ns, Total: 247025 ns
[2020-12-14T03:50:38.740+0000][6][safepoint    ] Safepoint "Cleanup", Time since last: 1000183751 ns, Reaching safepoint: 230072 ns, At safepoint: 19448 ns, Total: 249520 ns
[2020-12-14T03:50:39.740+0000][6][safepoint    ] Safepoint "Cleanup", Time since last: 1000200373 ns, Reaching safepoint: 256001 ns, At safepoint: 18781 ns, Total: 274782 ns
[2020-12-14T03:50:40.741+0000][6][safepoint    ] Safepoint "Cleanup", Time since last: 1000186265 ns, Reaching safepoint: 238342 ns, At safepoint: 18522 ns, Total: 256864 ns
[2020-12-14T03:50:41.741+0000][6][safepoint    ] Safepoint "Cleanup", Time since last: 1000186546 ns, Reaching safepoint: 328009 ns, At safepoint: 20014 ns, Total: 348023 ns
[2020-12-14T03:50:42.742+0000][6][safepoint    ] Safepoint "Cleanup", Time since last: 1000188686 ns, Reaching safepoint: 217459 ns, At safepoint: 19077 ns, Total: 236536 ns
[2020-12-14T03:50:43.742+0000][6][safepoint    ] Safepoint "Cleanup", Time since last: 1000186748 ns, Reaching safepoint: 257952 ns, At safepoint: 18721 ns, Total: 276673 ns
[2020-12-14T03:50:44.743+0000][6][safepoint    ] Safepoint "Cleanup", Time since last: 1000185248 ns, Reaching safepoint: 229245 ns, At safepoint: 18725 ns, Total: 247970 ns
[2020-12-14T03:50:45.743+0000][6][safepoint    ] Safepoint "Cleanup", Time since last: 1000183901 ns, Reaching safepoint: 239354 ns, At safepoint: 43102 ns, Total: 282456 ns
[2020-12-14T03:50:46.744+0000][6][safepoint    ] Safepoint "Cleanup", Time since last: 1000186757 ns, Reaching safepoint: 225079 ns, At safepoint: 18334 ns, Total: 243413 ns
[2020-12-14T03:50:47.744+0000][6][safepoint    ] Safepoint "Cleanup", Time since last: 1000188841 ns, Reaching safepoint: 228521 ns, At safepoint: 18641 ns, Total: 247162 ns
[2020-12-14T03:50:48.744+0000][6][safepoint    ] Safepoint "Cleanup", Time since last: 1000182244 ns, Reaching safepoint: 219893 ns, At safepoint: 19015 ns, Total: 238908 ns
[2020-12-14T03:50:49.745+0000][6][safepoint    ] Safepoint "Cleanup", Time since last: 1000181043 ns, Reaching safepoint: 238457 ns, At safepoint: 17801 ns, Total: 256258 ns
[2020-12-14T03:50:50.745+0000][6][safepoint    ] Safepoint "Cleanup", Time since last: 1000176520 ns, Reaching safepoint: 229536 ns, At safepoint: 20155 ns, Total: 249691 ns
[2020-12-14T03:50:51.746+0000][6][safepoint    ] Safepoint "Cleanup", Time since last: 1000181586 ns, Reaching safepoint: 233104 ns, At safepoint: 30148 ns, Total: 263252 ns
[2020-12-14T03:50:52.746+0000][6][safepoint    ] Safepoint "Cleanup", Time since last: 1000178326 ns, Reaching safepoint: 388766 ns, At safepoint: 19452 ns, Total: 408218 ns
[2020-12-14T03:50:53.747+0000][6][safepoint    ] Safepoint "Cleanup", Time since last: 1000188086 ns, Reaching safepoint: 230123 ns, At safepoint: 18714 ns, Total: 248837 ns
[2020-12-14T03:50:54.747+0000][6][safepoint    ] Safepoint "Cleanup", Time since last: 1000183572 ns, Reaching safepoint: 266530 ns, At safepoint: 18858 ns, Total: 285388 ns
[2020-12-14T03:50:55.748+0000][6][safepoint    ] Safepoint "Cleanup", Time since last: 1000196067 ns, Reaching safepoint: 242877 ns, At safepoint: 17419 ns, Total: 260296 ns
[2020-12-14T03:50:56.748+0000][6][safepoint    ] Safepoint "Cleanup", Time since last: 1000183361 ns, Reaching safepoint: 211325 ns, At safepoint: 18614 ns, Total: 229939 ns
[2020-12-14T03:50:57.749+0000][6][safepoint    ] Safepoint "Cleanup", Time since last: 1000200815 ns, Reaching safepoint: 231583 ns, At safepoint: 20348 ns, Total: 251931 ns
[2020-12-14T03:50:58.749+0000][6][safepoint    ] Safepoint "Cleanup", Time since last: 1000185977 ns, Reaching safepoint: 250441 ns, At safepoint: 17163 ns, Total: 267604 ns
[2020-12-14T03:50:59.749+0000][6][safepoint    ] Safepoint "Cleanup", Time since last: 1000175776 ns, Reaching safepoint: 246382 ns, At safepoint: 19058 ns, Total: 265440 ns
[2020-12-14T03:51:00.750+0000][6][safepoint    ] Safepoint "Cleanup", Time since last: 1000185759 ns, Reaching safepoint: 225560 ns, At safepoint: 19311 ns, Total: 244871 ns
[2020-12-14T03:51:01.750+0000][6][safepoint    ] Safepoint "Cleanup", Time since last: 1000189709 ns, Reaching safepoint: 283350 ns, At safepoint: 21025 ns, Total: 304375 ns
[2020-12-14T03:51:02.751+0000][6][safepoint    ] Safepoint "Cleanup", Time since last: 1000193361 ns, Reaching safepoint: 201235 ns, At safepoint: 18815 ns, Total: 220050 ns
[2020-12-14T03:51:03.751+0000][6][safepoint    ] Safepoint "Cleanup", Time since last: 1000190272 ns, Reaching safepoint: 249230 ns, At safepoint: 19218 ns, Total: 268448 ns
[2020-12-14T03:51:04.752+0000][6][safepoint    ] Safepoint "Cleanup", Time since last: 1000184348 ns, Reaching safepoint: 223128 ns, At safepoint: 18417 ns, Total: 241545 ns
[2020-12-14T03:51:05.752+0000][6][safepoint    ] Safepoint "Cleanup", Time since last: 1000183419 ns, Reaching safepoint: 298445 ns, At safepoint: 18524 ns, Total: 316969 ns
[2020-12-14T03:51:06.764+0000][6][safepoint    ] Safepoint "Cleanup", Time since last: 1011744261 ns, Reaching safepoint: 255350 ns, At safepoint: 22663 ns, Total: 278013 ns
[2020-12-14T03:51:07.765+0000][6][safepoint    ] Safepoint "Cleanup", Time since last: 1000184922 ns, Reaching safepoint: 211465 ns, At safepoint: 18581 ns, Total: 230046 ns
[2020-12-14T03:51:08.765+0000][6][safepoint    ] Safepoint "Cleanup", Time since last: 1000182851 ns, Reaching safepoint: 236973 ns, At safepoint: 17773 ns, Total: 254746 ns
[2020-12-14T03:51:09.765+0000][6][safepoint    ] Safepoint "Cleanup", Time since last: 1000204616 ns, Reaching safepoint: 227174 ns, At safepoint: 20935 ns, Total: 248109 ns
[2020-12-14T03:51:10.766+0000][6][safepoint    ] Safepoint "Cleanup", Time since last: 1000188700 ns, Reaching safepoint: 219496 ns, At safepoint: 18811 ns, Total: 238307 ns
[2020-12-14T03:51:11.766+0000][6][safepoint    ] Safepoint "Cleanup", Time since last: 1000217270 ns, Reaching safepoint: 232877 ns, At safepoint: 19211 ns, Total: 252088 ns
[2020-12-14T03:51:12.767+0000][6][safepoint    ] Safepoint "Cleanup", Time since last: 1000190329 ns, Reaching safepoint: 227785 ns, At safepoint: 19021 ns, Total: 246806 ns
[2020-12-14T03:51:13.767+0000][6][safepoint    ] Safepoint "Cleanup", Time since last: 1000183141 ns, Reaching safepoint: 247499 ns, At safepoint: 19131 ns, Total: 266630 ns
[2020-12-14T03:51:14.768+0000][6][safepoint    ] Safepoint "Cleanup", Time since last: 1000185666 ns, Reaching safepoint: 227160 ns, At safepoint: 18704 ns, Total: 245864 ns
[2020-12-14T03:51:15.768+0000][6][safepoint    ] Safepoint "Cleanup", Time since last: 1000186187 ns, Reaching safepoint: 256294 ns, At safepoint: 19628 ns, Total: 275922 ns
[2020-12-14T03:51:16.769+0000][6][safepoint    ] Safepoint "Cleanup", Time since last: 1000187153 ns, Reaching safepoint: 221438 ns, At safepoint: 18674 ns, Total: 240112 ns
[2020-12-14T03:51:17.769+0000][6][safepoint    ] Safepoint "Cleanup", Time since last: 1000187364 ns, Reaching safepoint: 255283 ns, At safepoint: 19031 ns, Total: 274314 ns
[2020-12-14T03:51:18.769+0000][6][safepoint    ] Safepoint "Cleanup", Time since last: 1000202956 ns, Reaching safepoint: 221314 ns, At safepoint: 18544 ns, Total: 239858 ns
[2020-12-14T03:51:19.770+0000][6][safepoint    ] Safepoint "Cleanup", Time since last: 1000187837 ns, Reaching safepoint: 236193 ns, At safepoint: 19074 ns, Total: 255267 ns
[2020-12-14T03:51:20.770+0000][6][safepoint    ] Safepoint "Cleanup", Time since last: 1000187190 ns, Reaching safepoint: 240909 ns, At safepoint: 18907 ns, Total: 259816 ns
[2020-12-14T03:51:21.771+0000][6][safepoint    ] Safepoint "Cleanup", Time since last: 1000186920 ns, Reaching safepoint: 241366 ns, At safepoint: 21242 ns, Total: 262608 ns
[2020-12-14T03:51:22.771+0000][6][safepoint    ] Safepoint "Cleanup", Time since last: 1000185886 ns, Reaching safepoint: 221359 ns, At safepoint: 17795 ns, Total: 239154 ns
[2020-12-14T03:51:23.772+0000][6][safepoint    ] Safepoint "Cleanup", Time since last: 1000195914 ns, Reaching safepoint: 218861 ns, At safepoint: 17367 ns, Total: 236228 ns
[2020-12-14T03:51:24.772+0000][6][safepoint    ] Safepoint "Cleanup", Time since last: 1000185910 ns, Reaching safepoint: 259979 ns, At safepoint: 21476 ns, Total: 281455 ns
[2020-12-14T03:51:25.773+0000][6][safepoint    ] Safepoint "Cleanup", Time since last: 1000198763 ns, Reaching safepoint: 234084 ns, At safepoint: 17816 ns, Total: 251900 ns
[2020-12-14T03:51:26.773+0000][6][safepoint    ] Safepoint "Cleanup", Time since last: 1000195160 ns, Reaching safepoint: 232096 ns, At safepoint: 17090 ns, Total: 249186 ns
[2020-12-14T03:51:27.773+0000][6][safepoint    ] Safepoint "Cleanup", Time since last: 1000214619 ns, Reaching safepoint: 232304 ns, At safepoint: 18821 ns, Total: 251125 ns
[2020-12-14T03:51:28.774+0000][6][safepoint    ] Safepoint "Cleanup", Time since last: 1000188625 ns, Reaching safepoint: 261600 ns, At safepoint: 18461 ns, Total: 280061 ns
[2020-12-14T03:51:29.774+0000][6][safepoint    ] Safepoint "Cleanup", Time since last: 1000178141 ns, Reaching safepoint: 237005 ns, At safepoint: 17887 ns, Total: 254892 ns
[2020-12-14T03:51:31.187+0000][6][safepoint    ] Safepoint "Cleanup", Time since last: 1412428664 ns, Reaching safepoint: 289700 ns, At safepoint: 19394 ns, Total: 309094 ns
[2020-12-14T03:51:32.188+0000][6][safepoint    ] Safepoint "Cleanup", Time since last: 1000187999 ns, Reaching safepoint: 240321 ns, At safepoint: 18845 ns, Total: 259166 ns
[2020-12-14T03:51:33.188+0000][6][safepoint    ] Safepoint "Cleanup", Time since last: 1000188226 ns, Reaching safepoint: 273914 ns, At safepoint: 17413 ns, Total: 291327 ns
[2020-12-14T03:51:34.189+0000][6][safepoint    ] Safepoint "Cleanup", Time since last: 1000207493 ns, Reaching safepoint: 232980 ns, At safepoint: 18671 ns, Total: 251651 ns
[2020-12-14T03:51:35.767+0000][6][safepoint    ] Safepoint "Cleanup", Time since last: 1578581470 ns, Reaching safepoint: 209988 ns, At safepoint: 18480 ns, Total: 228468 ns
[2020-12-14T03:51:35.783+0000][6][safepoint    ] Safepoint "BulkRevokeBias", Time since last: 14304704 ns, Reaching safepoint: 201834 ns, At safepoint: 1015049 ns, Total: 1216883 ns
[2020-12-14T03:51:36.783+0000][6][safepoint    ] Safepoint "Cleanup", Time since last: 1000186303 ns, Reaching safepoint: 248176 ns, At safepoint: 18888 ns, Total: 267064 ns
[2020-12-14T03:51:37.784+0000][6][safepoint    ] Safepoint "Cleanup", Time since last: 1000187133 ns, Reaching safepoint: 235509 ns, At safepoint: 19171 ns, Total: 254680 ns
[2020-12-14T03:51:38.784+0000][6][safepoint    ] Safepoint "Cleanup", Time since last: 1000187060 ns, Reaching safepoint: 269862 ns, At safepoint: 19144 ns, Total: 289006 ns
[2020-12-14T03:51:39.785+0000][6][safepoint    ] Safepoint "Cleanup", Time since last: 1000188068 ns, Reaching safepoint: 238320 ns, At safepoint: 19338 ns, Total: 257658 ns
[2020-12-14T03:51:40.785+0000][6][safepoint    ] Safepoint "Cleanup", Time since last: 1000189512 ns, Reaching safepoint: 325864 ns, At safepoint: 19878 ns, Total: 345742 ns
[2020-12-14T03:51:41.786+0000][6][safepoint    ] Safepoint "Cleanup", Time since last: 1000188951 ns, Reaching safepoint: 229435 ns, At safepoint: 19031 ns, Total: 248466 ns
[2020-12-14T03:51:42.786+0000][6][safepoint    ] Safepoint "Cleanup", Time since last: 1000188191 ns, Reaching safepoint: 236410 ns, At safepoint: 32835 ns, Total: 269245 ns
[2020-12-14T03:51:43.787+0000][6][safepoint    ] Safepoint "Cleanup", Time since last: 1000190172 ns, Reaching safepoint: 268394 ns, At safepoint: 18921 ns, Total: 287315 ns
[2020-12-14T03:51:44.787+0000][6][safepoint    ] Safepoint "Cleanup", Time since last: 1000188108 ns, Reaching safepoint: 250932 ns, At safepoint: 16748 ns, Total: 267680 ns
[2020-12-14T03:51:45.787+0000][6][safepoint    ] Safepoint "Cleanup", Time since last: 1000175114 ns, Reaching safepoint: 238134 ns, At safepoint: 19571 ns, Total: 257705 ns
[2020-12-14T03:51:46.788+0000][6][safepoint    ] Safepoint "Cleanup", Time since last: 1000185435 ns, Reaching safepoint: 242013 ns, At safepoint: 18924 ns, Total: 260937 ns
[2020-12-14T03:51:47.788+0000][6][safepoint    ] Safepoint "Cleanup", Time since last: 1000186800 ns, Reaching safepoint: 228821 ns, At safepoint: 18954 ns, Total: 247775 ns
[2020-12-14T03:51:48.789+0000][6][safepoint    ] Safepoint "Cleanup", Time since last: 1000189866 ns, Reaching safepoint: 225443 ns, At safepoint: 18911 ns, Total: 244354 ns
[2020-12-14T03:51:49.789+0000][6][safepoint    ] Safepoint "Cleanup", Time since last: 1000188177 ns, Reaching safepoint: 242936 ns, At safepoint: 19018 ns, Total: 261954 ns
[2020-12-14T03:51:50.790+0000][6][safepoint    ] Safepoint "Cleanup", Time since last: 1000205357 ns, Reaching safepoint: 238341 ns, At safepoint: 18641 ns, Total: 256982 ns
[2020-12-14T03:51:51.790+0000][6][safepoint    ] Safepoint "Cleanup", Time since last: 1000190842 ns, Reaching safepoint: 444563 ns, At safepoint: 17965 ns, Total: 462528 ns
[2020-12-14T03:51:52.791+0000][6][safepoint    ] Safepoint "Cleanup", Time since last: 1000186338 ns, Reaching safepoint: 235742 ns, At safepoint: 21176 ns, Total: 256918 ns
[2020-12-14T03:51:53.791+0000][6][safepoint    ] Safepoint "Cleanup", Time since last: 1000192056 ns, Reaching safepoint: 245795 ns, At safepoint: 29110 ns, Total: 274905 ns
[2020-12-14T03:51:54.792+0000][6][safepoint    ] Safepoint "Cleanup", Time since last: 1000187453 ns, Reaching safepoint: 244851 ns, At safepoint: 21956 ns, Total: 266807 ns
[2020-12-14T03:51:55.792+0000][6][safepoint    ] Safepoint "Cleanup", Time since last: 1000193757 ns, Reaching safepoint: 336877 ns, At safepoint: 22140 ns, Total: 359017 ns
[2020-12-14T03:51:56.793+0000][6][safepoint    ] Safepoint "Cleanup", Time since last: 1000188268 ns, Reaching safepoint: 227584 ns, At safepoint: 21579 ns, Total: 249163 ns
[2020-12-14T03:51:57.793+0000][6][safepoint    ] Safepoint "Cleanup", Time since last: 1000189034 ns, Reaching safepoint: 267783 ns, At safepoint: 21209 ns, Total: 288992 ns
[2020-12-14T03:51:58.794+0000][6][safepoint    ] Safepoint "Cleanup", Time since last: 1000184789 ns, Reaching safepoint: 254750 ns, At safepoint: 23514 ns, Total: 278264 ns
[2020-12-14T03:51:59.794+0000][6][safepoint    ] Safepoint "Cleanup", Time since last: 1000174477 ns, Reaching safepoint: 343894 ns, At safepoint: 24201 ns, Total: 368095 ns
[2020-12-14T03:52:00.795+0000][6][safepoint    ] Safepoint "Cleanup", Time since last: 1000191446 ns, Reaching safepoint: 223305 ns, At safepoint: 25478 ns, Total: 248783 ns
[2020-12-14T03:52:01.795+0000][6][safepoint    ] Safepoint "Cleanup", Time since last: 1000174376 ns, Reaching safepoint: 221137 ns, At safepoint: 20212 ns, Total: 241349 ns
[2020-12-14T03:52:02.796+0000][6][safepoint    ] Safepoint "Cleanup", Time since last: 1000200058 ns, Reaching safepoint: 254053 ns, At safepoint: 22667 ns, Total: 276720 ns
[2020-12-14T03:52:03.796+0000][6][safepoint    ] Safepoint "Cleanup", Time since last: 1000182300 ns, Reaching safepoint: 230987 ns, At safepoint: 18827 ns, Total: 249814 ns
[2020-12-14T03:52:04.796+0000][6][safepoint    ] Safepoint "Cleanup", Time since last: 1000183364 ns, Reaching safepoint: 225453 ns, At safepoint: 17170 ns, Total: 242623 ns
[2020-12-14T03:52:06.795+0000][6][safepoint    ] Safepoint "Cleanup", Time since last: 1998380647 ns, Reaching safepoint: 226937 ns, At safepoint: 17216 ns, Total: 244153 ns
[2020-12-14T03:52:07.795+0000][6][safepoint    ] Safepoint "Cleanup", Time since last: 1000185140 ns, Reaching safepoint: 240889 ns, At safepoint: 18724 ns, Total: 259613 ns
[2020-12-14T03:52:08.796+0000][6][safepoint    ] Safepoint "Cleanup", Time since last: 1000182492 ns, Reaching safepoint: 228825 ns, At safepoint: 18714 ns, Total: 247539 ns
[2020-12-14T03:52:09.796+0000][6][safepoint    ] Safepoint "Cleanup", Time since last: 1000186112 ns, Reaching safepoint: 254032 ns, At safepoint: 17628 ns, Total: 271660 ns
[2020-12-14T03:52:10.797+0000][6][safepoint    ] Safepoint "Cleanup", Time since last: 1000179905 ns, Reaching safepoint: 219086 ns, At safepoint: 21902 ns, Total: 240988 ns
[2020-12-14T03:52:11.797+0000][6][safepoint    ] Safepoint "Cleanup", Time since last: 1000193572 ns, Reaching safepoint: 237880 ns, At safepoint: 24767 ns, Total: 262647 ns
[2020-12-14T03:52:12.798+0000][6][safepoint    ] Safepoint "Cleanup", Time since last: 1000190025 ns, Reaching safepoint: 207196 ns, At safepoint: 20955 ns, Total: 228151 ns
[2020-12-14T03:52:13.798+0000][6][safepoint    ] Safepoint "Cleanup", Time since last: 1000185833 ns, Reaching safepoint: 205498 ns, At safepoint: 20449 ns, Total: 225947 ns
[2020-12-14T03:52:14.799+0000][6][safepoint    ] Safepoint "Cleanup", Time since last: 1000226266 ns, Reaching safepoint: 281952 ns, At safepoint: 21146 ns, Total: 303098 ns
[2020-12-14T03:52:15.799+0000][6][safepoint    ] Safepoint "Cleanup", Time since last: 1000182414 ns, Reaching safepoint: 217819 ns, At safepoint: 21939 ns, Total: 239758 ns
[2020-12-14T03:52:16.799+0000][6][safepoint    ] Safepoint "Cleanup", Time since last: 1000194014 ns, Reaching safepoint: 214164 ns, At safepoint: 21365 ns, Total: 235529 ns
[2020-12-14T03:52:17.800+0000][6][safepoint    ] Safepoint "Cleanup", Time since last: 1000188941 ns, Reaching safepoint: 204551 ns, At safepoint: 21425 ns, Total: 225976 ns
[2020-12-14T03:52:18.800+0000][6][safepoint    ] Safepoint "Cleanup", Time since last: 1000176455 ns, Reaching safepoint: 252802 ns, At safepoint: 21882 ns, Total: 274684 ns
[2020-12-14T03:52:19.801+0000][6][safepoint    ] Safepoint "Cleanup", Time since last: 1000182758 ns, Reaching safepoint: 287850 ns, At safepoint: 20320 ns, Total: 308170 ns
[2020-12-14T03:52:20.801+0000][6][safepoint    ] Safepoint "Cleanup", Time since last: 1000181494 ns, Reaching safepoint: 213940 ns, At safepoint: 21702 ns, Total: 235642 ns
[2020-12-14T03:52:21.802+0000][6][safepoint    ] Safepoint "Cleanup", Time since last: 1000153042 ns, Reaching safepoint: 210544 ns, At safepoint: 21700 ns, Total: 232244 ns
[2020-12-14T03:52:22.802+0000][6][safepoint    ] Safepoint "Cleanup", Time since last: 1000184134 ns, Reaching safepoint: 208713 ns, At safepoint: 21459 ns, Total: 230172 ns
[2020-12-14T03:52:23.802+0000][6][safepoint    ] Safepoint "Cleanup", Time since last: 1000188885 ns, Reaching safepoint: 294786 ns, At safepoint: 21819 ns, Total: 316605 ns
[2020-12-14T03:52:24.803+0000][6][safepoint    ] Safepoint "Cleanup", Time since last: 1000181544 ns, Reaching safepoint: 209790 ns, At safepoint: 26315 ns, Total: 236105 ns
[2020-12-14T03:52:25.803+0000][6][safepoint    ] Safepoint "Cleanup", Time since last: 1000184896 ns, Reaching safepoint: 215821 ns, At safepoint: 21502 ns, Total: 237323 ns
[2020-12-14T03:52:26.804+0000][6][safepoint    ] Safepoint "Cleanup", Time since last: 1000159484 ns, Reaching safepoint: 229720 ns, At safepoint: 27828 ns, Total: 257548 ns
[2020-12-14T03:52:27.804+0000][6][safepoint    ] Safepoint "Cleanup", Time since last: 1000200555 ns, Reaching safepoint: 229332 ns, At safepoint: 22013 ns, Total: 251345 ns
[2020-12-14T03:52:28.805+0000][6][safepoint    ] Safepoint "Cleanup", Time since last: 1000180286 ns, Reaching safepoint: 232661 ns, At safepoint: 23973 ns, Total: 256634 ns
[2020-12-14T03:52:29.805+0000][6][safepoint    ] Safepoint "Cleanup", Time since last: 1000176721 ns, Reaching safepoint: 203674 ns, At safepoint: 20499 ns, Total: 224173 ns
[2020-12-14T03:52:31.254+0000][6][safepoint    ] Safepoint "Cleanup", Time since last: 1448306214 ns, Reaching safepoint: 231187 ns, At safepoint: 18774 ns, Total: 249961 ns
[2020-12-14T03:52:32.254+0000][6][safepoint    ] Safepoint "Cleanup", Time since last: 1000216997 ns, Reaching safepoint: 235009 ns, At safepoint: 74863 ns, Total: 309872 ns
[2020-12-14T03:52:33.255+0000][6][safepoint    ] Safepoint "Cleanup", Time since last: 1000198490 ns, Reaching safepoint: 238987 ns, At safepoint: 19221 ns, Total: 258208 ns
[2020-12-14T03:52:34.255+0000][6][safepoint    ] Safepoint "Cleanup", Time since last: 1000209043 ns, Reaching safepoint: 235132 ns, At safepoint: 17063 ns, Total: 252195 ns
[2020-12-14T03:52:35.811+0000][6][safepoint    ] Safepoint "Cleanup", Time since last: 1555939124 ns, Reaching safepoint: 242549 ns, At safepoint: 18577 ns, Total: 261126 ns
[2020-12-14T03:52:36.812+0000][6][safepoint    ] Safepoint "Cleanup", Time since last: 1000171308 ns, Reaching safepoint: 278921 ns, At safepoint: 18670 ns, Total: 297591 ns
[2020-12-14T03:52:37.812+0000][6][safepoint    ] Safepoint "Cleanup", Time since last: 1000197236 ns, Reaching safepoint: 306400 ns, At safepoint: 23056 ns, Total: 329456 ns
[2020-12-14T03:52:38.813+0000][6][safepoint    ] Safepoint "Cleanup", Time since last: 1000194235 ns, Reaching safepoint: 220123 ns, At safepoint: 18458 ns, Total: 238581 ns
[2020-12-14T03:52:39.813+0000][6][safepoint    ] Safepoint "Cleanup", Time since last: 1000221310 ns, Reaching safepoint: 317269 ns, At safepoint: 18887 ns, Total: 336156 ns
[2020-12-14T03:52:40.814+0000][6][safepoint    ] Safepoint "Cleanup", Time since last: 1000195165 ns, Reaching safepoint: 227621 ns, At safepoint: 18874 ns, Total: 246495 ns
[2020-12-14T03:52:41.814+0000][6][safepoint    ] Safepoint "Cleanup", Time since last: 1000209957 ns, Reaching safepoint: 307093 ns, At safepoint: 20158 ns, Total: 327251 ns
[2020-12-14T03:52:42.815+0000][6][safepoint    ] Safepoint "Cleanup", Time since last: 1000200154 ns, Reaching safepoint: 223445 ns, At safepoint: 17447 ns, Total: 240892 ns
[2020-12-14T03:52:43.815+0000][6][safepoint    ] Safepoint "Cleanup", Time since last: 1000192860 ns, Reaching safepoint: 283160 ns, At safepoint: 17683 ns, Total: 300843 ns
[2020-12-14T03:52:44.816+0000][6][safepoint    ] Safepoint "Cleanup", Time since last: 1000187541 ns, Reaching safepoint: 234535 ns, At safepoint: 19234 ns, Total: 253769 ns
[2020-12-14T03:52:45.816+0000][6][safepoint    ] Safepoint "Cleanup", Time since last: 1000208279 ns, Reaching safepoint: 213226 ns, At safepoint: 18551 ns, Total: 231777 ns
[2020-12-14T03:52:46.817+0000][6][safepoint    ] Safepoint "Cleanup", Time since last: 1000257337 ns, Reaching safepoint: 230719 ns, At safepoint: 19395 ns, Total: 250114 ns
[2020-12-14T03:52:47.817+0000][6][safepoint    ] Safepoint "Cleanup", Time since last: 1000184962 ns, Reaching safepoint: 221704 ns, At safepoint: 18888 ns, Total: 240592 ns
[2020-12-14T03:52:48.817+0000][6][safepoint    ] Safepoint "Cleanup", Time since last: 1000184612 ns, Reaching safepoint: 228545 ns, At safepoint: 19778 ns, Total: 248323 ns
[2020-12-14T03:52:49.818+0000][6][safepoint    ] Safepoint "Cleanup", Time since last: 1000181150 ns, Reaching safepoint: 227534 ns, At safepoint: 19051 ns, Total: 246585 ns
[2020-12-14T03:52:50.818+0000][6][safepoint    ] Safepoint "Cleanup", Time since last: 1000196530 ns, Reaching safepoint: 312072 ns, At safepoint: 18985 ns, Total: 331057 ns
[2020-12-14T03:52:51.819+0000][6][safepoint    ] Safepoint "Cleanup", Time since last: 1000211179 ns, Reaching safepoint: 223906 ns, At safepoint: 18204 ns, Total: 242110 ns
[2020-12-14T03:52:52.819+0000][6][safepoint    ] Safepoint "Cleanup", Time since last: 1000188951 ns, Reaching safepoint: 309732 ns, At safepoint: 19147 ns, Total: 328879 ns
[2020-12-14T03:52:53.820+0000][6][safepoint    ] Safepoint "Cleanup", Time since last: 1000184540 ns, Reaching safepoint: 279758 ns, At safepoint: 18680 ns, Total: 298438 ns
[2020-12-14T03:52:54.820+0000][6][safepoint    ] Safepoint "Cleanup", Time since last: 1000180533 ns, Reaching safepoint: 226967 ns, At safepoint: 19291 ns, Total: 246258 ns
[2020-12-14T03:52:55.821+0000][6][safepoint    ] Safepoint "Cleanup", Time since last: 1000183958 ns, Reaching safepoint: 235299 ns, At safepoint: 21582 ns, Total: 256881 ns
[2020-12-14T03:52:56.821+0000][6][safepoint    ] Safepoint "Cleanup", Time since last: 1000185974 ns, Reaching safepoint: 263654 ns, At safepoint: 16317 ns, Total: 279971 ns
[2020-12-14T03:52:57.822+0000][6][safepoint    ] Safepoint "Cleanup", Time since last: 1000184975 ns, Reaching safepoint: 225586 ns, At safepoint: 19118 ns, Total: 244704 ns
[2020-12-14T03:52:58.822+0000][6][safepoint    ] Safepoint "Cleanup", Time since last: 1000183485 ns, Reaching safepoint: 247956 ns, At safepoint: 18857 ns, Total: 266813 ns
[2020-12-14T03:52:59.822+0000][6][safepoint    ] Safepoint "Cleanup", Time since last: 1000198945 ns, Reaching safepoint: 233897 ns, At safepoint: 19048 ns, Total: 252945 ns
[2020-12-14T03:53:00.823+0000][6][safepoint    ] Safepoint "Cleanup", Time since last: 1000184538 ns, Reaching safepoint: 231810 ns, At safepoint: 18704 ns, Total: 250514 ns
[2020-12-14T03:53:01.823+0000][6][safepoint    ] Safepoint "Cleanup", Time since last: 1000216894 ns, Reaching safepoint: 230766 ns, At safepoint: 19344 ns, Total: 250110 ns
[2020-12-14T03:53:02.824+0000][6][safepoint    ] Safepoint "Cleanup", Time since last: 1000198340 ns, Reaching safepoint: 225950 ns, At safepoint: 18701 ns, Total: 244651 ns
[2020-12-14T03:53:03.824+0000][6][safepoint    ] Safepoint "Cleanup", Time since last: 1000164624 ns, Reaching safepoint: 254640 ns, At safepoint: 18109 ns, Total: 272749 ns
[2020-12-14T03:53:04.825+0000][6][safepoint    ] Safepoint "Cleanup", Time since last: 1000197588 ns, Reaching safepoint: 226167 ns, At safepoint: 17462 ns, Total: 243629 ns
[2020-12-14T03:53:05.825+0000][6][safepoint    ] Safepoint "Cleanup", Time since last: 1000156527 ns, Reaching safepoint: 312599 ns, At safepoint: 20919 ns, Total: 333518 ns
[2020-12-14T03:53:05.827+0000][6][safepoint    ] Safepoint "BulkRevokeBias", Time since last: 393143 ns, Reaching safepoint: 209323 ns, At safepoint: 1055432 ns, Total: 1264755 ns
[2020-12-14T03:53:06.828+0000][6][safepoint    ] Safepoint "Cleanup", Time since last: 1000966834 ns, Reaching safepoint: 222995 ns, At safepoint: 17664 ns, Total: 240659 ns
[2020-12-14T03:53:07.828+0000][6][safepoint    ] Safepoint "Cleanup", Time since last: 1000204026 ns, Reaching safepoint: 216942 ns, At safepoint: 19047 ns, Total: 235989 ns
[2020-12-14T03:53:08.829+0000][6][safepoint    ] Safepoint "Cleanup", Time since last: 1000194063 ns, Reaching safepoint: 214467 ns, At safepoint: 17320 ns, Total: 231787 ns
[2020-12-14T03:53:09.829+0000][6][safepoint    ] Safepoint "Cleanup", Time since last: 1000186383 ns, Reaching safepoint: 222292 ns, At safepoint: 19484 ns, Total: 241776 ns
[2020-12-14T03:53:10.830+0000][6][safepoint    ] Safepoint "Cleanup", Time since last: 1000189229 ns, Reaching safepoint: 223018 ns, At safepoint: 20802 ns, Total: 243820 ns
[2020-12-14T03:53:12.115+0000][6][safepoint    ] Safepoint "Cleanup", Time since last: 1285393002 ns, Reaching safepoint: 224222 ns, At safepoint: 18981 ns, Total: 243203 ns
[2020-12-14T03:53:13.116+0000][6][safepoint    ] Safepoint "Cleanup", Time since last: 1000182678 ns, Reaching safepoint: 221941 ns, At safepoint: 25085 ns, Total: 247026 ns
[2020-12-14T03:53:14.116+0000][6][safepoint    ] Safepoint "Cleanup", Time since last: 1000180442 ns, Reaching safepoint: 254633 ns, At safepoint: 18891 ns, Total: 273524 ns
[2020-12-14T03:53:15.117+0000][6][safepoint    ] Safepoint "Cleanup", Time since last: 1000141054 ns, Reaching safepoint: 233437 ns, At safepoint: 18558 ns, Total: 251995 ns
[2020-12-14T03:53:16.117+0000][6][safepoint    ] Safepoint "Cleanup", Time since last: 1000187437 ns, Reaching safepoint: 289310 ns, At safepoint: 19424 ns, Total: 308734 ns
[2020-12-14T03:53:17.118+0000][6][safepoint    ] Safepoint "Cleanup", Time since last: 1000188969 ns, Reaching safepoint: 229532 ns, At safepoint: 18747 ns, Total: 248279 ns
[2020-12-14T03:53:18.118+0000][6][safepoint    ] Safepoint "Cleanup", Time since last: 1000177184 ns, Reaching safepoint: 238013 ns, At safepoint: 16360 ns, Total: 254373 ns
[2020-12-14T03:53:19.119+0000][6][safepoint    ] Safepoint "Cleanup", Time since last: 1000203703 ns, Reaching safepoint: 233891 ns, At safepoint: 18671 ns, Total: 252562 ns
[2020-12-14T03:53:20.119+0000][6][safepoint    ] Safepoint "Cleanup", Time since last: 1000187457 ns, Reaching safepoint: 265416 ns, At safepoint: 20889 ns, Total: 286305 ns
[2020-12-14T03:53:21.119+0000][6][safepoint    ] Safepoint "Cleanup", Time since last: 1000189868 ns, Reaching safepoint: 211545 ns, At safepoint: 20818 ns, Total: 232363 ns
[2020-12-14T03:53:22.120+0000][6][safepoint    ] Safepoint "Cleanup", Time since last: 1000191096 ns, Reaching safepoint: 230182 ns, At safepoint: 18527 ns, Total: 248709 ns
[2020-12-14T03:53:23.120+0000][6][safepoint    ] Safepoint "Cleanup", Time since last: 1000186365 ns, Reaching safepoint: 234208 ns, At safepoint: 18193 ns, Total: 252401 ns
[2020-12-14T03:53:24.121+0000][6][safepoint    ] Safepoint "Cleanup", Time since last: 1000174137 ns, Reaching safepoint: 227841 ns, At safepoint: 18847 ns, Total: 246688 ns
[2020-12-14T03:53:25.121+0000][6][safepoint    ] Safepoint "Cleanup", Time since last: 1000193692 ns, Reaching safepoint: 278099 ns, At safepoint: 18728 ns, Total: 296827 ns
[2020-12-14T03:53:26.122+0000][6][safepoint    ] Safepoint "Cleanup", Time since last: 1000199991 ns, Reaching safepoint: 231723 ns, At safepoint: 18707 ns, Total: 250430 ns
[2020-12-14T03:53:27.122+0000][6][safepoint    ] Safepoint "Cleanup", Time since last: 1000174397 ns, Reaching safepoint: 230907 ns, At safepoint: 17655 ns, Total: 248562 ns
[2020-12-14T03:53:28.123+0000][6][safepoint    ] Safepoint "Cleanup", Time since last: 1000215659 ns, Reaching safepoint: 217222 ns, At safepoint: 18607 ns, Total: 235829 ns
[2020-12-14T03:53:29.123+0000][6][safepoint    ] Safepoint "Cleanup", Time since last: 1000189642 ns, Reaching safepoint: 255410 ns, At safepoint: 18914 ns, Total: 274324 ns
[2020-12-14T03:53:30.123+0000][6][safepoint    ] Safepoint "Cleanup", Time since last: 1000181662 ns, Reaching safepoint: 219870 ns, At safepoint: 17447 ns, Total: 237317 ns
[2020-12-14T03:53:30.296+0000][6][safepoint    ] Safepoint "BulkRevokeBias", Time since last: 171699692 ns, Reaching safepoint: 172790 ns, At safepoint: 918325 ns, Total: 1091115 ns
[2020-12-14T03:53:30.310+0000][6][safepoint    ] Safepoint "BulkRevokeBias", Time since last: 13329590 ns, Reaching safepoint: 174101 ns, At safepoint: 761003 ns, Total: 935104 ns
[2020-12-14T03:53:31.311+0000][6][safepoint    ] Safepoint "Cleanup", Time since last: 1000339341 ns, Reaching safepoint: 233138 ns, At safepoint: 17463 ns, Total: 250601 ns
[2020-12-14T03:53:32.311+0000][6][safepoint    ] Safepoint "Cleanup", Time since last: 1000208052 ns, Reaching safepoint: 223331 ns, At safepoint: 18608 ns, Total: 241939 ns
[2020-12-14T03:53:33.312+0000][6][safepoint    ] Safepoint "Cleanup", Time since last: 1000173139 ns, Reaching safepoint: 225986 ns, At safepoint: 18761 ns, Total: 244747 ns
[2020-12-14T03:53:34.312+0000][6][safepoint    ] Safepoint "Cleanup", Time since last: 1000191759 ns, Reaching safepoint: 215811 ns, At safepoint: 30228 ns, Total: 246039 ns
[2020-12-14T03:53:34.842+0000][6][safepoint    ] Safepoint "BulkRevokeBias", Time since last: 528402392 ns, Reaching safepoint: 191331 ns, At safepoint: 1044419 ns, Total: 1235750 ns
[2020-12-14T03:53:35.842+0000][6][safepoint    ] Safepoint "Cleanup", Time since last: 1000185631 ns, Reaching safepoint: 239348 ns, At safepoint: 18707 ns, Total: 258055 ns
[2020-12-14T03:53:36.843+0000][6][safepoint    ] Safepoint "Cleanup", Time since last: 1000188425 ns, Reaching safepoint: 239978 ns, At safepoint: 18130 ns, Total: 258108 ns
[2020-12-14T03:53:37.843+0000][6][safepoint    ] Safepoint "Cleanup", Time since last: 1000183134 ns, Reaching safepoint: 238187 ns, At safepoint: 19771 ns, Total: 257958 ns
[2020-12-14T03:53:38.844+0000][6][safepoint    ] Safepoint "Cleanup", Time since last: 1000186884 ns, Reaching safepoint: 227077 ns, At safepoint: 18571 ns, Total: 245648 ns
[2020-12-14T03:53:39.844+0000][6][safepoint    ] Safepoint "Cleanup", Time since last: 1000191790 ns, Reaching safepoint: 264979 ns, At safepoint: 21115 ns, Total: 286094 ns
[2020-12-14T03:53:40.845+0000][6][safepoint    ] Safepoint "Cleanup", Time since last: 1000190612 ns, Reaching safepoint: 234352 ns, At safepoint: 19021 ns, Total: 253373 ns
[2020-12-14T03:53:41.845+0000][6][safepoint    ] Safepoint "Cleanup", Time since last: 1000189735 ns, Reaching safepoint: 448004 ns, At safepoint: 25725 ns, Total: 473729 ns
[2020-12-14T03:53:42.846+0000][6][safepoint    ] Safepoint "Cleanup", Time since last: 1000186986 ns, Reaching safepoint: 211119 ns, At safepoint: 18440 ns, Total: 229559 ns
[2020-12-14T03:53:43.846+0000][6][safepoint    ] Safepoint "Cleanup", Time since last: 1000186580 ns, Reaching safepoint: 258899 ns, At safepoint: 18711 ns, Total: 277610 ns
[2020-12-14T03:53:44.847+0000][6][safepoint    ] Safepoint "Cleanup", Time since last: 1000146897 ns, Reaching safepoint: 230219 ns, At safepoint: 18434 ns, Total: 248653 ns
[2020-12-14T03:53:45.847+0000][6][safepoint    ] Safepoint "Cleanup", Time since last: 1000179536 ns, Reaching safepoint: 222894 ns, At safepoint: 16480 ns, Total: 239374 ns
[2020-12-14T03:53:46.847+0000][6][safepoint    ] Safepoint "Cleanup", Time since last: 1000210240 ns, Reaching safepoint: 232751 ns, At safepoint: 18857 ns, Total: 251608 ns
[2020-12-14T03:53:47.848+0000][6][safepoint    ] Safepoint "Cleanup", Time since last: 1000185379 ns, Reaching safepoint: 234178 ns, At safepoint: 19148 ns, Total: 253326 ns
[2020-12-14T03:53:48.848+0000][6][safepoint    ] Safepoint "Cleanup", Time since last: 1000202586 ns, Reaching safepoint: 246419 ns, At safepoint: 18680 ns, Total: 265099 ns
[2020-12-14T03:53:49.849+0000][6][safepoint    ] Safepoint "Cleanup", Time since last: 1000186640 ns, Reaching safepoint: 230306 ns, At safepoint: 18694 ns, Total: 249000 ns
[2020-12-14T03:53:50.849+0000][6][safepoint    ] Safepoint "Cleanup", Time since last: 1000190082 ns, Reaching safepoint: 269843 ns, At safepoint: 19863 ns, Total: 289706 ns
[2020-12-14T03:53:51.850+0000][6][safepoint    ] Safepoint "Cleanup", Time since last: 1000190886 ns, Reaching safepoint: 232354 ns, At safepoint: 18834 ns, Total: 251188 ns
[2020-12-14T03:53:52.850+0000][6][safepoint    ] Safepoint "Cleanup", Time since last: 1000188804 ns, Reaching safepoint: 273224 ns, At safepoint: 19147 ns, Total: 292371 ns
[2020-12-14T03:53:53.851+0000][6][safepoint    ] Safepoint "Cleanup", Time since last: 1000189699 ns, Reaching safepoint: 236396 ns, At safepoint: 18938 ns, Total: 255334 ns
[2020-12-14T03:53:54.851+0000][6][safepoint    ] Safepoint "Cleanup", Time since last: 1000191215 ns, Reaching safepoint: 285021 ns, At safepoint: 19221 ns, Total: 304242 ns
[2020-12-14T03:53:55.852+0000][6][safepoint    ] Safepoint "Cleanup", Time since last: 1000189032 ns, Reaching safepoint: 222479 ns, At safepoint: 18860 ns, Total: 241339 ns
[2020-12-14T03:53:56.852+0000][6][safepoint    ] Safepoint "Cleanup", Time since last: 1000187163 ns, Reaching safepoint: 236359 ns, At safepoint: 17457 ns, Total: 253816 ns
[2020-12-14T03:53:57.852+0000][6][safepoint    ] Safepoint "Cleanup", Time since last: 1000174082 ns, Reaching safepoint: 242643 ns, At safepoint: 19251 ns, Total: 261894 ns
[2020-12-14T03:53:58.853+0000][6][safepoint    ] Safepoint "Cleanup", Time since last: 1000189689 ns, Reaching safepoint: 274814 ns, At safepoint: 18337 ns, Total: 293151 ns
[2020-12-14T03:53:59.853+0000][6][safepoint    ] Safepoint "Cleanup", Time since last: 1000177889 ns, Reaching safepoint: 224112 ns, At safepoint: 18440 ns, Total: 242552 ns
[2020-12-14T03:54:00.854+0000][6][safepoint    ] Safepoint "Cleanup", Time since last: 1000189576 ns, Reaching safepoint: 233647 ns, At safepoint: 18821 ns, Total: 252468 ns
[2020-12-14T03:54:01.854+0000][6][safepoint    ] Safepoint "Cleanup", Time since last: 1000176061 ns, Reaching safepoint: 237440 ns, At safepoint: 18747 ns, Total: 256187 ns
[2020-12-14T03:54:02.855+0000][6][safepoint    ] Safepoint "Cleanup", Time since last: 1000188647 ns, Reaching safepoint: 223138 ns, At safepoint: 18641 ns, Total: 241779 ns
[2020-12-14T03:54:03.855+0000][6][safepoint    ] Safepoint "Cleanup", Time since last: 1000202576 ns, Reaching safepoint: 291177 ns, At safepoint: 19358 ns, Total: 310535 ns
[2020-12-14T03:54:04.856+0000][6][safepoint    ] Safepoint "Cleanup", Time since last: 1000196720 ns, Reaching safepoint: 238030 ns, At safepoint: 19343 ns, Total: 257373 ns
[2020-12-14T03:54:05.856+0000][6][safepoint    ] Safepoint "Cleanup", Time since last: 1000189960 ns, Reaching safepoint: 232270 ns, At safepoint: 17857 ns, Total: 250127 ns
[2020-12-14T03:54:06.867+0000][6][safepoint    ] Safepoint "Cleanup", Time since last: 1010919401 ns, Reaching safepoint: 252692 ns, At safepoint: 18831 ns, Total: 271523 ns
[2020-12-14T03:54:07.868+0000][6][safepoint    ] Safepoint "Cleanup", Time since last: 1000190154 ns, Reaching safepoint: 247910 ns, At safepoint: 18850 ns, Total: 266760 ns
[2020-12-14T03:54:08.868+0000][6][safepoint    ] Safepoint "Cleanup", Time since last: 1000192847 ns, Reaching safepoint: 260397 ns, At safepoint: 18804 ns, Total: 279201 ns
[2020-12-14T03:54:09.869+0000][6][safepoint    ] Safepoint "Cleanup", Time since last: 1000188157 ns, Reaching safepoint: 229552 ns, At safepoint: 18104 ns, Total: 247656 ns
[2020-12-14T03:54:10.869+0000][6][safepoint    ] Safepoint "Cleanup", Time since last: 1000200978 ns, Reaching safepoint: 378139 ns, At safepoint: 19522 ns, Total: 397661 ns
[2020-12-14T03:54:11.870+0000][6][safepoint    ] Safepoint "Cleanup", Time since last: 1000194132 ns, Reaching safepoint: 229986 ns, At safepoint: 18847 ns, Total: 248833 ns
[2020-12-14T03:54:12.870+0000][6][safepoint    ] Safepoint "Cleanup", Time since last: 1000180450 ns, Reaching safepoint: 268334 ns, At safepoint: 18071 ns, Total: 286405 ns
[2020-12-14T03:54:13.993+0000][6][safepoint    ] Safepoint "Cleanup", Time since last: 1122470514 ns, Reaching safepoint: 232070 ns, At safepoint: 18774 ns, Total: 250844 ns
[2020-12-14T03:54:14.993+0000][6][safepoint    ] Safepoint "Cleanup", Time since last: 1000217689 ns, Reaching safepoint: 233124 ns, At safepoint: 18711 ns, Total: 251835 ns
[2020-12-14T03:54:15.994+0000][6][safepoint    ] Safepoint "Cleanup", Time since last: 1000189951 ns, Reaching safepoint: 255948 ns, At safepoint: 17776 ns, Total: 273724 ns
[2020-12-14T03:54:16.994+0000][6][safepoint    ] Safepoint "Cleanup", Time since last: 1000186691 ns, Reaching safepoint: 282520 ns, At safepoint: 17669 ns, Total: 300189 ns
[2020-12-14T03:54:17.995+0000][6][safepoint    ] Safepoint "Cleanup", Time since last: 1000177077 ns, Reaching safepoint: 234852 ns, At safepoint: 18881 ns, Total: 253733 ns
[2020-12-14T03:54:18.995+0000][6][safepoint    ] Safepoint "Cleanup", Time since last: 1000187667 ns, Reaching safepoint: 288292 ns, At safepoint: 19145 ns, Total: 307437 ns
[2020-12-14T03:54:19.996+0000][6][safepoint    ] Safepoint "Cleanup", Time since last: 1000188724 ns, Reaching safepoint: 249520 ns, At safepoint: 18978 ns, Total: 268498 ns
[2020-12-14T03:54:20.996+0000][6][safepoint    ] Safepoint "Cleanup", Time since last: 1000186791 ns, Reaching safepoint: 290299 ns, At safepoint: 19497 ns, Total: 309796 ns
[2020-12-14T03:54:21.997+0000][6][safepoint    ] Safepoint "Cleanup", Time since last: 1000197785 ns, Reaching safepoint: 222195 ns, At safepoint: 17625 ns, Total: 239820 ns
[2020-12-14T03:54:22.997+0000][6][safepoint    ] Safepoint "Cleanup", Time since last: 1000189392 ns, Reaching safepoint: 239741 ns, At safepoint: 34663 ns, Total: 274404 ns
[2020-12-14T03:54:23.998+0000][6][safepoint    ] Safepoint "Cleanup", Time since last: 1000192937 ns, Reaching safepoint: 243140 ns, At safepoint: 18737 ns, Total: 261877 ns
[2020-12-14T03:54:24.998+0000][6][safepoint    ] Safepoint "Cleanup", Time since last: 1000198394 ns, Reaching safepoint: 236773 ns, At safepoint: 17800 ns, Total: 254573 ns
[2020-12-14T03:54:25.998+0000][6][safepoint    ] Safepoint "Cleanup", Time since last: 1000228947 ns, Reaching safepoint: 246105 ns, At safepoint: 18874 ns, Total: 264979 ns
[2020-12-14T03:54:26.999+0000][6][safepoint    ] Safepoint "Cleanup", Time since last: 1000201112 ns, Reaching safepoint: 247786 ns, At safepoint: 19135 ns, Total: 266921 ns
[2020-12-14T03:54:27.999+0000][6][safepoint    ] Safepoint "Cleanup", Time since last: 1000198837 ns, Reaching safepoint: 221280 ns, At safepoint: 19428 ns, Total: 240708 ns
[2020-12-14T03:54:29.000+0000][6][safepoint    ] Safepoint "Cleanup", Time since last: 1000191532 ns, Reaching safepoint: 269098 ns, At safepoint: 19175 ns, Total: 288273 ns
[2020-12-14T03:54:30.000+0000][6][safepoint    ] Safepoint "Cleanup", Time since last: 1000176554 ns, Reaching safepoint: 272510 ns, At safepoint: 18437 ns, Total: 290947 ns
[2020-12-14T03:54:31.368+0000][6][safepoint    ] Safepoint "Cleanup", Time since last: 1367193357 ns, Reaching safepoint: 226343 ns, At safepoint: 17443 ns, Total: 243786 ns
[2020-12-14T03:54:32.368+0000][6][safepoint    ] Safepoint "Cleanup", Time since last: 1000197036 ns, Reaching safepoint: 236769 ns, At safepoint: 17627 ns, Total: 254396 ns
[2020-12-14T03:54:33.369+0000][6][safepoint    ] Safepoint "Cleanup", Time since last: 1000188615 ns, Reaching safepoint: 216735 ns, At safepoint: 18704 ns, Total: 235439 ns
[2020-12-14T03:54:34.369+0000][6][safepoint    ] Safepoint "Cleanup", Time since last: 1000198720 ns, Reaching safepoint: 247312 ns, At safepoint: 18577 ns, Total: 265889 ns
[2020-12-14T03:54:34.875+0000][6][safepoint    ] Safepoint "BulkRevokeBias", Time since last: 504082355 ns, Reaching safepoint: 225793 ns, At safepoint: 1103298 ns, Total: 1329091 ns
[2020-12-14T03:54:35.877+0000][6][safepoint    ] Safepoint "Cleanup", Time since last: 1002248822 ns, Reaching safepoint: 219270 ns, At safepoint: 21109 ns, Total: 240379 ns
[2020-12-14T03:54:36.877+0000][6][safepoint    ] Safepoint "Cleanup", Time since last: 1000208973 ns, Reaching safepoint: 204223 ns, At safepoint: 17025 ns, Total: 221248 ns
[2020-12-14T03:54:37.878+0000][6][safepoint    ] Safepoint "Cleanup", Time since last: 1000181135 ns, Reaching safepoint: 220691 ns, At safepoint: 21012 ns, Total: 241703 ns
[2020-12-14T03:54:38.878+0000][6][safepoint    ] Safepoint "Cleanup", Time since last: 1000181537 ns, Reaching safepoint: 247262 ns, At safepoint: 17904 ns, Total: 265166 ns
[2020-12-14T03:54:39.879+0000][6][safepoint    ] Safepoint "Cleanup", Time since last: 1000183851 ns, Reaching safepoint: 283257 ns, At safepoint: 17924 ns, Total: 301181 ns
[2020-12-14T03:54:40.879+0000][6][safepoint    ] Safepoint "Cleanup", Time since last: 1000188443 ns, Reaching safepoint: 269812 ns, At safepoint: 18594 ns, Total: 288406 ns
[2020-12-14T03:54:41.880+0000][6][safepoint    ] Safepoint "Cleanup", Time since last: 1000196766 ns, Reaching safepoint: 226544 ns, At safepoint: 30699 ns, Total: 257243 ns
[2020-12-14T03:54:42.880+0000][6][safepoint    ] Safepoint "Cleanup", Time since last: 1000178644 ns, Reaching safepoint: 268548 ns, At safepoint: 18407 ns, Total: 286955 ns
[2020-12-14T03:54:43.881+0000][6][safepoint    ] Safepoint "Cleanup", Time since last: 1000151259 ns, Reaching safepoint: 241913 ns, At safepoint: 19104 ns, Total: 261017 ns
[2020-12-14T03:54:44.881+0000][6][safepoint    ] Safepoint "Cleanup", Time since last: 1000183445 ns, Reaching safepoint: 219933 ns, At safepoint: 17223 ns, Total: 237156 ns
[2020-12-14T03:54:45.881+0000][6][safepoint    ] Safepoint "Cleanup", Time since last: 1000202689 ns, Reaching safepoint: 229305 ns, At safepoint: 18875 ns, Total: 248180 ns
[2020-12-14T03:54:46.882+0000][6][safepoint    ] Safepoint "Cleanup", Time since last: 1000186530 ns, Reaching safepoint: 239708 ns, At safepoint: 16412 ns, Total: 256120 ns
[2020-12-14T03:54:47.882+0000][6][safepoint    ] Safepoint "Cleanup", Time since last: 1000165491 ns, Reaching safepoint: 214112 ns, At safepoint: 18506 ns, Total: 232618 ns
[2020-12-14T03:54:48.883+0000][6][safepoint    ] Safepoint "Cleanup", Time since last: 1000184669 ns, Reaching safepoint: 225690 ns, At safepoint: 18044 ns, Total: 243734 ns
[2020-12-14T03:54:49.883+0000][6][safepoint    ] Safepoint "Cleanup", Time since last: 1000182976 ns, Reaching safepoint: 270209 ns, At safepoint: 19735 ns, Total: 289944 ns
[2020-12-14T03:54:50.884+0000][6][safepoint    ] Safepoint "Cleanup", Time since last: 1000184275 ns, Reaching safepoint: 234875 ns, At safepoint: 18885 ns, Total: 253760 ns
[2020-12-14T03:54:51.884+0000][6][safepoint    ] Safepoint "Cleanup", Time since last: 1000185559 ns, Reaching safepoint: 241732 ns, At safepoint: 19421 ns, Total: 261153 ns
[2020-12-14T03:54:52.885+0000][6][safepoint    ] Safepoint "Cleanup", Time since last: 1000207296 ns, Reaching safepoint: 224216 ns, At safepoint: 17823 ns, Total: 242039 ns
[2020-12-14T03:54:53.885+0000][6][safepoint    ] Safepoint "Cleanup", Time since last: 1000193438 ns, Reaching safepoint: 239463 ns, At safepoint: 21815 ns, Total: 261278 ns
[2020-12-14T03:54:54.885+0000][6][safepoint    ] Safepoint "Cleanup", Time since last: 1000198467 ns, Reaching safepoint: 223058 ns, At safepoint: 18624 ns, Total: 241682 ns
[2020-12-14T03:54:55.886+0000][6][safepoint    ] Safepoint "Cleanup", Time since last: 1000189195 ns, Reaching safepoint: 215747 ns, At safepoint: 21609 ns, Total: 237356 ns
[2020-12-14T03:54:56.886+0000][6][safepoint    ] Safepoint "Cleanup", Time since last: 1000209330 ns, Reaching safepoint: 213166 ns, At safepoint: 19554 ns, Total: 232720 ns
[2020-12-14T03:54:57.887+0000][6][safepoint    ] Safepoint "Cleanup", Time since last: 1000209080 ns, Reaching safepoint: 266009 ns, At safepoint: 24735 ns, Total: 290744 ns
[2020-12-14T03:54:58.887+0000][6][safepoint    ] Safepoint "Cleanup", Time since last: 1000185889 ns, Reaching safepoint: 265939 ns, At safepoint: 18287 ns, Total: 284226 ns
[2020-12-14T03:54:59.888+0000][6][safepoint    ] Safepoint "Cleanup", Time since last: 1000176305 ns, Reaching safepoint: 217358 ns, At safepoint: 18717 ns, Total: 236075 ns
[2020-12-14T03:55:00.888+0000][6][safepoint    ] Safepoint "Cleanup", Time since last: 1000186172 ns, Reaching safepoint: 289340 ns, At safepoint: 18524 ns, Total: 307864 ns
[2020-12-14T03:55:01.889+0000][6][safepoint    ] Safepoint "Cleanup", Time since last: 1000184482 ns, Reaching safepoint: 239050 ns, At safepoint: 18195 ns, Total: 257245 ns
[2020-12-14T03:55:02.889+0000][6][safepoint    ] Safepoint "Cleanup", Time since last: 1000185102 ns, Reaching safepoint: 221337 ns, At safepoint: 39986 ns, Total: 261323 ns
[2020-12-14T03:55:03.890+0000][6][safepoint    ] Safepoint "Cleanup", Time since last: 1000186460 ns, Reaching safepoint: 251738 ns, At safepoint: 19041 ns, Total: 270779 ns
[2020-12-14T03:55:04.890+0000][6][safepoint    ] Safepoint "Cleanup", Time since last: 1000184145 ns, Reaching safepoint: 226803 ns, At safepoint: 17628 ns, Total: 244431 ns
[2020-12-14T03:55:05.901+0000][6][safepoint    ] Safepoint "Cleanup", Time since last: 1010597487 ns, Reaching safepoint: 278107 ns, At safepoint: 23133 ns, Total: 301240 ns
[2020-12-14T03:55:06.904+0000][6][safepoint    ] Safepoint "Cleanup", Time since last: 1003275089 ns, Reaching safepoint: 215690 ns, At safepoint: 18725 ns, Total: 234415 ns
[2020-12-14T03:55:07.905+0000][6][safepoint    ] Safepoint "Cleanup", Time since last: 1000186433 ns, Reaching safepoint: 219702 ns, At safepoint: 18348 ns, Total: 238050 ns
[2020-12-14T03:55:08.905+0000][6][safepoint    ] Safepoint "Cleanup", Time since last: 1000188817 ns, Reaching safepoint: 292755 ns, At safepoint: 19245 ns, Total: 312000 ns
[2020-12-14T03:55:09.906+0000][6][safepoint    ] Safepoint "Cleanup", Time since last: 1000184485 ns, Reaching safepoint: 235052 ns, At safepoint: 19000 ns, Total: 254052 ns
[2020-12-14T03:55:10.906+0000][6][safepoint    ] Safepoint "Cleanup", Time since last: 1000183502 ns, Reaching safepoint: 380232 ns, At safepoint: 19463 ns, Total: 399695 ns
[2020-12-14T03:55:11.907+0000][6][safepoint    ] Safepoint "Cleanup", Time since last: 1000181442 ns, Reaching safepoint: 226447 ns, At safepoint: 18437 ns, Total: 244884 ns
[2020-12-14T03:55:12.907+0000][6][safepoint    ] Safepoint "Cleanup", Time since last: 1000182360 ns, Reaching safepoint: 251622 ns, At safepoint: 19171 ns, Total: 270793 ns
[2020-12-14T03:55:13.908+0000][6][safepoint    ] Safepoint "Cleanup", Time since last: 1000154678 ns, Reaching safepoint: 240478 ns, At safepoint: 18664 ns, Total: 259142 ns
[2020-12-14T03:55:14.908+0000][6][safepoint    ] Safepoint "Cleanup", Time since last: 1000185103 ns, Reaching safepoint: 220893 ns, At safepoint: 17210 ns, Total: 238103 ns
[2020-12-14T03:55:15.909+0000][6][safepoint    ] Safepoint "Cleanup", Time since last: 1000201407 ns, Reaching safepoint: 251088 ns, At safepoint: 18897 ns, Total: 269985 ns
[2020-12-14T03:55:16.909+0000][6][safepoint    ] Safepoint "Cleanup", Time since last: 1000185600 ns, Reaching safepoint: 225856 ns, At safepoint: 18781 ns, Total: 244637 ns
[2020-12-14T03:55:17.909+0000][6][safepoint    ] Safepoint "Cleanup", Time since last: 1000185419 ns, Reaching safepoint: 230439 ns, At safepoint: 19075 ns, Total: 249514 ns
[2020-12-14T03:55:18.910+0000][6][safepoint    ] Safepoint "Cleanup", Time since last: 1000174626 ns, Reaching safepoint: 230219 ns, At safepoint: 19041 ns, Total: 249260 ns
[2020-12-14T03:55:19.910+0000][6][safepoint    ] Safepoint "Cleanup", Time since last: 1000180002 ns, Reaching safepoint: 242013 ns, At safepoint: 18741 ns, Total: 260754 ns
[2020-12-14T03:55:20.911+0000][6][safepoint    ] Safepoint "Cleanup", Time since last: 1000192046 ns, Reaching safepoint: 254566 ns, At safepoint: 19034 ns, Total: 273600 ns
[2020-12-14T03:55:21.911+0000][6][safepoint    ] Safepoint "Cleanup", Time since last: 1000144539 ns, Reaching safepoint: 249610 ns, At safepoint: 20852 ns, Total: 270462 ns
[2020-12-14T03:55:22.912+0000][6][safepoint    ] Safepoint "Cleanup", Time since last: 1000189748 ns, Reaching safepoint: 213033 ns, At safepoint: 18367 ns, Total: 231400 ns
[2020-12-14T03:55:23.912+0000][6][safepoint    ] Safepoint "Cleanup", Time since last: 1000163163 ns, Reaching safepoint: 228778 ns, At safepoint: 17577 ns, Total: 246355 ns
[2020-12-14T03:55:24.912+0000][6][safepoint    ] Safepoint "Cleanup", Time since last: 1000179992 ns, Reaching safepoint: 223145 ns, At safepoint: 18747 ns, Total: 241892 ns
[2020-12-14T03:55:26.609+0000][6][safepoint    ] Safepoint "Cleanup", Time since last: 1696596106 ns, Reaching safepoint: 275775 ns, At safepoint: 21089 ns, Total: 296864 ns
[2020-12-14T03:55:27.610+0000][6][safepoint    ] Safepoint "Cleanup", Time since last: 1000192662 ns, Reaching safepoint: 235252 ns, At safepoint: 24971 ns, Total: 260223 ns
[2020-12-14T03:55:28.610+0000][6][safepoint    ] Safepoint "Cleanup", Time since last: 1000187300 ns, Reaching safepoint: 273314 ns, At safepoint: 21218 ns, Total: 294532 ns
[2020-12-14T03:55:29.611+0000][6][safepoint    ] Safepoint "Cleanup", Time since last: 1000186254 ns, Reaching safepoint: 351692 ns, At safepoint: 22403 ns, Total: 374095 ns
[2020-12-14T03:55:31.423+0000][6][safepoint    ] Safepoint "Cleanup", Time since last: 1812364597 ns, Reaching safepoint: 225406 ns, At safepoint: 19075 ns, Total: 244481 ns
[2020-12-14T03:55:32.424+0000][6][safepoint    ] Safepoint "Cleanup", Time since last: 1000185295 ns, Reaching safepoint: 220467 ns, At safepoint: 19231 ns, Total: 239698 ns
[2020-12-14T03:55:33.424+0000][6][safepoint    ] Safepoint "Cleanup", Time since last: 1000183621 ns, Reaching safepoint: 231907 ns, At safepoint: 20225 ns, Total: 252132 ns
[2020-12-14T03:55:34.425+0000][6][safepoint    ] Safepoint "Cleanup", Time since last: 1000166998 ns, Reaching safepoint: 233855 ns, At safepoint: 19087 ns, Total: 252942 ns
[2020-12-14T03:55:35.910+0000][6][safepoint    ] Safepoint "Cleanup", Time since last: 1484613887 ns, Reaching safepoint: 231043 ns, At safepoint: 19001 ns, Total: 250044 ns
[2020-12-14T03:55:36.910+0000][6][safepoint    ] Safepoint "Cleanup", Time since last: 1000190578 ns, Reaching safepoint: 252045 ns, At safepoint: 18768 ns, Total: 270813 ns
[2020-12-14T03:55:37.910+0000][6][safepoint    ] Safepoint "Cleanup", Time since last: 1000189532 ns, Reaching safepoint: 218075 ns, At safepoint: 18625 ns, Total: 236700 ns
[2020-12-14T03:55:38.911+0000][6][safepoint    ] Safepoint "Cleanup", Time since last: 1000179491 ns, Reaching safepoint: 226967 ns, At safepoint: 18778 ns, Total: 245745 ns
[2020-12-14T03:55:39.911+0000][6][safepoint    ] Safepoint "Cleanup", Time since last: 1000188881 ns, Reaching safepoint: 271166 ns, At safepoint: 19384 ns, Total: 290550 ns
[2020-12-14T03:55:40.912+0000][6][safepoint    ] Safepoint "Cleanup", Time since last: 1000190309 ns, Reaching safepoint: 230419 ns, At safepoint: 19034 ns, Total: 249453 ns
[2020-12-14T03:55:41.912+0000][6][safepoint    ] Safepoint "Cleanup", Time since last: 1000183522 ns, Reaching safepoint: 404199 ns, At safepoint: 19014 ns, Total: 423213 ns
[2020-12-14T03:55:42.913+0000][6][safepoint    ] Safepoint "Cleanup", Time since last: 1000187096 ns, Reaching safepoint: 261689 ns, At safepoint: 18060 ns, Total: 279749 ns
[2020-12-14T03:55:43.913+0000][6][safepoint    ] Safepoint "Cleanup", Time since last: 1000185101 ns, Reaching safepoint: 254386 ns, At safepoint: 19037 ns, Total: 273423 ns
[2020-12-14T03:55:44.914+0000][6][safepoint    ] Safepoint "Cleanup", Time since last: 1000195956 ns, Reaching safepoint: 235354 ns, At safepoint: 17866 ns, Total: 253220 ns
[2020-12-14T03:55:45.914+0000][6][safepoint    ] Safepoint "Cleanup", Time since last: 1000187202 ns, Reaching safepoint: 263416 ns, At safepoint: 19294 ns, Total: 282710 ns
[2020-12-14T03:55:46.915+0000][6][safepoint    ] Safepoint "Cleanup", Time since last: 1000197555 ns, Reaching safepoint: 231130 ns, At safepoint: 18137 ns, Total: 249267 ns
[2020-12-14T03:55:47.915+0000][6][safepoint    ] Safepoint "Cleanup", Time since last: 1000193660 ns, Reaching safepoint: 263824 ns, At safepoint: 18956 ns, Total: 282780 ns
[2020-12-14T03:55:48.916+0000][6][safepoint    ] Safepoint "Cleanup", Time since last: 1000185012 ns, Reaching safepoint: 227007 ns, At safepoint: 18911 ns, Total: 245918 ns
[2020-12-14T03:55:49.916+0000][6][safepoint    ] Safepoint "Cleanup", Time since last: 1000183828 ns, Reaching safepoint: 236379 ns, At safepoint: 19007 ns, Total: 255386 ns
[2020-12-14T03:55:50.916+0000][6][safepoint    ] Safepoint "Cleanup", Time since last: 1000204818 ns, Reaching safepoint: 232367 ns, At safepoint: 30560 ns, Total: 262927 ns
[2020-12-14T03:55:51.917+0000][6][safepoint    ] Safepoint "Cleanup", Time since last: 1000185359 ns, Reaching safepoint: 245044 ns, At safepoint: 19298 ns, Total: 264342 ns
[2020-12-14T03:55:53.721+0000][6][safepoint    ] Safepoint "Cleanup", Time since last: 1804313552 ns, Reaching safepoint: 233108 ns, At safepoint: 18183 ns, Total: 251291 ns
[2020-12-14T03:55:54.722+0000][6][safepoint    ] Safepoint "Cleanup", Time since last: 1000194798 ns, Reaching safepoint: 226807 ns, At safepoint: 18474 ns, Total: 245281 ns
[2020-12-14T03:55:55.722+0000][6][safepoint    ] Safepoint "Cleanup", Time since last: 1000199004 ns, Reaching safepoint: 239464 ns, At safepoint: 20778 ns, Total: 260242 ns
[2020-12-14T03:55:56.723+0000][6][safepoint    ] Safepoint "Cleanup", Time since last: 1000197153 ns, Reaching safepoint: 231056 ns, At safepoint: 19758 ns, Total: 250814 ns
[2020-12-14T03:55:57.723+0000][6][safepoint    ] Safepoint "Cleanup", Time since last: 1000187551 ns, Reaching safepoint: 242506 ns, At safepoint: 18900 ns, Total: 261406 ns
[2020-12-14T03:55:58.724+0000][6][safepoint    ] Safepoint "Cleanup", Time since last: 1000178479 ns, Reaching safepoint: 278957 ns, At safepoint: 19671 ns, Total: 298628 ns
[2020-12-14T03:55:59.724+0000][6][safepoint    ] Safepoint "Cleanup", Time since last: 1000179860 ns, Reaching safepoint: 291594 ns, At safepoint: 20922 ns, Total: 312516 ns
[2020-12-14T03:56:00.725+0000][6][safepoint    ] Safepoint "Cleanup", Time since last: 1000178778 ns, Reaching safepoint: 205465 ns, At safepoint: 18844 ns, Total: 224309 ns
[2020-12-14T03:56:01.725+0000][6][safepoint    ] Safepoint "Cleanup", Time since last: 1000212832 ns, Reaching safepoint: 304495 ns, At safepoint: 19977 ns, Total: 324472 ns
[2020-12-14T03:56:02.726+0000][6][safepoint    ] Safepoint "Cleanup", Time since last: 1000187884 ns, Reaching safepoint: 216781 ns, At safepoint: 18615 ns, Total: 235396 ns
[2020-12-14T03:56:03.726+0000][6][safepoint    ] Safepoint "Cleanup", Time since last: 1000180342 ns, Reaching safepoint: 238369 ns, At safepoint: 17176 ns, Total: 255545 ns
[2020-12-14T03:56:04.727+0000][6][safepoint    ] Safepoint "Cleanup", Time since last: 1000205998 ns, Reaching safepoint: 246025 ns, At safepoint: 17856 ns, Total: 263881 ns
[2020-12-14T03:56:05.727+0000][6][safepoint    ] Safepoint "Cleanup", Time since last: 1000183385 ns, Reaching safepoint: 235277 ns, At safepoint: 18589 ns, Total: 253866 ns
[2020-12-14T03:56:07.718+0000][6][safepoint    ] Safepoint "Cleanup", Time since last: 1990853997 ns, Reaching safepoint: 221714 ns, At safepoint: 19521 ns, Total: 241235 ns
[2020-12-14T03:56:08.719+0000][6][safepoint    ] Safepoint "Cleanup", Time since last: 1000219688 ns, Reaching safepoint: 217677 ns, At safepoint: 18167 ns, Total: 235844 ns
[2020-12-14T03:56:09.719+0000][6][safepoint    ] Safepoint "Cleanup", Time since last: 1000174328 ns, Reaching safepoint: 243263 ns, At safepoint: 21973 ns, Total: 265236 ns
[2020-12-14T03:56:10.719+0000][6][safepoint    ] Safepoint "Cleanup", Time since last: 1000200580 ns, Reaching safepoint: 224479 ns, At safepoint: 23417 ns, Total: 247896 ns
[2020-12-14T03:56:11.720+0000][6][safepoint    ] Safepoint "Cleanup", Time since last: 1000231625 ns, Reaching safepoint: 224203 ns, At safepoint: 20004 ns, Total: 244207 ns
[2020-12-14T03:56:12.720+0000][6][safepoint    ] Safepoint "Cleanup", Time since last: 1000293485 ns, Reaching safepoint: 245098 ns, At safepoint: 18740 ns, Total: 263838 ns
[2020-12-14T03:56:13.721+0000][6][safepoint    ] Safepoint "Cleanup", Time since last: 1000198094 ns, Reaching safepoint: 233455 ns, At safepoint: 16881 ns, Total: 250336 ns
[2020-12-14T03:56:14.721+0000][6][safepoint    ] Safepoint "Cleanup", Time since last: 1000186203 ns, Reaching safepoint: 260947 ns, At safepoint: 18981 ns, Total: 279928 ns
[2020-12-14T03:56:15.722+0000][6][safepoint    ] Safepoint "Cleanup", Time since last: 1000202799 ns, Reaching safepoint: 229552 ns, At safepoint: 21980 ns, Total: 251532 ns
[2020-12-14T03:56:16.722+0000][6][safepoint    ] Safepoint "Cleanup", Time since last: 1000187249 ns, Reaching safepoint: 235646 ns, At safepoint: 19484 ns, Total: 255130 ns
[2020-12-14T03:56:17.723+0000][6][safepoint    ] Safepoint "Cleanup", Time since last: 1000189475 ns, Reaching safepoint: 230626 ns, At safepoint: 19874 ns, Total: 250500 ns
[2020-12-14T03:56:18.723+0000][6][safepoint    ] Safepoint "Cleanup", Time since last: 1000177463 ns, Reaching safepoint: 337901 ns, At safepoint: 20511 ns, Total: 358412 ns
[2020-12-14T03:56:19.724+0000][6][safepoint    ] Safepoint "Cleanup", Time since last: 1000206852 ns, Reaching safepoint: 223318 ns, At safepoint: 18047 ns, Total: 241365 ns
[2020-12-14T03:56:20.724+0000][6][safepoint    ] Safepoint "Cleanup", Time since last: 1000187369 ns, Reaching safepoint: 284647 ns, At safepoint: 17841 ns, Total: 302488 ns
[2020-12-14T03:56:21.725+0000][6][safepoint    ] Safepoint "Cleanup", Time since last: 1000184438 ns, Reaching safepoint: 243287 ns, At safepoint: 21202 ns, Total: 264489 ns
[2020-12-14T03:56:22.725+0000][6][safepoint    ] Safepoint "Cleanup", Time since last: 1000168666 ns, Reaching safepoint: 236367 ns, At safepoint: 16031 ns, Total: 252398 ns
[2020-12-14T03:56:23.726+0000][6][safepoint    ] Safepoint "Cleanup", Time since last: 1000240858 ns, Reaching safepoint: 257522 ns, At safepoint: 19434 ns, Total: 276956 ns
[2020-12-14T03:56:24.726+0000][6][safepoint    ] Safepoint "Cleanup", Time since last: 1000182417 ns, Reaching safepoint: 243073 ns, At safepoint: 20459 ns, Total: 263532 ns
[2020-12-14T03:56:25.726+0000][6][safepoint    ] Safepoint "Cleanup", Time since last: 1000195037 ns, Reaching safepoint: 212239 ns, At safepoint: 23250 ns, Total: 235489 ns
[2020-12-14T03:56:26.727+0000][6][safepoint    ] Safepoint "Cleanup", Time since last: 1000195321 ns, Reaching safepoint: 237337 ns, At safepoint: 21822 ns, Total: 259159 ns
[2020-12-14T03:56:27.727+0000][6][safepoint    ] Safepoint "Cleanup", Time since last: 1000270582 ns, Reaching safepoint: 216808 ns, At safepoint: 18043 ns, Total: 234851 ns
[2020-12-14T03:56:28.728+0000][6][safepoint    ] Safepoint "Cleanup", Time since last: 1000178516 ns, Reaching safepoint: 222097 ns, At safepoint: 18491 ns, Total: 240588 ns
[2020-12-14T03:56:29.728+0000][6][safepoint    ] Safepoint "Cleanup", Time since last: 1000186770 ns, Reaching safepoint: 246736 ns, At safepoint: 19511 ns, Total: 266247 ns
[2020-12-14T03:56:30.468+0000][6][safepoint    ] Safepoint "BulkRevokeBias", Time since last: 738841900 ns, Reaching safepoint: 177611 ns, At safepoint: 949930 ns, Total: 1127541 ns
[2020-12-14T03:56:31.581+0000][6][safepoint    ] Safepoint "Cleanup", Time since last: 1112756965 ns, Reaching safepoint: 243710 ns, At safepoint: 19692 ns, Total: 263402 ns
[2020-12-14T03:56:32.582+0000][6][safepoint    ] Safepoint "Cleanup", Time since last: 1000164338 ns, Reaching safepoint: 224187 ns, At safepoint: 17771 ns, Total: 241958 ns
[2020-12-14T03:56:33.582+0000][6][safepoint    ] Safepoint "Cleanup", Time since last: 1000187723 ns, Reaching safepoint: 273067 ns, At safepoint: 17904 ns, Total: 290971 ns
[2020-12-14T03:56:34.583+0000][6][safepoint    ] Safepoint "Cleanup", Time since last: 1000198416 ns, Reaching safepoint: 304849 ns, At safepoint: 19424 ns, Total: 324273 ns
[2020-12-14T03:56:35.943+0000][6][safepoint    ] Safepoint "Cleanup", Time since last: 1359928533 ns, Reaching safepoint: 224569 ns, At safepoint: 20048 ns, Total: 244617 ns
[2020-12-14T03:56:36.943+0000][6][safepoint    ] Safepoint "Cleanup", Time since last: 1000187259 ns, Reaching safepoint: 249540 ns, At safepoint: 20089 ns, Total: 269629 ns
[2020-12-14T03:56:37.944+0000][6][safepoint    ] Safepoint "Cleanup", Time since last: 1000205810 ns, Reaching safepoint: 227358 ns, At safepoint: 20641 ns, Total: 247999 ns
[2020-12-14T03:56:38.944+0000][6][safepoint    ] Safepoint "Cleanup", Time since last: 1000196272 ns, Reaching safepoint: 288372 ns, At safepoint: 18774 ns, Total: 307146 ns
[2020-12-14T03:56:39.945+0000][6][safepoint    ] Safepoint "Cleanup", Time since last: 1000186423 ns, Reaching safepoint: 231220 ns, At safepoint: 18997 ns, Total: 250217 ns
[2020-12-14T03:56:40.945+0000][6][safepoint    ] Safepoint "Cleanup", Time since last: 1000192928 ns, Reaching safepoint: 292641 ns, At safepoint: 19828 ns, Total: 312469 ns
[2020-12-14T03:56:41.946+0000][6][safepoint    ] Safepoint "Cleanup", Time since last: 1000190647 ns, Reaching safepoint: 217698 ns, At safepoint: 18671 ns, Total: 236369 ns
[2020-12-14T03:56:42.946+0000][6][safepoint    ] Safepoint "Cleanup", Time since last: 1000202388 ns, Reaching safepoint: 242900 ns, At safepoint: 46890 ns, Total: 289790 ns
[2020-12-14T03:56:43.947+0000][6][safepoint    ] Safepoint "Cleanup", Time since last: 1000212918 ns, Reaching safepoint: 244143 ns, At safepoint: 19305 ns, Total: 263448 ns
[2020-12-14T03:56:44.947+0000][6][safepoint    ] Safepoint "Cleanup", Time since last: 1000188960 ns, Reaching safepoint: 238141 ns, At safepoint: 17503 ns, Total: 255644 ns
[2020-12-14T03:56:45.948+0000][6][safepoint    ] Safepoint "Cleanup", Time since last: 1000236280 ns, Reaching safepoint: 242186 ns, At safepoint: 18800 ns, Total: 260986 ns
[2020-12-14T03:56:46.948+0000][6][safepoint    ] Safepoint "Cleanup", Time since last: 1000199680 ns, Reaching safepoint: 238450 ns, At safepoint: 19155 ns, Total: 257605 ns
[2020-12-14T03:56:47.948+0000][6][safepoint    ] Safepoint "Cleanup", Time since last: 1000214439 ns, Reaching safepoint: 246181 ns, At safepoint: 19498 ns, Total: 265679 ns
[2020-12-14T03:56:48.949+0000][6][safepoint    ] Safepoint "Cleanup", Time since last: 1000192196 ns, Reaching safepoint: 242256 ns, At safepoint: 19211 ns, Total: 261467 ns
[2020-12-14T03:56:49.949+0000][6][safepoint    ] Safepoint "Cleanup", Time since last: 1000200787 ns, Reaching safepoint: 246479 ns, At safepoint: 19251 ns, Total: 265730 ns
[2020-12-14T03:56:50.950+0000][6][safepoint    ] Safepoint "Cleanup", Time since last: 1000186333 ns, Reaching safepoint: 241009 ns, At safepoint: 18911 ns, Total: 259920 ns
[2020-12-14T03:56:51.950+0000][6][safepoint    ] Safepoint "Cleanup", Time since last: 1000208185 ns, Reaching safepoint: 296234 ns, At safepoint: 19368 ns, Total: 315602 ns
[2020-12-14T03:56:52.951+0000][6][safepoint    ] Safepoint "Cleanup", Time since last: 1000168942 ns, Reaching safepoint: 245328 ns, At safepoint: 21246 ns, Total: 266574 ns
[2020-12-14T03:56:53.951+0000][6][safepoint    ] Safepoint "Cleanup", Time since last: 1000212585 ns, Reaching safepoint: 282028 ns, At safepoint: 19028 ns, Total: 301056 ns
[2020-12-14T03:56:54.952+0000][6][safepoint    ] Safepoint "Cleanup", Time since last: 1000183791 ns, Reaching safepoint: 254323 ns, At safepoint: 19037 ns, Total: 273360 ns
[2020-12-14T03:56:55.952+0000][6][safepoint    ] Safepoint "Cleanup", Time since last: 1000200619 ns, Reaching safepoint: 263278 ns, At safepoint: 19678 ns, Total: 282956 ns
[2020-12-14T03:56:56.953+0000][6][safepoint    ] Safepoint "Cleanup", Time since last: 1000204411 ns, Reaching safepoint: 236746 ns, At safepoint: 17955 ns, Total: 254701 ns
[2020-12-14T03:56:57.953+0000][6][safepoint    ] Safepoint "Cleanup", Time since last: 1000199954 ns, Reaching safepoint: 282423 ns, At safepoint: 18797 ns, Total: 301220 ns
[2020-12-14T03:56:58.954+0000][6][safepoint    ] Safepoint "Cleanup", Time since last: 1000189455 ns, Reaching safepoint: 223152 ns, At safepoint: 19031 ns, Total: 242183 ns
[2020-12-14T03:56:59.954+0000][6][safepoint    ] Safepoint "Cleanup", Time since last: 1000194747 ns, Reaching safepoint: 282416 ns, At safepoint: 21202 ns, Total: 303618 ns
[2020-12-14T03:57:00.955+0000][6][safepoint    ] Safepoint "Cleanup", Time since last: 1000194181 ns, Reaching safepoint: 249520 ns, At safepoint: 18658 ns, Total: 268178 ns
[2020-12-14T03:57:01.955+0000][6][safepoint    ] Safepoint "Cleanup", Time since last: 1000196572 ns, Reaching safepoint: 234745 ns, At safepoint: 18010 ns, Total: 252755 ns
[2020-12-14T03:57:02.955+0000][6][safepoint    ] Safepoint "Cleanup", Time since last: 1000228173 ns, Reaching safepoint: 219890 ns, At safepoint: 17407 ns, Total: 237297 ns
[2020-12-14T03:57:03.956+0000][6][safepoint    ] Safepoint "Cleanup", Time since last: 1000187370 ns, Reaching safepoint: 252878 ns, At safepoint: 19872 ns, Total: 272750 ns
[2020-12-14T03:57:04.956+0000][6][safepoint    ] Safepoint "Cleanup", Time since last: 1000180994 ns, Reaching safepoint: 241445 ns, At safepoint: 19705 ns, Total: 261150 ns
[2020-12-14T03:57:05.957+0000][6][safepoint    ] Safepoint "Cleanup", Time since last: 1000199576 ns, Reaching safepoint: 235242 ns, At safepoint: 19421 ns, Total: 254663 ns
[2020-12-14T03:57:06.957+0000][6][safepoint    ] Safepoint "Cleanup", Time since last: 1000201338 ns, Reaching safepoint: 284754 ns, At safepoint: 19801 ns, Total: 304555 ns
[2020-12-14T03:57:08.720+0000][6][safepoint    ] Safepoint "Cleanup", Time since last: 1761900948 ns, Reaching safepoint: 235355 ns, At safepoint: 19358 ns, Total: 254713 ns
[2020-12-14T03:57:09.720+0000][6][safepoint    ] Safepoint "Cleanup", Time since last: 1000199510 ns, Reaching safepoint: 238503 ns, At safepoint: 19435 ns, Total: 257938 ns
[2020-12-14T03:57:10.720+0000][6][safepoint    ] Safepoint "Cleanup", Time since last: 1000193407 ns, Reaching safepoint: 240472 ns, At safepoint: 19778 ns, Total: 260250 ns
[2020-12-14T03:57:11.721+0000][6][safepoint    ] Safepoint "Cleanup", Time since last: 1000186369 ns, Reaching safepoint: 232097 ns, At safepoint: 18957 ns, Total: 251054 ns
[2020-12-14T03:57:12.721+0000][6][safepoint    ] Safepoint "Cleanup", Time since last: 1000184042 ns, Reaching safepoint: 276455 ns, At safepoint: 31250 ns, Total: 307705 ns
[2020-12-14T03:57:13.722+0000][6][safepoint    ] Safepoint "Cleanup", Time since last: 1000206203 ns, Reaching safepoint: 233668 ns, At safepoint: 18850 ns, Total: 252518 ns
[2020-12-14T03:57:14.722+0000][6][safepoint    ] Safepoint "Cleanup", Time since last: 1000189895 ns, Reaching safepoint: 277296 ns, At safepoint: 19308 ns, Total: 296604 ns
[2020-12-14T03:57:15.723+0000][6][safepoint    ] Safepoint "Cleanup", Time since last: 1000184419 ns, Reaching safepoint: 230369 ns, At safepoint: 19351 ns, Total: 249720 ns
[2020-12-14T03:57:16.723+0000][6][safepoint    ] Safepoint "Cleanup", Time since last: 1000184192 ns, Reaching safepoint: 270695 ns, At safepoint: 19898 ns, Total: 290593 ns
[2020-12-14T03:57:17.724+0000][6][safepoint    ] Safepoint "Cleanup", Time since last: 1000210737 ns, Reaching safepoint: 232097 ns, At safepoint: 19157 ns, Total: 251254 ns
[2020-12-14T03:57:18.724+0000][6][safepoint    ] Safepoint "Cleanup", Time since last: 1000179950 ns, Reaching safepoint: 304975 ns, At safepoint: 20108 ns, Total: 325083 ns
[2020-12-14T03:57:19.725+0000][6][safepoint    ] Safepoint "Cleanup", Time since last: 1000186660 ns, Reaching safepoint: 232590 ns, At safepoint: 25565 ns, Total: 258155 ns
[2020-12-14T03:57:20.725+0000][6][safepoint    ] Safepoint "Cleanup", Time since last: 1000191252 ns, Reaching safepoint: 247572 ns, At safepoint: 72449 ns, Total: 320021 ns
[2020-12-14T03:57:21.726+0000][6][safepoint    ] Safepoint "Cleanup", Time since last: 1000211788 ns, Reaching safepoint: 232930 ns, At safepoint: 19111 ns, Total: 252041 ns
[2020-12-14T03:57:22.726+0000][6][safepoint    ] Safepoint "Cleanup", Time since last: 1000201495 ns, Reaching safepoint: 241309 ns, At safepoint: 17760 ns, Total: 259069 ns
[2020-12-14T03:57:23.727+0000][6][safepoint    ] Safepoint "Cleanup", Time since last: 1000265622 ns, Reaching safepoint: 249888 ns, At safepoint: 18195 ns, Total: 268083 ns
[2020-12-14T03:57:24.727+0000][6][safepoint    ] Safepoint "Cleanup", Time since last: 1000183962 ns, Reaching safepoint: 230006 ns, At safepoint: 19935 ns, Total: 249941 ns
[2020-12-14T03:57:25.728+0000][6][safepoint    ] Safepoint "Cleanup", Time since last: 1000274980 ns, Reaching safepoint: 238697 ns, At safepoint: 21279 ns, Total: 259976 ns
[2020-12-14T03:57:26.728+0000][6][safepoint    ] Safepoint "Cleanup", Time since last: 1000204844 ns, Reaching safepoint: 218562 ns, At safepoint: 19765 ns, Total: 238327 ns
[2020-12-14T03:57:27.729+0000][6][safepoint    ] Safepoint "Cleanup", Time since last: 1000254262 ns, Reaching safepoint: 234488 ns, At safepoint: 20975 ns, Total: 255463 ns
[2020-12-14T03:57:28.729+0000][6][safepoint    ] Safepoint "Cleanup", Time since last: 1000187637 ns, Reaching safepoint: 241156 ns, At safepoint: 18586 ns, Total: 259742 ns
[2020-12-14T03:57:29.729+0000][6][safepoint    ] Safepoint "Cleanup", Time since last: 1000208637 ns, Reaching safepoint: 254976 ns, At safepoint: 18454 ns, Total: 273430 ns
[2020-12-14T03:57:31.543+0000][6][safepoint    ] Safepoint "Cleanup", Time since last: 1813382319 ns, Reaching safepoint: 215274 ns, At safepoint: 19344 ns, Total: 234618 ns
[2020-12-14T03:57:32.544+0000][6][safepoint    ] Safepoint "Cleanup", Time since last: 1000230628 ns, Reaching safepoint: 244345 ns, At safepoint: 16521 ns, Total: 260866 ns
[2020-12-14T03:57:33.544+0000][6][safepoint    ] Safepoint "Cleanup", Time since last: 1000194239 ns, Reaching safepoint: 253099 ns, At safepoint: 16456 ns, Total: 269555 ns
[2020-12-14T03:57:34.545+0000][6][safepoint    ] Safepoint "Cleanup", Time since last: 1000247798 ns, Reaching safepoint: 281912 ns, At safepoint: 19384 ns, Total: 301296 ns
[2020-12-14T03:57:35.975+0000][6][safepoint    ] Safepoint "Cleanup", Time since last: 1430284028 ns, Reaching safepoint: 261297 ns, At safepoint: 19734 ns, Total: 281031 ns
[2020-12-14T03:57:36.976+0000][6][safepoint    ] Safepoint "Cleanup", Time since last: 1000192796 ns, Reaching safepoint: 217196 ns, At safepoint: 17683 ns, Total: 234879 ns
[2020-12-14T03:57:37.976+0000][6][safepoint    ] Safepoint "Cleanup", Time since last: 1000191396 ns, Reaching safepoint: 225477 ns, At safepoint: 18911 ns, Total: 244388 ns
[2020-12-14T03:57:38.976+0000][6][safepoint    ] Safepoint "Cleanup", Time since last: 1000202918 ns, Reaching safepoint: 284560 ns, At safepoint: 19088 ns, Total: 303648 ns
[2020-12-14T03:57:39.977+0000][6][safepoint    ] Safepoint "Cleanup", Time since last: 1000191365 ns, Reaching safepoint: 236946 ns, At safepoint: 18914 ns, Total: 255860 ns
[2020-12-14T03:57:40.977+0000][6][safepoint    ] Safepoint "Cleanup", Time since last: 1000195847 ns, Reaching safepoint: 226600 ns, At safepoint: 18965 ns, Total: 245565 ns
[2020-12-14T03:57:41.978+0000][6][safepoint    ] Safepoint "Cleanup", Time since last: 1000204995 ns, Reaching safepoint: 232674 ns, At safepoint: 18740 ns, Total: 251414 ns
[2020-12-14T03:57:42.978+0000][6][safepoint    ] Safepoint "Cleanup", Time since last: 1000203004 ns, Reaching safepoint: 339618 ns, At safepoint: 19458 ns, Total: 359076 ns
[2020-12-14T03:57:43.979+0000][6][safepoint    ] Safepoint "Cleanup", Time since last: 1000190852 ns, Reaching safepoint: 230232 ns, At safepoint: 19144 ns, Total: 249376 ns
[2020-12-14T03:57:44.979+0000][6][safepoint    ] Safepoint "Cleanup", Time since last: 1000189973 ns, Reaching safepoint: 279041 ns, At safepoint: 18844 ns, Total: 297885 ns
[2020-12-14T03:57:45.980+0000][6][safepoint    ] Safepoint "Cleanup", Time since last: 1000204616 ns, Reaching safepoint: 245905 ns, At safepoint: 19414 ns, Total: 265319 ns
[2020-12-14T03:57:46.980+0000][6][safepoint    ] Safepoint "Cleanup", Time since last: 1000208581 ns, Reaching safepoint: 285704 ns, At safepoint: 19565 ns, Total: 305269 ns
[2020-12-14T03:57:47.981+0000][6][safepoint    ] Safepoint "Cleanup", Time since last: 1000196067 ns, Reaching safepoint: 234258 ns, At safepoint: 19188 ns, Total: 253446 ns
[2020-12-14T03:57:48.981+0000][6][safepoint    ] Safepoint "Cleanup", Time since last: 1000204659 ns, Reaching safepoint: 249060 ns, At safepoint: 18854 ns, Total: 267914 ns
[2020-12-14T03:57:49.982+0000][6][safepoint    ] Safepoint "Cleanup", Time since last: 1000187350 ns, Reaching safepoint: 237080 ns, At safepoint: 19177 ns, Total: 256257 ns
[2020-12-14T03:57:50.982+0000][6][safepoint    ] Safepoint "Cleanup", Time since last: 1000202352 ns, Reaching safepoint: 266370 ns, At safepoint: 32375 ns, Total: 298745 ns
[2020-12-14T03:57:51.983+0000][6][safepoint    ] Safepoint "Cleanup", Time since last: 1000190132 ns, Reaching safepoint: 236906 ns, At safepoint: 19462 ns, Total: 256368 ns
[2020-12-14T03:57:53.842+0000][6][safepoint    ] Safepoint "Cleanup", Time since last: 1859105720 ns, Reaching safepoint: 234708 ns, At safepoint: 17807 ns, Total: 252515 ns
[2020-12-14T03:57:54.842+0000][6][safepoint    ] Safepoint "Cleanup", Time since last: 1000189725 ns, Reaching safepoint: 232080 ns, At safepoint: 18791 ns, Total: 250871 ns
[2020-12-14T03:57:55.843+0000][6][safepoint    ] Safepoint "Cleanup", Time since last: 1000206171 ns, Reaching safepoint: 238580 ns, At safepoint: 19675 ns, Total: 258255 ns
[2020-12-14T03:57:56.843+0000][6][safepoint    ] Safepoint "Cleanup", Time since last: 1000268940 ns, Reaching safepoint: 265940 ns, At safepoint: 23627 ns, Total: 289567 ns
[2020-12-14T03:57:57.844+0000][6][safepoint    ] Safepoint "Cleanup", Time since last: 1000198777 ns, Reaching safepoint: 224646 ns, At safepoint: 18801 ns, Total: 243447 ns
[2020-12-14T03:57:58.844+0000][6][safepoint    ] Safepoint "Cleanup", Time since last: 1000212923 ns, Reaching safepoint: 215752 ns, At safepoint: 18355 ns, Total: 234107 ns
[2020-12-14T03:57:59.845+0000][6][safepoint    ] Safepoint "Cleanup", Time since last: 1000188190 ns, Reaching safepoint: 264915 ns, At safepoint: 18911 ns, Total: 283826 ns
[2020-12-14T03:58:00.845+0000][6][safepoint    ] Safepoint "Cleanup", Time since last: 1000199670 ns, Reaching safepoint: 253253 ns, At safepoint: 19828 ns, Total: 273081 ns
[2020-12-14T03:58:01.846+0000][6][safepoint    ] Safepoint "Cleanup", Time since last: 1000203279 ns, Reaching safepoint: 246749 ns, At safepoint: 18464 ns, Total: 265213 ns
[2020-12-14T03:58:02.846+0000][6][safepoint    ] Safepoint "Cleanup", Time since last: 1000200668 ns, Reaching safepoint: 262521 ns, At safepoint: 19384 ns, Total: 281905 ns
[2020-12-14T03:58:03.847+0000][6][safepoint    ] Safepoint "Cleanup", Time since last: 1000186336 ns, Reaching safepoint: 240482 ns, At safepoint: 24927 ns, Total: 265409 ns
[2020-12-14T03:58:04.847+0000][6][safepoint    ] Safepoint "Cleanup", Time since last: 1000190082 ns, Reaching safepoint: 287849 ns, At safepoint: 17410 ns, Total: 305259 ns
[2020-12-14T03:58:05.848+0000][6][safepoint    ] Safepoint "Cleanup", Time since last: 1000184254 ns, Reaching safepoint: 244441 ns, At safepoint: 18384 ns, Total: 262825 ns
[2020-12-14T03:58:06.848+0000][6][safepoint    ] Safepoint "Cleanup", Time since last: 1000202122 ns, Reaching safepoint: 304422 ns, At safepoint: 18844 ns, Total: 323266 ns
[2020-12-14T03:58:07.849+0000][6][safepoint    ] Safepoint "Cleanup", Time since last: 1000211922 ns, Reaching safepoint: 227664 ns, At safepoint: 18461 ns, Total: 246125 ns
[2020-12-14T03:58:09.717+0000][6][safepoint    ] Safepoint "Cleanup", Time since last: 1867859228 ns, Reaching safepoint: 229189 ns, At safepoint: 18864 ns, Total: 248053 ns
[2020-12-14T03:58:10.717+0000][6][safepoint    ] Safepoint "Cleanup", Time since last: 1000211471 ns, Reaching safepoint: 269378 ns, At safepoint: 18171 ns, Total: 287549 ns
[2020-12-14T03:58:11.718+0000][6][safepoint    ] Safepoint "Cleanup", Time since last: 1000199291 ns, Reaching safepoint: 221267 ns, At safepoint: 19365 ns, Total: 240632 ns
[2020-12-14T03:58:12.718+0000][6][safepoint    ] Safepoint "Cleanup", Time since last: 1000183663 ns, Reaching safepoint: 314868 ns, At safepoint: 20161 ns, Total: 335029 ns
[2020-12-14T03:58:13.719+0000][6][safepoint    ] Safepoint "Cleanup", Time since last: 1000198113 ns, Reaching safepoint: 231817 ns, At safepoint: 19324 ns, Total: 251141 ns
[2020-12-14T03:58:14.719+0000][6][safepoint    ] Safepoint "Cleanup", Time since last: 1000208796 ns, Reaching safepoint: 242543 ns, At safepoint: 20262 ns, Total: 262805 ns
[2020-12-14T03:58:15.720+0000][6][safepoint    ] Safepoint "Cleanup", Time since last: 1000195221 ns, Reaching safepoint: 220734 ns, At safepoint: 20905 ns, Total: 241639 ns
[2020-12-14T03:58:16.720+0000][6][safepoint    ] Safepoint "Cleanup", Time since last: 1000187614 ns, Reaching safepoint: 228177 ns, At safepoint: 19505 ns, Total: 247682 ns
[2020-12-14T03:58:17.720+0000][6][safepoint    ] Safepoint "Cleanup", Time since last: 1000213946 ns, Reaching safepoint: 221014 ns, At safepoint: 19297 ns, Total: 240311 ns
[2020-12-14T03:58:18.721+0000][6][safepoint    ] Safepoint "Cleanup", Time since last: 1000179429 ns, Reaching safepoint: 225169 ns, At safepoint: 20412 ns, Total: 245581 ns
[2020-12-14T03:58:19.721+0000][6][safepoint    ] Safepoint "Cleanup", Time since last: 1000191426 ns, Reaching safepoint: 246835 ns, At safepoint: 18871 ns, Total: 265706 ns
[2020-12-14T03:58:20.722+0000][6][safepoint    ] Safepoint "Cleanup", Time since last: 1000186626 ns, Reaching safepoint: 231366 ns, At safepoint: 19201 ns, Total: 250567 ns
[2020-12-14T03:58:21.722+0000][6][safepoint    ] Safepoint "Cleanup", Time since last: 1000200922 ns, Reaching safepoint: 250420 ns, At safepoint: 18287 ns, Total: 268707 ns
[2020-12-14T03:58:22.723+0000][6][safepoint    ] Safepoint "Cleanup", Time since last: 1000218549 ns, Reaching safepoint: 232784 ns, At safepoint: 18727 ns, Total: 251511 ns
[2020-12-14T03:58:23.723+0000][6][safepoint    ] Safepoint "Cleanup", Time since last: 1000189415 ns, Reaching safepoint: 274281 ns, At safepoint: 17891 ns, Total: 292172 ns
[2020-12-14T03:58:24.724+0000][6][safepoint    ] Safepoint "Cleanup", Time since last: 1000188286 ns, Reaching safepoint: 242302 ns, At safepoint: 19315 ns, Total: 261617 ns
[2020-12-14T03:58:26.292+0000][6][safepoint    ] Safepoint "Cleanup", Time since last: 1568042072 ns, Reaching safepoint: 237600 ns, At safepoint: 19788 ns, Total: 257388 ns
[2020-12-14T03:58:27.292+0000][6][safepoint    ] Safepoint "Cleanup", Time since last: 1000211357 ns, Reaching safepoint: 238547 ns, At safepoint: 19241 ns, Total: 257788 ns
[2020-12-14T03:58:28.293+0000][6][safepoint    ] Safepoint "Cleanup", Time since last: 1000204550 ns, Reaching safepoint: 250010 ns, At safepoint: 19251 ns, Total: 269261 ns
[2020-12-14T03:58:29.293+0000][6][safepoint    ] Safepoint "Cleanup", Time since last: 1000197100 ns, Reaching safepoint: 254949 ns, At safepoint: 19161 ns, Total: 274110 ns
[2020-12-14T03:58:30.294+0000][6][safepoint    ] Safepoint "Cleanup", Time since last: 1000184182 ns, Reaching safepoint: 228094 ns, At safepoint: 19271 ns, Total: 247365 ns
[2020-12-14T03:58:31.598+0000][6][safepoint    ] Safepoint "Cleanup", Time since last: 1304270391 ns, Reaching safepoint: 241733 ns, At safepoint: 19081 ns, Total: 260814 ns
[2020-12-14T03:58:32.599+0000][6][safepoint    ] Safepoint "Cleanup", Time since last: 1000188221 ns, Reaching safepoint: 224395 ns, At safepoint: 19105 ns, Total: 243500 ns
[2020-12-14T03:58:33.599+0000][6][safepoint    ] Safepoint "Cleanup", Time since last: 1000187726 ns, Reaching safepoint: 302694 ns, At safepoint: 20989 ns, Total: 323683 ns
[2020-12-14T03:58:34.600+0000][6][safepoint    ] Safepoint "Cleanup", Time since last: 1000149070 ns, Reaching safepoint: 250938 ns, At safepoint: 19451 ns, Total: 270389 ns
[2020-12-14T03:58:35.005+0000][6][safepoint    ] Safepoint "BulkRevokeBias", Time since last: 404264835 ns, Reaching safepoint: 256704 ns, At safepoint: 1119037 ns, Total: 1375741 ns
[2020-12-14T03:58:36.010+0000][6][safepoint    ] Safepoint "Cleanup", Time since last: 1004536693 ns, Reaching safepoint: 247108 ns, At safepoint: 17160 ns, Total: 264268 ns
[2020-12-14T03:58:37.011+0000][6][safepoint    ] Safepoint "Cleanup", Time since last: 1000185970 ns, Reaching safepoint: 241085 ns, At safepoint: 19645 ns, Total: 260730 ns
[2020-12-14T03:58:38.011+0000][6][safepoint    ] Safepoint "Cleanup", Time since last: 1000196199 ns, Reaching safepoint: 229008 ns, At safepoint: 19141 ns, Total: 248149 ns
[2020-12-14T03:58:39.011+0000][6][safepoint    ] Safepoint "Cleanup", Time since last: 1000188341 ns, Reaching safepoint: 243320 ns, At safepoint: 19268 ns, Total: 262588 ns
[2020-12-14T03:58:40.012+0000][6][safepoint    ] Safepoint "Cleanup", Time since last: 1000186746 ns, Reaching safepoint: 231043 ns, At safepoint: 20995 ns, Total: 252038 ns
[2020-12-14T03:58:41.012+0000][6][safepoint    ] Safepoint "Cleanup", Time since last: 1000212505 ns, Reaching safepoint: 218756 ns, At safepoint: 19117 ns, Total: 237873 ns
[2020-12-14T03:58:42.013+0000][6][safepoint    ] Safepoint "Cleanup", Time since last: 1000189972 ns, Reaching safepoint: 231193 ns, At safepoint: 18924 ns, Total: 250117 ns
[2020-12-14T03:58:43.013+0000][6][safepoint    ] Safepoint "Cleanup", Time since last: 1000184292 ns, Reaching safepoint: 263131 ns, At safepoint: 19188 ns, Total: 282319 ns
[2020-12-14T03:58:44.014+0000][6][safepoint    ] Safepoint "Cleanup", Time since last: 1000183117 ns, Reaching safepoint: 239114 ns, At safepoint: 18284 ns, Total: 257398 ns
[2020-12-14T03:58:45.014+0000][6][safepoint    ] Safepoint "Cleanup", Time since last: 1000179699 ns, Reaching safepoint: 221464 ns, At safepoint: 22153 ns, Total: 243617 ns
[2020-12-14T03:58:46.015+0000][6][safepoint    ] Safepoint "Cleanup", Time since last: 1000187867 ns, Reaching safepoint: 228058 ns, At safepoint: 19087 ns, Total: 247145 ns
[2020-12-14T03:58:47.015+0000][6][safepoint    ] Safepoint "Cleanup", Time since last: 1000187481 ns, Reaching safepoint: 226787 ns, At safepoint: 19711 ns, Total: 246498 ns
[2020-12-14T03:58:48.015+0000][6][safepoint    ] Safepoint "Cleanup", Time since last: 1000178929 ns, Reaching safepoint: 240881 ns, At safepoint: 19498 ns, Total: 260379 ns
[2020-12-14T03:58:49.016+0000][6][safepoint    ] Safepoint "Cleanup", Time since last: 1000186424 ns, Reaching safepoint: 241235 ns, At safepoint: 19358 ns, Total: 260593 ns
[2020-12-14T03:58:50.016+0000][6][safepoint    ] Safepoint "Cleanup", Time since last: 1000186199 ns, Reaching safepoint: 260019 ns, At safepoint: 19028 ns, Total: 279047 ns
[2020-12-14T03:58:51.017+0000][6][safepoint    ] Safepoint "Cleanup", Time since last: 1000187233 ns, Reaching safepoint: 283140 ns, At safepoint: 18371 ns, Total: 301511 ns
[2020-12-14T03:58:52.017+0000][6][safepoint    ] Safepoint "Cleanup", Time since last: 1000184051 ns, Reaching safepoint: 266341 ns, At safepoint: 17863 ns, Total: 284204 ns
[2020-12-14T03:58:53.018+0000][6][safepoint    ] Safepoint "Cleanup", Time since last: 1000184708 ns, Reaching safepoint: 228569 ns, At safepoint: 18960 ns, Total: 247529 ns
[2020-12-14T03:58:54.018+0000][6][safepoint    ] Safepoint "Cleanup", Time since last: 1000184586 ns, Reaching safepoint: 338975 ns, At safepoint: 19728 ns, Total: 358703 ns
[2020-12-14T03:58:55.019+0000][6][safepoint    ] Safepoint "Cleanup", Time since last: 1000187289 ns, Reaching safepoint: 225826 ns, At safepoint: 19448 ns, Total: 245274 ns
[2020-12-14T03:58:56.019+0000][6][safepoint    ] Safepoint "Cleanup", Time since last: 1000169797 ns, Reaching safepoint: 264889 ns, At safepoint: 22610 ns, Total: 287499 ns
[2020-12-14T03:58:57.020+0000][6][safepoint    ] Safepoint "Cleanup", Time since last: 1000184418 ns, Reaching safepoint: 250114 ns, At safepoint: 19238 ns, Total: 269352 ns
[2020-12-14T03:58:58.020+0000][6][safepoint    ] Safepoint "Cleanup", Time since last: 1000190155 ns, Reaching safepoint: 232724 ns, At safepoint: 17750 ns, Total: 250474 ns
[2020-12-14T03:58:59.021+0000][6][safepoint    ] Safepoint "Cleanup", Time since last: 1000223851 ns, Reaching safepoint: 271456 ns, At safepoint: 19238 ns, Total: 290694 ns
[2020-12-14T03:59:00.021+0000][6][safepoint    ] Safepoint "Cleanup", Time since last: 1000180476 ns, Reaching safepoint: 232423 ns, At safepoint: 19121 ns, Total: 251544 ns
[2020-12-14T03:59:01.021+0000][6][safepoint    ] Safepoint "Cleanup", Time since last: 1000239338 ns, Reaching safepoint: 227244 ns, At safepoint: 19495 ns, Total: 246739 ns
[2020-12-14T03:59:02.022+0000][6][safepoint    ] Safepoint "Cleanup", Time since last: 1000186791 ns, Reaching safepoint: 237513 ns, At safepoint: 19258 ns, Total: 256771 ns
[2020-12-14T03:59:03.022+0000][6][safepoint    ] Safepoint "Cleanup", Time since last: 1000186560 ns, Reaching safepoint: 251846 ns, At safepoint: 17804 ns, Total: 269650 ns
[2020-12-14T03:59:04.023+0000][6][safepoint    ] Safepoint "Cleanup", Time since last: 1000181976 ns, Reaching safepoint: 246491 ns, At safepoint: 17077 ns, Total: 263568 ns
[2020-12-14T03:59:05.023+0000][6][safepoint    ] Safepoint "Cleanup", Time since last: 1000182791 ns, Reaching safepoint: 269978 ns, At safepoint: 19388 ns, Total: 289366 ns
[2020-12-14T03:59:06.024+0000][6][safepoint    ] Safepoint "Cleanup", Time since last: 1000183218 ns, Reaching safepoint: 231754 ns, At safepoint: 18189 ns, Total: 249943 ns
[2020-12-14T03:59:07.663+0000][6][safepoint    ] Safepoint "Cleanup", Time since last: 1638608585 ns, Reaching safepoint: 282504 ns, At safepoint: 23010 ns, Total: 305514 ns
[2020-12-14T03:59:08.663+0000][6][safepoint    ] Safepoint "Cleanup", Time since last: 1000197456 ns, Reaching safepoint: 197246 ns, At safepoint: 16609 ns, Total: 213855 ns
[2020-12-14T03:59:09.664+0000][6][safepoint    ] Safepoint "Cleanup", Time since last: 1000200162 ns, Reaching safepoint: 247297 ns, At safepoint: 18094 ns, Total: 265391 ns
[2020-12-14T03:59:10.732+0000][6][safepoint    ] Safepoint "Cleanup", Time since last: 1068649995 ns, Reaching safepoint: 228074 ns, At safepoint: 18845 ns, Total: 246919 ns
[2020-12-14T03:59:11.733+0000][6][safepoint    ] Safepoint "Cleanup", Time since last: 1000183145 ns, Reaching safepoint: 235028 ns, At safepoint: 19388 ns, Total: 254416 ns
[2020-12-14T03:59:12.733+0000][6][safepoint    ] Safepoint "Cleanup", Time since last: 1000165211 ns, Reaching safepoint: 262207 ns, At safepoint: 19194 ns, Total: 281401 ns
[2020-12-14T03:59:13.734+0000][6][safepoint    ] Safepoint "Cleanup", Time since last: 1000180453 ns, Reaching safepoint: 242073 ns, At safepoint: 19367 ns, Total: 261440 ns
[2020-12-14T03:59:14.734+0000][6][safepoint    ] Safepoint "Cleanup", Time since last: 1000187761 ns, Reaching safepoint: 277967 ns, At safepoint: 19478 ns, Total: 297445 ns
[2020-12-14T03:59:15.735+0000][6][safepoint    ] Safepoint "Cleanup", Time since last: 1000187142 ns, Reaching safepoint: 244030 ns, At safepoint: 18077 ns, Total: 262107 ns
[2020-12-14T03:59:16.735+0000][6][safepoint    ] Safepoint "Cleanup", Time since last: 1000184862 ns, Reaching safepoint: 261701 ns, At safepoint: 19988 ns, Total: 281689 ns
[2020-12-14T03:59:17.736+0000][6][safepoint    ] Safepoint "Cleanup", Time since last: 1000188410 ns, Reaching safepoint: 264959 ns, At safepoint: 19595 ns, Total: 284554 ns
[2020-12-14T03:59:18.736+0000][6][safepoint    ] Safepoint "Cleanup", Time since last: 1000185039 ns, Reaching safepoint: 226424 ns, At safepoint: 16739 ns, Total: 243163 ns
[2020-12-14T03:59:19.736+0000][6][safepoint    ] Safepoint "Cleanup", Time since last: 1000197499 ns, Reaching safepoint: 237340 ns, At safepoint: 19064 ns, Total: 256404 ns
[2020-12-14T03:59:20.737+0000][6][safepoint    ] Safepoint "Cleanup", Time since last: 1000190142 ns, Reaching safepoint: 241355 ns, At safepoint: 19141 ns, Total: 260496 ns
[2020-12-14T03:59:21.737+0000][6][safepoint    ] Safepoint "Cleanup", Time since last: 1000188825 ns, Reaching safepoint: 235058 ns, At safepoint: 19341 ns, Total: 254399 ns
[2020-12-14T03:59:22.738+0000][6][safepoint    ] Safepoint "Cleanup", Time since last: 1000187287 ns, Reaching safepoint: 243430 ns, At safepoint: 19154 ns, Total: 262584 ns
[2020-12-14T03:59:23.738+0000][6][safepoint    ] Safepoint "Cleanup", Time since last: 1000185056 ns, Reaching safepoint: 276469 ns, At safepoint: 19628 ns, Total: 296097 ns
[2020-12-14T03:59:24.739+0000][6][safepoint    ] Safepoint "Cleanup", Time since last: 1000189332 ns, Reaching safepoint: 249967 ns, At safepoint: 19251 ns, Total: 269218 ns
[2020-12-14T03:59:25.739+0000][6][safepoint    ] Safepoint "Cleanup", Time since last: 1000202891 ns, Reaching safepoint: 264119 ns, At safepoint: 20615 ns, Total: 284734 ns
[2020-12-14T03:59:26.740+0000][6][safepoint    ] Safepoint "Cleanup", Time since last: 1000179566 ns, Reaching safepoint: 230897 ns, At safepoint: 17776 ns, Total: 248673 ns
[2020-12-14T03:59:27.740+0000][6][safepoint    ] Safepoint "Cleanup", Time since last: 1000187474 ns, Reaching safepoint: 313403 ns, At safepoint: 19351 ns, Total: 332754 ns
[2020-12-14T03:59:28.741+0000][6][safepoint    ] Safepoint "Cleanup", Time since last: 1000185264 ns, Reaching safepoint: 222758 ns, At safepoint: 18857 ns, Total: 241615 ns
[2020-12-14T03:59:29.741+0000][6][safepoint    ] Safepoint "Cleanup", Time since last: 1000193133 ns, Reaching safepoint: 252425 ns, At safepoint: 18120 ns, Total: 270545 ns
[2020-12-14T03:59:30.649+0000][6][safepoint    ] Safepoint "BulkRevokeBias", Time since last: 906389644 ns, Reaching safepoint: 204975 ns, At safepoint: 1016750 ns, Total: 1221725 ns
[2020-12-14T03:59:31.665+0000][6][safepoint    ] Safepoint "Cleanup", Time since last: 1015664385 ns, Reaching safepoint: 246018 ns, At safepoint: 20769 ns, Total: 266787 ns
[2020-12-14T03:59:32.665+0000][6][safepoint    ] Safepoint "Cleanup", Time since last: 1000190056 ns, Reaching safepoint: 226991 ns, At safepoint: 40163 ns, Total: 267154 ns
[2020-12-14T03:59:33.666+0000][6][safepoint    ] Safepoint "Cleanup", Time since last: 1000207227 ns, Reaching safepoint: 255813 ns, At safepoint: 21650 ns, Total: 277463 ns
[2020-12-14T03:59:34.666+0000][6][safepoint    ] Safepoint "Cleanup", Time since last: 1000189841 ns, Reaching safepoint: 265786 ns, At safepoint: 18231 ns, Total: 284017 ns
[2020-12-14T03:59:35.042+0000][6][safepoint    ] Safepoint "BulkRevokeBias", Time since last: 375137792 ns, Reaching safepoint: 204404 ns, At safepoint: 1098714 ns, Total: 1303118 ns
[2020-12-14T03:59:36.062+0000][6][safepoint    ] Safepoint "Cleanup", Time since last: 1018911362 ns, Reaching safepoint: 225940 ns, At safepoint: 19524 ns, Total: 245464 ns
[2020-12-14T03:59:37.062+0000][6][safepoint    ] Safepoint "Cleanup", Time since last: 1000397548 ns, Reaching safepoint: 243303 ns, At safepoint: 19771 ns, Total: 263074 ns
[2020-12-14T03:59:38.063+0000][6][safepoint    ] Safepoint "Cleanup", Time since last: 1000190459 ns, Reaching safepoint: 242481 ns, At safepoint: 17804 ns, Total: 260285 ns
[2020-12-14T03:59:39.063+0000][6][safepoint    ] Safepoint "Cleanup", Time since last: 1000185704 ns, Reaching safepoint: 252035 ns, At safepoint: 19214 ns, Total: 271249 ns
[2020-12-14T03:59:40.064+0000][6][safepoint    ] Safepoint "Cleanup", Time since last: 1000190075 ns, Reaching safepoint: 233788 ns, At safepoint: 19614 ns, Total: 253402 ns
[2020-12-14T03:59:41.064+0000][6][safepoint    ] Safepoint "Cleanup", Time since last: 1000203399 ns, Reaching safepoint: 396659 ns, At safepoint: 18860 ns, Total: 415519 ns
[2020-12-14T03:59:42.065+0000][6][safepoint    ] Safepoint "Cleanup", Time since last: 1000185417 ns, Reaching safepoint: 238930 ns, At safepoint: 19201 ns, Total: 258131 ns
[2020-12-14T03:59:43.065+0000][6][safepoint    ] Safepoint "Cleanup", Time since last: 1000186877 ns, Reaching safepoint: 262819 ns, At safepoint: 17835 ns, Total: 280654 ns
[2020-12-14T03:59:44.066+0000][6][safepoint    ] Safepoint "Cleanup", Time since last: 1000184289 ns, Reaching safepoint: 236619 ns, At safepoint: 19338 ns, Total: 255957 ns
[2020-12-14T03:59:45.066+0000][6][safepoint    ] Safepoint "Cleanup", Time since last: 1000164041 ns, Reaching safepoint: 217078 ns, At safepoint: 17697 ns, Total: 234775 ns
[2020-12-14T03:59:46.066+0000][6][safepoint    ] Safepoint "Cleanup", Time since last: 1000207251 ns, Reaching safepoint: 226336 ns, At safepoint: 20872 ns, Total: 247208 ns
[2020-12-14T03:59:47.067+0000][6][safepoint    ] Safepoint "Cleanup", Time since last: 1000188138 ns, Reaching safepoint: 218953 ns, At safepoint: 19517 ns, Total: 238470 ns
[2020-12-14T03:59:48.067+0000][6][safepoint    ] Safepoint "Cleanup", Time since last: 1000192526 ns, Reaching safepoint: 235088 ns, At safepoint: 19101 ns, Total: 254189 ns
[2020-12-14T03:59:49.068+0000][6][safepoint    ] Safepoint "Cleanup", Time since last: 1000166846 ns, Reaching safepoint: 243477 ns, At safepoint: 19114 ns, Total: 262591 ns
[2020-12-14T03:59:50.068+0000][6][safepoint    ] Safepoint "Cleanup", Time since last: 1000190735 ns, Reaching safepoint: 260243 ns, At safepoint: 19495 ns, Total: 279738 ns
[2020-12-14T03:59:51.069+0000][6][safepoint    ] Safepoint "Cleanup", Time since last: 1000190021 ns, Reaching safepoint: 240182 ns, At safepoint: 19801 ns, Total: 259983 ns
[2020-12-14T03:59:52.069+0000][6][safepoint    ] Safepoint "Cleanup", Time since last: 1000190785 ns, Reaching safepoint: 260067 ns, At safepoint: 19371 ns, Total: 279438 ns
[2020-12-14T03:59:53.070+0000][6][safepoint    ] Safepoint "Cleanup", Time since last: 1000188234 ns, Reaching safepoint: 224575 ns, At safepoint: 19145 ns, Total: 243720 ns
[2020-12-14T03:59:54.070+0000][6][safepoint    ] Safepoint "Cleanup", Time since last: 1000187263 ns, Reaching safepoint: 244083 ns, At safepoint: 39937 ns, Total: 284020 ns
[2020-12-14T03:59:55.071+0000][6][safepoint    ] Safepoint "Cleanup", Time since last: 1000186980 ns, Reaching safepoint: 246929 ns, At safepoint: 19204 ns, Total: 266133 ns
[2020-12-14T03:59:56.071+0000][6][safepoint    ] Safepoint "Cleanup", Time since last: 1000191633 ns, Reaching safepoint: 267794 ns, At safepoint: 18261 ns, Total: 286055 ns
[2020-12-14T03:59:57.072+0000][6][safepoint    ] Safepoint "Cleanup", Time since last: 1000213788 ns, Reaching safepoint: 249693 ns, At safepoint: 19251 ns, Total: 268944 ns
[2020-12-14T03:59:58.072+0000][6][safepoint    ] Safepoint "Cleanup", Time since last: 1000184609 ns, Reaching safepoint: 245991 ns, At safepoint: 19188 ns, Total: 265179 ns
[2020-12-14T03:59:59.072+0000][6][safepoint    ] Safepoint "Cleanup", Time since last: 1000160165 ns, Reaching safepoint: 214584 ns, At safepoint: 17299 ns, Total: 231883 ns
[2020-12-14T04:00:00.073+0000][6][safepoint    ] Safepoint "Cleanup", Time since last: 1000178202 ns, Reaching safepoint: 249967 ns, At safepoint: 22043 ns, Total: 272010 ns
[2020-12-14T04:00:01.073+0000][6][safepoint    ] Safepoint "Cleanup", Time since last: 1000189748 ns, Reaching safepoint: 256210 ns, At safepoint: 20856 ns, Total: 277066 ns
[2020-12-14T04:00:02.074+0000][6][safepoint    ] Safepoint "Cleanup", Time since last: 1000189405 ns, Reaching safepoint: 248136 ns, At safepoint: 22339 ns, Total: 270475 ns
[2020-12-14T04:00:03.074+0000][6][safepoint    ] Safepoint "Cleanup", Time since last: 1000223695 ns, Reaching safepoint: 243993 ns, At safepoint: 20145 ns, Total: 264138 ns
[2020-12-14T04:00:04.075+0000][6][safepoint    ] Safepoint "Cleanup", Time since last: 1000220279 ns, Reaching safepoint: 237227 ns, At safepoint: 19127 ns, Total: 256354 ns
[2020-12-14T04:00:05.075+0000][6][safepoint    ] Safepoint "Cleanup", Time since last: 1000193777 ns, Reaching safepoint: 268664 ns, At safepoint: 19458 ns, Total: 288122 ns
[2020-12-14T04:00:06.076+0000][6][safepoint    ] Safepoint "Cleanup", Time since last: 1000207572 ns, Reaching safepoint: 241506 ns, At safepoint: 19137 ns, Total: 260643 ns
[2020-12-14T04:00:07.076+0000][6][safepoint    ] Safepoint "Cleanup", Time since last: 1000211671 ns, Reaching safepoint: 298578 ns, At safepoint: 19872 ns, Total: 318450 ns
[2020-12-14T04:00:08.077+0000][6][safepoint    ] Safepoint "Cleanup", Time since last: 1000197332 ns, Reaching safepoint: 226296 ns, At safepoint: 18775 ns, Total: 245071 ns
[2020-12-14T04:00:09.077+0000][6][safepoint    ] Safepoint "Cleanup", Time since last: 1000196822 ns, Reaching safepoint: 236529 ns, At safepoint: 17994 ns, Total: 254523 ns
[2020-12-14T04:00:10.078+0000][6][safepoint    ] Safepoint "Cleanup", Time since last: 1000255039 ns, Reaching safepoint: 251928 ns, At safepoint: 19434 ns, Total: 271362 ns
[2020-12-14T04:00:11.723+0000][6][safepoint    ] Safepoint "Cleanup", Time since last: 1645115567 ns, Reaching safepoint: 232320 ns, At safepoint: 19315 ns, Total: 251635 ns
[2020-12-14T04:00:12.723+0000][6][safepoint    ] Safepoint "Cleanup", Time since last: 1000180972 ns, Reaching safepoint: 225586 ns, At safepoint: 19071 ns, Total: 244657 ns
[2020-12-14T04:00:13.724+0000][6][safepoint    ] Safepoint "Cleanup", Time since last: 1000196712 ns, Reaching safepoint: 239531 ns, At safepoint: 19285 ns, Total: 258816 ns
[2020-12-14T04:00:14.724+0000][6][safepoint    ] Safepoint "Cleanup", Time since last: 1000207432 ns, Reaching safepoint: 259442 ns, At safepoint: 18471 ns, Total: 277913 ns
[2020-12-14T04:00:15.725+0000][6][safepoint    ] Safepoint "Cleanup", Time since last: 1000210933 ns, Reaching safepoint: 238054 ns, At safepoint: 19161 ns, Total: 257215 ns
[2020-12-14T04:00:16.725+0000][6][safepoint    ] Safepoint "Cleanup", Time since last: 1000185983 ns, Reaching safepoint: 269381 ns, At safepoint: 19638 ns, Total: 289019 ns
[2020-12-14T04:00:17.726+0000][6][safepoint    ] Safepoint "Cleanup", Time since last: 1000178796 ns, Reaching safepoint: 228759 ns, At safepoint: 17522 ns, Total: 246281 ns
[2020-12-14T04:00:18.726+0000][6][safepoint    ] Safepoint "Cleanup", Time since last: 1000192413 ns, Reaching safepoint: 319814 ns, At safepoint: 19791 ns, Total: 339605 ns
[2020-12-14T04:00:19.727+0000][6][safepoint    ] Safepoint "Cleanup", Time since last: 1000210777 ns, Reaching safepoint: 228251 ns, At safepoint: 18254 ns, Total: 246505 ns
[2020-12-14T04:00:20.727+0000][6][safepoint    ] Safepoint "Cleanup", Time since last: 1000184736 ns, Reaching safepoint: 266610 ns, At safepoint: 18024 ns, Total: 284634 ns
[2020-12-14T04:00:21.728+0000][6][safepoint    ] Safepoint "Cleanup", Time since last: 1000209432 ns, Reaching safepoint: 233658 ns, At safepoint: 19401 ns, Total: 253059 ns
[2020-12-14T04:00:22.728+0000][6][safepoint    ] Safepoint "Cleanup", Time since last: 1000182540 ns, Reaching safepoint: 233314 ns, At safepoint: 18081 ns, Total: 251395 ns
[2020-12-14T04:00:23.729+0000][6][safepoint    ] Safepoint "Cleanup", Time since last: 1000213102 ns, Reaching safepoint: 234569 ns, At safepoint: 21362 ns, Total: 255931 ns
[2020-12-14T04:00:24.729+0000][6][safepoint    ] Safepoint "Cleanup", Time since last: 1000186248 ns, Reaching safepoint: 234415 ns, At safepoint: 19701 ns, Total: 254116 ns
[2020-12-14T04:00:26.608+0000][6][safepoint    ] Safepoint "Cleanup", Time since last: 1879204579 ns, Reaching safepoint: 235125 ns, At safepoint: 18598 ns, Total: 253723 ns
[2020-12-14T04:00:27.609+0000][6][safepoint    ] Safepoint "Cleanup", Time since last: 1000190209 ns, Reaching safepoint: 226316 ns, At safepoint: 18891 ns, Total: 245207 ns
[2020-12-14T04:00:28.609+0000][6][safepoint    ] Safepoint "Cleanup", Time since last: 1000181713 ns, Reaching safepoint: 250588 ns, At safepoint: 18463 ns, Total: 269051 ns
[2020-12-14T04:00:29.610+0000][6][safepoint    ] Safepoint "Cleanup", Time since last: 1000155122 ns, Reaching safepoint: 255964 ns, At safepoint: 18424 ns, Total: 274388 ns
[2020-12-14T04:00:30.610+0000][6][safepoint    ] Safepoint "Cleanup", Time since last: 1000177531 ns, Reaching safepoint: 270672 ns, At safepoint: 19285 ns, Total: 289957 ns
[2020-12-14T04:00:31.723+0000][6][safepoint    ] Safepoint "Cleanup", Time since last: 1112654712 ns, Reaching safepoint: 252592 ns, At safepoint: 19395 ns, Total: 271987 ns
[2020-12-14T04:00:32.724+0000][6][safepoint    ] Safepoint "Cleanup", Time since last: 1000185862 ns, Reaching safepoint: 224349 ns, At safepoint: 18697 ns, Total: 243046 ns
[2020-12-14T04:00:33.724+0000][6][safepoint    ] Safepoint "Cleanup", Time since last: 1000185690 ns, Reaching safepoint: 231733 ns, At safepoint: 17684 ns, Total: 249417 ns
[2020-12-14T04:00:34.724+0000][6][safepoint    ] Safepoint "Cleanup", Time since last: 1000181005 ns, Reaching safepoint: 239376 ns, At safepoint: 19513 ns, Total: 258889 ns
[2020-12-14T04:00:35.096+0000][6][safepoint    ] Safepoint "BulkRevokeBias", Time since last: 369805631 ns, Reaching safepoint: 226083 ns, At safepoint: 1088592 ns, Total: 1314675 ns
[2020-12-14T04:00:36.098+0000][6][safepoint    ] Safepoint "Cleanup", Time since last: 1002298247 ns, Reaching safepoint: 277410 ns, At safepoint: 19555 ns, Total: 296965 ns
[2020-12-14T04:00:37.099+0000][6][safepoint    ] Safepoint "Cleanup", Time since last: 1000193920 ns, Reaching safepoint: 233478 ns, At safepoint: 19227 ns, Total: 252705 ns
[2020-12-14T04:00:38.099+0000][6][safepoint    ] Safepoint "Cleanup", Time since last: 1000195892 ns, Reaching safepoint: 249636 ns, At safepoint: 18506 ns, Total: 268142 ns
[2020-12-14T04:00:39.032+0000][6][safepoint    ] Safepoint "BulkRevokeBias", Time since last: 932032640 ns, Reaching safepoint: 197448 ns, At safepoint: 931699 ns, Total: 1129147 ns
[2020-12-14T04:00:40.077+0000][6][safepoint    ] Safepoint "Cleanup", Time since last: 1044807822 ns, Reaching safepoint: 297207 ns, At safepoint: 19441 ns, Total: 316648 ns
[2020-12-14T04:00:41.078+0000][6][safepoint    ] Safepoint "Cleanup", Time since last: 1000198640 ns, Reaching safepoint: 232104 ns, At safepoint: 18380 ns, Total: 250484 ns
[2020-12-14T04:00:42.078+0000][6][safepoint    ] Safepoint "Cleanup", Time since last: 1000176207 ns, Reaching safepoint: 257992 ns, At safepoint: 16883 ns, Total: 274875 ns
[2020-12-14T04:00:43.079+0000][6][safepoint    ] Safepoint "Cleanup", Time since last: 1000186163 ns, Reaching safepoint: 228868 ns, At safepoint: 20659 ns, Total: 249527 ns
[2020-12-14T04:00:44.079+0000][6][safepoint    ] Safepoint "Cleanup", Time since last: 1000189341 ns, Reaching safepoint: 261199 ns, At safepoint: 17065 ns, Total: 278264 ns
[2020-12-14T04:00:45.080+0000][6][safepoint    ] Safepoint "Cleanup", Time since last: 1000180249 ns, Reaching safepoint: 225059 ns, At safepoint: 19655 ns, Total: 244714 ns
[2020-12-14T04:00:46.080+0000][6][safepoint    ] Safepoint "Cleanup", Time since last: 1000183191 ns, Reaching safepoint: 283782 ns, At safepoint: 16542 ns, Total: 300324 ns
[2020-12-14T04:00:47.080+0000][6][safepoint    ] Safepoint "Cleanup", Time since last: 1000200309 ns, Reaching safepoint: 230253 ns, At safepoint: 19234 ns, Total: 249487 ns
[2020-12-14T04:00:48.081+0000][6][safepoint    ] Safepoint "Cleanup", Time since last: 1000146583 ns, Reaching safepoint: 237263 ns, At safepoint: 17351 ns, Total: 254614 ns
[2020-12-14T04:00:49.081+0000][6][safepoint    ] Safepoint "Cleanup", Time since last: 1000198217 ns, Reaching safepoint: 221774 ns, At safepoint: 16139 ns, Total: 237913 ns
[2020-12-14T04:00:50.082+0000][6][safepoint    ] Safepoint "Cleanup", Time since last: 1000179381 ns, Reaching safepoint: 227121 ns, At safepoint: 18424 ns, Total: 245545 ns
[2020-12-14T04:00:51.082+0000][6][safepoint    ] Safepoint "Cleanup", Time since last: 1000189699 ns, Reaching safepoint: 252021 ns, At safepoint: 19118 ns, Total: 271139 ns
[2020-12-14T04:00:52.083+0000][6][safepoint    ] Safepoint "Cleanup", Time since last: 1000186929 ns, Reaching safepoint: 227025 ns, At safepoint: 18103 ns, Total: 245128 ns
[2020-12-14T04:00:53.083+0000][6][safepoint    ] Safepoint "Cleanup", Time since last: 1000185809 ns, Reaching safepoint: 238340 ns, At safepoint: 18114 ns, Total: 256454 ns
[2020-12-14T04:00:54.084+0000][6][safepoint    ] Safepoint "Cleanup", Time since last: 1000185406 ns, Reaching safepoint: 240311 ns, At safepoint: 18034 ns, Total: 258345 ns
[2020-12-14T04:00:55.084+0000][6][safepoint    ] Safepoint "Cleanup", Time since last: 1000186346 ns, Reaching safepoint: 236896 ns, At safepoint: 18971 ns, Total: 255867 ns
[2020-12-14T04:00:56.084+0000][6][safepoint    ] Safepoint "Cleanup", Time since last: 1000185142 ns, Reaching safepoint: 229729 ns, At safepoint: 18944 ns, Total: 248673 ns
[2020-12-14T04:00:57.085+0000][6][safepoint    ] Safepoint "Cleanup", Time since last: 1000187591 ns, Reaching safepoint: 227718 ns, At safepoint: 17906 ns, Total: 245624 ns
[2020-12-14T04:00:58.085+0000][6][safepoint    ] Safepoint "Cleanup", Time since last: 1000188097 ns, Reaching safepoint: 256643 ns, At safepoint: 18371 ns, Total: 275014 ns
[2020-12-14T04:00:59.086+0000][6][safepoint    ] Safepoint "Cleanup", Time since last: 1000181325 ns, Reaching safepoint: 246489 ns, At safepoint: 17805 ns, Total: 264294 ns
[2020-12-14T04:01:00.086+0000][6][safepoint    ] Safepoint "Cleanup", Time since last: 1000191407 ns, Reaching safepoint: 240202 ns, At safepoint: 17093 ns, Total: 257295 ns
[2020-12-14T04:01:01.087+0000][6][safepoint    ] Safepoint "Cleanup", Time since last: 1000191758 ns, Reaching safepoint: 231450 ns, At safepoint: 30754 ns, Total: 262204 ns
[2020-12-14T04:01:02.087+0000][6][safepoint    ] Safepoint "Cleanup", Time since last: 1000172292 ns, Reaching safepoint: 197790 ns, At safepoint: 13628 ns, Total: 211418 ns
[2020-12-14T04:01:03.087+0000][6][safepoint    ] Safepoint "Cleanup", Time since last: 1000187947 ns, Reaching safepoint: 242913 ns, At safepoint: 18914 ns, Total: 261827 ns
[2020-12-14T04:01:04.088+0000][6][safepoint    ] Safepoint "Cleanup", Time since last: 1000186233 ns, Reaching safepoint: 234565 ns, At safepoint: 19211 ns, Total: 253776 ns
[2020-12-14T04:01:05.088+0000][6][safepoint    ] Safepoint "Cleanup", Time since last: 1000180980 ns, Reaching safepoint: 251441 ns, At safepoint: 18714 ns, Total: 270155 ns
[2020-12-14T04:01:06.089+0000][6][safepoint    ] Safepoint "Cleanup", Time since last: 1000189098 ns, Reaching safepoint: 222685 ns, At safepoint: 18884 ns, Total: 241569 ns
[2020-12-14T04:01:07.089+0000][6][safepoint    ] Safepoint "Cleanup", Time since last: 1000189665 ns, Reaching safepoint: 251501 ns, At safepoint: 21356 ns, Total: 272857 ns
[2020-12-14T04:01:08.090+0000][6][safepoint    ] Safepoint "Cleanup", Time since last: 1000187076 ns, Reaching safepoint: 222025 ns, At safepoint: 19234 ns, Total: 241259 ns
[2020-12-14T04:01:09.090+0000][6][safepoint    ] Safepoint "Cleanup", Time since last: 1000170854 ns, Reaching safepoint: 378993 ns, At safepoint: 18302 ns, Total: 397295 ns
[2020-12-14T04:01:10.091+0000][6][safepoint    ] Safepoint "Cleanup", Time since last: 1000177868 ns, Reaching safepoint: 232033 ns, At safepoint: 19041 ns, Total: 251074 ns
[2020-12-14T04:01:11.091+0000][6][safepoint    ] Safepoint "Cleanup", Time since last: 1000196569 ns, Reaching safepoint: 257478 ns, At safepoint: 19258 ns, Total: 276736 ns
[2020-12-14T04:01:12.092+0000][6][safepoint    ] Safepoint "Cleanup", Time since last: 1000188117 ns, Reaching safepoint: 240035 ns, At safepoint: 17681 ns, Total: 257716 ns
[2020-12-14T04:01:13.092+0000][6][safepoint    ] Safepoint "Cleanup", Time since last: 1000196581 ns, Reaching safepoint: 218112 ns, At safepoint: 17054 ns, Total: 235166 ns
[2020-12-14T04:01:14.093+0000][6][safepoint    ] Safepoint "Cleanup", Time since last: 1000200163 ns, Reaching safepoint: 239762 ns, At safepoint: 18967 ns, Total: 258729 ns
[2020-12-14T04:01:15.406+0000][6][safepoint    ] Safepoint "Cleanup", Time since last: 1312927979 ns, Reaching safepoint: 249222 ns, At safepoint: 20063 ns, Total: 269285 ns
[2020-12-14T04:01:16.710+0000][6][safepoint    ] Safepoint "Cleanup", Time since last: 1304513627 ns, Reaching safepoint: 244245 ns, At safepoint: 17777 ns, Total: 262022 ns
[2020-12-14T04:01:17.711+0000][6][safepoint    ] Safepoint "Cleanup", Time since last: 1000186408 ns, Reaching safepoint: 227504 ns, At safepoint: 19154 ns, Total: 246658 ns
[2020-12-14T04:01:18.711+0000][6][safepoint    ] Safepoint "Cleanup", Time since last: 1000191903 ns, Reaching safepoint: 249187 ns, At safepoint: 18675 ns, Total: 267862 ns
[2020-12-14T04:01:19.712+0000][6][safepoint    ] Safepoint "Cleanup", Time since last: 1000178327 ns, Reaching safepoint: 230486 ns, At safepoint: 18857 ns, Total: 249343 ns
[2020-12-14T04:01:20.712+0000][6][safepoint    ] Safepoint "Cleanup", Time since last: 1000188945 ns, Reaching safepoint: 256572 ns, At safepoint: 19627 ns, Total: 276199 ns
[2020-12-14T04:01:21.713+0000][6][safepoint    ] Safepoint "Cleanup", Time since last: 1000182437 ns, Reaching safepoint: 222601 ns, At safepoint: 19338 ns, Total: 241939 ns
[2020-12-14T04:01:22.713+0000][6][safepoint    ] Safepoint "Cleanup", Time since last: 1000194374 ns, Reaching safepoint: 266887 ns, At safepoint: 19365 ns, Total: 286252 ns
[2020-12-14T04:01:23.714+0000][6][safepoint    ] Safepoint "Cleanup", Time since last: 1000206383 ns, Reaching safepoint: 228372 ns, At safepoint: 17927 ns, Total: 246299 ns
[2020-12-14T04:01:24.714+0000][6][safepoint    ] Safepoint "Cleanup", Time since last: 1000180963 ns, Reaching safepoint: 239302 ns, At safepoint: 33925 ns, Total: 273227 ns
[2020-12-14T04:01:25.715+0000][6][safepoint    ] Safepoint "Cleanup", Time since last: 1000181383 ns, Reaching safepoint: 236995 ns, At safepoint: 17884 ns, Total: 254879 ns
[2020-12-14T04:01:26.715+0000][6][safepoint    ] Safepoint "Cleanup", Time since last: 1000180088 ns, Reaching safepoint: 227660 ns, At safepoint: 18981 ns, Total: 246641 ns
[2020-12-14T04:01:27.715+0000][6][safepoint    ] Safepoint "Cleanup", Time since last: 1000184171 ns, Reaching safepoint: 242159 ns, At safepoint: 19258 ns, Total: 261417 ns
[2020-12-14T04:01:28.729+0000][6][safepoint    ] Safepoint "Cleanup", Time since last: 1013589679 ns, Reaching safepoint: 244390 ns, At safepoint: 20652 ns, Total: 265042 ns
[2020-12-14T04:01:28.768+0000][6][gc,start     ] GC(59) Pause Young (Normal) (G1 Evacuation Pause)
[2020-12-14T04:01:28.768+0000][6][gc,task      ] GC(59) Using 10 workers of 10 for evacuation
[2020-12-14T04:01:28.768+0000][6][gc,age       ] GC(59) Desired survivor size 26214400 bytes, new threshold 15 (max threshold 15)
[2020-12-14T04:01:28.785+0000][6][gc,age       ] GC(59) Age table with threshold 15 (max threshold 15)
[2020-12-14T04:01:28.785+0000][6][gc,age       ] GC(59) - age   1:    1114864 bytes,    1114864 total
[2020-12-14T04:01:28.786+0000][6][gc,age       ] GC(59) - age   2:      54312 bytes,    1169176 total
[2020-12-14T04:01:28.786+0000][6][gc,age       ] GC(59) - age   3:      11024 bytes,    1180200 total
[2020-12-14T04:01:28.786+0000][6][gc,age       ] GC(59) - age   4:     293368 bytes,    1473568 total
[2020-12-14T04:01:28.786+0000][6][gc,age       ] GC(59) - age   5:      15432 bytes,    1489000 total
[2020-12-14T04:01:28.786+0000][6][gc,age       ] GC(59) - age   6:      21104 bytes,    1510104 total
[2020-12-14T04:01:28.786+0000][6][gc,age       ] GC(59) - age   7:     263720 bytes,    1773824 total
[2020-12-14T04:01:28.786+0000][6][gc,age       ] GC(59) - age   8:    1039136 bytes,    2812960 total
[2020-12-14T04:01:28.786+0000][6][gc,age       ] GC(59) - age   9:    9017344 bytes,   11830304 total
[2020-12-14T04:01:28.786+0000][6][gc,age       ] GC(59) - age  10:    9962784 bytes,   21793088 total
[2020-12-14T04:01:28.786+0000][6][gc,phases    ] GC(59)   Pre Evacuate Collection Set: 0.2ms
[2020-12-14T04:01:28.786+0000][6][gc,phases    ] GC(59)   Merge Heap Roots: 0.2ms
[2020-12-14T04:01:28.786+0000][6][gc,phases    ] GC(59)   Evacuate Collection Set: 15.7ms
[2020-12-14T04:01:28.786+0000][6][gc,phases    ] GC(59)   Post Evacuate Collection Set: 1.5ms
[2020-12-14T04:01:28.786+0000][6][gc,phases    ] GC(59)   Other: 0.5ms
[2020-12-14T04:01:28.786+0000][6][gc,heap      ] GC(59) Eden regions: 372->0(372)
[2020-12-14T04:01:28.786+0000][6][gc,heap      ] GC(59) Survivor regions: 23->23(50)
[2020-12-14T04:01:28.786+0000][6][gc,heap      ] GC(59) Old regions: 101->101
[2020-12-14T04:01:28.786+0000][6][gc,heap      ] GC(59) Archive regions: 2->2
[2020-12-14T04:01:28.786+0000][6][gc,heap      ] GC(59) Humongous regions: 73->73
[2020-12-14T04:01:28.786+0000][6][gc,metaspace ] GC(59) Metaspace: 77033K(81820K)->77033K(81820K) NonClass: 67404K(70144K)->67404K(70144K) Class: 9628K(11676K)->9628K(11676K)
[2020-12-14T04:01:28.786+0000][6][gc           ] GC(59) Pause Young (Normal) (G1 Evacuation Pause) 568M->197M(793M) 18.314ms
[2020-12-14T04:01:28.786+0000][6][gc,cpu       ] GC(59) User=0.16s Sys=0.01s Real=0.02s
[2020-12-14T04:01:28.786+0000][6][safepoint    ] Safepoint "G1CollectForAllocation", Time since last: 38012261 ns, Reaching safepoint: 217593 ns, At safepoint: 18479529 ns, Total: 18697122 ns
[2020-12-14T04:01:29.749+0000][6][safepoint    ] Safepoint "BulkRevokeBias", Time since last: 961988339 ns, Reaching safepoint: 262024 ns, At safepoint: 1095229 ns, Total: 1357253 ns
[2020-12-14T04:01:30.751+0000][6][safepoint    ] Safepoint "Cleanup", Time since last: 1000950332 ns, Reaching safepoint: 249402 ns, At safepoint: 17862 ns, Total: 267264 ns
[2020-12-14T04:01:31.779+0000][6][safepoint    ] Safepoint "Cleanup", Time since last: 1028611377 ns, Reaching safepoint: 233474 ns, At safepoint: 18097 ns, Total: 251571 ns
[2020-12-14T04:01:32.780+0000][6][safepoint    ] Safepoint "Cleanup", Time since last: 1000189332 ns, Reaching safepoint: 239571 ns, At safepoint: 18927 ns, Total: 258498 ns
[2020-12-14T04:01:33.780+0000][6][safepoint    ] Safepoint "Cleanup", Time since last: 1000187074 ns, Reaching safepoint: 259098 ns, At safepoint: 20185 ns, Total: 279283 ns
[2020-12-14T04:01:34.781+0000][6][safepoint    ] Safepoint "Cleanup", Time since last: 1000189825 ns, Reaching safepoint: 267754 ns, At safepoint: 19218 ns, Total: 286972 ns
[2020-12-14T04:01:36.131+0000][6][safepoint    ] Safepoint "Cleanup", Time since last: 1350052547 ns, Reaching safepoint: 292019 ns, At safepoint: 18681 ns, Total: 310700 ns
[2020-12-14T04:01:37.132+0000][6][safepoint    ] Safepoint "Cleanup", Time since last: 1000192575 ns, Reaching safepoint: 231023 ns, At safepoint: 19931 ns, Total: 250954 ns
[2020-12-14T04:01:38.132+0000][6][safepoint    ] Safepoint "Cleanup", Time since last: 1000190552 ns, Reaching safepoint: 227571 ns, At safepoint: 18047 ns, Total: 245618 ns
[2020-12-14T04:01:39.132+0000][6][safepoint    ] Safepoint "Cleanup", Time since last: 1000204300 ns, Reaching safepoint: 243457 ns, At safepoint: 18097 ns, Total: 261554 ns
[2020-12-14T04:01:40.724+0000][6][safepoint    ] Safepoint "Cleanup", Time since last: 1591806182 ns, Reaching safepoint: 173854 ns, At safepoint: 17189 ns, Total: 191043 ns
[2020-12-14T04:01:41.725+0000][6][safepoint    ] Safepoint "Cleanup", Time since last: 1000183859 ns, Reaching safepoint: 227938 ns, At safepoint: 19454 ns, Total: 247392 ns
[2020-12-14T04:01:42.725+0000][6][safepoint    ] Safepoint "Cleanup", Time since last: 1000189818 ns, Reaching safepoint: 245183 ns, At safepoint: 18559 ns, Total: 263742 ns
[2020-12-14T04:01:43.726+0000][6][safepoint    ] Safepoint "Cleanup", Time since last: 1000180659 ns, Reaching safepoint: 243687 ns, At safepoint: 17827 ns, Total: 261514 ns
[2020-12-14T04:01:44.761+0000][6][safepoint    ] Safepoint "Cleanup", Time since last: 1034580429 ns, Reaching safepoint: 229579 ns, At safepoint: 17853 ns, Total: 247432 ns
[2020-12-14T04:01:45.761+0000][6][safepoint    ] Safepoint "Cleanup", Time since last: 1000189998 ns, Reaching safepoint: 230609 ns, At safepoint: 37181 ns, Total: 267790 ns
[2020-12-14T04:01:46.762+0000][6][safepoint    ] Safepoint "Cleanup", Time since last: 1000187478 ns, Reaching safepoint: 223988 ns, At safepoint: 19558 ns, Total: 243546 ns
[2020-12-14T04:01:47.762+0000][6][safepoint    ] Safepoint "Cleanup", Time since last: 1000184119 ns, Reaching safepoint: 251361 ns, At safepoint: 19214 ns, Total: 270575 ns
[2020-12-14T04:01:48.762+0000][6][safepoint    ] Safepoint "Cleanup", Time since last: 1000187814 ns, Reaching safepoint: 235102 ns, At safepoint: 18707 ns, Total: 253809 ns
[2020-12-14T04:01:49.763+0000][6][safepoint    ] Safepoint "Cleanup", Time since last: 1000190472 ns, Reaching safepoint: 244150 ns, At safepoint: 18488 ns, Total: 262638 ns
[2020-12-14T04:01:50.763+0000][6][safepoint    ] Safepoint "Cleanup", Time since last: 1000188297 ns, Reaching safepoint: 249587 ns, At safepoint: 18484 ns, Total: 268071 ns
[2020-12-14T04:01:51.764+0000][6][safepoint    ] Safepoint "Cleanup", Time since last: 1000190391 ns, Reaching safepoint: 238748 ns, At safepoint: 18197 ns, Total: 256945 ns
[2020-12-14T04:01:52.764+0000][6][safepoint    ] Safepoint "Cleanup", Time since last: 1000184112 ns, Reaching safepoint: 258488 ns, At safepoint: 19525 ns, Total: 278013 ns
[2020-12-14T04:01:53.765+0000][6][safepoint    ] Safepoint "Cleanup", Time since last: 1000187313 ns, Reaching safepoint: 227841 ns, At safepoint: 20188 ns, Total: 248029 ns
[2020-12-14T04:01:54.765+0000][6][safepoint    ] Safepoint "Cleanup", Time since last: 1000190653 ns, Reaching safepoint: 263515 ns, At safepoint: 22353 ns, Total: 285868 ns
[2020-12-14T04:01:55.766+0000][6][safepoint    ] Safepoint "Cleanup", Time since last: 1000206670 ns, Reaching safepoint: 224032 ns, At safepoint: 18885 ns, Total: 242917 ns
[2020-12-14T04:01:56.766+0000][6][safepoint    ] Safepoint "Cleanup", Time since last: 1000185799 ns, Reaching safepoint: 229320 ns, At safepoint: 16825 ns, Total: 246145 ns
[2020-12-14T04:01:57.766+0000][6][safepoint    ] Safepoint "Cleanup", Time since last: 1000186062 ns, Reaching safepoint: 225502 ns, At safepoint: 21778 ns, Total: 247280 ns
[2020-12-14T04:01:58.767+0000][6][safepoint    ] Safepoint "Cleanup", Time since last: 1000187950 ns, Reaching safepoint: 291867 ns, At safepoint: 20806 ns, Total: 312673 ns
[2020-12-14T04:01:59.767+0000][6][safepoint    ] Safepoint "Cleanup", Time since last: 1000130438 ns, Reaching safepoint: 203661 ns, At safepoint: 17795 ns, Total: 221456 ns
[2020-12-14T04:02:00.768+0000][6][safepoint    ] Safepoint "Cleanup", Time since last: 1000194308 ns, Reaching safepoint: 224214 ns, At safepoint: 16441 ns, Total: 240655 ns
[2020-12-14T04:02:01.768+0000][6][safepoint    ] Safepoint "Cleanup", Time since last: 1000190535 ns, Reaching safepoint: 280678 ns, At safepoint: 21379 ns, Total: 302057 ns
[2020-12-14T04:02:02.769+0000][6][safepoint    ] Safepoint "Cleanup", Time since last: 1000168767 ns, Reaching safepoint: 220943 ns, At safepoint: 18142 ns, Total: 239085 ns
[2020-12-14T04:02:03.769+0000][6][safepoint    ] Safepoint "Cleanup", Time since last: 1000185658 ns, Reaching safepoint: 265172 ns, At safepoint: 28838 ns, Total: 294010 ns
[2020-12-14T04:02:04.770+0000][6][safepoint    ] Safepoint "Cleanup", Time since last: 1000194003 ns, Reaching safepoint: 316598 ns, At safepoint: 19501 ns, Total: 336099 ns
[2020-12-14T04:02:05.770+0000][6][safepoint    ] Safepoint "Cleanup", Time since last: 1000187651 ns, Reaching safepoint: 331807 ns, At safepoint: 20172 ns, Total: 351979 ns
[2020-12-14T04:02:06.771+0000][6][safepoint    ] Safepoint "Cleanup", Time since last: 1000153101 ns, Reaching safepoint: 219096 ns, At safepoint: 29100 ns, Total: 248196 ns
[2020-12-14T04:02:07.771+0000][6][safepoint    ] Safepoint "Cleanup", Time since last: 1000180079 ns, Reaching safepoint: 218629 ns, At safepoint: 19672 ns, Total: 238301 ns
[2020-12-14T04:02:08.771+0000][6][safepoint    ] Safepoint "Cleanup", Time since last: 1000164676 ns, Reaching safepoint: 252768 ns, At safepoint: 19432 ns, Total: 272200 ns
[2020-12-14T04:02:09.772+0000][6][safepoint    ] Safepoint "Cleanup", Time since last: 1000184945 ns, Reaching safepoint: 224559 ns, At safepoint: 19871 ns, Total: 244430 ns
[2020-12-14T04:02:10.772+0000][6][safepoint    ] Safepoint "Cleanup", Time since last: 1000203580 ns, Reaching safepoint: 231563 ns, At safepoint: 19938 ns, Total: 251501 ns
[2020-12-14T04:02:11.773+0000][6][safepoint    ] Safepoint "Cleanup", Time since last: 1000187694 ns, Reaching safepoint: 231610 ns, At safepoint: 20035 ns, Total: 251645 ns
[2020-12-14T04:02:12.773+0000][6][safepoint    ] Safepoint "Cleanup", Time since last: 1000180269 ns, Reaching safepoint: 251121 ns, At safepoint: 17493 ns, Total: 268614 ns
[2020-12-14T04:02:13.774+0000][6][safepoint    ] Safepoint "Cleanup", Time since last: 1000191920 ns, Reaching safepoint: 232747 ns, At safepoint: 18304 ns, Total: 251051 ns
[2020-12-14T04:02:14.774+0000][6][safepoint    ] Safepoint "Cleanup", Time since last: 1000187713 ns, Reaching safepoint: 324003 ns, At safepoint: 19882 ns, Total: 343885 ns
[2020-12-14T04:02:15.775+0000][6][safepoint    ] Safepoint "Cleanup", Time since last: 1000185205 ns, Reaching safepoint: 233641 ns, At safepoint: 22233 ns, Total: 255874 ns
[2020-12-14T04:02:16.775+0000][6][safepoint    ] Safepoint "Cleanup", Time since last: 1000193473 ns, Reaching safepoint: 275111 ns, At safepoint: 19508 ns, Total: 294619 ns
[2020-12-14T04:02:17.776+0000][6][safepoint    ] Safepoint "Cleanup", Time since last: 1000185827 ns, Reaching safepoint: 238637 ns, At safepoint: 19355 ns, Total: 257992 ns
[2020-12-14T04:02:18.776+0000][6][safepoint    ] Safepoint "Cleanup", Time since last: 1000198054 ns, Reaching safepoint: 231903 ns, At safepoint: 17265 ns, Total: 249168 ns
[2020-12-14T04:02:19.776+0000][6][safepoint    ] Safepoint "Cleanup", Time since last: 1000215568 ns, Reaching safepoint: 226443 ns, At safepoint: 20712 ns, Total: 247155 ns
[2020-12-14T04:02:20.777+0000][6][safepoint    ] Safepoint "Cleanup", Time since last: 1000185505 ns, Reaching safepoint: 220527 ns, At safepoint: 18337 ns, Total: 238864 ns
[2020-12-14T04:02:21.777+0000][6][safepoint    ] Safepoint "Cleanup", Time since last: 1000185862 ns, Reaching safepoint: 250298 ns, At safepoint: 21842 ns, Total: 272140 ns
[2020-12-14T04:02:22.778+0000][6][safepoint    ] Safepoint "Cleanup", Time since last: 1000191340 ns, Reaching safepoint: 257815 ns, At safepoint: 19144 ns, Total: 276959 ns
[2020-12-14T04:02:23.778+0000][6][safepoint    ] Safepoint "Cleanup", Time since last: 1000188715 ns, Reaching safepoint: 288819 ns, At safepoint: 19901 ns, Total: 308720 ns
[2020-12-14T04:02:24.779+0000][6][safepoint    ] Safepoint "Cleanup", Time since last: 1000188314 ns, Reaching safepoint: 236933 ns, At safepoint: 18317 ns, Total: 255250 ns
[2020-12-14T04:02:25.779+0000][6][safepoint    ] Safepoint "Cleanup", Time since last: 1000190322 ns, Reaching safepoint: 220400 ns, At safepoint: 19318 ns, Total: 239718 ns
[2020-12-14T04:02:26.780+0000][6][safepoint    ] Safepoint "Cleanup", Time since last: 1000194090 ns, Reaching safepoint: 230526 ns, At safepoint: 19458 ns, Total: 249984 ns
[2020-12-14T04:02:27.780+0000][6][safepoint    ] Safepoint "Cleanup", Time since last: 1000193727 ns, Reaching safepoint: 318069 ns, At safepoint: 19141 ns, Total: 337210 ns
[2020-12-14T04:02:28.781+0000][6][safepoint    ] Safepoint "Cleanup", Time since last: 1000186607 ns, Reaching safepoint: 239321 ns, At safepoint: 19494 ns, Total: 258815 ns
[2020-12-14T04:02:29.781+0000][6][safepoint    ] Safepoint "Cleanup", Time since last: 1000186217 ns, Reaching safepoint: 226563 ns, At safepoint: 54295 ns, Total: 280858 ns
[2020-12-14T04:02:30.782+0000][6][safepoint    ] Safepoint "Cleanup", Time since last: 1000192343 ns, Reaching safepoint: 287512 ns, At safepoint: 20125 ns, Total: 307637 ns
[2020-12-14T04:02:30.822+0000][6][safepoint    ] Safepoint "BulkRevokeBias", Time since last: 38775989 ns, Reaching safepoint: 185749 ns, At safepoint: 1014701 ns, Total: 1200450 ns
[2020-12-14T04:02:31.840+0000][6][safepoint    ] Safepoint "Cleanup", Time since last: 1018516453 ns, Reaching safepoint: 233958 ns, At safepoint: 23307 ns, Total: 257265 ns
[2020-12-14T04:02:32.841+0000][6][safepoint    ] Safepoint "Cleanup", Time since last: 1000192159 ns, Reaching safepoint: 230395 ns, At safepoint: 16449 ns, Total: 246844 ns
[2020-12-14T04:02:33.841+0000][6][safepoint    ] Safepoint "Cleanup", Time since last: 1000177539 ns, Reaching safepoint: 257911 ns, At safepoint: 26609 ns, Total: 284520 ns
[2020-12-14T04:02:34.842+0000][6][safepoint    ] Safepoint "Cleanup", Time since last: 1000184989 ns, Reaching safepoint: 239731 ns, At safepoint: 20525 ns, Total: 260256 ns
[2020-12-14T04:02:36.164+0000][6][safepoint    ] Safepoint "Cleanup", Time since last: 1321574645 ns, Reaching safepoint: 241706 ns, At safepoint: 19631 ns, Total: 261337 ns
[2020-12-14T04:02:37.164+0000][6][safepoint    ] Safepoint "Cleanup", Time since last: 1000191610 ns, Reaching safepoint: 249093 ns, At safepoint: 19424 ns, Total: 268517 ns
[2020-12-14T04:02:38.164+0000][6][safepoint    ] Safepoint "Cleanup", Time since last: 1000208640 ns, Reaching safepoint: 247712 ns, At safepoint: 17847 ns, Total: 265559 ns
[2020-12-14T04:02:39.165+0000][6][safepoint    ] Safepoint "Cleanup", Time since last: 1000190061 ns, Reaching safepoint: 250511 ns, At safepoint: 19591 ns, Total: 270102 ns
[2020-12-14T04:02:40.165+0000][6][safepoint    ] Safepoint "Cleanup", Time since last: 1000197876 ns, Reaching safepoint: 235212 ns, At safepoint: 21243 ns, Total: 256455 ns
[2020-12-14T04:02:41.725+0000][6][safepoint    ] Safepoint "Cleanup", Time since last: 1559767238 ns, Reaching safepoint: 224142 ns, At safepoint: 19241 ns, Total: 243383 ns
[2020-12-14T04:02:42.726+0000][6][safepoint    ] Safepoint "Cleanup", Time since last: 1000193693 ns, Reaching safepoint: 239068 ns, At safepoint: 19111 ns, Total: 258179 ns
[2020-12-14T04:02:43.726+0000][6][safepoint    ] Safepoint "Cleanup", Time since last: 1000191112 ns, Reaching safepoint: 262377 ns, At safepoint: 19632 ns, Total: 282009 ns
[2020-12-14T04:02:44.727+0000][6][safepoint    ] Safepoint "Cleanup", Time since last: 1000188747 ns, Reaching safepoint: 243847 ns, At safepoint: 19361 ns, Total: 263208 ns
[2020-12-14T04:02:45.727+0000][6][safepoint    ] Safepoint "Cleanup", Time since last: 1000180767 ns, Reaching safepoint: 258999 ns, At safepoint: 19741 ns, Total: 278740 ns
[2020-12-14T04:02:46.728+0000][6][safepoint    ] Safepoint "Cleanup", Time since last: 1000198755 ns, Reaching safepoint: 239751 ns, At safepoint: 18547 ns, Total: 258298 ns
[2020-12-14T04:02:47.728+0000][6][safepoint    ] Safepoint "Cleanup", Time since last: 1000187209 ns, Reaching safepoint: 318026 ns, At safepoint: 24764 ns, Total: 342790 ns
[2020-12-14T04:02:48.729+0000][6][safepoint    ] Safepoint "Cleanup", Time since last: 1000189198 ns, Reaching safepoint: 227014 ns, At safepoint: 18340 ns, Total: 245354 ns
[2020-12-14T04:02:49.729+0000][6][safepoint    ] Safepoint "Cleanup", Time since last: 1000189035 ns, Reaching safepoint: 238594 ns, At safepoint: 17276 ns, Total: 255870 ns
[2020-12-14T04:02:50.730+0000][6][safepoint    ] Safepoint "Cleanup", Time since last: 1000183935 ns, Reaching safepoint: 226113 ns, At safepoint: 18277 ns, Total: 244390 ns
[2020-12-14T04:02:51.730+0000][6][safepoint    ] Safepoint "Cleanup", Time since last: 1000185440 ns, Reaching safepoint: 227650 ns, At safepoint: 18358 ns, Total: 246008 ns
[2020-12-14T04:02:52.730+0000][6][safepoint    ] Safepoint "Cleanup", Time since last: 1000201817 ns, Reaching safepoint: 219772 ns, At safepoint: 17232 ns, Total: 237004 ns
[2020-12-14T04:02:53.731+0000][6][safepoint    ] Safepoint "Cleanup", Time since last: 1000170914 ns, Reaching safepoint: 261127 ns, At safepoint: 18260 ns, Total: 279387 ns
[2020-12-14T04:02:54.731+0000][6][safepoint    ] Safepoint "Cleanup", Time since last: 1000186243 ns, Reaching safepoint: 236728 ns, At safepoint: 17579 ns, Total: 254307 ns
[2020-12-14T04:02:55.732+0000][6][safepoint    ] Safepoint "Cleanup", Time since last: 1000145509 ns, Reaching safepoint: 270565 ns, At safepoint: 18147 ns, Total: 288712 ns
[2020-12-14T04:02:56.732+0000][6][safepoint    ] Safepoint "Cleanup", Time since last: 1000193848 ns, Reaching safepoint: 258892 ns, At safepoint: 17073 ns, Total: 275965 ns
[2020-12-14T04:02:57.733+0000][6][safepoint    ] Safepoint "Cleanup", Time since last: 1000185226 ns, Reaching safepoint: 239158 ns, At safepoint: 17397 ns, Total: 256555 ns
[2020-12-14T04:02:58.733+0000][6][safepoint    ] Safepoint "Cleanup", Time since last: 1000190298 ns, Reaching safepoint: 220345 ns, At safepoint: 32683 ns, Total: 253028 ns
[2020-12-14T04:02:59.734+0000][6][safepoint    ] Safepoint "Cleanup", Time since last: 1000187490 ns, Reaching safepoint: 240762 ns, At safepoint: 18454 ns, Total: 259216 ns
[2020-12-14T04:03:01.428+0000][6][safepoint    ] Safepoint "Cleanup", Time since last: 1694518527 ns, Reaching safepoint: 386606 ns, At safepoint: 19461 ns, Total: 406067 ns
[2020-12-14T04:03:02.429+0000][6][safepoint    ] Safepoint "Cleanup", Time since last: 1000190642 ns, Reaching safepoint: 245308 ns, At safepoint: 18611 ns, Total: 263919 ns
[2020-12-14T04:03:03.429+0000][6][safepoint    ] Safepoint "Cleanup", Time since last: 1000194269 ns, Reaching safepoint: 247366 ns, At safepoint: 18517 ns, Total: 265883 ns
[2020-12-14T04:03:04.430+0000][6][safepoint    ] Safepoint "Cleanup", Time since last: 1000191865 ns, Reaching safepoint: 233688 ns, At safepoint: 18374 ns, Total: 252062 ns
[2020-12-14T04:03:05.430+0000][6][safepoint    ] Safepoint "Cleanup", Time since last: 1000170138 ns, Reaching safepoint: 268441 ns, At safepoint: 18307 ns, Total: 286748 ns
[2020-12-14T04:03:06.431+0000][6][safepoint    ] Safepoint "Cleanup", Time since last: 1000155355 ns, Reaching safepoint: 261163 ns, At safepoint: 18184 ns, Total: 279347 ns
[2020-12-14T04:03:07.431+0000][6][safepoint    ] Safepoint "Cleanup", Time since last: 1000193320 ns, Reaching safepoint: 277610 ns, At safepoint: 18861 ns, Total: 296471 ns
[2020-12-14T04:03:08.432+0000][6][safepoint    ] Safepoint "Cleanup", Time since last: 1000192814 ns, Reaching safepoint: 232263 ns, At safepoint: 24608 ns, Total: 256871 ns
[2020-12-14T04:03:09.432+0000][6][safepoint    ] Safepoint "Cleanup", Time since last: 1000185532 ns, Reaching safepoint: 256033 ns, At safepoint: 16188 ns, Total: 272221 ns
[2020-12-14T04:03:10.433+0000][6][safepoint    ] Safepoint "Cleanup", Time since last: 1000186168 ns, Reaching safepoint: 226428 ns, At safepoint: 17262 ns, Total: 243690 ns
[2020-12-14T04:03:11.433+0000][6][safepoint    ] Safepoint "Cleanup", Time since last: 1000171485 ns, Reaching safepoint: 236536 ns, At safepoint: 18467 ns, Total: 255003 ns
[2020-12-14T04:03:12.433+0000][6][safepoint    ] Safepoint "Cleanup", Time since last: 1000170930 ns, Reaching safepoint: 235322 ns, At safepoint: 17837 ns, Total: 253159 ns
[2020-12-14T04:03:13.434+0000][6][safepoint    ] Safepoint "Cleanup", Time since last: 1000196903 ns, Reaching safepoint: 221260 ns, At safepoint: 18343 ns, Total: 239603 ns
[2020-12-14T04:03:14.434+0000][6][safepoint    ] Safepoint "Cleanup", Time since last: 1000181125 ns, Reaching safepoint: 256821 ns, At safepoint: 19197 ns, Total: 276018 ns
[2020-12-14T04:03:15.435+0000][6][safepoint    ] Safepoint "Cleanup", Time since last: 1000159966 ns, Reaching safepoint: 216408 ns, At safepoint: 20310 ns, Total: 236718 ns
[2020-12-14T04:03:16.435+0000][6][safepoint    ] Safepoint "Cleanup", Time since last: 1000185488 ns, Reaching safepoint: 279271 ns, At safepoint: 19571 ns, Total: 298842 ns
[2020-12-14T04:03:17.436+0000][6][safepoint    ] Safepoint "Cleanup", Time since last: 1000207175 ns, Reaching safepoint: 234168 ns, At safepoint: 18541 ns, Total: 252709 ns
[2020-12-14T04:03:18.436+0000][6][safepoint    ] Safepoint "Cleanup", Time since last: 1000200987 ns, Reaching safepoint: 245899 ns, At safepoint: 50172 ns, Total: 296071 ns
[2020-12-14T04:03:19.437+0000][6][safepoint    ] Safepoint "Cleanup", Time since last: 1000193353 ns, Reaching safepoint: 237967 ns, At safepoint: 18527 ns, Total: 256494 ns
[2020-12-14T04:03:20.437+0000][6][safepoint    ] Safepoint "Cleanup", Time since last: 1000193684 ns, Reaching safepoint: 217305 ns, At safepoint: 24408 ns, Total: 241713 ns
[2020-12-14T04:03:21.446+0000][6][safepoint    ] Safepoint "Cleanup", Time since last: 1008704674 ns, Reaching safepoint: 252789 ns, At safepoint: 22079 ns, Total: 274868 ns
[2020-12-14T04:03:22.446+0000][6][safepoint    ] Safepoint "Cleanup", Time since last: 1000191018 ns, Reaching safepoint: 214560 ns, At safepoint: 27847 ns, Total: 242407 ns
[2020-12-14T04:03:23.447+0000][6][safepoint    ] Safepoint "Cleanup", Time since last: 1000170943 ns, Reaching safepoint: 235549 ns, At safepoint: 20248 ns, Total: 255797 ns
[2020-12-14T04:03:24.447+0000][6][safepoint    ] Safepoint "Cleanup", Time since last: 1000198633 ns, Reaching safepoint: 260894 ns, At safepoint: 17659 ns, Total: 278553 ns
[2020-12-14T04:03:25.448+0000][6][safepoint    ] Safepoint "Cleanup", Time since last: 1000188888 ns, Reaching safepoint: 257651 ns, At safepoint: 18949 ns, Total: 276600 ns
[2020-12-14T04:03:26.448+0000][6][safepoint    ] Safepoint "Cleanup", Time since last: 1000192142 ns, Reaching safepoint: 277169 ns, At safepoint: 22143 ns, Total: 299312 ns
[2020-12-14T04:03:27.449+0000][6][safepoint    ] Safepoint "Cleanup", Time since last: 1000185490 ns, Reaching safepoint: 239867 ns, At safepoint: 25392 ns, Total: 265259 ns
[2020-12-14T04:03:28.449+0000][6][safepoint    ] Safepoint "Cleanup", Time since last: 1000182774 ns, Reaching safepoint: 443975 ns, At safepoint: 21232 ns, Total: 465207 ns
[2020-12-14T04:03:29.450+0000][6][safepoint    ] Safepoint "Cleanup", Time since last: 1000188958 ns, Reaching safepoint: 250797 ns, At safepoint: 19448 ns, Total: 270245 ns
[2020-12-14T04:03:30.450+0000][6][safepoint    ] Safepoint "Cleanup", Time since last: 1000197149 ns, Reaching safepoint: 263965 ns, At safepoint: 14792 ns, Total: 278757 ns
[2020-12-14T04:03:31.904+0000][6][safepoint    ] Safepoint "Cleanup", Time since last: 1453880429 ns, Reaching safepoint: 245014 ns, At safepoint: 18491 ns, Total: 263505 ns
[2020-12-14T04:03:32.905+0000][6][safepoint    ] Safepoint "Cleanup", Time since last: 1000184848 ns, Reaching safepoint: 231847 ns, At safepoint: 18881 ns, Total: 250728 ns
[2020-12-14T04:03:33.905+0000][6][safepoint    ] Safepoint "Cleanup", Time since last: 1000203579 ns, Reaching safepoint: 236853 ns, At safepoint: 19628 ns, Total: 256481 ns
[2020-12-14T04:03:34.906+0000][6][safepoint    ] Safepoint "Cleanup", Time since last: 1000190462 ns, Reaching safepoint: 257998 ns, At safepoint: 19668 ns, Total: 277666 ns
[2020-12-14T04:03:35.196+0000][6][safepoint    ] Safepoint "BulkRevokeBias", Time since last: 288856695 ns, Reaching safepoint: 207676 ns, At safepoint: 1117773 ns, Total: 1325449 ns
[2020-12-14T04:03:36.196+0000][6][safepoint    ] Safepoint "Cleanup", Time since last: 1000188143 ns, Reaching safepoint: 241245 ns, At safepoint: 19318 ns, Total: 260563 ns
[2020-12-14T04:03:37.197+0000][6][safepoint    ] Safepoint "Cleanup", Time since last: 1000191795 ns, Reaching safepoint: 239647 ns, At safepoint: 19385 ns, Total: 259032 ns
[2020-12-14T04:03:38.197+0000][6][safepoint    ] Safepoint "Cleanup", Time since last: 1000208710 ns, Reaching safepoint: 222745 ns, At safepoint: 19515 ns, Total: 242260 ns
[2020-12-14T04:03:39.198+0000][6][safepoint    ] Safepoint "Cleanup", Time since last: 1000187063 ns, Reaching safepoint: 236226 ns, At safepoint: 19498 ns, Total: 255724 ns
[2020-12-14T04:03:40.198+0000][6][safepoint    ] Safepoint "Cleanup", Time since last: 1000198761 ns, Reaching safepoint: 254933 ns, At safepoint: 19378 ns, Total: 274311 ns
[2020-12-14T04:03:41.199+0000][6][safepoint    ] Safepoint "Cleanup", Time since last: 1000190361 ns, Reaching safepoint: 228765 ns, At safepoint: 19068 ns, Total: 247833 ns
[2020-12-14T04:03:42.709+0000][6][safepoint    ] Safepoint "Cleanup", Time since last: 1509881232 ns, Reaching safepoint: 257255 ns, At safepoint: 19621 ns, Total: 276876 ns
[2020-12-14T04:03:43.709+0000][6][safepoint    ] Safepoint "Cleanup", Time since last: 1000199163 ns, Reaching safepoint: 259199 ns, At safepoint: 19571 ns, Total: 278770 ns
[2020-12-14T04:03:44.710+0000][6][safepoint    ] Safepoint "Cleanup", Time since last: 1000175013 ns, Reaching safepoint: 238374 ns, At safepoint: 19321 ns, Total: 257695 ns
[2020-12-14T04:03:45.710+0000][6][safepoint    ] Safepoint "Cleanup", Time since last: 1000189041 ns, Reaching safepoint: 276063 ns, At safepoint: 18439 ns, Total: 294502 ns
[2020-12-14T04:03:46.711+0000][6][safepoint    ] Safepoint "Cleanup", Time since last: 1000185193 ns, Reaching safepoint: 247449 ns, At safepoint: 19334 ns, Total: 266783 ns
[2020-12-14T04:03:47.711+0000][6][safepoint    ] Safepoint "Cleanup", Time since last: 1000154444 ns, Reaching safepoint: 248044 ns, At safepoint: 20061 ns, Total: 268105 ns
[2020-12-14T04:03:48.712+0000][6][safepoint    ] Safepoint "Cleanup", Time since last: 1000187233 ns, Reaching safepoint: 245055 ns, At safepoint: 19214 ns, Total: 264269 ns
[2020-12-14T04:03:49.712+0000][6][safepoint    ] Safepoint "Cleanup", Time since last: 1000188778 ns, Reaching safepoint: 267214 ns, At safepoint: 16381 ns, Total: 283595 ns
[2020-12-14T04:03:50.713+0000][6][safepoint    ] Safepoint "Cleanup", Time since last: 1000205793 ns, Reaching safepoint: 240795 ns, At safepoint: 19654 ns, Total: 260449 ns
[2020-12-14T04:03:51.713+0000][6][safepoint    ] Safepoint "Cleanup", Time since last: 1000189721 ns, Reaching safepoint: 241039 ns, At safepoint: 19287 ns, Total: 260326 ns
[2020-12-14T04:03:52.713+0000][6][safepoint    ] Safepoint "Cleanup", Time since last: 1000196139 ns, Reaching safepoint: 241298 ns, At safepoint: 19782 ns, Total: 261080 ns
[2020-12-14T04:03:53.714+0000][6][safepoint    ] Safepoint "Cleanup", Time since last: 1000202682 ns, Reaching safepoint: 243374 ns, At safepoint: 19691 ns, Total: 263065 ns
[2020-12-14T04:03:54.714+0000][6][safepoint    ] Safepoint "Cleanup", Time since last: 1000216079 ns, Reaching safepoint: 249929 ns, At safepoint: 18599 ns, Total: 268528 ns
[2020-12-14T04:03:55.715+0000][6][safepoint    ] Safepoint "Cleanup", Time since last: 1000189852 ns, Reaching safepoint: 236442 ns, At safepoint: 20866 ns, Total: 257308 ns
[2020-12-14T04:03:56.715+0000][6][safepoint    ] Safepoint "Cleanup", Time since last: 1000195749 ns, Reaching safepoint: 261730 ns, At safepoint: 19391 ns, Total: 281121 ns
[2020-12-14T04:03:57.716+0000][6][safepoint    ] Safepoint "Cleanup", Time since last: 1000196335 ns, Reaching safepoint: 234508 ns, At safepoint: 18744 ns, Total: 253252 ns
[2020-12-14T04:03:58.716+0000][6][safepoint    ] Safepoint "Cleanup", Time since last: 1000174820 ns, Reaching safepoint: 293113 ns, At safepoint: 18851 ns, Total: 311964 ns
[2020-12-14T04:03:59.717+0000][6][safepoint    ] Safepoint "Cleanup", Time since last: 1000204929 ns, Reaching safepoint: 241859 ns, At safepoint: 18707 ns, Total: 260566 ns
[2020-12-14T04:04:00.717+0000][6][safepoint    ] Safepoint "Cleanup", Time since last: 1000191302 ns, Reaching safepoint: 268296 ns, At safepoint: 18885 ns, Total: 287181 ns
[2020-12-14T04:04:01.718+0000][6][safepoint    ] Safepoint "Cleanup", Time since last: 1000175585 ns, Reaching safepoint: 225213 ns, At safepoint: 17456 ns, Total: 242669 ns
[2020-12-14T04:04:02.718+0000][6][safepoint    ] Safepoint "Cleanup", Time since last: 1000186835 ns, Reaching safepoint: 233144 ns, At safepoint: 19688 ns, Total: 252832 ns
[2020-12-14T04:04:03.718+0000][6][safepoint    ] Safepoint "Cleanup", Time since last: 1000209288 ns, Reaching safepoint: 227744 ns, At safepoint: 19678 ns, Total: 247422 ns
[2020-12-14T04:04:04.719+0000][6][safepoint    ] Safepoint "Cleanup", Time since last: 1000197006 ns, Reaching safepoint: 251474 ns, At safepoint: 18324 ns, Total: 269798 ns
[2020-12-14T04:04:05.719+0000][6][safepoint    ] Safepoint "Cleanup", Time since last: 1000179259 ns, Reaching safepoint: 226514 ns, At safepoint: 19504 ns, Total: 246018 ns
[2020-12-14T04:04:06.720+0000][6][safepoint    ] Safepoint "Cleanup", Time since last: 1000152400 ns, Reaching safepoint: 250281 ns, At safepoint: 19501 ns, Total: 269782 ns
[2020-12-14T04:04:07.720+0000][6][safepoint    ] Safepoint "Cleanup", Time since last: 1000188747 ns, Reaching safepoint: 252322 ns, At safepoint: 19361 ns, Total: 271683 ns
[2020-12-14T04:04:08.721+0000][6][safepoint    ] Safepoint "Cleanup", Time since last: 1000184252 ns, Reaching safepoint: 243680 ns, At safepoint: 19612 ns, Total: 263292 ns
[2020-12-14T04:04:09.721+0000][6][safepoint    ] Safepoint "Cleanup", Time since last: 1000208160 ns, Reaching safepoint: 278671 ns, At safepoint: 19805 ns, Total: 298476 ns
[2020-12-14T04:04:10.722+0000][6][safepoint    ] Safepoint "Cleanup", Time since last: 1000189587 ns, Reaching safepoint: 235869 ns, At safepoint: 21309 ns, Total: 257178 ns
[2020-12-14T04:04:11.722+0000][6][safepoint    ] Safepoint "Cleanup", Time since last: 1000178230 ns, Reaching safepoint: 240431 ns, At safepoint: 18077 ns, Total: 258508 ns
[2020-12-14T04:04:12.723+0000][6][safepoint    ] Safepoint "Cleanup", Time since last: 1000188314 ns, Reaching safepoint: 252528 ns, At safepoint: 18262 ns, Total: 270790 ns
[2020-12-14T04:04:13.723+0000][6][safepoint    ] Safepoint "Cleanup", Time since last: 1000187763 ns, Reaching safepoint: 242323 ns, At safepoint: 19708 ns, Total: 262031 ns
[2020-12-14T04:04:14.723+0000][6][safepoint    ] Safepoint "Cleanup", Time since last: 1000219964 ns, Reaching safepoint: 228836 ns, At safepoint: 18555 ns, Total: 247391 ns
[2020-12-14T04:04:15.724+0000][6][safepoint    ] Safepoint "Cleanup", Time since last: 1000184404 ns, Reaching safepoint: 226450 ns, At safepoint: 19371 ns, Total: 245821 ns
[2020-12-14T04:04:16.724+0000][6][safepoint    ] Safepoint "Cleanup", Time since last: 1000183942 ns, Reaching safepoint: 245507 ns, At safepoint: 18158 ns, Total: 263665 ns
[2020-12-14T04:04:17.725+0000][6][safepoint    ] Safepoint "Cleanup", Time since last: 1000194607 ns, Reaching safepoint: 244944 ns, At safepoint: 19258 ns, Total: 264202 ns
[2020-12-14T04:04:18.725+0000][6][safepoint    ] Safepoint "Cleanup", Time since last: 1000211319 ns, Reaching safepoint: 252314 ns, At safepoint: 18485 ns, Total: 270799 ns
[2020-12-14T04:04:19.726+0000][6][safepoint    ] Safepoint "Cleanup", Time since last: 1000184197 ns, Reaching safepoint: 242239 ns, At safepoint: 18488 ns, Total: 260727 ns
[2020-12-14T04:04:20.726+0000][6][safepoint    ] Safepoint "Cleanup", Time since last: 1000177070 ns, Reaching safepoint: 247829 ns, At safepoint: 20385 ns, Total: 268214 ns
[2020-12-14T04:04:21.727+0000][6][safepoint    ] Safepoint "Cleanup", Time since last: 1000187667 ns, Reaching safepoint: 264506 ns, At safepoint: 19571 ns, Total: 284077 ns
[2020-12-14T04:04:22.727+0000][6][safepoint    ] Safepoint "Cleanup", Time since last: 1000203619 ns, Reaching safepoint: 221394 ns, At safepoint: 18084 ns, Total: 239478 ns
[2020-12-14T04:04:23.728+0000][6][safepoint    ] Safepoint "Cleanup", Time since last: 1000186928 ns, Reaching safepoint: 239931 ns, At safepoint: 19601 ns, Total: 259532 ns
[2020-12-14T04:04:24.728+0000][6][safepoint    ] Safepoint "Cleanup", Time since last: 1000188454 ns, Reaching safepoint: 237240 ns, At safepoint: 19428 ns, Total: 256668 ns
[2020-12-14T04:04:25.728+0000][6][safepoint    ] Safepoint "Cleanup", Time since last: 1000182599 ns, Reaching safepoint: 246866 ns, At safepoint: 19331 ns, Total: 266197 ns
[2020-12-14T04:04:26.729+0000][6][safepoint    ] Safepoint "Cleanup", Time since last: 1000186960 ns, Reaching safepoint: 234138 ns, At safepoint: 19304 ns, Total: 253442 ns
[2020-12-14T04:04:27.729+0000][6][safepoint    ] Safepoint "Cleanup", Time since last: 1000205704 ns, Reaching safepoint: 246325 ns, At safepoint: 19541 ns, Total: 265866 ns
[2020-12-14T04:04:28.730+0000][6][safepoint    ] Safepoint "Cleanup", Time since last: 1000185626 ns, Reaching safepoint: 234682 ns, At safepoint: 19338 ns, Total: 254020 ns
[2020-12-14T04:04:29.730+0000][6][safepoint    ] Safepoint "Cleanup", Time since last: 1000188217 ns, Reaching safepoint: 278884 ns, At safepoint: 19381 ns, Total: 298265 ns
[2020-12-14T04:04:30.731+0000][6][safepoint    ] Safepoint "Cleanup", Time since last: 1000181950 ns, Reaching safepoint: 232494 ns, At safepoint: 19368 ns, Total: 251862 ns
[2020-12-14T04:04:30.966+0000][6][safepoint    ] Safepoint "BulkRevokeBias", Time since last: 234142713 ns, Reaching safepoint: 173112 ns, At safepoint: 927115 ns, Total: 1100227 ns
[2020-12-14T04:04:31.967+0000][6][safepoint    ] Safepoint "Cleanup", Time since last: 1000365316 ns, Reaching safepoint: 244373 ns, At safepoint: 18051 ns, Total: 262424 ns
[2020-12-14T04:04:32.967+0000][6][safepoint    ] Safepoint "Cleanup", Time since last: 1000185444 ns, Reaching safepoint: 239635 ns, At safepoint: 17917 ns, Total: 257552 ns
[2020-12-14T04:04:33.967+0000][6][safepoint    ] Safepoint "Cleanup", Time since last: 1000202435 ns, Reaching safepoint: 224870 ns, At safepoint: 19107 ns, Total: 243977 ns
[2020-12-14T04:04:34.968+0000][6][safepoint    ] Safepoint "Cleanup", Time since last: 1000188344 ns, Reaching safepoint: 251995 ns, At safepoint: 19175 ns, Total: 271170 ns
[2020-12-14T04:04:35.230+0000][6][safepoint    ] Safepoint "BulkRevokeBias", Time since last: 260860270 ns, Reaching safepoint: 212885 ns, At safepoint: 1133369 ns, Total: 1346254 ns
[2020-12-14T04:04:36.233+0000][6][safepoint    ] Safepoint "Cleanup", Time since last: 1002115845 ns, Reaching safepoint: 250722 ns, At safepoint: 18438 ns, Total: 269160 ns
[2020-12-14T04:04:37.233+0000][6][safepoint    ] Safepoint "Cleanup", Time since last: 1000184439 ns, Reaching safepoint: 245892 ns, At safepoint: 19324 ns, Total: 265216 ns
[2020-12-14T04:04:38.233+0000][6][safepoint    ] Safepoint "Cleanup", Time since last: 1000187784 ns, Reaching safepoint: 242850 ns, At safepoint: 19131 ns, Total: 261981 ns
[2020-12-14T04:04:39.234+0000][6][safepoint    ] Safepoint "Cleanup", Time since last: 1000201692 ns, Reaching safepoint: 237280 ns, At safepoint: 24801 ns, Total: 262081 ns
[2020-12-14T04:04:40.234+0000][6][safepoint    ] Safepoint "Cleanup", Time since last: 1000206544 ns, Reaching safepoint: 238401 ns, At safepoint: 19354 ns, Total: 257755 ns
[2020-12-14T04:04:41.235+0000][6][safepoint    ] Safepoint "Cleanup", Time since last: 1000159675 ns, Reaching safepoint: 257985 ns, At safepoint: 17069 ns, Total: 275054 ns
[2020-12-14T04:04:42.251+0000][6][safepoint    ] Safepoint "Cleanup", Time since last: 1015802050 ns, Reaching safepoint: 235725 ns, At safepoint: 17844 ns, Total: 253569 ns
[2020-12-14T04:04:43.714+0000][6][safepoint    ] Safepoint "Cleanup", Time since last: 1463186328 ns, Reaching safepoint: 340533 ns, At safepoint: 19418 ns, Total: 359951 ns
[2020-12-14T04:04:44.715+0000][6][safepoint    ] Safepoint "Cleanup", Time since last: 1000183814 ns, Reaching safepoint: 230389 ns, At safepoint: 18988 ns, Total: 249377 ns
[2020-12-14T04:04:45.715+0000][6][safepoint    ] Safepoint "Cleanup", Time since last: 1000186920 ns, Reaching safepoint: 294066 ns, At safepoint: 19531 ns, Total: 313597 ns
[2020-12-14T04:04:46.716+0000][6][safepoint    ] Safepoint "Cleanup", Time since last: 1000194334 ns, Reaching safepoint: 243234 ns, At safepoint: 19858 ns, Total: 263092 ns
[2020-12-14T04:04:47.716+0000][6][safepoint    ] Safepoint "Cleanup", Time since last: 1000196501 ns, Reaching safepoint: 272390 ns, At safepoint: 19508 ns, Total: 291898 ns
[2020-12-14T04:04:48.717+0000][6][safepoint    ] Safepoint "Cleanup", Time since last: 1000192247 ns, Reaching safepoint: 232737 ns, At safepoint: 18955 ns, Total: 251692 ns
[2020-12-14T04:04:49.717+0000][6][safepoint    ] Safepoint "Cleanup", Time since last: 1000197242 ns, Reaching safepoint: 265273 ns, At safepoint: 19731 ns, Total: 285004 ns
[2020-12-14T04:04:50.718+0000][6][safepoint    ] Safepoint "Cleanup", Time since last: 1000185937 ns, Reaching safepoint: 231239 ns, At safepoint: 19141 ns, Total: 250380 ns
[2020-12-14T04:04:51.718+0000][6][safepoint    ] Safepoint "Cleanup", Time since last: 1000195947 ns, Reaching safepoint: 282259 ns, At safepoint: 18377 ns, Total: 300636 ns
[2020-12-14T04:04:52.719+0000][6][safepoint    ] Safepoint "Cleanup", Time since last: 1000190662 ns, Reaching safepoint: 241529 ns, At safepoint: 19258 ns, Total: 260787 ns
[2020-12-14T04:04:53.719+0000][6][safepoint    ] Safepoint "Cleanup", Time since last: 1000196365 ns, Reaching safepoint: 243313 ns, At safepoint: 17627 ns, Total: 260940 ns
[2020-12-14T04:04:54.720+0000][6][safepoint    ] Safepoint "Cleanup", Time since last: 1000246067 ns, Reaching safepoint: 238780 ns, At safepoint: 17696 ns, Total: 256476 ns
[2020-12-14T04:04:55.720+0000][6][safepoint    ] Safepoint "Cleanup", Time since last: 1000190303 ns, Reaching safepoint: 228789 ns, At safepoint: 19007 ns, Total: 247796 ns
[2020-12-14T04:04:56.720+0000][6][safepoint    ] Safepoint "Cleanup", Time since last: 1000188694 ns, Reaching safepoint: 230340 ns, At safepoint: 19214 ns, Total: 249554 ns
[2020-12-14T04:04:57.721+0000][6][safepoint    ] Safepoint "Cleanup", Time since last: 1000200267 ns, Reaching safepoint: 237330 ns, At safepoint: 19171 ns, Total: 256501 ns
[2020-12-14T04:04:58.721+0000][6][safepoint    ] Safepoint "Cleanup", Time since last: 1000244997 ns, Reaching safepoint: 232724 ns, At safepoint: 19145 ns, Total: 251869 ns
[2020-12-14T04:04:59.722+0000][6][safepoint    ] Safepoint "Cleanup", Time since last: 1000192732 ns, Reaching safepoint: 233965 ns, At safepoint: 19104 ns, Total: 253069 ns
[2020-12-14T04:05:00.722+0000][6][safepoint    ] Safepoint "Cleanup", Time since last: 1000175039 ns, Reaching safepoint: 219883 ns, At safepoint: 15168 ns, Total: 235051 ns
[2020-12-14T04:05:01.723+0000][6][safepoint    ] Safepoint "Cleanup", Time since last: 1000191704 ns, Reaching safepoint: 248930 ns, At safepoint: 19394 ns, Total: 268324 ns
[2020-12-14T04:05:02.723+0000][6][safepoint    ] Safepoint "Cleanup", Time since last: 1000217868 ns, Reaching safepoint: 315698 ns, At safepoint: 19535 ns, Total: 335233 ns
[2020-12-14T04:05:03.724+0000][6][safepoint    ] Safepoint "Cleanup", Time since last: 1000207178 ns, Reaching safepoint: 236200 ns, At safepoint: 19567 ns, Total: 255767 ns
[2020-12-14T04:05:04.724+0000][6][safepoint    ] Safepoint "Cleanup", Time since last: 1000185702 ns, Reaching safepoint: 258462 ns, At safepoint: 20069 ns, Total: 278531 ns
[2020-12-14T04:05:05.725+0000][6][safepoint    ] Safepoint "Cleanup", Time since last: 1000186087 ns, Reaching safepoint: 226063 ns, At safepoint: 20275 ns, Total: 246338 ns
[2020-12-14T04:05:06.725+0000][6][safepoint    ] Safepoint "Cleanup", Time since last: 1000207791 ns, Reaching safepoint: 246108 ns, At safepoint: 68826 ns, Total: 314934 ns
[2020-12-14T04:05:07.726+0000][6][safepoint    ] Safepoint "Cleanup", Time since last: 1000200108 ns, Reaching safepoint: 240152 ns, At safepoint: 19861 ns, Total: 260013 ns
[2020-12-14T04:05:08.726+0000][6][safepoint    ] Safepoint "Cleanup", Time since last: 1000181593 ns, Reaching safepoint: 266273 ns, At safepoint: 17840 ns, Total: 284113 ns
[2020-12-14T04:05:09.727+0000][6][safepoint    ] Safepoint "Cleanup", Time since last: 1000247744 ns, Reaching safepoint: 250837 ns, At safepoint: 19455 ns, Total: 270292 ns
[2020-12-14T04:05:10.727+0000][6][safepoint    ] Safepoint "Cleanup", Time since last: 1000185203 ns, Reaching safepoint: 242216 ns, At safepoint: 19251 ns, Total: 261467 ns
[2020-12-14T04:05:11.727+0000][6][safepoint    ] Safepoint "Cleanup", Time since last: 1000228390 ns, Reaching safepoint: 237397 ns, At safepoint: 19251 ns, Total: 256648 ns
[2020-12-14T04:05:12.728+0000][6][safepoint    ] Safepoint "Cleanup", Time since last: 1000185142 ns, Reaching safepoint: 242290 ns, At safepoint: 19201 ns, Total: 261491 ns
[2020-12-14T04:05:13.728+0000][6][safepoint    ] Safepoint "Cleanup", Time since last: 1000196292 ns, Reaching safepoint: 226473 ns, At safepoint: 17038 ns, Total: 243511 ns
[2020-12-14T04:05:14.729+0000][6][safepoint    ] Safepoint "Cleanup", Time since last: 1000177390 ns, Reaching safepoint: 239597 ns, At safepoint: 20886 ns, Total: 260483 ns
[2020-12-14T04:05:15.729+0000][6][safepoint    ] Safepoint "Cleanup", Time since last: 1000206241 ns, Reaching safepoint: 239795 ns, At safepoint: 19181 ns, Total: 258976 ns
[2020-12-14T04:05:16.730+0000][6][safepoint    ] Safepoint "Cleanup", Time since last: 1000191642 ns, Reaching safepoint: 229299 ns, At safepoint: 18857 ns, Total: 248156 ns
[2020-12-14T04:05:17.730+0000][6][safepoint    ] Safepoint "Cleanup", Time since last: 1000187947 ns, Reaching safepoint: 268689 ns, At safepoint: 18660 ns, Total: 287349 ns
[2020-12-14T04:05:18.731+0000][6][safepoint    ] Safepoint "Cleanup", Time since last: 1000168404 ns, Reaching safepoint: 229394 ns, At safepoint: 18419 ns, Total: 247813 ns
[2020-12-14T04:05:19.731+0000][6][safepoint    ] Safepoint "Cleanup", Time since last: 1000180131 ns, Reaching safepoint: 262056 ns, At safepoint: 47655 ns, Total: 309711 ns
[2020-12-14T04:05:21.513+0000][6][safepoint    ] Safepoint "Cleanup", Time since last: 1781268767 ns, Reaching safepoint: 232374 ns, At safepoint: 19118 ns, Total: 251492 ns
[2020-12-14T04:05:22.513+0000][6][safepoint    ] Safepoint "Cleanup", Time since last: 1000192126 ns, Reaching safepoint: 223171 ns, At safepoint: 17630 ns, Total: 240801 ns
[2020-12-14T04:05:23.514+0000][6][safepoint    ] Safepoint "Cleanup", Time since last: 1000209721 ns, Reaching safepoint: 240825 ns, At safepoint: 21769 ns, Total: 262594 ns
[2020-12-14T04:05:24.514+0000][6][safepoint    ] Safepoint "Cleanup", Time since last: 1000191675 ns, Reaching safepoint: 233458 ns, At safepoint: 20161 ns, Total: 253619 ns
[2020-12-14T04:05:25.514+0000][6][safepoint    ] Safepoint "Cleanup", Time since last: 1000190376 ns, Reaching safepoint: 226637 ns, At safepoint: 19968 ns, Total: 246605 ns
[2020-12-14T04:05:26.515+0000][6][safepoint    ] Safepoint "Cleanup", Time since last: 1000191549 ns, Reaching safepoint: 234381 ns, At safepoint: 19962 ns, Total: 254343 ns
[2020-12-14T04:05:27.515+0000][6][safepoint    ] Safepoint "Cleanup", Time since last: 1000203095 ns, Reaching safepoint: 251451 ns, At safepoint: 18921 ns, Total: 270372 ns
[2020-12-14T04:05:28.516+0000][6][safepoint    ] Safepoint "Cleanup", Time since last: 1000193361 ns, Reaching safepoint: 239337 ns, At safepoint: 19214 ns, Total: 258551 ns
[2020-12-14T04:05:29.516+0000][6][safepoint    ] Safepoint "Cleanup", Time since last: 1000199263 ns, Reaching safepoint: 241768 ns, At safepoint: 17378 ns, Total: 259146 ns
[2020-12-14T04:05:30.517+0000][6][safepoint    ] Safepoint "Cleanup", Time since last: 1000188752 ns, Reaching safepoint: 243380 ns, At safepoint: 21005 ns, Total: 264385 ns
[2020-12-14T04:05:31.007+0000][6][safepoint    ] Safepoint "BulkRevokeBias", Time since last: 489539342 ns, Reaching safepoint: 186600 ns, At safepoint: 984228 ns, Total: 1170828 ns
[2020-12-14T04:05:32.021+0000][6][safepoint    ] Safepoint "Cleanup", Time since last: 1013126979 ns, Reaching safepoint: 241315 ns, At safepoint: 19254 ns, Total: 260569 ns
[2020-12-14T04:05:33.021+0000][6][safepoint    ] Safepoint "Cleanup", Time since last: 1000192163 ns, Reaching safepoint: 251278 ns, At safepoint: 19221 ns, Total: 270499 ns
[2020-12-14T04:05:34.022+0000][6][safepoint    ] Safepoint "Cleanup", Time since last: 1000152717 ns, Reaching safepoint: 257531 ns, At safepoint: 21282 ns, Total: 278813 ns
[2020-12-14T04:05:35.022+0000][6][safepoint    ] Safepoint "Cleanup", Time since last: 1000187822 ns, Reaching safepoint: 315905 ns, At safepoint: 17517 ns, Total: 333422 ns
[2020-12-14T04:05:36.265+0000][6][safepoint    ] Safepoint "Cleanup", Time since last: 1243013932 ns, Reaching safepoint: 212952 ns, At safepoint: 20038 ns, Total: 232990 ns
[2020-12-14T04:05:37.266+0000][6][safepoint    ] Safepoint "Cleanup", Time since last: 1000185790 ns, Reaching safepoint: 222584 ns, At safepoint: 19361 ns, Total: 241945 ns
[2020-12-14T04:05:38.266+0000][6][safepoint    ] Safepoint "Cleanup", Time since last: 1000275112 ns, Reaching safepoint: 221077 ns, At safepoint: 19121 ns, Total: 240198 ns
[2020-12-14T04:05:39.267+0000][6][safepoint    ] Safepoint "Cleanup", Time since last: 1000186645 ns, Reaching safepoint: 243004 ns, At safepoint: 18016 ns, Total: 261020 ns
[2020-12-14T04:05:40.267+0000][6][safepoint    ] Safepoint "Cleanup", Time since last: 1000186139 ns, Reaching safepoint: 262385 ns, At safepoint: 19791 ns, Total: 282176 ns
[2020-12-14T04:05:41.268+0000][6][safepoint    ] Safepoint "Cleanup", Time since last: 1000187884 ns, Reaching safepoint: 231716 ns, At safepoint: 18961 ns, Total: 250677 ns
[2020-12-14T04:05:42.268+0000][6][safepoint    ] Safepoint "Cleanup", Time since last: 1000177908 ns, Reaching safepoint: 240209 ns, At safepoint: 17853 ns, Total: 258062 ns
[2020-12-14T04:05:43.269+0000][6][safepoint    ] Safepoint "Cleanup", Time since last: 1000189161 ns, Reaching safepoint: 227911 ns, At safepoint: 18715 ns, Total: 246626 ns
[2020-12-14T04:05:44.719+0000][6][safepoint    ] Safepoint "Cleanup", Time since last: 1450238388 ns, Reaching safepoint: 275531 ns, At safepoint: 20239 ns, Total: 295770 ns
[2020-12-14T04:05:45.720+0000][6][safepoint    ] Safepoint "Cleanup", Time since last: 1000191442 ns, Reaching safepoint: 229185 ns, At safepoint: 32125 ns, Total: 261310 ns
[2020-12-14T04:05:46.720+0000][6][safepoint    ] Safepoint "Cleanup", Time since last: 1000186483 ns, Reaching safepoint: 227864 ns, At safepoint: 18351 ns, Total: 246215 ns
[2020-12-14T04:05:47.721+0000][6][safepoint    ] Safepoint "Cleanup", Time since last: 1000219859 ns, Reaching safepoint: 226700 ns, At safepoint: 21022 ns, Total: 247722 ns
[2020-12-14T04:05:48.721+0000][6][safepoint    ] Safepoint "Cleanup", Time since last: 1000190393 ns, Reaching safepoint: 239631 ns, At safepoint: 19861 ns, Total: 259492 ns
[2020-12-14T04:05:49.721+0000][6][safepoint    ] Safepoint "Cleanup", Time since last: 1000187580 ns, Reaching safepoint: 230943 ns, At safepoint: 18490 ns, Total: 249433 ns
[2020-12-14T04:05:50.722+0000][6][safepoint    ] Safepoint "Cleanup", Time since last: 1000190208 ns, Reaching safepoint: 243922 ns, At safepoint: 17946 ns, Total: 261868 ns
[2020-12-14T04:05:51.722+0000][6][safepoint    ] Safepoint "Cleanup", Time since last: 1000203976 ns, Reaching safepoint: 261577 ns, At safepoint: 19065 ns, Total: 280642 ns
[2020-12-14T04:05:52.723+0000][6][safepoint    ] Safepoint "Cleanup", Time since last: 1000188071 ns, Reaching safepoint: 239117 ns, At safepoint: 18908 ns, Total: 258025 ns
[2020-12-14T04:05:53.723+0000][6][safepoint    ] Safepoint "Cleanup", Time since last: 1000186452 ns, Reaching safepoint: 241792 ns, At safepoint: 19388 ns, Total: 261180 ns
[2020-12-14T04:05:54.724+0000][6][safepoint    ] Safepoint "Cleanup", Time since last: 1000191463 ns, Reaching safepoint: 240548 ns, At safepoint: 19288 ns, Total: 259836 ns
[2020-12-14T04:05:55.724+0000][6][safepoint    ] Safepoint "Cleanup", Time since last: 1000200751 ns, Reaching safepoint: 267367 ns, At safepoint: 20199 ns, Total: 287566 ns
[2020-12-14T04:05:56.725+0000][6][safepoint    ] Safepoint "Cleanup", Time since last: 1000189063 ns, Reaching safepoint: 228065 ns, At safepoint: 19084 ns, Total: 247149 ns
[2020-12-14T04:05:57.725+0000][6][safepoint    ] Safepoint "Cleanup", Time since last: 1000197316 ns, Reaching safepoint: 232434 ns, At safepoint: 16193 ns, Total: 248627 ns
[2020-12-14T04:05:58.726+0000][6][safepoint    ] Safepoint "Cleanup", Time since last: 1000199303 ns, Reaching safepoint: 280048 ns, At safepoint: 19761 ns, Total: 299809 ns
[2020-12-14T04:05:59.726+0000][6][safepoint    ] Safepoint "Cleanup", Time since last: 1000193584 ns, Reaching safepoint: 248933 ns, At safepoint: 19535 ns, Total: 268468 ns
[2020-12-14T04:06:00.726+0000][6][safepoint    ] Safepoint "Cleanup", Time since last: 1000178136 ns, Reaching safepoint: 232463 ns, At safepoint: 18626 ns, Total: 251089 ns
[2020-12-14T04:06:01.727+0000][6][safepoint    ] Safepoint "Cleanup", Time since last: 1000199892 ns, Reaching safepoint: 227623 ns, At safepoint: 17675 ns, Total: 245298 ns
[2020-12-14T04:06:02.727+0000][6][safepoint    ] Safepoint "Cleanup", Time since last: 1000205926 ns, Reaching safepoint: 245686 ns, At safepoint: 18509 ns, Total: 264195 ns
[2020-12-14T04:06:03.728+0000][6][safepoint    ] Safepoint "Cleanup", Time since last: 1000182905 ns, Reaching safepoint: 237723 ns, At safepoint: 19171 ns, Total: 256894 ns
[2020-12-14T04:06:04.728+0000][6][safepoint    ] Safepoint "Cleanup", Time since last: 1000184475 ns, Reaching safepoint: 260173 ns, At safepoint: 19745 ns, Total: 279918 ns
[2020-12-14T04:06:05.729+0000][6][safepoint    ] Safepoint "Cleanup", Time since last: 1000184342 ns, Reaching safepoint: 253953 ns, At safepoint: 19337 ns, Total: 273290 ns
[2020-12-14T04:06:06.729+0000][6][safepoint    ] Safepoint "Cleanup", Time since last: 1000176914 ns, Reaching safepoint: 274553 ns, At safepoint: 18232 ns, Total: 292785 ns
[2020-12-14T04:06:07.730+0000][6][safepoint    ] Safepoint "Cleanup", Time since last: 1000185349 ns, Reaching safepoint: 233951 ns, At safepoint: 19261 ns, Total: 253212 ns
[2020-12-14T04:06:08.730+0000][6][safepoint    ] Safepoint "Cleanup", Time since last: 1000185272 ns, Reaching safepoint: 238814 ns, At safepoint: 33570 ns, Total: 272384 ns
[2020-12-14T04:06:09.731+0000][6][safepoint    ] Safepoint "Cleanup", Time since last: 1000178888 ns, Reaching safepoint: 264611 ns, At safepoint: 17992 ns, Total: 282603 ns
[2020-12-14T04:06:10.731+0000][6][safepoint    ] Safepoint "Cleanup", Time since last: 1000177347 ns, Reaching safepoint: 234485 ns, At safepoint: 19051 ns, Total: 253536 ns
[2020-12-14T04:06:11.731+0000][6][safepoint    ] Safepoint "Cleanup", Time since last: 1000189595 ns, Reaching safepoint: 228968 ns, At safepoint: 29882 ns, Total: 258850 ns
[2020-12-14T04:06:12.732+0000][6][safepoint    ] Safepoint "Cleanup", Time since last: 1000182947 ns, Reaching safepoint: 242419 ns, At safepoint: 19024 ns, Total: 261443 ns
[2020-12-14T04:06:13.732+0000][6][safepoint    ] Safepoint "Cleanup", Time since last: 1000185446 ns, Reaching safepoint: 262814 ns, At safepoint: 19281 ns, Total: 282095 ns
[2020-12-14T04:06:14.733+0000][6][safepoint    ] Safepoint "Cleanup", Time since last: 1000186460 ns, Reaching safepoint: 251748 ns, At safepoint: 19734 ns, Total: 271482 ns
[2020-12-14T04:06:15.733+0000][6][safepoint    ] Safepoint "Cleanup", Time since last: 1000197646 ns, Reaching safepoint: 249941 ns, At safepoint: 19114 ns, Total: 269055 ns
[2020-12-14T04:06:16.734+0000][6][safepoint    ] Safepoint "Cleanup", Time since last: 1000184746 ns, Reaching safepoint: 241712 ns, At safepoint: 19588 ns, Total: 261300 ns
[2020-12-14T04:06:17.734+0000][6][safepoint    ] Safepoint "Cleanup", Time since last: 1000187863 ns, Reaching safepoint: 292487 ns, At safepoint: 18303 ns, Total: 310790 ns
[2020-12-14T04:06:18.735+0000][6][safepoint    ] Safepoint "Cleanup", Time since last: 1000208995 ns, Reaching safepoint: 215254 ns, At safepoint: 20148 ns, Total: 235402 ns
[2020-12-14T04:06:19.735+0000][6][safepoint    ] Safepoint "Cleanup", Time since last: 1000199311 ns, Reaching safepoint: 230936 ns, At safepoint: 19402 ns, Total: 250338 ns
[2020-12-14T04:06:20.736+0000][6][safepoint    ] Safepoint "Cleanup", Time since last: 1000192375 ns, Reaching safepoint: 256347 ns, At safepoint: 19725 ns, Total: 276072 ns
[2020-12-14T04:06:21.736+0000][6][safepoint    ] Safepoint "Cleanup", Time since last: 1000189291 ns, Reaching safepoint: 235882 ns, At safepoint: 19648 ns, Total: 255530 ns
[2020-12-14T04:06:22.736+0000][6][safepoint    ] Safepoint "Cleanup", Time since last: 1000205881 ns, Reaching safepoint: 229355 ns, At safepoint: 31209 ns, Total: 260564 ns
[2020-12-14T04:06:23.737+0000][6][safepoint    ] Safepoint "Cleanup", Time since last: 1000184414 ns, Reaching safepoint: 236566 ns, At safepoint: 19033 ns, Total: 255599 ns
[2020-12-14T04:06:24.737+0000][6][safepoint    ] Safepoint "Cleanup", Time since last: 1000185030 ns, Reaching safepoint: 238254 ns, At safepoint: 20649 ns, Total: 258903 ns
[2020-12-14T04:06:25.738+0000][6][safepoint    ] Safepoint "Cleanup", Time since last: 1000185695 ns, Reaching safepoint: 226521 ns, At safepoint: 20578 ns, Total: 247099 ns
[2020-12-14T04:06:26.738+0000][6][safepoint    ] Safepoint "Cleanup", Time since last: 1000202207 ns, Reaching safepoint: 244103 ns, At safepoint: 17987 ns, Total: 262090 ns
[2020-12-14T04:06:27.739+0000][6][safepoint    ] Safepoint "Cleanup", Time since last: 1000188357 ns, Reaching safepoint: 238567 ns, At safepoint: 20708 ns, Total: 259275 ns
[2020-12-14T04:06:28.739+0000][6][safepoint    ] Safepoint "Cleanup", Time since last: 1000183679 ns, Reaching safepoint: 255513 ns, At safepoint: 19618 ns, Total: 275131 ns
[2020-12-14T04:06:29.740+0000][6][safepoint    ] Safepoint "Cleanup", Time since last: 1000194654 ns, Reaching safepoint: 238494 ns, At safepoint: 20212 ns, Total: 258706 ns
[2020-12-14T04:06:30.751+0000][6][safepoint    ] Safepoint "Cleanup", Time since last: 1010903981 ns, Reaching safepoint: 246608 ns, At safepoint: 17197 ns, Total: 263805 ns
[2020-12-14T04:06:32.078+0000][6][safepoint    ] Safepoint "Cleanup", Time since last: 1326550405 ns, Reaching safepoint: 223488 ns, At safepoint: 17835 ns, Total: 241323 ns
[2020-12-14T04:06:33.078+0000][6][safepoint    ] Safepoint "Cleanup", Time since last: 1000188207 ns, Reaching safepoint: 232951 ns, At safepoint: 17833 ns, Total: 250784 ns
[2020-12-14T04:06:34.078+0000][6][safepoint    ] Safepoint "Cleanup", Time since last: 1000168224 ns, Reaching safepoint: 239127 ns, At safepoint: 18864 ns, Total: 257991 ns
[2020-12-14T04:06:35.079+0000][6][safepoint    ] Safepoint "Cleanup", Time since last: 1000188831 ns, Reaching safepoint: 272723 ns, At safepoint: 19618 ns, Total: 292341 ns
[2020-12-14T04:06:35.310+0000][6][safepoint    ] Safepoint "BulkRevokeBias", Time since last: 229722055 ns, Reaching safepoint: 191088 ns, At safepoint: 1014430 ns, Total: 1205518 ns
[2020-12-14T04:06:36.310+0000][6][safepoint    ] Safepoint "Cleanup", Time since last: 1000154774 ns, Reaching safepoint: 164277 ns, At safepoint: 9947 ns, Total: 174224 ns
[2020-12-14T04:06:37.311+0000][6][safepoint    ] Safepoint "Cleanup", Time since last: 1000154504 ns, Reaching safepoint: 206030 ns, At safepoint: 16693 ns, Total: 222723 ns
[2020-12-14T04:06:38.311+0000][6][safepoint    ] Safepoint "Cleanup", Time since last: 1000193595 ns, Reaching safepoint: 232457 ns, At safepoint: 18674 ns, Total: 251131 ns
[2020-12-14T04:06:39.311+0000][6][safepoint    ] Safepoint "Cleanup", Time since last: 1000203889 ns, Reaching safepoint: 248303 ns, At safepoint: 19161 ns, Total: 267464 ns
[2020-12-14T04:06:40.312+0000][6][safepoint    ] Safepoint "Cleanup", Time since last: 1000186510 ns, Reaching safepoint: 251718 ns, At safepoint: 18997 ns, Total: 270715 ns
[2020-12-14T04:06:41.312+0000][6][safepoint    ] Safepoint "Cleanup", Time since last: 1000197848 ns, Reaching safepoint: 216814 ns, At safepoint: 16940 ns, Total: 233754 ns
[2020-12-14T04:06:42.313+0000][6][safepoint    ] Safepoint "Cleanup", Time since last: 1000165065 ns, Reaching safepoint: 220566 ns, At safepoint: 15272 ns, Total: 235838 ns
[2020-12-14T04:06:43.313+0000][6][safepoint    ] Safepoint "Cleanup", Time since last: 1000182793 ns, Reaching safepoint: 252382 ns, At safepoint: 19144 ns, Total: 271526 ns
[2020-12-14T04:06:44.719+0000][6][safepoint    ] Safepoint "Cleanup", Time since last: 1405054904 ns, Reaching safepoint: 231256 ns, At safepoint: 19751 ns, Total: 251007 ns
[2020-12-14T04:06:45.719+0000][6][safepoint    ] Safepoint "Cleanup", Time since last: 1000728148 ns, Reaching safepoint: 218986 ns, At safepoint: 19104 ns, Total: 238090 ns
[2020-12-14T04:06:46.720+0000][6][safepoint    ] Safepoint "Cleanup", Time since last: 1000192897 ns, Reaching safepoint: 238907 ns, At safepoint: 19064 ns, Total: 257971 ns
[2020-12-14T04:06:47.720+0000][6][safepoint    ] Safepoint "Cleanup", Time since last: 1000186078 ns, Reaching safepoint: 224069 ns, At safepoint: 18580 ns, Total: 242649 ns
[2020-12-14T04:06:49.225+0000][6][safepoint    ] Safepoint "Cleanup", Time since last: 1504734149 ns, Reaching safepoint: 226385 ns, At safepoint: 17699 ns, Total: 244084 ns
[2020-12-14T04:06:50.226+0000][6][safepoint    ] Safepoint "Cleanup", Time since last: 1000175813 ns, Reaching safepoint: 232584 ns, At safepoint: 20748 ns, Total: 253332 ns
[2020-12-14T04:06:51.226+0000][6][safepoint    ] Safepoint "Cleanup", Time since last: 1000190019 ns, Reaching safepoint: 237466 ns, At safepoint: 18214 ns, Total: 255680 ns
[2020-12-14T04:06:52.227+0000][6][safepoint    ] Safepoint "Cleanup", Time since last: 1000152317 ns, Reaching safepoint: 238314 ns, At safepoint: 18711 ns, Total: 257025 ns
[2020-12-14T04:06:53.227+0000][6][safepoint    ] Safepoint "Cleanup", Time since last: 1000189374 ns, Reaching safepoint: 225923 ns, At safepoint: 37415 ns, Total: 263338 ns
[2020-12-14T04:06:54.228+0000][6][safepoint    ] Safepoint "Cleanup", Time since last: 1000201997 ns, Reaching safepoint: 235545 ns, At safepoint: 17982 ns, Total: 253527 ns
[2020-12-14T04:06:55.228+0000][6][safepoint    ] Safepoint "Cleanup", Time since last: 1000186743 ns, Reaching safepoint: 248223 ns, At safepoint: 19004 ns, Total: 267227 ns
[2020-12-14T04:06:56.228+0000][6][safepoint    ] Safepoint "Cleanup", Time since last: 1000206802 ns, Reaching safepoint: 237099 ns, At safepoint: 18814 ns, Total: 255913 ns
[2020-12-14T04:06:57.229+0000][6][safepoint    ] Safepoint "Cleanup", Time since last: 1000205811 ns, Reaching safepoint: 236603 ns, At safepoint: 17358 ns, Total: 253961 ns
[2020-12-14T04:06:58.229+0000][6][safepoint    ] Safepoint "Cleanup", Time since last: 1000205958 ns, Reaching safepoint: 228934 ns, At safepoint: 17620 ns, Total: 246554 ns
[2020-12-14T04:06:59.230+0000][6][safepoint    ] Safepoint "Cleanup", Time since last: 1000177407 ns, Reaching safepoint: 232607 ns, At safepoint: 18684 ns, Total: 251291 ns
[2020-12-14T04:07:00.230+0000][6][safepoint    ] Safepoint "Cleanup", Time since last: 1000201909 ns, Reaching safepoint: 273794 ns, At safepoint: 25634 ns, Total: 299428 ns
[2020-12-14T04:07:01.231+0000][6][safepoint    ] Safepoint "Cleanup", Time since last: 1000191753 ns, Reaching safepoint: 253125 ns, At safepoint: 20365 ns, Total: 273490 ns
[2020-12-14T04:07:02.231+0000][6][safepoint    ] Safepoint "Cleanup", Time since last: 1000194121 ns, Reaching safepoint: 250607 ns, At safepoint: 19028 ns, Total: 269635 ns
[2020-12-14T04:07:03.232+0000][6][safepoint    ] Safepoint "Cleanup", Time since last: 1000221243 ns, Reaching safepoint: 257945 ns, At safepoint: 18594 ns, Total: 276539 ns
[2020-12-14T04:07:04.232+0000][6][safepoint    ] Safepoint "Cleanup", Time since last: 1000197135 ns, Reaching safepoint: 256962 ns, At safepoint: 18747 ns, Total: 275709 ns
[2020-12-14T04:07:05.233+0000][6][safepoint    ] Safepoint "Cleanup", Time since last: 1000193237 ns, Reaching safepoint: 253982 ns, At safepoint: 19145 ns, Total: 273127 ns
[2020-12-14T04:07:06.233+0000][6][safepoint    ] Safepoint "Cleanup", Time since last: 1000174743 ns, Reaching safepoint: 238604 ns, At safepoint: 17600 ns, Total: 256204 ns
[2020-12-14T04:07:07.234+0000][6][safepoint    ] Safepoint "Cleanup", Time since last: 1000187660 ns, Reaching safepoint: 232417 ns, At safepoint: 18914 ns, Total: 251331 ns
[2020-12-14T04:07:08.234+0000][6][safepoint    ] Safepoint "Cleanup", Time since last: 1000189289 ns, Reaching safepoint: 231459 ns, At safepoint: 18528 ns, Total: 249987 ns
[2020-12-14T04:07:09.234+0000][6][safepoint    ] Safepoint "Cleanup", Time since last: 1000182499 ns, Reaching safepoint: 220431 ns, At safepoint: 18467 ns, Total: 238898 ns
[2020-12-14T04:07:10.235+0000][6][safepoint    ] Safepoint "Cleanup", Time since last: 1000182159 ns, Reaching safepoint: 239036 ns, At safepoint: 17813 ns, Total: 256849 ns
[2020-12-14T04:07:11.235+0000][6][safepoint    ] Safepoint "Cleanup", Time since last: 1000190799 ns, Reaching safepoint: 238676 ns, At safepoint: 17742 ns, Total: 256418 ns
[2020-12-14T04:07:12.236+0000][6][safepoint    ] Safepoint "Cleanup", Time since last: 1000177311 ns, Reaching safepoint: 232274 ns, At safepoint: 30659 ns, Total: 262933 ns
[2020-12-14T04:07:13.236+0000][6][safepoint    ] Safepoint "Cleanup", Time since last: 1000178580 ns, Reaching safepoint: 243059 ns, At safepoint: 18771 ns, Total: 261830 ns
[2020-12-14T04:07:14.237+0000][6][safepoint    ] Safepoint "Cleanup", Time since last: 1000197863 ns, Reaching safepoint: 227163 ns, At safepoint: 18261 ns, Total: 245424 ns
[2020-12-14T04:07:15.237+0000][6][safepoint    ] Safepoint "Cleanup", Time since last: 1000184829 ns, Reaching safepoint: 214026 ns, At safepoint: 19088 ns, Total: 233114 ns
[2020-12-14T04:07:16.237+0000][6][safepoint    ] Safepoint "Cleanup", Time since last: 1000199233 ns, Reaching safepoint: 219173 ns, At safepoint: 18377 ns, Total: 237550 ns
[2020-12-14T04:07:17.238+0000][6][safepoint    ] Safepoint "Cleanup", Time since last: 1000183756 ns, Reaching safepoint: 232113 ns, At safepoint: 18914 ns, Total: 251027 ns
[2020-12-14T04:07:18.238+0000][6][safepoint    ] Safepoint "Cleanup", Time since last: 1000196319 ns, Reaching safepoint: 223532 ns, At safepoint: 18287 ns, Total: 241819 ns
[2020-12-14T04:07:19.239+0000][6][safepoint    ] Safepoint "Cleanup", Time since last: 1000159644 ns, Reaching safepoint: 227374 ns, At safepoint: 19018 ns, Total: 246392 ns
[2020-12-14T04:07:20.239+0000][6][safepoint    ] Safepoint "Cleanup", Time since last: 1000185458 ns, Reaching safepoint: 254046 ns, At safepoint: 18861 ns, Total: 272907 ns
[2020-12-14T04:07:21.240+0000][6][safepoint    ] Safepoint "Cleanup", Time since last: 1000184152 ns, Reaching safepoint: 253092 ns, At safepoint: 19098 ns, Total: 272190 ns
[2020-12-14T04:07:22.240+0000][6][safepoint    ] Safepoint "Cleanup", Time since last: 1000187171 ns, Reaching safepoint: 250837 ns, At safepoint: 18411 ns, Total: 269248 ns
[2020-12-14T04:07:23.241+0000][6][safepoint    ] Safepoint "Cleanup", Time since last: 1000186315 ns, Reaching safepoint: 231340 ns, At safepoint: 18684 ns, Total: 250024 ns
[2020-12-14T04:07:24.241+0000][6][safepoint    ] Safepoint "Cleanup", Time since last: 1000182474 ns, Reaching safepoint: 228568 ns, At safepoint: 19068 ns, Total: 247636 ns
[2020-12-14T04:07:25.241+0000][6][safepoint    ] Safepoint "Cleanup", Time since last: 1000184562 ns, Reaching safepoint: 226103 ns, At safepoint: 18841 ns, Total: 244944 ns
[2020-12-14T04:07:26.242+0000][6][safepoint    ] Safepoint "Cleanup", Time since last: 1000193496 ns, Reaching safepoint: 251532 ns, At safepoint: 20191 ns, Total: 271723 ns
[2020-12-14T04:07:27.242+0000][6][safepoint    ] Safepoint "Cleanup", Time since last: 1000188524 ns, Reaching safepoint: 250341 ns, At safepoint: 18647 ns, Total: 268988 ns
[2020-12-14T04:07:28.243+0000][6][safepoint    ] Safepoint "Cleanup", Time since last: 1000173906 ns, Reaching safepoint: 217498 ns, At safepoint: 18574 ns, Total: 236072 ns
[2020-12-14T04:07:29.243+0000][6][safepoint    ] Safepoint "Cleanup", Time since last: 1000180904 ns, Reaching safepoint: 252858 ns, At safepoint: 19605 ns, Total: 272463 ns
[2020-12-14T04:07:30.244+0000][6][safepoint    ] Safepoint "Cleanup", Time since last: 1000192276 ns, Reaching safepoint: 242629 ns, At safepoint: 18128 ns, Total: 260757 ns
[2020-12-14T04:07:32.137+0000][6][safepoint    ] Safepoint "Cleanup", Time since last: 1892696822 ns, Reaching safepoint: 250954 ns, At safepoint: 16930 ns, Total: 267884 ns
[2020-12-14T04:07:33.137+0000][6][safepoint    ] Safepoint "Cleanup", Time since last: 1000183034 ns, Reaching safepoint: 230539 ns, At safepoint: 19374 ns, Total: 249913 ns
[2020-12-14T04:07:34.137+0000][6][safepoint    ] Safepoint "Cleanup", Time since last: 1000198183 ns, Reaching safepoint: 216175 ns, At safepoint: 19227 ns, Total: 235402 ns
[2020-12-14T04:07:35.329+0000][6][safepoint    ] Safepoint "Cleanup", Time since last: 1191128953 ns, Reaching safepoint: 231841 ns, At safepoint: 17068 ns, Total: 248909 ns
[2020-12-14T04:07:36.334+0000][6][safepoint    ] Safepoint "Cleanup", Time since last: 1004522122 ns, Reaching safepoint: 242863 ns, At safepoint: 18544 ns, Total: 261407 ns
[2020-12-14T04:07:37.334+0000][6][safepoint    ] Safepoint "Cleanup", Time since last: 1000187210 ns, Reaching safepoint: 214173 ns, At safepoint: 17194 ns, Total: 231367 ns
[2020-12-14T04:07:38.335+0000][6][safepoint    ] Safepoint "Cleanup", Time since last: 1000215199 ns, Reaching safepoint: 217385 ns, At safepoint: 18834 ns, Total: 236219 ns
[2020-12-14T04:07:39.335+0000][6][safepoint    ] Safepoint "Cleanup", Time since last: 1000183952 ns, Reaching safepoint: 239404 ns, At safepoint: 18454 ns, Total: 257858 ns
[2020-12-14T04:07:40.335+0000][6][safepoint    ] Safepoint "Cleanup", Time since last: 1000170013 ns, Reaching safepoint: 236523 ns, At safepoint: 17377 ns, Total: 253900 ns
[2020-12-14T04:07:41.336+0000][6][safepoint    ] Safepoint "Cleanup", Time since last: 1000182780 ns, Reaching safepoint: 230400 ns, At safepoint: 31130 ns, Total: 261530 ns
[2020-12-14T04:07:42.336+0000][6][safepoint    ] Safepoint "Cleanup", Time since last: 1000184816 ns, Reaching safepoint: 269959 ns, At safepoint: 18730 ns, Total: 288689 ns
[2020-12-14T04:07:43.337+0000][6][safepoint    ] Safepoint "Cleanup", Time since last: 1000167379 ns, Reaching safepoint: 244531 ns, At safepoint: 24624 ns, Total: 269155 ns
[2020-12-14T04:07:44.337+0000][6][safepoint    ] Safepoint "Cleanup", Time since last: 1000184249 ns, Reaching safepoint: 250591 ns, At safepoint: 17503 ns, Total: 268094 ns
[2020-12-14T04:07:45.338+0000][6][safepoint    ] Safepoint "Cleanup", Time since last: 1000189131 ns, Reaching safepoint: 231900 ns, At safepoint: 18724 ns, Total: 250624 ns
[2020-12-14T04:07:46.717+0000][6][safepoint    ] Safepoint "Cleanup", Time since last: 1379378425 ns, Reaching safepoint: 237026 ns, At safepoint: 21383 ns, Total: 258409 ns
[2020-12-14T04:07:47.718+0000][6][safepoint    ] Safepoint "Cleanup", Time since last: 1000187044 ns, Reaching safepoint: 249513 ns, At safepoint: 18781 ns, Total: 268294 ns
[2020-12-14T04:07:48.718+0000][6][safepoint    ] Safepoint "Cleanup", Time since last: 1000193907 ns, Reaching safepoint: 258560 ns, At safepoint: 16237 ns, Total: 274797 ns
[2020-12-14T04:07:49.719+0000][6][safepoint    ] Safepoint "Cleanup", Time since last: 1000182361 ns, Reaching safepoint: 236256 ns, At safepoint: 18731 ns, Total: 254987 ns
[2020-12-14T04:07:50.719+0000][6][safepoint    ] Safepoint "Cleanup", Time since last: 1000182687 ns, Reaching safepoint: 232514 ns, At safepoint: 17446 ns, Total: 249960 ns
[2020-12-14T04:07:51.720+0000][6][safepoint    ] Safepoint "Cleanup", Time since last: 1000244690 ns, Reaching safepoint: 234045 ns, At safepoint: 25097 ns, Total: 259142 ns
[2020-12-14T04:07:52.720+0000][6][safepoint    ] Safepoint "Cleanup", Time since last: 1000188995 ns, Reaching safepoint: 234471 ns, At safepoint: 18901 ns, Total: 253372 ns
[2020-12-14T04:07:53.720+0000][6][safepoint    ] Safepoint "Cleanup", Time since last: 1000226800 ns, Reaching safepoint: 239794 ns, At safepoint: 19298 ns, Total: 259092 ns
[2020-12-14T04:07:54.721+0000][6][safepoint    ] Safepoint "Cleanup", Time since last: 1000187837 ns, Reaching safepoint: 242486 ns, At safepoint: 19295 ns, Total: 261781 ns
[2020-12-14T04:07:55.721+0000][6][safepoint    ] Safepoint "Cleanup", Time since last: 1000192089 ns, Reaching safepoint: 227941 ns, At safepoint: 19238 ns, Total: 247179 ns
[2020-12-14T04:07:56.722+0000][6][safepoint    ] Safepoint "Cleanup", Time since last: 1000195375 ns, Reaching safepoint: 229668 ns, At safepoint: 18614 ns, Total: 248282 ns
[2020-12-14T04:07:57.722+0000][6][safepoint    ] Safepoint "Cleanup", Time since last: 1000193881 ns, Reaching safepoint: 274254 ns, At safepoint: 19118 ns, Total: 293372 ns
[2020-12-14T04:07:58.723+0000][6][safepoint    ] Safepoint "Cleanup", Time since last: 1000188989 ns, Reaching safepoint: 240831 ns, At safepoint: 19178 ns, Total: 260009 ns
[2020-12-14T04:07:59.723+0000][6][safepoint    ] Safepoint "Cleanup", Time since last: 1000189637 ns, Reaching safepoint: 260413 ns, At safepoint: 19175 ns, Total: 279588 ns
[2020-12-14T04:08:00.724+0000][6][safepoint    ] Safepoint "Cleanup", Time since last: 1000197458 ns, Reaching safepoint: 224212 ns, At safepoint: 17585 ns, Total: 241797 ns
[2020-12-14T04:08:01.724+0000][6][safepoint    ] Safepoint "Cleanup", Time since last: 1000183851 ns, Reaching safepoint: 234187 ns, At safepoint: 13417 ns, Total: 247604 ns
[2020-12-14T04:08:02.725+0000][6][safepoint    ] Safepoint "Cleanup", Time since last: 1000175365 ns, Reaching safepoint: 239491 ns, At safepoint: 19101 ns, Total: 258592 ns
[2020-12-14T04:08:03.725+0000][6][safepoint    ] Safepoint "Cleanup", Time since last: 1000189595 ns, Reaching safepoint: 233200 ns, At safepoint: 19982 ns, Total: 253182 ns
[2020-12-14T04:08:04.725+0000][6][safepoint    ] Safepoint "Cleanup", Time since last: 1000189521 ns, Reaching safepoint: 220349 ns, At safepoint: 18722 ns, Total: 239071 ns
[2020-12-14T04:08:05.726+0000][6][safepoint    ] Safepoint "Cleanup", Time since last: 1000186946 ns, Reaching safepoint: 245795 ns, At safepoint: 17680 ns, Total: 263475 ns
[2020-12-14T04:08:06.726+0000][6][safepoint    ] Safepoint "Cleanup", Time since last: 1000177181 ns, Reaching safepoint: 242006 ns, At safepoint: 17457 ns, Total: 259463 ns
[2020-12-14T04:08:07.727+0000][6][safepoint    ] Safepoint "Cleanup", Time since last: 1000185119 ns, Reaching safepoint: 225973 ns, At safepoint: 21822 ns, Total: 247795 ns
[2020-12-14T04:08:08.727+0000][6][safepoint    ] Safepoint "Cleanup", Time since last: 1000185927 ns, Reaching safepoint: 258445 ns, At safepoint: 17943 ns, Total: 276388 ns
[2020-12-14T04:08:09.728+0000][6][safepoint    ] Safepoint "Cleanup", Time since last: 1000185476 ns, Reaching safepoint: 249950 ns, At safepoint: 18865 ns, Total: 268815 ns
[2020-12-14T04:08:10.728+0000][6][safepoint    ] Safepoint "Cleanup", Time since last: 1000176226 ns, Reaching safepoint: 242356 ns, At safepoint: 30353 ns, Total: 272709 ns
[2020-12-14T04:08:11.729+0000][6][safepoint    ] Safepoint "Cleanup", Time since last: 1000178233 ns, Reaching safepoint: 257998 ns, At safepoint: 16613 ns, Total: 274611 ns
[2020-12-14T04:08:12.729+0000][6][safepoint    ] Safepoint "Cleanup", Time since last: 1000183178 ns, Reaching safepoint: 218633 ns, At safepoint: 19441 ns, Total: 238074 ns
[2020-12-14T04:08:13.729+0000][6][safepoint    ] Safepoint "Cleanup", Time since last: 1000188328 ns, Reaching safepoint: 245524 ns, At safepoint: 20562 ns, Total: 266086 ns
[2020-12-14T04:08:14.730+0000][6][safepoint    ] Safepoint "Cleanup", Time since last: 1000188163 ns, Reaching safepoint: 214730 ns, At safepoint: 19912 ns, Total: 234642 ns
[2020-12-14T04:08:15.730+0000][6][safepoint    ] Safepoint "Cleanup", Time since last: 1000187523 ns, Reaching safepoint: 246322 ns, At safepoint: 17894 ns, Total: 264216 ns
[2020-12-14T04:08:16.731+0000][6][safepoint    ] Safepoint "Cleanup", Time since last: 1000185542 ns, Reaching safepoint: 233464 ns, At safepoint: 18084 ns, Total: 251548 ns
[2020-12-14T04:08:17.731+0000][6][safepoint    ] Safepoint "Cleanup", Time since last: 1000183037 ns, Reaching safepoint: 335918 ns, At safepoint: 17789 ns, Total: 353707 ns
[2020-12-14T04:08:18.732+0000][6][safepoint    ] Safepoint "Cleanup", Time since last: 1000180010 ns, Reaching safepoint: 221931 ns, At safepoint: 18154 ns, Total: 240085 ns
[2020-12-14T04:08:19.732+0000][6][safepoint    ] Safepoint "Cleanup", Time since last: 1000182527 ns, Reaching safepoint: 296981 ns, At safepoint: 19597 ns, Total: 316578 ns
[2020-12-14T04:08:20.733+0000][6][safepoint    ] Safepoint "Cleanup", Time since last: 1000186163 ns, Reaching safepoint: 211658 ns, At safepoint: 18064 ns, Total: 229722 ns
[2020-12-14T04:08:21.733+0000][6][safepoint    ] Safepoint "Cleanup", Time since last: 1000186543 ns, Reaching safepoint: 240169 ns, At safepoint: 17090 ns, Total: 257259 ns
[2020-12-14T04:08:22.733+0000][6][safepoint    ] Safepoint "Cleanup", Time since last: 1000204812 ns, Reaching safepoint: 229295 ns, At safepoint: 20549 ns, Total: 249844 ns
[2020-12-14T04:08:23.734+0000][6][safepoint    ] Safepoint "Cleanup", Time since last: 1000186863 ns, Reaching safepoint: 226637 ns, At safepoint: 18948 ns, Total: 245585 ns
[2020-12-14T04:08:24.734+0000][6][safepoint    ] Safepoint "Cleanup", Time since last: 1000168357 ns, Reaching safepoint: 246231 ns, At safepoint: 18381 ns, Total: 264612 ns
[2020-12-14T04:08:25.735+0000][6][safepoint    ] Safepoint "Cleanup", Time since last: 1000170843 ns, Reaching safepoint: 237757 ns, At safepoint: 30208 ns, Total: 267965 ns
[2020-12-14T04:08:26.735+0000][6][safepoint    ] Safepoint "Cleanup", Time since last: 1000184578 ns, Reaching safepoint: 267414 ns, At safepoint: 17121 ns, Total: 284535 ns
[2020-12-14T04:08:27.736+0000][6][safepoint    ] Safepoint "Cleanup", Time since last: 1000186258 ns, Reaching safepoint: 230149 ns, At safepoint: 18157 ns, Total: 248306 ns
[2020-12-14T04:08:28.736+0000][6][safepoint    ] Safepoint "Cleanup", Time since last: 1000195257 ns, Reaching safepoint: 262671 ns, At safepoint: 19195 ns, Total: 281866 ns
[2020-12-14T04:08:29.737+0000][6][safepoint    ] Safepoint "Cleanup", Time since last: 1000196066 ns, Reaching safepoint: 216962 ns, At safepoint: 17235 ns, Total: 234197 ns
[2020-12-14T04:08:30.737+0000][6][safepoint    ] Safepoint "Cleanup", Time since last: 1000176870 ns, Reaching safepoint: 244438 ns, At safepoint: 20628 ns, Total: 265066 ns
[2020-12-14T04:08:31.187+0000][6][safepoint    ] Safepoint "BulkRevokeBias", Time since last: 449309889 ns, Reaching safepoint: 177682 ns, At safepoint: 905666 ns, Total: 1083348 ns
[2020-12-14T04:08:32.202+0000][6][safepoint    ] Safepoint "Cleanup", Time since last: 1014673199 ns, Reaching safepoint: 266267 ns, At safepoint: 19231 ns, Total: 285498 ns
[2020-12-14T04:08:33.203+0000][6][safepoint    ] Safepoint "Cleanup", Time since last: 1000186616 ns, Reaching safepoint: 226680 ns, At safepoint: 19758 ns, Total: 246438 ns
[2020-12-14T04:08:34.203+0000][6][safepoint    ] Safepoint "Cleanup", Time since last: 1000190099 ns, Reaching safepoint: 251355 ns, At safepoint: 25708 ns, Total: 277063 ns
[2020-12-14T04:08:35.204+0000][6][safepoint    ] Safepoint "Cleanup", Time since last: 1000187980 ns, Reaching safepoint: 256691 ns, At safepoint: 18437 ns, Total: 275128 ns
[2020-12-14T04:08:35.386+0000][6][safepoint    ] Safepoint "BulkRevokeBias", Time since last: 180785360 ns, Reaching safepoint: 212345 ns, At safepoint: 1027425 ns, Total: 1239770 ns
[2020-12-14T04:08:37.385+0000][6][safepoint    ] Safepoint "Cleanup", Time since last: 1999130347 ns, Reaching safepoint: 259036 ns, At safepoint: 19178 ns, Total: 278214 ns
[2020-12-14T04:08:38.386+0000][6][safepoint    ] Safepoint "Cleanup", Time since last: 1000205867 ns, Reaching safepoint: 245862 ns, At safepoint: 21212 ns, Total: 267074 ns
[2020-12-14T04:08:39.386+0000][6][safepoint    ] Safepoint "Cleanup", Time since last: 1000186587 ns, Reaching safepoint: 225813 ns, At safepoint: 19648 ns, Total: 245461 ns
[2020-12-14T04:08:40.387+0000][6][safepoint    ] Safepoint "Cleanup", Time since last: 1000201437 ns, Reaching safepoint: 255317 ns, At safepoint: 21002 ns, Total: 276319 ns
[2020-12-14T04:08:41.387+0000][6][safepoint    ] Safepoint "Cleanup", Time since last: 1000181550 ns, Reaching safepoint: 203491 ns, At safepoint: 18904 ns, Total: 222395 ns
[2020-12-14T04:08:42.387+0000][6][safepoint    ] Safepoint "Cleanup", Time since last: 1000172335 ns, Reaching safepoint: 232033 ns, At safepoint: 18144 ns, Total: 250177 ns
[2020-12-14T04:08:43.388+0000][6][safepoint    ] Safepoint "Cleanup", Time since last: 1000187980 ns, Reaching safepoint: 242623 ns, At safepoint: 19191 ns, Total: 261814 ns
[2020-12-14T04:08:44.388+0000][6][safepoint    ] Safepoint "Cleanup", Time since last: 1000186516 ns, Reaching safepoint: 238177 ns, At safepoint: 21026 ns, Total: 259203 ns
[2020-12-14T04:08:45.389+0000][6][safepoint    ] Safepoint "Cleanup", Time since last: 1000189885 ns, Reaching safepoint: 264609 ns, At safepoint: 20148 ns, Total: 284757 ns
[2020-12-14T04:08:46.389+0000][6][safepoint    ] Safepoint "Cleanup", Time since last: 1000188977 ns, Reaching safepoint: 248276 ns, At safepoint: 20299 ns, Total: 268575 ns
[2020-12-14T04:08:46.710+0000][6][safepoint    ] Safepoint "BulkRevokeBias", Time since last: 318758191 ns, Reaching safepoint: 276008 ns, At safepoint: 1399722 ns, Total: 1675730 ns
[2020-12-14T04:08:47.711+0000][6][safepoint    ] Safepoint "Cleanup", Time since last: 1000664834 ns, Reaching safepoint: 240753 ns, At safepoint: 17776 ns, Total: 258529 ns
[2020-12-14T04:08:48.711+0000][6][safepoint    ] Safepoint "Cleanup", Time since last: 1000186559 ns, Reaching safepoint: 226150 ns, At safepoint: 17047 ns, Total: 243197 ns
[2020-12-14T04:08:49.711+0000][6][safepoint    ] Safepoint "Cleanup", Time since last: 1000170593 ns, Reaching safepoint: 225564 ns, At safepoint: 18912 ns, Total: 244476 ns
[2020-12-14T04:08:50.712+0000][6][safepoint    ] Safepoint "Cleanup", Time since last: 1000196094 ns, Reaching safepoint: 218069 ns, At safepoint: 18097 ns, Total: 236166 ns
[2020-12-14T04:08:51.712+0000][6][safepoint    ] Safepoint "Cleanup", Time since last: 1000242736 ns, Reaching safepoint: 223501 ns, At safepoint: 21495 ns, Total: 244996 ns
[2020-12-14T04:08:52.713+0000][6][safepoint    ] Safepoint "Cleanup", Time since last: 1000186307 ns, Reaching safepoint: 216880 ns, At safepoint: 17835 ns, Total: 234715 ns
[2020-12-14T04:08:53.713+0000][6][safepoint    ] Safepoint "Cleanup", Time since last: 1000196014 ns, Reaching safepoint: 228245 ns, At safepoint: 18266 ns, Total: 246511 ns
[2020-12-14T04:08:54.714+0000][6][safepoint    ] Safepoint "Cleanup", Time since last: 1000189092 ns, Reaching safepoint: 219943 ns, At safepoint: 19919 ns, Total: 239862 ns
[2020-12-14T04:08:55.714+0000][6][safepoint    ] Safepoint "Cleanup", Time since last: 1000183162 ns, Reaching safepoint: 217642 ns, At safepoint: 31470 ns, Total: 249112 ns
[2020-12-14T04:08:56.715+0000][6][safepoint    ] Safepoint "Cleanup", Time since last: 1000184048 ns, Reaching safepoint: 232250 ns, At safepoint: 18311 ns, Total: 250561 ns
[2020-12-14T04:08:57.715+0000][6][safepoint    ] Safepoint "Cleanup", Time since last: 1000188507 ns, Reaching safepoint: 222915 ns, At safepoint: 18741 ns, Total: 241656 ns
[2020-12-14T04:08:58.715+0000][6][safepoint    ] Safepoint "Cleanup", Time since last: 1000192673 ns, Reaching safepoint: 218199 ns, At safepoint: 18504 ns, Total: 236703 ns
[2020-12-14T04:08:59.716+0000][6][safepoint    ] Safepoint "Cleanup", Time since last: 1000188291 ns, Reaching safepoint: 221541 ns, At safepoint: 18904 ns, Total: 240445 ns
[2020-12-14T04:09:00.716+0000][6][safepoint    ] Safepoint "Cleanup", Time since last: 1000212501 ns, Reaching safepoint: 248416 ns, At safepoint: 19781 ns, Total: 268197 ns
[2020-12-14T04:09:01.717+0000][6][safepoint    ] Safepoint "Cleanup", Time since last: 1000188744 ns, Reaching safepoint: 258386 ns, At safepoint: 19211 ns, Total: 277597 ns
[2020-12-14T04:09:02.717+0000][6][safepoint    ] Safepoint "Cleanup", Time since last: 1000186209 ns, Reaching safepoint: 255104 ns, At safepoint: 17933 ns, Total: 273037 ns
[2020-12-14T04:09:03.718+0000][6][safepoint    ] Safepoint "Cleanup", Time since last: 1000185609 ns, Reaching safepoint: 226557 ns, At safepoint: 18905 ns, Total: 245462 ns
[2020-12-14T04:09:04.718+0000][6][safepoint    ] Safepoint "Cleanup", Time since last: 1000189904 ns, Reaching safepoint: 250314 ns, At safepoint: 17827 ns, Total: 268141 ns
[2020-12-14T04:09:05.719+0000][6][safepoint    ] Safepoint "Cleanup", Time since last: 1000148071 ns, Reaching safepoint: 261844 ns, At safepoint: 18804 ns, Total: 280648 ns
[2020-12-14T04:09:06.719+0000][6][safepoint    ] Safepoint "Cleanup", Time since last: 1000179552 ns, Reaching safepoint: 248663 ns, At safepoint: 17656 ns, Total: 266319 ns
[2020-12-14T04:09:07.719+0000][6][safepoint    ] Safepoint "Cleanup", Time since last: 1000188205 ns, Reaching safepoint: 242843 ns, At safepoint: 18574 ns, Total: 261417 ns
[2020-12-14T04:09:08.720+0000][6][safepoint    ] Safepoint "Cleanup", Time since last: 1000191175 ns, Reaching safepoint: 229363 ns, At safepoint: 17530 ns, Total: 246893 ns
[2020-12-14T04:09:09.720+0000][6][safepoint    ] Safepoint "Cleanup", Time since last: 1000185902 ns, Reaching safepoint: 261804 ns, At safepoint: 18637 ns, Total: 280441 ns
[2020-12-14T04:09:11.608+0000][6][safepoint    ] Safepoint "Cleanup", Time since last: 1887894068 ns, Reaching safepoint: 233138 ns, At safepoint: 19318 ns, Total: 252456 ns
[2020-12-14T04:09:12.609+0000][6][safepoint    ] Safepoint "Cleanup", Time since last: 1000189480 ns, Reaching safepoint: 248099 ns, At safepoint: 18631 ns, Total: 266730 ns
[2020-12-14T04:09:13.609+0000][6][safepoint    ] Safepoint "Cleanup", Time since last: 1000191179 ns, Reaching safepoint: 228915 ns, At safepoint: 18624 ns, Total: 247539 ns
[2020-12-14T04:09:14.610+0000][6][safepoint    ] Safepoint "Cleanup", Time since last: 1000189360 ns, Reaching safepoint: 244649 ns, At safepoint: 21032 ns, Total: 265681 ns
[2020-12-14T04:09:15.610+0000][6][safepoint    ] Safepoint "Cleanup", Time since last: 1000180583 ns, Reaching safepoint: 222825 ns, At safepoint: 25761 ns, Total: 248586 ns
[2020-12-14T04:09:16.611+0000][6][safepoint    ] Safepoint "Cleanup", Time since last: 1000182888 ns, Reaching safepoint: 224509 ns, At safepoint: 19524 ns, Total: 244033 ns
[2020-12-14T04:09:17.611+0000][6][safepoint    ] Safepoint "Cleanup", Time since last: 1000187154 ns, Reaching safepoint: 378851 ns, At safepoint: 21059 ns, Total: 399910 ns
[2020-12-14T04:09:18.612+0000][6][safepoint    ] Safepoint "Cleanup", Time since last: 1000190892 ns, Reaching safepoint: 230629 ns, At safepoint: 19067 ns, Total: 249696 ns
[2020-12-14T04:09:19.612+0000][6][safepoint    ] Safepoint "Cleanup", Time since last: 1000188568 ns, Reaching safepoint: 263638 ns, At safepoint: 19762 ns, Total: 283400 ns
[2020-12-14T04:09:20.613+0000][6][safepoint    ] Safepoint "Cleanup", Time since last: 1000190525 ns, Reaching safepoint: 220553 ns, At safepoint: 18941 ns, Total: 239494 ns
[2020-12-14T04:09:21.613+0000][6][safepoint    ] Safepoint "Cleanup", Time since last: 1000192790 ns, Reaching safepoint: 226497 ns, At safepoint: 18811 ns, Total: 245308 ns
[2020-12-14T04:09:22.614+0000][6][safepoint    ] Safepoint "Cleanup", Time since last: 1000208929 ns, Reaching safepoint: 248086 ns, At safepoint: 18384 ns, Total: 266470 ns
[2020-12-14T04:09:23.614+0000][6][safepoint    ] Safepoint "Cleanup", Time since last: 1000186213 ns, Reaching safepoint: 232697 ns, At safepoint: 18261 ns, Total: 250958 ns
[2020-12-14T04:09:24.614+0000][6][safepoint    ] Safepoint "Cleanup", Time since last: 1000188163 ns, Reaching safepoint: 234368 ns, At safepoint: 20509 ns, Total: 254877 ns
[2020-12-14T04:09:25.615+0000][6][safepoint    ] Safepoint "Cleanup", Time since last: 1000208212 ns, Reaching safepoint: 236185 ns, At safepoint: 17983 ns, Total: 254168 ns
[2020-12-14T04:09:26.615+0000][6][safepoint    ] Safepoint "Cleanup", Time since last: 1000187858 ns, Reaching safepoint: 256704 ns, At safepoint: 20126 ns, Total: 276830 ns
[2020-12-14T04:09:27.616+0000][6][safepoint    ] Safepoint "Cleanup", Time since last: 1000187580 ns, Reaching safepoint: 237608 ns, At safepoint: 18337 ns, Total: 255945 ns
[2020-12-14T04:09:28.616+0000][6][safepoint    ] Safepoint "Cleanup", Time since last: 1000187919 ns, Reaching safepoint: 261199 ns, At safepoint: 18254 ns, Total: 279453 ns
[2020-12-14T04:09:29.617+0000][6][safepoint    ] Safepoint "Cleanup", Time since last: 1000186101 ns, Reaching safepoint: 234241 ns, At safepoint: 20229 ns, Total: 254470 ns
[2020-12-14T04:09:30.617+0000][6][safepoint    ] Safepoint "Cleanup", Time since last: 1000193126 ns, Reaching safepoint: 277353 ns, At safepoint: 24397 ns, Total: 301750 ns
[2020-12-14T04:09:32.259+0000][6][safepoint    ] Safepoint "Cleanup", Time since last: 1641207926 ns, Reaching safepoint: 247188 ns, At safepoint: 16736 ns, Total: 263924 ns
[2020-12-14T04:09:33.259+0000][6][safepoint    ] Safepoint "Cleanup", Time since last: 1000176823 ns, Reaching safepoint: 226900 ns, At safepoint: 55081 ns, Total: 281981 ns
[2020-12-14T04:09:34.260+0000][6][safepoint    ] Safepoint "Cleanup", Time since last: 1000186816 ns, Reaching safepoint: 237040 ns, At safepoint: 17457 ns, Total: 254497 ns
[2020-12-14T04:09:35.260+0000][6][safepoint    ] Safepoint "Cleanup", Time since last: 1000181863 ns, Reaching safepoint: 234128 ns, At safepoint: 18387 ns, Total: 252515 ns
[2020-12-14T04:09:36.419+0000][6][safepoint    ] Safepoint "Cleanup", Time since last: 1158345479 ns, Reaching safepoint: 240482 ns, At safepoint: 19197 ns, Total: 259679 ns
[2020-12-14T04:09:37.419+0000][6][safepoint    ] Safepoint "Cleanup", Time since last: 1000184277 ns, Reaching safepoint: 230469 ns, At safepoint: 17780 ns, Total: 248249 ns
[2020-12-14T04:09:38.419+0000][6][safepoint    ] Safepoint "Cleanup", Time since last: 1000215129 ns, Reaching safepoint: 237143 ns, At safepoint: 19161 ns, Total: 256304 ns
[2020-12-14T04:09:39.420+0000][6][safepoint    ] Safepoint "Cleanup", Time since last: 1000187896 ns, Reaching safepoint: 234645 ns, At safepoint: 19041 ns, Total: 253686 ns
[2020-12-14T04:09:40.420+0000][6][safepoint    ] Safepoint "Cleanup", Time since last: 1000193826 ns, Reaching safepoint: 238673 ns, At safepoint: 19241 ns, Total: 257914 ns
[2020-12-14T04:09:41.421+0000][6][safepoint    ] Safepoint "Cleanup", Time since last: 1000189728 ns, Reaching safepoint: 234809 ns, At safepoint: 18947 ns, Total: 253756 ns
[2020-12-14T04:09:42.421+0000][6][safepoint    ] Safepoint "Cleanup", Time since last: 1000181759 ns, Reaching safepoint: 248957 ns, At safepoint: 19057 ns, Total: 268014 ns
[2020-12-14T04:09:43.422+0000][6][safepoint    ] Safepoint "Cleanup", Time since last: 1000190860 ns, Reaching safepoint: 229292 ns, At safepoint: 18927 ns, Total: 248219 ns
[2020-12-14T04:09:44.422+0000][6][safepoint    ] Safepoint "Cleanup", Time since last: 1000189808 ns, Reaching safepoint: 265389 ns, At safepoint: 19294 ns, Total: 284683 ns
[2020-12-14T04:09:45.423+0000][6][safepoint    ] Safepoint "Cleanup", Time since last: 1000184722 ns, Reaching safepoint: 238874 ns, At safepoint: 18888 ns, Total: 257762 ns
[2020-12-14T04:09:46.423+0000][6][safepoint    ] Safepoint "Cleanup", Time since last: 1000188605 ns, Reaching safepoint: 232684 ns, At safepoint: 38885 ns, Total: 271569 ns
[2020-12-14T04:09:47.424+0000][6][safepoint    ] Safepoint "Cleanup", Time since last: 1000188434 ns, Reaching safepoint: 232534 ns, At safepoint: 18938 ns, Total: 251472 ns
[2020-12-14T04:09:48.710+0000][6][safepoint    ] Safepoint "Cleanup", Time since last: 1286077435 ns, Reaching safepoint: 235702 ns, At safepoint: 20275 ns, Total: 255977 ns
[2020-12-14T04:09:49.710+0000][6][safepoint    ] Safepoint "Cleanup", Time since last: 1000220419 ns, Reaching safepoint: 229635 ns, At safepoint: 20849 ns, Total: 250484 ns
[2020-12-14T04:09:50.711+0000][6][safepoint    ] Safepoint "Cleanup", Time since last: 1000152020 ns, Reaching safepoint: 215704 ns, At safepoint: 19781 ns, Total: 235485 ns
[2020-12-14T04:09:51.711+0000][6][safepoint    ] Safepoint "Cleanup", Time since last: 1000189028 ns, Reaching safepoint: 333785 ns, At safepoint: 19371 ns, Total: 353156 ns
[2020-12-14T04:09:52.712+0000][6][safepoint    ] Safepoint "Cleanup", Time since last: 1000189841 ns, Reaching safepoint: 229456 ns, At safepoint: 18944 ns, Total: 248400 ns
[2020-12-14T04:09:53.712+0000][6][safepoint    ] Safepoint "Cleanup", Time since last: 1000194931 ns, Reaching safepoint: 263915 ns, At safepoint: 19614 ns, Total: 283529 ns
[2020-12-14T04:09:54.713+0000][6][safepoint    ] Safepoint "Cleanup", Time since last: 1000189982 ns, Reaching safepoint: 250034 ns, At safepoint: 18831 ns, Total: 268865 ns
[2020-12-14T04:09:55.713+0000][6][safepoint    ] Safepoint "Cleanup", Time since last: 1000188397 ns, Reaching safepoint: 240659 ns, At safepoint: 20168 ns, Total: 260827 ns
[2020-12-14T04:09:56.714+0000][6][safepoint    ] Safepoint "Cleanup", Time since last: 1000198550 ns, Reaching safepoint: 238497 ns, At safepoint: 20222 ns, Total: 258719 ns
[2020-12-14T04:09:57.714+0000][6][safepoint    ] Safepoint "Cleanup", Time since last: 1000187463 ns, Reaching safepoint: 238607 ns, At safepoint: 19398 ns, Total: 258005 ns
[2020-12-14T04:09:58.714+0000][6][safepoint    ] Safepoint "Cleanup", Time since last: 1000183009 ns, Reaching safepoint: 237726 ns, At safepoint: 19818 ns, Total: 257544 ns
[2020-12-14T04:09:59.715+0000][6][safepoint    ] Safepoint "Cleanup", Time since last: 1000201472 ns, Reaching safepoint: 242739 ns, At safepoint: 19258 ns, Total: 261997 ns
[2020-12-14T04:10:00.715+0000][6][safepoint    ] Safepoint "Cleanup", Time since last: 1000190365 ns, Reaching safepoint: 236019 ns, At safepoint: 18931 ns, Total: 254950 ns
[2020-12-14T04:10:01.716+0000][6][safepoint    ] Safepoint "Cleanup", Time since last: 1000142120 ns, Reaching safepoint: 175208 ns, At safepoint: 12547 ns, Total: 187755 ns
[2020-12-14T04:10:02.716+0000][6][safepoint    ] Safepoint "Cleanup", Time since last: 1000168459 ns, Reaching safepoint: 263225 ns, At safepoint: 19945 ns, Total: 283170 ns
[2020-12-14T04:10:03.717+0000][6][safepoint    ] Safepoint "Cleanup", Time since last: 1000190748 ns, Reaching safepoint: 234952 ns, At safepoint: 18727 ns, Total: 253679 ns
[2020-12-14T04:10:04.717+0000][6][safepoint    ] Safepoint "Cleanup", Time since last: 1000198824 ns, Reaching safepoint: 267894 ns, At safepoint: 18297 ns, Total: 286191 ns
[2020-12-14T04:10:05.718+0000][6][safepoint    ] Safepoint "Cleanup", Time since last: 1000214563 ns, Reaching safepoint: 269741 ns, At safepoint: 20706 ns, Total: 290447 ns
[2020-12-14T04:10:06.718+0000][6][safepoint    ] Safepoint "Cleanup", Time since last: 1000180837 ns, Reaching safepoint: 227448 ns, At safepoint: 18437 ns, Total: 245885 ns
[2020-12-14T04:10:07.718+0000][6][safepoint    ] Safepoint "Cleanup", Time since last: 1000201660 ns, Reaching safepoint: 230016 ns, At safepoint: 18467 ns, Total: 248483 ns
[2020-12-14T04:10:08.719+0000][6][safepoint    ] Safepoint "Cleanup", Time since last: 1000186176 ns, Reaching safepoint: 225356 ns, At safepoint: 19695 ns, Total: 245051 ns
[2020-12-14T04:10:09.719+0000][6][safepoint    ] Safepoint "Cleanup", Time since last: 1000218501 ns, Reaching safepoint: 225820 ns, At safepoint: 20045 ns, Total: 245865 ns
[2020-12-14T04:10:10.720+0000][6][safepoint    ] Safepoint "Cleanup", Time since last: 1000184175 ns, Reaching safepoint: 231457 ns, At safepoint: 17977 ns, Total: 249434 ns
[2020-12-14T04:10:11.720+0000][6][safepoint    ] Safepoint "Cleanup", Time since last: 1000180823 ns, Reaching safepoint: 244117 ns, At safepoint: 18197 ns, Total: 262314 ns
[2020-12-14T04:10:12.721+0000][6][safepoint    ] Safepoint "Cleanup", Time since last: 1000188644 ns, Reaching safepoint: 222930 ns, At safepoint: 18220 ns, Total: 241150 ns
[2020-12-14T04:10:13.721+0000][6][safepoint    ] Safepoint "Cleanup", Time since last: 1000203825 ns, Reaching safepoint: 255144 ns, At safepoint: 19668 ns, Total: 274812 ns
[2020-12-14T04:10:14.722+0000][6][safepoint    ] Safepoint "Cleanup", Time since last: 1000184057 ns, Reaching safepoint: 248103 ns, At safepoint: 19471 ns, Total: 267574 ns
[2020-12-14T04:10:15.722+0000][6][safepoint    ] Safepoint "Cleanup", Time since last: 1000163358 ns, Reaching safepoint: 219406 ns, At safepoint: 17829 ns, Total: 237235 ns
[2020-12-14T04:10:16.722+0000][6][safepoint    ] Safepoint "Cleanup", Time since last: 1000182711 ns, Reaching safepoint: 230372 ns, At safepoint: 19238 ns, Total: 249610 ns
[2020-12-14T04:10:17.723+0000][6][safepoint    ] Safepoint "Cleanup", Time since last: 1000190372 ns, Reaching safepoint: 244320 ns, At safepoint: 19378 ns, Total: 263698 ns
[2020-12-14T04:10:18.723+0000][6][safepoint    ] Safepoint "Cleanup", Time since last: 1000190762 ns, Reaching safepoint: 255053 ns, At safepoint: 19321 ns, Total: 274374 ns
[2020-12-14T04:10:19.724+0000][6][safepoint    ] Safepoint "Cleanup", Time since last: 1000188975 ns, Reaching safepoint: 231577 ns, At safepoint: 17466 ns, Total: 249043 ns
[2020-12-14T04:10:20.724+0000][6][safepoint    ] Safepoint "Cleanup", Time since last: 1000197146 ns, Reaching safepoint: 238477 ns, At safepoint: 19324 ns, Total: 257801 ns
[2020-12-14T04:10:21.725+0000][6][safepoint    ] Safepoint "Cleanup", Time since last: 1000182397 ns, Reaching safepoint: 262453 ns, At safepoint: 17965 ns, Total: 280418 ns
[2020-12-14T04:10:22.725+0000][6][safepoint    ] Safepoint "Cleanup", Time since last: 1000186283 ns, Reaching safepoint: 323049 ns, At safepoint: 19765 ns, Total: 342814 ns
[2020-12-14T04:10:23.726+0000][6][safepoint    ] Safepoint "Cleanup", Time since last: 1000191022 ns, Reaching safepoint: 235729 ns, At safepoint: 19261 ns, Total: 254990 ns
[2020-12-14T04:10:24.726+0000][6][safepoint    ] Safepoint "Cleanup", Time since last: 1000189065 ns, Reaching safepoint: 286499 ns, At safepoint: 17933 ns, Total: 304432 ns
[2020-12-14T04:10:25.727+0000][6][safepoint    ] Safepoint "Cleanup", Time since last: 1000184381 ns, Reaching safepoint: 215001 ns, At safepoint: 18807 ns, Total: 233808 ns
[2020-12-14T04:10:26.727+0000][6][safepoint    ] Safepoint "Cleanup", Time since last: 1000192183 ns, Reaching safepoint: 251578 ns, At safepoint: 17383 ns, Total: 268961 ns
[2020-12-14T04:10:27.727+0000][6][safepoint    ] Safepoint "Cleanup", Time since last: 1000208105 ns, Reaching safepoint: 228295 ns, At safepoint: 17637 ns, Total: 245932 ns
[2020-12-14T04:10:28.728+0000][6][safepoint    ] Safepoint "Cleanup", Time since last: 1000183244 ns, Reaching safepoint: 233384 ns, At safepoint: 17774 ns, Total: 251158 ns
[2020-12-14T04:10:29.728+0000][6][safepoint    ] Safepoint "Cleanup", Time since last: 1000184605 ns, Reaching safepoint: 231923 ns, At safepoint: 19481 ns, Total: 251404 ns
[2020-12-14T04:10:30.729+0000][6][safepoint    ] Safepoint "Cleanup", Time since last: 1000183873 ns, Reaching safepoint: 230415 ns, At safepoint: 18750 ns, Total: 249165 ns
[2020-12-14T04:10:32.312+0000][6][safepoint    ] Safepoint "Cleanup", Time since last: 1583432243 ns, Reaching safepoint: 232674 ns, At safepoint: 20178 ns, Total: 252852 ns
[2020-12-14T04:10:33.313+0000][6][safepoint    ] Safepoint "Cleanup", Time since last: 1000185182 ns, Reaching safepoint: 250757 ns, At safepoint: 16853 ns, Total: 267610 ns
[2020-12-14T04:10:34.313+0000][6][safepoint    ] Safepoint "Cleanup", Time since last: 1000169810 ns, Reaching safepoint: 231003 ns, At safepoint: 19908 ns, Total: 250911 ns
[2020-12-14T04:10:35.314+0000][6][safepoint    ] Safepoint "Cleanup", Time since last: 1000189799 ns, Reaching safepoint: 266298 ns, At safepoint: 18429 ns, Total: 284727 ns
[2020-12-14T04:10:35.450+0000][6][safepoint    ] Safepoint "BulkRevokeBias", Time since last: 134737935 ns, Reaching safepoint: 185429 ns, At safepoint: 1053225 ns, Total: 1238654 ns
[2020-12-14T04:10:36.450+0000][6][safepoint    ] Safepoint "Cleanup", Time since last: 1000193948 ns, Reaching safepoint: 242833 ns, At safepoint: 20578 ns, Total: 263411 ns
[2020-12-14T04:10:37.451+0000][6][safepoint    ] Safepoint "Cleanup", Time since last: 1000186437 ns, Reaching safepoint: 228364 ns, At safepoint: 19732 ns, Total: 248096 ns
[2020-12-14T04:10:38.451+0000][6][safepoint    ] Safepoint "Cleanup", Time since last: 1000184258 ns, Reaching safepoint: 301870 ns, At safepoint: 19428 ns, Total: 321298 ns
[2020-12-14T04:10:39.452+0000][6][safepoint    ] Safepoint "Cleanup", Time since last: 1000187213 ns, Reaching safepoint: 227054 ns, At safepoint: 19241 ns, Total: 246295 ns
[2020-12-14T04:10:40.452+0000][6][safepoint    ] Safepoint "Cleanup", Time since last: 1000187259 ns, Reaching safepoint: 230552 ns, At safepoint: 35087 ns, Total: 265639 ns
[2020-12-14T04:10:41.453+0000][6][safepoint    ] Safepoint "Cleanup", Time since last: 1000184427 ns, Reaching safepoint: 228198 ns, At safepoint: 19161 ns, Total: 247359 ns
[2020-12-14T04:10:42.453+0000][6][safepoint    ] Safepoint "Cleanup", Time since last: 1000179839 ns, Reaching safepoint: 242713 ns, At safepoint: 19144 ns, Total: 261857 ns
[2020-12-14T04:10:43.453+0000][6][safepoint    ] Safepoint "Cleanup", Time since last: 1000190312 ns, Reaching safepoint: 227274 ns, At safepoint: 18427 ns, Total: 245701 ns
[2020-12-14T04:10:44.454+0000][6][safepoint    ] Safepoint "Cleanup", Time since last: 1000188424 ns, Reaching safepoint: 236213 ns, At safepoint: 19191 ns, Total: 255404 ns
[2020-12-14T04:10:45.454+0000][6][safepoint    ] Safepoint "Cleanup", Time since last: 1000194601 ns, Reaching safepoint: 246579 ns, At safepoint: 18951 ns, Total: 265530 ns
[2020-12-14T04:10:46.455+0000][6][safepoint    ] Safepoint "Cleanup", Time since last: 1000183007 ns, Reaching safepoint: 231516 ns, At safepoint: 19008 ns, Total: 250524 ns
[2020-12-14T04:10:47.455+0000][6][safepoint    ] Safepoint "Cleanup", Time since last: 1000191802 ns, Reaching safepoint: 263844 ns, At safepoint: 18103 ns, Total: 281947 ns
[2020-12-14T04:10:48.456+0000][6][safepoint    ] Safepoint "Cleanup", Time since last: 1000186752 ns, Reaching safepoint: 232924 ns, At safepoint: 18988 ns, Total: 251912 ns
[2020-12-14T04:10:49.710+0000][6][safepoint    ] Safepoint "Cleanup", Time since last: 1254381971 ns, Reaching safepoint: 285531 ns, At safepoint: 19148 ns, Total: 304679 ns
[2020-12-14T04:10:50.711+0000][6][safepoint    ] Safepoint "Cleanup", Time since last: 1000188170 ns, Reaching safepoint: 280748 ns, At safepoint: 22633 ns, Total: 303381 ns
[2020-12-14T04:10:51.711+0000][6][safepoint    ] Safepoint "Cleanup", Time since last: 1000184311 ns, Reaching safepoint: 253123 ns, At safepoint: 21409 ns, Total: 274532 ns
[2020-12-14T04:10:52.712+0000][6][safepoint    ] Safepoint "Cleanup", Time since last: 1000185902 ns, Reaching safepoint: 245461 ns, At safepoint: 19188 ns, Total: 264649 ns
[2020-12-14T04:10:53.712+0000][6][safepoint    ] Safepoint "Cleanup", Time since last: 1000197066 ns, Reaching safepoint: 250908 ns, At safepoint: 17257 ns, Total: 268165 ns
[2020-12-14T04:10:54.713+0000][6][safepoint    ] Safepoint "Cleanup", Time since last: 1000187332 ns, Reaching safepoint: 235631 ns, At safepoint: 17653 ns, Total: 253284 ns
[2020-12-14T04:10:55.713+0000][6][safepoint    ] Safepoint "Cleanup", Time since last: 1000197572 ns, Reaching safepoint: 225019 ns, At safepoint: 29060 ns, Total: 254079 ns
[2020-12-14T04:10:56.714+0000][6][safepoint    ] Safepoint "Cleanup", Time since last: 1000185085 ns, Reaching safepoint: 236366 ns, At safepoint: 18727 ns, Total: 255093 ns
[2020-12-14T04:10:57.714+0000][6][safepoint    ] Safepoint "Cleanup", Time since last: 1000174873 ns, Reaching safepoint: 244411 ns, At safepoint: 19014 ns, Total: 263425 ns
[2020-12-14T04:10:58.714+0000][6][safepoint    ] Safepoint "Cleanup", Time since last: 1000190826 ns, Reaching safepoint: 218075 ns, At safepoint: 18484 ns, Total: 236559 ns
[2020-12-14T04:10:59.715+0000][6][safepoint    ] Safepoint "Cleanup", Time since last: 1000186333 ns, Reaching safepoint: 237343 ns, At safepoint: 18898 ns, Total: 256241 ns
[2020-12-14T04:11:00.715+0000][6][safepoint    ] Safepoint "Cleanup", Time since last: 1000202775 ns, Reaching safepoint: 245215 ns, At safepoint: 18060 ns, Total: 263275 ns
[2020-12-14T04:11:01.716+0000][6][safepoint    ] Safepoint "Cleanup", Time since last: 1000154831 ns, Reaching safepoint: 251551 ns, At safepoint: 21339 ns, Total: 272890 ns
[2020-12-14T04:11:02.716+0000][6][safepoint    ] Safepoint "Cleanup", Time since last: 1000172155 ns, Reaching safepoint: 232507 ns, At safepoint: 18908 ns, Total: 251415 ns
[2020-12-14T04:11:03.717+0000][6][safepoint    ] Safepoint "Cleanup", Time since last: 1000175480 ns, Reaching safepoint: 248636 ns, At safepoint: 19718 ns, Total: 268354 ns
[2020-12-14T04:11:04.717+0000][6][safepoint    ] Safepoint "Cleanup", Time since last: 1000188704 ns, Reaching safepoint: 240402 ns, At safepoint: 17947 ns, Total: 258349 ns
[2020-12-14T04:11:05.718+0000][6][safepoint    ] Safepoint "Cleanup", Time since last: 1000208472 ns, Reaching safepoint: 261314 ns, At safepoint: 16524 ns, Total: 277838 ns
[2020-12-14T04:11:06.718+0000][6][safepoint    ] Safepoint "Cleanup", Time since last: 1000166564 ns, Reaching safepoint: 257519 ns, At safepoint: 18115 ns, Total: 275634 ns
[2020-12-14T04:11:07.718+0000][6][safepoint    ] Safepoint "Cleanup", Time since last: 1000187257 ns, Reaching safepoint: 234292 ns, At safepoint: 19651 ns, Total: 253943 ns
[2020-12-14T04:11:08.719+0000][6][safepoint    ] Safepoint "Cleanup", Time since last: 1000188337 ns, Reaching safepoint: 222428 ns, At safepoint: 18824 ns, Total: 241252 ns
[2020-12-14T04:11:09.719+0000][6][safepoint    ] Safepoint "Cleanup", Time since last: 1000183538 ns, Reaching safepoint: 251528 ns, At safepoint: 17727 ns, Total: 269255 ns
[2020-12-14T04:11:10.720+0000][6][safepoint    ] Safepoint "Cleanup", Time since last: 1000170998 ns, Reaching safepoint: 236102 ns, At safepoint: 19118 ns, Total: 255220 ns
[2020-12-14T04:11:11.720+0000][6][safepoint    ] Safepoint "Cleanup", Time since last: 1000189575 ns, Reaching safepoint: 247179 ns, At safepoint: 19611 ns, Total: 266790 ns
[2020-12-14T04:11:12.721+0000][6][safepoint    ] Safepoint "Cleanup", Time since last: 1000189504 ns, Reaching safepoint: 233100 ns, At safepoint: 19288 ns, Total: 252388 ns
[2020-12-14T04:11:13.721+0000][6][safepoint    ] Safepoint "Cleanup", Time since last: 1000199584 ns, Reaching safepoint: 273263 ns, At safepoint: 21873 ns, Total: 295136 ns
[2020-12-14T04:11:14.722+0000][6][safepoint    ] Safepoint "Cleanup", Time since last: 1000188638 ns, Reaching safepoint: 241835 ns, At safepoint: 20462 ns, Total: 262297 ns
[2020-12-14T04:11:15.722+0000][6][safepoint    ] Safepoint "Cleanup", Time since last: 1000187340 ns, Reaching safepoint: 229519 ns, At safepoint: 19061 ns, Total: 248580 ns
[2020-12-14T04:11:16.722+0000][6][safepoint    ] Safepoint "Cleanup", Time since last: 1000206791 ns, Reaching safepoint: 232040 ns, At safepoint: 24534 ns, Total: 256574 ns
[2020-12-14T04:11:17.723+0000][6][safepoint    ] Safepoint "Cleanup", Time since last: 1000188382 ns, Reaching safepoint: 235042 ns, At safepoint: 18864 ns, Total: 253906 ns
[2020-12-14T04:11:18.723+0000][6][safepoint    ] Safepoint "Cleanup", Time since last: 1000190178 ns, Reaching safepoint: 239888 ns, At safepoint: 18787 ns, Total: 258675 ns
[2020-12-14T04:11:19.724+0000][6][safepoint    ] Safepoint "Cleanup", Time since last: 1000197447 ns, Reaching safepoint: 242726 ns, At safepoint: 19251 ns, Total: 261977 ns
[2020-12-14T04:11:20.724+0000][6][safepoint    ] Safepoint "Cleanup", Time since last: 1000188147 ns, Reaching safepoint: 240128 ns, At safepoint: 20405 ns, Total: 260533 ns
[2020-12-14T04:11:21.725+0000][6][safepoint    ] Safepoint "Cleanup", Time since last: 1000190101 ns, Reaching safepoint: 231937 ns, At safepoint: 19064 ns, Total: 251001 ns
[2020-12-14T04:11:22.725+0000][6][safepoint    ] Safepoint "Cleanup", Time since last: 1000190458 ns, Reaching safepoint: 275145 ns, At safepoint: 32105 ns, Total: 307250 ns
[2020-12-14T04:11:23.726+0000][6][safepoint    ] Safepoint "Cleanup", Time since last: 1000198284 ns, Reaching safepoint: 236119 ns, At safepoint: 18781 ns, Total: 254900 ns
[2020-12-14T04:11:24.726+0000][6][safepoint    ] Safepoint "Cleanup", Time since last: 1000187843 ns, Reaching safepoint: 237880 ns, At safepoint: 17570 ns, Total: 255450 ns
[2020-12-14T04:11:25.727+0000][6][safepoint    ] Safepoint "Cleanup", Time since last: 1000201862 ns, Reaching safepoint: 238526 ns, At safepoint: 17474 ns, Total: 256000 ns
[2020-12-14T04:11:26.727+0000][6][safepoint    ] Safepoint "Cleanup", Time since last: 1000189236 ns, Reaching safepoint: 236655 ns, At safepoint: 17764 ns, Total: 254419 ns
[2020-12-14T04:11:27.727+0000][6][safepoint    ] Safepoint "Cleanup", Time since last: 1000208142 ns, Reaching safepoint: 231663 ns, At safepoint: 19204 ns, Total: 250867 ns
[2020-12-14T04:11:28.728+0000][6][safepoint    ] Safepoint "Cleanup", Time since last: 1000187307 ns, Reaching safepoint: 234322 ns, At safepoint: 19091 ns, Total: 253413 ns
[2020-12-14T04:11:29.728+0000][6][safepoint    ] Safepoint "Cleanup", Time since last: 1000202092 ns, Reaching safepoint: 247626 ns, At safepoint: 17723 ns, Total: 265349 ns
[2020-12-14T04:11:30.729+0000][6][safepoint    ] Safepoint "Cleanup", Time since last: 1000185409 ns, Reaching safepoint: 235659 ns, At safepoint: 18954 ns, Total: 254613 ns
[2020-12-14T04:11:31.361+0000][6][safepoint    ] Safepoint "BulkRevokeBias", Time since last: 631172256 ns, Reaching safepoint: 187520 ns, At safepoint: 914501 ns, Total: 1102021 ns
[2020-12-14T04:11:32.396+0000][6][safepoint    ] Safepoint "Cleanup", Time since last: 1034998013 ns, Reaching safepoint: 226567 ns, At safepoint: 19064 ns, Total: 245631 ns
[2020-12-14T04:11:33.397+0000][6][safepoint    ] Safepoint "Cleanup", Time since last: 1000200812 ns, Reaching safepoint: 270069 ns, At safepoint: 17885 ns, Total: 287954 ns
[2020-12-14T04:11:34.397+0000][6][safepoint    ] Safepoint "Cleanup", Time since last: 1000186580 ns, Reaching safepoint: 290317 ns, At safepoint: 18914 ns, Total: 309231 ns
[2020-12-14T04:11:35.398+0000][6][safepoint    ] Safepoint "Cleanup", Time since last: 1000191123 ns, Reaching safepoint: 237246 ns, At safepoint: 18894 ns, Total: 256140 ns
[2020-12-14T04:11:35.482+0000][6][safepoint    ] Safepoint "BulkRevokeBias", Time since last: 83115429 ns, Reaching safepoint: 228521 ns, At safepoint: 1062968 ns, Total: 1291489 ns
[2020-12-14T04:11:36.485+0000][6][safepoint    ] Safepoint "Cleanup", Time since last: 1002112035 ns, Reaching safepoint: 232897 ns, At safepoint: 18761 ns, Total: 251658 ns
[2020-12-14T04:11:37.485+0000][6][safepoint    ] Safepoint "Cleanup", Time since last: 1000191350 ns, Reaching safepoint: 231163 ns, At safepoint: 18631 ns, Total: 249794 ns
[2020-12-14T04:11:38.485+0000][6][safepoint    ] Safepoint "Cleanup", Time since last: 1000186970 ns, Reaching safepoint: 257591 ns, At safepoint: 26212 ns, Total: 283803 ns
[2020-12-14T04:11:39.486+0000][6][safepoint    ] Safepoint "Cleanup", Time since last: 1000197346 ns, Reaching safepoint: 224719 ns, At safepoint: 19001 ns, Total: 243720 ns
[2020-12-14T04:11:40.486+0000][6][safepoint    ] Safepoint "Cleanup", Time since last: 1000253808 ns, Reaching safepoint: 237657 ns, At safepoint: 19165 ns, Total: 256822 ns
[2020-12-14T04:11:41.487+0000][6][safepoint    ] Safepoint "Cleanup", Time since last: 1000237513 ns, Reaching safepoint: 226133 ns, At safepoint: 17391 ns, Total: 243524 ns
[2020-12-14T04:11:42.487+0000][6][safepoint    ] Safepoint "Cleanup", Time since last: 1000189696 ns, Reaching safepoint: 298435 ns, At safepoint: 18460 ns, Total: 316895 ns
[2020-12-14T04:11:43.488+0000][6][safepoint    ] Safepoint "Cleanup", Time since last: 1000189856 ns, Reaching safepoint: 269945 ns, At safepoint: 19128 ns, Total: 289073 ns
[2020-12-14T04:11:44.488+0000][6][safepoint    ] Safepoint "Cleanup", Time since last: 1000202321 ns, Reaching safepoint: 303338 ns, At safepoint: 19208 ns, Total: 322546 ns
[2020-12-14T04:11:45.489+0000][6][safepoint    ] Safepoint "Cleanup", Time since last: 1000199533 ns, Reaching safepoint: 230570 ns, At safepoint: 19047 ns, Total: 249617 ns
[2020-12-14T04:11:46.489+0000][6][safepoint    ] Safepoint "Cleanup", Time since last: 1000201468 ns, Reaching safepoint: 250007 ns, At safepoint: 18398 ns, Total: 268405 ns
[2020-12-14T04:11:47.490+0000][6][safepoint    ] Safepoint "Cleanup", Time since last: 1000188000 ns, Reaching safepoint: 225863 ns, At safepoint: 18121 ns, Total: 243984 ns
[2020-12-14T04:11:48.490+0000][6][safepoint    ] Safepoint "Cleanup", Time since last: 1000188647 ns, Reaching safepoint: 225563 ns, At safepoint: 18614 ns, Total: 244177 ns
[2020-12-14T04:11:49.709+0000][6][safepoint    ] Safepoint "Cleanup", Time since last: 1218876547 ns, Reaching safepoint: 239851 ns, At safepoint: 21063 ns, Total: 260914 ns
[2020-12-14T04:11:50.711+0000][6][safepoint    ] Safepoint "Cleanup", Time since last: 1001857947 ns, Reaching safepoint: 215707 ns, At safepoint: 19014 ns, Total: 234721 ns
[2020-12-14T04:11:51.712+0000][6][safepoint    ] Safepoint "Cleanup", Time since last: 1000154478 ns, Reaching safepoint: 238027 ns, At safepoint: 18917 ns, Total: 256944 ns
[2020-12-14T04:11:52.712+0000][6][safepoint    ] Safepoint "Cleanup", Time since last: 1000188982 ns, Reaching safepoint: 256687 ns, At safepoint: 19065 ns, Total: 275752 ns
[2020-12-14T04:11:53.713+0000][6][safepoint    ] Safepoint "Cleanup", Time since last: 1000188747 ns, Reaching safepoint: 235792 ns, At safepoint: 19668 ns, Total: 255460 ns
[2020-12-14T04:11:54.713+0000][6][safepoint    ] Safepoint "Cleanup", Time since last: 1000207596 ns, Reaching safepoint: 285224 ns, At safepoint: 17090 ns, Total: 302314 ns
[2020-12-14T04:11:55.714+0000][6][safepoint    ] Safepoint "Cleanup", Time since last: 1000181469 ns, Reaching safepoint: 230049 ns, At safepoint: 19234 ns, Total: 249283 ns
[2020-12-14T04:11:56.714+0000][6][safepoint    ] Safepoint "Cleanup", Time since last: 1000181454 ns, Reaching safepoint: 222357 ns, At safepoint: 32569 ns, Total: 254926 ns
[2020-12-14T04:11:57.715+0000][6][safepoint    ] Safepoint "Cleanup", Time since last: 1000190055 ns, Reaching safepoint: 231066 ns, At safepoint: 18684 ns, Total: 249750 ns
[2020-12-14T04:11:58.715+0000][6][safepoint    ] Safepoint "Cleanup", Time since last: 1000191914 ns, Reaching safepoint: 235719 ns, At safepoint: 18717 ns, Total: 254436 ns
[2020-12-14T04:11:59.715+0000][6][safepoint    ] Safepoint "Cleanup", Time since last: 1000198413 ns, Reaching safepoint: 262015 ns, At safepoint: 17973 ns, Total: 279988 ns
[2020-12-14T04:12:00.716+0000][6][safepoint    ] Safepoint "Cleanup", Time since last: 1000182997 ns, Reaching safepoint: 228635 ns, At safepoint: 18460 ns, Total: 247095 ns
[2020-12-14T04:12:01.716+0000][6][safepoint    ] Safepoint "Cleanup", Time since last: 1000196887 ns, Reaching safepoint: 216897 ns, At safepoint: 17340 ns, Total: 234237 ns
[2020-12-14T04:12:02.717+0000][6][safepoint    ] Safepoint "Cleanup", Time since last: 1000193761 ns, Reaching safepoint: 261057 ns, At safepoint: 18841 ns, Total: 279898 ns
[2020-12-14T04:12:03.717+0000][6][safepoint    ] Safepoint "Cleanup", Time since last: 1000187583 ns, Reaching safepoint: 247418 ns, At safepoint: 17860 ns, Total: 265278 ns
[2020-12-14T04:12:04.718+0000][6][safepoint    ] Safepoint "Cleanup", Time since last: 1000156213 ns, Reaching safepoint: 242023 ns, At safepoint: 18830 ns, Total: 260853 ns
[2020-12-14T04:12:05.718+0000][6][safepoint    ] Safepoint "Cleanup", Time since last: 1000205651 ns, Reaching safepoint: 291424 ns, At safepoint: 18981 ns, Total: 310405 ns
[2020-12-14T04:12:06.719+0000][6][safepoint    ] Safepoint "Cleanup", Time since last: 1000148314 ns, Reaching safepoint: 254433 ns, At safepoint: 18868 ns, Total: 273301 ns
[2020-12-14T04:12:07.719+0000][6][safepoint    ] Safepoint "Cleanup", Time since last: 1000191842 ns, Reaching safepoint: 237634 ns, At safepoint: 17483 ns, Total: 255117 ns
[2020-12-14T04:12:08.720+0000][6][safepoint    ] Safepoint "Cleanup", Time since last: 1000213085 ns, Reaching safepoint: 252591 ns, At safepoint: 17537 ns, Total: 270128 ns
[2020-12-14T04:12:09.720+0000][6][safepoint    ] Safepoint "Cleanup", Time since last: 1000203775 ns, Reaching safepoint: 236576 ns, At safepoint: 16724 ns, Total: 253300 ns
[2020-12-14T04:12:10.720+0000][6][safepoint    ] Safepoint "Cleanup", Time since last: 1000216831 ns, Reaching safepoint: 256279 ns, At safepoint: 18004 ns, Total: 274283 ns
[2020-12-14T04:12:11.721+0000][6][safepoint    ] Safepoint "Cleanup", Time since last: 1000193667 ns, Reaching safepoint: 240004 ns, At safepoint: 18604 ns, Total: 258608 ns
[2020-12-14T04:12:12.721+0000][6][safepoint    ] Safepoint "Cleanup", Time since last: 1000184651 ns, Reaching safepoint: 243065 ns, At safepoint: 17897 ns, Total: 260962 ns
[2020-12-14T04:12:13.722+0000][6][safepoint    ] Safepoint "Cleanup", Time since last: 1000171004 ns, Reaching safepoint: 234241 ns, At safepoint: 18714 ns, Total: 252955 ns
[2020-12-14T04:12:14.722+0000][6][safepoint    ] Safepoint "Cleanup", Time since last: 1000180014 ns, Reaching safepoint: 289773 ns, At safepoint: 24598 ns, Total: 314371 ns
[2020-12-14T04:12:15.723+0000][6][safepoint    ] Safepoint "Cleanup", Time since last: 1000185341 ns, Reaching safepoint: 211521 ns, At safepoint: 20952 ns, Total: 232473 ns
[2020-12-14T04:12:16.723+0000][6][safepoint    ] Safepoint "Cleanup", Time since last: 1000185586 ns, Reaching safepoint: 263114 ns, At safepoint: 18854 ns, Total: 281968 ns
[2020-12-14T04:12:17.724+0000][6][safepoint    ] Safepoint "Cleanup", Time since last: 1000185907 ns, Reaching safepoint: 281275 ns, At safepoint: 19085 ns, Total: 300360 ns
[2020-12-14T04:12:18.724+0000][6][safepoint    ] Safepoint "Cleanup", Time since last: 1000184843 ns, Reaching safepoint: 297291 ns, At safepoint: 19485 ns, Total: 316776 ns
[2020-12-14T04:12:19.725+0000][6][safepoint    ] Safepoint "Cleanup", Time since last: 1000185424 ns, Reaching safepoint: 234878 ns, At safepoint: 19665 ns, Total: 254543 ns
[2020-12-14T04:12:20.725+0000][6][safepoint    ] Safepoint "Cleanup", Time since last: 1000172692 ns, Reaching safepoint: 213803 ns, At safepoint: 17579 ns, Total: 231382 ns
[2020-12-14T04:12:21.725+0000][6][safepoint    ] Safepoint "Cleanup", Time since last: 1000206569 ns, Reaching safepoint: 235352 ns, At safepoint: 18787 ns, Total: 254139 ns
[2020-12-14T04:12:22.726+0000][6][safepoint    ] Safepoint "Cleanup", Time since last: 1000202254 ns, Reaching safepoint: 234688 ns, At safepoint: 29984 ns, Total: 264672 ns
[2020-12-14T04:12:23.726+0000][6][safepoint    ] Safepoint "Cleanup", Time since last: 1000180071 ns, Reaching safepoint: 218172 ns, At safepoint: 18367 ns, Total: 236539 ns
[2020-12-14T04:12:24.727+0000][6][safepoint    ] Safepoint "Cleanup", Time since last: 1000186432 ns, Reaching safepoint: 234074 ns, At safepoint: 18624 ns, Total: 252698 ns
[2020-12-14T04:12:25.727+0000][6][safepoint    ] Safepoint "Cleanup", Time since last: 1000198876 ns, Reaching safepoint: 294806 ns, At safepoint: 17183 ns, Total: 311989 ns
[2020-12-14T04:12:26.728+0000][6][safepoint    ] Safepoint "Cleanup", Time since last: 1000194559 ns, Reaching safepoint: 229632 ns, At safepoint: 20102 ns, Total: 249734 ns
[2020-12-14T04:12:27.728+0000][6][safepoint    ] Safepoint "Cleanup", Time since last: 1000172334 ns, Reaching safepoint: 244467 ns, At safepoint: 16946 ns, Total: 261413 ns
[2020-12-14T04:12:28.729+0000][6][safepoint    ] Safepoint "Cleanup", Time since last: 1000205709 ns, Reaching safepoint: 328599 ns, At safepoint: 21526 ns, Total: 350125 ns
[2020-12-14T04:12:29.729+0000][6][safepoint    ] Safepoint "Cleanup", Time since last: 1000165579 ns, Reaching safepoint: 228002 ns, At safepoint: 18790 ns, Total: 246792 ns
[2020-12-14T04:12:30.730+0000][6][safepoint    ] Safepoint "Cleanup", Time since last: 1000200837 ns, Reaching safepoint: 225946 ns, At safepoint: 19405 ns, Total: 245351 ns
[2020-12-14T04:12:32.428+0000][6][safepoint    ] Safepoint "Cleanup", Time since last: 1697846014 ns, Reaching safepoint: 217196 ns, At safepoint: 16804 ns, Total: 234000 ns
[2020-12-14T04:12:33.428+0000][6][safepoint    ] Safepoint "Cleanup", Time since last: 1000204473 ns, Reaching safepoint: 251174 ns, At safepoint: 12454 ns, Total: 263628 ns
[2020-12-14T04:12:34.429+0000][6][safepoint    ] Safepoint "Cleanup", Time since last: 1000176579 ns, Reaching safepoint: 227854 ns, At safepoint: 19575 ns, Total: 247429 ns
[2020-12-14T04:12:35.429+0000][6][safepoint    ] Safepoint "Cleanup", Time since last: 1000191827 ns, Reaching safepoint: 241469 ns, At safepoint: 18861 ns, Total: 260330 ns
[2020-12-14T04:12:36.517+0000][6][safepoint    ] Safepoint "Cleanup", Time since last: 1087396417 ns, Reaching safepoint: 254420 ns, At safepoint: 18344 ns, Total: 272764 ns
[2020-12-14T04:12:37.517+0000][6][safepoint    ] Safepoint "Cleanup", Time since last: 1000207805 ns, Reaching safepoint: 268337 ns, At safepoint: 18961 ns, Total: 287298 ns
[2020-12-14T04:12:38.518+0000][6][safepoint    ] Safepoint "Cleanup", Time since last: 1000198436 ns, Reaching safepoint: 232094 ns, At safepoint: 20375 ns, Total: 252469 ns
[2020-12-14T04:12:39.518+0000][6][safepoint    ] Safepoint "Cleanup", Time since last: 1000210674 ns, Reaching safepoint: 285861 ns, At safepoint: 18799 ns, Total: 304660 ns
[2020-12-14T04:12:40.519+0000][6][safepoint    ] Safepoint "Cleanup", Time since last: 1000171365 ns, Reaching safepoint: 238931 ns, At safepoint: 17115 ns, Total: 256046 ns
[2020-12-14T04:12:41.519+0000][6][safepoint    ] Safepoint "Cleanup", Time since last: 1000200574 ns, Reaching safepoint: 274826 ns, At safepoint: 66204 ns, Total: 341030 ns
[2020-12-14T04:12:42.520+0000][6][safepoint    ] Safepoint "Cleanup", Time since last: 1000199074 ns, Reaching safepoint: 231884 ns, At safepoint: 18811 ns, Total: 250695 ns
[2020-12-14T04:12:43.520+0000][6][safepoint    ] Safepoint "Cleanup", Time since last: 1000204875 ns, Reaching safepoint: 236239 ns, At safepoint: 17553 ns, Total: 253792 ns
[2020-12-14T04:12:44.521+0000][6][safepoint    ] Safepoint "Cleanup", Time since last: 1000250162 ns, Reaching safepoint: 229705 ns, At safepoint: 18961 ns, Total: 248666 ns
[2020-12-14T04:12:45.521+0000][6][safepoint    ] Safepoint "Cleanup", Time since last: 1000197908 ns, Reaching safepoint: 235636 ns, At safepoint: 18937 ns, Total: 254573 ns
[2020-12-14T04:12:46.521+0000][6][safepoint    ] Safepoint "Cleanup", Time since last: 1000202427 ns, Reaching safepoint: 240725 ns, At safepoint: 18958 ns, Total: 259683 ns
[2020-12-14T04:12:47.522+0000][6][safepoint    ] Safepoint "Cleanup", Time since last: 1000201833 ns, Reaching safepoint: 250412 ns, At safepoint: 17715 ns, Total: 268127 ns
[2020-12-14T04:12:48.522+0000][6][safepoint    ] Safepoint "Cleanup", Time since last: 1000195288 ns, Reaching safepoint: 216697 ns, At safepoint: 20049 ns, Total: 236746 ns
[2020-12-14T04:12:49.523+0000][6][safepoint    ] Safepoint "Cleanup", Time since last: 1000209038 ns, Reaching safepoint: 223588 ns, At safepoint: 18711 ns, Total: 242299 ns
[2020-12-14T04:12:50.523+0000][6][safepoint    ] Safepoint "Cleanup", Time since last: 1000198495 ns, Reaching safepoint: 341866 ns, At safepoint: 19228 ns, Total: 361094 ns
[2020-12-14T04:12:51.714+0000][6][safepoint    ] Safepoint "Cleanup", Time since last: 1190317451 ns, Reaching safepoint: 238240 ns, At safepoint: 18884 ns, Total: 257124 ns
[2020-12-14T04:12:52.714+0000][6][safepoint    ] Safepoint "Cleanup", Time since last: 1000202614 ns, Reaching safepoint: 236093 ns, At safepoint: 18527 ns, Total: 254620 ns
[2020-12-14T04:12:53.715+0000][6][safepoint    ] Safepoint "Cleanup", Time since last: 1000185047 ns, Reaching safepoint: 244888 ns, At safepoint: 19441 ns, Total: 264329 ns
[2020-12-14T04:12:54.715+0000][6][safepoint    ] Safepoint "Cleanup", Time since last: 1000221123 ns, Reaching safepoint: 359053 ns, At safepoint: 17869 ns, Total: 376922 ns
[2020-12-14T04:12:55.716+0000][6][safepoint    ] Safepoint "Cleanup", Time since last: 1000175425 ns, Reaching safepoint: 245441 ns, At safepoint: 18004 ns, Total: 263445 ns
[2020-12-14T04:12:56.716+0000][6][safepoint    ] Safepoint "Cleanup", Time since last: 1000258283 ns, Reaching safepoint: 248079 ns, At safepoint: 17830 ns, Total: 265909 ns
[2020-12-14T04:12:57.717+0000][6][safepoint    ] Safepoint "Cleanup", Time since last: 1000228645 ns, Reaching safepoint: 220564 ns, At safepoint: 17536 ns, Total: 238100 ns
[2020-12-14T04:12:58.717+0000][6][safepoint    ] Safepoint "Cleanup", Time since last: 1000260438 ns, Reaching safepoint: 236786 ns, At safepoint: 17770 ns, Total: 254556 ns
[2020-12-14T04:12:59.718+0000][6][safepoint    ] Safepoint "Cleanup", Time since last: 1000191361 ns, Reaching safepoint: 244531 ns, At safepoint: 17906 ns, Total: 262437 ns
[2020-12-14T04:13:00.718+0000][6][safepoint    ] Safepoint "Cleanup", Time since last: 1000191011 ns, Reaching safepoint: 287977 ns, At safepoint: 23842 ns, Total: 311819 ns
[2020-12-14T04:13:01.719+0000][6][safepoint    ] Safepoint "Cleanup", Time since last: 1000188732 ns, Reaching safepoint: 298390 ns, At safepoint: 19577 ns, Total: 317967 ns
[2020-12-14T04:13:02.719+0000][6][safepoint    ] Safepoint "Cleanup", Time since last: 1000191431 ns, Reaching safepoint: 294589 ns, At safepoint: 18288 ns, Total: 312877 ns
[2020-12-14T04:13:03.720+0000][6][safepoint    ] Safepoint "Cleanup", Time since last: 1000158517 ns, Reaching safepoint: 203726 ns, At safepoint: 16560 ns, Total: 220286 ns
[2020-12-14T04:13:04.720+0000][6][safepoint    ] Safepoint "Cleanup", Time since last: 1000185713 ns, Reaching safepoint: 268071 ns, At safepoint: 18760 ns, Total: 286831 ns
[2020-12-14T04:13:05.721+0000][6][safepoint    ] Safepoint "Cleanup", Time since last: 1000161184 ns, Reaching safepoint: 261967 ns, At safepoint: 17145 ns, Total: 279112 ns
[2020-12-14T04:13:06.721+0000][6][safepoint    ] Safepoint "Cleanup", Time since last: 1000175032 ns, Reaching safepoint: 224108 ns, At safepoint: 16433 ns, Total: 240541 ns
[2020-12-14T04:13:07.722+0000][6][safepoint    ] Safepoint "Cleanup", Time since last: 1000219796 ns, Reaching safepoint: 223639 ns, At safepoint: 17663 ns, Total: 241302 ns
[2020-12-14T04:13:09.235+0000][6][safepoint    ] Safepoint "Cleanup", Time since last: 1513719009 ns, Reaching safepoint: 221712 ns, At safepoint: 16422 ns, Total: 238134 ns
[2020-12-14T04:13:10.236+0000][6][safepoint    ] Safepoint "Cleanup", Time since last: 1000196764 ns, Reaching safepoint: 224326 ns, At safepoint: 17190 ns, Total: 241516 ns
[2020-12-14T04:13:11.236+0000][6][safepoint    ] Safepoint "Cleanup", Time since last: 1000214594 ns, Reaching safepoint: 310992 ns, At safepoint: 20522 ns, Total: 331514 ns
[2020-12-14T04:13:12.237+0000][6][safepoint    ] Safepoint "Cleanup", Time since last: 1000168331 ns, Reaching safepoint: 229818 ns, At safepoint: 17774 ns, Total: 247592 ns
[2020-12-14T04:13:13.237+0000][6][safepoint    ] Safepoint "Cleanup", Time since last: 1000297632 ns, Reaching safepoint: 221777 ns, At safepoint: 18991 ns, Total: 240768 ns
[2020-12-14T04:13:14.238+0000][6][safepoint    ] Safepoint "Cleanup", Time since last: 1000168121 ns, Reaching safepoint: 229892 ns, At safepoint: 19845 ns, Total: 249737 ns
[2020-12-14T04:13:15.238+0000][6][safepoint    ] Safepoint "Cleanup", Time since last: 1000192845 ns, Reaching safepoint: 292458 ns, At safepoint: 19912 ns, Total: 312370 ns
[2020-12-14T04:13:16.239+0000][6][safepoint    ] Safepoint "Cleanup", Time since last: 1000191691 ns, Reaching safepoint: 247069 ns, At safepoint: 17540 ns, Total: 264609 ns
[2020-12-14T04:13:17.239+0000][6][safepoint    ] Safepoint "Cleanup", Time since last: 1000192021 ns, Reaching safepoint: 233134 ns, At safepoint: 19271 ns, Total: 252405 ns
[2020-12-14T04:13:18.240+0000][6][safepoint    ] Safepoint "Cleanup", Time since last: 1000188603 ns, Reaching safepoint: 224732 ns, At safepoint: 18991 ns, Total: 243723 ns
[2020-12-14T04:13:19.240+0000][6][safepoint    ] Safepoint "Cleanup", Time since last: 1000188280 ns, Reaching safepoint: 334669 ns, At safepoint: 19621 ns, Total: 354290 ns
[2020-12-14T04:13:20.241+0000][6][safepoint    ] Safepoint "Cleanup", Time since last: 1000193399 ns, Reaching safepoint: 248846 ns, At safepoint: 18554 ns, Total: 267400 ns
[2020-12-14T04:13:21.241+0000][6][safepoint    ] Safepoint "Cleanup", Time since last: 1000188497 ns, Reaching safepoint: 267647 ns, At safepoint: 19555 ns, Total: 287202 ns
[2020-12-14T04:13:22.242+0000][6][safepoint    ] Safepoint "Cleanup", Time since last: 1000198490 ns, Reaching safepoint: 260443 ns, At safepoint: 24101 ns, Total: 284544 ns
[2020-12-14T04:13:23.242+0000][6][safepoint    ] Safepoint "Cleanup", Time since last: 1000192184 ns, Reaching safepoint: 217428 ns, At safepoint: 17274 ns, Total: 234702 ns
[2020-12-14T04:13:24.243+0000][6][safepoint    ] Safepoint "Cleanup", Time since last: 1000198765 ns, Reaching safepoint: 233668 ns, At safepoint: 25631 ns, Total: 259299 ns
[2020-12-14T04:13:25.243+0000][6][safepoint    ] Safepoint "Cleanup", Time since last: 1000188096 ns, Reaching safepoint: 233877 ns, At safepoint: 18861 ns, Total: 252738 ns
[2020-12-14T04:13:26.243+0000][6][safepoint    ] Safepoint "Cleanup", Time since last: 1000184767 ns, Reaching safepoint: 228775 ns, At safepoint: 18934 ns, Total: 247709 ns
[2020-12-14T04:13:27.244+0000][6][safepoint    ] Safepoint "Cleanup", Time since last: 1000188230 ns, Reaching safepoint: 231496 ns, At safepoint: 19271 ns, Total: 250767 ns
[2020-12-14T04:13:28.244+0000][6][safepoint    ] Safepoint "Cleanup", Time since last: 1000168701 ns, Reaching safepoint: 247803 ns, At safepoint: 18790 ns, Total: 266593 ns
[2020-12-14T04:13:29.245+0000][6][safepoint    ] Safepoint "Cleanup", Time since last: 1000187232 ns, Reaching safepoint: 234122 ns, At safepoint: 19000 ns, Total: 253122 ns
[2020-12-14T04:13:30.245+0000][6][safepoint    ] Safepoint "Cleanup", Time since last: 1000195678 ns, Reaching safepoint: 306586 ns, At safepoint: 19121 ns, Total: 325707 ns
[2020-12-14T04:13:31.246+0000][6][safepoint    ] Safepoint "Cleanup", Time since last: 1000188509 ns, Reaching safepoint: 231803 ns, At safepoint: 18914 ns, Total: 250717 ns
[2020-12-14T04:13:32.482+0000][6][safepoint    ] Safepoint "Cleanup", Time since last: 1235889815 ns, Reaching safepoint: 219293 ns, At safepoint: 15126 ns, Total: 234419 ns
[2020-12-14T04:13:33.482+0000][6][safepoint    ] Safepoint "Cleanup", Time since last: 1000182519 ns, Reaching safepoint: 256664 ns, At safepoint: 19161 ns, Total: 275825 ns
[2020-12-14T04:13:34.483+0000][6][safepoint    ] Safepoint "Cleanup", Time since last: 1000185882 ns, Reaching safepoint: 224242 ns, At safepoint: 19675 ns, Total: 243917 ns
[2020-12-14T04:13:35.544+0000][6][safepoint    ] Safepoint "Cleanup", Time since last: 1061169576 ns, Reaching safepoint: 229712 ns, At safepoint: 15835 ns, Total: 245547 ns
[2020-12-14T04:13:36.549+0000][6][safepoint    ] Safepoint "Cleanup", Time since last: 1004650587 ns, Reaching safepoint: 242929 ns, At safepoint: 18621 ns, Total: 261550 ns
[2020-12-14T04:13:37.549+0000][6][safepoint    ] Safepoint "Cleanup", Time since last: 1000229216 ns, Reaching safepoint: 222878 ns, At safepoint: 17352 ns, Total: 240230 ns
[2020-12-14T04:13:38.550+0000][6][safepoint    ] Safepoint "Cleanup", Time since last: 1000192069 ns, Reaching safepoint: 235492 ns, At safepoint: 29853 ns, Total: 265345 ns
[2020-12-14T04:13:39.550+0000][6][safepoint    ] Safepoint "Cleanup", Time since last: 1000187833 ns, Reaching safepoint: 239018 ns, At safepoint: 18184 ns, Total: 257202 ns
[2020-12-14T04:13:40.551+0000][6][safepoint    ] Safepoint "Cleanup", Time since last: 1000188312 ns, Reaching safepoint: 227878 ns, At safepoint: 18420 ns, Total: 246298 ns
[2020-12-14T04:13:41.551+0000][6][safepoint    ] Safepoint "Cleanup", Time since last: 1000202904 ns, Reaching safepoint: 232668 ns, At safepoint: 16535 ns, Total: 249203 ns
[2020-12-14T04:13:42.552+0000][6][safepoint    ] Safepoint "Cleanup", Time since last: 1000187080 ns, Reaching safepoint: 247438 ns, At safepoint: 23631 ns, Total: 271069 ns
[2020-12-14T04:13:43.552+0000][6][safepoint    ] Safepoint "Cleanup", Time since last: 1000206180 ns, Reaching safepoint: 338351 ns, At safepoint: 19024 ns, Total: 357375 ns
[2020-12-14T04:13:44.553+0000][6][safepoint    ] Safepoint "Cleanup", Time since last: 1000215024 ns, Reaching safepoint: 227904 ns, At safepoint: 18774 ns, Total: 246678 ns
[2020-12-14T04:13:45.553+0000][6][safepoint    ] Safepoint "Cleanup", Time since last: 1000206263 ns, Reaching safepoint: 273507 ns, At safepoint: 24234 ns, Total: 297741 ns
[2020-12-14T04:13:46.554+0000][6][safepoint    ] Safepoint "Cleanup", Time since last: 1000205833 ns, Reaching safepoint: 248359 ns, At safepoint: 18664 ns, Total: 267023 ns
[2020-12-14T04:13:47.554+0000][6][safepoint    ] Safepoint "Cleanup", Time since last: 1000201107 ns, Reaching safepoint: 273867 ns, At safepoint: 17317 ns, Total: 291184 ns
[2020-12-14T04:13:48.555+0000][6][safepoint    ] Safepoint "Cleanup", Time since last: 1000206337 ns, Reaching safepoint: 233311 ns, At safepoint: 17423 ns, Total: 250734 ns
[2020-12-14T04:13:49.555+0000][6][safepoint    ] Safepoint "Cleanup", Time since last: 1000209680 ns, Reaching safepoint: 309699 ns, At safepoint: 18416 ns, Total: 328115 ns
[2020-12-14T04:13:50.556+0000][6][safepoint    ] Safepoint "Cleanup", Time since last: 1000200640 ns, Reaching safepoint: 249701 ns, At safepoint: 18073 ns, Total: 267774 ns
[2020-12-14T04:13:51.556+0000][6][safepoint    ] Safepoint "Cleanup", Time since last: 1000206230 ns, Reaching safepoint: 317776 ns, At safepoint: 19954 ns, Total: 337730 ns
[2020-12-14T04:13:52.700+0000][6][safepoint    ] Safepoint "Cleanup", Time since last: 1143058519 ns, Reaching safepoint: 229021 ns, At safepoint: 18001 ns, Total: 247022 ns
[2020-12-14T04:13:53.700+0000][6][safepoint    ] Safepoint "Cleanup", Time since last: 1000192153 ns, Reaching safepoint: 244324 ns, At safepoint: 19064 ns, Total: 263388 ns
[2020-12-14T04:13:54.700+0000][6][safepoint    ] Safepoint "Cleanup", Time since last: 1000190200 ns, Reaching safepoint: 254987 ns, At safepoint: 19748 ns, Total: 274735 ns
[2020-12-14T04:13:55.701+0000][6][safepoint    ] Safepoint "Cleanup", Time since last: 1000192151 ns, Reaching safepoint: 235452 ns, At safepoint: 17143 ns, Total: 252595 ns
[2020-12-14T04:13:56.701+0000][6][safepoint    ] Safepoint "Cleanup", Time since last: 1000197095 ns, Reaching safepoint: 266463 ns, At safepoint: 24364 ns, Total: 290827 ns
[2020-12-14T04:13:57.702+0000][6][safepoint    ] Safepoint "Cleanup", Time since last: 1000192708 ns, Reaching safepoint: 275667 ns, At safepoint: 17481 ns, Total: 293148 ns
[2020-12-14T04:13:58.702+0000][6][safepoint    ] Safepoint "Cleanup", Time since last: 1000163556 ns, Reaching safepoint: 246045 ns, At safepoint: 18817 ns, Total: 264862 ns
[2020-12-14T04:13:59.703+0000][6][safepoint    ] Safepoint "Cleanup", Time since last: 1000172817 ns, Reaching safepoint: 227457 ns, At safepoint: 19468 ns, Total: 246925 ns
[2020-12-14T04:14:00.703+0000][6][safepoint    ] Safepoint "Cleanup", Time since last: 1000176142 ns, Reaching safepoint: 385230 ns, At safepoint: 17185 ns, Total: 402415 ns
[2020-12-14T04:14:01.704+0000][6][safepoint    ] Safepoint "Cleanup", Time since last: 1000184457 ns, Reaching safepoint: 243857 ns, At safepoint: 18791 ns, Total: 262648 ns
[2020-12-14T04:14:02.704+0000][6][safepoint    ] Safepoint "Cleanup", Time since last: 1000196483 ns, Reaching safepoint: 250231 ns, At safepoint: 20218 ns, Total: 270449 ns
[2020-12-14T04:14:03.705+0000][6][safepoint    ] Safepoint "Cleanup", Time since last: 1000200306 ns, Reaching safepoint: 247516 ns, At safepoint: 24888 ns, Total: 272404 ns
[2020-12-14T04:14:04.705+0000][6][safepoint    ] Safepoint "Cleanup", Time since last: 1000193261 ns, Reaching safepoint: 260860 ns, At safepoint: 19258 ns, Total: 280118 ns
[2020-12-14T04:14:05.706+0000][6][safepoint    ] Safepoint "Cleanup", Time since last: 1000201030 ns, Reaching safepoint: 270399 ns, At safepoint: 20755 ns, Total: 291154 ns
[2020-12-14T04:14:06.706+0000][6][safepoint    ] Safepoint "Cleanup", Time since last: 1000184107 ns, Reaching safepoint: 227747 ns, At safepoint: 37065 ns, Total: 264812 ns
[2020-12-14T04:14:07.707+0000][6][safepoint    ] Safepoint "Cleanup", Time since last: 1000215389 ns, Reaching safepoint: 221050 ns, At safepoint: 16579 ns, Total: 237629 ns
[2020-12-14T04:14:08.707+0000][6][safepoint    ] Safepoint "Cleanup", Time since last: 1000196017 ns, Reaching safepoint: 249429 ns, At safepoint: 18220 ns, Total: 267649 ns
[2020-12-14T04:14:09.708+0000][6][safepoint    ] Safepoint "Cleanup", Time since last: 1000241744 ns, Reaching safepoint: 245321 ns, At safepoint: 18181 ns, Total: 263502 ns
[2020-12-14T04:14:10.708+0000][6][safepoint    ] Safepoint "Cleanup", Time since last: 1000208695 ns, Reaching safepoint: 274758 ns, At safepoint: 16031 ns, Total: 290789 ns
[2020-12-14T04:14:11.708+0000][6][safepoint    ] Safepoint "Cleanup", Time since last: 1000199753 ns, Reaching safepoint: 217739 ns, At safepoint: 18694 ns, Total: 236433 ns
[2020-12-14T04:14:12.709+0000][6][safepoint    ] Safepoint "Cleanup", Time since last: 1000185050 ns, Reaching safepoint: 219583 ns, At safepoint: 18701 ns, Total: 238284 ns
[2020-12-14T04:14:13.709+0000][6][safepoint    ] Safepoint "Cleanup", Time since last: 1000210866 ns, Reaching safepoint: 227721 ns, At safepoint: 18500 ns, Total: 246221 ns
[2020-12-14T04:14:14.710+0000][6][safepoint    ] Safepoint "Cleanup", Time since last: 1000186688 ns, Reaching safepoint: 244260 ns, At safepoint: 18795 ns, Total: 263055 ns
[2020-12-14T04:14:15.710+0000][6][safepoint    ] Safepoint "Cleanup", Time since last: 1000188309 ns, Reaching safepoint: 252862 ns, At safepoint: 19205 ns, Total: 272067 ns
[2020-12-14T04:14:16.711+0000][6][safepoint    ] Safepoint "Cleanup", Time since last: 1000187868 ns, Reaching safepoint: 216154 ns, At safepoint: 20956 ns, Total: 237110 ns
[2020-12-14T04:14:17.711+0000][6][safepoint    ] Safepoint "Cleanup", Time since last: 1000190677 ns, Reaching safepoint: 318967 ns, At safepoint: 19054 ns, Total: 338021 ns
[2020-12-14T04:14:18.712+0000][6][safepoint    ] Safepoint "Cleanup", Time since last: 1000188852 ns, Reaching safepoint: 231363 ns, At safepoint: 18754 ns, Total: 250117 ns
[2020-12-14T04:14:19.712+0000][6][safepoint    ] Safepoint "Cleanup", Time since last: 1000194320 ns, Reaching safepoint: 271879 ns, At safepoint: 18951 ns, Total: 290830 ns
[2020-12-14T04:14:20.713+0000][6][safepoint    ] Safepoint "Cleanup", Time since last: 1000194493 ns, Reaching safepoint: 235439 ns, At safepoint: 18884 ns, Total: 254323 ns
[2020-12-14T04:14:21.713+0000][6][safepoint    ] Safepoint "Cleanup", Time since last: 1000203995 ns, Reaching safepoint: 238614 ns, At safepoint: 16059 ns, Total: 254673 ns
[2020-12-14T04:14:22.713+0000][6][safepoint    ] Safepoint "Cleanup", Time since last: 1000211986 ns, Reaching safepoint: 236343 ns, At safepoint: 19137 ns, Total: 255480 ns
[2020-12-14T04:14:23.714+0000][6][safepoint    ] Safepoint "Cleanup", Time since last: 1000192125 ns, Reaching safepoint: 235158 ns, At safepoint: 30051 ns, Total: 265209 ns
[2020-12-14T04:14:24.714+0000][6][safepoint    ] Safepoint "Cleanup", Time since last: 1000202207 ns, Reaching safepoint: 238517 ns, At safepoint: 32503 ns, Total: 271020 ns
[2020-12-14T04:14:25.715+0000][6][safepoint    ] Safepoint "Cleanup", Time since last: 1000187935 ns, Reaching safepoint: 280838 ns, At safepoint: 19348 ns, Total: 300186 ns
[2020-12-14T04:14:26.715+0000][6][safepoint    ] Safepoint "Cleanup", Time since last: 1000202969 ns, Reaching safepoint: 239544 ns, At safepoint: 18988 ns, Total: 258532 ns
[2020-12-14T04:14:27.716+0000][6][safepoint    ] Safepoint "Cleanup", Time since last: 1000192319 ns, Reaching safepoint: 230586 ns, At safepoint: 18638 ns, Total: 249224 ns
[2020-12-14T04:14:28.716+0000][6][safepoint    ] Safepoint "Cleanup", Time since last: 1000187255 ns, Reaching safepoint: 286438 ns, At safepoint: 18834 ns, Total: 305272 ns
[2020-12-14T04:14:29.717+0000][6][safepoint    ] Safepoint "Cleanup", Time since last: 1000200293 ns, Reaching safepoint: 261554 ns, At safepoint: 18707 ns, Total: 280261 ns
[2020-12-14T04:14:30.717+0000][6][safepoint    ] Safepoint "Cleanup", Time since last: 1000188884 ns, Reaching safepoint: 260056 ns, At safepoint: 17672 ns, Total: 277728 ns
[2020-12-14T04:14:31.526+0000][6][safepoint    ] Safepoint "BulkRevokeBias", Time since last: 807232620 ns, Reaching safepoint: 186670 ns, At safepoint: 927000 ns, Total: 1113670 ns
[2020-12-14T04:14:32.541+0000][6][safepoint    ] Safepoint "Cleanup", Time since last: 1014949175 ns, Reaching safepoint: 238647 ns, At safepoint: 18881 ns, Total: 257528 ns
[2020-12-14T04:14:33.541+0000][6][safepoint    ] Safepoint "Cleanup", Time since last: 1000194782 ns, Reaching safepoint: 265906 ns, At safepoint: 18914 ns, Total: 284820 ns
[2020-12-14T04:14:34.542+0000][6][safepoint    ] Safepoint "Cleanup", Time since last: 1000189327 ns, Reaching safepoint: 234905 ns, At safepoint: 21199 ns, Total: 256104 ns
[2020-12-14T04:14:35.542+0000][6][safepoint    ] Safepoint "Cleanup", Time since last: 1000201924 ns, Reaching safepoint: 259742 ns, At safepoint: 19208 ns, Total: 278950 ns
[2020-12-14T04:14:36.582+0000][6][safepoint    ] Safepoint "Cleanup", Time since last: 1039382674 ns, Reaching safepoint: 267727 ns, At safepoint: 17814 ns, Total: 285541 ns
[2020-12-14T04:14:37.582+0000][6][safepoint    ] Safepoint "Cleanup", Time since last: 1000209595 ns, Reaching safepoint: 232583 ns, At safepoint: 18064 ns, Total: 250647 ns
[2020-12-14T04:14:38.583+0000][6][safepoint    ] Safepoint "Cleanup", Time since last: 1000199369 ns, Reaching safepoint: 245623 ns, At safepoint: 17748 ns, Total: 263371 ns
[2020-12-14T04:14:39.583+0000][6][safepoint    ] Safepoint "Cleanup", Time since last: 1000186031 ns, Reaching safepoint: 244717 ns, At safepoint: 19685 ns, Total: 264402 ns
[2020-12-14T04:14:40.584+0000][6][safepoint    ] Safepoint "Cleanup", Time since last: 1000187636 ns, Reaching safepoint: 208711 ns, At safepoint: 18888 ns, Total: 227599 ns
[2020-12-14T04:14:41.584+0000][6][safepoint    ] Safepoint "Cleanup", Time since last: 1000184282 ns, Reaching safepoint: 303644 ns, At safepoint: 19812 ns, Total: 323456 ns
[2020-12-14T04:14:42.585+0000][6][safepoint    ] Safepoint "Cleanup", Time since last: 1000187668 ns, Reaching safepoint: 238454 ns, At safepoint: 18687 ns, Total: 257141 ns
[2020-12-14T04:14:43.585+0000][6][safepoint    ] Safepoint "Cleanup", Time since last: 1000195380 ns, Reaching safepoint: 317946 ns, At safepoint: 18958 ns, Total: 336904 ns
[2020-12-14T04:14:44.586+0000][6][safepoint    ] Safepoint "Cleanup", Time since last: 1000187872 ns, Reaching safepoint: 229906 ns, At safepoint: 19554 ns, Total: 249460 ns
[2020-12-14T04:14:45.586+0000][6][safepoint    ] Safepoint "Cleanup", Time since last: 1000195588 ns, Reaching safepoint: 222842 ns, At safepoint: 18313 ns, Total: 241155 ns
[2020-12-14T04:14:46.587+0000][6][safepoint    ] Safepoint "Cleanup", Time since last: 1000239248 ns, Reaching safepoint: 237323 ns, At safepoint: 18957 ns, Total: 256280 ns
[2020-12-14T04:14:47.587+0000][6][safepoint    ] Safepoint "Cleanup", Time since last: 1000190831 ns, Reaching safepoint: 229966 ns, At safepoint: 20989 ns, Total: 250955 ns
[2020-12-14T04:14:48.587+0000][6][safepoint    ] Safepoint "Cleanup", Time since last: 1000190650 ns, Reaching safepoint: 227317 ns, At safepoint: 17754 ns, Total: 245071 ns
[2020-12-14T04:14:49.588+0000][6][safepoint    ] Safepoint "Cleanup", Time since last: 1000187478 ns, Reaching safepoint: 237260 ns, At safepoint: 17527 ns, Total: 254787 ns
[2020-12-14T04:14:50.588+0000][6][safepoint    ] Safepoint "Cleanup", Time since last: 1000188996 ns, Reaching safepoint: 233120 ns, At safepoint: 21309 ns, Total: 254429 ns
[2020-12-14T04:14:51.589+0000][6][safepoint    ] Safepoint "Cleanup", Time since last: 1000189003 ns, Reaching safepoint: 226874 ns, At safepoint: 18945 ns, Total: 245819 ns
[2020-12-14T04:14:52.589+0000][6][safepoint    ] Safepoint "Cleanup", Time since last: 1000177179 ns, Reaching safepoint: 322348 ns, At safepoint: 19368 ns, Total: 341716 ns
[2020-12-14T04:14:53.709+0000][6][safepoint    ] Safepoint "Cleanup", Time since last: 1119413531 ns, Reaching safepoint: 235609 ns, At safepoint: 18500 ns, Total: 254109 ns
[2020-12-14T04:14:54.709+0000][6][safepoint    ] Safepoint "Cleanup", Time since last: 1000186215 ns, Reaching safepoint: 229125 ns, At safepoint: 19718 ns, Total: 248843 ns
[2020-12-14T04:14:55.710+0000][6][safepoint    ] Safepoint "Cleanup", Time since last: 1000172170 ns, Reaching safepoint: 220330 ns, At safepoint: 17860 ns, Total: 238190 ns
[2020-12-14T04:14:56.710+0000][6][safepoint    ] Safepoint "Cleanup", Time since last: 1000193035 ns, Reaching safepoint: 294290 ns, At safepoint: 19194 ns, Total: 313484 ns
[2020-12-14T04:14:57.711+0000][6][safepoint    ] Safepoint "Cleanup", Time since last: 1000191147 ns, Reaching safepoint: 231853 ns, At safepoint: 18698 ns, Total: 250551 ns
[2020-12-14T04:14:58.711+0000][6][safepoint    ] Safepoint "Cleanup", Time since last: 1000190875 ns, Reaching safepoint: 300012 ns, At safepoint: 19491 ns, Total: 319503 ns
[2020-12-14T04:14:59.712+0000][6][safepoint    ] Safepoint "Cleanup", Time since last: 1000189956 ns, Reaching safepoint: 232981 ns, At safepoint: 25501 ns, Total: 258482 ns
[2020-12-14T04:15:00.712+0000][6][safepoint    ] Safepoint "Cleanup", Time since last: 1000187996 ns, Reaching safepoint: 292281 ns, At safepoint: 20068 ns, Total: 312349 ns
[2020-12-14T04:15:01.713+0000][6][safepoint    ] Safepoint "Cleanup", Time since last: 1000183633 ns, Reaching safepoint: 217319 ns, At safepoint: 18524 ns, Total: 235843 ns
[2020-12-14T04:15:02.713+0000][6][safepoint    ] Safepoint "Cleanup", Time since last: 1000158182 ns, Reaching safepoint: 215297 ns, At safepoint: 18974 ns, Total: 234271 ns
[2020-12-14T04:15:03.713+0000][6][safepoint    ] Safepoint "Cleanup", Time since last: 1000189880 ns, Reaching safepoint: 235992 ns, At safepoint: 19655 ns, Total: 255647 ns
[2020-12-14T04:15:04.714+0000][6][safepoint    ] Safepoint "Cleanup", Time since last: 1000189774 ns, Reaching safepoint: 231750 ns, At safepoint: 18614 ns, Total: 250364 ns
[2020-12-14T04:15:05.714+0000][6][safepoint    ] Safepoint "Cleanup", Time since last: 1000189163 ns, Reaching safepoint: 270489 ns, At safepoint: 18734 ns, Total: 289223 ns
[2020-12-14T04:15:06.715+0000][6][safepoint    ] Safepoint "Cleanup", Time since last: 1000175688 ns, Reaching safepoint: 246157 ns, At safepoint: 17558 ns, Total: 263715 ns
[2020-12-14T04:15:07.715+0000][6][safepoint    ] Safepoint "Cleanup", Time since last: 1000184863 ns, Reaching safepoint: 256644 ns, At safepoint: 24328 ns, Total: 280972 ns
[2020-12-14T04:15:08.716+0000][6][safepoint    ] Safepoint "Cleanup", Time since last: 1000188949 ns, Reaching safepoint: 222748 ns, At safepoint: 21016 ns, Total: 243764 ns
[2020-12-14T04:15:09.716+0000][6][safepoint    ] Safepoint "Cleanup", Time since last: 1000189233 ns, Reaching safepoint: 305345 ns, At safepoint: 18482 ns, Total: 323827 ns
[2020-12-14T04:15:10.717+0000][6][safepoint    ] Safepoint "Cleanup", Time since last: 1000187931 ns, Reaching safepoint: 221114 ns, At safepoint: 18227 ns, Total: 239341 ns
[2020-12-14T04:15:11.717+0000][6][safepoint    ] Safepoint "Cleanup", Time since last: 1000191354 ns, Reaching safepoint: 230009 ns, At safepoint: 17410 ns, Total: 247419 ns
[2020-12-14T04:15:12.718+0000][6][safepoint    ] Safepoint "Cleanup", Time since last: 1000207470 ns, Reaching safepoint: 230269 ns, At safepoint: 18941 ns, Total: 249210 ns
[2020-12-14T04:15:13.718+0000][6][safepoint    ] Safepoint "Cleanup", Time since last: 1000186323 ns, Reaching safepoint: 230970 ns, At safepoint: 18680 ns, Total: 249650 ns
[2020-12-14T04:15:14.718+0000][6][safepoint    ] Safepoint "Cleanup", Time since last: 1000188398 ns, Reaching safepoint: 205819 ns, At safepoint: 20665 ns, Total: 226484 ns
[2020-12-14T04:15:15.719+0000][6][safepoint    ] Safepoint "Cleanup", Time since last: 1000181715 ns, Reaching safepoint: 214110 ns, At safepoint: 16662 ns, Total: 230772 ns
[2020-12-14T04:15:16.719+0000][6][safepoint    ] Safepoint "Cleanup", Time since last: 1000186773 ns, Reaching safepoint: 247466 ns, At safepoint: 17690 ns, Total: 265156 ns
[2020-12-14T04:15:17.720+0000][6][safepoint    ] Safepoint "Cleanup", Time since last: 1000187618 ns, Reaching safepoint: 284210 ns, At safepoint: 18500 ns, Total: 302710 ns
[2020-12-14T04:15:18.720+0000][6][safepoint    ] Safepoint "Cleanup", Time since last: 1000186272 ns, Reaching safepoint: 256000 ns, At safepoint: 18821 ns, Total: 274821 ns
[2020-12-14T04:15:19.721+0000][6][safepoint    ] Safepoint "Cleanup", Time since last: 1000188229 ns, Reaching safepoint: 236703 ns, At safepoint: 17360 ns, Total: 254063 ns
[2020-12-14T04:15:20.721+0000][6][safepoint    ] Safepoint "Cleanup", Time since last: 1000214164 ns, Reaching safepoint: 320257 ns, At safepoint: 18231 ns, Total: 338488 ns
[2020-12-14T04:15:21.722+0000][6][safepoint    ] Safepoint "Cleanup", Time since last: 1000182419 ns, Reaching safepoint: 278480 ns, At safepoint: 19008 ns, Total: 297488 ns
[2020-12-14T04:15:22.722+0000][6][safepoint    ] Safepoint "Cleanup", Time since last: 1000189453 ns, Reaching safepoint: 240084 ns, At safepoint: 19275 ns, Total: 259359 ns
[2020-12-14T04:15:23.723+0000][6][safepoint    ] Safepoint "Cleanup", Time since last: 1000186301 ns, Reaching safepoint: 221421 ns, At safepoint: 17690 ns, Total: 239111 ns
[2020-12-14T04:15:24.723+0000][6][safepoint    ] Safepoint "Cleanup", Time since last: 1000189089 ns, Reaching safepoint: 220300 ns, At safepoint: 20719 ns, Total: 241019 ns
[2020-12-14T04:15:25.723+0000][6][safepoint    ] Safepoint "Cleanup", Time since last: 1000192370 ns, Reaching safepoint: 225239 ns, At safepoint: 18731 ns, Total: 243970 ns
[2020-12-14T04:15:26.724+0000][6][safepoint    ] Safepoint "Cleanup", Time since last: 1000182664 ns, Reaching safepoint: 224923 ns, At safepoint: 18237 ns, Total: 243160 ns
[2020-12-14T04:15:27.724+0000][6][safepoint    ] Safepoint "Cleanup", Time since last: 1000188676 ns, Reaching safepoint: 277902 ns, At safepoint: 19919 ns, Total: 297821 ns
[2020-12-14T04:15:28.725+0000][6][safepoint    ] Safepoint "Cleanup", Time since last: 1000187729 ns, Reaching safepoint: 229085 ns, At safepoint: 25228 ns, Total: 254313 ns
[2020-12-14T04:15:29.725+0000][6][safepoint    ] Safepoint "Cleanup", Time since last: 1000190045 ns, Reaching safepoint: 242966 ns, At safepoint: 20185 ns, Total: 263151 ns
[2020-12-14T04:15:30.726+0000][6][safepoint    ] Safepoint "Cleanup", Time since last: 1000183339 ns, Reaching safepoint: 245428 ns, At safepoint: 17203 ns, Total: 262631 ns
[2020-12-14T04:15:32.599+0000][6][safepoint    ] Safepoint "Cleanup", Time since last: 1872752796 ns, Reaching safepoint: 225176 ns, At safepoint: 24484 ns, Total: 249660 ns
[2020-12-14T04:15:33.599+0000][6][safepoint    ] Safepoint "Cleanup", Time since last: 1000187721 ns, Reaching safepoint: 237590 ns, At safepoint: 19808 ns, Total: 257398 ns
[2020-12-14T04:15:34.600+0000][6][safepoint    ] Safepoint "Cleanup", Time since last: 1000198065 ns, Reaching safepoint: 236056 ns, At safepoint: 18007 ns, Total: 254063 ns
[2020-12-14T04:15:35.612+0000][6][safepoint    ] Safepoint "BulkRevokeBias", Time since last: 1011192926 ns, Reaching safepoint: 218095 ns, At safepoint: 1076476 ns, Total: 1294571 ns
[2020-12-14T04:15:36.617+0000][6][safepoint    ] Safepoint "Cleanup", Time since last: 1004700385 ns, Reaching safepoint: 269721 ns, At safepoint: 21746 ns, Total: 291467 ns
[2020-12-14T04:15:37.617+0000][6][safepoint    ] Safepoint "Cleanup", Time since last: 1000228376 ns, Reaching safepoint: 222218 ns, At safepoint: 18170 ns, Total: 240388 ns
[2020-12-14T04:15:38.618+0000][6][safepoint    ] Safepoint "Cleanup", Time since last: 1000204378 ns, Reaching safepoint: 234358 ns, At safepoint: 18751 ns, Total: 253109 ns
[2020-12-14T04:15:39.618+0000][6][safepoint    ] Safepoint "Cleanup", Time since last: 1000200049 ns, Reaching safepoint: 239365 ns, At safepoint: 19324 ns, Total: 258689 ns
[2020-12-14T04:15:40.619+0000][6][safepoint    ] Safepoint "Cleanup", Time since last: 1000202378 ns, Reaching safepoint: 240021 ns, At safepoint: 18654 ns, Total: 258675 ns
[2020-12-14T04:15:41.619+0000][6][safepoint    ] Safepoint "Cleanup", Time since last: 1000227331 ns, Reaching safepoint: 232220 ns, At safepoint: 18911 ns, Total: 251131 ns
[2020-12-14T04:15:42.620+0000][6][safepoint    ] Safepoint "Cleanup", Time since last: 1000170422 ns, Reaching safepoint: 236817 ns, At safepoint: 17720 ns, Total: 254537 ns
[2020-12-14T04:15:43.620+0000][6][safepoint    ] Safepoint "Cleanup", Time since last: 1000210748 ns, Reaching safepoint: 301387 ns, At safepoint: 19474 ns, Total: 320861 ns
[2020-12-14T04:15:44.621+0000][6][safepoint    ] Safepoint "Cleanup", Time since last: 1000207107 ns, Reaching safepoint: 253542 ns, At safepoint: 16987 ns, Total: 270529 ns
[2020-12-14T04:15:45.621+0000][6][safepoint    ] Safepoint "Cleanup", Time since last: 1000197711 ns, Reaching safepoint: 227914 ns, At safepoint: 19025 ns, Total: 246939 ns
[2020-12-14T04:15:46.622+0000][6][safepoint    ] Safepoint "Cleanup", Time since last: 1000205139 ns, Reaching safepoint: 227100 ns, At safepoint: 19785 ns, Total: 246885 ns
[2020-12-14T04:15:47.622+0000][6][safepoint    ] Safepoint "Cleanup", Time since last: 1000206273 ns, Reaching safepoint: 249810 ns, At safepoint: 20505 ns, Total: 270315 ns
[2020-12-14T04:15:48.623+0000][6][safepoint    ] Safepoint "Cleanup", Time since last: 1000202825 ns, Reaching safepoint: 251754 ns, At safepoint: 18544 ns, Total: 270298 ns
[2020-12-14T04:15:49.623+0000][6][safepoint    ] Safepoint "Cleanup", Time since last: 1000206073 ns, Reaching safepoint: 272557 ns, At safepoint: 17153 ns, Total: 289710 ns
[2020-12-14T04:15:50.624+0000][6][safepoint    ] Safepoint "Cleanup", Time since last: 1000189536 ns, Reaching safepoint: 231510 ns, At safepoint: 25831 ns, Total: 257341 ns
[2020-12-14T04:15:51.624+0000][6][safepoint    ] Safepoint "Cleanup", Time since last: 1000202805 ns, Reaching safepoint: 236559 ns, At safepoint: 17574 ns, Total: 254133 ns
[2020-12-14T04:15:52.625+0000][6][safepoint    ] Safepoint "Cleanup", Time since last: 1000238354 ns, Reaching safepoint: 234418 ns, At safepoint: 18591 ns, Total: 253009 ns
[2020-12-14T04:15:53.625+0000][6][safepoint    ] Safepoint "Cleanup", Time since last: 1000202324 ns, Reaching safepoint: 222618 ns, At safepoint: 18704 ns, Total: 241322 ns
[2020-12-14T04:15:54.695+0000][6][safepoint    ] Safepoint "Cleanup", Time since last: 1069965851 ns, Reaching safepoint: 237370 ns, At safepoint: 19294 ns, Total: 256664 ns
[2020-12-14T04:15:55.696+0000][6][safepoint    ] Safepoint "Cleanup", Time since last: 1000204936 ns, Reaching safepoint: 222244 ns, At safepoint: 18424 ns, Total: 240668 ns
[2020-12-14T04:15:56.696+0000][6][safepoint    ] Safepoint "Cleanup", Time since last: 1000192025 ns, Reaching safepoint: 295009 ns, At safepoint: 17028 ns, Total: 312037 ns
[2020-12-14T04:15:57.697+0000][6][safepoint    ] Safepoint "Cleanup", Time since last: 1000191496 ns, Reaching safepoint: 230333 ns, At safepoint: 19134 ns, Total: 249467 ns
[2020-12-14T04:15:58.697+0000][6][safepoint    ] Safepoint "Cleanup", Time since last: 1000197791 ns, Reaching safepoint: 236423 ns, At safepoint: 17500 ns, Total: 253923 ns
[2020-12-14T04:15:59.698+0000][6][safepoint    ] Safepoint "Cleanup", Time since last: 1000235474 ns, Reaching safepoint: 223137 ns, At safepoint: 17512 ns, Total: 240649 ns
[2020-12-14T04:16:00.698+0000][6][safepoint    ] Safepoint "Cleanup", Time since last: 1000186256 ns, Reaching safepoint: 247822 ns, At safepoint: 17293 ns, Total: 265115 ns
[2020-12-14T04:16:01.698+0000][6][safepoint    ] Safepoint "Cleanup", Time since last: 1000168676 ns, Reaching safepoint: 225030 ns, At safepoint: 18847 ns, Total: 243877 ns
[2020-12-14T04:16:02.699+0000][6][safepoint    ] Safepoint "Cleanup", Time since last: 1000200132 ns, Reaching safepoint: 224469 ns, At safepoint: 18130 ns, Total: 242599 ns
[2020-12-14T04:16:03.699+0000][6][safepoint    ] Safepoint "Cleanup", Time since last: 1000185712 ns, Reaching safepoint: 300816 ns, At safepoint: 18921 ns, Total: 319737 ns
[2020-12-14T04:16:04.700+0000][6][safepoint    ] Safepoint "Cleanup", Time since last: 1000189913 ns, Reaching safepoint: 231463 ns, At safepoint: 21039 ns, Total: 252502 ns
[2020-12-14T04:16:05.700+0000][6][safepoint    ] Safepoint "Cleanup", Time since last: 1000206246 ns, Reaching safepoint: 300373 ns, At safepoint: 19944 ns, Total: 320317 ns
[2020-12-14T04:16:06.701+0000][6][safepoint    ] Safepoint "Cleanup", Time since last: 1000202044 ns, Reaching safepoint: 255020 ns, At safepoint: 18444 ns, Total: 273464 ns
[2020-12-14T04:16:07.701+0000][6][safepoint    ] Safepoint "Cleanup", Time since last: 1000188999 ns, Reaching safepoint: 253983 ns, At safepoint: 19174 ns, Total: 273157 ns
[2020-12-14T04:16:08.702+0000][6][safepoint    ] Safepoint "Cleanup", Time since last: 1000209079 ns, Reaching safepoint: 220862 ns, At safepoint: 17431 ns, Total: 238293 ns
[2020-12-14T04:16:09.702+0000][6][safepoint    ] Safepoint "Cleanup", Time since last: 1000199049 ns, Reaching safepoint: 280470 ns, At safepoint: 18543 ns, Total: 299013 ns
[2020-12-14T04:16:10.703+0000][6][safepoint    ] Safepoint "Cleanup", Time since last: 1000184705 ns, Reaching safepoint: 271417 ns, At safepoint: 20992 ns, Total: 292409 ns
[2020-12-14T04:16:11.703+0000][6][safepoint    ] Safepoint "Cleanup", Time since last: 1000210413 ns, Reaching safepoint: 302416 ns, At safepoint: 20494 ns, Total: 322910 ns
[2020-12-14T04:16:12.704+0000][6][safepoint    ] Safepoint "Cleanup", Time since last: 1000161885 ns, Reaching safepoint: 234481 ns, At safepoint: 20188 ns, Total: 254669 ns
[2020-12-14T04:16:13.704+0000][6][safepoint    ] Safepoint "Cleanup", Time since last: 1000201638 ns, Reaching safepoint: 217908 ns, At safepoint: 19125 ns, Total: 237033 ns
[2020-12-14T04:16:14.705+0000][6][safepoint    ] Safepoint "Cleanup", Time since last: 1000238587 ns, Reaching safepoint: 216017 ns, At safepoint: 19045 ns, Total: 235062 ns
[2020-12-14T04:16:15.705+0000][6][safepoint    ] Safepoint "Cleanup", Time since last: 1000190994 ns, Reaching safepoint: 228644 ns, At safepoint: 18895 ns, Total: 247539 ns
[2020-12-14T04:16:16.831+0000][6][safepoint    ] Safepoint "Cleanup", Time since last: 1125658444 ns, Reaching safepoint: 226147 ns, At safepoint: 17653 ns, Total: 243800 ns
[2020-12-14T04:16:17.831+0000][6][safepoint    ] Safepoint "Cleanup", Time since last: 1000192803 ns, Reaching safepoint: 280331 ns, At safepoint: 17737 ns, Total: 298068 ns
[2020-12-14T04:16:18.832+0000][6][safepoint    ] Safepoint "Cleanup", Time since last: 1000208627 ns, Reaching safepoint: 224997 ns, At safepoint: 16856 ns, Total: 241853 ns
[2020-12-14T04:16:19.832+0000][6][safepoint    ] Safepoint "Cleanup", Time since last: 1000189452 ns, Reaching safepoint: 275772 ns, At safepoint: 19031 ns, Total: 294803 ns
[2020-12-14T04:16:20.833+0000][6][safepoint    ] Safepoint "Cleanup", Time since last: 1000194472 ns, Reaching safepoint: 218823 ns, At safepoint: 17657 ns, Total: 236480 ns
[2020-12-14T04:16:21.833+0000][6][safepoint    ] Safepoint "Cleanup", Time since last: 1000194839 ns, Reaching safepoint: 298353 ns, At safepoint: 16875 ns, Total: 315228 ns
[2020-12-14T04:16:22.834+0000][6][safepoint    ] Safepoint "Cleanup", Time since last: 1000189574 ns, Reaching safepoint: 233571 ns, At safepoint: 16908 ns, Total: 250479 ns
[2020-12-14T04:16:23.834+0000][6][safepoint    ] Safepoint "Cleanup", Time since last: 1000195648 ns, Reaching safepoint: 295870 ns, At safepoint: 24494 ns, Total: 320364 ns
[2020-12-14T04:16:24.835+0000][6][safepoint    ] Safepoint "Cleanup", Time since last: 1000188399 ns, Reaching safepoint: 233204 ns, At safepoint: 18544 ns, Total: 251748 ns
[2020-12-14T04:16:25.835+0000][6][safepoint    ] Safepoint "Cleanup", Time since last: 1000188169 ns, Reaching safepoint: 227664 ns, At safepoint: 17347 ns, Total: 245011 ns
[2020-12-14T04:16:26.836+0000][6][safepoint    ] Safepoint "Cleanup", Time since last: 1000206473 ns, Reaching safepoint: 276479 ns, At safepoint: 18297 ns, Total: 294776 ns
[2020-12-14T04:16:27.836+0000][6][safepoint    ] Safepoint "Cleanup", Time since last: 1000193515 ns, Reaching safepoint: 239561 ns, At safepoint: 17751 ns, Total: 257312 ns
[2020-12-14T04:16:28.836+0000][6][safepoint    ] Safepoint "Cleanup", Time since last: 1000212473 ns, Reaching safepoint: 235575 ns, At safepoint: 18984 ns, Total: 254559 ns
[2020-12-14T04:16:29.837+0000][6][safepoint    ] Safepoint "Cleanup", Time since last: 1000180395 ns, Reaching safepoint: 230909 ns, At safepoint: 18874 ns, Total: 249783 ns
[2020-12-14T04:16:30.837+0000][6][safepoint    ] Safepoint "Cleanup", Time since last: 1000209585 ns, Reaching safepoint: 246397 ns, At safepoint: 17573 ns, Total: 263970 ns
[2020-12-14T04:16:32.671+0000][6][safepoint    ] Safepoint "Cleanup", Time since last: 1833007252 ns, Reaching safepoint: 229746 ns, At safepoint: 18947 ns, Total: 248693 ns
[2020-12-14T04:16:33.671+0000][6][safepoint    ] Safepoint "Cleanup", Time since last: 1000189190 ns, Reaching safepoint: 265103 ns, At safepoint: 16915 ns, Total: 282018 ns
[2020-12-14T04:16:34.672+0000][6][safepoint    ] Safepoint "Cleanup", Time since last: 1000185809 ns, Reaching safepoint: 221450 ns, At safepoint: 18454 ns, Total: 239904 ns
[2020-12-14T04:16:36.651+0000][6][safepoint    ] Safepoint "Cleanup", Time since last: 1979081977 ns, Reaching safepoint: 291874 ns, At safepoint: 18955 ns, Total: 310829 ns
[2020-12-14T04:16:37.651+0000][6][safepoint    ] Safepoint "Cleanup", Time since last: 1000171813 ns, Reaching safepoint: 245818 ns, At safepoint: 18587 ns, Total: 264405 ns
[2020-12-14T04:16:38.652+0000][6][safepoint    ] Safepoint "Cleanup", Time since last: 1000188729 ns, Reaching safepoint: 231745 ns, At safepoint: 18118 ns, Total: 249863 ns
[2020-12-14T04:16:39.652+0000][6][safepoint    ] Safepoint "Cleanup", Time since last: 1000182139 ns, Reaching safepoint: 260000 ns, At safepoint: 18937 ns, Total: 278937 ns
[2020-12-14T04:16:40.653+0000][6][safepoint    ] Safepoint "Cleanup", Time since last: 1000200360 ns, Reaching safepoint: 225720 ns, At safepoint: 20755 ns, Total: 246475 ns
[2020-12-14T04:16:41.653+0000][6][safepoint    ] Safepoint "Cleanup", Time since last: 1000185154 ns, Reaching safepoint: 365750 ns, At safepoint: 19371 ns, Total: 385121 ns
[2020-12-14T04:16:42.654+0000][6][safepoint    ] Safepoint "Cleanup", Time since last: 1000184644 ns, Reaching safepoint: 220724 ns, At safepoint: 18614 ns, Total: 239338 ns
[2020-12-14T04:16:43.654+0000][6][safepoint    ] Safepoint "Cleanup", Time since last: 1000188853 ns, Reaching safepoint: 267196 ns, At safepoint: 21273 ns, Total: 288469 ns
[2020-12-14T04:16:44.655+0000][6][safepoint    ] Safepoint "Cleanup", Time since last: 1000150753 ns, Reaching safepoint: 219794 ns, At safepoint: 17792 ns, Total: 237586 ns
[2020-12-14T04:16:45.655+0000][6][safepoint    ] Safepoint "Cleanup", Time since last: 1000183204 ns, Reaching safepoint: 233224 ns, At safepoint: 18895 ns, Total: 252119 ns
[2020-12-14T04:16:46.655+0000][6][safepoint    ] Safepoint "Cleanup", Time since last: 1000138033 ns, Reaching safepoint: 224823 ns, At safepoint: 18560 ns, Total: 243383 ns
[2020-12-14T04:16:47.656+0000][6][safepoint    ] Safepoint "Cleanup", Time since last: 1000190801 ns, Reaching safepoint: 218545 ns, At safepoint: 19071 ns, Total: 237616 ns
[2020-12-14T04:16:48.656+0000][6][safepoint    ] Safepoint "Cleanup", Time since last: 1000180355 ns, Reaching safepoint: 234228 ns, At safepoint: 18914 ns, Total: 253142 ns
[2020-12-14T04:16:49.657+0000][6][safepoint    ] Safepoint "Cleanup", Time since last: 1000194847 ns, Reaching safepoint: 226200 ns, At safepoint: 18241 ns, Total: 244441 ns
[2020-12-14T04:16:50.657+0000][6][safepoint    ] Safepoint "Cleanup", Time since last: 1000173183 ns, Reaching safepoint: 301522 ns, At safepoint: 18789 ns, Total: 320311 ns
[2020-12-14T04:16:51.658+0000][6][safepoint    ] Safepoint "Cleanup", Time since last: 1000188646 ns, Reaching safepoint: 224195 ns, At safepoint: 18918 ns, Total: 243113 ns
[2020-12-14T04:16:52.658+0000][6][safepoint    ] Safepoint "Cleanup", Time since last: 1000186515 ns, Reaching safepoint: 231986 ns, At safepoint: 17444 ns, Total: 249430 ns
[2020-12-14T04:16:53.658+0000][6][safepoint    ] Safepoint "Cleanup", Time since last: 1000206927 ns, Reaching safepoint: 233147 ns, At safepoint: 18521 ns, Total: 251668 ns
[2020-12-14T04:16:54.659+0000][6][safepoint    ] Safepoint "Cleanup", Time since last: 1000187261 ns, Reaching safepoint: 227901 ns, At safepoint: 20315 ns, Total: 248216 ns
[2020-12-14T04:16:54.707+0000][6][safepoint    ] Safepoint "BulkRevokeBias", Time since last: 46547266 ns, Reaching safepoint: 247604 ns, At safepoint: 1039335 ns, Total: 1286939 ns
[2020-12-14T04:16:55.725+0000][6][safepoint    ] Safepoint "Cleanup", Time since last: 1017538863 ns, Reaching safepoint: 238624 ns, At safepoint: 20518 ns, Total: 259142 ns
[2020-12-14T04:16:56.725+0000][6][safepoint    ] Safepoint "Cleanup", Time since last: 1000205723 ns, Reaching safepoint: 206174 ns, At safepoint: 17838 ns, Total: 224012 ns
[2020-12-14T04:16:57.725+0000][6][safepoint    ] Safepoint "Cleanup", Time since last: 1000201694 ns, Reaching safepoint: 227642 ns, At safepoint: 17850 ns, Total: 245492 ns
[2020-12-14T04:16:58.726+0000][6][safepoint    ] Safepoint "Cleanup", Time since last: 1000180981 ns, Reaching safepoint: 229442 ns, At safepoint: 18564 ns, Total: 248006 ns
[2020-12-14T04:16:59.726+0000][6][safepoint    ] Safepoint "Cleanup", Time since last: 1000179740 ns, Reaching safepoint: 248243 ns, At safepoint: 18944 ns, Total: 267187 ns
[2020-12-14T04:17:00.727+0000][6][safepoint    ] Safepoint "Cleanup", Time since last: 1000188627 ns, Reaching safepoint: 236726 ns, At safepoint: 18874 ns, Total: 255600 ns
[2020-12-14T04:17:01.727+0000][6][safepoint    ] Safepoint "Cleanup", Time since last: 1000188075 ns, Reaching safepoint: 288962 ns, At safepoint: 18833 ns, Total: 307795 ns
[2020-12-14T04:17:02.728+0000][6][safepoint    ] Safepoint "Cleanup", Time since last: 1000191082 ns, Reaching safepoint: 225320 ns, At safepoint: 18514 ns, Total: 243834 ns
[2020-12-14T04:17:03.728+0000][6][safepoint    ] Safepoint "Cleanup", Time since last: 1000189970 ns, Reaching safepoint: 276152 ns, At safepoint: 19708 ns, Total: 295860 ns
[2020-12-14T04:17:04.729+0000][6][safepoint    ] Safepoint "Cleanup", Time since last: 1000191742 ns, Reaching safepoint: 228051 ns, At safepoint: 18864 ns, Total: 246915 ns
[2020-12-14T04:17:05.729+0000][6][safepoint    ] Safepoint "Cleanup", Time since last: 1000192534 ns, Reaching safepoint: 231413 ns, At safepoint: 33960 ns, Total: 265373 ns
[2020-12-14T04:17:06.730+0000][6][safepoint    ] Safepoint "Cleanup", Time since last: 1000190892 ns, Reaching safepoint: 268381 ns, At safepoint: 16347 ns, Total: 284728 ns
[2020-12-14T04:17:07.730+0000][6][safepoint    ] Safepoint "Cleanup", Time since last: 1000175891 ns, Reaching safepoint: 230836 ns, At safepoint: 19021 ns, Total: 249857 ns
[2020-12-14T04:17:08.730+0000][6][safepoint    ] Safepoint "Cleanup", Time since last: 1000191780 ns, Reaching safepoint: 228925 ns, At safepoint: 19011 ns, Total: 247936 ns
[2020-12-14T04:17:09.731+0000][6][safepoint    ] Safepoint "Cleanup", Time since last: 1000188762 ns, Reaching safepoint: 235452 ns, At safepoint: 18805 ns, Total: 254257 ns
[2020-12-14T04:17:10.731+0000][6][safepoint    ] Safepoint "Cleanup", Time since last: 1000190850 ns, Reaching safepoint: 251031 ns, At safepoint: 18994 ns, Total: 270025 ns
[2020-12-14T04:17:11.732+0000][6][safepoint    ] Safepoint "Cleanup", Time since last: 1000184717 ns, Reaching safepoint: 244724 ns, At safepoint: 18731 ns, Total: 263455 ns
[2020-12-14T04:17:12.732+0000][6][safepoint    ] Safepoint "Cleanup", Time since last: 1000189405 ns, Reaching safepoint: 261560 ns, At safepoint: 19028 ns, Total: 280588 ns
[2020-12-14T04:17:13.733+0000][6][safepoint    ] Safepoint "Cleanup", Time since last: 1000173856 ns, Reaching safepoint: 238056 ns, At safepoint: 17733 ns, Total: 255789 ns
[2020-12-14T04:17:14.733+0000][6][safepoint    ] Safepoint "Cleanup", Time since last: 1000185725 ns, Reaching safepoint: 248103 ns, At safepoint: 19571 ns, Total: 267674 ns
[2020-12-14T04:17:15.734+0000][6][safepoint    ] Safepoint "Cleanup", Time since last: 1000187625 ns, Reaching safepoint: 238771 ns, At safepoint: 18691 ns, Total: 257462 ns
[2020-12-14T04:17:16.734+0000][6][safepoint    ] Safepoint "Cleanup", Time since last: 1000187435 ns, Reaching safepoint: 240002 ns, At safepoint: 16076 ns, Total: 256078 ns
[2020-12-14T04:17:17.734+0000][6][safepoint    ] Safepoint "Cleanup", Time since last: 1000192271 ns, Reaching safepoint: 241282 ns, At safepoint: 18731 ns, Total: 260013 ns
[2020-12-14T04:17:18.735+0000][6][safepoint    ] Safepoint "Cleanup", Time since last: 1000188349 ns, Reaching safepoint: 212439 ns, At safepoint: 19134 ns, Total: 231573 ns
[2020-12-14T04:17:19.735+0000][6][safepoint    ] Safepoint "Cleanup", Time since last: 1000221468 ns, Reaching safepoint: 241977 ns, At safepoint: 19547 ns, Total: 261524 ns
[2020-12-14T04:17:20.736+0000][6][safepoint    ] Safepoint "Cleanup", Time since last: 1000185983 ns, Reaching safepoint: 278200 ns, At safepoint: 18090 ns, Total: 296290 ns
[2020-12-14T04:17:21.736+0000][6][safepoint    ] Safepoint "Cleanup", Time since last: 1000183108 ns, Reaching safepoint: 239297 ns, At safepoint: 17961 ns, Total: 257258 ns
[2020-12-14T04:17:22.737+0000][6][safepoint    ] Safepoint "Cleanup", Time since last: 1000170852 ns, Reaching safepoint: 222195 ns, At safepoint: 18694 ns, Total: 240889 ns
[2020-12-14T04:17:23.737+0000][6][safepoint    ] Safepoint "Cleanup", Time since last: 1000203078 ns, Reaching safepoint: 255686 ns, At safepoint: 17992 ns, Total: 273678 ns
[2020-12-14T04:17:24.738+0000][6][safepoint    ] Safepoint "Cleanup", Time since last: 1000188131 ns, Reaching safepoint: 230516 ns, At safepoint: 18801 ns, Total: 249317 ns
[2020-12-14T04:17:25.738+0000][6][safepoint    ] Safepoint "Cleanup", Time since last: 1000188033 ns, Reaching safepoint: 247088 ns, At safepoint: 35214 ns, Total: 282302 ns
[2020-12-14T04:17:26.739+0000][6][safepoint    ] Safepoint "Cleanup", Time since last: 1000188115 ns, Reaching safepoint: 213779 ns, At safepoint: 18531 ns, Total: 232310 ns
[2020-12-14T04:17:27.739+0000][6][safepoint    ] Safepoint "Cleanup", Time since last: 1000201644 ns, Reaching safepoint: 175604 ns, At safepoint: 17507 ns, Total: 193111 ns
[2020-12-14T04:17:29.174+0000][6][safepoint    ] Safepoint "Cleanup", Time since last: 1435119099 ns, Reaching safepoint: 293936 ns, At safepoint: 18594 ns, Total: 312530 ns
[2020-12-14T04:17:30.175+0000][6][safepoint    ] Safepoint "Cleanup", Time since last: 1000185970 ns, Reaching safepoint: 220257 ns, At safepoint: 18494 ns, Total: 238751 ns
[2020-12-14T04:17:31.175+0000][6][safepoint    ] Safepoint "Cleanup", Time since last: 1000187789 ns, Reaching safepoint: 232584 ns, At safepoint: 20405 ns, Total: 252989 ns
[2020-12-14T04:17:32.176+0000][6][safepoint    ] Safepoint "Cleanup", Time since last: 1000183439 ns, Reaching safepoint: 225783 ns, At safepoint: 18814 ns, Total: 244597 ns
[2020-12-14T04:17:33.176+0000][6][safepoint    ] Safepoint "Cleanup", Time since last: 1000174408 ns, Reaching safepoint: 230182 ns, At safepoint: 18711 ns, Total: 248893 ns
[2020-12-14T04:17:33.536+0000][6][safepoint    ] Safepoint "BulkRevokeBias", Time since last: 358980398 ns, Reaching safepoint: 208738 ns, At safepoint: 899224 ns, Total: 1107962 ns
[2020-12-14T04:17:33.756+0000][6][gc,heap,exit ] Heap
[2020-12-14T04:17:33.756+0000][6][gc,heap,exit ]  garbage-first heap   total 812032K, used 556065K [0x00000000c0000000, 0x0000000100000000)
[2020-12-14T04:17:33.756+0000][6][gc,heap,exit ]   region size 1024K, 371 young (379904K), 23 survivors (23552K)
[2020-12-14T04:17:33.756+0000][6][gc,heap,exit ]  Metaspace       used 77521K, capacity 82151K, committed 82332K, reserved 1120256K
[2020-12-14T04:17:33.756+0000][6][gc,heap,exit ]   class space    used 9661K, capacity 11670K, committed 11676K, reserved 1048576K
