[2021-08-17T06:02:53.135+0000][6][gc,heap] Heap region size: 1M
[2021-08-17T06:02:53.135+0000][6][gc,heap,coops] Heap address: 0x00000000c0000000, size: 1024 MB, Compressed Oops mode: 32-bit
[2021-08-17T06:02:53.246+0000][6][gc           ] Using G1
[2021-08-17T06:02:53.247+0000][6][gc,cds       ] Mark closed archive regions in map: [0x00000000fff00000, 0x00000000fff7eff8]
[2021-08-17T06:02:53.247+0000][6][gc,cds       ] Mark open archive regions in map: [0x00000000ffe00000, 0x00000000ffe51ff8]
[2021-08-17T06:02:53.261+0000][6][gc           ] Periodic GC disabled
[2021-08-17T06:02:53.548+0000][6][gc,start     ] GC(0) Pause Young (Normal) (G1 Evacuation Pause)
[2021-08-17T06:02:53.549+0000][6][gc,task      ] GC(0) Using 4 workers of 4 for evacuation
[2021-08-17T06:02:53.549+0000][6][gc,age       ] GC(0) Desired survivor size 1048576 bytes, new threshold 15 (max threshold 15)
[2021-08-17T06:02:53.551+0000][6][gc,age       ] GC(0) Age table with threshold 15 (max threshold 15)
[2021-08-17T06:02:53.551+0000][6][gc,age       ] GC(0) - age   1:    2045544 bytes,    2045544 total
[2021-08-17T06:02:53.552+0000][6][gc,phases    ] GC(0)   Pre Evacuate Collection Set: 0.1ms
[2021-08-17T06:02:53.552+0000][6][gc,phases    ] GC(0)   Merge Heap Roots: 0.1ms
[2021-08-17T06:02:53.552+0000][6][gc,phases    ] GC(0)   Evacuate Collection Set: 2.0ms
[2021-08-17T06:02:53.552+0000][6][gc,phases    ] GC(0)   Post Evacuate Collection Set: 0.7ms
[2021-08-17T06:02:53.552+0000][6][gc,phases    ] GC(0)   Other: 0.7ms
[2021-08-17T06:02:53.552+0000][6][gc,heap      ] GC(0) Eden regions: 13->0(16)
[2021-08-17T06:02:53.552+0000][6][gc,heap      ] GC(0) Survivor regions: 0->2(2)
[2021-08-17T06:02:53.552+0000][6][gc,heap      ] GC(0) Old regions: 0->1
[2021-08-17T06:02:53.552+0000][6][gc,heap      ] GC(0) Archive regions: 2->2
[2021-08-17T06:02:53.552+0000][6][gc,heap      ] GC(0) Humongous regions: 1->1
[2021-08-17T06:02:53.552+0000][6][gc,metaspace ] GC(0) Metaspace: 3507K(6656K)->3507K(6656K) NonClass: 3146K(5888K)->3146K(5888K) Class: 360K(768K)->360K(768K)
[2021-08-17T06:02:53.552+0000][6][gc           ] GC(0) Pause Young (Normal) (G1 Evacuation Pause) 14M->3M(258M) 3.668ms
[2021-08-17T06:02:53.552+0000][6][gc,cpu       ] GC(0) User=0.01s Sys=0.00s Real=0.00s
[2021-08-17T06:02:53.552+0000][6][safepoint    ] Safepoint "G1CollectForAllocation", Time since last: 292461753 ns, Reaching safepoint: 835325 ns, At safepoint: 3758650 ns, Total: 4593975 ns
[2021-08-17T06:02:54.113+0000][6][gc,start     ] GC(1) Pause Young (Normal) (G1 Evacuation Pause)
[2021-08-17T06:02:54.113+0000][6][gc,task      ] GC(1) Using 4 workers of 4 for evacuation
[2021-08-17T06:02:54.113+0000][6][gc,age       ] GC(1) Desired survivor size 1572864 bytes, new threshold 1 (max threshold 15)
[2021-08-17T06:02:54.130+0000][6][gc,age       ] GC(1) Age table with threshold 1 (max threshold 15)
[2021-08-17T06:02:54.130+0000][6][gc,age       ] GC(1) - age   1:    1242064 bytes,    1242064 total
[2021-08-17T06:02:54.130+0000][6][gc,phases    ] GC(1)   Pre Evacuate Collection Set: 0.1ms
[2021-08-17T06:02:54.130+0000][6][gc,phases    ] GC(1)   Merge Heap Roots: 0.0ms
[2021-08-17T06:02:54.130+0000][6][gc,phases    ] GC(1)   Evacuate Collection Set: 16.3ms
[2021-08-17T06:02:54.130+0000][6][gc,phases    ] GC(1)   Post Evacuate Collection Set: 0.5ms
[2021-08-17T06:02:54.130+0000][6][gc,phases    ] GC(1)   Other: 0.1ms
[2021-08-17T06:02:54.130+0000][6][gc,heap      ] GC(1) Eden regions: 16->0(49)
[2021-08-17T06:02:54.130+0000][6][gc,heap      ] GC(1) Survivor regions: 2->2(3)
[2021-08-17T06:02:54.130+0000][6][gc,heap      ] GC(1) Old regions: 1->3
[2021-08-17T06:02:54.130+0000][6][gc,heap      ] GC(1) Archive regions: 2->2
[2021-08-17T06:02:54.130+0000][6][gc,heap      ] GC(1) Humongous regions: 1->1
[2021-08-17T06:02:54.130+0000][6][gc,metaspace ] GC(1) Metaspace: 8025K(9344K)->8025K(9344K) NonClass: 7082K(8192K)->7082K(8192K) Class: 942K(1152K)->942K(1152K)
[2021-08-17T06:02:54.130+0000][6][gc           ] GC(1) Pause Young (Normal) (G1 Evacuation Pause) 19M->5M(258M) 17.133ms
[2021-08-17T06:02:54.130+0000][6][gc,cpu       ] GC(1) User=0.02s Sys=0.00s Real=0.02s
[2021-08-17T06:02:54.131+0000][6][safepoint    ] Safepoint "G1CollectForAllocation", Time since last: 561086495 ns, Reaching safepoint: 606733 ns, At safepoint: 17220255 ns, Total: 17826988 ns
[2021-08-17T06:02:55.022+0000][6][safepoint    ] Safepoint "ICBufferFull", Time since last: 889967658 ns, Reaching safepoint: 1074092 ns, At safepoint: 39500 ns, Total: 1113592 ns
[2021-08-17T06:02:55.106+0000][6][gc,start     ] GC(2) Pause Young (Normal) (G1 Evacuation Pause)
[2021-08-17T06:02:55.106+0000][6][gc,task      ] GC(2) Using 4 workers of 4 for evacuation
[2021-08-17T06:02:55.106+0000][6][gc,age       ] GC(2) Desired survivor size 3670016 bytes, new threshold 15 (max threshold 15)
[2021-08-17T06:02:55.119+0000][6][gc,age       ] GC(2) Age table with threshold 15 (max threshold 15)
[2021-08-17T06:02:55.119+0000][6][gc,age       ] GC(2) - age   1:    2988304 bytes,    2988304 total
[2021-08-17T06:02:55.119+0000][6][gc,age       ] GC(2) - age   2:    1161912 bytes,    4150216 total
[2021-08-17T06:02:55.119+0000][6][gc,phases    ] GC(2)   Pre Evacuate Collection Set: 0.1ms
[2021-08-17T06:02:55.119+0000][6][gc,phases    ] GC(2)   Merge Heap Roots: 0.1ms
[2021-08-17T06:02:55.119+0000][6][gc,phases    ] GC(2)   Evacuate Collection Set: 6.8ms
[2021-08-17T06:02:55.119+0000][6][gc,phases    ] GC(2)   Post Evacuate Collection Set: 5.6ms
[2021-08-17T06:02:55.119+0000][6][gc,phases    ] GC(2)   Other: 0.2ms
[2021-08-17T06:02:55.119+0000][6][gc,heap      ] GC(2) Eden regions: 49->0(148)
[2021-08-17T06:02:55.119+0000][6][gc,heap      ] GC(2) Survivor regions: 2->5(7)
[2021-08-17T06:02:55.119+0000][6][gc,heap      ] GC(2) Old regions: 3->3
[2021-08-17T06:02:55.119+0000][6][gc,heap      ] GC(2) Archive regions: 2->2
[2021-08-17T06:02:55.119+0000][6][gc,heap      ] GC(2) Humongous regions: 1->1
[2021-08-17T06:02:55.119+0000][6][gc,metaspace ] GC(2) Metaspace: 13977K(14848K)->13977K(14848K) NonClass: 12270K(12800K)->12270K(12800K) Class: 1706K(2048K)->1706K(2048K)
[2021-08-17T06:02:55.119+0000][6][gc           ] GC(2) Pause Young (Normal) (G1 Evacuation Pause) 54M->7M(258M) 12.949ms
[2021-08-17T06:02:55.119+0000][6][gc,cpu       ] GC(2) User=0.03s Sys=0.00s Real=0.02s
[2021-08-17T06:02:55.119+0000][6][safepoint    ] Safepoint "G1CollectForAllocation", Time since last: 84383915 ns, Reaching safepoint: 67477 ns, At safepoint: 13025823 ns, Total: 13093300 ns
[2021-08-17T06:02:55.122+0000][6][safepoint    ] Safepoint "BulkRevokeBias", Time since last: 1911044 ns, Reaching safepoint: 486343 ns, At safepoint: 64073 ns, Total: 550416 ns
[2021-08-17T06:02:55.907+0000][6][gc,start     ] GC(3) Pause Young (Normal) (G1 Evacuation Pause)
[2021-08-17T06:02:55.907+0000][6][gc,task      ] GC(3) Using 4 workers of 4 for evacuation
[2021-08-17T06:02:55.907+0000][6][gc,age       ] GC(3) Desired survivor size 10485760 bytes, new threshold 15 (max threshold 15)
[2021-08-17T06:02:55.924+0000][6][gc,age       ] GC(3) Age table with threshold 15 (max threshold 15)
[2021-08-17T06:02:55.924+0000][6][gc,age       ] GC(3) - age   1:    2550376 bytes,    2550376 total
[2021-08-17T06:02:55.924+0000][6][gc,age       ] GC(3) - age   2:    1835432 bytes,    4385808 total
[2021-08-17T06:02:55.924+0000][6][gc,age       ] GC(3) - age   3:    1158328 bytes,    5544136 total
[2021-08-17T06:02:55.924+0000][6][gc,phases    ] GC(3)   Pre Evacuate Collection Set: 2.9ms
[2021-08-17T06:02:55.924+0000][6][gc,phases    ] GC(3)   Merge Heap Roots: 1.1ms
[2021-08-17T06:02:55.924+0000][6][gc,phases    ] GC(3)   Evacuate Collection Set: 8.7ms
[2021-08-17T06:02:55.924+0000][6][gc,phases    ] GC(3)   Post Evacuate Collection Set: 4.4ms
[2021-08-17T06:02:55.924+0000][6][gc,phases    ] GC(3)   Other: 0.2ms
[2021-08-17T06:02:55.924+0000][6][gc,heap      ] GC(3) Eden regions: 148->0(147)
[2021-08-17T06:02:55.924+0000][6][gc,heap      ] GC(3) Survivor regions: 5->6(20)
[2021-08-17T06:02:55.924+0000][6][gc,heap      ] GC(3) Old regions: 3->3
[2021-08-17T06:02:55.924+0000][6][gc,heap      ] GC(3) Archive regions: 2->2
[2021-08-17T06:02:55.924+0000][6][gc,heap      ] GC(3) Humongous regions: 2->1
[2021-08-17T06:02:55.924+0000][6][gc,metaspace ] GC(3) Metaspace: 16201K(17152K)->16201K(17152K) NonClass: 14202K(14848K)->14202K(14848K) Class: 1999K(2304K)->1999K(2304K)
[2021-08-17T06:02:55.924+0000][6][gc           ] GC(3) Pause Young (Normal) (G1 Evacuation Pause) 156M->9M(258M) 17.353ms
[2021-08-17T06:02:55.924+0000][6][gc,cpu       ] GC(3) User=0.03s Sys=0.00s Real=0.01s
[2021-08-17T06:02:55.924+0000][6][safepoint    ] Safepoint "G1CollectForAllocation", Time since last: 780688784 ns, Reaching safepoint: 4531408 ns, At safepoint: 17418455 ns, Total: 21949863 ns
[2021-08-17T06:02:55.934+0000][6][safepoint    ] Safepoint "BulkRevokeBias", Time since last: 8627387 ns, Reaching safepoint: 626510 ns, At safepoint: 132494 ns, Total: 759004 ns
[2021-08-17T06:02:55.934+0000][6][safepoint    ] Safepoint "BulkRevokeBias", Time since last: 66216 ns, Reaching safepoint: 561342 ns, At safepoint: 44680 ns, Total: 606022 ns
[2021-08-17T06:02:56.602+0000][6][gc,start     ] GC(4) Pause Young (Normal) (G1 Evacuation Pause)
[2021-08-17T06:02:56.602+0000][6][gc,task      ] GC(4) Using 4 workers of 4 for evacuation
[2021-08-17T06:02:56.602+0000][6][gc,age       ] GC(4) Desired survivor size 10485760 bytes, new threshold 15 (max threshold 15)
[2021-08-17T06:02:56.621+0000][6][gc,age       ] GC(4) Age table with threshold 15 (max threshold 15)
[2021-08-17T06:02:56.621+0000][6][gc,age       ] GC(4) - age   1:    2646960 bytes,    2646960 total
[2021-08-17T06:02:56.621+0000][6][gc,age       ] GC(4) - age   2:    2140600 bytes,    4787560 total
[2021-08-17T06:02:56.621+0000][6][gc,age       ] GC(4) - age   3:    1834976 bytes,    6622536 total
[2021-08-17T06:02:56.621+0000][6][gc,age       ] GC(4) - age   4:    1158328 bytes,    7780864 total
[2021-08-17T06:02:56.621+0000][6][gc,phases    ] GC(4)   Pre Evacuate Collection Set: 0.1ms
[2021-08-17T06:02:56.621+0000][6][gc,phases    ] GC(4)   Merge Heap Roots: 0.1ms
[2021-08-17T06:02:56.621+0000][6][gc,phases    ] GC(4)   Evacuate Collection Set: 14.1ms
[2021-08-17T06:02:56.621+0000][6][gc,phases    ] GC(4)   Post Evacuate Collection Set: 4.7ms
[2021-08-17T06:02:56.621+0000][6][gc,phases    ] GC(4)   Other: 0.2ms
[2021-08-17T06:02:56.621+0000][6][gc,heap      ] GC(4) Eden regions: 147->0(145)
[2021-08-17T06:02:56.621+0000][6][gc,heap      ] GC(4) Survivor regions: 6->8(20)
[2021-08-17T06:02:56.621+0000][6][gc,heap      ] GC(4) Old regions: 3->3
[2021-08-17T06:02:56.621+0000][6][gc,heap      ] GC(4) Archive regions: 2->2
[2021-08-17T06:02:56.621+0000][6][gc,heap      ] GC(4) Humongous regions: 1->1
[2021-08-17T06:02:56.621+0000][6][gc,metaspace ] GC(4) Metaspace: 17693K(18688K)->17693K(18688K) NonClass: 15549K(16128K)->15549K(16128K) Class: 2143K(2560K)->2143K(2560K)
[2021-08-17T06:02:56.621+0000][6][gc           ] GC(4) Pause Young (Normal) (G1 Evacuation Pause) 156M->11M(258M) 19.102ms
[2021-08-17T06:02:56.621+0000][6][gc,cpu       ] GC(4) User=0.03s Sys=0.00s Real=0.02s
[2021-08-17T06:02:56.621+0000][6][safepoint    ] Safepoint "G1CollectForAllocation", Time since last: 667157844 ns, Reaching safepoint: 155888 ns, At safepoint: 19234465 ns, Total: 19390353 ns
[2021-08-17T06:02:56.625+0000][6][safepoint    ] Safepoint "BulkRevokeBias", Time since last: 3896648 ns, Reaching safepoint: 206350 ns, At safepoint: 38946 ns, Total: 245296 ns
[2021-08-17T06:02:57.053+0000][6][gc,start     ] GC(5) Pause Young (Concurrent Start) (Metadata GC Threshold)
[2021-08-17T06:02:57.053+0000][6][gc,task      ] GC(5) Using 4 workers of 4 for evacuation
[2021-08-17T06:02:57.053+0000][6][gc,age       ] GC(5) Desired survivor size 10485760 bytes, new threshold 15 (max threshold 15)
[2021-08-17T06:02:57.070+0000][6][gc,age       ] GC(5) Age table with threshold 15 (max threshold 15)
[2021-08-17T06:02:57.070+0000][6][gc,age       ] GC(5) - age   1:     463848 bytes,     463848 total
[2021-08-17T06:02:57.070+0000][6][gc,age       ] GC(5) - age   2:    2586800 bytes,    3050648 total
[2021-08-17T06:02:57.070+0000][6][gc,age       ] GC(5) - age   3:    2137032 bytes,    5187680 total
[2021-08-17T06:02:57.070+0000][6][gc,age       ] GC(5) - age   4:    1826264 bytes,    7013944 total
[2021-08-17T06:02:57.070+0000][6][gc,age       ] GC(5) - age   5:    1156464 bytes,    8170408 total
[2021-08-17T06:02:57.070+0000][6][gc,phases    ] GC(5)   Pre Evacuate Collection Set: 0.1ms
[2021-08-17T06:02:57.070+0000][6][gc,phases    ] GC(5)   Merge Heap Roots: 0.1ms
[2021-08-17T06:02:57.070+0000][6][gc,phases    ] GC(5)   Evacuate Collection Set: 11.6ms
[2021-08-17T06:02:57.070+0000][6][gc,phases    ] GC(5)   Post Evacuate Collection Set: 5.1ms
[2021-08-17T06:02:57.070+0000][6][gc,phases    ] GC(5)   Other: 0.4ms
[2021-08-17T06:02:57.070+0000][6][gc,heap      ] GC(5) Eden regions: 26->0(144)
[2021-08-17T06:02:57.070+0000][6][gc,heap      ] GC(5) Survivor regions: 8->9(20)
[2021-08-17T06:02:57.070+0000][6][gc,heap      ] GC(5) Old regions: 3->3
[2021-08-17T06:02:57.070+0000][6][gc,heap      ] GC(5) Archive regions: 2->2
[2021-08-17T06:02:57.070+0000][6][gc,heap      ] GC(5) Humongous regions: 1->1
[2021-08-17T06:02:57.070+0000][6][gc,metaspace ] GC(5) Metaspace: 20147K(21248K)->20147K(21248K) NonClass: 17712K(18432K)->17712K(18432K) Class: 2435K(2816K)->2435K(2816K)
[2021-08-17T06:02:57.070+0000][6][gc           ] GC(5) Pause Young (Concurrent Start) (Metadata GC Threshold) 37M->12M(258M) 17.385ms
[2021-08-17T06:02:57.070+0000][6][gc,cpu       ] GC(5) User=0.02s Sys=0.00s Real=0.02s
[2021-08-17T06:02:57.070+0000][6][safepoint    ] Safepoint "CollectForMetadataAllocation", Time since last: 427773094 ns, Reaching safepoint: 185778 ns, At safepoint: 17546946 ns, Total: 17732724 ns
[2021-08-17T06:02:57.070+0000][6][gc           ] GC(6) Concurrent Cycle
[2021-08-17T06:02:57.071+0000][6][gc,marking   ] GC(6) Concurrent Clear Claimed Marks
[2021-08-17T06:02:57.071+0000][6][gc,marking   ] GC(6) Concurrent Clear Claimed Marks 0.062ms
[2021-08-17T06:02:57.071+0000][6][gc,marking   ] GC(6) Concurrent Scan Root Regions
[2021-08-17T06:02:57.076+0000][6][gc,marking   ] GC(6) Concurrent Scan Root Regions 5.397ms
[2021-08-17T06:02:57.076+0000][6][gc,marking   ] GC(6) Concurrent Mark (3.952s)
[2021-08-17T06:02:57.076+0000][6][gc,marking   ] GC(6) Concurrent Mark From Roots
[2021-08-17T06:02:57.076+0000][6][gc,task      ] GC(6) Using 1 workers of 1 for marking
[2021-08-17T06:02:57.101+0000][6][safepoint    ] Safepoint "BulkRevokeBias", Time since last: 11670807 ns, Reaching safepoint: 19047595 ns, At safepoint: 86549 ns, Total: 19134144 ns
[2021-08-17T06:02:57.103+0000][6][gc,marking   ] GC(6) Concurrent Mark From Roots 26.850ms
[2021-08-17T06:02:57.103+0000][6][gc,marking   ] GC(6) Concurrent Preclean
[2021-08-17T06:02:57.103+0000][6][gc,marking   ] GC(6) Concurrent Preclean 0.233ms
[2021-08-17T06:02:57.103+0000][6][gc,marking   ] GC(6) Concurrent Mark (3.952s, 3.979s) 27.128ms
[2021-08-17T06:02:57.110+0000][6][gc,start     ] GC(6) Pause Remark
[2021-08-17T06:02:57.120+0000][6][gc           ] GC(6) Pause Remark 13M->13M(256M) 9.413ms
[2021-08-17T06:02:57.120+0000][6][gc,cpu       ] GC(6) User=0.01s Sys=0.00s Real=0.01s
[2021-08-17T06:02:57.120+0000][6][safepoint    ] Safepoint "BulkRevokeBias", Time since last: 1887553 ns, Reaching safepoint: 7281579 ns, At safepoint: 9532051 ns, Total: 16813630 ns
[2021-08-17T06:02:57.121+0000][6][gc,marking   ] GC(6) Concurrent Rebuild Remembered Sets
[2021-08-17T06:02:57.122+0000][6][gc,marking   ] GC(6) Concurrent Rebuild Remembered Sets 1.512ms
[2021-08-17T06:02:57.124+0000][6][gc,start     ] GC(6) Pause Cleanup
[2021-08-17T06:02:57.124+0000][6][gc           ] GC(6) Pause Cleanup 13M->13M(256M) 0.208ms
[2021-08-17T06:02:57.124+0000][6][gc,cpu       ] GC(6) User=0.00s Sys=0.00s Real=0.00s
[2021-08-17T06:02:57.124+0000][6][safepoint    ] Safepoint "G1Concurrent", Time since last: 2128016 ns, Reaching safepoint: 1510912 ns, At safepoint: 269233 ns, Total: 1780145 ns
[2021-08-17T06:02:57.124+0000][6][gc,marking   ] GC(6) Concurrent Cleanup for Next Mark
[2021-08-17T06:02:57.141+0000][6][gc,marking   ] GC(6) Concurrent Cleanup for Next Mark 16.582ms
[2021-08-17T06:02:57.141+0000][6][gc           ] GC(6) Concurrent Cycle 70.069ms
[2021-08-17T06:02:58.001+0000][6][safepoint    ] Safepoint "ICBufferFull", Time since last: 877125880 ns, Reaching safepoint: 328202 ns, At safepoint: 7238 ns, Total: 335440 ns
[2021-08-17T06:02:58.957+0000][6][gc,start     ] GC(7) Pause Young (Normal) (G1 Evacuation Pause)
[2021-08-17T06:02:58.957+0000][6][gc,task      ] GC(7) Using 4 workers of 4 for evacuation
[2021-08-17T06:02:58.957+0000][6][gc,age       ] GC(7) Desired survivor size 10485760 bytes, new threshold 15 (max threshold 15)
[2021-08-17T06:02:58.981+0000][6][gc,age       ] GC(7) Age table with threshold 15 (max threshold 15)
[2021-08-17T06:02:58.981+0000][6][gc,age       ] GC(7) - age   1:   12845576 bytes,   12845576 total
[2021-08-17T06:02:58.981+0000][6][gc,age       ] GC(7) - age   2:     435064 bytes,   13280640 total
[2021-08-17T06:02:58.981+0000][6][gc,age       ] GC(7) - age   3:    2579368 bytes,   15860008 total
[2021-08-17T06:02:58.981+0000][6][gc,age       ] GC(7) - age   4:    2133448 bytes,   17993456 total
[2021-08-17T06:02:58.981+0000][6][gc,age       ] GC(7) - age   5:    1792688 bytes,   19786144 total
[2021-08-17T06:02:58.981+0000][6][gc,age       ] GC(7) - age   6:    1132864 bytes,   20919008 total
[2021-08-17T06:02:58.981+0000][6][gc,phases    ] GC(7)   Pre Evacuate Collection Set: 0.1ms
[2021-08-17T06:02:58.981+0000][6][gc,phases    ] GC(7)   Merge Heap Roots: 0.1ms
[2021-08-17T06:02:58.981+0000][6][gc,phases    ] GC(7)   Evacuate Collection Set: 21.5ms
[2021-08-17T06:02:58.981+0000][6][gc,phases    ] GC(7)   Post Evacuate Collection Set: 2.2ms
[2021-08-17T06:02:58.981+0000][6][gc,phases    ] GC(7)   Other: 0.2ms
[2021-08-17T06:02:58.981+0000][6][gc,heap      ] GC(7) Eden regions: 144->0(133)
[2021-08-17T06:02:58.981+0000][6][gc,heap      ] GC(7) Survivor regions: 9->20(20)
[2021-08-17T06:02:58.981+0000][6][gc,heap      ] GC(7) Old regions: 3->9
[2021-08-17T06:02:58.981+0000][6][gc,heap      ] GC(7) Archive regions: 2->2
[2021-08-17T06:02:58.981+0000][6][gc,heap      ] GC(7) Humongous regions: 1->1
[2021-08-17T06:02:58.981+0000][6][gc,metaspace ] GC(7) Metaspace: 24688K(26108K)->24688K(26108K) NonClass: 21604K(22524K)->21604K(22524K) Class: 3084K(3584K)->3084K(3584K)
[2021-08-17T06:02:58.981+0000][6][gc           ] GC(7) Pause Young (Normal) (G1 Evacuation Pause) 156M->29M(256M) 24.180ms
[2021-08-17T06:02:58.981+0000][6][gc,cpu       ] GC(7) User=0.06s Sys=0.00s Real=0.02s
[2021-08-17T06:02:58.981+0000][6][safepoint    ] Safepoint "G1CollectForAllocation", Time since last: 955613249 ns, Reaching safepoint: 128821 ns, At safepoint: 24260976 ns, Total: 24389797 ns
[2021-08-17T06:02:59.988+0000][6][safepoint    ] Safepoint "Cleanup", Time since last: 1001711909 ns, Reaching safepoint: 5101933 ns, At safepoint: 8103 ns, Total: 5110036 ns
[2021-08-17T06:03:00.060+0000][6][gc,start     ] GC(8) Pause Young (Concurrent Start) (Metadata GC Threshold)
[2021-08-17T06:03:00.060+0000][6][gc,task      ] GC(8) Using 4 workers of 4 for evacuation
[2021-08-17T06:03:00.060+0000][6][gc,age       ] GC(8) Desired survivor size 10485760 bytes, new threshold 1 (max threshold 15)
[2021-08-17T06:03:00.092+0000][6][gc,age       ] GC(8) Age table with threshold 1 (max threshold 15)
[2021-08-17T06:03:00.092+0000][6][gc,age       ] GC(8) - age   1:   10185584 bytes,   10185584 total
[2021-08-17T06:03:00.092+0000][6][gc,phases    ] GC(8)   Pre Evacuate Collection Set: 0.3ms
[2021-08-17T06:03:00.092+0000][6][gc,phases    ] GC(8)   Merge Heap Roots: 0.3ms
[2021-08-17T06:03:00.092+0000][6][gc,phases    ] GC(8)   Evacuate Collection Set: 30.4ms
[2021-08-17T06:03:00.092+0000][6][gc,phases    ] GC(8)   Post Evacuate Collection Set: 1.4ms
[2021-08-17T06:03:00.092+0000][6][gc,phases    ] GC(8)   Other: 0.2ms
[2021-08-17T06:03:00.092+0000][6][gc,heap      ] GC(8) Eden regions: 103->0(122)
[2021-08-17T06:03:00.092+0000][6][gc,heap      ] GC(8) Survivor regions: 20->11(20)
[2021-08-17T06:03:00.092+0000][6][gc,heap      ] GC(8) Old regions: 9->30
[2021-08-17T06:03:00.092+0000][6][gc,heap      ] GC(8) Archive regions: 2->2
[2021-08-17T06:03:00.092+0000][6][gc,heap      ] GC(8) Humongous regions: 1->1
[2021-08-17T06:03:00.092+0000][6][gc,metaspace ] GC(8) Metaspace: 33711K(36048K)->33711K(36048K) NonClass: 29274K(30672K)->29274K(30672K) Class: 4436K(5376K)->4436K(5376K)
[2021-08-17T06:03:00.092+0000][6][gc           ] GC(8) Pause Young (Concurrent Start) (Metadata GC Threshold) 132M->41M(256M) 32.584ms
[2021-08-17T06:03:00.092+0000][6][gc,cpu       ] GC(8) User=0.10s Sys=0.00s Real=0.03s
[2021-08-17T06:03:00.093+0000][6][gc           ] GC(9) Concurrent Cycle
[2021-08-17T06:03:00.093+0000][6][gc,marking   ] GC(9) Concurrent Clear Claimed Marks
[2021-08-17T06:03:00.093+0000][6][safepoint    ] Safepoint "CollectForMetadataAllocation", Time since last: 70721264 ns, Reaching safepoint: 940195 ns, At safepoint: 32837084 ns, Total: 33777279 ns
[2021-08-17T06:03:00.093+0000][6][gc,marking   ] GC(9) Concurrent Clear Claimed Marks 0.142ms
[2021-08-17T06:03:00.093+0000][6][gc,marking   ] GC(9) Concurrent Scan Root Regions
[2021-08-17T06:03:00.108+0000][6][safepoint    ] Safepoint "CollectForMetadataAllocation", Time since last: 15153125 ns, Reaching safepoint: 106254 ns, At safepoint: 137212 ns, Total: 243466 ns
[2021-08-17T06:03:00.120+0000][6][gc,marking   ] GC(9) Concurrent Scan Root Regions 26.958ms
[2021-08-17T06:03:00.120+0000][6][gc,marking   ] GC(9) Concurrent Mark (6.996s)
[2021-08-17T06:03:00.120+0000][6][gc,marking   ] GC(9) Concurrent Mark From Roots
[2021-08-17T06:03:00.120+0000][6][gc,task      ] GC(9) Using 1 workers of 1 for marking
[2021-08-17T06:03:00.131+0000][6][safepoint    ] Safepoint "CollectForMetadataAllocation", Time since last: 21151056 ns, Reaching safepoint: 1923899 ns, At safepoint: 154785 ns, Total: 2078684 ns
[2021-08-17T06:03:00.136+0000][6][gc,marking   ] GC(9) Concurrent Mark From Roots 16.606ms
[2021-08-17T06:03:00.136+0000][6][gc,marking   ] GC(9) Concurrent Preclean
[2021-08-17T06:03:00.136+0000][6][gc,marking   ] GC(9) Concurrent Preclean 0.146ms
[2021-08-17T06:03:00.136+0000][6][gc,marking   ] GC(9) Concurrent Mark (6.996s, 7.013s) 16.796ms
[2021-08-17T06:03:00.138+0000][6][gc,start     ] GC(9) Pause Remark
[2021-08-17T06:03:00.149+0000][6][gc           ] GC(9) Pause Remark 44M->44M(256M) 11.403ms
[2021-08-17T06:03:00.149+0000][6][gc,cpu       ] GC(9) User=0.03s Sys=0.00s Real=0.01s
[2021-08-17T06:03:00.149+0000][6][safepoint    ] Safepoint "G1Concurrent", Time since last: 6599849 ns, Reaching safepoint: 106100 ns, At safepoint: 11469308 ns, Total: 11575408 ns
[2021-08-17T06:03:00.150+0000][6][gc,marking   ] GC(9) Concurrent Rebuild Remembered Sets
[2021-08-17T06:03:00.190+0000][6][gc,marking   ] GC(9) Concurrent Rebuild Remembered Sets 40.031ms
[2021-08-17T06:03:00.190+0000][6][gc,start     ] GC(9) Pause Cleanup
[2021-08-17T06:03:00.190+0000][6][gc           ] GC(9) Pause Cleanup 44M->44M(256M) 0.131ms
[2021-08-17T06:03:00.190+0000][6][gc,cpu       ] GC(9) User=0.00s Sys=0.00s Real=0.00s
[2021-08-17T06:03:00.190+0000][6][safepoint    ] Safepoint "G1Concurrent", Time since last: 40211266 ns, Reaching safepoint: 481204 ns, At safepoint: 167817 ns, Total: 649021 ns
[2021-08-17T06:03:00.190+0000][6][gc,marking   ] GC(9) Concurrent Cleanup for Next Mark
[2021-08-17T06:03:00.192+0000][6][gc,marking   ] GC(9) Concurrent Cleanup for Next Mark 1.248ms
[2021-08-17T06:03:00.192+0000][6][gc           ] GC(9) Concurrent Cycle 99.084ms
[2021-08-17T06:03:00.998+0000][6][safepoint    ] Safepoint "ICBufferFull", Time since last: 805992362 ns, Reaching safepoint: 1827243 ns, At safepoint: 10134 ns, Total: 1837377 ns
[2021-08-17T06:03:01.703+0000][6][safepoint    ] Safepoint "BulkRevokeBias", Time since last: 704339188 ns, Reaching safepoint: 737057 ns, At safepoint: 75445 ns, Total: 812502 ns
[2021-08-17T06:03:01.709+0000][6][safepoint    ] Safepoint "BulkRevokeBias", Time since last: 5500459 ns, Reaching safepoint: 79509 ns, At safepoint: 49596 ns, Total: 129105 ns
[2021-08-17T06:03:02.159+0000][6][safepoint    ] Safepoint "BulkRevokeBias", Time since last: 449482370 ns, Reaching safepoint: 198430 ns, At safepoint: 49567 ns, Total: 247997 ns
[2021-08-17T06:03:02.236+0000][6][gc,start     ] GC(10) Pause Young (Concurrent Start) (G1 Evacuation Pause)
[2021-08-17T06:03:02.236+0000][6][gc,task      ] GC(10) Using 4 workers of 4 for evacuation
[2021-08-17T06:03:02.236+0000][6][gc,age       ] GC(10) Desired survivor size 8912896 bytes, new threshold 1 (max threshold 15)
[2021-08-17T06:03:02.252+0000][6][gc,age       ] GC(10) Age table with threshold 1 (max threshold 15)
[2021-08-17T06:03:02.252+0000][6][gc,age       ] GC(10) - age   1:    7161080 bytes,    7161080 total
[2021-08-17T06:03:02.252+0000][6][gc,phases    ] GC(10)   Pre Evacuate Collection Set: 0.6ms
[2021-08-17T06:03:02.252+0000][6][gc,phases    ] GC(10)   Merge Heap Roots: 0.2ms
[2021-08-17T06:03:02.252+0000][6][gc,phases    ] GC(10)   Evacuate Collection Set: 13.0ms
[2021-08-17T06:03:02.252+0000][6][gc,phases    ] GC(10)   Post Evacuate Collection Set: 2.1ms
[2021-08-17T06:03:02.252+0000][6][gc,phases    ] GC(10)   Other: 0.2ms
[2021-08-17T06:03:02.252+0000][6][gc,heap      ] GC(10) Eden regions: 122->0(117)
[2021-08-17T06:03:02.252+0000][6][gc,heap      ] GC(10) Survivor regions: 11->8(17)
[2021-08-17T06:03:02.252+0000][6][gc,heap      ] GC(10) Old regions: 30->40
[2021-08-17T06:03:02.252+0000][6][gc,heap      ] GC(10) Archive regions: 2->2
[2021-08-17T06:03:02.252+0000][6][gc,heap      ] GC(10) Humongous regions: 1->1
[2021-08-17T06:03:02.252+0000][6][gc,metaspace ] GC(10) Metaspace: 56515K(60368K)->56515K(60368K) NonClass: 48990K(51152K)->48990K(51152K) Class: 7524K(9216K)->7524K(9216K)
[2021-08-17T06:03:02.252+0000][6][gc           ] GC(10) Pause Young (Concurrent Start) (G1 Evacuation Pause) 163M->48M(256M) 16.131ms
[2021-08-17T06:03:02.252+0000][6][gc,cpu       ] GC(10) User=0.04s Sys=0.00s Real=0.02s
[2021-08-17T06:03:02.252+0000][6][gc           ] GC(11) Concurrent Cycle
[2021-08-17T06:03:02.252+0000][6][gc,marking   ] GC(11) Concurrent Clear Claimed Marks
[2021-08-17T06:03:02.252+0000][6][safepoint    ] Safepoint "G1CollectForAllocation", Time since last: 77151439 ns, Reaching safepoint: 328813 ns, At safepoint: 16273839 ns, Total: 16602652 ns
[2021-08-17T06:03:02.253+0000][6][gc,marking   ] GC(11) Concurrent Clear Claimed Marks 0.332ms
[2021-08-17T06:03:02.253+0000][6][gc,marking   ] GC(11) Concurrent Scan Root Regions
[2021-08-17T06:03:02.277+0000][6][gc,marking   ] GC(11) Concurrent Scan Root Regions 23.788ms
[2021-08-17T06:03:02.277+0000][6][gc,marking   ] GC(11) Concurrent Mark (9.153s)
[2021-08-17T06:03:02.277+0000][6][gc,marking   ] GC(11) Concurrent Mark From Roots
[2021-08-17T06:03:02.277+0000][6][gc,task      ] GC(11) Using 1 workers of 1 for marking
[2021-08-17T06:03:02.357+0000][6][gc,marking   ] GC(11) Concurrent Mark From Roots 79.953ms
[2021-08-17T06:03:02.357+0000][6][gc,marking   ] GC(11) Concurrent Preclean
[2021-08-17T06:03:02.357+0000][6][gc,marking   ] GC(11) Concurrent Preclean 0.170ms
[2021-08-17T06:03:02.357+0000][6][gc,marking   ] GC(11) Concurrent Mark (9.153s, 9.233s) 80.167ms
[2021-08-17T06:03:02.358+0000][6][gc,start     ] GC(11) Pause Remark
[2021-08-17T06:03:02.363+0000][6][gc           ] GC(11) Pause Remark 53M->53M(256M) 4.848ms
[2021-08-17T06:03:02.363+0000][6][gc,cpu       ] GC(11) User=0.01s Sys=0.00s Real=0.00s
[2021-08-17T06:03:02.363+0000][6][safepoint    ] Safepoint "BulkRevokeBias", Time since last: 104944098 ns, Reaching safepoint: 292767 ns, At safepoint: 5058961 ns, Total: 5351728 ns
[2021-08-17T06:03:02.363+0000][6][gc,marking   ] GC(11) Concurrent Rebuild Remembered Sets
[2021-08-17T06:03:02.412+0000][6][gc,marking   ] GC(11) Concurrent Rebuild Remembered Sets 49.520ms
[2021-08-17T06:03:02.413+0000][6][gc,start     ] GC(11) Pause Cleanup
[2021-08-17T06:03:02.413+0000][6][gc           ] GC(11) Pause Cleanup 58M->58M(256M) 0.269ms
[2021-08-17T06:03:02.413+0000][6][gc,cpu       ] GC(11) User=0.00s Sys=0.00s Real=0.00s
[2021-08-17T06:03:02.413+0000][6][safepoint    ] Safepoint "G1Concurrent", Time since last: 49591757 ns, Reaching safepoint: 801628 ns, At safepoint: 332338 ns, Total: 1133966 ns
[2021-08-17T06:03:02.418+0000][6][gc,marking   ] GC(11) Concurrent Cleanup for Next Mark
[2021-08-17T06:03:02.419+0000][6][gc,marking   ] GC(11) Concurrent Cleanup for Next Mark 1.215ms
[2021-08-17T06:03:02.419+0000][6][gc           ] GC(11) Concurrent Cycle 166.731ms
[2021-08-17T06:03:02.436+0000][6][safepoint    ] Safepoint "BulkRevokeBias", Time since last: 22336382 ns, Reaching safepoint: 162623 ns, At safepoint: 82988 ns, Total: 245611 ns
[2021-08-17T06:03:03.201+0000][6][gc,start     ] GC(12) Pause Young (Concurrent Start) (G1 Humongous Allocation)
[2021-08-17T06:03:03.202+0000][6][gc,task      ] GC(12) Using 4 workers of 4 for evacuation
[2021-08-17T06:03:03.202+0000][6][gc,age       ] GC(12) Desired survivor size 8388608 bytes, new threshold 15 (max threshold 15)
[2021-08-17T06:03:03.235+0000][6][gc,age       ] GC(12) Age table with threshold 15 (max threshold 15)
[2021-08-17T06:03:03.235+0000][6][gc,age       ] GC(12) - age   1:   10477944 bytes,   10477944 total
[2021-08-17T06:03:03.235+0000][6][gc,age       ] GC(12) - age   2:    6270472 bytes,   16748416 total
[2021-08-17T06:03:03.235+0000][6][gc,phases    ] GC(12)   Pre Evacuate Collection Set: 0.6ms
[2021-08-17T06:03:03.235+0000][6][gc,phases    ] GC(12)   Merge Heap Roots: 0.3ms
[2021-08-17T06:03:03.235+0000][6][gc,phases    ] GC(12)   Evacuate Collection Set: 30.8ms
[2021-08-17T06:03:03.235+0000][6][gc,phases    ] GC(12)   Post Evacuate Collection Set: 1.8ms
[2021-08-17T06:03:03.235+0000][6][gc,phases    ] GC(12)   Other: 0.2ms
[2021-08-17T06:03:03.235+0000][6][gc,heap      ] GC(12) Eden regions: 89->0(38)
[2021-08-17T06:03:03.235+0000][6][gc,heap      ] GC(12) Survivor regions: 8->16(16)
[2021-08-17T06:03:03.235+0000][6][gc,heap      ] GC(12) Old regions: 40->72
[2021-08-17T06:03:03.235+0000][6][gc,heap      ] GC(12) Archive regions: 2->2
[2021-08-17T06:03:03.235+0000][6][gc,heap      ] GC(12) Humongous regions: 31->31
[2021-08-17T06:03:03.235+0000][6][gc,metaspace ] GC(12) Metaspace: 59785K(63952K)->59785K(63952K) NonClass: 51815K(54224K)->51815K(54224K) Class: 7969K(9728K)->7969K(9728K)
[2021-08-17T06:03:03.235+0000][6][gc           ] GC(12) Pause Young (Concurrent Start) (G1 Humongous Allocation) 167M->118M(256M) 33.734ms
[2021-08-17T06:03:03.235+0000][6][gc,cpu       ] GC(12) User=0.12s Sys=0.00s Real=0.03s
[2021-08-17T06:03:03.235+0000][6][safepoint    ] Safepoint "G1TryInitiateConcMark", Time since last: 765142900 ns, Reaching safepoint: 292651 ns, At safepoint: 33841012 ns, Total: 34133663 ns
[2021-08-17T06:03:03.235+0000][6][gc           ] GC(13) Concurrent Cycle
[2021-08-17T06:03:03.235+0000][6][gc,marking   ] GC(13) Concurrent Clear Claimed Marks
[2021-08-17T06:03:03.236+0000][6][gc,marking   ] GC(13) Concurrent Clear Claimed Marks 0.435ms
[2021-08-17T06:03:03.236+0000][6][gc,marking   ] GC(13) Concurrent Scan Root Regions
[2021-08-17T06:03:03.256+0000][6][gc,marking   ] GC(13) Concurrent Scan Root Regions 20.471ms
[2021-08-17T06:03:03.256+0000][6][gc,marking   ] GC(13) Concurrent Mark (10.133s)
[2021-08-17T06:03:03.256+0000][6][gc,marking   ] GC(13) Concurrent Mark From Roots
[2021-08-17T06:03:03.256+0000][6][gc,task      ] GC(13) Using 1 workers of 1 for marking
[2021-08-17T06:03:03.330+0000][6][gc,marking   ] GC(13) Concurrent Mark From Roots 73.822ms
[2021-08-17T06:03:03.330+0000][6][gc,marking   ] GC(13) Concurrent Preclean
[2021-08-17T06:03:03.330+0000][6][gc,marking   ] GC(13) Concurrent Preclean 0.226ms
[2021-08-17T06:03:03.330+0000][6][gc,marking   ] GC(13) Concurrent Mark (10.133s, 10.207s) 74.098ms
[2021-08-17T06:03:03.331+0000][6][gc,start     ] GC(13) Pause Remark
[2021-08-17T06:03:03.357+0000][6][gc           ] GC(13) Pause Remark 191M->184M(312M) 25.980ms
[2021-08-17T06:03:03.357+0000][6][gc,cpu       ] GC(13) User=0.02s Sys=0.02s Real=0.03s
[2021-08-17T06:03:03.357+0000][6][safepoint    ] Safepoint "G1Concurrent", Time since last: 95189452 ns, Reaching safepoint: 644637 ns, At safepoint: 26099791 ns, Total: 26744428 ns
[2021-08-17T06:03:03.357+0000][6][gc,marking   ] GC(13) Concurrent Rebuild Remembered Sets
[2021-08-17T06:03:03.363+0000][6][gc,start     ] GC(14) Pause Young (Normal) (G1 Evacuation Pause)
[2021-08-17T06:03:03.363+0000][6][gc,task      ] GC(14) Using 4 workers of 4 for evacuation
[2021-08-17T06:03:03.363+0000][6][gc,age       ] GC(14) Desired survivor size 3670016 bytes, new threshold 1 (max threshold 15)
[2021-08-17T06:03:03.378+0000][6][gc,age       ] GC(14) Age table with threshold 1 (max threshold 15)
[2021-08-17T06:03:03.378+0000][6][gc,age       ] GC(14) - age   1:    6968944 bytes,    6968944 total
[2021-08-17T06:03:03.378+0000][6][gc,phases    ] GC(14)   Pre Evacuate Collection Set: 0.1ms
[2021-08-17T06:03:03.378+0000][6][gc,phases    ] GC(14)   Merge Heap Roots: 0.1ms
[2021-08-17T06:03:03.378+0000][6][gc,phases    ] GC(14)   Evacuate Collection Set: 13.8ms
[2021-08-17T06:03:03.378+0000][6][gc,phases    ] GC(14)   Post Evacuate Collection Set: 1.1ms
[2021-08-17T06:03:03.378+0000][6][gc,phases    ] GC(14)   Other: 0.2ms
[2021-08-17T06:03:03.378+0000][6][gc,heap      ] GC(14) Eden regions: 38->0(48)
[2021-08-17T06:03:03.378+0000][6][gc,heap      ] GC(14) Survivor regions: 16->7(7)
[2021-08-17T06:03:03.378+0000][6][gc,heap      ] GC(14) Old regions: 72->90
[2021-08-17T06:03:03.378+0000][6][gc,heap      ] GC(14) Archive regions: 2->2
[2021-08-17T06:03:03.378+0000][6][gc,heap      ] GC(14) Humongous regions: 64->48
[2021-08-17T06:03:03.378+0000][6][gc,metaspace ] GC(14) Metaspace: 59801K(63952K)->59801K(63952K) NonClass: 51830K(54224K)->51830K(54224K) Class: 7970K(9728K)->7970K(9728K)
[2021-08-17T06:03:03.378+0000][6][gc           ] GC(14) Pause Young (Normal) (G1 Evacuation Pause) 189M->144M(312M) 15.340ms
[2021-08-17T06:03:03.378+0000][6][gc,cpu       ] GC(14) User=0.05s Sys=0.00s Real=0.02s
[2021-08-17T06:03:03.379+0000][6][safepoint    ] Safepoint "G1CollectForAllocation", Time since last: 5015763 ns, Reaching safepoint: 820879 ns, At safepoint: 15455548 ns, Total: 16276427 ns
[2021-08-17T06:03:03.416+0000][6][gc,start     ] GC(15) Pause Young (Normal) (G1 Evacuation Pause)
[2021-08-17T06:03:03.416+0000][6][gc,task      ] GC(15) Using 4 workers of 4 for evacuation
[2021-08-17T06:03:03.416+0000][6][gc,age       ] GC(15) Desired survivor size 3670016 bytes, new threshold 1 (max threshold 15)
[2021-08-17T06:03:03.427+0000][6][gc,age       ] GC(15) Age table with threshold 1 (max threshold 15)
[2021-08-17T06:03:03.427+0000][6][gc,age       ] GC(15) - age   1:    3213928 bytes,    3213928 total
[2021-08-17T06:03:03.427+0000][6][gc,phases    ] GC(15)   Pre Evacuate Collection Set: 0.3ms
[2021-08-17T06:03:03.427+0000][6][gc,phases    ] GC(15)   Merge Heap Roots: 0.2ms
[2021-08-17T06:03:03.427+0000][6][gc,phases    ] GC(15)   Evacuate Collection Set: 9.3ms
[2021-08-17T06:03:03.427+0000][6][gc,phases    ] GC(15)   Post Evacuate Collection Set: 1.3ms
[2021-08-17T06:03:03.427+0000][6][gc,phases    ] GC(15)   Other: 0.2ms
[2021-08-17T06:03:03.427+0000][6][gc,heap      ] GC(15) Eden regions: 48->0(49)
[2021-08-17T06:03:03.427+0000][6][gc,heap      ] GC(15) Survivor regions: 7->4(7)
[2021-08-17T06:03:03.427+0000][6][gc,heap      ] GC(15) Old regions: 90->98
[2021-08-17T06:03:03.427+0000][6][gc,heap      ] GC(15) Archive regions: 2->2
[2021-08-17T06:03:03.427+0000][6][gc,heap      ] GC(15) Humongous regions: 48->48
[2021-08-17T06:03:03.427+0000][6][gc,metaspace ] GC(15) Metaspace: 59805K(63952K)->59805K(63952K) NonClass: 51835K(54224K)->51835K(54224K) Class: 7970K(9728K)->7970K(9728K)
[2021-08-17T06:03:03.428+0000][6][gc           ] GC(15) Pause Young (Normal) (G1 Evacuation Pause) 192M->149M(312M) 11.286ms
[2021-08-17T06:03:03.428+0000][6][gc,cpu       ] GC(15) User=0.04s Sys=0.00s Real=0.02s
[2021-08-17T06:03:03.428+0000][6][safepoint    ] Safepoint "G1CollectForAllocation", Time since last: 37133859 ns, Reaching safepoint: 533782 ns, At safepoint: 11398089 ns, Total: 11931871 ns
[2021-08-17T06:03:03.451+0000][6][gc,start     ] GC(16) Pause Young (Normal) (G1 Evacuation Pause)
[2021-08-17T06:03:03.451+0000][6][gc,task      ] GC(16) Using 4 workers of 4 for evacuation
[2021-08-17T06:03:03.451+0000][6][gc,age       ] GC(16) Desired survivor size 3670016 bytes, new threshold 15 (max threshold 15)
[2021-08-17T06:03:03.458+0000][6][gc,age       ] GC(16) Age table with threshold 15 (max threshold 15)
[2021-08-17T06:03:03.458+0000][6][gc,age       ] GC(16) - age   1:    2987584 bytes,    2987584 total
[2021-08-17T06:03:03.458+0000][6][gc,age       ] GC(16) - age   2:    2786720 bytes,    5774304 total
[2021-08-17T06:03:03.458+0000][6][gc,phases    ] GC(16)   Pre Evacuate Collection Set: 0.2ms
[2021-08-17T06:03:03.458+0000][6][gc,phases    ] GC(16)   Merge Heap Roots: 0.2ms
[2021-08-17T06:03:03.458+0000][6][gc,phases    ] GC(16)   Evacuate Collection Set: 5.4ms
[2021-08-17T06:03:03.458+0000][6][gc,phases    ] GC(16)   Post Evacuate Collection Set: 1.0ms
[2021-08-17T06:03:03.458+0000][6][gc,phases    ] GC(16)   Other: 0.2ms
[2021-08-17T06:03:03.458+0000][6][gc,heap      ] GC(16) Eden regions: 49->0(51)
[2021-08-17T06:03:03.458+0000][6][gc,heap      ] GC(16) Survivor regions: 4->6(7)
[2021-08-17T06:03:03.458+0000][6][gc,heap      ] GC(16) Old regions: 98->98
[2021-08-17T06:03:03.458+0000][6][gc,heap      ] GC(16) Archive regions: 2->2
[2021-08-17T06:03:03.458+0000][6][gc,heap      ] GC(16) Humongous regions: 49->49
[2021-08-17T06:03:03.458+0000][6][gc,metaspace ] GC(16) Metaspace: 59805K(63952K)->59805K(63952K) NonClass: 51835K(54224K)->51835K(54224K) Class: 7970K(9728K)->7970K(9728K)
[2021-08-17T06:03:03.458+0000][6][gc           ] GC(16) Pause Young (Normal) (G1 Evacuation Pause) 199M->152M(312M) 7.116ms
[2021-08-17T06:03:03.458+0000][6][gc,cpu       ] GC(16) User=0.02s Sys=0.00s Real=0.01s
[2021-08-17T06:03:03.458+0000][6][safepoint    ] Safepoint "G1CollectForAllocation", Time since last: 22974617 ns, Reaching safepoint: 318000 ns, At safepoint: 7194239 ns, Total: 7512239 ns
[2021-08-17T06:03:03.479+0000][6][gc,start     ] GC(17) Pause Young (Normal) (G1 Evacuation Pause)
[2021-08-17T06:03:03.479+0000][6][gc,task      ] GC(17) Using 4 workers of 4 for evacuation
[2021-08-17T06:03:03.480+0000][6][gc,age       ] GC(17) Desired survivor size 4194304 bytes, new threshold 2 (max threshold 15)
[2021-08-17T06:03:03.488+0000][6][gc,age       ] GC(17) Age table with threshold 2 (max threshold 15)
[2021-08-17T06:03:03.488+0000][6][gc,age       ] GC(17) - age   1:    3126456 bytes,    3126456 total
[2021-08-17T06:03:03.488+0000][6][gc,age       ] GC(17) - age   2:    2987200 bytes,    6113656 total
[2021-08-17T06:03:03.488+0000][6][gc,phases    ] GC(17)   Pre Evacuate Collection Set: 0.2ms
[2021-08-17T06:03:03.488+0000][6][gc,phases    ] GC(17)   Merge Heap Roots: 0.1ms
[2021-08-17T06:03:03.488+0000][6][gc,phases    ] GC(17)   Evacuate Collection Set: 7.6ms
[2021-08-17T06:03:03.488+0000][6][gc,phases    ] GC(17)   Post Evacuate Collection Set: 0.7ms
[2021-08-17T06:03:03.488+0000][6][gc,phases    ] GC(17)   Other: 0.2ms
[2021-08-17T06:03:03.488+0000][6][gc,heap      ] GC(17) Eden regions: 51->0(50)
[2021-08-17T06:03:03.488+0000][6][gc,heap      ] GC(17) Survivor regions: 6->7(8)
[2021-08-17T06:03:03.488+0000][6][gc,heap      ] GC(17) Old regions: 98->101
[2021-08-17T06:03:03.488+0000][6][gc,heap      ] GC(17) Archive regions: 2->2
[2021-08-17T06:03:03.488+0000][6][gc,heap      ] GC(17) Humongous regions: 50->50
[2021-08-17T06:03:03.488+0000][6][gc,metaspace ] GC(17) Metaspace: 59805K(63952K)->59805K(63952K) NonClass: 51835K(54224K)->51835K(54224K) Class: 7970K(9728K)->7970K(9728K)
[2021-08-17T06:03:03.488+0000][6][gc           ] GC(17) Pause Young (Normal) (G1 Evacuation Pause) 204M->156M(312M) 8.882ms
[2021-08-17T06:03:03.488+0000][6][gc,cpu       ] GC(17) User=0.03s Sys=0.00s Real=0.01s
[2021-08-17T06:03:03.488+0000][6][safepoint    ] Safepoint "G1CollectForAllocation", Time since last: 20932849 ns, Reaching safepoint: 420630 ns, At safepoint: 8972281 ns, Total: 9392911 ns
[2021-08-17T06:03:03.491+0000][6][gc,marking   ] GC(13) Concurrent Rebuild Remembered Sets 134.058ms
[2021-08-17T06:03:03.492+0000][6][gc,start     ] GC(13) Pause Cleanup
[2021-08-17T06:03:03.492+0000][6][gc           ] GC(13) Pause Cleanup 164M->164M(312M) 0.197ms
[2021-08-17T06:03:03.492+0000][6][gc,cpu       ] GC(13) User=0.00s Sys=0.00s Real=0.00s
[2021-08-17T06:03:03.492+0000][6][safepoint    ] Safepoint "G1Concurrent", Time since last: 3017532 ns, Reaching safepoint: 128120 ns, At safepoint: 259890 ns, Total: 388010 ns
[2021-08-17T06:03:03.492+0000][6][gc,marking   ] GC(13) Concurrent Cleanup for Next Mark
[2021-08-17T06:03:03.493+0000][6][gc,marking   ] GC(13) Concurrent Cleanup for Next Mark 0.541ms
[2021-08-17T06:03:03.493+0000][6][gc           ] GC(13) Concurrent Cycle 257.135ms
[2021-08-17T06:03:03.497+0000][6][gc,start     ] GC(18) Pause Young (Concurrent Start) (G1 Humongous Allocation)
[2021-08-17T06:03:03.497+0000][6][gc,task      ] GC(18) Using 4 workers of 4 for evacuation
[2021-08-17T06:03:03.497+0000][6][gc,age       ] GC(18) Desired survivor size 4194304 bytes, new threshold 2 (max threshold 15)
[2021-08-17T06:03:03.504+0000][6][gc,age       ] GC(18) Age table with threshold 2 (max threshold 15)
[2021-08-17T06:03:03.504+0000][6][gc,age       ] GC(18) - age   1:    1258096 bytes,    1258096 total
[2021-08-17T06:03:03.504+0000][6][gc,age       ] GC(18) - age   2:    3126184 bytes,    4384280 total
[2021-08-17T06:03:03.504+0000][6][gc,phases    ] GC(18)   Pre Evacuate Collection Set: 0.4ms
[2021-08-17T06:03:03.504+0000][6][gc,phases    ] GC(18)   Merge Heap Roots: 0.2ms
[2021-08-17T06:03:03.504+0000][6][gc,phases    ] GC(18)   Evacuate Collection Set: 5.7ms
[2021-08-17T06:03:03.504+0000][6][gc,phases    ] GC(18)   Post Evacuate Collection Set: 0.8ms
[2021-08-17T06:03:03.504+0000][6][gc,phases    ] GC(18)   Other: 0.1ms
[2021-08-17T06:03:03.504+0000][6][gc,heap      ] GC(18) Eden regions: 21->0(52)
[2021-08-17T06:03:03.504+0000][6][gc,heap      ] GC(18) Survivor regions: 7->5(8)
[2021-08-17T06:03:03.504+0000][6][gc,heap      ] GC(18) Old regions: 101->104
[2021-08-17T06:03:03.504+0000][6][gc,heap      ] GC(18) Archive regions: 2->2
[2021-08-17T06:03:03.504+0000][6][gc,heap      ] GC(18) Humongous regions: 50->50
[2021-08-17T06:03:03.504+0000][6][gc,metaspace ] GC(18) Metaspace: 59805K(63952K)->59805K(63952K) NonClass: 51835K(54224K)->51835K(54224K) Class: 7970K(9728K)->7970K(9728K)
[2021-08-17T06:03:03.504+0000][6][gc           ] GC(18) Pause Young (Concurrent Start) (G1 Humongous Allocation) 177M->158M(312M) 7.298ms
[2021-08-17T06:03:03.504+0000][6][gc,cpu       ] GC(18) User=0.02s Sys=0.00s Real=0.01s
[2021-08-17T06:03:03.504+0000][6][safepoint    ] Safepoint "G1TryInitiateConcMark", Time since last: 4758722 ns, Reaching safepoint: 88337 ns, At safepoint: 7389247 ns, Total: 7477584 ns
[2021-08-17T06:03:03.504+0000][6][gc           ] GC(19) Concurrent Cycle
[2021-08-17T06:03:03.504+0000][6][gc,marking   ] GC(19) Concurrent Clear Claimed Marks
[2021-08-17T06:03:03.504+0000][6][gc,marking   ] GC(19) Concurrent Clear Claimed Marks 0.319ms
[2021-08-17T06:03:03.504+0000][6][gc,marking   ] GC(19) Concurrent Scan Root Regions
[2021-08-17T06:03:03.507+0000][6][gc,marking   ] GC(19) Concurrent Scan Root Regions 2.885ms
[2021-08-17T06:03:03.507+0000][6][gc,marking   ] GC(19) Concurrent Mark (10.384s)
[2021-08-17T06:03:03.507+0000][6][gc,marking   ] GC(19) Concurrent Mark From Roots
[2021-08-17T06:03:03.507+0000][6][gc,task      ] GC(19) Using 1 workers of 1 for marking
[2021-08-17T06:03:03.526+0000][6][gc,start     ] GC(20) Pause Young (Normal) (G1 Evacuation Pause)
[2021-08-17T06:03:03.526+0000][6][gc,task      ] GC(20) Using 4 workers of 4 for evacuation
[2021-08-17T06:03:03.526+0000][6][gc,age       ] GC(20) Desired survivor size 4194304 bytes, new threshold 2 (max threshold 15)
[2021-08-17T06:03:03.534+0000][6][gc,age       ] GC(20) Age table with threshold 2 (max threshold 15)
[2021-08-17T06:03:03.534+0000][6][gc,age       ] GC(20) - age   1:    3176040 bytes,    3176040 total
[2021-08-17T06:03:03.534+0000][6][gc,age       ] GC(20) - age   2:    1258096 bytes,    4434136 total
[2021-08-17T06:03:03.534+0000][6][gc,phases    ] GC(20)   Pre Evacuate Collection Set: 0.2ms
[2021-08-17T06:03:03.534+0000][6][gc,phases    ] GC(20)   Merge Heap Roots: 0.2ms
[2021-08-17T06:03:03.534+0000][6][gc,phases    ] GC(20)   Evacuate Collection Set: 7.2ms
[2021-08-17T06:03:03.534+0000][6][gc,phases    ] GC(20)   Post Evacuate Collection Set: 0.9ms
[2021-08-17T06:03:03.534+0000][6][gc,phases    ] GC(20)   Other: 0.2ms
[2021-08-17T06:03:03.534+0000][6][gc,heap      ] GC(20) Eden regions: 52->0(51)
[2021-08-17T06:03:03.534+0000][6][gc,heap      ] GC(20) Survivor regions: 5->5(8)
[2021-08-17T06:03:03.534+0000][6][gc,heap      ] GC(20) Old regions: 104->107
[2021-08-17T06:03:03.534+0000][6][gc,heap      ] GC(20) Archive regions: 2->2
[2021-08-17T06:03:03.534+0000][6][gc,heap      ] GC(20) Humongous regions: 52->52
[2021-08-17T06:03:03.534+0000][6][gc,metaspace ] GC(20) Metaspace: 59805K(63952K)->59805K(63952K) NonClass: 51835K(54224K)->51835K(54224K) Class: 7970K(9728K)->7970K(9728K)
[2021-08-17T06:03:03.534+0000][6][gc           ] GC(20) Pause Young (Normal) (G1 Evacuation Pause) 212M->163M(312M) 8.702ms
[2021-08-17T06:03:03.534+0000][6][gc,cpu       ] GC(20) User=0.03s Sys=0.00s Real=0.01s
[2021-08-17T06:03:03.535+0000][6][safepoint    ] Safepoint "G1CollectForAllocation", Time since last: 21430180 ns, Reaching safepoint: 241701 ns, At safepoint: 8806359 ns, Total: 9048060 ns
[2021-08-17T06:03:03.558+0000][6][gc,start     ] GC(21) Pause Young (Normal) (G1 Evacuation Pause)
[2021-08-17T06:03:03.558+0000][6][gc,task      ] GC(21) Using 4 workers of 4 for evacuation
[2021-08-17T06:03:03.558+0000][6][gc,age       ] GC(21) Desired survivor size 3670016 bytes, new threshold 2 (max threshold 15)
[2021-08-17T06:03:03.568+0000][6][gc,age       ] GC(21) Age table with threshold 2 (max threshold 15)
[2021-08-17T06:03:03.568+0000][6][gc,age       ] GC(21) - age   1:    3141528 bytes,    3141528 total
[2021-08-17T06:03:03.568+0000][6][gc,age       ] GC(21) - age   2:    3175840 bytes,    6317368 total
[2021-08-17T06:03:03.568+0000][6][gc,phases    ] GC(21)   Pre Evacuate Collection Set: 0.2ms
[2021-08-17T06:03:03.568+0000][6][gc,phases    ] GC(21)   Merge Heap Roots: 0.2ms
[2021-08-17T06:03:03.568+0000][6][gc,phases    ] GC(21)   Evacuate Collection Set: 8.4ms
[2021-08-17T06:03:03.568+0000][6][gc,phases    ] GC(21)   Post Evacuate Collection Set: 1.2ms
[2021-08-17T06:03:03.568+0000][6][gc,phases    ] GC(21)   Other: 0.2ms
[2021-08-17T06:03:03.568+0000][6][gc,heap      ] GC(21) Eden regions: 51->0(48)
[2021-08-17T06:03:03.568+0000][6][gc,heap      ] GC(21) Survivor regions: 5->7(7)
[2021-08-17T06:03:03.568+0000][6][gc,heap      ] GC(21) Old regions: 107->108
[2021-08-17T06:03:03.568+0000][6][gc,heap      ] GC(21) Archive regions: 2->2
[2021-08-17T06:03:03.568+0000][6][gc,heap      ] GC(21) Humongous regions: 55->55
[2021-08-17T06:03:03.568+0000][6][gc,metaspace ] GC(21) Metaspace: 59807K(63952K)->59807K(63952K) NonClass: 51836K(54224K)->51836K(54224K) Class: 7970K(9728K)->7970K(9728K)
[2021-08-17T06:03:03.568+0000][6][gc           ] GC(21) Pause Young (Normal) (G1 Evacuation Pause) 217M->169M(312M) 10.142ms
[2021-08-17T06:03:03.568+0000][6][gc,cpu       ] GC(21) User=0.03s Sys=0.00s Real=0.01s
[2021-08-17T06:03:03.568+0000][6][safepoint    ] Safepoint "G1CollectForAllocation", Time since last: 23227265 ns, Reaching safepoint: 182800 ns, At safepoint: 10252571 ns, Total: 10435371 ns
[2021-08-17T06:03:03.589+0000][6][gc,start     ] GC(22) Pause Young (Normal) (G1 Evacuation Pause)
[2021-08-17T06:03:03.589+0000][6][gc,task      ] GC(22) Using 4 workers of 4 for evacuation
[2021-08-17T06:03:03.589+0000][6][gc,age       ] GC(22) Desired survivor size 3670016 bytes, new threshold 2 (max threshold 15)
[2021-08-17T06:03:03.602+0000][6][gc,age       ] GC(22) Age table with threshold 2 (max threshold 15)
[2021-08-17T06:03:03.602+0000][6][gc,age       ] GC(22) - age   1:    2937456 bytes,    2937456 total
[2021-08-17T06:03:03.602+0000][6][gc,age       ] GC(22) - age   2:    3141256 bytes,    6078712 total
[2021-08-17T06:03:03.603+0000][6][gc,phases    ] GC(22)   Pre Evacuate Collection Set: 0.1ms
[2021-08-17T06:03:03.603+0000][6][gc,phases    ] GC(22)   Merge Heap Roots: 0.1ms
[2021-08-17T06:03:03.603+0000][6][gc,phases    ] GC(22)   Evacuate Collection Set: 12.5ms
[2021-08-17T06:03:03.603+0000][6][gc,phases    ] GC(22)   Post Evacuate Collection Set: 1.1ms
[2021-08-17T06:03:03.603+0000][6][gc,phases    ] GC(22)   Other: 0.2ms
[2021-08-17T06:03:03.603+0000][6][gc,heap      ] GC(22) Eden regions: 48->0(46)
[2021-08-17T06:03:03.603+0000][6][gc,heap      ] GC(22) Survivor regions: 7->7(7)
[2021-08-17T06:03:03.603+0000][6][gc,heap      ] GC(22) Old regions: 108->112
[2021-08-17T06:03:03.603+0000][6][gc,heap      ] GC(22) Archive regions: 2->2
[2021-08-17T06:03:03.603+0000][6][gc,heap      ] GC(22) Humongous regions: 55->55
[2021-08-17T06:03:03.603+0000][6][gc,metaspace ] GC(22) Metaspace: 59807K(63952K)->59807K(63952K) NonClass: 51836K(54224K)->51836K(54224K) Class: 7970K(9728K)->7970K(9728K)
[2021-08-17T06:03:03.603+0000][6][gc           ] GC(22) Pause Young (Normal) (G1 Evacuation Pause) 217M->172M(312M) 13.956ms
[2021-08-17T06:03:03.603+0000][6][gc,cpu       ] GC(22) User=0.04s Sys=0.00s Real=0.01s
[2021-08-17T06:03:03.603+0000][6][safepoint    ] Safepoint "G1CollectForAllocation", Time since last: 20248441 ns, Reaching safepoint: 179698 ns, At safepoint: 14041694 ns, Total: 14221392 ns
[2021-08-17T06:03:03.622+0000][6][gc,start     ] GC(23) Pause Young (Normal) (G1 Evacuation Pause)
[2021-08-17T06:03:03.622+0000][6][gc,task      ] GC(23) Using 4 workers of 4 for evacuation
[2021-08-17T06:03:03.622+0000][6][gc,age       ] GC(23) Desired survivor size 3670016 bytes, new threshold 2 (max threshold 15)
[2021-08-17T06:03:03.632+0000][6][gc,age       ] GC(23) Age table with threshold 2 (max threshold 15)
[2021-08-17T06:03:03.632+0000][6][gc,age       ] GC(23) - age   1:    2801664 bytes,    2801664 total
[2021-08-17T06:03:03.632+0000][6][gc,age       ] GC(23) - age   2:    2936936 bytes,    5738600 total
[2021-08-17T06:03:03.632+0000][6][gc,phases    ] GC(23)   Pre Evacuate Collection Set: 0.1ms
[2021-08-17T06:03:03.632+0000][6][gc,phases    ] GC(23)   Merge Heap Roots: 0.1ms
[2021-08-17T06:03:03.632+0000][6][gc,phases    ] GC(23)   Evacuate Collection Set: 8.3ms
[2021-08-17T06:03:03.632+0000][6][gc,phases    ] GC(23)   Post Evacuate Collection Set: 1.1ms
[2021-08-17T06:03:03.632+0000][6][gc,phases    ] GC(23)   Other: 0.2ms
[2021-08-17T06:03:03.632+0000][6][gc,heap      ] GC(23) Eden regions: 46->0(45)
[2021-08-17T06:03:03.632+0000][6][gc,heap      ] GC(23) Survivor regions: 7->6(7)
[2021-08-17T06:03:03.632+0000][6][gc,heap      ] GC(23) Old regions: 112->115
[2021-08-17T06:03:03.632+0000][6][gc,heap      ] GC(23) Archive regions: 2->2
[2021-08-17T06:03:03.632+0000][6][gc,heap      ] GC(23) Humongous regions: 55->55
[2021-08-17T06:03:03.632+0000][6][gc,metaspace ] GC(23) Metaspace: 59807K(63952K)->59807K(63952K) NonClass: 51836K(54224K)->51836K(54224K) Class: 7970K(9728K)->7970K(9728K)
[2021-08-17T06:03:03.632+0000][6][gc           ] GC(23) Pause Young (Normal) (G1 Evacuation Pause) 218M->175M(312M) 9.796ms
[2021-08-17T06:03:03.632+0000][6][gc,cpu       ] GC(23) User=0.03s Sys=0.00s Real=0.01s
[2021-08-17T06:03:03.632+0000][6][safepoint    ] Safepoint "G1CollectForAllocation", Time since last: 19283479 ns, Reaching safepoint: 289013 ns, At safepoint: 9882939 ns, Total: 10171952 ns
[2021-08-17T06:03:03.645+0000][6][gc,marking   ] GC(19) Concurrent Mark From Roots 138.122ms
[2021-08-17T06:03:03.646+0000][6][gc,marking   ] GC(19) Concurrent Preclean
[2021-08-17T06:03:03.646+0000][6][gc,marking   ] GC(19) Concurrent Preclean 0.166ms
[2021-08-17T06:03:03.646+0000][6][gc,marking   ] GC(19) Concurrent Mark (10.384s, 10.522s) 138.339ms
[2021-08-17T06:03:03.646+0000][6][gc,start     ] GC(19) Pause Remark
[2021-08-17T06:03:03.653+0000][6][gc           ] GC(19) Pause Remark 207M->166M(312M) 6.185ms
[2021-08-17T06:03:03.653+0000][6][gc,cpu       ] GC(19) User=0.01s Sys=0.00s Real=0.01s
[2021-08-17T06:03:03.653+0000][6][safepoint    ] Safepoint "G1Concurrent", Time since last: 13689340 ns, Reaching safepoint: 634199 ns, At safepoint: 6276608 ns, Total: 6910807 ns
[2021-08-17T06:03:03.653+0000][6][gc,marking   ] GC(19) Concurrent Rebuild Remembered Sets
[2021-08-17T06:03:03.660+0000][6][gc,start     ] GC(24) Pause Young (Normal) (G1 Evacuation Pause)
[2021-08-17T06:03:03.660+0000][6][gc,task      ] GC(24) Using 4 workers of 4 for evacuation
[2021-08-17T06:03:03.660+0000][6][gc,age       ] GC(24) Desired survivor size 3670016 bytes, new threshold 2 (max threshold 15)
[2021-08-17T06:03:03.672+0000][6][gc,age       ] GC(24) Age table with threshold 2 (max threshold 15)
[2021-08-17T06:03:03.672+0000][6][gc,age       ] GC(24) - age   1:    2758936 bytes,    2758936 total
[2021-08-17T06:03:03.672+0000][6][gc,age       ] GC(24) - age   2:    2801392 bytes,    5560328 total
[2021-08-17T06:03:03.672+0000][6][gc,phases    ] GC(24)   Pre Evacuate Collection Set: 0.2ms
[2021-08-17T06:03:03.672+0000][6][gc,phases    ] GC(24)   Merge Heap Roots: 0.2ms
[2021-08-17T06:03:03.672+0000][6][gc,phases    ] GC(24)   Evacuate Collection Set: 10.1ms
[2021-08-17T06:03:03.672+0000][6][gc,phases    ] GC(24)   Post Evacuate Collection Set: 1.0ms
[2021-08-17T06:03:03.672+0000][6][gc,phases    ] GC(24)   Other: 0.2ms
[2021-08-17T06:03:03.672+0000][6][gc,heap      ] GC(24) Eden regions: 45->0(71)
[2021-08-17T06:03:03.672+0000][6][gc,heap      ] GC(24) Survivor regions: 6->6(7)
[2021-08-17T06:03:03.672+0000][6][gc,heap      ] GC(24) Old regions: 84->87
[2021-08-17T06:03:03.672+0000][6][gc,heap      ] GC(24) Archive regions: 2->2
[2021-08-17T06:03:03.672+0000][6][gc,heap      ] GC(24) Humongous regions: 49->49
[2021-08-17T06:03:03.672+0000][6][gc,metaspace ] GC(24) Metaspace: 59804K(63952K)->59804K(63952K) NonClass: 51834K(54224K)->51834K(54224K) Class: 7969K(9728K)->7969K(9728K)
[2021-08-17T06:03:03.672+0000][6][gc           ] GC(24) Pause Young (Normal) (G1 Evacuation Pause) 183M->140M(312M) 11.836ms
[2021-08-17T06:03:03.672+0000][6][gc,cpu       ] GC(24) User=0.04s Sys=0.00s Real=0.01s
[2021-08-17T06:03:03.672+0000][6][safepoint    ] Safepoint "G1CollectForAllocation", Time since last: 6303222 ns, Reaching safepoint: 797158 ns, At safepoint: 11940581 ns, Total: 12737739 ns
[2021-08-17T06:03:03.699+0000][6][gc,start     ] GC(25) Pause Young (Normal) (G1 Evacuation Pause)
[2021-08-17T06:03:03.699+0000][6][gc,task      ] GC(25) Using 4 workers of 4 for evacuation
[2021-08-17T06:03:03.699+0000][6][gc,age       ] GC(25) Desired survivor size 5242880 bytes, new threshold 2 (max threshold 15)
[2021-08-17T06:03:03.710+0000][6][gc,age       ] GC(25) Age table with threshold 2 (max threshold 15)
[2021-08-17T06:03:03.710+0000][6][gc,age       ] GC(25) - age   1:    4597464 bytes,    4597464 total
[2021-08-17T06:03:03.710+0000][6][gc,age       ] GC(25) - age   2:    2758936 bytes,    7356400 total
[2021-08-17T06:03:03.710+0000][6][gc,phases    ] GC(25)   Pre Evacuate Collection Set: 0.2ms
[2021-08-17T06:03:03.710+0000][6][gc,phases    ] GC(25)   Merge Heap Roots: 0.2ms
[2021-08-17T06:03:03.710+0000][6][gc,phases    ] GC(25)   Evacuate Collection Set: 9.4ms
[2021-08-17T06:03:03.710+0000][6][gc,phases    ] GC(25)   Post Evacuate Collection Set: 1.2ms
[2021-08-17T06:03:03.710+0000][6][gc,phases    ] GC(25)   Other: 0.2ms
[2021-08-17T06:03:03.710+0000][6][gc,heap      ] GC(25) Eden regions: 71->0(68)
[2021-08-17T06:03:03.710+0000][6][gc,heap      ] GC(25) Survivor regions: 6->8(10)
[2021-08-17T06:03:03.710+0000][6][gc,heap      ] GC(25) Old regions: 87->90
[2021-08-17T06:03:03.710+0000][6][gc,heap      ] GC(25) Archive regions: 2->2
[2021-08-17T06:03:03.710+0000][6][gc,heap      ] GC(25) Humongous regions: 49->49
[2021-08-17T06:03:03.710+0000][6][gc,metaspace ] GC(25) Metaspace: 59804K(63952K)->59804K(63952K) NonClass: 51834K(54224K)->51834K(54224K) Class: 7969K(9728K)->7969K(9728K)
[2021-08-17T06:03:03.710+0000][6][gc           ] GC(25) Pause Young (Normal) (G1 Evacuation Pause) 211M->145M(312M) 11.238ms
[2021-08-17T06:03:03.710+0000][6][gc,cpu       ] GC(25) User=0.03s Sys=0.00s Real=0.01s
[2021-08-17T06:03:03.710+0000][6][safepoint    ] Safepoint "G1CollectForAllocation", Time since last: 26878189 ns, Reaching safepoint: 364193 ns, At safepoint: 11326689 ns, Total: 11690882 ns
[2021-08-17T06:03:03.737+0000][6][gc,start     ] GC(26) Pause Young (Normal) (G1 Evacuation Pause)
[2021-08-17T06:03:03.737+0000][6][gc,task      ] GC(26) Using 4 workers of 4 for evacuation
[2021-08-17T06:03:03.737+0000][6][gc,age       ] GC(26) Desired survivor size 5242880 bytes, new threshold 2 (max threshold 15)
[2021-08-17T06:03:03.748+0000][6][gc,age       ] GC(26) Age table with threshold 2 (max threshold 15)
[2021-08-17T06:03:03.748+0000][6][gc,age       ] GC(26) - age   1:    4351416 bytes,    4351416 total
[2021-08-17T06:03:03.748+0000][6][gc,age       ] GC(26) - age   2:    4597192 bytes,    8948608 total
[2021-08-17T06:03:03.748+0000][6][gc,phases    ] GC(26)   Pre Evacuate Collection Set: 0.3ms
[2021-08-17T06:03:03.748+0000][6][gc,phases    ] GC(26)   Merge Heap Roots: 0.2ms
[2021-08-17T06:03:03.748+0000][6][gc,phases    ] GC(26)   Evacuate Collection Set: 9.1ms
[2021-08-17T06:03:03.748+0000][6][gc,phases    ] GC(26)   Post Evacuate Collection Set: 1.1ms
[2021-08-17T06:03:03.748+0000][6][gc,phases    ] GC(26)   Other: 0.2ms
[2021-08-17T06:03:03.748+0000][6][gc,heap      ] GC(26) Eden regions: 68->0(66)
[2021-08-17T06:03:03.748+0000][6][gc,heap      ] GC(26) Survivor regions: 8->10(10)
[2021-08-17T06:03:03.748+0000][6][gc,heap      ] GC(26) Old regions: 90->92
[2021-08-17T06:03:03.748+0000][6][gc,heap      ] GC(26) Archive regions: 2->2
[2021-08-17T06:03:03.748+0000][6][gc,heap      ] GC(26) Humongous regions: 49->49
[2021-08-17T06:03:03.748+0000][6][gc,metaspace ] GC(26) Metaspace: 59804K(63952K)->59804K(63952K) NonClass: 51834K(54224K)->51834K(54224K) Class: 7969K(9728K)->7969K(9728K)
[2021-08-17T06:03:03.748+0000][6][gc           ] GC(26) Pause Young (Normal) (G1 Evacuation Pause) 213M->150M(312M) 10.965ms
[2021-08-17T06:03:03.748+0000][6][gc,cpu       ] GC(26) User=0.04s Sys=0.00s Real=0.01s
[2021-08-17T06:03:03.748+0000][6][safepoint    ] Safepoint "G1CollectForAllocation", Time since last: 26213938 ns, Reaching safepoint: 329537 ns, At safepoint: 11081851 ns, Total: 11411388 ns
[2021-08-17T06:03:03.762+0000][6][gc,marking   ] GC(19) Concurrent Rebuild Remembered Sets 108.971ms
[2021-08-17T06:03:03.763+0000][6][gc,start     ] GC(19) Pause Cleanup
[2021-08-17T06:03:03.763+0000][6][gc           ] GC(19) Pause Cleanup 189M->189M(312M) 0.268ms
[2021-08-17T06:03:03.763+0000][6][gc,cpu       ] GC(19) User=0.00s Sys=0.00s Real=0.00s
[2021-08-17T06:03:03.763+0000][6][safepoint    ] Safepoint "G1Concurrent", Time since last: 13979490 ns, Reaching safepoint: 615596 ns, At safepoint: 339368 ns, Total: 954964 ns
[2021-08-17T06:03:03.763+0000][6][gc,marking   ] GC(19) Concurrent Cleanup for Next Mark
[2021-08-17T06:03:03.764+0000][6][gc,marking   ] GC(19) Concurrent Cleanup for Next Mark 0.604ms
[2021-08-17T06:03:03.764+0000][6][gc           ] GC(19) Concurrent Cycle 259.513ms
[2021-08-17T06:03:03.773+0000][6][gc,start     ] GC(27) Pause Young (Prepare Mixed) (G1 Evacuation Pause)
[2021-08-17T06:03:03.774+0000][6][gc,task      ] GC(27) Using 4 workers of 4 for evacuation
[2021-08-17T06:03:03.774+0000][6][gc,age       ] GC(27) Desired survivor size 5242880 bytes, new threshold 2 (max threshold 15)
[2021-08-17T06:03:03.784+0000][6][gc,age       ] GC(27) Age table with threshold 2 (max threshold 15)
[2021-08-17T06:03:03.784+0000][6][gc,age       ] GC(27) - age   1:    4085432 bytes,    4085432 total
[2021-08-17T06:03:03.784+0000][6][gc,age       ] GC(27) - age   2:    4351416 bytes,    8436848 total
[2021-08-17T06:03:03.870+0000][6][gc,phases    ] GC(27)   Pre Evacuate Collection Set: 0.2ms
[2021-08-17T06:03:03.870+0000][6][gc,phases    ] GC(27)   Merge Heap Roots: 0.2ms
[2021-08-17T06:03:03.870+0000][6][gc,phases    ] GC(27)   Evacuate Collection Set: 8.9ms
[2021-08-17T06:03:03.870+0000][6][gc,phases    ] GC(27)   Post Evacuate Collection Set: 87.2ms
[2021-08-17T06:03:03.870+0000][6][gc,phases    ] GC(27)   Other: 0.2ms
[2021-08-17T06:03:03.870+0000][6][gc,heap      ] GC(27) Eden regions: 66->0(17)
[2021-08-17T06:03:03.870+0000][6][gc,heap      ] GC(27) Survivor regions: 10->9(10)
[2021-08-17T06:03:03.870+0000][6][gc,heap      ] GC(27) Old regions: 92->97
[2021-08-17T06:03:03.870+0000][6][gc,heap      ] GC(27) Archive regions: 2->2
[2021-08-17T06:03:03.870+0000][6][gc,heap      ] GC(27) Humongous regions: 49->49
[2021-08-17T06:03:03.870+0000][6][gc,metaspace ] GC(27) Metaspace: 59804K(63952K)->59804K(63952K) NonClass: 51834K(54224K)->51834K(54224K) Class: 7969K(9728K)->7969K(9728K)
[2021-08-17T06:03:03.870+0000][6][gc           ] GC(27) Pause Young (Prepare Mixed) (G1 Evacuation Pause) 216M->154M(538M) 96.939ms
[2021-08-17T06:03:03.870+0000][6][gc,cpu       ] GC(27) User=0.05s Sys=0.07s Real=0.10s
[2021-08-17T06:03:03.870+0000][6][safepoint    ] Safepoint "G1CollectForAllocation", Time since last: 10458897 ns, Reaching safepoint: 124941 ns, At safepoint: 97035123 ns, Total: 97160064 ns
[2021-08-17T06:03:03.878+0000][6][gc,start     ] GC(28) Pause Young (Mixed) (G1 Evacuation Pause)
[2021-08-17T06:03:03.878+0000][6][gc,task      ] GC(28) Using 4 workers of 4 for evacuation
[2021-08-17T06:03:03.878+0000][6][gc,age       ] GC(28) Desired survivor size 2097152 bytes, new threshold 1 (max threshold 15)
[2021-08-17T06:03:03.888+0000][6][gc,age       ] GC(28) Age table with threshold 1 (max threshold 15)
[2021-08-17T06:03:03.888+0000][6][gc,age       ] GC(28) - age   1:    1090928 bytes,    1090928 total
[2021-08-17T06:03:03.888+0000][6][gc,phases    ] GC(28)   Pre Evacuate Collection Set: 0.3ms
[2021-08-17T06:03:03.888+0000][6][gc,phases    ] GC(28)   Merge Heap Roots: 0.3ms
[2021-08-17T06:03:03.888+0000][6][gc,phases    ] GC(28)   Evacuate Collection Set: 7.8ms
[2021-08-17T06:03:03.888+0000][6][gc,phases    ] GC(28)   Post Evacuate Collection Set: 1.1ms
[2021-08-17T06:03:03.888+0000][6][gc,phases    ] GC(28)   Other: 0.2ms
[2021-08-17T06:03:03.888+0000][6][gc,heap      ] GC(28) Eden regions: 17->0(205)
[2021-08-17T06:03:03.888+0000][6][gc,heap      ] GC(28) Survivor regions: 9->2(4)
[2021-08-17T06:03:03.888+0000][6][gc,heap      ] GC(28) Old regions: 97->106
[2021-08-17T06:03:03.888+0000][6][gc,heap      ] GC(28) Archive regions: 2->2
[2021-08-17T06:03:03.888+0000][6][gc,heap      ] GC(28) Humongous regions: 54->54
[2021-08-17T06:03:03.888+0000][6][gc,metaspace ] GC(28) Metaspace: 59804K(63952K)->59804K(63952K) NonClass: 51834K(54224K)->51834K(54224K) Class: 7969K(9728K)->7969K(9728K)
[2021-08-17T06:03:03.888+0000][6][gc           ] GC(28) Pause Young (Mixed) (G1 Evacuation Pause) 176M->160M(538M) 9.674ms
[2021-08-17T06:03:03.888+0000][6][gc,cpu       ] GC(28) User=0.03s Sys=0.00s Real=0.01s
[2021-08-17T06:03:03.888+0000][6][safepoint    ] Safepoint "G1CollectForAllocation", Time since last: 7231602 ns, Reaching safepoint: 238959 ns, At safepoint: 9755419 ns, Total: 9994378 ns
[2021-08-17T06:03:03.990+0000][6][gc,start     ] GC(29) Pause Young (Concurrent Start) (G1 Evacuation Pause)
[2021-08-17T06:03:03.990+0000][6][gc,task      ] GC(29) Using 4 workers of 4 for evacuation
[2021-08-17T06:03:03.990+0000][6][gc,age       ] GC(29) Desired survivor size 13631488 bytes, new threshold 15 (max threshold 15)
[2021-08-17T06:03:04.006+0000][6][gc,age       ] GC(29) Age table with threshold 15 (max threshold 15)
[2021-08-17T06:03:04.006+0000][6][gc,age       ] GC(29) - age   1:    5959104 bytes,    5959104 total
[2021-08-17T06:03:04.006+0000][6][gc,age       ] GC(29) - age   2:    1090840 bytes,    7049944 total
[2021-08-17T06:03:04.006+0000][6][gc,phases    ] GC(29)   Pre Evacuate Collection Set: 0.6ms
[2021-08-17T06:03:04.006+0000][6][gc,phases    ] GC(29)   Merge Heap Roots: 0.1ms
[2021-08-17T06:03:04.006+0000][6][gc,phases    ] GC(29)   Evacuate Collection Set: 13.6ms
[2021-08-17T06:03:04.006+0000][6][gc,phases    ] GC(29)   Post Evacuate Collection Set: 0.9ms
[2021-08-17T06:03:04.006+0000][6][gc,phases    ] GC(29)   Other: 0.3ms
[2021-08-17T06:03:04.006+0000][6][gc,heap      ] GC(29) Eden regions: 205->0(197)
[2021-08-17T06:03:04.006+0000][6][gc,heap      ] GC(29) Survivor regions: 2->7(26)
[2021-08-17T06:03:04.006+0000][6][gc,heap      ] GC(29) Old regions: 106->106
[2021-08-17T06:03:04.006+0000][6][gc,heap      ] GC(29) Archive regions: 2->2
[2021-08-17T06:03:04.006+0000][6][gc,heap      ] GC(29) Humongous regions: 54->54
[2021-08-17T06:03:04.006+0000][6][gc,metaspace ] GC(29) Metaspace: 59822K(63952K)->59822K(63952K) NonClass: 51851K(54224K)->51851K(54224K) Class: 7970K(9728K)->7970K(9728K)
[2021-08-17T06:03:04.006+0000][6][gc           ] GC(29) Pause Young (Concurrent Start) (G1 Evacuation Pause) 365M->165M(538M) 15.574ms
[2021-08-17T06:03:04.006+0000][6][gc,cpu       ] GC(29) User=0.04s Sys=0.00s Real=0.01s
[2021-08-17T06:03:04.006+0000][6][safepoint    ] Safepoint "G1CollectForAllocation", Time since last: 102475264 ns, Reaching safepoint: 163398 ns, At safepoint: 15642046 ns, Total: 15805444 ns
[2021-08-17T06:03:04.006+0000][6][gc           ] GC(30) Concurrent Cycle
[2021-08-17T06:03:04.006+0000][6][gc,marking   ] GC(30) Concurrent Clear Claimed Marks
[2021-08-17T06:03:04.006+0000][6][gc,marking   ] GC(30) Concurrent Clear Claimed Marks 0.298ms
[2021-08-17T06:03:04.006+0000][6][gc,marking   ] GC(30) Concurrent Scan Root Regions
[2021-08-17T06:03:04.008+0000][6][gc,marking   ] GC(30) Concurrent Scan Root Regions 1.935ms
[2021-08-17T06:03:04.008+0000][6][gc,marking   ] GC(30) Concurrent Mark (10.884s)
[2021-08-17T06:03:04.008+0000][6][gc,marking   ] GC(30) Concurrent Mark From Roots
[2021-08-17T06:03:04.008+0000][6][gc,task      ] GC(30) Using 1 workers of 1 for marking
[2021-08-17T06:03:04.134+0000][6][gc,start     ] GC(31) Pause Young (Normal) (G1 Evacuation Pause)
[2021-08-17T06:03:04.134+0000][6][gc,task      ] GC(31) Using 4 workers of 4 for evacuation
[2021-08-17T06:03:04.134+0000][6][gc,age       ] GC(31) Desired survivor size 13631488 bytes, new threshold 15 (max threshold 15)
[2021-08-17T06:03:04.142+0000][6][gc,age       ] GC(31) Age table with threshold 15 (max threshold 15)
[2021-08-17T06:03:04.142+0000][6][gc,age       ] GC(31) - age   1:       1136 bytes,       1136 total
[2021-08-17T06:03:04.142+0000][6][gc,age       ] GC(31) - age   2:    5958792 bytes,    5959928 total
[2021-08-17T06:03:04.142+0000][6][gc,age       ] GC(31) - age   3:    1090840 bytes,    7050768 total
[2021-08-17T06:03:04.142+0000][6][gc,phases    ] GC(31)   Pre Evacuate Collection Set: 0.2ms
[2021-08-17T06:03:04.142+0000][6][gc,phases    ] GC(31)   Merge Heap Roots: 0.1ms
[2021-08-17T06:03:04.142+0000][6][gc,phases    ] GC(31)   Evacuate Collection Set: 6.6ms
[2021-08-17T06:03:04.142+0000][6][gc,phases    ] GC(31)   Post Evacuate Collection Set: 0.7ms
[2021-08-17T06:03:04.142+0000][6][gc,phases    ] GC(31)   Other: 0.2ms
[2021-08-17T06:03:04.142+0000][6][gc,heap      ] GC(31) Eden regions: 197->0(206)
[2021-08-17T06:03:04.142+0000][6][gc,heap      ] GC(31) Survivor regions: 7->7(26)
[2021-08-17T06:03:04.142+0000][6][gc,heap      ] GC(31) Old regions: 106->106
[2021-08-17T06:03:04.142+0000][6][gc,heap      ] GC(31) Archive regions: 2->2
[2021-08-17T06:03:04.142+0000][6][gc,heap      ] GC(31) Humongous regions: 54->54
[2021-08-17T06:03:04.142+0000][6][gc,metaspace ] GC(31) Metaspace: 59822K(63952K)->59822K(63952K) NonClass: 51852K(54224K)->51852K(54224K) Class: 7970K(9728K)->7970K(9728K)
[2021-08-17T06:03:04.142+0000][6][gc           ] GC(31) Pause Young (Normal) (G1 Evacuation Pause) 362M->165M(538M) 7.761ms
[2021-08-17T06:03:04.142+0000][6][gc,cpu       ] GC(31) User=0.02s Sys=0.00s Real=0.01s
[2021-08-17T06:03:04.142+0000][6][safepoint    ] Safepoint "G1CollectForAllocation", Time since last: 128022511 ns, Reaching safepoint: 184322 ns, At safepoint: 7845641 ns, Total: 8029963 ns
[2021-08-17T06:03:04.193+0000][6][gc,marking   ] GC(30) Concurrent Mark From Roots 184.296ms
[2021-08-17T06:03:04.193+0000][6][gc,marking   ] GC(30) Concurrent Preclean
[2021-08-17T06:03:04.193+0000][6][gc,marking   ] GC(30) Concurrent Preclean 0.168ms
[2021-08-17T06:03:04.193+0000][6][gc,marking   ] GC(30) Concurrent Mark (10.884s, 11.069s) 184.509ms
[2021-08-17T06:03:04.194+0000][6][gc,start     ] GC(30) Pause Remark
[2021-08-17T06:03:04.198+0000][6][gc           ] GC(30) Pause Remark 253M->243M(538M) 4.114ms
[2021-08-17T06:03:04.198+0000][6][gc,cpu       ] GC(30) User=0.01s Sys=0.00s Real=0.01s
[2021-08-17T06:03:04.198+0000][6][safepoint    ] Safepoint "G1Concurrent", Time since last: 51278224 ns, Reaching safepoint: 214770 ns, At safepoint: 4178600 ns, Total: 4393370 ns
[2021-08-17T06:03:04.198+0000][6][gc,marking   ] GC(30) Concurrent Rebuild Remembered Sets
[2021-08-17T06:03:04.244+0000][6][gc,start     ] GC(32) Pause Young (Normal) (G1 Evacuation Pause)
[2021-08-17T06:03:04.244+0000][6][gc,task      ] GC(32) Using 4 workers of 4 for evacuation
[2021-08-17T06:03:04.244+0000][6][gc,age       ] GC(32) Desired survivor size 14155776 bytes, new threshold 15 (max threshold 15)
[2021-08-17T06:03:04.251+0000][6][gc,age       ] GC(32) Age table with threshold 15 (max threshold 15)
[2021-08-17T06:03:04.251+0000][6][gc,age       ] GC(32) - age   1:        128 bytes,        128 total
[2021-08-17T06:03:04.251+0000][6][gc,age       ] GC(32) - age   2:       1008 bytes,       1136 total
[2021-08-17T06:03:04.251+0000][6][gc,age       ] GC(32) - age   3:    5958792 bytes,    5959928 total
[2021-08-17T06:03:04.251+0000][6][gc,age       ] GC(32) - age   4:    1090840 bytes,    7050768 total
[2021-08-17T06:03:04.431+0000][6][gc,phases    ] GC(32)   Pre Evacuate Collection Set: 0.2ms
[2021-08-17T06:03:04.431+0000][6][gc,phases    ] GC(32)   Merge Heap Roots: 0.1ms
[2021-08-17T06:03:04.431+0000][6][gc,phases    ] GC(32)   Evacuate Collection Set: 5.5ms
[2021-08-17T06:03:04.431+0000][6][gc,phases    ] GC(32)   Post Evacuate Collection Set: 180.5ms
[2021-08-17T06:03:04.431+0000][6][gc,phases    ] GC(32)   Other: 0.2ms
[2021-08-17T06:03:04.431+0000][6][gc,heap      ] GC(32) Eden regions: 206->0(369)
[2021-08-17T06:03:04.431+0000][6][gc,heap      ] GC(32) Survivor regions: 7->8(27)
[2021-08-17T06:03:04.431+0000][6][gc,heap      ] GC(32) Old regions: 106->106
[2021-08-17T06:03:04.431+0000][6][gc,heap      ] GC(32) Archive regions: 2->2
[2021-08-17T06:03:04.431+0000][6][gc,heap      ] GC(32) Humongous regions: 44->44
[2021-08-17T06:03:04.431+0000][6][gc,metaspace ] GC(32) Metaspace: 59822K(63952K)->59822K(63952K) NonClass: 51852K(54224K)->51852K(54224K) Class: 7970K(9728K)->7970K(9728K)
[2021-08-17T06:03:04.431+0000][6][gc           ] GC(32) Pause Young (Normal) (G1 Evacuation Pause) 361M->156M(733M) 186.814ms
[2021-08-17T06:03:04.431+0000][6][gc,cpu       ] GC(32) User=0.06s Sys=0.14s Real=0.19s
[2021-08-17T06:03:04.431+0000][6][safepoint    ] Safepoint "G1CollectForAllocation", Time since last: 45698502 ns, Reaching safepoint: 839889 ns, At safepoint: 186929692 ns, Total: 187769581 ns
[2021-08-17T06:03:04.514+0000][6][gc,marking   ] GC(30) Concurrent Rebuild Remembered Sets 316.157ms
[2021-08-17T06:03:04.515+0000][6][gc,start     ] GC(30) Pause Cleanup
[2021-08-17T06:03:04.517+0000][6][gc           ] GC(30) Pause Cleanup 264M->264M(733M) 1.983ms
[2021-08-17T06:03:04.517+0000][6][gc,cpu       ] GC(30) User=0.01s Sys=0.00s Real=0.00s
[2021-08-17T06:03:04.517+0000][6][safepoint    ] Safepoint "G1Concurrent", Time since last: 82840165 ns, Reaching safepoint: 622284 ns, At safepoint: 2207084 ns, Total: 2829368 ns
[2021-08-17T06:03:04.517+0000][6][gc,marking   ] GC(30) Concurrent Cleanup for Next Mark
[2021-08-17T06:03:04.518+0000][6][gc,marking   ] GC(30) Concurrent Cleanup for Next Mark 1.095ms
[2021-08-17T06:03:04.518+0000][6][gc           ] GC(30) Concurrent Cycle 511.963ms
[2021-08-17T06:03:04.531+0000][6][safepoint    ] Safepoint "BulkRevokeBias", Time since last: 13939792 ns, Reaching safepoint: 370081 ns, At safepoint: 196476 ns, Total: 566557 ns
[2021-08-17T06:03:04.726+0000][6][gc,start     ] GC(33) Pause Young (Normal) (G1 Evacuation Pause)
[2021-08-17T06:03:04.726+0000][6][gc,task      ] GC(33) Using 4 workers of 4 for evacuation
[2021-08-17T06:03:04.726+0000][6][gc,age       ] GC(33) Desired survivor size 25165824 bytes, new threshold 15 (max threshold 15)
[2021-08-17T06:03:04.737+0000][6][gc,age       ] GC(33) Age table with threshold 15 (max threshold 15)
[2021-08-17T06:03:04.737+0000][6][gc,age       ] GC(33) - age   1:     378944 bytes,     378944 total
[2021-08-17T06:03:04.737+0000][6][gc,age       ] GC(33) - age   3:        976 bytes,     379920 total
[2021-08-17T06:03:04.737+0000][6][gc,age       ] GC(33) - age   4:    5958792 bytes,    6338712 total
[2021-08-17T06:03:04.737+0000][6][gc,age       ] GC(33) - age   5:    1090840 bytes,    7429552 total
[2021-08-17T06:03:04.737+0000][6][gc,phases    ] GC(33)   Pre Evacuate Collection Set: 0.2ms
[2021-08-17T06:03:04.737+0000][6][gc,phases    ] GC(33)   Merge Heap Roots: 0.1ms
[2021-08-17T06:03:04.737+0000][6][gc,phases    ] GC(33)   Evacuate Collection Set: 9.9ms
[2021-08-17T06:03:04.737+0000][6][gc,phases    ] GC(33)   Post Evacuate Collection Set: 0.9ms
[2021-08-17T06:03:04.737+0000][6][gc,phases    ] GC(33)   Other: 0.2ms
[2021-08-17T06:03:04.738+0000][6][gc,heap      ] GC(33) Eden regions: 369->0(373)
[2021-08-17T06:03:04.738+0000][6][gc,heap      ] GC(33) Survivor regions: 8->8(48)
[2021-08-17T06:03:04.738+0000][6][gc,heap      ] GC(33) Old regions: 106->106
[2021-08-17T06:03:04.738+0000][6][gc,heap      ] GC(33) Archive regions: 2->2
[2021-08-17T06:03:04.738+0000][6][gc,heap      ] GC(33) Humongous regions: 44->44
[2021-08-17T06:03:04.738+0000][6][gc,metaspace ] GC(33) Metaspace: 61346K(65488K)->61346K(65488K) NonClass: 53179K(55504K)->53179K(55504K) Class: 8166K(9984K)->8166K(9984K)
[2021-08-17T06:03:04.738+0000][6][gc           ] GC(33) Pause Young (Normal) (G1 Evacuation Pause) 525M->156M(733M) 11.440ms
[2021-08-17T06:03:04.738+0000][6][gc,cpu       ] GC(33) User=0.02s Sys=0.00s Real=0.02s
[2021-08-17T06:03:04.738+0000][6][safepoint    ] Safepoint "G1CollectForAllocation", Time since last: 193080711 ns, Reaching safepoint: 1616911 ns, At safepoint: 11551639 ns, Total: 13168550 ns
[2021-08-17T06:03:04.885+0000][6][safepoint    ] Safepoint "BulkRevokeBias", Time since last: 146518396 ns, Reaching safepoint: 516029 ns, At safepoint: 634996 ns, Total: 1151025 ns
[2021-08-17T06:03:05.124+0000][6][gc,start     ] GC(34) Pause Young (Normal) (G1 Evacuation Pause)
[2021-08-17T06:03:05.124+0000][6][gc,task      ] GC(34) Using 4 workers of 4 for evacuation
[2021-08-17T06:03:05.124+0000][6][gc,age       ] GC(34) Desired survivor size 25165824 bytes, new threshold 15 (max threshold 15)
[2021-08-17T06:03:05.132+0000][6][gc,age       ] GC(34) Age table with threshold 15 (max threshold 15)
[2021-08-17T06:03:05.132+0000][6][gc,age       ] GC(34) - age   1:     293168 bytes,     293168 total
[2021-08-17T06:03:05.132+0000][6][gc,age       ] GC(34) - age   2:     364064 bytes,     657232 total
[2021-08-17T06:03:05.132+0000][6][gc,age       ] GC(34) - age   4:        792 bytes,     658024 total
[2021-08-17T06:03:05.132+0000][6][gc,age       ] GC(34) - age   5:    5958792 bytes,    6616816 total
[2021-08-17T06:03:05.132+0000][6][gc,age       ] GC(34) - age   6:    1090840 bytes,    7707656 total
[2021-08-17T06:03:05.132+0000][6][gc,phases    ] GC(34)   Pre Evacuate Collection Set: 0.3ms
[2021-08-17T06:03:05.132+0000][6][gc,phases    ] GC(34)   Merge Heap Roots: 0.2ms
[2021-08-17T06:03:05.132+0000][6][gc,phases    ] GC(34)   Evacuate Collection Set: 5.8ms
[2021-08-17T06:03:05.132+0000][6][gc,phases    ] GC(34)   Post Evacuate Collection Set: 1.4ms
[2021-08-17T06:03:05.132+0000][6][gc,phases    ] GC(34)   Other: 0.2ms
[2021-08-17T06:03:05.132+0000][6][gc,heap      ] GC(34) Eden regions: 373->0(375)
[2021-08-17T06:03:05.132+0000][6][gc,heap      ] GC(34) Survivor regions: 8->8(48)
[2021-08-17T06:03:05.132+0000][6][gc,heap      ] GC(34) Old regions: 106->106
[2021-08-17T06:03:05.132+0000][6][gc,heap      ] GC(34) Archive regions: 2->2
[2021-08-17T06:03:05.132+0000][6][gc,heap      ] GC(34) Humongous regions: 44->44
[2021-08-17T06:03:05.132+0000][6][gc,metaspace ] GC(34) Metaspace: 61728K(65744K)->61728K(65744K) NonClass: 53494K(55760K)->53494K(55760K) Class: 8233K(9984K)->8233K(9984K)
[2021-08-17T06:03:05.132+0000][6][gc           ] GC(34) Pause Young (Normal) (G1 Evacuation Pause) 529M->157M(733M) 7.985ms
[2021-08-17T06:03:05.132+0000][6][gc,cpu       ] GC(34) User=0.02s Sys=0.00s Real=0.01s
[2021-08-17T06:03:05.132+0000][6][safepoint    ] Safepoint "G1CollectForAllocation", Time since last: 238419905 ns, Reaching safepoint: 257936 ns, At safepoint: 8049458 ns, Total: 8307394 ns
[2021-08-17T06:03:05.281+0000][6][gc,start     ] GC(35) Pause Young (Normal) (G1 Evacuation Pause)
[2021-08-17T06:03:05.281+0000][6][gc,task      ] GC(35) Using 4 workers of 4 for evacuation
[2021-08-17T06:03:05.281+0000][6][gc,age       ] GC(35) Desired survivor size 25165824 bytes, new threshold 15 (max threshold 15)
[2021-08-17T06:03:05.289+0000][6][gc,age       ] GC(35) Age table with threshold 15 (max threshold 15)
[2021-08-17T06:03:05.289+0000][6][gc,age       ] GC(35) - age   1:        160 bytes,        160 total
[2021-08-17T06:03:05.289+0000][6][gc,age       ] GC(35) - age   2:     287728 bytes,     287888 total
[2021-08-17T06:03:05.289+0000][6][gc,age       ] GC(35) - age   3:     364064 bytes,     651952 total
[2021-08-17T06:03:05.289+0000][6][gc,age       ] GC(35) - age   5:        792 bytes,     652744 total
[2021-08-17T06:03:05.289+0000][6][gc,age       ] GC(35) - age   6:    5958792 bytes,    6611536 total
[2021-08-17T06:03:05.289+0000][6][gc,age       ] GC(35) - age   7:    1090840 bytes,    7702376 total
[2021-08-17T06:03:05.289+0000][6][gc,phases    ] GC(35)   Pre Evacuate Collection Set: 0.1ms
[2021-08-17T06:03:05.289+0000][6][gc,phases    ] GC(35)   Merge Heap Roots: 0.1ms
[2021-08-17T06:03:05.289+0000][6][gc,phases    ] GC(35)   Evacuate Collection Set: 6.6ms
[2021-08-17T06:03:05.289+0000][6][gc,phases    ] GC(35)   Post Evacuate Collection Set: 0.9ms
[2021-08-17T06:03:05.289+0000][6][gc,phases    ] GC(35)   Other: 0.3ms
[2021-08-17T06:03:05.289+0000][6][gc,heap      ] GC(35) Eden regions: 375->0(379)
[2021-08-17T06:03:05.289+0000][6][gc,heap      ] GC(35) Survivor regions: 8->8(48)
[2021-08-17T06:03:05.289+0000][6][gc,heap      ] GC(35) Old regions: 106->106
[2021-08-17T06:03:05.289+0000][6][gc,heap      ] GC(35) Archive regions: 2->2
[2021-08-17T06:03:05.289+0000][6][gc,heap      ] GC(35) Humongous regions: 44->44
[2021-08-17T06:03:05.289+0000][6][gc,metaspace ] GC(35) Metaspace: 61728K(65744K)->61728K(65744K) NonClass: 53494K(55760K)->53494K(55760K) Class: 8233K(9984K)->8233K(9984K)
[2021-08-17T06:03:05.289+0000][6][gc           ] GC(35) Pause Young (Normal) (G1 Evacuation Pause) 532M->156M(733M) 8.085ms
[2021-08-17T06:03:05.289+0000][6][gc,cpu       ] GC(35) User=0.02s Sys=0.00s Real=0.01s
[2021-08-17T06:03:05.289+0000][6][safepoint    ] Safepoint "G1CollectForAllocation", Time since last: 148981594 ns, Reaching safepoint: 206441 ns, At safepoint: 8167047 ns, Total: 8373488 ns
[2021-08-17T06:03:05.421+0000][6][gc,start     ] GC(36) Pause Young (Normal) (G1 Evacuation Pause)
[2021-08-17T06:03:05.421+0000][6][gc,task      ] GC(36) Using 4 workers of 4 for evacuation
[2021-08-17T06:03:05.421+0000][6][gc,age       ] GC(36) Desired survivor size 25690112 bytes, new threshold 15 (max threshold 15)
[2021-08-17T06:03:05.432+0000][6][gc,age       ] GC(36) Age table with threshold 15 (max threshold 15)
[2021-08-17T06:03:05.433+0000][6][gc,age       ] GC(36) - age   1:        160 bytes,        160 total
[2021-08-17T06:03:05.433+0000][6][gc,age       ] GC(36) - age   3:     287728 bytes,     287888 total
[2021-08-17T06:03:05.433+0000][6][gc,age       ] GC(36) - age   4:     364064 bytes,     651952 total
[2021-08-17T06:03:05.433+0000][6][gc,age       ] GC(36) - age   6:        792 bytes,     652744 total
[2021-08-17T06:03:05.433+0000][6][gc,age       ] GC(36) - age   7:    5958792 bytes,    6611536 total
[2021-08-17T06:03:05.433+0000][6][gc,age       ] GC(36) - age   8:    1090840 bytes,    7702376 total
[2021-08-17T06:03:05.433+0000][6][gc,phases    ] GC(36)   Pre Evacuate Collection Set: 0.1ms
[2021-08-17T06:03:05.433+0000][6][gc,phases    ] GC(36)   Merge Heap Roots: 0.2ms
[2021-08-17T06:03:05.433+0000][6][gc,phases    ] GC(36)   Evacuate Collection Set: 9.2ms
[2021-08-17T06:03:05.433+0000][6][gc,phases    ] GC(36)   Post Evacuate Collection Set: 1.5ms
[2021-08-17T06:03:05.433+0000][6][gc,phases    ] GC(36)   Other: 0.2ms
[2021-08-17T06:03:05.433+0000][6][gc,heap      ] GC(36) Eden regions: 379->0(381)
[2021-08-17T06:03:05.433+0000][6][gc,heap      ] GC(36) Survivor regions: 8->8(49)
[2021-08-17T06:03:05.433+0000][6][gc,heap      ] GC(36) Old regions: 106->106
[2021-08-17T06:03:05.433+0000][6][gc,heap      ] GC(36) Archive regions: 2->2
[2021-08-17T06:03:05.433+0000][6][gc,heap      ] GC(36) Humongous regions: 44->44
[2021-08-17T06:03:05.433+0000][6][gc,metaspace ] GC(36) Metaspace: 61728K(65744K)->61728K(65744K) NonClass: 53494K(55760K)->53494K(55760K) Class: 8233K(9984K)->8233K(9984K)
[2021-08-17T06:03:05.433+0000][6][gc           ] GC(36) Pause Young (Normal) (G1 Evacuation Pause) 535M->157M(733M) 11.228ms
[2021-08-17T06:03:05.433+0000][6][gc,cpu       ] GC(36) User=0.02s Sys=0.00s Real=0.01s
[2021-08-17T06:03:05.433+0000][6][safepoint    ] Safepoint "G1CollectForAllocation", Time since last: 131780840 ns, Reaching safepoint: 232604 ns, At safepoint: 11293249 ns, Total: 11525853 ns
[2021-08-17T06:03:05.574+0000][6][gc,start     ] GC(37) Pause Young (Normal) (G1 Evacuation Pause)
[2021-08-17T06:03:05.574+0000][6][gc,task      ] GC(37) Using 4 workers of 4 for evacuation
[2021-08-17T06:03:05.574+0000][6][gc,age       ] GC(37) Desired survivor size 25690112 bytes, new threshold 15 (max threshold 15)
[2021-08-17T06:03:05.583+0000][6][gc,age       ] GC(37) Age table with threshold 15 (max threshold 15)
[2021-08-17T06:03:05.583+0000][6][gc,age       ] GC(37) - age   1:        880 bytes,        880 total
[2021-08-17T06:03:05.583+0000][6][gc,age       ] GC(37) - age   4:     287696 bytes,     288576 total
[2021-08-17T06:03:05.583+0000][6][gc,age       ] GC(37) - age   5:     363216 bytes,     651792 total
[2021-08-17T06:03:05.583+0000][6][gc,age       ] GC(37) - age   7:        792 bytes,     652584 total
[2021-08-17T06:03:05.583+0000][6][gc,age       ] GC(37) - age   8:    5958792 bytes,    6611376 total
[2021-08-17T06:03:05.583+0000][6][gc,age       ] GC(37) - age   9:    1090840 bytes,    7702216 total
[2021-08-17T06:03:05.583+0000][6][gc,phases    ] GC(37)   Pre Evacuate Collection Set: 0.1ms
[2021-08-17T06:03:05.583+0000][6][gc,phases    ] GC(37)   Merge Heap Roots: 0.1ms
[2021-08-17T06:03:05.583+0000][6][gc,phases    ] GC(37)   Evacuate Collection Set: 7.1ms
[2021-08-17T06:03:05.583+0000][6][gc,phases    ] GC(37)   Post Evacuate Collection Set: 1.4ms
[2021-08-17T06:03:05.583+0000][6][gc,phases    ] GC(37)   Other: 0.2ms
[2021-08-17T06:03:05.583+0000][6][gc,heap      ] GC(37) Eden regions: 381->0(381)
[2021-08-17T06:03:05.583+0000][6][gc,heap      ] GC(37) Survivor regions: 8->8(49)
[2021-08-17T06:03:05.583+0000][6][gc,heap      ] GC(37) Old regions: 106->106
[2021-08-17T06:03:05.583+0000][6][gc,heap      ] GC(37) Archive regions: 2->2
[2021-08-17T06:03:05.583+0000][6][gc,heap      ] GC(37) Humongous regions: 44->44
[2021-08-17T06:03:05.583+0000][6][gc,metaspace ] GC(37) Metaspace: 61730K(65744K)->61730K(65744K) NonClass: 53496K(55760K)->53496K(55760K) Class: 8233K(9984K)->8233K(9984K)
[2021-08-17T06:03:05.583+0000][6][gc           ] GC(37) Pause Young (Normal) (G1 Evacuation Pause) 538M->157M(733M) 9.024ms
[2021-08-17T06:03:05.583+0000][6][gc,cpu       ] GC(37) User=0.02s Sys=0.00s Real=0.01s
[2021-08-17T06:03:05.583+0000][6][safepoint    ] Safepoint "G1CollectForAllocation", Time since last: 141537358 ns, Reaching safepoint: 121491 ns, At safepoint: 9128904 ns, Total: 9250395 ns
[2021-08-17T06:03:05.723+0000][6][gc,start     ] GC(38) Pause Young (Normal) (G1 Evacuation Pause)
[2021-08-17T06:03:05.723+0000][6][gc,task      ] GC(38) Using 4 workers of 4 for evacuation
[2021-08-17T06:03:05.723+0000][6][gc,age       ] GC(38) Desired survivor size 25690112 bytes, new threshold 15 (max threshold 15)
[2021-08-17T06:03:05.731+0000][6][gc,age       ] GC(38) Age table with threshold 15 (max threshold 15)
[2021-08-17T06:03:05.731+0000][6][gc,age       ] GC(38) - age   1:      67200 bytes,      67200 total
[2021-08-17T06:03:05.731+0000][6][gc,age       ] GC(38) - age   2:        848 bytes,      68048 total
[2021-08-17T06:03:05.731+0000][6][gc,age       ] GC(38) - age   5:     285936 bytes,     353984 total
[2021-08-17T06:03:05.731+0000][6][gc,age       ] GC(38) - age   6:     363216 bytes,     717200 total
[2021-08-17T06:03:05.731+0000][6][gc,age       ] GC(38) - age   8:        792 bytes,     717992 total
[2021-08-17T06:03:05.731+0000][6][gc,age       ] GC(38) - age   9:    5942392 bytes,    6660384 total
[2021-08-17T06:03:05.731+0000][6][gc,age       ] GC(38) - age  10:    1090840 bytes,    7751224 total
[2021-08-17T06:03:05.731+0000][6][gc,phases    ] GC(38)   Pre Evacuate Collection Set: 0.2ms
[2021-08-17T06:03:05.731+0000][6][gc,phases    ] GC(38)   Merge Heap Roots: 0.2ms
[2021-08-17T06:03:05.731+0000][6][gc,phases    ] GC(38)   Evacuate Collection Set: 6.4ms
[2021-08-17T06:03:05.731+0000][6][gc,phases    ] GC(38)   Post Evacuate Collection Set: 1.2ms
[2021-08-17T06:03:05.731+0000][6][gc,phases    ] GC(38)   Other: 0.2ms
[2021-08-17T06:03:05.731+0000][6][gc,heap      ] GC(38) Eden regions: 381->0(381)
[2021-08-17T06:03:05.731+0000][6][gc,heap      ] GC(38) Survivor regions: 8->8(49)
[2021-08-17T06:03:05.731+0000][6][gc,heap      ] GC(38) Old regions: 106->106
[2021-08-17T06:03:05.731+0000][6][gc,heap      ] GC(38) Archive regions: 2->2
[2021-08-17T06:03:05.731+0000][6][gc,heap      ] GC(38) Humongous regions: 44->44
[2021-08-17T06:03:05.731+0000][6][gc,metaspace ] GC(38) Metaspace: 61735K(65744K)->61735K(65744K) NonClass: 53501K(55760K)->53501K(55760K) Class: 8234K(9984K)->8234K(9984K)
[2021-08-17T06:03:05.731+0000][6][gc           ] GC(38) Pause Young (Normal) (G1 Evacuation Pause) 538M->157M(733M) 8.147ms
[2021-08-17T06:03:05.731+0000][6][gc,cpu       ] GC(38) User=0.02s Sys=0.00s Real=0.01s
[2021-08-17T06:03:05.731+0000][6][safepoint    ] Safepoint "G1CollectForAllocation", Time since last: 139270412 ns, Reaching safepoint: 136730 ns, At safepoint: 8208504 ns, Total: 8345234 ns
[2021-08-17T06:03:05.891+0000][6][gc,start     ] GC(39) Pause Young (Normal) (G1 Evacuation Pause)
[2021-08-17T06:03:05.891+0000][6][gc,task      ] GC(39) Using 4 workers of 4 for evacuation
[2021-08-17T06:03:05.891+0000][6][gc,age       ] GC(39) Desired survivor size 25690112 bytes, new threshold 15 (max threshold 15)
[2021-08-17T06:03:05.900+0000][6][gc,age       ] GC(39) Age table with threshold 15 (max threshold 15)
[2021-08-17T06:03:05.900+0000][6][gc,age       ] GC(39) - age   1:     131320 bytes,     131320 total
[2021-08-17T06:03:05.900+0000][6][gc,age       ] GC(39) - age   2:       1440 bytes,     132760 total
[2021-08-17T06:03:05.900+0000][6][gc,age       ] GC(39) - age   3:        848 bytes,     133608 total
[2021-08-17T06:03:05.900+0000][6][gc,age       ] GC(39) - age   6:     285936 bytes,     419544 total
[2021-08-17T06:03:05.900+0000][6][gc,age       ] GC(39) - age   7:     363216 bytes,     782760 total
[2021-08-17T06:03:05.900+0000][6][gc,age       ] GC(39) - age   9:        792 bytes,     783552 total
[2021-08-17T06:03:05.900+0000][6][gc,age       ] GC(39) - age  10:    5942392 bytes,    6725944 total
[2021-08-17T06:03:05.900+0000][6][gc,age       ] GC(39) - age  11:    1090840 bytes,    7816784 total
[2021-08-17T06:03:05.900+0000][6][gc,phases    ] GC(39)   Pre Evacuate Collection Set: 0.2ms
[2021-08-17T06:03:05.900+0000][6][gc,phases    ] GC(39)   Merge Heap Roots: 0.2ms
[2021-08-17T06:03:05.900+0000][6][gc,phases    ] GC(39)   Evacuate Collection Set: 7.0ms
[2021-08-17T06:03:05.900+0000][6][gc,phases    ] GC(39)   Post Evacuate Collection Set: 1.8ms
[2021-08-17T06:03:05.900+0000][6][gc,phases    ] GC(39)   Other: 0.2ms
[2021-08-17T06:03:05.900+0000][6][gc,heap      ] GC(39) Eden regions: 381->0(381)
[2021-08-17T06:03:05.900+0000][6][gc,heap      ] GC(39) Survivor regions: 8->8(49)
[2021-08-17T06:03:05.900+0000][6][gc,heap      ] GC(39) Old regions: 106->106
[2021-08-17T06:03:05.900+0000][6][gc,heap      ] GC(39) Archive regions: 2->2
[2021-08-17T06:03:05.900+0000][6][gc,heap      ] GC(39) Humongous regions: 44->44
[2021-08-17T06:03:05.900+0000][6][gc,metaspace ] GC(39) Metaspace: 61735K(65744K)->61735K(65744K) NonClass: 53501K(55760K)->53501K(55760K) Class: 8234K(9984K)->8234K(9984K)
[2021-08-17T06:03:05.900+0000][6][gc           ] GC(39) Pause Young (Normal) (G1 Evacuation Pause) 538M->157M(733M) 9.409ms
[2021-08-17T06:03:05.900+0000][6][gc,cpu       ] GC(39) User=0.02s Sys=0.00s Real=0.01s
[2021-08-17T06:03:05.900+0000][6][safepoint    ] Safepoint "G1CollectForAllocation", Time since last: 159703359 ns, Reaching safepoint: 131163 ns, At safepoint: 9477166 ns, Total: 9608329 ns
[2021-08-17T06:03:06.050+0000][6][gc,start     ] GC(40) Pause Young (Normal) (G1 Evacuation Pause)
[2021-08-17T06:03:06.050+0000][6][gc,task      ] GC(40) Using 4 workers of 4 for evacuation
[2021-08-17T06:03:06.050+0000][6][gc,age       ] GC(40) Desired survivor size 25690112 bytes, new threshold 15 (max threshold 15)
[2021-08-17T06:03:06.065+0000][6][gc,age       ] GC(40) Age table with threshold 15 (max threshold 15)
[2021-08-17T06:03:06.065+0000][6][gc,age       ] GC(40) - age   1:        232 bytes,        232 total
[2021-08-17T06:03:06.065+0000][6][gc,age       ] GC(40) - age   3:       1440 bytes,       1672 total
[2021-08-17T06:03:06.065+0000][6][gc,age       ] GC(40) - age   4:        848 bytes,       2520 total
[2021-08-17T06:03:06.065+0000][6][gc,age       ] GC(40) - age   7:     285936 bytes,     288456 total
[2021-08-17T06:03:06.065+0000][6][gc,age       ] GC(40) - age   8:     363216 bytes,     651672 total
[2021-08-17T06:03:06.065+0000][6][gc,age       ] GC(40) - age  10:        792 bytes,     652464 total
[2021-08-17T06:03:06.065+0000][6][gc,age       ] GC(40) - age  11:    5942392 bytes,    6594856 total
[2021-08-17T06:03:06.065+0000][6][gc,age       ] GC(40) - age  12:    1090840 bytes,    7685696 total
[2021-08-17T06:03:06.065+0000][6][gc,phases    ] GC(40)   Pre Evacuate Collection Set: 0.2ms
[2021-08-17T06:03:06.065+0000][6][gc,phases    ] GC(40)   Merge Heap Roots: 0.2ms
[2021-08-17T06:03:06.065+0000][6][gc,phases    ] GC(40)   Evacuate Collection Set: 12.0ms
[2021-08-17T06:03:06.065+0000][6][gc,phases    ] GC(40)   Post Evacuate Collection Set: 2.7ms
[2021-08-17T06:03:06.065+0000][6][gc,phases    ] GC(40)   Other: 0.2ms
[2021-08-17T06:03:06.065+0000][6][gc,heap      ] GC(40) Eden regions: 381->0(380)
[2021-08-17T06:03:06.065+0000][6][gc,heap      ] GC(40) Survivor regions: 8->8(49)
[2021-08-17T06:03:06.065+0000][6][gc,heap      ] GC(40) Old regions: 106->106
[2021-08-17T06:03:06.065+0000][6][gc,heap      ] GC(40) Archive regions: 2->2
[2021-08-17T06:03:06.065+0000][6][gc,heap      ] GC(40) Humongous regions: 45->45
[2021-08-17T06:03:06.065+0000][6][gc,metaspace ] GC(40) Metaspace: 61735K(65744K)->61735K(65744K) NonClass: 53501K(55760K)->53501K(55760K) Class: 8234K(9984K)->8234K(9984K)
[2021-08-17T06:03:06.065+0000][6][gc           ] GC(40) Pause Young (Normal) (G1 Evacuation Pause) 539M->157M(733M) 15.308ms
[2021-08-17T06:03:06.065+0000][6][gc,cpu       ] GC(40) User=0.02s Sys=0.00s Real=0.01s
[2021-08-17T06:03:06.065+0000][6][safepoint    ] Safepoint "G1CollectForAllocation", Time since last: 149282154 ns, Reaching safepoint: 115549 ns, At safepoint: 15429514 ns, Total: 15545063 ns
[2021-08-17T06:03:06.208+0000][6][gc,start     ] GC(41) Pause Young (Normal) (G1 Evacuation Pause)
[2021-08-17T06:03:06.208+0000][6][gc,task      ] GC(41) Using 4 workers of 4 for evacuation
[2021-08-17T06:03:06.208+0000][6][gc,age       ] GC(41) Desired survivor size 25690112 bytes, new threshold 15 (max threshold 15)
[2021-08-17T06:03:06.222+0000][6][gc,age       ] GC(41) Age table with threshold 15 (max threshold 15)
[2021-08-17T06:03:06.222+0000][6][gc,age       ] GC(41) - age   1:        408 bytes,        408 total
[2021-08-17T06:03:06.222+0000][6][gc,age       ] GC(41) - age   4:       1408 bytes,       1816 total
[2021-08-17T06:03:06.222+0000][6][gc,age       ] GC(41) - age   5:        848 bytes,       2664 total
[2021-08-17T06:03:06.222+0000][6][gc,age       ] GC(41) - age   8:     285752 bytes,     288416 total
[2021-08-17T06:03:06.222+0000][6][gc,age       ] GC(41) - age   9:     363216 bytes,     651632 total
[2021-08-17T06:03:06.222+0000][6][gc,age       ] GC(41) - age  11:        760 bytes,     652392 total
[2021-08-17T06:03:06.222+0000][6][gc,age       ] GC(41) - age  12:    5942392 bytes,    6594784 total
[2021-08-17T06:03:06.222+0000][6][gc,age       ] GC(41) - age  13:    1090840 bytes,    7685624 total
[2021-08-17T06:03:06.222+0000][6][gc,phases    ] GC(41)   Pre Evacuate Collection Set: 0.2ms
[2021-08-17T06:03:06.222+0000][6][gc,phases    ] GC(41)   Merge Heap Roots: 0.1ms
[2021-08-17T06:03:06.222+0000][6][gc,phases    ] GC(41)   Evacuate Collection Set: 12.1ms
[2021-08-17T06:03:06.222+0000][6][gc,phases    ] GC(41)   Post Evacuate Collection Set: 1.1ms
[2021-08-17T06:03:06.222+0000][6][gc,phases    ] GC(41)   Other: 0.2ms
[2021-08-17T06:03:06.222+0000][6][gc,heap      ] GC(41) Eden regions: 380->0(380)
[2021-08-17T06:03:06.222+0000][6][gc,heap      ] GC(41) Survivor regions: 8->8(49)
[2021-08-17T06:03:06.222+0000][6][gc,heap      ] GC(41) Old regions: 106->106
[2021-08-17T06:03:06.222+0000][6][gc,heap      ] GC(41) Archive regions: 2->2
[2021-08-17T06:03:06.222+0000][6][gc,heap      ] GC(41) Humongous regions: 45->45
[2021-08-17T06:03:06.222+0000][6][gc,metaspace ] GC(41) Metaspace: 61735K(65744K)->61735K(65744K) NonClass: 53501K(55760K)->53501K(55760K) Class: 8234K(9984K)->8234K(9984K)
[2021-08-17T06:03:06.222+0000][6][gc           ] GC(41) Pause Young (Normal) (G1 Evacuation Pause) 537M->158M(733M) 13.772ms
[2021-08-17T06:03:06.222+0000][6][gc,cpu       ] GC(41) User=0.02s Sys=0.00s Real=0.01s
[2021-08-17T06:03:06.222+0000][6][safepoint    ] Safepoint "G1CollectForAllocation", Time since last: 142930977 ns, Reaching safepoint: 132691 ns, At safepoint: 13851799 ns, Total: 13984490 ns
[2021-08-17T06:03:06.426+0000][6][gc,start     ] GC(42) Pause Young (Normal) (G1 Evacuation Pause)
[2021-08-17T06:03:06.426+0000][6][gc,task      ] GC(42) Using 4 workers of 4 for evacuation
[2021-08-17T06:03:06.426+0000][6][gc,age       ] GC(42) Desired survivor size 25690112 bytes, new threshold 15 (max threshold 15)
[2021-08-17T06:03:06.449+0000][6][gc,age       ] GC(42) Age table with threshold 15 (max threshold 15)
[2021-08-17T06:03:06.449+0000][6][gc,age       ] GC(42) - age   1:        160 bytes,        160 total
[2021-08-17T06:03:06.449+0000][6][gc,age       ] GC(42) - age   2:        248 bytes,        408 total
[2021-08-17T06:03:06.449+0000][6][gc,age       ] GC(42) - age   5:       1408 bytes,       1816 total
[2021-08-17T06:03:06.449+0000][6][gc,age       ] GC(42) - age   6:        848 bytes,       2664 total
[2021-08-17T06:03:06.449+0000][6][gc,age       ] GC(42) - age   9:     285752 bytes,     288416 total
[2021-08-17T06:03:06.449+0000][6][gc,age       ] GC(42) - age  10:     363216 bytes,     651632 total
[2021-08-17T06:03:06.449+0000][6][gc,age       ] GC(42) - age  12:        760 bytes,     652392 total
[2021-08-17T06:03:06.449+0000][6][gc,age       ] GC(42) - age  13:    5942392 bytes,    6594784 total
[2021-08-17T06:03:06.449+0000][6][gc,age       ] GC(42) - age  14:    1090840 bytes,    7685624 total
[2021-08-17T06:03:06.449+0000][6][gc,phases    ] GC(42)   Pre Evacuate Collection Set: 0.1ms
[2021-08-17T06:03:06.449+0000][6][gc,phases    ] GC(42)   Merge Heap Roots: 0.1ms
[2021-08-17T06:03:06.449+0000][6][gc,phases    ] GC(42)   Evacuate Collection Set: 19.6ms
[2021-08-17T06:03:06.449+0000][6][gc,phases    ] GC(42)   Post Evacuate Collection Set: 3.2ms
[2021-08-17T06:03:06.449+0000][6][gc,phases    ] GC(42)   Other: 0.2ms
[2021-08-17T06:03:06.449+0000][6][gc,heap      ] GC(42) Eden regions: 380->0(380)
[2021-08-17T06:03:06.449+0000][6][gc,heap      ] GC(42) Survivor regions: 8->8(49)
[2021-08-17T06:03:06.449+0000][6][gc,heap      ] GC(42) Old regions: 106->106
[2021-08-17T06:03:06.449+0000][6][gc,heap      ] GC(42) Archive regions: 2->2
[2021-08-17T06:03:06.449+0000][6][gc,heap      ] GC(42) Humongous regions: 45->45
[2021-08-17T06:03:06.449+0000][6][gc,metaspace ] GC(42) Metaspace: 61735K(65744K)->61735K(65744K) NonClass: 53501K(55760K)->53501K(55760K) Class: 8234K(9984K)->8234K(9984K)
[2021-08-17T06:03:06.449+0000][6][gc           ] GC(42) Pause Young (Normal) (G1 Evacuation Pause) 538M->157M(733M) 23.226ms
[2021-08-17T06:03:06.449+0000][6][gc,cpu       ] GC(42) User=0.02s Sys=0.00s Real=0.03s
[2021-08-17T06:03:06.449+0000][6][safepoint    ] Safepoint "G1CollectForAllocation", Time since last: 203794973 ns, Reaching safepoint: 77163 ns, At safepoint: 23291730 ns, Total: 23368893 ns
[2021-08-17T06:03:06.605+0000][6][gc,start     ] GC(43) Pause Young (Normal) (G1 Evacuation Pause)
[2021-08-17T06:03:06.606+0000][6][gc,task      ] GC(43) Using 4 workers of 4 for evacuation
[2021-08-17T06:03:06.606+0000][6][gc,age       ] GC(43) Desired survivor size 25690112 bytes, new threshold 15 (max threshold 15)
[2021-08-17T06:03:06.636+0000][6][gc,age       ] GC(43) Age table with threshold 15 (max threshold 15)
[2021-08-17T06:03:06.637+0000][6][gc,age       ] GC(43) - age   1:       1112 bytes,       1112 total
[2021-08-17T06:03:06.637+0000][6][gc,age       ] GC(43) - age   3:        216 bytes,       1328 total
[2021-08-17T06:03:06.637+0000][6][gc,age       ] GC(43) - age   6:       1408 bytes,       2736 total
[2021-08-17T06:03:06.637+0000][6][gc,age       ] GC(43) - age  10:     285752 bytes,     288488 total
[2021-08-17T06:03:06.637+0000][6][gc,age       ] GC(43) - age  11:     363216 bytes,     651704 total
[2021-08-17T06:03:06.637+0000][6][gc,age       ] GC(43) - age  13:        760 bytes,     652464 total
[2021-08-17T06:03:06.637+0000][6][gc,age       ] GC(43) - age  14:    5942392 bytes,    6594856 total
[2021-08-17T06:03:06.637+0000][6][gc,age       ] GC(43) - age  15:    1090840 bytes,    7685696 total
[2021-08-17T06:03:06.637+0000][6][gc,phases    ] GC(43)   Pre Evacuate Collection Set: 0.1ms
[2021-08-17T06:03:06.637+0000][6][gc,phases    ] GC(43)   Merge Heap Roots: 0.1ms
[2021-08-17T06:03:06.637+0000][6][gc,phases    ] GC(43)   Evacuate Collection Set: 27.5ms
[2021-08-17T06:03:06.637+0000][6][gc,phases    ] GC(43)   Post Evacuate Collection Set: 3.2ms
[2021-08-17T06:03:06.637+0000][6][gc,phases    ] GC(43)   Other: 0.3ms
[2021-08-17T06:03:06.637+0000][6][gc,heap      ] GC(43) Eden regions: 380->0(380)
[2021-08-17T06:03:06.637+0000][6][gc,heap      ] GC(43) Survivor regions: 8->8(49)
[2021-08-17T06:03:06.637+0000][6][gc,heap      ] GC(43) Old regions: 106->106
[2021-08-17T06:03:06.637+0000][6][gc,heap      ] GC(43) Archive regions: 2->2
[2021-08-17T06:03:06.637+0000][6][gc,heap      ] GC(43) Humongous regions: 45->45
[2021-08-17T06:03:06.637+0000][6][gc,metaspace ] GC(43) Metaspace: 61736K(65744K)->61736K(65744K) NonClass: 53502K(55760K)->53502K(55760K) Class: 8234K(9984K)->8234K(9984K)
[2021-08-17T06:03:06.637+0000][6][gc           ] GC(43) Pause Young (Normal) (G1 Evacuation Pause) 537M->157M(733M) 31.357ms
[2021-08-17T06:03:06.637+0000][6][gc,cpu       ] GC(43) User=0.04s Sys=0.00s Real=0.03s
[2021-08-17T06:03:06.637+0000][6][safepoint    ] Safepoint "G1CollectForAllocation", Time since last: 156055476 ns, Reaching safepoint: 87566 ns, At safepoint: 31468749 ns, Total: 31556315 ns
[2021-08-17T06:03:06.867+0000][6][gc,start     ] GC(44) Pause Young (Normal) (G1 Evacuation Pause)
[2021-08-17T06:03:06.867+0000][6][gc,task      ] GC(44) Using 4 workers of 4 for evacuation
[2021-08-17T06:03:06.867+0000][6][gc,age       ] GC(44) Desired survivor size 25690112 bytes, new threshold 15 (max threshold 15)
[2021-08-17T06:03:06.876+0000][6][gc,age       ] GC(44) Age table with threshold 15 (max threshold 15)
[2021-08-17T06:03:06.877+0000][6][gc,age       ] GC(44) - age   1:        232 bytes,        232 total
[2021-08-17T06:03:06.877+0000][6][gc,age       ] GC(44) - age   2:        880 bytes,       1112 total
[2021-08-17T06:03:06.877+0000][6][gc,age       ] GC(44) - age   4:        216 bytes,       1328 total
[2021-08-17T06:03:06.877+0000][6][gc,age       ] GC(44) - age   7:       1408 bytes,       2736 total
[2021-08-17T06:03:06.877+0000][6][gc,age       ] GC(44) - age  11:     285752 bytes,     288488 total
[2021-08-17T06:03:06.877+0000][6][gc,age       ] GC(44) - age  12:     363216 bytes,     651704 total
[2021-08-17T06:03:06.877+0000][6][gc,age       ] GC(44) - age  14:        760 bytes,     652464 total
[2021-08-17T06:03:06.877+0000][6][gc,age       ] GC(44) - age  15:    5942392 bytes,    6594856 total
[2021-08-17T06:03:06.877+0000][6][gc,phases    ] GC(44)   Pre Evacuate Collection Set: 0.2ms
[2021-08-17T06:03:06.877+0000][6][gc,phases    ] GC(44)   Merge Heap Roots: 0.1ms
[2021-08-17T06:03:06.877+0000][6][gc,phases    ] GC(44)   Evacuate Collection Set: 7.8ms
[2021-08-17T06:03:06.877+0000][6][gc,phases    ] GC(44)   Post Evacuate Collection Set: 1.0ms
[2021-08-17T06:03:06.877+0000][6][gc,phases    ] GC(44)   Other: 0.2ms
[2021-08-17T06:03:06.877+0000][6][gc,heap      ] GC(44) Eden regions: 380->0(381)
[2021-08-17T06:03:06.877+0000][6][gc,heap      ] GC(44) Survivor regions: 8->7(49)
[2021-08-17T06:03:06.877+0000][6][gc,heap      ] GC(44) Old regions: 106->107
[2021-08-17T06:03:06.877+0000][6][gc,heap      ] GC(44) Archive regions: 2->2
[2021-08-17T06:03:06.877+0000][6][gc,heap      ] GC(44) Humongous regions: 45->45
[2021-08-17T06:03:06.877+0000][6][gc,metaspace ] GC(44) Metaspace: 61736K(65744K)->61736K(65744K) NonClass: 53502K(55760K)->53502K(55760K) Class: 8234K(9984K)->8234K(9984K)
[2021-08-17T06:03:06.877+0000][6][gc           ] GC(44) Pause Young (Normal) (G1 Evacuation Pause) 537M->158M(733M) 9.350ms
[2021-08-17T06:03:06.877+0000][6][gc,cpu       ] GC(44) User=0.02s Sys=0.00s Real=0.00s
[2021-08-17T06:03:06.877+0000][6][safepoint    ] Safepoint "G1CollectForAllocation", Time since last: 229935898 ns, Reaching safepoint: 418714 ns, At safepoint: 9432348 ns, Total: 9851062 ns
[2021-08-17T06:03:07.030+0000][6][gc,start     ] GC(45) Pause Young (Normal) (G1 Evacuation Pause)
[2021-08-17T06:03:07.030+0000][6][gc,task      ] GC(45) Using 4 workers of 4 for evacuation
[2021-08-17T06:03:07.030+0000][6][gc,age       ] GC(45) Desired survivor size 25690112 bytes, new threshold 15 (max threshold 15)
[2021-08-17T06:03:07.038+0000][6][gc,age       ] GC(45) Age table with threshold 15 (max threshold 15)
[2021-08-17T06:03:07.038+0000][6][gc,age       ] GC(45) - age   1:      31504 bytes,      31504 total
[2021-08-17T06:03:07.038+0000][6][gc,age       ] GC(45) - age   3:        880 bytes,      32384 total
[2021-08-17T06:03:07.038+0000][6][gc,age       ] GC(45) - age   5:        216 bytes,      32600 total
[2021-08-17T06:03:07.038+0000][6][gc,age       ] GC(45) - age   8:       1408 bytes,      34008 total
[2021-08-17T06:03:07.038+0000][6][gc,age       ] GC(45) - age  12:     284816 bytes,     318824 total
[2021-08-17T06:03:07.038+0000][6][gc,age       ] GC(45) - age  13:     363144 bytes,     681968 total
[2021-08-17T06:03:07.038+0000][6][gc,age       ] GC(45) - age  15:        760 bytes,     682728 total
[2021-08-17T06:03:07.038+0000][6][gc,phases    ] GC(45)   Pre Evacuate Collection Set: 0.2ms
[2021-08-17T06:03:07.038+0000][6][gc,phases    ] GC(45)   Merge Heap Roots: 0.3ms
[2021-08-17T06:03:07.038+0000][6][gc,phases    ] GC(45)   Evacuate Collection Set: 5.9ms
[2021-08-17T06:03:07.038+0000][6][gc,phases    ] GC(45)   Post Evacuate Collection Set: 1.9ms
[2021-08-17T06:03:07.038+0000][6][gc,phases    ] GC(45)   Other: 0.4ms
[2021-08-17T06:03:07.038+0000][6][gc,heap      ] GC(45) Eden regions: 381->0(387)
[2021-08-17T06:03:07.038+0000][6][gc,heap      ] GC(45) Survivor regions: 7->1(49)
[2021-08-17T06:03:07.038+0000][6][gc,heap      ] GC(45) Old regions: 107->112
[2021-08-17T06:03:07.038+0000][6][gc,heap      ] GC(45) Archive regions: 2->2
[2021-08-17T06:03:07.038+0000][6][gc,heap      ] GC(45) Humongous regions: 45->45
[2021-08-17T06:03:07.038+0000][6][gc,metaspace ] GC(45) Metaspace: 61752K(66000K)->61752K(66000K) NonClass: 53517K(56016K)->53517K(56016K) Class: 8234K(9984K)->8234K(9984K)
[2021-08-17T06:03:07.038+0000][6][gc           ] GC(45) Pause Young (Normal) (G1 Evacuation Pause) 539M->157M(733M) 8.750ms
[2021-08-17T06:03:07.038+0000][6][gc,cpu       ] GC(45) User=0.02s Sys=0.00s Real=0.01s
[2021-08-17T06:03:07.038+0000][6][safepoint    ] Safepoint "G1CollectForAllocation", Time since last: 152730071 ns, Reaching safepoint: 115247 ns, At safepoint: 8837422 ns, Total: 8952669 ns
[2021-08-17T06:03:07.190+0000][6][gc,start     ] GC(46) Pause Young (Normal) (G1 Evacuation Pause)
[2021-08-17T06:03:07.190+0000][6][gc,task      ] GC(46) Using 4 workers of 4 for evacuation
[2021-08-17T06:03:07.190+0000][6][gc,age       ] GC(46) Desired survivor size 25690112 bytes, new threshold 15 (max threshold 15)
[2021-08-17T06:03:07.195+0000][6][gc,age       ] GC(46) Age table with threshold 15 (max threshold 15)
[2021-08-17T06:03:07.195+0000][6][gc,age       ] GC(46) - age   1:       1672 bytes,       1672 total
[2021-08-17T06:03:07.195+0000][6][gc,age       ] GC(46) - age   2:      30152 bytes,      31824 total
[2021-08-17T06:03:07.195+0000][6][gc,age       ] GC(46) - age   4:        848 bytes,      32672 total
[2021-08-17T06:03:07.195+0000][6][gc,age       ] GC(46) - age   6:         32 bytes,      32704 total
[2021-08-17T06:03:07.195+0000][6][gc,age       ] GC(46) - age   9:       1408 bytes,      34112 total
[2021-08-17T06:03:07.195+0000][6][gc,age       ] GC(46) - age  13:     284816 bytes,     318928 total
[2021-08-17T06:03:07.195+0000][6][gc,age       ] GC(46) - age  14:     363144 bytes,     682072 total
[2021-08-17T06:03:07.195+0000][6][gc,phases    ] GC(46)   Pre Evacuate Collection Set: 0.3ms
[2021-08-17T06:03:07.195+0000][6][gc,phases    ] GC(46)   Merge Heap Roots: 0.3ms
[2021-08-17T06:03:07.195+0000][6][gc,phases    ] GC(46)   Evacuate Collection Set: 2.4ms
[2021-08-17T06:03:07.195+0000][6][gc,phases    ] GC(46)   Post Evacuate Collection Set: 1.9ms
[2021-08-17T06:03:07.195+0000][6][gc,phases    ] GC(46)   Other: 0.2ms
[2021-08-17T06:03:07.195+0000][6][gc,heap      ] GC(46) Eden regions: 387->0(386)
[2021-08-17T06:03:07.195+0000][6][gc,heap      ] GC(46) Survivor regions: 1->1(49)
[2021-08-17T06:03:07.195+0000][6][gc,heap      ] GC(46) Old regions: 112->112
[2021-08-17T06:03:07.195+0000][6][gc,heap      ] GC(46) Archive regions: 2->2
[2021-08-17T06:03:07.195+0000][6][gc,heap      ] GC(46) Humongous regions: 47->47
[2021-08-17T06:03:07.195+0000][6][gc,metaspace ] GC(46) Metaspace: 61755K(66000K)->61755K(66000K) NonClass: 53520K(56016K)->53520K(56016K) Class: 8234K(9984K)->8234K(9984K)
[2021-08-17T06:03:07.195+0000][6][gc           ] GC(46) Pause Young (Normal) (G1 Evacuation Pause) 546M->159M(733M) 5.202ms
[2021-08-17T06:03:07.195+0000][6][gc,cpu       ] GC(46) User=0.01s Sys=0.00s Real=0.00s
[2021-08-17T06:03:07.195+0000][6][safepoint    ] Safepoint "G1CollectForAllocation", Time since last: 151184402 ns, Reaching safepoint: 158818 ns, At safepoint: 5287516 ns, Total: 5446334 ns
[2021-08-17T06:03:07.347+0000][6][gc,start     ] GC(47) Pause Young (Normal) (G1 Evacuation Pause)
[2021-08-17T06:03:07.347+0000][6][gc,task      ] GC(47) Using 4 workers of 4 for evacuation
[2021-08-17T06:03:07.347+0000][6][gc,age       ] GC(47) Desired survivor size 25690112 bytes, new threshold 15 (max threshold 15)
[2021-08-17T06:03:07.352+0000][6][gc,age       ] GC(47) Age table with threshold 15 (max threshold 15)
[2021-08-17T06:03:07.352+0000][6][gc,age       ] GC(47) - age   1:     131416 bytes,     131416 total
[2021-08-17T06:03:07.352+0000][6][gc,age       ] GC(47) - age   2:        424 bytes,     131840 total
[2021-08-17T06:03:07.352+0000][6][gc,age       ] GC(47) - age   3:      30152 bytes,     161992 total
[2021-08-17T06:03:07.352+0000][6][gc,age       ] GC(47) - age   5:        848 bytes,     162840 total
[2021-08-17T06:03:07.352+0000][6][gc,age       ] GC(47) - age   7:         32 bytes,     162872 total
[2021-08-17T06:03:07.352+0000][6][gc,age       ] GC(47) - age  10:       1288 bytes,     164160 total
[2021-08-17T06:03:07.352+0000][6][gc,age       ] GC(47) - age  14:     260168 bytes,     424328 total
[2021-08-17T06:03:07.352+0000][6][gc,age       ] GC(47) - age  15:     363144 bytes,     787472 total
[2021-08-17T06:03:07.352+0000][6][gc,phases    ] GC(47)   Pre Evacuate Collection Set: 0.3ms
[2021-08-17T06:03:07.352+0000][6][gc,phases    ] GC(47)   Merge Heap Roots: 0.3ms
[2021-08-17T06:03:07.352+0000][6][gc,phases    ] GC(47)   Evacuate Collection Set: 3.1ms
[2021-08-17T06:03:07.352+0000][6][gc,phases    ] GC(47)   Post Evacuate Collection Set: 1.4ms
[2021-08-17T06:03:07.352+0000][6][gc,phases    ] GC(47)   Other: 0.2ms
[2021-08-17T06:03:07.352+0000][6][gc,heap      ] GC(47) Eden regions: 386->0(383)
[2021-08-17T06:03:07.352+0000][6][gc,heap      ] GC(47) Survivor regions: 1->1(49)
[2021-08-17T06:03:07.352+0000][6][gc,heap      ] GC(47) Old regions: 112->112
[2021-08-17T06:03:07.352+0000][6][gc,heap      ] GC(47) Archive regions: 2->2
[2021-08-17T06:03:07.352+0000][6][gc,heap      ] GC(47) Humongous regions: 50->50
[2021-08-17T06:03:07.352+0000][6][gc,metaspace ] GC(47) Metaspace: 61807K(66128K)->61807K(66128K) NonClass: 53565K(56016K)->53565K(56016K) Class: 8241K(10112K)->8241K(10112K)
[2021-08-17T06:03:07.352+0000][6][gc           ] GC(47) Pause Young (Normal) (G1 Evacuation Pause) 548M->162M(733M) 5.281ms
[2021-08-17T06:03:07.352+0000][6][gc,cpu       ] GC(47) User=0.01s Sys=0.00s Real=0.00s
[2021-08-17T06:03:07.352+0000][6][safepoint    ] Safepoint "G1CollectForAllocation", Time since last: 151938698 ns, Reaching safepoint: 149557 ns, At safepoint: 5359612 ns, Total: 5509169 ns
[2021-08-17T06:03:07.487+0000][6][gc,start     ] GC(48) Pause Young (Normal) (G1 Evacuation Pause)
[2021-08-17T06:03:07.487+0000][6][gc,task      ] GC(48) Using 4 workers of 4 for evacuation
[2021-08-17T06:03:07.487+0000][6][gc,age       ] GC(48) Desired survivor size 25165824 bytes, new threshold 15 (max threshold 15)
[2021-08-17T06:03:07.491+0000][6][gc,age       ] GC(48) Age table with threshold 15 (max threshold 15)
[2021-08-17T06:03:07.491+0000][6][gc,age       ] GC(48) - age   1:     113592 bytes,     113592 total
[2021-08-17T06:03:07.491+0000][6][gc,age       ] GC(48) - age   2:     130664 bytes,     244256 total
[2021-08-17T06:03:07.491+0000][6][gc,age       ] GC(48) - age   3:        424 bytes,     244680 total
[2021-08-17T06:03:07.491+0000][6][gc,age       ] GC(48) - age   4:      30152 bytes,     274832 total
[2021-08-17T06:03:07.491+0000][6][gc,age       ] GC(48) - age   6:        848 bytes,     275680 total
[2021-08-17T06:03:07.491+0000][6][gc,age       ] GC(48) - age   8:         32 bytes,     275712 total
[2021-08-17T06:03:07.491+0000][6][gc,age       ] GC(48) - age  11:       1288 bytes,     277000 total
[2021-08-17T06:03:07.491+0000][6][gc,age       ] GC(48) - age  15:     193056 bytes,     470056 total
[2021-08-17T06:03:07.491+0000][6][gc,phases    ] GC(48)   Pre Evacuate Collection Set: 0.3ms
[2021-08-17T06:03:07.491+0000][6][gc,phases    ] GC(48)   Merge Heap Roots: 0.2ms
[2021-08-17T06:03:07.491+0000][6][gc,phases    ] GC(48)   Evacuate Collection Set: 1.5ms
[2021-08-17T06:03:07.491+0000][6][gc,phases    ] GC(48)   Post Evacuate Collection Set: 1.1ms
[2021-08-17T06:03:07.491+0000][6][gc,phases    ] GC(48)   Other: 0.2ms
[2021-08-17T06:03:07.491+0000][6][gc,heap      ] GC(48) Eden regions: 383->0(382)
[2021-08-17T06:03:07.491+0000][6][gc,heap      ] GC(48) Survivor regions: 1->1(48)
[2021-08-17T06:03:07.491+0000][6][gc,heap      ] GC(48) Old regions: 112->113
[2021-08-17T06:03:07.491+0000][6][gc,heap      ] GC(48) Archive regions: 2->2
[2021-08-17T06:03:07.491+0000][6][gc,heap      ] GC(48) Humongous regions: 50->50
[2021-08-17T06:03:07.491+0000][6][gc,metaspace ] GC(48) Metaspace: 61808K(66128K)->61808K(66128K) NonClass: 53566K(56016K)->53566K(56016K) Class: 8241K(10112K)->8241K(10112K)
[2021-08-17T06:03:07.491+0000][6][gc           ] GC(48) Pause Young (Normal) (G1 Evacuation Pause) 545M->162M(733M) 3.323ms
[2021-08-17T06:03:07.491+0000][6][gc,cpu       ] GC(48) User=0.01s Sys=0.00s Real=0.00s
[2021-08-17T06:03:07.491+0000][6][safepoint    ] Safepoint "G1CollectForAllocation", Time since last: 134807252 ns, Reaching safepoint: 151085 ns, At safepoint: 3401132 ns, Total: 3552217 ns
[2021-08-17T06:03:07.624+0000][6][gc,start     ] GC(49) Pause Young (Normal) (G1 Evacuation Pause)
[2021-08-17T06:03:07.624+0000][6][gc,task      ] GC(49) Using 4 workers of 4 for evacuation
[2021-08-17T06:03:07.624+0000][6][gc,age       ] GC(49) Desired survivor size 25165824 bytes, new threshold 15 (max threshold 15)
[2021-08-17T06:03:07.628+0000][6][gc,age       ] GC(49) Age table with threshold 15 (max threshold 15)
[2021-08-17T06:03:07.628+0000][6][gc,age       ] GC(49) - age   1:       1008 bytes,       1008 total
[2021-08-17T06:03:07.628+0000][6][gc,age       ] GC(49) - age   2:     113464 bytes,     114472 total
[2021-08-17T06:03:07.628+0000][6][gc,age       ] GC(49) - age   3:     130664 bytes,     245136 total
[2021-08-17T06:03:07.628+0000][6][gc,age       ] GC(49) - age   4:        392 bytes,     245528 total
[2021-08-17T06:03:07.628+0000][6][gc,age       ] GC(49) - age   5:      30152 bytes,     275680 total
[2021-08-17T06:03:07.628+0000][6][gc,age       ] GC(49) - age   9:         32 bytes,     275712 total
[2021-08-17T06:03:07.628+0000][6][gc,age       ] GC(49) - age  12:       1288 bytes,     277000 total
[2021-08-17T06:03:07.628+0000][6][gc,phases    ] GC(49)   Pre Evacuate Collection Set: 0.3ms
[2021-08-17T06:03:07.628+0000][6][gc,phases    ] GC(49)   Merge Heap Roots: 0.3ms
[2021-08-17T06:03:07.628+0000][6][gc,phases    ] GC(49)   Evacuate Collection Set: 1.4ms
[2021-08-17T06:03:07.628+0000][6][gc,phases    ] GC(49)   Post Evacuate Collection Set: 1.5ms
[2021-08-17T06:03:07.628+0000][6][gc,phases    ] GC(49)   Other: 0.2ms
[2021-08-17T06:03:07.628+0000][6][gc,heap      ] GC(49) Eden regions: 382->0(382)
[2021-08-17T06:03:07.628+0000][6][gc,heap      ] GC(49) Survivor regions: 1->1(48)
[2021-08-17T06:03:07.628+0000][6][gc,heap      ] GC(49) Old regions: 113->113
[2021-08-17T06:03:07.628+0000][6][gc,heap      ] GC(49) Archive regions: 2->2
[2021-08-17T06:03:07.628+0000][6][gc,heap      ] GC(49) Humongous regions: 50->50
[2021-08-17T06:03:07.628+0000][6][gc,metaspace ] GC(49) Metaspace: 61818K(66128K)->61818K(66128K) NonClass: 53576K(56016K)->53576K(56016K) Class: 8241K(10112K)->8241K(10112K)
[2021-08-17T06:03:07.628+0000][6][gc           ] GC(49) Pause Young (Normal) (G1 Evacuation Pause) 544M->162M(733M) 3.711ms
[2021-08-17T06:03:07.628+0000][6][gc,cpu       ] GC(49) User=0.00s Sys=0.01s Real=0.01s
[2021-08-17T06:03:07.628+0000][6][safepoint    ] Safepoint "G1CollectForAllocation", Time since last: 133086760 ns, Reaching safepoint: 141616 ns, At safepoint: 3767513 ns, Total: 3909129 ns
[2021-08-17T06:03:07.898+0000][6][gc,start     ] GC(50) Pause Young (Normal) (G1 Evacuation Pause)
[2021-08-17T06:03:07.898+0000][6][gc,task      ] GC(50) Using 4 workers of 4 for evacuation
[2021-08-17T06:03:07.898+0000][6][gc,age       ] GC(50) Desired survivor size 25165824 bytes, new threshold 15 (max threshold 15)
[2021-08-17T06:03:07.903+0000][6][gc,age       ] GC(50) Age table with threshold 15 (max threshold 15)
[2021-08-17T06:03:07.903+0000][6][gc,age       ] GC(50) - age   1:    1002288 bytes,    1002288 total
[2021-08-17T06:03:07.903+0000][6][gc,age       ] GC(50) - age   2:        880 bytes,    1003168 total
[2021-08-17T06:03:07.903+0000][6][gc,age       ] GC(50) - age   3:     113464 bytes,    1116632 total
[2021-08-17T06:03:07.903+0000][6][gc,age       ] GC(50) - age   4:     130664 bytes,    1247296 total
[2021-08-17T06:03:07.903+0000][6][gc,age       ] GC(50) - age   5:        392 bytes,    1247688 total
[2021-08-17T06:03:07.903+0000][6][gc,age       ] GC(50) - age   6:      30152 bytes,    1277840 total
[2021-08-17T06:03:07.903+0000][6][gc,age       ] GC(50) - age  10:         32 bytes,    1277872 total
[2021-08-17T06:03:07.903+0000][6][gc,age       ] GC(50) - age  13:       1288 bytes,    1279160 total
[2021-08-17T06:03:07.903+0000][6][gc,phases    ] GC(50)   Pre Evacuate Collection Set: 0.2ms
[2021-08-17T06:03:07.903+0000][6][gc,phases    ] GC(50)   Merge Heap Roots: 0.1ms
[2021-08-17T06:03:07.903+0000][6][gc,phases    ] GC(50)   Evacuate Collection Set: 2.8ms
[2021-08-17T06:03:07.903+0000][6][gc,phases    ] GC(50)   Post Evacuate Collection Set: 1.2ms
[2021-08-17T06:03:07.903+0000][6][gc,phases    ] GC(50)   Other: 0.2ms
[2021-08-17T06:03:07.903+0000][6][gc,heap      ] GC(50) Eden regions: 382->0(372)
[2021-08-17T06:03:07.903+0000][6][gc,heap      ] GC(50) Survivor regions: 1->2(48)
[2021-08-17T06:03:07.903+0000][6][gc,heap      ] GC(50) Old regions: 113->113
[2021-08-17T06:03:07.903+0000][6][gc,heap      ] GC(50) Archive regions: 2->2
[2021-08-17T06:03:07.903+0000][6][gc,heap      ] GC(50) Humongous regions: 58->58
[2021-08-17T06:03:07.903+0000][6][gc,metaspace ] GC(50) Metaspace: 61919K(66128K)->61919K(66128K) NonClass: 53677K(56016K)->53677K(56016K) Class: 8241K(10112K)->8241K(10112K)
[2021-08-17T06:03:07.903+0000][6][gc           ] GC(50) Pause Young (Normal) (G1 Evacuation Pause) 552M->171M(733M) 4.649ms
[2021-08-17T06:03:07.903+0000][6][gc,cpu       ] GC(50) User=0.01s Sys=0.00s Real=0.00s
[2021-08-17T06:03:07.903+0000][6][safepoint    ] Safepoint "G1CollectForAllocation", Time since last: 270098594 ns, Reaching safepoint: 163918 ns, At safepoint: 4740060 ns, Total: 4903978 ns
[2021-08-17T06:03:08.904+0000][6][safepoint    ] Safepoint "Cleanup", Time since last: 1000523051 ns, Reaching safepoint: 243733 ns, At safepoint: 6169 ns, Total: 249902 ns
[2021-08-17T06:03:08.997+0000][6][gc,start     ] GC(51) Pause Young (Normal) (G1 Evacuation Pause)
[2021-08-17T06:03:08.997+0000][6][gc,task      ] GC(51) Using 4 workers of 4 for evacuation
[2021-08-17T06:03:08.997+0000][6][gc,age       ] GC(51) Desired survivor size 24641536 bytes, new threshold 15 (max threshold 15)
[2021-08-17T06:03:09.016+0000][6][gc,age       ] GC(51) Age table with threshold 15 (max threshold 15)
[2021-08-17T06:03:09.016+0000][6][gc,age       ] GC(51) - age   1:    8992512 bytes,    8992512 total
[2021-08-17T06:03:09.016+0000][6][gc,age       ] GC(51) - age   2:     887696 bytes,    9880208 total
[2021-08-17T06:03:09.016+0000][6][gc,age       ] GC(51) - age   4:     113464 bytes,    9993672 total
[2021-08-17T06:03:09.016+0000][6][gc,age       ] GC(51) - age   5:     130664 bytes,   10124336 total
[2021-08-17T06:03:09.016+0000][6][gc,age       ] GC(51) - age   6:        208 bytes,   10124544 total
[2021-08-17T06:03:09.016+0000][6][gc,age       ] GC(51) - age   7:      30152 bytes,   10154696 total
[2021-08-17T06:03:09.016+0000][6][gc,age       ] GC(51) - age  14:       1288 bytes,   10155984 total
[2021-08-17T06:03:09.016+0000][6][gc,phases    ] GC(51)   Pre Evacuate Collection Set: 0.1ms
[2021-08-17T06:03:09.016+0000][6][gc,phases    ] GC(51)   Merge Heap Roots: 0.2ms
[2021-08-17T06:03:09.016+0000][6][gc,phases    ] GC(51)   Evacuate Collection Set: 16.9ms
[2021-08-17T06:03:09.016+0000][6][gc,phases    ] GC(51)   Post Evacuate Collection Set: 1.6ms
[2021-08-17T06:03:09.016+0000][6][gc,phases    ] GC(51)   Other: 0.2ms
[2021-08-17T06:03:09.016+0000][6][gc,heap      ] GC(51) Eden regions: 372->0(355)
[2021-08-17T06:03:09.016+0000][6][gc,heap      ] GC(51) Survivor regions: 2->10(47)
[2021-08-17T06:03:09.016+0000][6][gc,heap      ] GC(51) Old regions: 113->113
[2021-08-17T06:03:09.016+0000][6][gc,heap      ] GC(51) Archive regions: 2->2
[2021-08-17T06:03:09.016+0000][6][gc,heap      ] GC(51) Humongous regions: 60->59
[2021-08-17T06:03:09.016+0000][6][gc,metaspace ] GC(51) Metaspace: 61927K(66128K)->61927K(66128K) NonClass: 53685K(56016K)->53685K(56016K) Class: 8241K(10112K)->8241K(10112K)
[2021-08-17T06:03:09.016+0000][6][gc           ] GC(51) Pause Young (Normal) (G1 Evacuation Pause) 545M->181M(733M) 19.012ms
[2021-08-17T06:03:09.016+0000][6][gc,cpu       ] GC(51) User=0.07s Sys=0.00s Real=0.01s
[2021-08-17T06:03:09.016+0000][6][safepoint    ] Safepoint "G1CollectForAllocation", Time since last: 93482635 ns, Reaching safepoint: 111422 ns, At safepoint: 19072947 ns, Total: 19184369 ns
[2021-08-17T06:03:09.801+0000][6][gc,start     ] GC(52) Pause Young (Normal) (G1 Evacuation Pause)
[2021-08-17T06:03:09.801+0000][6][gc,task      ] GC(52) Using 4 workers of 4 for evacuation
[2021-08-17T06:03:09.801+0000][6][gc,age       ] GC(52) Desired survivor size 24117248 bytes, new threshold 15 (max threshold 15)
[2021-08-17T06:03:09.820+0000][6][gc,age       ] GC(52) Age table with threshold 15 (max threshold 15)
[2021-08-17T06:03:09.820+0000][6][gc,age       ] GC(52) - age   1:    8782736 bytes,    8782736 total
[2021-08-17T06:03:09.820+0000][6][gc,age       ] GC(52) - age   2:    8936680 bytes,   17719416 total
[2021-08-17T06:03:09.820+0000][6][gc,age       ] GC(52) - age   3:     872240 bytes,   18591656 total
[2021-08-17T06:03:09.820+0000][6][gc,age       ] GC(52) - age   5:     113464 bytes,   18705120 total
[2021-08-17T06:03:09.820+0000][6][gc,age       ] GC(52) - age   6:     130664 bytes,   18835784 total
[2021-08-17T06:03:09.820+0000][6][gc,age       ] GC(52) - age   7:        208 bytes,   18835992 total
[2021-08-17T06:03:09.820+0000][6][gc,age       ] GC(52) - age   8:      29072 bytes,   18865064 total
[2021-08-17T06:03:09.820+0000][6][gc,age       ] GC(52) - age  15:       1288 bytes,   18866352 total
[2021-08-17T06:03:09.820+0000][6][gc,phases    ] GC(52)   Pre Evacuate Collection Set: 0.2ms
[2021-08-17T06:03:09.820+0000][6][gc,phases    ] GC(52)   Merge Heap Roots: 0.1ms
[2021-08-17T06:03:09.820+0000][6][gc,phases    ] GC(52)   Evacuate Collection Set: 17.5ms
[2021-08-17T06:03:09.820+0000][6][gc,phases    ] GC(52)   Post Evacuate Collection Set: 1.5ms
[2021-08-17T06:03:09.820+0000][6][gc,phases    ] GC(52)   Other: 0.2ms
[2021-08-17T06:03:09.820+0000][6][gc,heap      ] GC(52) Eden regions: 355->0(337)
[2021-08-17T06:03:09.820+0000][6][gc,heap      ] GC(52) Survivor regions: 10->19(46)
[2021-08-17T06:03:09.820+0000][6][gc,heap      ] GC(52) Old regions: 113->113
[2021-08-17T06:03:09.820+0000][6][gc,heap      ] GC(52) Archive regions: 2->2
[2021-08-17T06:03:09.820+0000][6][gc,heap      ] GC(52) Humongous regions: 60->59
[2021-08-17T06:03:09.820+0000][6][gc,metaspace ] GC(52) Metaspace: 61932K(66128K)->61932K(66128K) NonClass: 53691K(56016K)->53691K(56016K) Class: 8241K(10112K)->8241K(10112K)
[2021-08-17T06:03:09.820+0000][6][gc           ] GC(52) Pause Young (Normal) (G1 Evacuation Pause) 537M->190M(733M) 19.480ms
[2021-08-17T06:03:09.820+0000][6][gc,cpu       ] GC(52) User=0.07s Sys=0.00s Real=0.02s
[2021-08-17T06:03:09.820+0000][6][safepoint    ] Safepoint "G1CollectForAllocation", Time since last: 784464198 ns, Reaching safepoint: 128664 ns, At safepoint: 19582716 ns, Total: 19711380 ns
[2021-08-17T06:03:10.035+0000][6][safepoint    ] Safepoint "BulkRevokeBias", Time since last: 214012168 ns, Reaching safepoint: 269069 ns, At safepoint: 164003 ns, Total: 433072 ns
[2021-08-17T06:03:10.266+0000][6][safepoint    ] Safepoint "ICBufferFull", Time since last: 230569831 ns, Reaching safepoint: 173222 ns, At safepoint: 5256 ns, Total: 178478 ns
[2021-08-17T06:03:10.387+0000][6][safepoint    ] Safepoint "BulkRevokeBias", Time since last: 120919577 ns, Reaching safepoint: 234513 ns, At safepoint: 172639 ns, Total: 407152 ns
[2021-08-17T06:03:10.677+0000][6][safepoint    ] Safepoint "BulkRevokeBias", Time since last: 284773172 ns, Reaching safepoint: 5390542 ns, At safepoint: 207381 ns, Total: 5597923 ns
[2021-08-17T06:03:11.876+0000][6][safepoint    ] Safepoint "Cleanup", Time since last: 1198082553 ns, Reaching safepoint: 589664 ns, At safepoint: 42939 ns, Total: 632603 ns
[2021-08-17T06:03:12.979+0000][6][safepoint    ] Safepoint "Cleanup", Time since last: 1102806321 ns, Reaching safepoint: 128718 ns, At safepoint: 24995 ns, Total: 153713 ns
[2021-08-17T06:03:13.037+0000][6][safepoint    ] Safepoint "BulkRevokeBias", Time since last: 57272781 ns, Reaching safepoint: 255999 ns, At safepoint: 218498 ns, Total: 474497 ns
[2021-08-17T06:03:14.038+0000][6][safepoint    ] Safepoint "Cleanup", Time since last: 1001139847 ns, Reaching safepoint: 122927 ns, At safepoint: 23421 ns, Total: 146348 ns
[2021-08-17T06:03:15.377+0000][6][safepoint    ] Safepoint "Cleanup", Time since last: 1338758959 ns, Reaching safepoint: 150520 ns, At safepoint: 4941 ns, Total: 155461 ns
[2021-08-17T06:03:16.377+0000][6][safepoint    ] Safepoint "Cleanup", Time since last: 1000366044 ns, Reaching safepoint: 137118 ns, At safepoint: 4849 ns, Total: 141967 ns
[2021-08-17T06:03:17.880+0000][6][safepoint    ] Safepoint "Cleanup", Time since last: 1502391298 ns, Reaching safepoint: 196796 ns, At safepoint: 7963 ns, Total: 204759 ns
[2021-08-17T06:03:19.381+0000][6][safepoint    ] Safepoint "Cleanup", Time since last: 1500422877 ns, Reaching safepoint: 178309 ns, At safepoint: 7741 ns, Total: 186050 ns
[2021-08-17T06:03:21.882+0000][6][safepoint    ] Safepoint "Cleanup", Time since last: 2500671095 ns, Reaching safepoint: 190726 ns, At safepoint: 43910 ns, Total: 234636 ns
[2021-08-17T06:03:24.382+0000][6][safepoint    ] Safepoint "Cleanup", Time since last: 2499318687 ns, Reaching safepoint: 679741 ns, At safepoint: 5787 ns, Total: 685528 ns
[2021-08-17T06:03:26.383+0000][6][safepoint    ] Safepoint "Cleanup", Time since last: 2001424450 ns, Reaching safepoint: 129939 ns, At safepoint: 4740 ns, Total: 134679 ns
[2021-08-17T06:03:27.887+0000][6][safepoint    ] Safepoint "Cleanup", Time since last: 1503943629 ns, Reaching safepoint: 200508 ns, At safepoint: 7067 ns, Total: 207575 ns
[2021-08-17T06:03:29.386+0000][6][safepoint    ] Safepoint "Cleanup", Time since last: 1497883313 ns, Reaching safepoint: 979043 ns, At safepoint: 28826 ns, Total: 1007869 ns
[2021-08-17T06:03:30.387+0000][6][safepoint    ] Safepoint "Cleanup", Time since last: 1000815031 ns, Reaching safepoint: 134451 ns, At safepoint: 4585 ns, Total: 139036 ns
[2021-08-17T06:03:31.890+0000][6][safepoint    ] Safepoint "Cleanup", Time since last: 1502496504 ns, Reaching safepoint: 143461 ns, At safepoint: 6469 ns, Total: 149930 ns
[2021-08-17T06:03:32.995+0000][6][safepoint    ] Safepoint "Cleanup", Time since last: 1105568913 ns, Reaching safepoint: 141127 ns, At safepoint: 5107 ns, Total: 146234 ns
[2021-08-17T06:03:34.389+0000][6][safepoint    ] Safepoint "Cleanup", Time since last: 1393335574 ns, Reaching safepoint: 255289 ns, At safepoint: 39601 ns, Total: 294890 ns
[2021-08-17T06:03:36.565+0000][6][safepoint    ] Safepoint "Cleanup", Time since last: 2173320854 ns, Reaching safepoint: 2323683 ns, At safepoint: 28061 ns, Total: 2351744 ns
[2021-08-17T06:03:37.892+0000][6][safepoint    ] Safepoint "Cleanup", Time since last: 1327050614 ns, Reaching safepoint: 220887 ns, At safepoint: 4433 ns, Total: 225320 ns
[2021-08-17T06:03:39.393+0000][6][safepoint    ] Safepoint "Cleanup", Time since last: 1500383986 ns, Reaching safepoint: 110957 ns, At safepoint: 16421 ns, Total: 127378 ns
[2021-08-17T06:03:40.977+0000][6][safepoint    ] Safepoint "Cleanup", Time since last: 1584201195 ns, Reaching safepoint: 213330 ns, At safepoint: 5372 ns, Total: 218702 ns
[2021-08-17T06:03:42.895+0000][6][safepoint    ] Safepoint "Cleanup", Time since last: 1917575087 ns, Reaching safepoint: 94877 ns, At safepoint: 4514 ns, Total: 99391 ns
[2021-08-17T06:03:44.396+0000][6][safepoint    ] Safepoint "Cleanup", Time since last: 1500789979 ns, Reaching safepoint: 225409 ns, At safepoint: 4548 ns, Total: 229957 ns
[2021-08-17T06:03:45.396+0000][6][safepoint    ] Safepoint "Cleanup", Time since last: 1000229570 ns, Reaching safepoint: 123757 ns, At safepoint: 5077 ns, Total: 128834 ns
[2021-08-17T06:03:46.398+0000][6][safepoint    ] Safepoint "Cleanup", Time since last: 1001365628 ns, Reaching safepoint: 121092 ns, At safepoint: 4697 ns, Total: 125789 ns
[2021-08-17T06:03:47.898+0000][6][safepoint    ] Safepoint "Cleanup", Time since last: 1500567297 ns, Reaching safepoint: 134335 ns, At safepoint: 4442 ns, Total: 138777 ns
[2021-08-17T06:03:49.398+0000][6][safepoint    ] Safepoint "Cleanup", Time since last: 1499882813 ns, Reaching safepoint: 91308 ns, At safepoint: 30416 ns, Total: 121724 ns
[2021-08-17T06:03:51.902+0000][6][safepoint    ] Safepoint "Cleanup", Time since last: 2503808820 ns, Reaching safepoint: 57358 ns, At safepoint: 5353 ns, Total: 62711 ns
[2021-08-17T06:03:54.404+0000][6][safepoint    ] Safepoint "Cleanup", Time since last: 2501254990 ns, Reaching safepoint: 116582 ns, At safepoint: 4445 ns, Total: 121027 ns
[2021-08-17T06:03:56.909+0000][6][safepoint    ] Safepoint "Cleanup", Time since last: 2505010053 ns, Reaching safepoint: 108139 ns, At safepoint: 15269 ns, Total: 123408 ns
[2021-08-17T06:03:57.910+0000][6][safepoint    ] Safepoint "Cleanup", Time since last: 1000867646 ns, Reaching safepoint: 81543 ns, At safepoint: 4978 ns, Total: 86521 ns
[2021-08-17T06:03:59.411+0000][6][safepoint    ] Safepoint "Cleanup", Time since last: 1500915476 ns, Reaching safepoint: 215702 ns, At safepoint: 7094 ns, Total: 222796 ns
[2021-08-17T06:04:01.915+0000][6][safepoint    ] Safepoint "Cleanup", Time since last: 2504202496 ns, Reaching safepoint: 330248 ns, At safepoint: 27645 ns, Total: 357893 ns
[2021-08-17T06:04:02.919+0000][6][safepoint    ] Safepoint "Cleanup", Time since last: 1002976275 ns, Reaching safepoint: 252295 ns, At safepoint: 7902 ns, Total: 260197 ns
[2021-08-17T06:04:03.921+0000][6][safepoint    ] Safepoint "Cleanup", Time since last: 1002296671 ns, Reaching safepoint: 240326 ns, At safepoint: 9100 ns, Total: 249426 ns
[2021-08-17T06:04:05.416+0000][6][safepoint    ] Safepoint "Cleanup", Time since last: 1494985475 ns, Reaching safepoint: 117145 ns, At safepoint: 4815 ns, Total: 121960 ns
[2021-08-17T06:04:06.417+0000][6][safepoint    ] Safepoint "Cleanup", Time since last: 1000764845 ns, Reaching safepoint: 173004 ns, At safepoint: 8199 ns, Total: 181203 ns
[2021-08-17T06:04:07.923+0000][6][safepoint    ] Safepoint "Cleanup", Time since last: 1505704327 ns, Reaching safepoint: 205650 ns, At safepoint: 7840 ns, Total: 213490 ns
[2021-08-17T06:04:08.925+0000][6][safepoint    ] Safepoint "Cleanup", Time since last: 1001759771 ns, Reaching safepoint: 168666 ns, At safepoint: 8031 ns, Total: 176697 ns
[2021-08-17T06:04:10.421+0000][6][safepoint    ] Safepoint "Cleanup", Time since last: 1496274473 ns, Reaching safepoint: 225351 ns, At safepoint: 7746 ns, Total: 233097 ns
[2021-08-17T06:04:10.841+0000][6][safepoint    ] Safepoint "BulkRevokeBias", Time since last: 418928838 ns, Reaching safepoint: 222724 ns, At safepoint: 340389 ns, Total: 563113 ns
[2021-08-17T06:04:11.866+0000][6][safepoint    ] Safepoint "Cleanup", Time since last: 1024850089 ns, Reaching safepoint: 112896 ns, At safepoint: 6475 ns, Total: 119371 ns
[2021-08-17T06:04:13.111+0000][6][safepoint    ] Safepoint "Cleanup", Time since last: 1244964997 ns, Reaching safepoint: 162171 ns, At safepoint: 6184 ns, Total: 168355 ns
[2021-08-17T06:04:14.132+0000][6][safepoint    ] Safepoint "Cleanup", Time since last: 1020624177 ns, Reaching safepoint: 239477 ns, At safepoint: 23235 ns, Total: 262712 ns
[2021-08-17T06:04:15.424+0000][6][safepoint    ] Safepoint "Cleanup", Time since last: 1291901268 ns, Reaching safepoint: 172737 ns, At safepoint: 6988 ns, Total: 179725 ns
[2021-08-17T06:04:16.426+0000][6][safepoint    ] Safepoint "Cleanup", Time since last: 1002182430 ns, Reaching safepoint: 109689 ns, At safepoint: 6514 ns, Total: 116203 ns
[2021-08-17T06:04:17.927+0000][6][safepoint    ] Safepoint "Cleanup", Time since last: 1500479915 ns, Reaching safepoint: 144900 ns, At safepoint: 8455 ns, Total: 153355 ns
[2021-08-17T06:04:18.928+0000][6][safepoint    ] Safepoint "Cleanup", Time since last: 1000850394 ns, Reaching safepoint: 134857 ns, At safepoint: 8958 ns, Total: 143815 ns
[2021-08-17T06:04:20.427+0000][6][safepoint    ] Safepoint "Cleanup", Time since last: 1498787082 ns, Reaching safepoint: 175481 ns, At safepoint: 7302 ns, Total: 182783 ns
[2021-08-17T06:04:21.431+0000][6][safepoint    ] Safepoint "Cleanup", Time since last: 1003973524 ns, Reaching safepoint: 197970 ns, At safepoint: 9198 ns, Total: 207168 ns
[2021-08-17T06:04:22.937+0000][6][safepoint    ] Safepoint "Cleanup", Time since last: 1505853396 ns, Reaching safepoint: 148241 ns, At safepoint: 5638 ns, Total: 153879 ns
[2021-08-17T06:04:23.939+0000][6][safepoint    ] Safepoint "Cleanup", Time since last: 1001269493 ns, Reaching safepoint: 168629 ns, At safepoint: 6902 ns, Total: 175531 ns
[2021-08-17T06:04:25.435+0000][6][safepoint    ] Safepoint "Cleanup", Time since last: 1496634471 ns, Reaching safepoint: 202820 ns, At safepoint: 8809 ns, Total: 211629 ns
[2021-08-17T06:04:26.438+0000][6][safepoint    ] Safepoint "Cleanup", Time since last: 1002502567 ns, Reaching safepoint: 144052 ns, At safepoint: 6026 ns, Total: 150078 ns
[2021-08-17T06:04:27.941+0000][6][safepoint    ] Safepoint "Cleanup", Time since last: 1502847700 ns, Reaching safepoint: 232192 ns, At safepoint: 7582 ns, Total: 239774 ns
[2021-08-17T06:04:28.942+0000][6][safepoint    ] Safepoint "Cleanup", Time since last: 1000455078 ns, Reaching safepoint: 147555 ns, At safepoint: 5042 ns, Total: 152597 ns
[2021-08-17T06:04:30.446+0000][6][safepoint    ] Safepoint "Cleanup", Time since last: 1503888390 ns, Reaching safepoint: 125433 ns, At safepoint: 7055 ns, Total: 132488 ns
[2021-08-17T06:04:31.447+0000][6][safepoint    ] Safepoint "Cleanup", Time since last: 1001160174 ns, Reaching safepoint: 111584 ns, At safepoint: 4470 ns, Total: 116054 ns
[2021-08-17T06:04:31.488+0000][6][safepoint    ] Safepoint "BulkRevokeBias", Time since last: 40173115 ns, Reaching safepoint: 171808 ns, At safepoint: 745419 ns, Total: 917227 ns
[2021-08-17T06:04:32.947+0000][6][safepoint    ] Safepoint "Cleanup", Time since last: 1458287283 ns, Reaching safepoint: 146671 ns, At safepoint: 6677 ns, Total: 153348 ns
[2021-08-17T06:04:33.949+0000][6][safepoint    ] Safepoint "Cleanup", Time since last: 1002205269 ns, Reaching safepoint: 178202 ns, At safepoint: 7377 ns, Total: 185579 ns
[2021-08-17T06:04:35.451+0000][6][safepoint    ] Safepoint "Cleanup", Time since last: 1502051624 ns, Reaching safepoint: 196103 ns, At safepoint: 7700 ns, Total: 203803 ns
[2021-08-17T06:04:36.916+0000][6][safepoint    ] Safepoint "Cleanup", Time since last: 1464258491 ns, Reaching safepoint: 185600 ns, At safepoint: 5689 ns, Total: 191289 ns
[2021-08-17T06:04:37.955+0000][6][safepoint    ] Safepoint "Cleanup", Time since last: 1039053983 ns, Reaching safepoint: 187322 ns, At safepoint: 7419 ns, Total: 194741 ns
[2021-08-17T06:04:38.957+0000][6][safepoint    ] Safepoint "Cleanup", Time since last: 1001503178 ns, Reaching safepoint: 216249 ns, At safepoint: 5242 ns, Total: 221491 ns
[2021-08-17T06:04:40.456+0000][6][safepoint    ] Safepoint "Cleanup", Time since last: 1498845487 ns, Reaching safepoint: 101361 ns, At safepoint: 4360 ns, Total: 105721 ns
[2021-08-17T06:04:41.458+0000][6][safepoint    ] Safepoint "Cleanup", Time since last: 1001798240 ns, Reaching safepoint: 113808 ns, At safepoint: 4791 ns, Total: 118599 ns
[2021-08-17T06:04:42.959+0000][6][safepoint    ] Safepoint "Cleanup", Time since last: 1501081292 ns, Reaching safepoint: 454363 ns, At safepoint: 13293 ns, Total: 467656 ns
[2021-08-17T06:04:43.960+0000][6][safepoint    ] Safepoint "Cleanup", Time since last: 1000832151 ns, Reaching safepoint: 106528 ns, At safepoint: 4218 ns, Total: 110746 ns
[2021-08-17T06:04:45.459+0000][6][safepoint    ] Safepoint "Cleanup", Time since last: 1498708841 ns, Reaching safepoint: 134730 ns, At safepoint: 4464 ns, Total: 139194 ns
[2021-08-17T06:04:46.461+0000][6][safepoint    ] Safepoint "Cleanup", Time since last: 1001881675 ns, Reaching safepoint: 150659 ns, At safepoint: 6541 ns, Total: 157200 ns
[2021-08-17T06:04:47.962+0000][6][safepoint    ] Safepoint "Cleanup", Time since last: 1501154858 ns, Reaching safepoint: 128336 ns, At safepoint: 4935 ns, Total: 133271 ns
[2021-08-17T06:04:48.964+0000][6][safepoint    ] Safepoint "Cleanup", Time since last: 1002093267 ns, Reaching safepoint: 124831 ns, At safepoint: 6551 ns, Total: 131382 ns
[2021-08-17T06:04:50.465+0000][6][safepoint    ] Safepoint "Cleanup", Time since last: 1500849882 ns, Reaching safepoint: 187103 ns, At safepoint: 7554 ns, Total: 194657 ns
[2021-08-17T06:04:51.467+0000][6][safepoint    ] Safepoint "Cleanup", Time since last: 1001017474 ns, Reaching safepoint: 122266 ns, At safepoint: 4421 ns, Total: 126687 ns
[2021-08-17T06:04:52.970+0000][6][safepoint    ] Safepoint "Cleanup", Time since last: 1502648190 ns, Reaching safepoint: 262919 ns, At safepoint: 9374 ns, Total: 272293 ns
[2021-08-17T06:04:53.970+0000][6][safepoint    ] Safepoint "Cleanup", Time since last: 1000177911 ns, Reaching safepoint: 175213 ns, At safepoint: 6124 ns, Total: 181337 ns
[2021-08-17T06:04:55.469+0000][6][safepoint    ] Safepoint "Cleanup", Time since last: 1499277251 ns, Reaching safepoint: 121691 ns, At safepoint: 4982 ns, Total: 126673 ns
[2021-08-17T06:04:56.472+0000][6][safepoint    ] Safepoint "Cleanup", Time since last: 1002097239 ns, Reaching safepoint: 147068 ns, At safepoint: 6316 ns, Total: 153384 ns
[2021-08-17T06:04:57.975+0000][6][safepoint    ] Safepoint "Cleanup", Time since last: 1503454170 ns, Reaching safepoint: 131943 ns, At safepoint: 4614 ns, Total: 136557 ns
[2021-08-17T06:04:58.976+0000][6][safepoint    ] Safepoint "Cleanup", Time since last: 1000614341 ns, Reaching safepoint: 251295 ns, At safepoint: 8977 ns, Total: 260272 ns
[2021-08-17T06:05:00.476+0000][6][safepoint    ] Safepoint "Cleanup", Time since last: 1499391920 ns, Reaching safepoint: 154110 ns, At safepoint: 4727 ns, Total: 158837 ns
[2021-08-17T06:05:01.477+0000][6][safepoint    ] Safepoint "Cleanup", Time since last: 1001778649 ns, Reaching safepoint: 118292 ns, At safepoint: 5118 ns, Total: 123410 ns
[2021-08-17T06:05:03.330+0000][6][safepoint    ] Safepoint "Cleanup", Time since last: 1852530094 ns, Reaching safepoint: 136242 ns, At safepoint: 5090 ns, Total: 141332 ns
[2021-08-17T06:05:04.332+0000][6][safepoint    ] Safepoint "Cleanup", Time since last: 1001457899 ns, Reaching safepoint: 176837 ns, At safepoint: 5581 ns, Total: 182418 ns
[2021-08-17T06:05:05.475+0000][6][safepoint    ] Safepoint "Cleanup", Time since last: 1143453477 ns, Reaching safepoint: 191214 ns, At safepoint: 8327 ns, Total: 199541 ns
[2021-08-17T06:05:06.477+0000][6][safepoint    ] Safepoint "Cleanup", Time since last: 1000993847 ns, Reaching safepoint: 190819 ns, At safepoint: 7780 ns, Total: 198599 ns
[2021-08-17T06:05:07.978+0000][6][safepoint    ] Safepoint "Cleanup", Time since last: 1501171700 ns, Reaching safepoint: 141441 ns, At safepoint: 5999 ns, Total: 147440 ns
[2021-08-17T06:05:09.250+0000][6][safepoint    ] Safepoint "Cleanup", Time since last: 1271840327 ns, Reaching safepoint: 475593 ns, At safepoint: 14447 ns, Total: 490040 ns
[2021-08-17T06:05:10.481+0000][6][safepoint    ] Safepoint "Cleanup", Time since last: 1230543648 ns, Reaching safepoint: 221310 ns, At safepoint: 7940 ns, Total: 229250 ns
[2021-08-17T06:05:10.942+0000][6][safepoint    ] Safepoint "BulkRevokeBias", Time since last: 460656663 ns, Reaching safepoint: 246466 ns, At safepoint: 486806 ns, Total: 733272 ns
[2021-08-17T06:05:11.967+0000][6][safepoint    ] Safepoint "Cleanup", Time since last: 1024379739 ns, Reaching safepoint: 112527 ns, At safepoint: 38591 ns, Total: 151118 ns
[2021-08-17T06:05:13.770+0000][6][safepoint    ] Safepoint "Cleanup", Time since last: 1802367928 ns, Reaching safepoint: 219215 ns, At safepoint: 7812 ns, Total: 227027 ns
[2021-08-17T06:05:15.435+0000][6][safepoint    ] Safepoint "Cleanup", Time since last: 1665205778 ns, Reaching safepoint: 100656 ns, At safepoint: 4498 ns, Total: 105154 ns
[2021-08-17T06:05:16.440+0000][6][safepoint    ] Safepoint "Cleanup", Time since last: 1004769750 ns, Reaching safepoint: 321437 ns, At safepoint: 8223 ns, Total: 329660 ns
[2021-08-17T06:05:18.209+0000][6][safepoint    ] Safepoint "Cleanup", Time since last: 1769133437 ns, Reaching safepoint: 174964 ns, At safepoint: 4819 ns, Total: 179783 ns
[2021-08-17T06:05:19.494+0000][6][safepoint    ] Safepoint "Cleanup", Time since last: 1284381479 ns, Reaching safepoint: 117968 ns, At safepoint: 18533 ns, Total: 136501 ns
[2021-08-17T06:05:20.497+0000][6][safepoint    ] Safepoint "Cleanup", Time since last: 1002783543 ns, Reaching safepoint: 130385 ns, At safepoint: 5052 ns, Total: 135437 ns
[2021-08-17T06:05:21.690+0000][6][safepoint    ] Safepoint "Cleanup", Time since last: 1192805176 ns, Reaching safepoint: 194591 ns, At safepoint: 7629 ns, Total: 202220 ns
[2021-08-17T06:05:23.000+0000][6][safepoint    ] Safepoint "Cleanup", Time since last: 1310305926 ns, Reaching safepoint: 214950 ns, At safepoint: 9684 ns, Total: 224634 ns
[2021-08-17T06:05:24.367+0000][6][safepoint    ] Safepoint "Cleanup", Time since last: 1366674908 ns, Reaching safepoint: 491122 ns, At safepoint: 16389 ns, Total: 507511 ns
[2021-08-17T06:05:24.991+0000][6][safepoint    ] Safepoint "BulkRevokeBias", Time since last: 622715216 ns, Reaching safepoint: 135595 ns, At safepoint: 223471 ns, Total: 359066 ns
[2021-08-17T06:05:25.993+0000][6][safepoint    ] Safepoint "Cleanup", Time since last: 1002086861 ns, Reaching safepoint: 205531 ns, At safepoint: 9067 ns, Total: 214598 ns
[2021-08-17T06:05:27.492+0000][6][safepoint    ] Safepoint "Cleanup", Time since last: 1498533927 ns, Reaching safepoint: 238538 ns, At safepoint: 7556 ns, Total: 246094 ns
[2021-08-17T06:05:28.492+0000][6][safepoint    ] Safepoint "Cleanup", Time since last: 1000219998 ns, Reaching safepoint: 175654 ns, At safepoint: 9282 ns, Total: 184936 ns
[2021-08-17T06:05:29.494+0000][6][safepoint    ] Safepoint "Cleanup", Time since last: 1001855416 ns, Reaching safepoint: 150813 ns, At safepoint: 5608 ns, Total: 156421 ns
[2021-08-17T06:05:30.496+0000][6][safepoint    ] Safepoint "Cleanup", Time since last: 1001779011 ns, Reaching safepoint: 96469 ns, At safepoint: 4300 ns, Total: 100769 ns
[2021-08-17T06:05:31.417+0000][6][safepoint    ] Safepoint "BulkRevokeBias", Time since last: 921126995 ns, Reaching safepoint: 248439 ns, At safepoint: 218163 ns, Total: 466602 ns
[2021-08-17T06:05:32.418+0000][6][safepoint    ] Safepoint "Cleanup", Time since last: 1000210416 ns, Reaching safepoint: 96009 ns, At safepoint: 4503 ns, Total: 100512 ns
[2021-08-17T06:05:33.418+0000][6][safepoint    ] Safepoint "Cleanup", Time since last: 1000302033 ns, Reaching safepoint: 114134 ns, At safepoint: 4435 ns, Total: 118569 ns
[2021-08-17T06:05:34.420+0000][6][safepoint    ] Safepoint "Cleanup", Time since last: 1001081644 ns, Reaching safepoint: 324658 ns, At safepoint: 5422 ns, Total: 330080 ns
[2021-08-17T06:05:35.420+0000][6][safepoint    ] Safepoint "Cleanup", Time since last: 1000185646 ns, Reaching safepoint: 120150 ns, At safepoint: 4629 ns, Total: 124779 ns
[2021-08-17T06:05:36.420+0000][6][safepoint    ] Safepoint "Cleanup", Time since last: 1000191963 ns, Reaching safepoint: 156230 ns, At safepoint: 6525 ns, Total: 162755 ns
[2021-08-17T06:05:37.421+0000][6][safepoint    ] Safepoint "Cleanup", Time since last: 1000209950 ns, Reaching safepoint: 131953 ns, At safepoint: 5037 ns, Total: 136990 ns
[2021-08-17T06:05:38.422+0000][6][safepoint    ] Safepoint "Cleanup", Time since last: 1000967168 ns, Reaching safepoint: 312676 ns, At safepoint: 9313 ns, Total: 321989 ns
[2021-08-17T06:05:39.423+0000][6][safepoint    ] Safepoint "Cleanup", Time since last: 1001258979 ns, Reaching safepoint: 187143 ns, At safepoint: 7620 ns, Total: 194763 ns
[2021-08-17T06:05:40.427+0000][6][safepoint    ] Safepoint "Cleanup", Time since last: 1003895854 ns, Reaching safepoint: 125845 ns, At safepoint: 4460 ns, Total: 130305 ns
[2021-08-17T06:05:41.428+0000][6][safepoint    ] Safepoint "Cleanup", Time since last: 1000591671 ns, Reaching safepoint: 131568 ns, At safepoint: 5382 ns, Total: 136950 ns
[2021-08-17T06:05:42.429+0000][6][safepoint    ] Safepoint "Cleanup", Time since last: 1000670677 ns, Reaching safepoint: 110447 ns, At safepoint: 4291 ns, Total: 114738 ns
[2021-08-17T06:05:43.430+0000][6][safepoint    ] Safepoint "Cleanup", Time since last: 1000473942 ns, Reaching safepoint: 141901 ns, At safepoint: 5329 ns, Total: 147230 ns
[2021-08-17T06:05:44.432+0000][6][safepoint    ] Safepoint "Cleanup", Time since last: 1002147926 ns, Reaching safepoint: 122326 ns, At safepoint: 4680 ns, Total: 127006 ns
[2021-08-17T06:05:45.432+0000][6][safepoint    ] Safepoint "Cleanup", Time since last: 1000192484 ns, Reaching safepoint: 117195 ns, At safepoint: 4868 ns, Total: 122063 ns
[2021-08-17T06:05:46.433+0000][6][safepoint    ] Safepoint "Cleanup", Time since last: 1000870184 ns, Reaching safepoint: 192175 ns, At safepoint: 7651 ns, Total: 199826 ns
[2021-08-17T06:05:47.434+0000][6][safepoint    ] Safepoint "Cleanup", Time since last: 1000226540 ns, Reaching safepoint: 146842 ns, At safepoint: 4889 ns, Total: 151731 ns
[2021-08-17T06:05:48.434+0000][6][safepoint    ] Safepoint "Cleanup", Time since last: 1000390268 ns, Reaching safepoint: 127686 ns, At safepoint: 5410 ns, Total: 133096 ns
[2021-08-17T06:05:49.435+0000][6][safepoint    ] Safepoint "Cleanup", Time since last: 1000419888 ns, Reaching safepoint: 137215 ns, At safepoint: 6725 ns, Total: 143940 ns
[2021-08-17T06:05:50.435+0000][6][safepoint    ] Safepoint "Cleanup", Time since last: 1000493359 ns, Reaching safepoint: 118008 ns, At safepoint: 4367 ns, Total: 122375 ns
[2021-08-17T06:05:51.436+0000][6][safepoint    ] Safepoint "Cleanup", Time since last: 1000296590 ns, Reaching safepoint: 239940 ns, At safepoint: 7011 ns, Total: 246951 ns
[2021-08-17T06:05:52.436+0000][6][safepoint    ] Safepoint "Cleanup", Time since last: 1000513010 ns, Reaching safepoint: 128791 ns, At safepoint: 4752 ns, Total: 133543 ns
[2021-08-17T06:05:53.437+0000][6][safepoint    ] Safepoint "Cleanup", Time since last: 1000264137 ns, Reaching safepoint: 143886 ns, At safepoint: 6475 ns, Total: 150361 ns
[2021-08-17T06:05:54.438+0000][6][safepoint    ] Safepoint "Cleanup", Time since last: 1000994227 ns, Reaching safepoint: 147484 ns, At safepoint: 6083 ns, Total: 153567 ns
[2021-08-17T06:05:55.542+0000][6][safepoint    ] Safepoint "Cleanup", Time since last: 1103444056 ns, Reaching safepoint: 298003 ns, At safepoint: 13764 ns, Total: 311767 ns
[2021-08-17T06:05:56.544+0000][6][safepoint    ] Safepoint "Cleanup", Time since last: 1002447228 ns, Reaching safepoint: 123908 ns, At safepoint: 5115 ns, Total: 129023 ns
[2021-08-17T06:05:58.035+0000][6][safepoint    ] Safepoint "Cleanup", Time since last: 1490209305 ns, Reaching safepoint: 114435 ns, At safepoint: 4244 ns, Total: 118679 ns
[2021-08-17T06:05:59.035+0000][6][safepoint    ] Safepoint "Cleanup", Time since last: 1000181666 ns, Reaching safepoint: 102277 ns, At safepoint: 5012 ns, Total: 107289 ns
[2021-08-17T06:06:00.035+0000][6][safepoint    ] Safepoint "Cleanup", Time since last: 1000357413 ns, Reaching safepoint: 115377 ns, At safepoint: 4466 ns, Total: 119843 ns
[2021-08-17T06:06:01.036+0000][6][safepoint    ] Safepoint "Cleanup", Time since last: 1000577079 ns, Reaching safepoint: 126579 ns, At safepoint: 6383 ns, Total: 132962 ns
[2021-08-17T06:06:02.038+0000][6][safepoint    ] Safepoint "Cleanup", Time since last: 1001181771 ns, Reaching safepoint: 163317 ns, At safepoint: 6587 ns, Total: 169904 ns
[2021-08-17T06:06:03.039+0000][6][safepoint    ] Safepoint "Cleanup", Time since last: 1001397779 ns, Reaching safepoint: 168228 ns, At safepoint: 4555 ns, Total: 172783 ns
[2021-08-17T06:06:04.040+0000][6][safepoint    ] Safepoint "Cleanup", Time since last: 1001056411 ns, Reaching safepoint: 136908 ns, At safepoint: 5158 ns, Total: 142066 ns
[2021-08-17T06:06:05.041+0000][6][safepoint    ] Safepoint "Cleanup", Time since last: 1000705463 ns, Reaching safepoint: 178510 ns, At safepoint: 8052 ns, Total: 186562 ns
[2021-08-17T06:06:06.042+0000][6][safepoint    ] Safepoint "Cleanup", Time since last: 1001090574 ns, Reaching safepoint: 135140 ns, At safepoint: 4737 ns, Total: 139877 ns
[2021-08-17T06:06:07.043+0000][6][safepoint    ] Safepoint "Cleanup", Time since last: 1000329079 ns, Reaching safepoint: 107177 ns, At safepoint: 4161 ns, Total: 111338 ns
[2021-08-17T06:06:08.044+0000][6][safepoint    ] Safepoint "Cleanup", Time since last: 1001039877 ns, Reaching safepoint: 187286 ns, At safepoint: 8324 ns, Total: 195610 ns
[2021-08-17T06:06:09.045+0000][6][safepoint    ] Safepoint "Cleanup", Time since last: 1000534319 ns, Reaching safepoint: 189494 ns, At safepoint: 4990 ns, Total: 194484 ns
[2021-08-17T06:06:10.046+0000][6][safepoint    ] Safepoint "Cleanup", Time since last: 1000816452 ns, Reaching safepoint: 131436 ns, At safepoint: 4981 ns, Total: 136417 ns
[2021-08-17T06:06:11.049+0000][6][safepoint    ] Safepoint "Cleanup", Time since last: 1003390603 ns, Reaching safepoint: 78126 ns, At safepoint: 5375 ns, Total: 83501 ns
[2021-08-17T06:06:11.051+0000][6][safepoint    ] Safepoint "BulkRevokeBias", Time since last: 596551 ns, Reaching safepoint: 929974 ns, At safepoint: 298124 ns, Total: 1228098 ns
[2021-08-17T06:06:12.108+0000][6][safepoint    ] Safepoint "Cleanup", Time since last: 1056573906 ns, Reaching safepoint: 134915 ns, At safepoint: 4876 ns, Total: 139791 ns
[2021-08-17T06:06:12.325+0000][6][safepoint    ] Safepoint "BulkRevokeBias", Time since last: 216983765 ns, Reaching safepoint: 168170 ns, At safepoint: 271795 ns, Total: 439965 ns
[2021-08-17T06:06:13.352+0000][6][safepoint    ] Safepoint "Cleanup", Time since last: 1026548621 ns, Reaching safepoint: 139167 ns, At safepoint: 4622 ns, Total: 143789 ns
[2021-08-17T06:06:14.352+0000][6][safepoint    ] Safepoint "Cleanup", Time since last: 1000384505 ns, Reaching safepoint: 175718 ns, At safepoint: 7357 ns, Total: 183075 ns
[2021-08-17T06:06:16.314+0000][6][safepoint    ] Safepoint "Cleanup", Time since last: 1961034071 ns, Reaching safepoint: 168043 ns, At safepoint: 6508 ns, Total: 174551 ns
[2021-08-17T06:06:18.022+0000][6][safepoint    ] Safepoint "Cleanup", Time since last: 1707820214 ns, Reaching safepoint: 243784 ns, At safepoint: 7116 ns, Total: 250900 ns
[2021-08-17T06:06:19.534+0000][6][safepoint    ] Safepoint "Cleanup", Time since last: 1512246950 ns, Reaching safepoint: 89890 ns, At safepoint: 5204 ns, Total: 95094 ns
[2021-08-17T06:06:20.535+0000][6][safepoint    ] Safepoint "Cleanup", Time since last: 1000496969 ns, Reaching safepoint: 201769 ns, At safepoint: 8071 ns, Total: 209840 ns
[2021-08-17T06:06:21.535+0000][6][safepoint    ] Safepoint "Cleanup", Time since last: 1000339359 ns, Reaching safepoint: 138611 ns, At safepoint: 8947 ns, Total: 147558 ns
[2021-08-17T06:06:22.536+0000][6][safepoint    ] Safepoint "Cleanup", Time since last: 1000432153 ns, Reaching safepoint: 92038 ns, At safepoint: 4414 ns, Total: 96452 ns
[2021-08-17T06:06:23.536+0000][6][safepoint    ] Safepoint "Cleanup", Time since last: 1000184315 ns, Reaching safepoint: 130454 ns, At safepoint: 4785 ns, Total: 135239 ns
[2021-08-17T06:06:24.537+0000][6][safepoint    ] Safepoint "Cleanup", Time since last: 1000335273 ns, Reaching safepoint: 130547 ns, At safepoint: 6831 ns, Total: 137378 ns
[2021-08-17T06:06:26.213+0000][6][safepoint    ] Safepoint "Cleanup", Time since last: 1675873628 ns, Reaching safepoint: 168005 ns, At safepoint: 20241 ns, Total: 188246 ns
[2021-08-17T06:06:27.213+0000][6][safepoint    ] Safepoint "Cleanup", Time since last: 1000275333 ns, Reaching safepoint: 118400 ns, At safepoint: 4228 ns, Total: 122628 ns
[2021-08-17T06:06:28.215+0000][6][safepoint    ] Safepoint "Cleanup", Time since last: 1001839496 ns, Reaching safepoint: 140358 ns, At safepoint: 5019 ns, Total: 145377 ns
[2021-08-17T06:06:29.216+0000][6][safepoint    ] Safepoint "Cleanup", Time since last: 1000484939 ns, Reaching safepoint: 118433 ns, At safepoint: 4311 ns, Total: 122744 ns
[2021-08-17T06:06:30.217+0000][6][safepoint    ] Safepoint "Cleanup", Time since last: 1000814413 ns, Reaching safepoint: 137520 ns, At safepoint: 5032 ns, Total: 142552 ns
[2021-08-17T06:06:31.218+0000][6][safepoint    ] Safepoint "Cleanup", Time since last: 1000849455 ns, Reaching safepoint: 190340 ns, At safepoint: 8090 ns, Total: 198430 ns
[2021-08-17T06:06:32.220+0000][6][safepoint    ] Safepoint "Cleanup", Time since last: 1002014648 ns, Reaching safepoint: 111961 ns, At safepoint: 4344 ns, Total: 116305 ns
[2021-08-17T06:06:33.225+0000][6][safepoint    ] Safepoint "Cleanup", Time since last: 1004766840 ns, Reaching safepoint: 112819 ns, At safepoint: 4429 ns, Total: 117248 ns
[2021-08-17T06:06:34.227+0000][6][safepoint    ] Safepoint "Cleanup", Time since last: 1002487118 ns, Reaching safepoint: 102813 ns, At safepoint: 7192 ns, Total: 110005 ns
[2021-08-17T06:06:35.228+0000][6][safepoint    ] Safepoint "Cleanup", Time since last: 1000269290 ns, Reaching safepoint: 207888 ns, At safepoint: 4301 ns, Total: 212189 ns
[2021-08-17T06:06:36.229+0000][6][safepoint    ] Safepoint "Cleanup", Time since last: 1000862943 ns, Reaching safepoint: 222672 ns, At safepoint: 7165 ns, Total: 229837 ns
[2021-08-17T06:06:37.231+0000][6][safepoint    ] Safepoint "Cleanup", Time since last: 1001576900 ns, Reaching safepoint: 196743 ns, At safepoint: 7253 ns, Total: 203996 ns
[2021-08-17T06:06:38.232+0000][6][safepoint    ] Safepoint "Cleanup", Time since last: 1000822346 ns, Reaching safepoint: 136501 ns, At safepoint: 5273 ns, Total: 141774 ns
[2021-08-17T06:06:39.232+0000][6][safepoint    ] Safepoint "Cleanup", Time since last: 1000389640 ns, Reaching safepoint: 132485 ns, At safepoint: 4633 ns, Total: 137118 ns
[2021-08-17T06:06:40.236+0000][6][safepoint    ] Safepoint "Cleanup", Time since last: 1003742969 ns, Reaching safepoint: 148568 ns, At safepoint: 5082 ns, Total: 153650 ns
[2021-08-17T06:06:41.239+0000][6][safepoint    ] Safepoint "Cleanup", Time since last: 1002745579 ns, Reaching safepoint: 193935 ns, At safepoint: 8921 ns, Total: 202856 ns
[2021-08-17T06:06:42.240+0000][6][safepoint    ] Safepoint "Cleanup", Time since last: 1001135467 ns, Reaching safepoint: 137212 ns, At safepoint: 4778 ns, Total: 141990 ns
[2021-08-17T06:06:43.246+0000][6][safepoint    ] Safepoint "Cleanup", Time since last: 1000522518 ns, Reaching safepoint: 4880516 ns, At safepoint: 4936 ns, Total: 4885452 ns
[2021-08-17T06:06:44.305+0000][6][safepoint    ] Safepoint "Cleanup", Time since last: 1059467714 ns, Reaching safepoint: 139750 ns, At safepoint: 6443 ns, Total: 146193 ns
[2021-08-17T06:06:45.309+0000][6][safepoint    ] Safepoint "Cleanup", Time since last: 1003259747 ns, Reaching safepoint: 164449 ns, At safepoint: 6848 ns, Total: 171297 ns
[2021-08-17T06:06:46.309+0000][6][safepoint    ] Safepoint "Cleanup", Time since last: 1000304403 ns, Reaching safepoint: 132286 ns, At safepoint: 5007 ns, Total: 137293 ns
[2021-08-17T06:06:47.311+0000][6][safepoint    ] Safepoint "Cleanup", Time since last: 1001388487 ns, Reaching safepoint: 128886 ns, At safepoint: 5631 ns, Total: 134517 ns
[2021-08-17T06:06:48.311+0000][6][safepoint    ] Safepoint "Cleanup", Time since last: 1000140213 ns, Reaching safepoint: 96556 ns, At safepoint: 4395 ns, Total: 100951 ns
[2021-08-17T06:06:49.312+0000][6][safepoint    ] Safepoint "Cleanup", Time since last: 1001259153 ns, Reaching safepoint: 131611 ns, At safepoint: 4791 ns, Total: 136402 ns
[2021-08-17T06:06:50.313+0000][6][safepoint    ] Safepoint "Cleanup", Time since last: 1000556996 ns, Reaching safepoint: 128637 ns, At safepoint: 4694 ns, Total: 133331 ns
[2021-08-17T06:06:51.314+0000][6][safepoint    ] Safepoint "Cleanup", Time since last: 1000374234 ns, Reaching safepoint: 138360 ns, At safepoint: 4581 ns, Total: 142941 ns
[2021-08-17T06:06:52.315+0000][6][safepoint    ] Safepoint "Cleanup", Time since last: 1001461121 ns, Reaching safepoint: 194315 ns, At safepoint: 7574 ns, Total: 201889 ns
[2021-08-17T06:06:53.316+0000][6][safepoint    ] Safepoint "Cleanup", Time since last: 1000772667 ns, Reaching safepoint: 148942 ns, At safepoint: 6563 ns, Total: 155505 ns
[2021-08-17T06:06:54.317+0000][6][safepoint    ] Safepoint "Cleanup", Time since last: 1000265584 ns, Reaching safepoint: 121874 ns, At safepoint: 5016 ns, Total: 126890 ns
[2021-08-17T06:06:55.317+0000][6][safepoint    ] Safepoint "Cleanup", Time since last: 1000519830 ns, Reaching safepoint: 137847 ns, At safepoint: 4704 ns, Total: 142551 ns
[2021-08-17T06:06:56.318+0000][6][safepoint    ] Safepoint "Cleanup", Time since last: 1000455033 ns, Reaching safepoint: 122285 ns, At safepoint: 4313 ns, Total: 126598 ns
[2021-08-17T06:06:57.318+0000][6][safepoint    ] Safepoint "Cleanup", Time since last: 1000206903 ns, Reaching safepoint: 136044 ns, At safepoint: 4341 ns, Total: 140385 ns
[2021-08-17T06:06:58.319+0000][6][safepoint    ] Safepoint "Cleanup", Time since last: 1000544516 ns, Reaching safepoint: 315160 ns, At safepoint: 7415 ns, Total: 322575 ns
[2021-08-17T06:06:59.319+0000][6][safepoint    ] Safepoint "Cleanup", Time since last: 1000164403 ns, Reaching safepoint: 125385 ns, At safepoint: 5270 ns, Total: 130655 ns
[2021-08-17T06:07:00.320+0000][6][safepoint    ] Safepoint "Cleanup", Time since last: 1000911006 ns, Reaching safepoint: 237532 ns, At safepoint: 7233 ns, Total: 244765 ns
[2021-08-17T06:07:01.321+0000][6][safepoint    ] Safepoint "Cleanup", Time since last: 1000843525 ns, Reaching safepoint: 146695 ns, At safepoint: 5837 ns, Total: 152532 ns
[2021-08-17T06:07:02.322+0000][6][safepoint    ] Safepoint "Cleanup", Time since last: 1000245384 ns, Reaching safepoint: 125210 ns, At safepoint: 5665 ns, Total: 130875 ns
[2021-08-17T06:07:03.322+0000][6][safepoint    ] Safepoint "Cleanup", Time since last: 1000281378 ns, Reaching safepoint: 137503 ns, At safepoint: 5316 ns, Total: 142819 ns
[2021-08-17T06:07:04.322+0000][6][safepoint    ] Safepoint "Cleanup", Time since last: 1000134723 ns, Reaching safepoint: 126990 ns, At safepoint: 5233 ns, Total: 132223 ns
[2021-08-17T06:07:05.323+0000][6][safepoint    ] Safepoint "Cleanup", Time since last: 1000230316 ns, Reaching safepoint: 122046 ns, At safepoint: 5494 ns, Total: 127540 ns
[2021-08-17T06:07:06.324+0000][6][safepoint    ] Safepoint "Cleanup", Time since last: 1001204892 ns, Reaching safepoint: 146930 ns, At safepoint: 5483 ns, Total: 152413 ns
[2021-08-17T06:07:07.325+0000][6][safepoint    ] Safepoint "Cleanup", Time since last: 1000345716 ns, Reaching safepoint: 133336 ns, At safepoint: 5074 ns, Total: 138410 ns
[2021-08-17T06:07:08.325+0000][6][safepoint    ] Safepoint "Cleanup", Time since last: 1000195939 ns, Reaching safepoint: 236298 ns, At safepoint: 8088 ns, Total: 244386 ns
[2021-08-17T06:07:09.326+0000][6][safepoint    ] Safepoint "Cleanup", Time since last: 1000470481 ns, Reaching safepoint: 151049 ns, At safepoint: 4986 ns, Total: 156035 ns
[2021-08-17T06:07:10.326+0000][6][safepoint    ] Safepoint "Cleanup", Time since last: 1000345462 ns, Reaching safepoint: 124348 ns, At safepoint: 4500 ns, Total: 128848 ns
[2021-08-17T06:07:11.217+0000][6][safepoint    ] Safepoint "BulkRevokeBias", Time since last: 890048177 ns, Reaching safepoint: 188530 ns, At safepoint: 209494 ns, Total: 398024 ns
[2021-08-17T06:07:12.225+0000][6][safepoint    ] Safepoint "Cleanup", Time since last: 1007831204 ns, Reaching safepoint: 141322 ns, At safepoint: 4989 ns, Total: 146311 ns
[2021-08-17T06:07:12.450+0000][6][safepoint    ] Safepoint "BulkRevokeBias", Time since last: 224915713 ns, Reaching safepoint: 290668 ns, At safepoint: 235753 ns, Total: 526421 ns
[2021-08-17T06:07:13.451+0000][6][safepoint    ] Safepoint "Cleanup", Time since last: 1000358246 ns, Reaching safepoint: 130670 ns, At safepoint: 7398 ns, Total: 138068 ns
[2021-08-17T06:07:14.451+0000][6][safepoint    ] Safepoint "Cleanup", Time since last: 1000329118 ns, Reaching safepoint: 175116 ns, At safepoint: 41327 ns, Total: 216443 ns
[2021-08-17T06:07:15.452+0000][6][safepoint    ] Safepoint "Cleanup", Time since last: 1000547075 ns, Reaching safepoint: 213274 ns, At safepoint: 36096 ns, Total: 249370 ns
[2021-08-17T06:07:16.452+0000][6][safepoint    ] Safepoint "Cleanup", Time since last: 1000164121 ns, Reaching safepoint: 225386 ns, At safepoint: 4786 ns, Total: 230172 ns
[2021-08-17T06:07:17.453+0000][6][safepoint    ] Safepoint "Cleanup", Time since last: 1000874665 ns, Reaching safepoint: 155426 ns, At safepoint: 8722 ns, Total: 164148 ns
[2021-08-17T06:07:18.454+0000][6][safepoint    ] Safepoint "Cleanup", Time since last: 1000249397 ns, Reaching safepoint: 143008 ns, At safepoint: 8269 ns, Total: 151277 ns
[2021-08-17T06:07:19.455+0000][6][safepoint    ] Safepoint "Cleanup", Time since last: 1000797034 ns, Reaching safepoint: 128878 ns, At safepoint: 5086 ns, Total: 133964 ns
[2021-08-17T06:07:20.455+0000][6][safepoint    ] Safepoint "Cleanup", Time since last: 1000601807 ns, Reaching safepoint: 133854 ns, At safepoint: 5405 ns, Total: 139259 ns
[2021-08-17T06:07:21.456+0000][6][safepoint    ] Safepoint "Cleanup", Time since last: 1000562400 ns, Reaching safepoint: 409578 ns, At safepoint: 9420 ns, Total: 418998 ns
[2021-08-17T06:07:22.457+0000][6][safepoint    ] Safepoint "Cleanup", Time since last: 1000718436 ns, Reaching safepoint: 126630 ns, At safepoint: 4998 ns, Total: 131628 ns
[2021-08-17T06:07:23.458+0000][6][safepoint    ] Safepoint "Cleanup", Time since last: 1001019574 ns, Reaching safepoint: 131256 ns, At safepoint: 8256 ns, Total: 139512 ns
[2021-08-17T06:07:24.462+0000][6][safepoint    ] Safepoint "Cleanup", Time since last: 1002895887 ns, Reaching safepoint: 766823 ns, At safepoint: 6101 ns, Total: 772924 ns
[2021-08-17T06:07:25.465+0000][6][safepoint    ] Safepoint "Cleanup", Time since last: 1002677857 ns, Reaching safepoint: 130169 ns, At safepoint: 7932 ns, Total: 138101 ns
[2021-08-17T06:07:26.466+0000][6][safepoint    ] Safepoint "Cleanup", Time since last: 1000901052 ns, Reaching safepoint: 237506 ns, At safepoint: 7151 ns, Total: 244657 ns
[2021-08-17T06:07:27.467+0000][6][safepoint    ] Safepoint "Cleanup", Time since last: 1000574012 ns, Reaching safepoint: 169211 ns, At safepoint: 6039 ns, Total: 175250 ns
[2021-08-17T06:07:28.469+0000][6][safepoint    ] Safepoint "Cleanup", Time since last: 1002306003 ns, Reaching safepoint: 145215 ns, At safepoint: 30332 ns, Total: 175547 ns
[2021-08-17T06:07:29.470+0000][6][safepoint    ] Safepoint "Cleanup", Time since last: 1000533419 ns, Reaching safepoint: 108387 ns, At safepoint: 5300 ns, Total: 113687 ns
[2021-08-17T06:07:30.478+0000][6][safepoint    ] Safepoint "Cleanup", Time since last: 1000675282 ns, Reaching safepoint: 7652514 ns, At safepoint: 33094 ns, Total: 7685608 ns
[2021-08-17T06:07:31.479+0000][6][safepoint    ] Safepoint "Cleanup", Time since last: 1000616023 ns, Reaching safepoint: 127072 ns, At safepoint: 6582 ns, Total: 133654 ns
[2021-08-17T06:07:32.481+0000][6][safepoint    ] Safepoint "Cleanup", Time since last: 1001821999 ns, Reaching safepoint: 155541 ns, At safepoint: 23245 ns, Total: 178786 ns
[2021-08-17T06:07:33.483+0000][6][safepoint    ] Safepoint "Cleanup", Time since last: 1001749681 ns, Reaching safepoint: 377206 ns, At safepoint: 8985 ns, Total: 386191 ns
[2021-08-17T06:07:34.485+0000][6][safepoint    ] Safepoint "Cleanup", Time since last: 1001614273 ns, Reaching safepoint: 120675 ns, At safepoint: 11155 ns, Total: 131830 ns
[2021-08-17T06:07:35.486+0000][6][safepoint    ] Safepoint "Cleanup", Time since last: 1000495344 ns, Reaching safepoint: 119230 ns, At safepoint: 4129 ns, Total: 123359 ns
[2021-08-17T06:07:36.488+0000][6][safepoint    ] Safepoint "Cleanup", Time since last: 1002466013 ns, Reaching safepoint: 336775 ns, At safepoint: 55110 ns, Total: 391885 ns
[2021-08-17T06:07:37.489+0000][6][safepoint    ] Safepoint "Cleanup", Time since last: 1000783470 ns, Reaching safepoint: 134880 ns, At safepoint: 7989 ns, Total: 142869 ns
[2021-08-17T06:07:38.492+0000][6][safepoint    ] Safepoint "Cleanup", Time since last: 1002463545 ns, Reaching safepoint: 377229 ns, At safepoint: 11145 ns, Total: 388374 ns
[2021-08-17T06:07:39.493+0000][6][safepoint    ] Safepoint "Cleanup", Time since last: 1000359403 ns, Reaching safepoint: 174928 ns, At safepoint: 8049 ns, Total: 182977 ns
[2021-08-17T06:07:40.496+0000][6][safepoint    ] Safepoint "Cleanup", Time since last: 1003317448 ns, Reaching safepoint: 132050 ns, At safepoint: 8281 ns, Total: 140331 ns
[2021-08-17T06:07:41.501+0000][6][safepoint    ] Safepoint "Cleanup", Time since last: 1004316325 ns, Reaching safepoint: 471211 ns, At safepoint: 9192 ns, Total: 480403 ns
[2021-08-17T06:07:42.502+0000][6][safepoint    ] Safepoint "Cleanup", Time since last: 1000818681 ns, Reaching safepoint: 137011 ns, At safepoint: 9748 ns, Total: 146759 ns
[2021-08-17T06:07:43.504+0000][6][safepoint    ] Safepoint "Cleanup", Time since last: 1002179351 ns, Reaching safepoint: 157444 ns, At safepoint: 7094 ns, Total: 164538 ns
[2021-08-17T06:07:44.508+0000][6][safepoint    ] Safepoint "Cleanup", Time since last: 1003804144 ns, Reaching safepoint: 106578 ns, At safepoint: 6727 ns, Total: 113305 ns
[2021-08-17T06:07:45.512+0000][6][safepoint    ] Safepoint "Cleanup", Time since last: 1003330055 ns, Reaching safepoint: 93820 ns, At safepoint: 6321 ns, Total: 100141 ns
[2021-08-17T06:07:46.514+0000][6][safepoint    ] Safepoint "Cleanup", Time since last: 1002005404 ns, Reaching safepoint: 217639 ns, At safepoint: 4788 ns, Total: 222427 ns
[2021-08-17T06:07:47.518+0000][6][safepoint    ] Safepoint "Cleanup", Time since last: 1003316073 ns, Reaching safepoint: 393434 ns, At safepoint: 33866 ns, Total: 427300 ns
[2021-08-17T06:07:48.521+0000][6][safepoint    ] Safepoint "Cleanup", Time since last: 1003155573 ns, Reaching safepoint: 163122 ns, At safepoint: 8176 ns, Total: 171298 ns
[2021-08-17T06:07:49.524+0000][6][safepoint    ] Safepoint "Cleanup", Time since last: 1003212414 ns, Reaching safepoint: 189652 ns, At safepoint: 8126 ns, Total: 197778 ns
[2021-08-17T06:07:50.527+0000][6][safepoint    ] Safepoint "Cleanup", Time since last: 1002200324 ns, Reaching safepoint: 352920 ns, At safepoint: 8950 ns, Total: 361870 ns
[2021-08-17T06:07:51.527+0000][6][safepoint    ] Safepoint "Cleanup", Time since last: 1000212961 ns, Reaching safepoint: 180155 ns, At safepoint: 7231 ns, Total: 187386 ns
[2021-08-17T06:07:52.531+0000][6][safepoint    ] Safepoint "Cleanup", Time since last: 1003083598 ns, Reaching safepoint: 146730 ns, At safepoint: 6584 ns, Total: 153314 ns
[2021-08-17T06:07:53.536+0000][6][safepoint    ] Safepoint "Cleanup", Time since last: 1005017708 ns, Reaching safepoint: 145538 ns, At safepoint: 7920 ns, Total: 153458 ns
[2021-08-17T06:07:54.537+0000][6][safepoint    ] Safepoint "Cleanup", Time since last: 1001035309 ns, Reaching safepoint: 347749 ns, At safepoint: 5370 ns, Total: 353119 ns
[2021-08-17T06:07:55.541+0000][6][safepoint    ] Safepoint "Cleanup", Time since last: 1003450235 ns, Reaching safepoint: 141882 ns, At safepoint: 5448 ns, Total: 147330 ns
[2021-08-17T06:07:56.543+0000][6][safepoint    ] Safepoint "Cleanup", Time since last: 1001733450 ns, Reaching safepoint: 431116 ns, At safepoint: 9655 ns, Total: 440771 ns
[2021-08-17T06:07:57.544+0000][6][safepoint    ] Safepoint "Cleanup", Time since last: 1000856886 ns, Reaching safepoint: 370848 ns, At safepoint: 10075 ns, Total: 380923 ns
[2021-08-17T06:07:58.547+0000][6][safepoint    ] Safepoint "Cleanup", Time since last: 1003127139 ns, Reaching safepoint: 134130 ns, At safepoint: 9415 ns, Total: 143545 ns
[2021-08-17T06:08:00.493+0000][6][safepoint    ] Safepoint "Cleanup", Time since last: 1945886028 ns, Reaching safepoint: 126519 ns, At safepoint: 25711 ns, Total: 152230 ns
[2021-08-17T06:08:01.498+0000][6][safepoint    ] Safepoint "Cleanup", Time since last: 1004109017 ns, Reaching safepoint: 119711 ns, At safepoint: 8197 ns, Total: 127908 ns
[2021-08-17T06:08:02.398+0000][6][safepoint    ] Safepoint "BulkRevokeBias", Time since last: 899899595 ns, Reaching safepoint: 144339 ns, At safepoint: 280497 ns, Total: 424836 ns
[2021-08-17T06:08:03.400+0000][6][safepoint    ] Safepoint "Cleanup", Time since last: 1001488492 ns, Reaching safepoint: 195106 ns, At safepoint: 7660 ns, Total: 202766 ns
[2021-08-17T06:08:04.402+0000][6][safepoint    ] Safepoint "Cleanup", Time since last: 1002630365 ns, Reaching safepoint: 171075 ns, At safepoint: 4819 ns, Total: 175894 ns
[2021-08-17T06:08:05.406+0000][6][safepoint    ] Safepoint "Cleanup", Time since last: 1003152014 ns, Reaching safepoint: 159308 ns, At safepoint: 5848 ns, Total: 165156 ns
[2021-08-17T06:08:06.410+0000][6][safepoint    ] Safepoint "Cleanup", Time since last: 1003552585 ns, Reaching safepoint: 206907 ns, At safepoint: 8934 ns, Total: 215841 ns
[2021-08-17T06:08:07.413+0000][6][safepoint    ] Safepoint "Cleanup", Time since last: 1002866129 ns, Reaching safepoint: 137535 ns, At safepoint: 4934 ns, Total: 142469 ns
[2021-08-17T06:08:08.416+0000][6][safepoint    ] Safepoint "Cleanup", Time since last: 1003611391 ns, Reaching safepoint: 112340 ns, At safepoint: 4928 ns, Total: 117268 ns
[2021-08-17T06:08:09.419+0000][6][safepoint    ] Safepoint "Cleanup", Time since last: 1002279707 ns, Reaching safepoint: 270312 ns, At safepoint: 4918 ns, Total: 275230 ns
[2021-08-17T06:08:10.420+0000][6][safepoint    ] Safepoint "Cleanup", Time since last: 1000724205 ns, Reaching safepoint: 158855 ns, At safepoint: 5021 ns, Total: 163876 ns
[2021-08-17T06:08:12.327+0000][6][safepoint    ] Safepoint "Cleanup", Time since last: 1907437633 ns, Reaching safepoint: 305567 ns, At safepoint: 10889 ns, Total: 316456 ns
[2021-08-17T06:08:12.584+0000][6][safepoint    ] Safepoint "BulkRevokeBias", Time since last: 256339545 ns, Reaching safepoint: 170910 ns, At safepoint: 333092 ns, Total: 504002 ns
[2021-08-17T06:08:12.616+0000][6][safepoint    ] Safepoint "BulkRevokeBias", Time since last: 30217517 ns, Reaching safepoint: 610746 ns, At safepoint: 1294840 ns, Total: 1905586 ns
[2021-08-17T06:08:12.648+0000][6][safepoint    ] Safepoint "BulkRevokeBias", Time since last: 19747590 ns, Reaching safepoint: 171162 ns, At safepoint: 11530504 ns, Total: 11701666 ns
[2021-08-17T06:08:13.744+0000][6][safepoint    ] Safepoint "Cleanup", Time since last: 1095443484 ns, Reaching safepoint: 231205 ns, At safepoint: 7376 ns, Total: 238581 ns
[2021-08-17T06:08:14.547+0000][6][safepoint    ] Safepoint "BulkRevokeBias", Time since last: 802517495 ns, Reaching safepoint: 295018 ns, At safepoint: 233630 ns, Total: 528648 ns
[2021-08-17T06:08:15.548+0000][6][safepoint    ] Safepoint "Cleanup", Time since last: 1001623647 ns, Reaching safepoint: 191937 ns, At safepoint: 4827 ns, Total: 196764 ns
[2021-08-17T06:08:16.551+0000][6][safepoint    ] Safepoint "Cleanup", Time since last: 1002463489 ns, Reaching safepoint: 132353 ns, At safepoint: 4544 ns, Total: 136897 ns
[2021-08-17T06:08:17.553+0000][6][safepoint    ] Safepoint "Cleanup", Time since last: 1001607148 ns, Reaching safepoint: 201301 ns, At safepoint: 5529 ns, Total: 206830 ns
[2021-08-17T06:08:18.556+0000][6][safepoint    ] Safepoint "Cleanup", Time since last: 1003265721 ns, Reaching safepoint: 103031 ns, At safepoint: 5672 ns, Total: 108703 ns
[2021-08-17T06:08:19.561+0000][6][safepoint    ] Safepoint "Cleanup", Time since last: 1002510172 ns, Reaching safepoint: 2576709 ns, At safepoint: 27400 ns, Total: 2604109 ns
[2021-08-17T06:08:20.562+0000][6][safepoint    ] Safepoint "Cleanup", Time since last: 1000416311 ns, Reaching safepoint: 255560 ns, At safepoint: 6464 ns, Total: 262024 ns
[2021-08-17T06:08:21.564+0000][6][safepoint    ] Safepoint "Cleanup", Time since last: 1001567397 ns, Reaching safepoint: 115526 ns, At safepoint: 7323 ns, Total: 122849 ns
[2021-08-17T06:08:22.565+0000][6][safepoint    ] Safepoint "Cleanup", Time since last: 1001034607 ns, Reaching safepoint: 97462 ns, At safepoint: 5292 ns, Total: 102754 ns
[2021-08-17T06:08:23.567+0000][6][safepoint    ] Safepoint "Cleanup", Time since last: 1002412932 ns, Reaching safepoint: 149066 ns, At safepoint: 4664 ns, Total: 153730 ns
[2021-08-17T06:08:24.571+0000][6][safepoint    ] Safepoint "Cleanup", Time since last: 1000605633 ns, Reaching safepoint: 3075191 ns, At safepoint: 7931 ns, Total: 3083122 ns
[2021-08-17T06:08:25.572+0000][6][safepoint    ] Safepoint "Cleanup", Time since last: 1000466238 ns, Reaching safepoint: 150889 ns, At safepoint: 7379 ns, Total: 158268 ns
[2021-08-17T06:08:26.572+0000][6][safepoint    ] Safepoint "Cleanup", Time since last: 1000319587 ns, Reaching safepoint: 175459 ns, At safepoint: 4860 ns, Total: 180319 ns
[2021-08-17T06:08:27.574+0000][6][safepoint    ] Safepoint "Cleanup", Time since last: 1001299551 ns, Reaching safepoint: 95940 ns, At safepoint: 5703 ns, Total: 101643 ns
[2021-08-17T06:08:28.576+0000][6][safepoint    ] Safepoint "Cleanup", Time since last: 1002083387 ns, Reaching safepoint: 143238 ns, At safepoint: 6746 ns, Total: 149984 ns
[2021-08-17T06:08:29.579+0000][6][safepoint    ] Safepoint "Cleanup", Time since last: 1003277031 ns, Reaching safepoint: 154573 ns, At safepoint: 7788 ns, Total: 162361 ns
[2021-08-17T06:08:30.582+0000][6][safepoint    ] Safepoint "Cleanup", Time since last: 1002189520 ns, Reaching safepoint: 330649 ns, At safepoint: 6481 ns, Total: 337130 ns
[2021-08-17T06:08:31.583+0000][6][safepoint    ] Safepoint "Cleanup", Time since last: 1001015539 ns, Reaching safepoint: 366509 ns, At safepoint: 9678 ns, Total: 376187 ns
[2021-08-17T06:08:32.587+0000][6][safepoint    ] Safepoint "Cleanup", Time since last: 1003223154 ns, Reaching safepoint: 502399 ns, At safepoint: 9879 ns, Total: 512278 ns
[2021-08-17T06:08:33.589+0000][6][safepoint    ] Safepoint "Cleanup", Time since last: 1001498416 ns, Reaching safepoint: 166777 ns, At safepoint: 5338 ns, Total: 172115 ns
[2021-08-17T06:08:34.590+0000][6][safepoint    ] Safepoint "Cleanup", Time since last: 1001036317 ns, Reaching safepoint: 314809 ns, At safepoint: 12747 ns, Total: 327556 ns
[2021-08-17T06:08:35.593+0000][6][safepoint    ] Safepoint "Cleanup", Time since last: 1003018917 ns, Reaching safepoint: 159674 ns, At safepoint: 12731 ns, Total: 172405 ns
[2021-08-17T06:08:36.595+0000][6][safepoint    ] Safepoint "Cleanup", Time since last: 1001707509 ns, Reaching safepoint: 393537 ns, At safepoint: 10169 ns, Total: 403706 ns
[2021-08-17T06:08:37.600+0000][6][safepoint    ] Safepoint "Cleanup", Time since last: 1001457106 ns, Reaching safepoint: 3081334 ns, At safepoint: 6012 ns, Total: 3087346 ns
[2021-08-17T06:08:38.602+0000][6][safepoint    ] Safepoint "Cleanup", Time since last: 1002051386 ns, Reaching safepoint: 105855 ns, At safepoint: 5139 ns, Total: 110994 ns
[2021-08-17T06:08:39.606+0000][6][safepoint    ] Safepoint "Cleanup", Time since last: 1003521691 ns, Reaching safepoint: 136827 ns, At safepoint: 8361 ns, Total: 145188 ns
[2021-08-17T06:08:40.609+0000][6][safepoint    ] Safepoint "Cleanup", Time since last: 1002924085 ns, Reaching safepoint: 265390 ns, At safepoint: 10340 ns, Total: 275730 ns
[2021-08-17T06:08:41.612+0000][6][safepoint    ] Safepoint "Cleanup", Time since last: 1003322706 ns, Reaching safepoint: 265248 ns, At safepoint: 4790 ns, Total: 270038 ns
[2021-08-17T06:08:42.615+0000][6][safepoint    ] Safepoint "Cleanup", Time since last: 1001890517 ns, Reaching safepoint: 195174 ns, At safepoint: 17965 ns, Total: 213139 ns
[2021-08-17T06:08:43.616+0000][6][safepoint    ] Safepoint "Cleanup", Time since last: 1001248709 ns, Reaching safepoint: 136921 ns, At safepoint: 5555 ns, Total: 142476 ns
[2021-08-17T06:08:44.620+0000][6][safepoint    ] Safepoint "Cleanup", Time since last: 1003538523 ns, Reaching safepoint: 402644 ns, At safepoint: 10450 ns, Total: 413094 ns
[2021-08-17T06:08:45.623+0000][6][safepoint    ] Safepoint "Cleanup", Time since last: 1002833682 ns, Reaching safepoint: 142737 ns, At safepoint: 8723 ns, Total: 151460 ns
[2021-08-17T06:08:46.624+0000][6][safepoint    ] Safepoint "Cleanup", Time since last: 1001031110 ns, Reaching safepoint: 362280 ns, At safepoint: 11356 ns, Total: 373636 ns
[2021-08-17T06:08:47.626+0000][6][safepoint    ] Safepoint "Cleanup", Time since last: 1001415305 ns, Reaching safepoint: 157959 ns, At safepoint: 24809 ns, Total: 182768 ns
[2021-08-17T06:08:48.629+0000][6][safepoint    ] Safepoint "Cleanup", Time since last: 1003069871 ns, Reaching safepoint: 175960 ns, At safepoint: 37885 ns, Total: 213845 ns
[2021-08-17T06:08:49.631+0000][6][safepoint    ] Safepoint "Cleanup", Time since last: 1001785296 ns, Reaching safepoint: 272953 ns, At safepoint: 6227 ns, Total: 279180 ns
[2021-08-17T06:08:50.634+0000][6][safepoint    ] Safepoint "Cleanup", Time since last: 1002092170 ns, Reaching safepoint: 351687 ns, At safepoint: 5302 ns, Total: 356989 ns
[2021-08-17T06:08:51.637+0000][6][safepoint    ] Safepoint "Cleanup", Time since last: 1002094621 ns, Reaching safepoint: 799708 ns, At safepoint: 6564 ns, Total: 806272 ns
[2021-08-17T06:08:52.639+0000][6][safepoint    ] Safepoint "Cleanup", Time since last: 1001823588 ns, Reaching safepoint: 117987 ns, At safepoint: 8584 ns, Total: 126571 ns
[2021-08-17T06:08:53.645+0000][6][safepoint    ] Safepoint "Cleanup", Time since last: 1002184365 ns, Reaching safepoint: 4112207 ns, At safepoint: 7447 ns, Total: 4119654 ns
[2021-08-17T06:08:54.647+0000][6][safepoint    ] Safepoint "Cleanup", Time since last: 1001687332 ns, Reaching safepoint: 95017 ns, At safepoint: 5072 ns, Total: 100089 ns
[2021-08-17T06:08:55.649+0000][6][safepoint    ] Safepoint "Cleanup", Time since last: 1002271460 ns, Reaching safepoint: 271694 ns, At safepoint: 5815 ns, Total: 277509 ns
[2021-08-17T06:08:56.654+0000][6][safepoint    ] Safepoint "Cleanup", Time since last: 1001318902 ns, Reaching safepoint: 3191143 ns, At safepoint: 5658 ns, Total: 3196801 ns
[2021-08-17T06:08:57.656+0000][6][safepoint    ] Safepoint "Cleanup", Time since last: 1002331055 ns, Reaching safepoint: 395880 ns, At safepoint: 10318 ns, Total: 406198 ns
[2021-08-17T06:08:58.658+0000][6][safepoint    ] Safepoint "Cleanup", Time since last: 1001595163 ns, Reaching safepoint: 96432 ns, At safepoint: 4572 ns, Total: 101004 ns
[2021-08-17T06:08:59.662+0000][6][safepoint    ] Safepoint "Cleanup", Time since last: 1004049758 ns, Reaching safepoint: 94891 ns, At safepoint: 4599 ns, Total: 99490 ns
[2021-08-17T06:09:00.664+0000][6][safepoint    ] Safepoint "Cleanup", Time since last: 1001966029 ns, Reaching safepoint: 96063 ns, At safepoint: 19025 ns, Total: 115088 ns
[2021-08-17T06:09:01.668+0000][6][safepoint    ] Safepoint "Cleanup", Time since last: 1003478751 ns, Reaching safepoint: 173425 ns, At safepoint: 4842 ns, Total: 178267 ns
[2021-08-17T06:09:02.671+0000][6][safepoint    ] Safepoint "Cleanup", Time since last: 1002699527 ns, Reaching safepoint: 125371 ns, At safepoint: 7292 ns, Total: 132663 ns
[2021-08-17T06:09:03.673+0000][6][safepoint    ] Safepoint "Cleanup", Time since last: 1002226442 ns, Reaching safepoint: 212433 ns, At safepoint: 8878 ns, Total: 221311 ns
[2021-08-17T06:09:04.675+0000][6][safepoint    ] Safepoint "Cleanup", Time since last: 1002067585 ns, Reaching safepoint: 101718 ns, At safepoint: 5520 ns, Total: 107238 ns
[2021-08-17T06:09:05.676+0000][6][safepoint    ] Safepoint "Cleanup", Time since last: 1000279255 ns, Reaching safepoint: 120735 ns, At safepoint: 7540 ns, Total: 128275 ns
[2021-08-17T06:09:06.677+0000][6][safepoint    ] Safepoint "Cleanup", Time since last: 1001290476 ns, Reaching safepoint: 107951 ns, At safepoint: 8814 ns, Total: 116765 ns
[2021-08-17T06:09:07.681+0000][6][safepoint    ] Safepoint "Cleanup", Time since last: 1003877713 ns, Reaching safepoint: 145678 ns, At safepoint: 6494 ns, Total: 152172 ns
[2021-08-17T06:09:08.682+0000][6][safepoint    ] Safepoint "Cleanup", Time since last: 1000340333 ns, Reaching safepoint: 192452 ns, At safepoint: 7476 ns, Total: 199928 ns
[2021-08-17T06:09:09.682+0000][6][safepoint    ] Safepoint "Cleanup", Time since last: 1000367518 ns, Reaching safepoint: 210107 ns, At safepoint: 4938 ns, Total: 215045 ns
[2021-08-17T06:09:10.686+0000][6][safepoint    ] Safepoint "Cleanup", Time since last: 1003737762 ns, Reaching safepoint: 99343 ns, At safepoint: 4158 ns, Total: 103501 ns
[2021-08-17T06:09:11.373+0000][6][safepoint    ] Safepoint "BulkRevokeBias", Time since last: 686527538 ns, Reaching safepoint: 129653 ns, At safepoint: 216216 ns, Total: 345869 ns
[2021-08-17T06:09:12.414+0000][6][safepoint    ] Safepoint "Cleanup", Time since last: 1040621612 ns, Reaching safepoint: 364731 ns, At safepoint: 12742 ns, Total: 377473 ns
[2021-08-17T06:09:13.749+0000][6][safepoint    ] Safepoint "Cleanup", Time since last: 1334287275 ns, Reaching safepoint: 158131 ns, At safepoint: 5543 ns, Total: 163674 ns
[2021-08-17T06:09:14.752+0000][6][safepoint    ] Safepoint "Cleanup", Time since last: 1002963772 ns, Reaching safepoint: 158347 ns, At safepoint: 4878 ns, Total: 163225 ns
[2021-08-17T06:09:15.755+0000][6][safepoint    ] Safepoint "Cleanup", Time since last: 1002767713 ns, Reaching safepoint: 133220 ns, At safepoint: 4423 ns, Total: 137643 ns
[2021-08-17T06:09:16.758+0000][6][safepoint    ] Safepoint "Cleanup", Time since last: 1003703505 ns, Reaching safepoint: 135117 ns, At safepoint: 5147 ns, Total: 140264 ns
[2021-08-17T06:09:17.761+0000][6][safepoint    ] Safepoint "Cleanup", Time since last: 1002645449 ns, Reaching safepoint: 146171 ns, At safepoint: 5190 ns, Total: 151361 ns
[2021-08-17T06:09:18.763+0000][6][safepoint    ] Safepoint "Cleanup", Time since last: 1001256253 ns, Reaching safepoint: 212604 ns, At safepoint: 7870 ns, Total: 220474 ns
[2021-08-17T06:09:19.764+0000][6][safepoint    ] Safepoint "Cleanup", Time since last: 1001529047 ns, Reaching safepoint: 165842 ns, At safepoint: 5118 ns, Total: 170960 ns
[2021-08-17T06:09:20.767+0000][6][safepoint    ] Safepoint "Cleanup", Time since last: 1001974348 ns, Reaching safepoint: 238280 ns, At safepoint: 6167 ns, Total: 244447 ns
[2021-08-17T06:09:21.768+0000][6][safepoint    ] Safepoint "Cleanup", Time since last: 1001116145 ns, Reaching safepoint: 151125 ns, At safepoint: 6206 ns, Total: 157331 ns
[2021-08-17T06:09:22.769+0000][6][safepoint    ] Safepoint "Cleanup", Time since last: 1001160386 ns, Reaching safepoint: 116307 ns, At safepoint: 5040 ns, Total: 121347 ns
[2021-08-17T06:09:23.773+0000][6][safepoint    ] Safepoint "Cleanup", Time since last: 1003656902 ns, Reaching safepoint: 143730 ns, At safepoint: 6017 ns, Total: 149747 ns
[2021-08-17T06:09:24.776+0000][6][safepoint    ] Safepoint "Cleanup", Time since last: 1003191153 ns, Reaching safepoint: 187006 ns, At safepoint: 7202 ns, Total: 194208 ns
[2021-08-17T06:09:25.777+0000][6][safepoint    ] Safepoint "Cleanup", Time since last: 1000366700 ns, Reaching safepoint: 147162 ns, At safepoint: 5291 ns, Total: 152453 ns
[2021-08-17T06:09:26.778+0000][6][safepoint    ] Safepoint "Cleanup", Time since last: 1000472047 ns, Reaching safepoint: 150401 ns, At safepoint: 5796 ns, Total: 156197 ns
[2021-08-17T06:09:27.782+0000][6][safepoint    ] Safepoint "Cleanup", Time since last: 1004168431 ns, Reaching safepoint: 146126 ns, At safepoint: 7890 ns, Total: 154016 ns
[2021-08-17T06:09:28.784+0000][6][safepoint    ] Safepoint "Cleanup", Time since last: 1001898940 ns, Reaching safepoint: 138186 ns, At safepoint: 8066 ns, Total: 146252 ns
[2021-08-17T06:09:29.786+0000][6][safepoint    ] Safepoint "Cleanup", Time since last: 1002128115 ns, Reaching safepoint: 160720 ns, At safepoint: 4894 ns, Total: 165614 ns
[2021-08-17T06:09:30.788+0000][6][safepoint    ] Safepoint "Cleanup", Time since last: 1001881724 ns, Reaching safepoint: 133018 ns, At safepoint: 7359 ns, Total: 140377 ns
[2021-08-17T06:09:31.790+0000][6][safepoint    ] Safepoint "Cleanup", Time since last: 1001762129 ns, Reaching safepoint: 155098 ns, At safepoint: 6400 ns, Total: 161498 ns
[2021-08-17T06:09:32.791+0000][6][safepoint    ] Safepoint "Cleanup", Time since last: 1001164646 ns, Reaching safepoint: 103549 ns, At safepoint: 4507 ns, Total: 108056 ns
[2021-08-17T06:09:33.793+0000][6][safepoint    ] Safepoint "Cleanup", Time since last: 1001461181 ns, Reaching safepoint: 132010 ns, At safepoint: 7688 ns, Total: 139698 ns
[2021-08-17T06:09:34.807+0000][6][safepoint    ] Safepoint "Cleanup", Time since last: 1014065451 ns, Reaching safepoint: 109450 ns, At safepoint: 4478 ns, Total: 113928 ns
[2021-08-17T06:09:35.810+0000][6][safepoint    ] Safepoint "Cleanup", Time since last: 1002352066 ns, Reaching safepoint: 242068 ns, At safepoint: 6270 ns, Total: 248338 ns
[2021-08-17T06:09:36.813+0000][6][safepoint    ] Safepoint "Cleanup", Time since last: 1003145967 ns, Reaching safepoint: 114357 ns, At safepoint: 4347 ns, Total: 118704 ns
[2021-08-17T06:09:37.815+0000][6][safepoint    ] Safepoint "Cleanup", Time since last: 1001280236 ns, Reaching safepoint: 472701 ns, At safepoint: 9524 ns, Total: 482225 ns
[2021-08-17T06:09:38.817+0000][6][safepoint    ] Safepoint "Cleanup", Time since last: 1001871612 ns, Reaching safepoint: 245604 ns, At safepoint: 5797 ns, Total: 251401 ns
[2021-08-17T06:09:39.819+0000][6][safepoint    ] Safepoint "Cleanup", Time since last: 1001715497 ns, Reaching safepoint: 145657 ns, At safepoint: 33969 ns, Total: 179626 ns
[2021-08-17T06:09:40.820+0000][6][safepoint    ] Safepoint "Cleanup", Time since last: 1001440208 ns, Reaching safepoint: 137580 ns, At safepoint: 7309 ns, Total: 144889 ns
[2021-08-17T06:09:41.823+0000][6][safepoint    ] Safepoint "Cleanup", Time since last: 1001773484 ns, Reaching safepoint: 218079 ns, At safepoint: 43039 ns, Total: 261118 ns
[2021-08-17T06:09:42.825+0000][6][safepoint    ] Safepoint "Cleanup", Time since last: 1002311028 ns, Reaching safepoint: 231756 ns, At safepoint: 8576 ns, Total: 240332 ns
[2021-08-17T06:09:43.830+0000][6][safepoint    ] Safepoint "Cleanup", Time since last: 1002048185 ns, Reaching safepoint: 3173504 ns, At safepoint: 31923 ns, Total: 3205427 ns
[2021-08-17T06:09:44.834+0000][6][safepoint    ] Safepoint "Cleanup", Time since last: 1002811473 ns, Reaching safepoint: 406283 ns, At safepoint: 9700 ns, Total: 415983 ns
[2021-08-17T06:09:45.834+0000][6][safepoint    ] Safepoint "Cleanup", Time since last: 1000257318 ns, Reaching safepoint: 195908 ns, At safepoint: 7234 ns, Total: 203142 ns
[2021-08-17T06:09:46.835+0000][6][safepoint    ] Safepoint "Cleanup", Time since last: 1000568623 ns, Reaching safepoint: 307822 ns, At safepoint: 18939 ns, Total: 326761 ns
[2021-08-17T06:09:47.837+0000][6][safepoint    ] Safepoint "Cleanup", Time since last: 1001947835 ns, Reaching safepoint: 292371 ns, At safepoint: 5950 ns, Total: 298321 ns
[2021-08-17T06:09:48.839+0000][6][safepoint    ] Safepoint "Cleanup", Time since last: 1001437316 ns, Reaching safepoint: 148384 ns, At safepoint: 14956 ns, Total: 163340 ns
[2021-08-17T06:09:49.840+0000][6][safepoint    ] Safepoint "Cleanup", Time since last: 1000812019 ns, Reaching safepoint: 129058 ns, At safepoint: 8409 ns, Total: 137467 ns
[2021-08-17T06:09:50.840+0000][6][safepoint    ] Safepoint "Cleanup", Time since last: 1000453395 ns, Reaching safepoint: 159995 ns, At safepoint: 8469 ns, Total: 168464 ns
[2021-08-17T06:09:51.846+0000][6][safepoint    ] Safepoint "Cleanup", Time since last: 1002061766 ns, Reaching safepoint: 3164164 ns, At safepoint: 7657 ns, Total: 3171821 ns
[2021-08-17T06:09:52.847+0000][6][safepoint    ] Safepoint "Cleanup", Time since last: 1001370931 ns, Reaching safepoint: 244177 ns, At safepoint: 24650 ns, Total: 268827 ns
[2021-08-17T06:09:53.849+0000][6][safepoint    ] Safepoint "Cleanup", Time since last: 1001746448 ns, Reaching safepoint: 117608 ns, At safepoint: 8826 ns, Total: 126434 ns
[2021-08-17T06:09:54.852+0000][6][safepoint    ] Safepoint "Cleanup", Time since last: 1002756816 ns, Reaching safepoint: 183703 ns, At safepoint: 14752 ns, Total: 198455 ns
[2021-08-17T06:09:55.853+0000][6][safepoint    ] Safepoint "Cleanup", Time since last: 1000299919 ns, Reaching safepoint: 220288 ns, At safepoint: 8653 ns, Total: 228941 ns
[2021-08-17T06:09:56.857+0000][6][safepoint    ] Safepoint "Cleanup", Time since last: 1003999256 ns, Reaching safepoint: 170160 ns, At safepoint: 7017 ns, Total: 177177 ns
[2021-08-17T06:09:57.859+0000][6][safepoint    ] Safepoint "Cleanup", Time since last: 1001751846 ns, Reaching safepoint: 116462 ns, At safepoint: 8377 ns, Total: 124839 ns
[2021-08-17T06:09:58.860+0000][6][safepoint    ] Safepoint "Cleanup", Time since last: 1000788957 ns, Reaching safepoint: 240543 ns, At safepoint: 6089 ns, Total: 246632 ns
[2021-08-17T06:09:59.861+0000][6][safepoint    ] Safepoint "Cleanup", Time since last: 1001666656 ns, Reaching safepoint: 171184 ns, At safepoint: 7253 ns, Total: 178437 ns
[2021-08-17T06:10:00.865+0000][6][safepoint    ] Safepoint "Cleanup", Time since last: 1002982312 ns, Reaching safepoint: 291848 ns, At safepoint: 52401 ns, Total: 344249 ns
[2021-08-17T06:10:01.868+0000][6][safepoint    ] Safepoint "Cleanup", Time since last: 1002926359 ns, Reaching safepoint: 242760 ns, At safepoint: 6140 ns, Total: 248900 ns
[2021-08-17T06:10:02.872+0000][6][safepoint    ] Safepoint "Cleanup", Time since last: 1003515708 ns, Reaching safepoint: 405772 ns, At safepoint: 9580 ns, Total: 415352 ns
[2021-08-17T06:10:03.875+0000][6][safepoint    ] Safepoint "Cleanup", Time since last: 1003393747 ns, Reaching safepoint: 134752 ns, At safepoint: 10227 ns, Total: 144979 ns
[2021-08-17T06:10:04.877+0000][6][safepoint    ] Safepoint "Cleanup", Time since last: 1000902569 ns, Reaching safepoint: 161008 ns, At safepoint: 8967 ns, Total: 169975 ns
[2021-08-17T06:10:05.877+0000][6][safepoint    ] Safepoint "Cleanup", Time since last: 1000228444 ns, Reaching safepoint: 147897 ns, At safepoint: 4693 ns, Total: 152590 ns
[2021-08-17T06:10:06.879+0000][6][safepoint    ] Safepoint "Cleanup", Time since last: 1002337825 ns, Reaching safepoint: 165348 ns, At safepoint: 9231 ns, Total: 174579 ns
[2021-08-17T06:10:07.881+0000][6][safepoint    ] Safepoint "Cleanup", Time since last: 1001473866 ns, Reaching safepoint: 159464 ns, At safepoint: 10043 ns, Total: 169507 ns
[2021-08-17T06:10:08.883+0000][6][safepoint    ] Safepoint "Cleanup", Time since last: 1001726106 ns, Reaching safepoint: 569854 ns, At safepoint: 13528 ns, Total: 583382 ns
[2021-08-17T06:10:09.884+0000][6][safepoint    ] Safepoint "Cleanup", Time since last: 1000177240 ns, Reaching safepoint: 300704 ns, At safepoint: 7700 ns, Total: 308404 ns
[2021-08-17T06:10:10.887+0000][6][safepoint    ] Safepoint "Cleanup", Time since last: 1003176246 ns, Reaching safepoint: 141773 ns, At safepoint: 9369 ns, Total: 151142 ns
[2021-08-17T06:10:12.517+0000][6][safepoint    ] Safepoint "Cleanup", Time since last: 1629672269 ns, Reaching safepoint: 214008 ns, At safepoint: 8149 ns, Total: 222157 ns
[2021-08-17T06:10:12.905+0000][6][safepoint    ] Safepoint "BulkRevokeBias", Time since last: 387275125 ns, Reaching safepoint: 116576 ns, At safepoint: 354602 ns, Total: 471178 ns
[2021-08-17T06:10:13.907+0000][6][safepoint    ] Safepoint "Cleanup", Time since last: 1001513332 ns, Reaching safepoint: 196415 ns, At safepoint: 7485 ns, Total: 203900 ns
[2021-08-17T06:10:14.907+0000][6][safepoint    ] Safepoint "Cleanup", Time since last: 1000217996 ns, Reaching safepoint: 115953 ns, At safepoint: 5321 ns, Total: 121274 ns
[2021-08-17T06:10:15.909+0000][6][safepoint    ] Safepoint "Cleanup", Time since last: 1002119943 ns, Reaching safepoint: 101097 ns, At safepoint: 4619 ns, Total: 105716 ns
[2021-08-17T06:10:16.910+0000][6][safepoint    ] Safepoint "Cleanup", Time since last: 1000501378 ns, Reaching safepoint: 163003 ns, At safepoint: 7033 ns, Total: 170036 ns
[2021-08-17T06:10:17.910+0000][6][safepoint    ] Safepoint "Cleanup", Time since last: 1000376317 ns, Reaching safepoint: 206220 ns, At safepoint: 8085 ns, Total: 214305 ns
[2021-08-17T06:10:18.914+0000][6][safepoint    ] Safepoint "Cleanup", Time since last: 1003203259 ns, Reaching safepoint: 92885 ns, At safepoint: 4583 ns, Total: 97468 ns
[2021-08-17T06:10:19.916+0000][6][safepoint    ] Safepoint "Cleanup", Time since last: 1002402312 ns, Reaching safepoint: 214642 ns, At safepoint: 7455 ns, Total: 222097 ns
[2021-08-17T06:10:20.920+0000][6][safepoint    ] Safepoint "Cleanup", Time since last: 1003606139 ns, Reaching safepoint: 203955 ns, At safepoint: 7509 ns, Total: 211464 ns
[2021-08-17T06:10:21.924+0000][6][safepoint    ] Safepoint "Cleanup", Time since last: 1003322823 ns, Reaching safepoint: 201811 ns, At safepoint: 8378 ns, Total: 210189 ns
[2021-08-17T06:10:22.925+0000][6][safepoint    ] Safepoint "Cleanup", Time since last: 1001539451 ns, Reaching safepoint: 212073 ns, At safepoint: 9084 ns, Total: 221157 ns
[2021-08-17T06:10:23.929+0000][6][safepoint    ] Safepoint "Cleanup", Time since last: 1003003457 ns, Reaching safepoint: 239327 ns, At safepoint: 9883 ns, Total: 249210 ns
[2021-08-17T06:10:24.931+0000][6][safepoint    ] Safepoint "Cleanup", Time since last: 1002528717 ns, Reaching safepoint: 202622 ns, At safepoint: 7586 ns, Total: 210208 ns
[2021-08-17T06:10:25.935+0000][6][safepoint    ] Safepoint "Cleanup", Time since last: 1003453261 ns, Reaching safepoint: 152574 ns, At safepoint: 7773 ns, Total: 160347 ns
[2021-08-17T06:10:26.938+0000][6][safepoint    ] Safepoint "Cleanup", Time since last: 1002657320 ns, Reaching safepoint: 262611 ns, At safepoint: 6726 ns, Total: 269337 ns
[2021-08-17T06:10:27.941+0000][6][safepoint    ] Safepoint "Cleanup", Time since last: 1003283101 ns, Reaching safepoint: 172356 ns, At safepoint: 4915 ns, Total: 177271 ns
[2021-08-17T06:10:28.943+0000][6][safepoint    ] Safepoint "Cleanup", Time since last: 1000852067 ns, Reaching safepoint: 259335 ns, At safepoint: 11905 ns, Total: 271240 ns
[2021-08-17T06:10:29.944+0000][6][safepoint    ] Safepoint "Cleanup", Time since last: 1001248483 ns, Reaching safepoint: 208601 ns, At safepoint: 7877 ns, Total: 216478 ns
[2021-08-17T06:10:30.945+0000][6][safepoint    ] Safepoint "Cleanup", Time since last: 1000916941 ns, Reaching safepoint: 245341 ns, At safepoint: 11442 ns, Total: 256783 ns
[2021-08-17T06:10:31.950+0000][6][safepoint    ] Safepoint "Cleanup", Time since last: 1004643127 ns, Reaching safepoint: 155743 ns, At safepoint: 7076 ns, Total: 162819 ns
[2021-08-17T06:10:32.954+0000][6][safepoint    ] Safepoint "Cleanup", Time since last: 1003938142 ns, Reaching safepoint: 176620 ns, At safepoint: 7306 ns, Total: 183926 ns
[2021-08-17T06:10:33.956+0000][6][safepoint    ] Safepoint "Cleanup", Time since last: 1001513262 ns, Reaching safepoint: 302737 ns, At safepoint: 8159 ns, Total: 310896 ns
[2021-08-17T06:10:34.958+0000][6][safepoint    ] Safepoint "Cleanup", Time since last: 1002233004 ns, Reaching safepoint: 131006 ns, At safepoint: 4693 ns, Total: 135699 ns
[2021-08-17T06:10:35.962+0000][6][safepoint    ] Safepoint "Cleanup", Time since last: 1003615721 ns, Reaching safepoint: 235351 ns, At safepoint: 9534 ns, Total: 244885 ns
[2021-08-17T06:10:36.964+0000][6][safepoint    ] Safepoint "Cleanup", Time since last: 1001987218 ns, Reaching safepoint: 216574 ns, At safepoint: 4628 ns, Total: 221202 ns
[2021-08-17T06:10:37.967+0000][6][safepoint    ] Safepoint "Cleanup", Time since last: 1002938906 ns, Reaching safepoint: 197990 ns, At safepoint: 7449 ns, Total: 205439 ns
[2021-08-17T06:10:38.969+0000][6][safepoint    ] Safepoint "Cleanup", Time since last: 1001791761 ns, Reaching safepoint: 195770 ns, At safepoint: 7803 ns, Total: 203573 ns
[2021-08-17T06:10:39.971+0000][6][safepoint    ] Safepoint "Cleanup", Time since last: 1001421342 ns, Reaching safepoint: 150236 ns, At safepoint: 5461 ns, Total: 155697 ns
[2021-08-17T06:10:40.975+0000][6][safepoint    ] Safepoint "Cleanup", Time since last: 1003238930 ns, Reaching safepoint: 195816 ns, At safepoint: 7259 ns, Total: 203075 ns
[2021-08-17T06:10:41.978+0000][6][safepoint    ] Safepoint "Cleanup", Time since last: 1003559536 ns, Reaching safepoint: 135788 ns, At safepoint: 4637 ns, Total: 140425 ns
[2021-08-17T06:10:42.981+0000][6][safepoint    ] Safepoint "Cleanup", Time since last: 1002918659 ns, Reaching safepoint: 231477 ns, At safepoint: 8739 ns, Total: 240216 ns
[2021-08-17T06:10:43.985+0000][6][safepoint    ] Safepoint "Cleanup", Time since last: 1003462994 ns, Reaching safepoint: 135991 ns, At safepoint: 4822 ns, Total: 140813 ns
[2021-08-17T06:10:44.989+0000][6][safepoint    ] Safepoint "Cleanup", Time since last: 1003519419 ns, Reaching safepoint: 151826 ns, At safepoint: 4617 ns, Total: 156443 ns
[2021-08-17T06:10:45.990+0000][6][safepoint    ] Safepoint "Cleanup", Time since last: 1000696019 ns, Reaching safepoint: 175122 ns, At safepoint: 4730 ns, Total: 179852 ns
[2021-08-17T06:10:46.992+0000][6][safepoint    ] Safepoint "Cleanup", Time since last: 1002476238 ns, Reaching safepoint: 148353 ns, At safepoint: 4493 ns, Total: 152846 ns
[2021-08-17T06:10:47.994+0000][6][safepoint    ] Safepoint "Cleanup", Time since last: 1001457678 ns, Reaching safepoint: 195204 ns, At safepoint: 7399 ns, Total: 202603 ns
[2021-08-17T06:10:48.995+0000][6][safepoint    ] Safepoint "Cleanup", Time since last: 1000969937 ns, Reaching safepoint: 134698 ns, At safepoint: 5009 ns, Total: 139707 ns
[2021-08-17T06:10:49.996+0000][6][safepoint    ] Safepoint "Cleanup", Time since last: 1000871660 ns, Reaching safepoint: 215677 ns, At safepoint: 7302 ns, Total: 222979 ns
[2021-08-17T06:10:50.999+0000][6][safepoint    ] Safepoint "Cleanup", Time since last: 1002302811 ns, Reaching safepoint: 203210 ns, At safepoint: 7511 ns, Total: 210721 ns
[2021-08-17T06:10:52.000+0000][6][safepoint    ] Safepoint "Cleanup", Time since last: 1001639783 ns, Reaching safepoint: 202673 ns, At safepoint: 7345 ns, Total: 210018 ns
[2021-08-17T06:10:53.003+0000][6][safepoint    ] Safepoint "Cleanup", Time since last: 1002625817 ns, Reaching safepoint: 198359 ns, At safepoint: 8475 ns, Total: 206834 ns
[2021-08-17T06:10:54.005+0000][6][safepoint    ] Safepoint "Cleanup", Time since last: 1001617014 ns, Reaching safepoint: 206672 ns, At safepoint: 7828 ns, Total: 214500 ns
[2021-08-17T06:10:55.007+0000][6][safepoint    ] Safepoint "Cleanup", Time since last: 1001521626 ns, Reaching safepoint: 194560 ns, At safepoint: 7591 ns, Total: 202151 ns
[2021-08-17T06:10:56.009+0000][6][safepoint    ] Safepoint "Cleanup", Time since last: 1001833412 ns, Reaching safepoint: 238017 ns, At safepoint: 11094 ns, Total: 249111 ns
[2021-08-17T06:10:57.011+0000][6][safepoint    ] Safepoint "Cleanup", Time since last: 1001539338 ns, Reaching safepoint: 197402 ns, At safepoint: 7773 ns, Total: 205175 ns
[2021-08-17T06:10:58.012+0000][6][safepoint    ] Safepoint "Cleanup", Time since last: 1001024632 ns, Reaching safepoint: 191518 ns, At safepoint: 7165 ns, Total: 198683 ns
[2021-08-17T06:10:59.014+0000][6][safepoint    ] Safepoint "Cleanup", Time since last: 1002435806 ns, Reaching safepoint: 160842 ns, At safepoint: 8335 ns, Total: 169177 ns
[2021-08-17T06:11:00.016+0000][6][safepoint    ] Safepoint "Cleanup", Time since last: 1001333329 ns, Reaching safepoint: 213377 ns, At safepoint: 42411 ns, Total: 255788 ns
[2021-08-17T06:11:01.017+0000][6][safepoint    ] Safepoint "Cleanup", Time since last: 1000289376 ns, Reaching safepoint: 213754 ns, At safepoint: 9666 ns, Total: 223420 ns
[2021-08-17T06:11:02.019+0000][6][safepoint    ] Safepoint "Cleanup", Time since last: 1001862692 ns, Reaching safepoint: 223989 ns, At safepoint: 8818 ns, Total: 232807 ns
[2021-08-17T06:11:03.022+0000][6][safepoint    ] Safepoint "Cleanup", Time since last: 1003283397 ns, Reaching safepoint: 201874 ns, At safepoint: 9665 ns, Total: 211539 ns
[2021-08-17T06:11:04.024+0000][6][safepoint    ] Safepoint "Cleanup", Time since last: 1002158342 ns, Reaching safepoint: 197652 ns, At safepoint: 7993 ns, Total: 205645 ns
[2021-08-17T06:11:05.028+0000][6][safepoint    ] Safepoint "Cleanup", Time since last: 1003034207 ns, Reaching safepoint: 217322 ns, At safepoint: 7355 ns, Total: 224677 ns
[2021-08-17T06:11:06.029+0000][6][safepoint    ] Safepoint "Cleanup", Time since last: 1000467337 ns, Reaching safepoint: 284599 ns, At safepoint: 14901 ns, Total: 299500 ns
[2021-08-17T06:11:07.030+0000][6][safepoint    ] Safepoint "Cleanup", Time since last: 1001130203 ns, Reaching safepoint: 236646 ns, At safepoint: 7533 ns, Total: 244179 ns
[2021-08-17T06:11:08.034+0000][6][safepoint    ] Safepoint "Cleanup", Time since last: 1003899531 ns, Reaching safepoint: 233412 ns, At safepoint: 7949 ns, Total: 241361 ns
[2021-08-17T06:11:09.037+0000][6][safepoint    ] Safepoint "Cleanup", Time since last: 1002935502 ns, Reaching safepoint: 224494 ns, At safepoint: 15817 ns, Total: 240311 ns
[2021-08-17T06:11:10.041+0000][6][safepoint    ] Safepoint "Cleanup", Time since last: 1003954830 ns, Reaching safepoint: 254494 ns, At safepoint: 8059 ns, Total: 262553 ns
[2021-08-17T06:11:11.044+0000][6][safepoint    ] Safepoint "Cleanup", Time since last: 1002246521 ns, Reaching safepoint: 221798 ns, At safepoint: 9593 ns, Total: 231391 ns
[2021-08-17T06:11:12.597+0000][6][safepoint    ] Safepoint "Cleanup", Time since last: 1552780425 ns, Reaching safepoint: 512672 ns, At safepoint: 7773 ns, Total: 520445 ns
[2021-08-17T06:11:13.067+0000][6][safepoint    ] Safepoint "BulkRevokeBias", Time since last: 468819021 ns, Reaching safepoint: 179428 ns, At safepoint: 358652 ns, Total: 538080 ns
[2021-08-17T06:11:14.067+0000][6][safepoint    ] Safepoint "Cleanup", Time since last: 1000629960 ns, Reaching safepoint: 155923 ns, At safepoint: 7308 ns, Total: 163231 ns
[2021-08-17T06:11:15.069+0000][6][safepoint    ] Safepoint "Cleanup", Time since last: 1000963278 ns, Reaching safepoint: 256227 ns, At safepoint: 10154 ns, Total: 266381 ns
[2021-08-17T06:11:16.069+0000][6][safepoint    ] Safepoint "Cleanup", Time since last: 1000293401 ns, Reaching safepoint: 207902 ns, At safepoint: 7757 ns, Total: 215659 ns
[2021-08-17T06:11:17.072+0000][6][safepoint    ] Safepoint "Cleanup", Time since last: 1002709305 ns, Reaching safepoint: 218294 ns, At safepoint: 9665 ns, Total: 227959 ns
[2021-08-17T06:11:18.074+0000][6][safepoint    ] Safepoint "Cleanup", Time since last: 1002093366 ns, Reaching safepoint: 156254 ns, At safepoint: 6552 ns, Total: 162806 ns
[2021-08-17T06:11:19.077+0000][6][safepoint    ] Safepoint "Cleanup", Time since last: 1002554263 ns, Reaching safepoint: 213734 ns, At safepoint: 9745 ns, Total: 223479 ns
[2021-08-17T06:11:20.080+0000][6][safepoint    ] Safepoint "Cleanup", Time since last: 1002608134 ns, Reaching safepoint: 304032 ns, At safepoint: 7592 ns, Total: 311624 ns
[2021-08-17T06:11:21.081+0000][6][safepoint    ] Safepoint "Cleanup", Time since last: 1000684276 ns, Reaching safepoint: 130058 ns, At safepoint: 6654 ns, Total: 136712 ns
[2021-08-17T06:11:22.082+0000][6][safepoint    ] Safepoint "Cleanup", Time since last: 1000731943 ns, Reaching safepoint: 203263 ns, At safepoint: 7619 ns, Total: 210882 ns
[2021-08-17T06:11:23.083+0000][6][safepoint    ] Safepoint "Cleanup", Time since last: 1001290476 ns, Reaching safepoint: 220074 ns, At safepoint: 9510 ns, Total: 229584 ns
[2021-08-17T06:11:24.087+0000][6][safepoint    ] Safepoint "Cleanup", Time since last: 1003492056 ns, Reaching safepoint: 212100 ns, At safepoint: 8206 ns, Total: 220306 ns
[2021-08-17T06:11:25.089+0000][6][safepoint    ] Safepoint "Cleanup", Time since last: 1001329730 ns, Reaching safepoint: 218575 ns, At safepoint: 9015 ns, Total: 227590 ns
[2021-08-17T06:11:26.090+0000][6][safepoint    ] Safepoint "Cleanup", Time since last: 1001533755 ns, Reaching safepoint: 186229 ns, At safepoint: 6888 ns, Total: 193117 ns
[2021-08-17T06:11:27.094+0000][6][safepoint    ] Safepoint "Cleanup", Time since last: 1003687400 ns, Reaching safepoint: 149884 ns, At safepoint: 5703 ns, Total: 155587 ns
[2021-08-17T06:11:28.096+0000][6][safepoint    ] Safepoint "Cleanup", Time since last: 1001430379 ns, Reaching safepoint: 346605 ns, At safepoint: 32503 ns, Total: 379108 ns
[2021-08-17T06:11:29.097+0000][6][safepoint    ] Safepoint "Cleanup", Time since last: 1000954628 ns, Reaching safepoint: 331500 ns, At safepoint: 21604 ns, Total: 353104 ns
[2021-08-17T06:11:30.100+0000][6][safepoint    ] Safepoint "Cleanup", Time since last: 1002642134 ns, Reaching safepoint: 175382 ns, At safepoint: 6290 ns, Total: 181672 ns
[2021-08-17T06:11:31.101+0000][6][safepoint    ] Safepoint "Cleanup", Time since last: 1000926726 ns, Reaching safepoint: 135490 ns, At safepoint: 5105 ns, Total: 140595 ns
[2021-08-17T06:11:32.102+0000][6][safepoint    ] Safepoint "Cleanup", Time since last: 1000951928 ns, Reaching safepoint: 342545 ns, At safepoint: 14052 ns, Total: 356597 ns
[2021-08-17T06:11:33.107+0000][6][safepoint    ] Safepoint "Cleanup", Time since last: 1003977655 ns, Reaching safepoint: 450380 ns, At safepoint: 15074 ns, Total: 465454 ns
[2021-08-17T06:11:34.110+0000][6][safepoint    ] Safepoint "Cleanup", Time since last: 1002321036 ns, Reaching safepoint: 423316 ns, At safepoint: 7586 ns, Total: 430902 ns
[2021-08-17T06:11:35.111+0000][6][safepoint    ] Safepoint "Cleanup", Time since last: 1000547411 ns, Reaching safepoint: 806895 ns, At safepoint: 19279 ns, Total: 826174 ns
[2021-08-17T06:11:36.115+0000][6][safepoint    ] Safepoint "Cleanup", Time since last: 1004069361 ns, Reaching safepoint: 278658 ns, At safepoint: 12600 ns, Total: 291258 ns
[2021-08-17T06:11:37.117+0000][6][safepoint    ] Safepoint "Cleanup", Time since last: 1001307729 ns, Reaching safepoint: 399493 ns, At safepoint: 8752 ns, Total: 408245 ns
[2021-08-17T06:11:38.118+0000][6][safepoint    ] Safepoint "Cleanup", Time since last: 1000486819 ns, Reaching safepoint: 243142 ns, At safepoint: 10972 ns, Total: 254114 ns
[2021-08-17T06:11:39.120+0000][6][safepoint    ] Safepoint "Cleanup", Time since last: 1001774226 ns, Reaching safepoint: 198550 ns, At safepoint: 7640 ns, Total: 206190 ns
[2021-08-17T06:11:40.123+0000][6][safepoint    ] Safepoint "Cleanup", Time since last: 1003220533 ns, Reaching safepoint: 211324 ns, At safepoint: 7841 ns, Total: 219165 ns
[2021-08-17T06:11:41.124+0000][6][safepoint    ] Safepoint "Cleanup", Time since last: 1000395995 ns, Reaching safepoint: 198019 ns, At safepoint: 7683 ns, Total: 205702 ns
[2021-08-17T06:11:42.127+0000][6][safepoint    ] Safepoint "Cleanup", Time since last: 1002989392 ns, Reaching safepoint: 192522 ns, At safepoint: 7743 ns, Total: 200265 ns
[2021-08-17T06:11:43.128+0000][6][safepoint    ] Safepoint "Cleanup", Time since last: 1000376776 ns, Reaching safepoint: 215917 ns, At safepoint: 8078 ns, Total: 223995 ns
[2021-08-17T06:11:44.129+0000][6][safepoint    ] Safepoint "Cleanup", Time since last: 1001175155 ns, Reaching safepoint: 206502 ns, At safepoint: 7794 ns, Total: 214296 ns
[2021-08-17T06:11:45.132+0000][6][safepoint    ] Safepoint "Cleanup", Time since last: 1003205680 ns, Reaching safepoint: 194869 ns, At safepoint: 7623 ns, Total: 202492 ns
[2021-08-17T06:11:46.135+0000][6][safepoint    ] Safepoint "Cleanup", Time since last: 1002632486 ns, Reaching safepoint: 211012 ns, At safepoint: 7713 ns, Total: 218725 ns
[2021-08-17T06:11:47.139+0000][6][safepoint    ] Safepoint "Cleanup", Time since last: 1003502456 ns, Reaching safepoint: 212522 ns, At safepoint: 9580 ns, Total: 222102 ns
[2021-08-17T06:11:48.142+0000][6][safepoint    ] Safepoint "Cleanup", Time since last: 1003009667 ns, Reaching safepoint: 202671 ns, At safepoint: 7654 ns, Total: 210325 ns
[2021-08-17T06:11:49.146+0000][6][safepoint    ] Safepoint "Cleanup", Time since last: 1003716041 ns, Reaching safepoint: 197166 ns, At safepoint: 7724 ns, Total: 204890 ns
[2021-08-17T06:11:50.147+0000][6][safepoint    ] Safepoint "Cleanup", Time since last: 1000508934 ns, Reaching safepoint: 223646 ns, At safepoint: 8863 ns, Total: 232509 ns
[2021-08-17T06:11:51.148+0000][6][safepoint    ] Safepoint "Cleanup", Time since last: 1001094214 ns, Reaching safepoint: 200647 ns, At safepoint: 8079 ns, Total: 208726 ns
[2021-08-17T06:11:52.150+0000][6][safepoint    ] Safepoint "Cleanup", Time since last: 1001624626 ns, Reaching safepoint: 231143 ns, At safepoint: 10360 ns, Total: 241503 ns
[2021-08-17T06:11:53.153+0000][6][safepoint    ] Safepoint "Cleanup", Time since last: 1002402284 ns, Reaching safepoint: 134537 ns, At safepoint: 7651 ns, Total: 142188 ns
[2021-08-17T06:11:54.154+0000][6][safepoint    ] Safepoint "Cleanup", Time since last: 1001303277 ns, Reaching safepoint: 146965 ns, At safepoint: 5290 ns, Total: 152255 ns
[2021-08-17T06:11:55.156+0000][6][safepoint    ] Safepoint "Cleanup", Time since last: 1002041825 ns, Reaching safepoint: 196163 ns, At safepoint: 6634 ns, Total: 202797 ns
[2021-08-17T06:11:56.158+0000][6][safepoint    ] Safepoint "Cleanup", Time since last: 1001232550 ns, Reaching safepoint: 197904 ns, At safepoint: 7268 ns, Total: 205172 ns
[2021-08-17T06:11:57.162+0000][6][safepoint    ] Safepoint "Cleanup", Time since last: 1003810748 ns, Reaching safepoint: 334974 ns, At safepoint: 6580 ns, Total: 341554 ns
[2021-08-17T06:11:58.165+0000][6][safepoint    ] Safepoint "Cleanup", Time since last: 1002898674 ns, Reaching safepoint: 202241 ns, At safepoint: 7224 ns, Total: 209465 ns
[2021-08-17T06:11:59.169+0000][6][safepoint    ] Safepoint "Cleanup", Time since last: 1004218243 ns, Reaching safepoint: 198142 ns, At safepoint: 9525 ns, Total: 207667 ns
[2021-08-17T06:12:00.170+0000][6][safepoint    ] Safepoint "Cleanup", Time since last: 1000667377 ns, Reaching safepoint: 203806 ns, At safepoint: 7983 ns, Total: 211789 ns
[2021-08-17T06:12:01.174+0000][6][safepoint    ] Safepoint "Cleanup", Time since last: 1003948213 ns, Reaching safepoint: 246424 ns, At safepoint: 10117 ns, Total: 256541 ns
[2021-08-17T06:12:02.176+0000][6][safepoint    ] Safepoint "Cleanup", Time since last: 1001318344 ns, Reaching safepoint: 129517 ns, At safepoint: 6367 ns, Total: 135884 ns
[2021-08-17T06:12:03.178+0000][6][safepoint    ] Safepoint "Cleanup", Time since last: 1002181485 ns, Reaching safepoint: 190328 ns, At safepoint: 7445 ns, Total: 197773 ns
[2021-08-17T06:12:04.182+0000][6][safepoint    ] Safepoint "Cleanup", Time since last: 1003183553 ns, Reaching safepoint: 196937 ns, At safepoint: 7247 ns, Total: 204184 ns
[2021-08-17T06:12:05.183+0000][6][safepoint    ] Safepoint "Cleanup", Time since last: 1001027263 ns, Reaching safepoint: 148240 ns, At safepoint: 5337 ns, Total: 153577 ns
[2021-08-17T06:12:06.186+0000][6][safepoint    ] Safepoint "Cleanup", Time since last: 1003169590 ns, Reaching safepoint: 111899 ns, At safepoint: 5206 ns, Total: 117105 ns
[2021-08-17T06:12:07.188+0000][6][safepoint    ] Safepoint "Cleanup", Time since last: 1001942835 ns, Reaching safepoint: 168188 ns, At safepoint: 6093 ns, Total: 174281 ns
[2021-08-17T06:12:08.189+0000][6][safepoint    ] Safepoint "Cleanup", Time since last: 1000905809 ns, Reaching safepoint: 207692 ns, At safepoint: 9261 ns, Total: 216953 ns
[2021-08-17T06:12:09.193+0000][6][safepoint    ] Safepoint "Cleanup", Time since last: 1003597343 ns, Reaching safepoint: 162765 ns, At safepoint: 5982 ns, Total: 168747 ns
[2021-08-17T06:12:10.196+0000][6][safepoint    ] Safepoint "Cleanup", Time since last: 1002795499 ns, Reaching safepoint: 201671 ns, At safepoint: 7422 ns, Total: 209093 ns
[2021-08-17T06:12:11.197+0000][6][safepoint    ] Safepoint "Cleanup", Time since last: 1000628240 ns, Reaching safepoint: 206550 ns, At safepoint: 8049 ns, Total: 214599 ns
[2021-08-17T06:12:11.666+0000][6][safepoint    ] Safepoint "BulkRevokeBias", Time since last: 467946475 ns, Reaching safepoint: 927233 ns, At safepoint: 238709 ns, Total: 1165942 ns
[2021-08-17T06:12:12.698+0000][6][safepoint    ] Safepoint "Cleanup", Time since last: 1031708056 ns, Reaching safepoint: 402284 ns, At safepoint: 11126 ns, Total: 413410 ns
[2021-08-17T06:12:14.229+0000][6][safepoint    ] Safepoint "Cleanup", Time since last: 1530134265 ns, Reaching safepoint: 211600 ns, At safepoint: 7389 ns, Total: 218989 ns
[2021-08-17T06:12:15.229+0000][6][safepoint    ] Safepoint "Cleanup", Time since last: 1000597567 ns, Reaching safepoint: 207844 ns, At safepoint: 9398 ns, Total: 217242 ns
[2021-08-17T06:12:16.231+0000][6][safepoint    ] Safepoint "Cleanup", Time since last: 1001447645 ns, Reaching safepoint: 170266 ns, At safepoint: 5938 ns, Total: 176204 ns
[2021-08-17T06:12:17.232+0000][6][safepoint    ] Safepoint "Cleanup", Time since last: 1000945891 ns, Reaching safepoint: 215007 ns, At safepoint: 9670 ns, Total: 224677 ns
[2021-08-17T06:12:18.236+0000][6][safepoint    ] Safepoint "Cleanup", Time since last: 1003584379 ns, Reaching safepoint: 206513 ns, At safepoint: 7888 ns, Total: 214401 ns
[2021-08-17T06:12:19.239+0000][6][safepoint    ] Safepoint "Cleanup", Time since last: 1002531158 ns, Reaching safepoint: 206885 ns, At safepoint: 9157 ns, Total: 216042 ns
[2021-08-17T06:12:20.240+0000][6][safepoint    ] Safepoint "Cleanup", Time since last: 1001317806 ns, Reaching safepoint: 325720 ns, At safepoint: 14042 ns, Total: 339762 ns
[2021-08-17T06:12:21.245+0000][6][safepoint    ] Safepoint "Cleanup", Time since last: 1004160528 ns, Reaching safepoint: 394576 ns, At safepoint: 12379 ns, Total: 406955 ns
[2021-08-17T06:12:22.248+0000][6][safepoint    ] Safepoint "Cleanup", Time since last: 1002853566 ns, Reaching safepoint: 241466 ns, At safepoint: 9505 ns, Total: 250971 ns
[2021-08-17T06:12:23.252+0000][6][safepoint    ] Safepoint "Cleanup", Time since last: 1003144216 ns, Reaching safepoint: 348252 ns, At safepoint: 16216 ns, Total: 364468 ns
[2021-08-17T06:12:24.256+0000][6][safepoint    ] Safepoint "Cleanup", Time since last: 1003742122 ns, Reaching safepoint: 153334 ns, At safepoint: 8287 ns, Total: 161621 ns
[2021-08-17T06:12:25.258+0000][6][safepoint    ] Safepoint "Cleanup", Time since last: 1001952978 ns, Reaching safepoint: 215262 ns, At safepoint: 9184 ns, Total: 224446 ns
[2021-08-17T06:12:26.259+0000][6][safepoint    ] Safepoint "Cleanup", Time since last: 1000833635 ns, Reaching safepoint: 152017 ns, At safepoint: 5722 ns, Total: 157739 ns
[2021-08-17T06:12:27.262+0000][6][safepoint    ] Safepoint "Cleanup", Time since last: 1002957350 ns, Reaching safepoint: 394597 ns, At safepoint: 14768 ns, Total: 409365 ns
[2021-08-17T06:12:28.266+0000][6][safepoint    ] Safepoint "Cleanup", Time since last: 1003271549 ns, Reaching safepoint: 229410 ns, At safepoint: 10367 ns, Total: 239777 ns
[2021-08-17T06:12:29.267+0000][6][safepoint    ] Safepoint "Cleanup", Time since last: 1000879569 ns, Reaching safepoint: 126086 ns, At safepoint: 6626 ns, Total: 132712 ns
[2021-08-17T06:12:30.268+0000][6][safepoint    ] Safepoint "Cleanup", Time since last: 1000872283 ns, Reaching safepoint: 135973 ns, At safepoint: 6925 ns, Total: 142898 ns
[2021-08-17T06:12:31.268+0000][6][safepoint    ] Safepoint "Cleanup", Time since last: 1000640112 ns, Reaching safepoint: 228765 ns, At safepoint: 8334 ns, Total: 237099 ns
[2021-08-17T06:12:32.271+0000][6][safepoint    ] Safepoint "Cleanup", Time since last: 1002715344 ns, Reaching safepoint: 193399 ns, At safepoint: 7869 ns, Total: 201268 ns
[2021-08-17T06:12:33.273+0000][6][safepoint    ] Safepoint "Cleanup", Time since last: 1001455176 ns, Reaching safepoint: 212883 ns, At safepoint: 7784 ns, Total: 220667 ns
[2021-08-17T06:12:34.277+0000][6][safepoint    ] Safepoint "Cleanup", Time since last: 1004082429 ns, Reaching safepoint: 158129 ns, At safepoint: 6294 ns, Total: 164423 ns
[2021-08-17T06:12:35.281+0000][6][safepoint    ] Safepoint "Cleanup", Time since last: 1003046419 ns, Reaching safepoint: 212906 ns, At safepoint: 7695 ns, Total: 220601 ns
[2021-08-17T06:12:36.283+0000][6][safepoint    ] Safepoint "Cleanup", Time since last: 1002672058 ns, Reaching safepoint: 154731 ns, At safepoint: 7496 ns, Total: 162227 ns
[2021-08-17T06:12:37.287+0000][6][safepoint    ] Safepoint "Cleanup", Time since last: 1003852307 ns, Reaching safepoint: 206538 ns, At safepoint: 8548 ns, Total: 215086 ns
[2021-08-17T06:12:38.288+0000][6][safepoint    ] Safepoint "Cleanup", Time since last: 1000704486 ns, Reaching safepoint: 229212 ns, At safepoint: 9221 ns, Total: 238433 ns
[2021-08-17T06:12:39.292+0000][6][safepoint    ] Safepoint "Cleanup", Time since last: 1003569656 ns, Reaching safepoint: 201931 ns, At safepoint: 7697 ns, Total: 209628 ns
[2021-08-17T06:12:40.293+0000][6][safepoint    ] Safepoint "Cleanup", Time since last: 1000526011 ns, Reaching safepoint: 288019 ns, At safepoint: 11256 ns, Total: 299275 ns
[2021-08-17T06:12:41.295+0000][6][safepoint    ] Safepoint "Cleanup", Time since last: 1001716346 ns, Reaching safepoint: 450320 ns, At safepoint: 14335 ns, Total: 464655 ns
[2021-08-17T06:12:42.299+0000][6][safepoint    ] Safepoint "Cleanup", Time since last: 1002977925 ns, Reaching safepoint: 376052 ns, At safepoint: 19514 ns, Total: 395566 ns
[2021-08-17T06:12:43.299+0000][6][safepoint    ] Safepoint "Cleanup", Time since last: 1000570694 ns, Reaching safepoint: 225401 ns, At safepoint: 7204 ns, Total: 232605 ns
[2021-08-17T06:12:44.301+0000][6][safepoint    ] Safepoint "Cleanup", Time since last: 1001388457 ns, Reaching safepoint: 211276 ns, At safepoint: 7954 ns, Total: 219230 ns
[2021-08-17T06:12:45.305+0000][6][safepoint    ] Safepoint "Cleanup", Time since last: 1004264759 ns, Reaching safepoint: 216493 ns, At safepoint: 10319 ns, Total: 226812 ns
[2021-08-17T06:12:46.310+0000][6][safepoint    ] Safepoint "Cleanup", Time since last: 1003665418 ns, Reaching safepoint: 372625 ns, At safepoint: 13334 ns, Total: 385959 ns
[2021-08-17T06:12:47.314+0000][6][safepoint    ] Safepoint "Cleanup", Time since last: 1003854573 ns, Reaching safepoint: 236528 ns, At safepoint: 7570 ns, Total: 244098 ns
[2021-08-17T06:12:48.315+0000][6][safepoint    ] Safepoint "Cleanup", Time since last: 1001009782 ns, Reaching safepoint: 325797 ns, At safepoint: 8243 ns, Total: 334040 ns
[2021-08-17T06:12:49.318+0000][6][safepoint    ] Safepoint "Cleanup", Time since last: 1002615025 ns, Reaching safepoint: 190622 ns, At safepoint: 7781 ns, Total: 198403 ns
[2021-08-17T06:12:50.321+0000][6][safepoint    ] Safepoint "Cleanup", Time since last: 1002733933 ns, Reaching safepoint: 227846 ns, At safepoint: 8866 ns, Total: 236712 ns
[2021-08-17T06:12:51.322+0000][6][safepoint    ] Safepoint "Cleanup", Time since last: 1000865607 ns, Reaching safepoint: 190944 ns, At safepoint: 7847 ns, Total: 198791 ns
[2021-08-17T06:12:52.323+0000][6][safepoint    ] Safepoint "Cleanup", Time since last: 1000499105 ns, Reaching safepoint: 211058 ns, At safepoint: 8225 ns, Total: 219283 ns
[2021-08-17T06:12:53.323+0000][6][safepoint    ] Safepoint "Cleanup", Time since last: 1000404466 ns, Reaching safepoint: 242712 ns, At safepoint: 12968 ns, Total: 255680 ns
[2021-08-17T06:12:54.325+0000][6][safepoint    ] Safepoint "Cleanup", Time since last: 1001949922 ns, Reaching safepoint: 209044 ns, At safepoint: 7528 ns, Total: 216572 ns
[2021-08-17T06:12:55.327+0000][6][safepoint    ] Safepoint "Cleanup", Time since last: 1001489985 ns, Reaching safepoint: 229345 ns, At safepoint: 12008 ns, Total: 241353 ns
[2021-08-17T06:12:56.331+0000][6][safepoint    ] Safepoint "Cleanup", Time since last: 1003889327 ns, Reaching safepoint: 184137 ns, At safepoint: 7219 ns, Total: 191356 ns
[2021-08-17T06:12:57.332+0000][6][safepoint    ] Safepoint "Cleanup", Time since last: 1000679454 ns, Reaching safepoint: 201100 ns, At safepoint: 7962 ns, Total: 209062 ns
[2021-08-17T06:12:58.335+0000][6][safepoint    ] Safepoint "Cleanup", Time since last: 1003068110 ns, Reaching safepoint: 197617 ns, At safepoint: 8003 ns, Total: 205620 ns
[2021-08-17T06:12:59.336+0000][6][safepoint    ] Safepoint "Cleanup", Time since last: 1000454452 ns, Reaching safepoint: 221396 ns, At safepoint: 9698 ns, Total: 231094 ns
[2021-08-17T06:13:00.337+0000][6][safepoint    ] Safepoint "Cleanup", Time since last: 1000814841 ns, Reaching safepoint: 191536 ns, At safepoint: 7798 ns, Total: 199334 ns
[2021-08-17T06:13:01.339+0000][6][safepoint    ] Safepoint "Cleanup", Time since last: 1001958710 ns, Reaching safepoint: 209699 ns, At safepoint: 8446 ns, Total: 218145 ns
[2021-08-17T06:13:02.343+0000][6][safepoint    ] Safepoint "Cleanup", Time since last: 1003315627 ns, Reaching safepoint: 171456 ns, At safepoint: 6948 ns, Total: 178404 ns
[2021-08-17T06:13:03.997+0000][6][safepoint    ] Safepoint "Cleanup", Time since last: 1654456522 ns, Reaching safepoint: 254544 ns, At safepoint: 16529 ns, Total: 271073 ns
[2021-08-17T06:13:05.007+0000][6][safepoint    ] Safepoint "Cleanup", Time since last: 1009427072 ns, Reaching safepoint: 219419 ns, At safepoint: 9784 ns, Total: 229203 ns
[2021-08-17T06:13:06.021+0000][6][safepoint    ] Safepoint "Cleanup", Time since last: 1013421079 ns, Reaching safepoint: 177353 ns, At safepoint: 8510 ns, Total: 185863 ns
[2021-08-17T06:13:07.023+0000][6][safepoint    ] Safepoint "Cleanup", Time since last: 1001698506 ns, Reaching safepoint: 141131 ns, At safepoint: 7223 ns, Total: 148354 ns
[2021-08-17T06:13:08.026+0000][6][safepoint    ] Safepoint "Cleanup", Time since last: 1003033287 ns, Reaching safepoint: 225996 ns, At safepoint: 9923 ns, Total: 235919 ns
[2021-08-17T06:13:09.041+0000][6][safepoint    ] Safepoint "Cleanup", Time since last: 1015258552 ns, Reaching safepoint: 155532 ns, At safepoint: 7217 ns, Total: 162749 ns
[2021-08-17T06:13:10.994+0000][6][safepoint    ] Safepoint "Cleanup", Time since last: 1952430558 ns, Reaching safepoint: 349221 ns, At safepoint: 9897 ns, Total: 359118 ns
[2021-08-17T06:13:12.428+0000][6][safepoint    ] Safepoint "Cleanup", Time since last: 1433270628 ns, Reaching safepoint: 237185 ns, At safepoint: 7681 ns, Total: 244866 ns
[2021-08-17T06:13:13.457+0000][6][safepoint    ] Safepoint "Cleanup", Time since last: 1028756431 ns, Reaching safepoint: 491011 ns, At safepoint: 10309 ns, Total: 501320 ns
[2021-08-17T06:13:14.464+0000][6][safepoint    ] Safepoint "Cleanup", Time since last: 1006968819 ns, Reaching safepoint: 221828 ns, At safepoint: 9975 ns, Total: 231803 ns
[2021-08-17T06:13:15.466+0000][6][safepoint    ] Safepoint "Cleanup", Time since last: 1001836091 ns, Reaching safepoint: 421902 ns, At safepoint: 9722 ns, Total: 431624 ns
[2021-08-17T06:13:16.857+0000][6][safepoint    ] Safepoint "Cleanup", Time since last: 1390543611 ns, Reaching safepoint: 142769 ns, At safepoint: 6775 ns, Total: 149544 ns
[2021-08-17T06:13:17.861+0000][6][safepoint    ] Safepoint "Cleanup", Time since last: 1003500403 ns, Reaching safepoint: 152881 ns, At safepoint: 5902 ns, Total: 158783 ns
[2021-08-17T06:13:18.865+0000][6][safepoint    ] Safepoint "Cleanup", Time since last: 1003824295 ns, Reaching safepoint: 120920 ns, At safepoint: 4871 ns, Total: 125791 ns
[2021-08-17T06:13:19.865+0000][6][safepoint    ] Safepoint "Cleanup", Time since last: 1000520728 ns, Reaching safepoint: 143174 ns, At safepoint: 5112 ns, Total: 148286 ns
[2021-08-17T06:13:20.866+0000][6][safepoint    ] Safepoint "Cleanup", Time since last: 1000405831 ns, Reaching safepoint: 180692 ns, At safepoint: 8186 ns, Total: 188878 ns
[2021-08-17T06:13:21.869+0000][6][safepoint    ] Safepoint "Cleanup", Time since last: 1002586239 ns, Reaching safepoint: 191853 ns, At safepoint: 7750 ns, Total: 199603 ns
[2021-08-17T06:13:22.869+0000][6][safepoint    ] Safepoint "Cleanup", Time since last: 1000497866 ns, Reaching safepoint: 243015 ns, At safepoint: 9788 ns, Total: 252803 ns
[2021-08-17T06:13:23.872+0000][6][safepoint    ] Safepoint "Cleanup", Time since last: 1002546033 ns, Reaching safepoint: 194033 ns, At safepoint: 7917 ns, Total: 201950 ns
[2021-08-17T06:13:24.875+0000][6][safepoint    ] Safepoint "Cleanup", Time since last: 1002550423 ns, Reaching safepoint: 323991 ns, At safepoint: 9003 ns, Total: 332994 ns
[2021-08-17T06:13:25.876+0000][6][safepoint    ] Safepoint "Cleanup", Time since last: 1000977215 ns, Reaching safepoint: 210643 ns, At safepoint: 8868 ns, Total: 219511 ns
[2021-08-17T06:13:26.880+0000][6][safepoint    ] Safepoint "Cleanup", Time since last: 1003830310 ns, Reaching safepoint: 218492 ns, At safepoint: 9561 ns, Total: 228053 ns
[2021-08-17T06:13:27.884+0000][6][safepoint    ] Safepoint "Cleanup", Time since last: 1003193545 ns, Reaching safepoint: 210953 ns, At safepoint: 9364 ns, Total: 220317 ns
[2021-08-17T06:13:28.886+0000][6][safepoint    ] Safepoint "Cleanup", Time since last: 1001734725 ns, Reaching safepoint: 201846 ns, At safepoint: 8299 ns, Total: 210145 ns
[2021-08-17T06:13:29.887+0000][6][safepoint    ] Safepoint "Cleanup", Time since last: 1001260873 ns, Reaching safepoint: 246228 ns, At safepoint: 9629 ns, Total: 255857 ns
[2021-08-17T06:13:30.888+0000][6][safepoint    ] Safepoint "Cleanup", Time since last: 1000314092 ns, Reaching safepoint: 193589 ns, At safepoint: 7779 ns, Total: 201368 ns
[2021-08-17T06:13:31.888+0000][6][safepoint    ] Safepoint "Cleanup", Time since last: 1000497380 ns, Reaching safepoint: 227820 ns, At safepoint: 9715 ns, Total: 237535 ns
[2021-08-17T06:13:32.890+0000][6][safepoint    ] Safepoint "Cleanup", Time since last: 1001665357 ns, Reaching safepoint: 220272 ns, At safepoint: 9711 ns, Total: 229983 ns
[2021-08-17T06:13:33.894+0000][6][safepoint    ] Safepoint "Cleanup", Time since last: 1003469007 ns, Reaching safepoint: 223704 ns, At safepoint: 9581 ns, Total: 233285 ns
[2021-08-17T06:13:34.897+0000][6][safepoint    ] Safepoint "Cleanup", Time since last: 1003223449 ns, Reaching safepoint: 173749 ns, At safepoint: 6399 ns, Total: 180148 ns
[2021-08-17T06:13:35.898+0000][6][safepoint    ] Safepoint "Cleanup", Time since last: 1000280361 ns, Reaching safepoint: 318218 ns, At safepoint: 8036 ns, Total: 326254 ns
[2021-08-17T06:13:36.898+0000][6][safepoint    ] Safepoint "Cleanup", Time since last: 1000281018 ns, Reaching safepoint: 196591 ns, At safepoint: 7737 ns, Total: 204328 ns
[2021-08-17T06:13:37.902+0000][6][safepoint    ] Safepoint "Cleanup", Time since last: 1003313193 ns, Reaching safepoint: 198533 ns, At safepoint: 7355 ns, Total: 205888 ns
[2021-08-17T06:13:38.904+0000][6][safepoint    ] Safepoint "Cleanup", Time since last: 1001798113 ns, Reaching safepoint: 199558 ns, At safepoint: 8471 ns, Total: 208029 ns
[2021-08-17T06:13:39.906+0000][6][safepoint    ] Safepoint "Cleanup", Time since last: 1001612232 ns, Reaching safepoint: 193879 ns, At safepoint: 7990 ns, Total: 201869 ns
[2021-08-17T06:13:40.909+0000][6][safepoint    ] Safepoint "Cleanup", Time since last: 1003298380 ns, Reaching safepoint: 144036 ns, At safepoint: 4830 ns, Total: 148866 ns
[2021-08-17T06:13:41.912+0000][6][safepoint    ] Safepoint "Cleanup", Time since last: 1002965001 ns, Reaching safepoint: 212610 ns, At safepoint: 9243 ns, Total: 221853 ns
[2021-08-17T06:13:42.915+0000][6][safepoint    ] Safepoint "Cleanup", Time since last: 1002012447 ns, Reaching safepoint: 233427 ns, At safepoint: 7343 ns, Total: 240770 ns
[2021-08-17T06:13:43.919+0000][6][safepoint    ] Safepoint "Cleanup", Time since last: 1003869288 ns, Reaching safepoint: 189310 ns, At safepoint: 7959 ns, Total: 197269 ns
[2021-08-17T06:13:44.920+0000][6][safepoint    ] Safepoint "Cleanup", Time since last: 1001180404 ns, Reaching safepoint: 228463 ns, At safepoint: 9290 ns, Total: 237753 ns
[2021-08-17T06:13:45.923+0000][6][safepoint    ] Safepoint "Cleanup", Time since last: 1002876690 ns, Reaching safepoint: 163968 ns, At safepoint: 6488 ns, Total: 170456 ns
[2021-08-17T06:13:46.928+0000][6][safepoint    ] Safepoint "Cleanup", Time since last: 1004084061 ns, Reaching safepoint: 199316 ns, At safepoint: 8201 ns, Total: 207517 ns
[2021-08-17T06:13:47.931+0000][6][safepoint    ] Safepoint "Cleanup", Time since last: 1003063753 ns, Reaching safepoint: 171170 ns, At safepoint: 6876 ns, Total: 178046 ns
[2021-08-17T06:13:48.932+0000][6][safepoint    ] Safepoint "Cleanup", Time since last: 1000902959 ns, Reaching safepoint: 302386 ns, At safepoint: 8941 ns, Total: 311327 ns
[2021-08-17T06:13:49.935+0000][6][safepoint    ] Safepoint "Cleanup", Time since last: 1002530380 ns, Reaching safepoint: 193533 ns, At safepoint: 7821 ns, Total: 201354 ns
[2021-08-17T06:13:50.938+0000][6][safepoint    ] Safepoint "Cleanup", Time since last: 1002773583 ns, Reaching safepoint: 227818 ns, At safepoint: 10078 ns, Total: 237896 ns
[2021-08-17T06:13:51.939+0000][6][safepoint    ] Safepoint "Cleanup", Time since last: 1001179581 ns, Reaching safepoint: 195921 ns, At safepoint: 7998 ns, Total: 203919 ns
[2021-08-17T06:13:52.940+0000][6][safepoint    ] Safepoint "Cleanup", Time since last: 1000258147 ns, Reaching safepoint: 222576 ns, At safepoint: 9454 ns, Total: 232030 ns
[2021-08-17T06:13:53.943+0000][6][safepoint    ] Safepoint "Cleanup", Time since last: 1003268906 ns, Reaching safepoint: 195395 ns, At safepoint: 7490 ns, Total: 202885 ns
[2021-08-17T06:13:54.946+0000][6][safepoint    ] Safepoint "Cleanup", Time since last: 1002469475 ns, Reaching safepoint: 223563 ns, At safepoint: 8262 ns, Total: 231825 ns
[2021-08-17T06:13:55.950+0000][6][safepoint    ] Safepoint "Cleanup", Time since last: 1003994253 ns, Reaching safepoint: 199769 ns, At safepoint: 8178 ns, Total: 207947 ns
[2021-08-17T06:13:56.951+0000][6][safepoint    ] Safepoint "Cleanup", Time since last: 1000851357 ns, Reaching safepoint: 187323 ns, At safepoint: 6864 ns, Total: 194187 ns
[2021-08-17T06:13:57.955+0000][6][safepoint    ] Safepoint "Cleanup", Time since last: 1003757828 ns, Reaching safepoint: 227006 ns, At safepoint: 10244 ns, Total: 237250 ns
[2021-08-17T06:13:58.958+0000][6][safepoint    ] Safepoint "Cleanup", Time since last: 1003055193 ns, Reaching safepoint: 215790 ns, At safepoint: 9474 ns, Total: 225264 ns
[2021-08-17T06:13:59.962+0000][6][safepoint    ] Safepoint "Cleanup", Time since last: 1003468215 ns, Reaching safepoint: 200005 ns, At safepoint: 7923 ns, Total: 207928 ns
[2021-08-17T06:14:00.965+0000][6][safepoint    ] Safepoint "Cleanup", Time since last: 1002972591 ns, Reaching safepoint: 420056 ns, At safepoint: 12418 ns, Total: 432474 ns
[2021-08-17T06:14:01.967+0000][6][safepoint    ] Safepoint "Cleanup", Time since last: 1001070394 ns, Reaching safepoint: 254005 ns, At safepoint: 11491 ns, Total: 265496 ns
[2021-08-17T06:14:02.969+0000][6][safepoint    ] Safepoint "Cleanup", Time since last: 1002135058 ns, Reaching safepoint: 198281 ns, At safepoint: 7378 ns, Total: 205659 ns
[2021-08-17T06:14:03.973+0000][6][safepoint    ] Safepoint "Cleanup", Time since last: 1004110954 ns, Reaching safepoint: 195560 ns, At safepoint: 7590 ns, Total: 203150 ns
[2021-08-17T06:14:04.976+0000][6][safepoint    ] Safepoint "Cleanup", Time since last: 1002001354 ns, Reaching safepoint: 227835 ns, At safepoint: 9301 ns, Total: 237136 ns
[2021-08-17T06:14:05.978+0000][6][safepoint    ] Safepoint "Cleanup", Time since last: 1001629605 ns, Reaching safepoint: 458354 ns, At safepoint: 11016 ns, Total: 469370 ns
[2021-08-17T06:14:06.981+0000][6][safepoint    ] Safepoint "Cleanup", Time since last: 1003192618 ns, Reaching safepoint: 207855 ns, At safepoint: 8204 ns, Total: 216059 ns
[2021-08-17T06:14:07.984+0000][6][safepoint    ] Safepoint "Cleanup", Time since last: 1003013428 ns, Reaching safepoint: 196047 ns, At safepoint: 7718 ns, Total: 203765 ns
[2021-08-17T06:14:08.987+0000][6][safepoint    ] Safepoint "Cleanup", Time since last: 1002658873 ns, Reaching safepoint: 186340 ns, At safepoint: 7170 ns, Total: 193510 ns
[2021-08-17T06:14:09.991+0000][6][safepoint    ] Safepoint "Cleanup", Time since last: 1003213895 ns, Reaching safepoint: 227250 ns, At safepoint: 9922 ns, Total: 237172 ns
[2021-08-17T06:14:10.992+0000][6][safepoint    ] Safepoint "Cleanup", Time since last: 1001178180 ns, Reaching safepoint: 134272 ns, At safepoint: 6854 ns, Total: 141126 ns
[2021-08-17T06:14:12.633+0000][6][safepoint    ] Safepoint "Cleanup", Time since last: 1640963950 ns, Reaching safepoint: 231964 ns, At safepoint: 8302 ns, Total: 240266 ns
[2021-08-17T06:14:13.641+0000][6][safepoint    ] Safepoint "Cleanup", Time since last: 1007620005 ns, Reaching safepoint: 230672 ns, At safepoint: 9611 ns, Total: 240283 ns
[2021-08-17T06:14:14.644+0000][6][safepoint    ] Safepoint "Cleanup", Time since last: 1002775981 ns, Reaching safepoint: 320315 ns, At safepoint: 13525 ns, Total: 333840 ns
[2021-08-17T06:14:15.648+0000][6][safepoint    ] Safepoint "Cleanup", Time since last: 1003944953 ns, Reaching safepoint: 201270 ns, At safepoint: 7664 ns, Total: 208934 ns
[2021-08-17T06:14:16.652+0000][6][safepoint    ] Safepoint "Cleanup", Time since last: 1003461337 ns, Reaching safepoint: 150078 ns, At safepoint: 5663 ns, Total: 155741 ns
[2021-08-17T06:14:17.653+0000][6][safepoint    ] Safepoint "Cleanup", Time since last: 1000755519 ns, Reaching safepoint: 380602 ns, At safepoint: 7621 ns, Total: 388223 ns
[2021-08-17T06:14:18.654+0000][6][safepoint    ] Safepoint "Cleanup", Time since last: 1000421624 ns, Reaching safepoint: 216735 ns, At safepoint: 7865 ns, Total: 224600 ns
[2021-08-17T06:14:19.657+0000][6][safepoint    ] Safepoint "Cleanup", Time since last: 1001730240 ns, Reaching safepoint: 1137759 ns, At safepoint: 20712 ns, Total: 1158471 ns
[2021-08-17T06:14:20.661+0000][6][safepoint    ] Safepoint "Cleanup", Time since last: 1004074784 ns, Reaching safepoint: 307073 ns, At safepoint: 8081 ns, Total: 315154 ns
[2021-08-17T06:14:21.665+0000][6][safepoint    ] Safepoint "Cleanup", Time since last: 1003846374 ns, Reaching safepoint: 194751 ns, At safepoint: 8008 ns, Total: 202759 ns
[2021-08-17T06:14:22.666+0000][6][safepoint    ] Safepoint "Cleanup", Time since last: 1000388426 ns, Reaching safepoint: 209159 ns, At safepoint: 10218 ns, Total: 219377 ns
[2021-08-17T06:14:23.666+0000][6][safepoint    ] Safepoint "Cleanup", Time since last: 1000558457 ns, Reaching safepoint: 166676 ns, At safepoint: 6773 ns, Total: 173449 ns
[2021-08-17T06:14:24.668+0000][6][safepoint    ] Safepoint "Cleanup", Time since last: 1001552305 ns, Reaching safepoint: 145806 ns, At safepoint: 7321 ns, Total: 153127 ns
[2021-08-17T06:14:25.671+0000][6][safepoint    ] Safepoint "Cleanup", Time since last: 1003039320 ns, Reaching safepoint: 227155 ns, At safepoint: 10549 ns, Total: 237704 ns
[2021-08-17T06:14:26.673+0000][6][safepoint    ] Safepoint "Cleanup", Time since last: 1000985294 ns, Reaching safepoint: 238123 ns, At safepoint: 9959 ns, Total: 248082 ns
[2021-08-17T06:14:27.676+0000][6][safepoint    ] Safepoint "Cleanup", Time since last: 1003634348 ns, Reaching safepoint: 189922 ns, At safepoint: 7569 ns, Total: 197491 ns
[2021-08-17T06:14:28.677+0000][6][safepoint    ] Safepoint "Cleanup", Time since last: 1000927992 ns, Reaching safepoint: 90545 ns, At safepoint: 7781 ns, Total: 98326 ns
[2021-08-17T06:14:29.680+0000][6][safepoint    ] Safepoint "Cleanup", Time since last: 1002376624 ns, Reaching safepoint: 106651 ns, At safepoint: 4977 ns, Total: 111628 ns
[2021-08-17T06:14:30.682+0000][6][safepoint    ] Safepoint "Cleanup", Time since last: 1001475377 ns, Reaching safepoint: 221058 ns, At safepoint: 10206 ns, Total: 231264 ns
[2021-08-17T06:14:31.684+0000][6][safepoint    ] Safepoint "Cleanup", Time since last: 1001719491 ns, Reaching safepoint: 345678 ns, At safepoint: 9912 ns, Total: 355590 ns
[2021-08-17T06:14:32.685+0000][6][safepoint    ] Safepoint "Cleanup", Time since last: 1001012190 ns, Reaching safepoint: 156717 ns, At safepoint: 6566 ns, Total: 163283 ns
[2021-08-17T06:14:33.686+0000][6][safepoint    ] Safepoint "Cleanup", Time since last: 1000611621 ns, Reaching safepoint: 192252 ns, At safepoint: 8135 ns, Total: 200387 ns
[2021-08-17T06:14:34.687+0000][6][safepoint    ] Safepoint "Cleanup", Time since last: 1000778050 ns, Reaching safepoint: 162952 ns, At safepoint: 5600 ns, Total: 168552 ns
[2021-08-17T06:14:35.688+0000][6][safepoint    ] Safepoint "Cleanup", Time since last: 1000924487 ns, Reaching safepoint: 159274 ns, At safepoint: 6010 ns, Total: 165284 ns
[2021-08-17T06:14:36.691+0000][6][safepoint    ] Safepoint "Cleanup", Time since last: 1002661715 ns, Reaching safepoint: 225882 ns, At safepoint: 10616 ns, Total: 236498 ns
[2021-08-17T06:14:37.692+0000][6][safepoint    ] Safepoint "Cleanup", Time since last: 1001390364 ns, Reaching safepoint: 211824 ns, At safepoint: 10263 ns, Total: 222087 ns
[2021-08-17T06:14:38.694+0000][6][safepoint    ] Safepoint "Cleanup", Time since last: 1002008061 ns, Reaching safepoint: 157256 ns, At safepoint: 6456 ns, Total: 163712 ns
[2021-08-17T06:14:39.696+0000][6][safepoint    ] Safepoint "Cleanup", Time since last: 1001270131 ns, Reaching safepoint: 314807 ns, At safepoint: 7755 ns, Total: 322562 ns
[2021-08-17T06:14:40.699+0000][6][safepoint    ] Safepoint "Cleanup", Time since last: 1002383062 ns, Reaching safepoint: 171344 ns, At safepoint: 6331 ns, Total: 177675 ns
[2021-08-17T06:14:41.699+0000][6][safepoint    ] Safepoint "Cleanup", Time since last: 1000343406 ns, Reaching safepoint: 191614 ns, At safepoint: 6319 ns, Total: 197933 ns
[2021-08-17T06:14:42.700+0000][6][safepoint    ] Safepoint "Cleanup", Time since last: 1000502525 ns, Reaching safepoint: 183735 ns, At safepoint: 7153 ns, Total: 190888 ns
[2021-08-17T06:14:43.702+0000][6][safepoint    ] Safepoint "Cleanup", Time since last: 1002302719 ns, Reaching safepoint: 171118 ns, At safepoint: 7129 ns, Total: 178247 ns
[2021-08-17T06:14:44.704+0000][6][safepoint    ] Safepoint "Cleanup", Time since last: 1001737936 ns, Reaching safepoint: 303654 ns, At safepoint: 13313 ns, Total: 316967 ns
[2021-08-17T06:14:45.707+0000][6][safepoint    ] Safepoint "Cleanup", Time since last: 1002339116 ns, Reaching safepoint: 321031 ns, At safepoint: 7856 ns, Total: 328887 ns
[2021-08-17T06:14:46.708+0000][6][safepoint    ] Safepoint "Cleanup", Time since last: 1000494453 ns, Reaching safepoint: 194623 ns, At safepoint: 7962 ns, Total: 202585 ns
[2021-08-17T06:14:47.708+0000][6][safepoint    ] Safepoint "Cleanup", Time since last: 1000257557 ns, Reaching safepoint: 110273 ns, At safepoint: 4136 ns, Total: 114409 ns
[2021-08-17T06:14:48.712+0000][6][safepoint    ] Safepoint "Cleanup", Time since last: 1003356194 ns, Reaching safepoint: 246961 ns, At safepoint: 8223 ns, Total: 255184 ns
[2021-08-17T06:14:49.712+0000][6][safepoint    ] Safepoint "Cleanup", Time since last: 1000280311 ns, Reaching safepoint: 212617 ns, At safepoint: 9083 ns, Total: 221700 ns
[2021-08-17T06:14:50.716+0000][6][safepoint    ] Safepoint "Cleanup", Time since last: 1003644650 ns, Reaching safepoint: 196609 ns, At safepoint: 8399 ns, Total: 205008 ns
[2021-08-17T06:14:51.718+0000][6][safepoint    ] Safepoint "Cleanup", Time since last: 1002162505 ns, Reaching safepoint: 220095 ns, At safepoint: 10243 ns, Total: 230338 ns
[2021-08-17T06:14:52.719+0000][6][safepoint    ] Safepoint "Cleanup", Time since last: 1000181811 ns, Reaching safepoint: 283324 ns, At safepoint: 13930 ns, Total: 297254 ns
[2021-08-17T06:14:53.720+0000][6][safepoint    ] Safepoint "Cleanup", Time since last: 1000989296 ns, Reaching safepoint: 202627 ns, At safepoint: 7818 ns, Total: 210445 ns
[2021-08-17T06:14:54.722+0000][6][safepoint    ] Safepoint "Cleanup", Time since last: 1001702589 ns, Reaching safepoint: 220929 ns, At safepoint: 10620 ns, Total: 231549 ns
[2021-08-17T06:14:55.725+0000][6][safepoint    ] Safepoint "Cleanup", Time since last: 1003184838 ns, Reaching safepoint: 135930 ns, At safepoint: 6543 ns, Total: 142473 ns
[2021-08-17T06:14:56.726+0000][6][safepoint    ] Safepoint "Cleanup", Time since last: 1000423190 ns, Reaching safepoint: 192517 ns, At safepoint: 7659 ns, Total: 200176 ns
[2021-08-17T06:14:57.730+0000][6][safepoint    ] Safepoint "Cleanup", Time since last: 1003543818 ns, Reaching safepoint: 197307 ns, At safepoint: 7635 ns, Total: 204942 ns
[2021-08-17T06:14:58.732+0000][6][safepoint    ] Safepoint "Cleanup", Time since last: 1002067572 ns, Reaching safepoint: 212246 ns, At safepoint: 7831 ns, Total: 220077 ns
[2021-08-17T06:14:59.735+0000][6][safepoint    ] Safepoint "Cleanup", Time since last: 1002801581 ns, Reaching safepoint: 132827 ns, At safepoint: 4195 ns, Total: 137022 ns
[2021-08-17T06:15:00.737+0000][6][safepoint    ] Safepoint "Cleanup", Time since last: 1002224469 ns, Reaching safepoint: 212897 ns, At safepoint: 8424 ns, Total: 221321 ns
[2021-08-17T06:15:01.740+0000][6][safepoint    ] Safepoint "Cleanup", Time since last: 1002198378 ns, Reaching safepoint: 173119 ns, At safepoint: 6097 ns, Total: 179216 ns
[2021-08-17T06:15:02.741+0000][6][safepoint    ] Safepoint "Cleanup", Time since last: 1001325145 ns, Reaching safepoint: 188488 ns, At safepoint: 7345 ns, Total: 195833 ns
[2021-08-17T06:15:03.744+0000][6][safepoint    ] Safepoint "Cleanup", Time since last: 1002588310 ns, Reaching safepoint: 146707 ns, At safepoint: 5597 ns, Total: 152304 ns
[2021-08-17T06:15:04.744+0000][6][safepoint    ] Safepoint "Cleanup", Time since last: 1000263960 ns, Reaching safepoint: 165150 ns, At safepoint: 6418 ns, Total: 171568 ns
[2021-08-17T06:15:05.747+0000][6][safepoint    ] Safepoint "Cleanup", Time since last: 1002384670 ns, Reaching safepoint: 405816 ns, At safepoint: 8057 ns, Total: 413873 ns
[2021-08-17T06:15:06.751+0000][6][safepoint    ] Safepoint "Cleanup", Time since last: 1003452323 ns, Reaching safepoint: 231676 ns, At safepoint: 9426 ns, Total: 241102 ns
[2021-08-17T06:15:07.754+0000][6][safepoint    ] Safepoint "Cleanup", Time since last: 1002565786 ns, Reaching safepoint: 284638 ns, At safepoint: 11823 ns, Total: 296461 ns
[2021-08-17T06:15:08.754+0000][6][safepoint    ] Safepoint "Cleanup", Time since last: 1000410312 ns, Reaching safepoint: 213624 ns, At safepoint: 7843 ns, Total: 221467 ns
[2021-08-17T06:15:09.756+0000][6][safepoint    ] Safepoint "Cleanup", Time since last: 1001015910 ns, Reaching safepoint: 195896 ns, At safepoint: 7959 ns, Total: 203855 ns
[2021-08-17T06:15:10.759+0000][6][safepoint    ] Safepoint "Cleanup", Time since last: 1003268556 ns, Reaching safepoint: 159719 ns, At safepoint: 6169 ns, Total: 165888 ns
[2021-08-17T06:15:11.762+0000][6][safepoint    ] Safepoint "Cleanup", Time since last: 1002837986 ns, Reaching safepoint: 194544 ns, At safepoint: 7546 ns, Total: 202090 ns
[2021-08-17T06:15:11.902+0000][6][safepoint    ] Safepoint "BulkRevokeBias", Time since last: 139111177 ns, Reaching safepoint: 145638 ns, At safepoint: 320369 ns, Total: 466007 ns
[2021-08-17T06:15:12.792+0000][6][safepoint    ] Safepoint "BulkRevokeBias", Time since last: 889708104 ns, Reaching safepoint: 134002 ns, At safepoint: 319103 ns, Total: 453105 ns
[2021-08-17T06:15:12.807+0000][6][gc,start     ] GC(53) Pause Young (Normal) (G1 Evacuation Pause)
[2021-08-17T06:15:12.807+0000][6][gc,task      ] GC(53) Using 4 workers of 4 for evacuation
[2021-08-17T06:15:12.808+0000][6][gc,age       ] GC(53) Desired survivor size 23592960 bytes, new threshold 15 (max threshold 15)
[2021-08-17T06:15:12.830+0000][6][gc,age       ] GC(53) Age table with threshold 15 (max threshold 15)
[2021-08-17T06:15:12.830+0000][6][gc,age       ] GC(53) - age   1:    6284160 bytes,    6284160 total
[2021-08-17T06:15:12.830+0000][6][gc,age       ] GC(53) - age   2:    8560624 bytes,   14844784 total
[2021-08-17T06:15:12.830+0000][6][gc,age       ] GC(53) - age   3:    8807736 bytes,   23652520 total
[2021-08-17T06:15:12.830+0000][6][gc,age       ] GC(53) - age   4:     826816 bytes,   24479336 total
[2021-08-17T06:15:12.830+0000][6][gc,age       ] GC(53) - age   6:      46192 bytes,   24525528 total
[2021-08-17T06:15:12.830+0000][6][gc,age       ] GC(53) - age   7:      26184 bytes,   24551712 total
[2021-08-17T06:15:12.830+0000][6][gc,age       ] GC(53) - age   8:         96 bytes,   24551808 total
[2021-08-17T06:15:12.830+0000][6][gc,age       ] GC(53) - age   9:      28736 bytes,   24580544 total
[2021-08-17T06:15:12.830+0000][6][gc,phases    ] GC(53)   Pre Evacuate Collection Set: 0.3ms
[2021-08-17T06:15:12.830+0000][6][gc,phases    ] GC(53)   Merge Heap Roots: 0.2ms
[2021-08-17T06:15:12.830+0000][6][gc,phases    ] GC(53)   Evacuate Collection Set: 20.6ms
[2021-08-17T06:15:12.830+0000][6][gc,phases    ] GC(53)   Post Evacuate Collection Set: 1.5ms
[2021-08-17T06:15:12.830+0000][6][gc,phases    ] GC(53)   Other: 0.4ms
[2021-08-17T06:15:12.830+0000][6][gc,heap      ] GC(53) Eden regions: 337->0(320)
[2021-08-17T06:15:12.830+0000][6][gc,heap      ] GC(53) Survivor regions: 19->25(45)
[2021-08-17T06:15:12.830+0000][6][gc,heap      ] GC(53) Old regions: 113->113
[2021-08-17T06:15:12.830+0000][6][gc,heap      ] GC(53) Archive regions: 2->2
[2021-08-17T06:15:12.830+0000][6][gc,heap      ] GC(53) Humongous regions: 65->64
[2021-08-17T06:15:12.830+0000][6][gc,metaspace ] GC(53) Metaspace: 71420K(76240K)->71420K(76240K) NonClass: 62126K(64976K)->62126K(64976K) Class: 9294K(11264K)->9294K(11264K)
[2021-08-17T06:15:12.831+0000][6][gc           ] GC(53) Pause Young (Normal) (G1 Evacuation Pause) 533M->201M(733M) 23.059ms
[2021-08-17T06:15:12.831+0000][6][gc,cpu       ] GC(53) User=0.07s Sys=0.00s Real=0.02s
[2021-08-17T06:15:12.831+0000][6][safepoint    ] Safepoint "G1CollectForAllocation", Time since last: 13968657 ns, Reaching safepoint: 176908 ns, At safepoint: 24528337 ns, Total: 24705245 ns
[2021-08-17T06:15:13.834+0000][6][safepoint    ] Safepoint "Cleanup", Time since last: 1003191075 ns, Reaching safepoint: 182024 ns, At safepoint: 7327 ns, Total: 189351 ns
[2021-08-17T06:15:14.837+0000][6][safepoint    ] Safepoint "Cleanup", Time since last: 1002671633 ns, Reaching safepoint: 290632 ns, At safepoint: 7587 ns, Total: 298219 ns
[2021-08-17T06:15:15.838+0000][6][safepoint    ] Safepoint "Cleanup", Time since last: 1000845656 ns, Reaching safepoint: 249299 ns, At safepoint: 8996 ns, Total: 258295 ns
[2021-08-17T06:15:16.840+0000][6][safepoint    ] Safepoint "Cleanup", Time since last: 1002130222 ns, Reaching safepoint: 247983 ns, At safepoint: 7283 ns, Total: 255266 ns
[2021-08-17T06:15:17.841+0000][6][safepoint    ] Safepoint "Cleanup", Time since last: 1000559092 ns, Reaching safepoint: 260851 ns, At safepoint: 12303 ns, Total: 273154 ns
[2021-08-17T06:15:18.842+0000][6][safepoint    ] Safepoint "Cleanup", Time since last: 1000460950 ns, Reaching safepoint: 218857 ns, At safepoint: 28259 ns, Total: 247116 ns
[2021-08-17T06:15:19.844+0000][6][safepoint    ] Safepoint "Cleanup", Time since last: 1001462837 ns, Reaching safepoint: 232596 ns, At safepoint: 9741 ns, Total: 242337 ns
[2021-08-17T06:15:20.844+0000][6][safepoint    ] Safepoint "Cleanup", Time since last: 1000355067 ns, Reaching safepoint: 169748 ns, At safepoint: 4952 ns, Total: 174700 ns
[2021-08-17T06:15:21.847+0000][6][safepoint    ] Safepoint "Cleanup", Time since last: 1002084255 ns, Reaching safepoint: 234125 ns, At safepoint: 9258 ns, Total: 243383 ns
[2021-08-17T06:15:22.849+0000][6][safepoint    ] Safepoint "Cleanup", Time since last: 1001858718 ns, Reaching safepoint: 286884 ns, At safepoint: 15753 ns, Total: 302637 ns
[2021-08-17T06:15:23.850+0000][6][safepoint    ] Safepoint "Cleanup", Time since last: 1000756991 ns, Reaching safepoint: 223628 ns, At safepoint: 8136 ns, Total: 231764 ns
[2021-08-17T06:15:24.851+0000][6][safepoint    ] Safepoint "Cleanup", Time since last: 1001418755 ns, Reaching safepoint: 299263 ns, At safepoint: 15451 ns, Total: 314714 ns
[2021-08-17T06:15:25.856+0000][6][safepoint    ] Safepoint "Cleanup", Time since last: 1003977935 ns, Reaching safepoint: 190376 ns, At safepoint: 6971 ns, Total: 197347 ns
[2021-08-17T06:15:26.860+0000][6][safepoint    ] Safepoint "Cleanup", Time since last: 1003904069 ns, Reaching safepoint: 597176 ns, At safepoint: 12482 ns, Total: 609658 ns
[2021-08-17T06:15:27.861+0000][6][safepoint    ] Safepoint "Cleanup", Time since last: 1000250350 ns, Reaching safepoint: 215622 ns, At safepoint: 7671 ns, Total: 223293 ns
[2021-08-17T06:15:28.862+0000][6][safepoint    ] Safepoint "Cleanup", Time since last: 1001179011 ns, Reaching safepoint: 156885 ns, At safepoint: 7339 ns, Total: 164224 ns
[2021-08-17T06:15:29.865+0000][6][safepoint    ] Safepoint "Cleanup", Time since last: 1002931319 ns, Reaching safepoint: 323996 ns, At safepoint: 8766 ns, Total: 332762 ns
[2021-08-17T06:15:30.867+0000][6][safepoint    ] Safepoint "Cleanup", Time since last: 1001801854 ns, Reaching safepoint: 374955 ns, At safepoint: 8849 ns, Total: 383804 ns
[2021-08-17T06:15:31.869+0000][6][safepoint    ] Safepoint "Cleanup", Time since last: 1000981385 ns, Reaching safepoint: 180456 ns, At safepoint: 10908 ns, Total: 191364 ns
[2021-08-17T06:15:32.871+0000][6][safepoint    ] Safepoint "Cleanup", Time since last: 1002743644 ns, Reaching safepoint: 157669 ns, At safepoint: 7882 ns, Total: 165551 ns
[2021-08-17T06:15:33.874+0000][6][safepoint    ] Safepoint "Cleanup", Time since last: 1002355102 ns, Reaching safepoint: 160639 ns, At safepoint: 39913 ns, Total: 200552 ns
[2021-08-17T06:15:34.877+0000][6][safepoint    ] Safepoint "Cleanup", Time since last: 1002836773 ns, Reaching safepoint: 142257 ns, At safepoint: 6734 ns, Total: 148991 ns
[2021-08-17T06:15:35.879+0000][6][safepoint    ] Safepoint "Cleanup", Time since last: 1001149812 ns, Reaching safepoint: 414249 ns, At safepoint: 63256 ns, Total: 477505 ns
[2021-08-17T06:15:36.881+0000][6][safepoint    ] Safepoint "Cleanup", Time since last: 1002386274 ns, Reaching safepoint: 366283 ns, At safepoint: 11973 ns, Total: 378256 ns
[2021-08-17T06:15:37.884+0000][6][safepoint    ] Safepoint "Cleanup", Time since last: 1001939723 ns, Reaching safepoint: 413076 ns, At safepoint: 37489 ns, Total: 450565 ns
[2021-08-17T06:15:38.885+0000][6][safepoint    ] Safepoint "Cleanup", Time since last: 1000597503 ns, Reaching safepoint: 364181 ns, At safepoint: 16415 ns, Total: 380596 ns
[2021-08-17T06:15:39.888+0000][6][safepoint    ] Safepoint "Cleanup", Time since last: 1002649980 ns, Reaching safepoint: 538265 ns, At safepoint: 47425 ns, Total: 585690 ns
[2021-08-17T06:15:40.890+0000][6][safepoint    ] Safepoint "Cleanup", Time since last: 1001914342 ns, Reaching safepoint: 88319 ns, At safepoint: 5000 ns, Total: 93319 ns
[2021-08-17T06:15:41.891+0000][6][safepoint    ] Safepoint "Cleanup", Time since last: 1001267504 ns, Reaching safepoint: 159896 ns, At safepoint: 8462 ns, Total: 168358 ns
[2021-08-17T06:15:42.894+0000][6][safepoint    ] Safepoint "Cleanup", Time since last: 1002921389 ns, Reaching safepoint: 124639 ns, At safepoint: 6696 ns, Total: 131335 ns
[2021-08-17T06:15:43.896+0000][6][safepoint    ] Safepoint "Cleanup", Time since last: 1001774120 ns, Reaching safepoint: 127338 ns, At safepoint: 42480 ns, Total: 169818 ns
[2021-08-17T06:15:44.898+0000][6][safepoint    ] Safepoint "Cleanup", Time since last: 1001385784 ns, Reaching safepoint: 367715 ns, At safepoint: 38780 ns, Total: 406495 ns
[2021-08-17T06:15:45.899+0000][6][safepoint    ] Safepoint "Cleanup", Time since last: 1000818094 ns, Reaching safepoint: 129763 ns, At safepoint: 7932 ns, Total: 137695 ns
[2021-08-17T06:15:46.902+0000][6][safepoint    ] Safepoint "Cleanup", Time since last: 1002643888 ns, Reaching safepoint: 132329 ns, At safepoint: 40486 ns, Total: 172815 ns
[2021-08-17T06:15:47.906+0000][6][safepoint    ] Safepoint "Cleanup", Time since last: 1003441736 ns, Reaching safepoint: 408298 ns, At safepoint: 42359 ns, Total: 450657 ns
[2021-08-17T06:15:48.907+0000][6][safepoint    ] Safepoint "Cleanup", Time since last: 1000601200 ns, Reaching safepoint: 160714 ns, At safepoint: 7019 ns, Total: 167733 ns
[2021-08-17T06:15:49.908+0000][6][safepoint    ] Safepoint "Cleanup", Time since last: 1001535274 ns, Reaching safepoint: 134685 ns, At safepoint: 7611 ns, Total: 142296 ns
[2021-08-17T06:15:50.912+0000][6][safepoint    ] Safepoint "Cleanup", Time since last: 1003115163 ns, Reaching safepoint: 476632 ns, At safepoint: 9267 ns, Total: 485899 ns
[2021-08-17T06:15:51.915+0000][6][safepoint    ] Safepoint "Cleanup", Time since last: 1002877009 ns, Reaching safepoint: 174503 ns, At safepoint: 7040 ns, Total: 181543 ns
[2021-08-17T06:15:52.918+0000][6][safepoint    ] Safepoint "Cleanup", Time since last: 1002436939 ns, Reaching safepoint: 161328 ns, At safepoint: 6377 ns, Total: 167705 ns
[2021-08-17T06:15:53.918+0000][6][safepoint    ] Safepoint "Cleanup", Time since last: 1000244977 ns, Reaching safepoint: 202309 ns, At safepoint: 9555 ns, Total: 211864 ns
[2021-08-17T06:15:54.919+0000][6][safepoint    ] Safepoint "Cleanup", Time since last: 1000829790 ns, Reaching safepoint: 204678 ns, At safepoint: 7753 ns, Total: 212431 ns
[2021-08-17T06:15:55.921+0000][6][safepoint    ] Safepoint "Cleanup", Time since last: 1002019551 ns, Reaching safepoint: 190289 ns, At safepoint: 7384 ns, Total: 197673 ns
[2021-08-17T06:15:56.922+0000][6][safepoint    ] Safepoint "Cleanup", Time since last: 1000142053 ns, Reaching safepoint: 197432 ns, At safepoint: 9121 ns, Total: 206553 ns
[2021-08-17T06:15:57.925+0000][6][safepoint    ] Safepoint "Cleanup", Time since last: 1002920263 ns, Reaching safepoint: 218219 ns, At safepoint: 9356 ns, Total: 227575 ns
[2021-08-17T06:15:58.927+0000][6][safepoint    ] Safepoint "Cleanup", Time since last: 1001836002 ns, Reaching safepoint: 224935 ns, At safepoint: 7462 ns, Total: 232397 ns
[2021-08-17T06:15:59.928+0000][6][safepoint    ] Safepoint "Cleanup", Time since last: 1001247899 ns, Reaching safepoint: 216529 ns, At safepoint: 10032 ns, Total: 226561 ns
[2021-08-17T06:16:00.931+0000][6][safepoint    ] Safepoint "Cleanup", Time since last: 1001990293 ns, Reaching safepoint: 194865 ns, At safepoint: 8488 ns, Total: 203353 ns
[2021-08-17T06:16:01.934+0000][6][safepoint    ] Safepoint "Cleanup", Time since last: 1003450134 ns, Reaching safepoint: 155073 ns, At safepoint: 5751 ns, Total: 160824 ns
[2021-08-17T06:16:02.937+0000][6][safepoint    ] Safepoint "Cleanup", Time since last: 1002882987 ns, Reaching safepoint: 188926 ns, At safepoint: 7200 ns, Total: 196126 ns
[2021-08-17T06:16:03.941+0000][6][safepoint    ] Safepoint "Cleanup", Time since last: 1003544771 ns, Reaching safepoint: 142205 ns, At safepoint: 5085 ns, Total: 147290 ns
[2021-08-17T06:16:04.943+0000][6][safepoint    ] Safepoint "Cleanup", Time since last: 1001394403 ns, Reaching safepoint: 206708 ns, At safepoint: 8171 ns, Total: 214879 ns
[2021-08-17T06:16:05.945+0000][6][safepoint    ] Safepoint "Cleanup", Time since last: 1001987204 ns, Reaching safepoint: 204484 ns, At safepoint: 9202 ns, Total: 213686 ns
[2021-08-17T06:16:06.948+0000][6][safepoint    ] Safepoint "Cleanup", Time since last: 1003595035 ns, Reaching safepoint: 127435 ns, At safepoint: 7124 ns, Total: 134559 ns
[2021-08-17T06:16:07.950+0000][6][safepoint    ] Safepoint "Cleanup", Time since last: 1000953118 ns, Reaching safepoint: 148382 ns, At safepoint: 5498 ns, Total: 153880 ns
[2021-08-17T06:16:08.952+0000][6][safepoint    ] Safepoint "Cleanup", Time since last: 1002381639 ns, Reaching safepoint: 233662 ns, At safepoint: 8727 ns, Total: 242389 ns
[2021-08-17T06:16:09.953+0000][6][safepoint    ] Safepoint "Cleanup", Time since last: 1000376697 ns, Reaching safepoint: 203039 ns, At safepoint: 9110 ns, Total: 212149 ns
[2021-08-17T06:16:10.955+0000][6][safepoint    ] Safepoint "Cleanup", Time since last: 1002458111 ns, Reaching safepoint: 204809 ns, At safepoint: 7689 ns, Total: 212498 ns
[2021-08-17T06:16:11.961+0000][6][safepoint    ] Safepoint "Cleanup", Time since last: 1005089902 ns, Reaching safepoint: 107375 ns, At safepoint: 4308 ns, Total: 111683 ns
[2021-08-17T06:16:12.971+0000][6][safepoint    ] Safepoint "Cleanup", Time since last: 1010194116 ns, Reaching safepoint: 461123 ns, At safepoint: 12833 ns, Total: 473956 ns
[2021-08-17T06:16:13.981+0000][6][safepoint    ] Safepoint "Cleanup", Time since last: 1009608801 ns, Reaching safepoint: 229569 ns, At safepoint: 5194 ns, Total: 234763 ns
[2021-08-17T06:16:14.983+0000][6][safepoint    ] Safepoint "Cleanup", Time since last: 1001166407 ns, Reaching safepoint: 197746 ns, At safepoint: 7647 ns, Total: 205393 ns
[2021-08-17T06:16:15.986+0000][6][safepoint    ] Safepoint "Cleanup", Time since last: 1003593843 ns, Reaching safepoint: 199357 ns, At safepoint: 7996 ns, Total: 207353 ns
[2021-08-17T06:16:16.988+0000][6][safepoint    ] Safepoint "Cleanup", Time since last: 1001580257 ns, Reaching safepoint: 236499 ns, At safepoint: 9263 ns, Total: 245762 ns
[2021-08-17T06:16:17.991+0000][6][safepoint    ] Safepoint "Cleanup", Time since last: 1002249792 ns, Reaching safepoint: 199910 ns, At safepoint: 7938 ns, Total: 207848 ns
[2021-08-17T06:16:18.993+0000][6][safepoint    ] Safepoint "Cleanup", Time since last: 1001949401 ns, Reaching safepoint: 205079 ns, At safepoint: 4670 ns, Total: 209749 ns
[2021-08-17T06:16:19.996+0000][6][safepoint    ] Safepoint "Cleanup", Time since last: 1002818363 ns, Reaching safepoint: 192647 ns, At safepoint: 7606 ns, Total: 200253 ns
[2021-08-17T06:16:20.997+0000][6][safepoint    ] Safepoint "Cleanup", Time since last: 1001442186 ns, Reaching safepoint: 192828 ns, At safepoint: 7288 ns, Total: 200116 ns
[2021-08-17T06:16:22.001+0000][6][safepoint    ] Safepoint "Cleanup", Time since last: 1002929569 ns, Reaching safepoint: 208294 ns, At safepoint: 8570 ns, Total: 216864 ns
[2021-08-17T06:16:23.003+0000][6][safepoint    ] Safepoint "Cleanup", Time since last: 1001857959 ns, Reaching safepoint: 180019 ns, At safepoint: 12073 ns, Total: 192092 ns
[2021-08-17T06:16:24.004+0000][6][safepoint    ] Safepoint "Cleanup", Time since last: 1001157832 ns, Reaching safepoint: 258429 ns, At safepoint: 9172 ns, Total: 267601 ns
[2021-08-17T06:16:25.005+0000][6][safepoint    ] Safepoint "Cleanup", Time since last: 1000701319 ns, Reaching safepoint: 217553 ns, At safepoint: 7796 ns, Total: 225349 ns
[2021-08-17T06:16:26.007+0000][6][safepoint    ] Safepoint "Cleanup", Time since last: 1002332026 ns, Reaching safepoint: 165020 ns, At safepoint: 8292 ns, Total: 173312 ns
[2021-08-17T06:16:27.012+0000][6][safepoint    ] Safepoint "Cleanup", Time since last: 1004256992 ns, Reaching safepoint: 208294 ns, At safepoint: 7878 ns, Total: 216172 ns
[2021-08-17T06:16:28.015+0000][6][safepoint    ] Safepoint "Cleanup", Time since last: 1003368702 ns, Reaching safepoint: 106462 ns, At safepoint: 5575 ns, Total: 112037 ns
[2021-08-17T06:16:29.019+0000][6][safepoint    ] Safepoint "Cleanup", Time since last: 1002863695 ns, Reaching safepoint: 200483 ns, At safepoint: 7257 ns, Total: 207740 ns
[2021-08-17T06:16:30.021+0000][6][safepoint    ] Safepoint "Cleanup", Time since last: 1002240672 ns, Reaching safepoint: 141704 ns, At safepoint: 7455 ns, Total: 149159 ns
[2021-08-17T06:16:31.022+0000][6][safepoint    ] Safepoint "Cleanup", Time since last: 1000680868 ns, Reaching safepoint: 188653 ns, At safepoint: 7278 ns, Total: 195931 ns
[2021-08-17T06:16:32.025+0000][6][safepoint    ] Safepoint "Cleanup", Time since last: 1002803844 ns, Reaching safepoint: 223266 ns, At safepoint: 10261 ns, Total: 233527 ns
[2021-08-17T06:16:33.027+0000][6][safepoint    ] Safepoint "Cleanup", Time since last: 1002275893 ns, Reaching safepoint: 153927 ns, At safepoint: 6536 ns, Total: 160463 ns
[2021-08-17T06:16:34.030+0000][6][safepoint    ] Safepoint "Cleanup", Time since last: 1002730977 ns, Reaching safepoint: 165217 ns, At safepoint: 8570 ns, Total: 173787 ns
[2021-08-17T06:16:35.036+0000][6][safepoint    ] Safepoint "Cleanup", Time since last: 1005031154 ns, Reaching safepoint: 420740 ns, At safepoint: 11424 ns, Total: 432164 ns
[2021-08-17T06:16:36.040+0000][6][safepoint    ] Safepoint "Cleanup", Time since last: 1003249696 ns, Reaching safepoint: 832340 ns, At safepoint: 67059 ns, Total: 899399 ns
[2021-08-17T06:16:37.043+0000][6][safepoint    ] Safepoint "Cleanup", Time since last: 1003300735 ns, Reaching safepoint: 223317 ns, At safepoint: 7815 ns, Total: 231132 ns
[2021-08-17T06:16:38.046+0000][6][safepoint    ] Safepoint "Cleanup", Time since last: 1002054076 ns, Reaching safepoint: 153372 ns, At safepoint: 7727 ns, Total: 161099 ns
[2021-08-17T06:16:39.048+0000][6][safepoint    ] Safepoint "Cleanup", Time since last: 1002257740 ns, Reaching safepoint: 155433 ns, At safepoint: 9983 ns, Total: 165416 ns
[2021-08-17T06:16:40.060+0000][6][safepoint    ] Safepoint "Cleanup", Time since last: 1011931091 ns, Reaching safepoint: 172742 ns, At safepoint: 61877 ns, Total: 234619 ns
[2021-08-17T06:16:41.062+0000][6][safepoint    ] Safepoint "Cleanup", Time since last: 1001767204 ns, Reaching safepoint: 417670 ns, At safepoint: 13750 ns, Total: 431420 ns
[2021-08-17T06:16:42.065+0000][6][safepoint    ] Safepoint "Cleanup", Time since last: 1002656160 ns, Reaching safepoint: 388877 ns, At safepoint: 47359 ns, Total: 436236 ns
[2021-08-17T06:16:43.067+0000][6][safepoint    ] Safepoint "Cleanup", Time since last: 1001469393 ns, Reaching safepoint: 297447 ns, At safepoint: 39062 ns, Total: 336509 ns
[2021-08-17T06:16:44.071+0000][6][safepoint    ] Safepoint "Cleanup", Time since last: 1003152139 ns, Reaching safepoint: 150987 ns, At safepoint: 12370 ns, Total: 163357 ns
[2021-08-17T06:16:45.072+0000][6][safepoint    ] Safepoint "Cleanup", Time since last: 1000753278 ns, Reaching safepoint: 604585 ns, At safepoint: 12641 ns, Total: 617226 ns
[2021-08-17T06:16:46.076+0000][6][safepoint    ] Safepoint "Cleanup", Time since last: 1004071614 ns, Reaching safepoint: 159644 ns, At safepoint: 6445 ns, Total: 166089 ns
[2021-08-17T06:16:47.079+0000][6][safepoint    ] Safepoint "Cleanup", Time since last: 1002723552 ns, Reaching safepoint: 147982 ns, At safepoint: 10170 ns, Total: 158152 ns
[2021-08-17T06:16:48.081+0000][6][safepoint    ] Safepoint "Cleanup", Time since last: 1001989417 ns, Reaching safepoint: 148164 ns, At safepoint: 10034 ns, Total: 158198 ns
[2021-08-17T06:16:49.083+0000][6][safepoint    ] Safepoint "Cleanup", Time since last: 1001890396 ns, Reaching safepoint: 222119 ns, At safepoint: 13336 ns, Total: 235455 ns
[2021-08-17T06:16:50.085+0000][6][safepoint    ] Safepoint "Cleanup", Time since last: 1001171448 ns, Reaching safepoint: 483646 ns, At safepoint: 14101 ns, Total: 497747 ns
[2021-08-17T06:16:51.087+0000][6][safepoint    ] Safepoint "Cleanup", Time since last: 1002060834 ns, Reaching safepoint: 161847 ns, At safepoint: 7282 ns, Total: 169129 ns
[2021-08-17T06:16:52.089+0000][6][safepoint    ] Safepoint "Cleanup", Time since last: 1001943188 ns, Reaching safepoint: 106907 ns, At safepoint: 7421 ns, Total: 114328 ns
[2021-08-17T06:16:53.093+0000][6][safepoint    ] Safepoint "Cleanup", Time since last: 1003798100 ns, Reaching safepoint: 179208 ns, At safepoint: 9260 ns, Total: 188468 ns
[2021-08-17T06:16:54.096+0000][6][safepoint    ] Safepoint "Cleanup", Time since last: 1002978438 ns, Reaching safepoint: 133803 ns, At safepoint: 11635 ns, Total: 145438 ns
[2021-08-17T06:16:55.098+0000][6][safepoint    ] Safepoint "Cleanup", Time since last: 1001259055 ns, Reaching safepoint: 363362 ns, At safepoint: 45502 ns, Total: 408864 ns
[2021-08-17T06:16:56.100+0000][6][safepoint    ] Safepoint "Cleanup", Time since last: 1001405228 ns, Reaching safepoint: 432454 ns, At safepoint: 9554 ns, Total: 442008 ns
[2021-08-17T06:16:57.101+0000][6][safepoint    ] Safepoint "Cleanup", Time since last: 1000759369 ns, Reaching safepoint: 128784 ns, At safepoint: 6082 ns, Total: 134866 ns
[2021-08-17T06:16:58.103+0000][6][safepoint    ] Safepoint "Cleanup", Time since last: 1002576787 ns, Reaching safepoint: 124071 ns, At safepoint: 11052 ns, Total: 135123 ns
[2021-08-17T06:16:59.106+0000][6][safepoint    ] Safepoint "Cleanup", Time since last: 1002369499 ns, Reaching safepoint: 166539 ns, At safepoint: 11079 ns, Total: 177618 ns
[2021-08-17T06:17:00.107+0000][6][safepoint    ] Safepoint "Cleanup", Time since last: 1000940370 ns, Reaching safepoint: 140689 ns, At safepoint: 21224 ns, Total: 161913 ns
[2021-08-17T06:17:01.110+0000][6][safepoint    ] Safepoint "Cleanup", Time since last: 1003079335 ns, Reaching safepoint: 170370 ns, At safepoint: 6952 ns, Total: 177322 ns
[2021-08-17T06:17:02.115+0000][6][safepoint    ] Safepoint "Cleanup", Time since last: 1004038988 ns, Reaching safepoint: 152999 ns, At safepoint: 10421 ns, Total: 163420 ns
[2021-08-17T06:17:03.118+0000][6][safepoint    ] Safepoint "Cleanup", Time since last: 1002906839 ns, Reaching safepoint: 407665 ns, At safepoint: 6998 ns, Total: 414663 ns
[2021-08-17T06:17:04.121+0000][6][safepoint    ] Safepoint "Cleanup", Time since last: 1003163569 ns, Reaching safepoint: 111516 ns, At safepoint: 5422 ns, Total: 116938 ns
[2021-08-17T06:17:05.124+0000][6][safepoint    ] Safepoint "Cleanup", Time since last: 1002953244 ns, Reaching safepoint: 90319 ns, At safepoint: 4407 ns, Total: 94726 ns
[2021-08-17T06:17:06.127+0000][6][safepoint    ] Safepoint "Cleanup", Time since last: 1002350769 ns, Reaching safepoint: 134787 ns, At safepoint: 71366 ns, Total: 206153 ns
[2021-08-17T06:17:07.129+0000][6][safepoint    ] Safepoint "Cleanup", Time since last: 1002075935 ns, Reaching safepoint: 312145 ns, At safepoint: 10248 ns, Total: 322393 ns
[2021-08-17T06:17:08.132+0000][6][safepoint    ] Safepoint "Cleanup", Time since last: 1002189658 ns, Reaching safepoint: 119283 ns, At safepoint: 8179 ns, Total: 127462 ns
[2021-08-17T06:17:09.135+0000][6][safepoint    ] Safepoint "Cleanup", Time since last: 1002663235 ns, Reaching safepoint: 365912 ns, At safepoint: 48211 ns, Total: 414123 ns
[2021-08-17T06:17:10.138+0000][6][safepoint    ] Safepoint "Cleanup", Time since last: 1003369691 ns, Reaching safepoint: 167242 ns, At safepoint: 41039 ns, Total: 208281 ns
[2021-08-17T06:17:12.046+0000][6][safepoint    ] Safepoint "Cleanup", Time since last: 1907361678 ns, Reaching safepoint: 307558 ns, At safepoint: 7096 ns, Total: 314654 ns
[2021-08-17T06:17:13.089+0000][6][safepoint    ] Safepoint "Cleanup", Time since last: 1042412812 ns, Reaching safepoint: 890496 ns, At safepoint: 16942 ns, Total: 907438 ns
[2021-08-17T06:17:14.153+0000][6][safepoint    ] Safepoint "Cleanup", Time since last: 1063474615 ns, Reaching safepoint: 216239 ns, At safepoint: 9800 ns, Total: 226039 ns
[2021-08-17T06:17:23.171+0000][6][safepoint    ] Safepoint "Cleanup", Time since last: 9018158342 ns, Reaching safepoint: 206084 ns, At safepoint: 39713 ns, Total: 245797 ns
[2021-08-17T06:17:28.182+0000][6][safepoint    ] Safepoint "Cleanup", Time since last: 5010510035 ns, Reaching safepoint: 151597 ns, At safepoint: 7987 ns, Total: 159584 ns
[2021-08-17T06:17:33.194+0000][6][safepoint    ] Safepoint "Cleanup", Time since last: 5011547377 ns, Reaching safepoint: 158833 ns, At safepoint: 5507 ns, Total: 164340 ns
[2021-08-17T06:17:38.205+0000][6][safepoint    ] Safepoint "Cleanup", Time since last: 5010692574 ns, Reaching safepoint: 210829 ns, At safepoint: 9103 ns, Total: 219932 ns
[2021-08-17T06:17:41.213+0000][6][safepoint    ] Safepoint "Cleanup", Time since last: 3007971021 ns, Reaching safepoint: 228375 ns, At safepoint: 9342 ns, Total: 237717 ns
[2021-08-17T06:18:03.253+0000][6][safepoint    ] Safepoint "Cleanup", Time since last: 22039755398 ns, Reaching safepoint: 302155 ns, At safepoint: 19692 ns, Total: 321847 ns
[2021-08-17T06:18:12.116+0000][6][safepoint    ] Safepoint "Cleanup", Time since last: 8862890506 ns, Reaching safepoint: 125321 ns, At safepoint: 4167 ns, Total: 129488 ns
[2021-08-17T06:18:12.137+0000][6][safepoint    ] Safepoint "BulkRevokeBias", Time since last: 19035203 ns, Reaching safepoint: 1965194 ns, At safepoint: 282155 ns, Total: 2247349 ns
[2021-08-17T06:18:13.163+0000][6][safepoint    ] Safepoint "Cleanup", Time since last: 1025343184 ns, Reaching safepoint: 205171 ns, At safepoint: 7770 ns, Total: 212941 ns
[2021-08-17T06:18:13.302+0000][6][safepoint    ] Safepoint "BulkRevokeBias", Time since last: 139239533 ns, Reaching safepoint: 132940 ns, At safepoint: 270724 ns, Total: 403664 ns
[2021-08-17T06:18:14.304+0000][6][safepoint    ] Safepoint "Cleanup", Time since last: 1001149072 ns, Reaching safepoint: 150429 ns, At safepoint: 7176 ns, Total: 157605 ns
[2021-08-17T06:18:33.352+0000][6][safepoint    ] Safepoint "Cleanup", Time since last: 19048437623 ns, Reaching safepoint: 157340 ns, At safepoint: 5676 ns, Total: 163016 ns
[2021-08-17T06:18:40.376+0000][6][safepoint    ] Safepoint "Cleanup", Time since last: 7023643134 ns, Reaching safepoint: 146388 ns, At safepoint: 6898 ns, Total: 153286 ns
[2021-08-17T06:19:01.423+0000][6][safepoint    ] Safepoint "Cleanup", Time since last: 21046527824 ns, Reaching safepoint: 211190 ns, At safepoint: 8511 ns, Total: 219701 ns
[2021-08-17T06:19:03.428+0000][6][safepoint    ] Safepoint "Cleanup", Time since last: 2004724087 ns, Reaching safepoint: 224935 ns, At safepoint: 8254 ns, Total: 233189 ns
[2021-08-17T06:19:12.186+0000][6][safepoint    ] Safepoint "Cleanup", Time since last: 8757687437 ns, Reaching safepoint: 325685 ns, At safepoint: 27203 ns, Total: 352888 ns
[2021-08-17T06:19:13.235+0000][6][safepoint    ] Safepoint "Cleanup", Time since last: 1049292576 ns, Reaching safepoint: 333036 ns, At safepoint: 16843 ns, Total: 349879 ns
[2021-08-17T06:19:14.484+0000][6][safepoint    ] Safepoint "Cleanup", Time since last: 1248423868 ns, Reaching safepoint: 310302 ns, At safepoint: 9129 ns, Total: 319431 ns
[2021-08-17T06:19:16.490+0000][6][safepoint    ] Safepoint "Cleanup", Time since last: 2006085436 ns, Reaching safepoint: 210679 ns, At safepoint: 9083 ns, Total: 219762 ns
[2021-08-17T06:19:28.527+0000][6][safepoint    ] Safepoint "Cleanup", Time since last: 12036777840 ns, Reaching safepoint: 178976 ns, At safepoint: 8948 ns, Total: 187924 ns
[2021-08-17T06:19:33.537+0000][6][safepoint    ] Safepoint "Cleanup", Time since last: 5009781293 ns, Reaching safepoint: 207466 ns, At safepoint: 8076 ns, Total: 215542 ns
[2021-08-17T06:20:12.281+0000][6][safepoint    ] Safepoint "Cleanup", Time since last: 38743466830 ns, Reaching safepoint: 245254 ns, At safepoint: 5740 ns, Total: 250994 ns
[2021-08-17T06:20:12.650+0000][6][safepoint    ] Safepoint "BulkRevokeBias", Time since last: 368085294 ns, Reaching safepoint: 281693 ns, At safepoint: 213505 ns, Total: 495198 ns
[2021-08-17T06:20:12.664+0000][6][safepoint    ] Safepoint "BulkRevokeBias", Time since last: 13768355 ns, Reaching safepoint: 366751 ns, At safepoint: 293975 ns, Total: 660726 ns
[2021-08-17T06:20:13.667+0000][6][safepoint    ] Safepoint "Cleanup", Time since last: 1003165560 ns, Reaching safepoint: 149793 ns, At safepoint: 5131 ns, Total: 154924 ns
[2021-08-17T06:20:21.679+0000][6][safepoint    ] Safepoint "Cleanup", Time since last: 8011095538 ns, Reaching safepoint: 438154 ns, At safepoint: 82610 ns, Total: 520764 ns
[2021-08-17T06:20:22.680+0000][6][safepoint    ] Safepoint "Cleanup", Time since last: 1000486188 ns, Reaching safepoint: 421856 ns, At safepoint: 32969 ns, Total: 454825 ns
[2021-08-17T06:20:33.696+0000][6][safepoint    ] Safepoint "Cleanup", Time since last: 11016024860 ns, Reaching safepoint: 144140 ns, At safepoint: 4933 ns, Total: 149073 ns
[2021-08-17T06:20:43.709+0000][6][safepoint    ] Safepoint "Cleanup", Time since last: 10012779617 ns, Reaching safepoint: 146660 ns, At safepoint: 5133 ns, Total: 151793 ns
[2021-08-17T06:20:51.721+0000][6][safepoint    ] Safepoint "Cleanup", Time since last: 8011310570 ns, Reaching safepoint: 252462 ns, At safepoint: 4660 ns, Total: 257122 ns
[2021-08-17T06:20:52.450+0000][6][safepoint    ] Safepoint "BulkRevokeBias", Time since last: 728427881 ns, Reaching safepoint: 699341 ns, At safepoint: 210288 ns, Total: 909629 ns
[2021-08-17T06:20:52.470+0000][6][safepoint    ] Safepoint "BulkRevokeBias", Time since last: 19579922 ns, Reaching safepoint: 243223 ns, At safepoint: 297109 ns, Total: 540332 ns
[2021-08-17T06:20:52.505+0000][6][gc,heap,exit ] Heap
[2021-08-17T06:20:52.505+0000][6][gc,heap,exit ]  garbage-first heap   total 750592K, used 297437K [0x00000000c0000000, 0x0000000100000000)
[2021-08-17T06:20:52.505+0000][6][gc,heap,exit ]   region size 1024K, 116 young (118784K), 25 survivors (25600K)
[2021-08-17T06:20:52.505+0000][6][gc,heap,exit ]  Metaspace       used 71915K, capacity 76528K, committed 76880K, reserved 1114112K
[2021-08-17T06:20:52.505+0000][6][gc,heap,exit ]   class space    used 9323K, capacity 11292K, committed 11392K, reserved 1048576K
