[2021-08-17T05:15:12.825+0000][6][gc,heap] Heap region size: 1M
[2021-08-17T05:15:12.825+0000][6][gc,heap,coops] Heap address: 0x00000000c0000000, size: 1024 MB, Compressed Oops mode: 32-bit
[2021-08-17T05:15:13.115+0000][6][gc           ] Using G1
[2021-08-17T05:15:13.115+0000][6][gc,cds       ] Mark closed archive regions in map: [0x00000000fff00000, 0x00000000fff7eff8]
[2021-08-17T05:15:13.115+0000][6][gc,cds       ] Mark open archive regions in map: [0x00000000ffe00000, 0x00000000ffe51ff8]
[2021-08-17T05:15:13.137+0000][6][gc           ] Periodic GC disabled
[2021-08-17T05:15:13.535+0000][6][gc,start     ] GC(0) Pause Young (Normal) (G1 Evacuation Pause)
[2021-08-17T05:15:13.545+0000][6][gc,task      ] GC(0) Using 4 workers of 4 for evacuation
[2021-08-17T05:15:13.545+0000][6][gc,age       ] GC(0) Desired survivor size 1048576 bytes, new threshold 15 (max threshold 15)
[2021-08-17T05:15:13.550+0000][6][gc,age       ] GC(0) Age table with threshold 15 (max threshold 15)
[2021-08-17T05:15:13.550+0000][6][gc,age       ] GC(0) - age   1:    2087504 bytes,    2087504 total
[2021-08-17T05:15:13.550+0000][6][gc,phases    ] GC(0)   Pre Evacuate Collection Set: 0.1ms
[2021-08-17T05:15:13.550+0000][6][gc,phases    ] GC(0)   Merge Heap Roots: 0.0ms
[2021-08-17T05:15:13.550+0000][6][gc,phases    ] GC(0)   Evacuate Collection Set: 4.5ms
[2021-08-17T05:15:13.550+0000][6][gc,phases    ] GC(0)   Post Evacuate Collection Set: 0.4ms
[2021-08-17T05:15:13.550+0000][6][gc,phases    ] GC(0)   Other: 10.6ms
[2021-08-17T05:15:13.550+0000][6][gc,heap      ] GC(0) Eden regions: 13->0(16)
[2021-08-17T05:15:13.550+0000][6][gc,heap      ] GC(0) Survivor regions: 0->2(2)
[2021-08-17T05:15:13.550+0000][6][gc,heap      ] GC(0) Old regions: 0->1
[2021-08-17T05:15:13.550+0000][6][gc,heap      ] GC(0) Archive regions: 2->2
[2021-08-17T05:15:13.550+0000][6][gc,heap      ] GC(0) Humongous regions: 1->1
[2021-08-17T05:15:13.550+0000][6][gc,metaspace ] GC(0) Metaspace: 3492K(6656K)->3492K(6656K) NonClass: 3131K(5888K)->3131K(5888K) Class: 360K(768K)->360K(768K)
[2021-08-17T05:15:13.550+0000][6][gc           ] GC(0) Pause Young (Normal) (G1 Evacuation Pause) 14M->3M(258M) 15.649ms
[2021-08-17T05:15:13.550+0000][6][gc,cpu       ] GC(0) User=0.00s Sys=0.00s Real=0.02s
[2021-08-17T05:15:13.550+0000][6][safepoint    ] Safepoint "G1CollectForAllocation", Time since last: 404486405 ns, Reaching safepoint: 1634119 ns, At safepoint: 15739725 ns, Total: 17373844 ns
[2021-08-17T05:15:14.096+0000][6][gc,start     ] GC(1) Pause Young (Normal) (G1 Evacuation Pause)
[2021-08-17T05:15:14.096+0000][6][gc,task      ] GC(1) Using 4 workers of 4 for evacuation
[2021-08-17T05:15:14.096+0000][6][gc,age       ] GC(1) Desired survivor size 1572864 bytes, new threshold 1 (max threshold 15)
[2021-08-17T05:15:14.101+0000][6][gc,age       ] GC(1) Age table with threshold 1 (max threshold 15)
[2021-08-17T05:15:14.101+0000][6][gc,age       ] GC(1) - age   1:    1266880 bytes,    1266880 total
[2021-08-17T05:15:14.101+0000][6][gc,phases    ] GC(1)   Pre Evacuate Collection Set: 0.1ms
[2021-08-17T05:15:14.101+0000][6][gc,phases    ] GC(1)   Merge Heap Roots: 0.0ms
[2021-08-17T05:15:14.101+0000][6][gc,phases    ] GC(1)   Evacuate Collection Set: 3.4ms
[2021-08-17T05:15:14.101+0000][6][gc,phases    ] GC(1)   Post Evacuate Collection Set: 1.0ms
[2021-08-17T05:15:14.101+0000][6][gc,phases    ] GC(1)   Other: 0.1ms
[2021-08-17T05:15:14.101+0000][6][gc,heap      ] GC(1) Eden regions: 16->0(48)
[2021-08-17T05:15:14.101+0000][6][gc,heap      ] GC(1) Survivor regions: 2->2(3)
[2021-08-17T05:15:14.101+0000][6][gc,heap      ] GC(1) Old regions: 1->3
[2021-08-17T05:15:14.101+0000][6][gc,heap      ] GC(1) Archive regions: 2->2
[2021-08-17T05:15:14.101+0000][6][gc,heap      ] GC(1) Humongous regions: 1->1
[2021-08-17T05:15:14.101+0000][6][gc,metaspace ] GC(1) Metaspace: 8058K(9600K)->8058K(9600K) NonClass: 7105K(8448K)->7105K(8448K) Class: 953K(1152K)->953K(1152K)
[2021-08-17T05:15:14.101+0000][6][gc           ] GC(1) Pause Young (Normal) (G1 Evacuation Pause) 19M->5M(258M) 4.639ms
[2021-08-17T05:15:14.101+0000][6][gc,cpu       ] GC(1) User=0.01s Sys=0.01s Real=0.01s
[2021-08-17T05:15:14.101+0000][6][safepoint    ] Safepoint "G1CollectForAllocation", Time since last: 545329146 ns, Reaching safepoint: 240019 ns, At safepoint: 4712476 ns, Total: 4952495 ns
[2021-08-17T05:15:14.810+0000][6][safepoint    ] Safepoint "ICBufferFull", Time since last: 708761610 ns, Reaching safepoint: 344457 ns, At safepoint: 6250 ns, Total: 350707 ns
[2021-08-17T05:15:14.922+0000][6][gc,start     ] GC(2) Pause Young (Normal) (G1 Evacuation Pause)
[2021-08-17T05:15:14.922+0000][6][gc,task      ] GC(2) Using 4 workers of 4 for evacuation
[2021-08-17T05:15:14.922+0000][6][gc,age       ] GC(2) Desired survivor size 3670016 bytes, new threshold 15 (max threshold 15)
[2021-08-17T05:15:14.933+0000][6][gc,age       ] GC(2) Age table with threshold 15 (max threshold 15)
[2021-08-17T05:15:14.933+0000][6][gc,age       ] GC(2) - age   1:    2866016 bytes,    2866016 total
[2021-08-17T05:15:14.933+0000][6][gc,age       ] GC(2) - age   2:    1187496 bytes,    4053512 total
[2021-08-17T05:15:14.933+0000][6][gc,phases    ] GC(2)   Pre Evacuate Collection Set: 0.1ms
[2021-08-17T05:15:14.933+0000][6][gc,phases    ] GC(2)   Merge Heap Roots: 0.1ms
[2021-08-17T05:15:14.933+0000][6][gc,phases    ] GC(2)   Evacuate Collection Set: 9.9ms
[2021-08-17T05:15:14.933+0000][6][gc,phases    ] GC(2)   Post Evacuate Collection Set: 1.1ms
[2021-08-17T05:15:14.933+0000][6][gc,phases    ] GC(2)   Other: 0.1ms
[2021-08-17T05:15:14.933+0000][6][gc,heap      ] GC(2) Eden regions: 48->0(149)
[2021-08-17T05:15:14.933+0000][6][gc,heap      ] GC(2) Survivor regions: 2->4(7)
[2021-08-17T05:15:14.933+0000][6][gc,heap      ] GC(2) Old regions: 3->3
[2021-08-17T05:15:14.933+0000][6][gc,heap      ] GC(2) Archive regions: 2->2
[2021-08-17T05:15:14.933+0000][6][gc,heap      ] GC(2) Humongous regions: 1->1
[2021-08-17T05:15:14.933+0000][6][gc,metaspace ] GC(2) Metaspace: 14126K(15104K)->14126K(15104K) NonClass: 12409K(13056K)->12409K(13056K) Class: 1717K(2048K)->1717K(2048K)
[2021-08-17T05:15:14.933+0000][6][gc           ] GC(2) Pause Young (Normal) (G1 Evacuation Pause) 53M->7M(258M) 11.343ms
[2021-08-17T05:15:14.933+0000][6][gc,cpu       ] GC(2) User=0.01s Sys=0.00s Real=0.01s
[2021-08-17T05:15:14.933+0000][6][safepoint    ] Safepoint "G1CollectForAllocation", Time since last: 112087291 ns, Reaching safepoint: 83096 ns, At safepoint: 11430027 ns, Total: 11513123 ns
[2021-08-17T05:15:14.945+0000][6][safepoint    ] Safepoint "BulkRevokeBias", Time since last: 9500946 ns, Reaching safepoint: 2056804 ns, At safepoint: 74636 ns, Total: 2131440 ns
[2021-08-17T05:15:15.319+0000][6][gc,start     ] GC(3) Pause Young (Normal) (G1 Evacuation Pause)
[2021-08-17T05:15:15.319+0000][6][gc,task      ] GC(3) Using 4 workers of 4 for evacuation
[2021-08-17T05:15:15.319+0000][6][gc,age       ] GC(3) Desired survivor size 10485760 bytes, new threshold 15 (max threshold 15)
[2021-08-17T05:15:15.332+0000][6][gc,age       ] GC(3) Age table with threshold 15 (max threshold 15)
[2021-08-17T05:15:15.332+0000][6][gc,age       ] GC(3) - age   1:    3445584 bytes,    3445584 total
[2021-08-17T05:15:15.332+0000][6][gc,age       ] GC(3) - age   2:    1836352 bytes,    5281936 total
[2021-08-17T05:15:15.332+0000][6][gc,age       ] GC(3) - age   3:    1183720 bytes,    6465656 total
[2021-08-17T05:15:15.332+0000][6][gc,phases    ] GC(3)   Pre Evacuate Collection Set: 0.2ms
[2021-08-17T05:15:15.332+0000][6][gc,phases    ] GC(3)   Merge Heap Roots: 0.2ms
[2021-08-17T05:15:15.332+0000][6][gc,phases    ] GC(3)   Evacuate Collection Set: 7.9ms
[2021-08-17T05:15:15.332+0000][6][gc,phases    ] GC(3)   Post Evacuate Collection Set: 5.1ms
[2021-08-17T05:15:15.332+0000][6][gc,phases    ] GC(3)   Other: 0.2ms
[2021-08-17T05:15:15.332+0000][6][gc,heap      ] GC(3) Eden regions: 149->0(146)
[2021-08-17T05:15:15.332+0000][6][gc,heap      ] GC(3) Survivor regions: 4->7(20)
[2021-08-17T05:15:15.332+0000][6][gc,heap      ] GC(3) Old regions: 3->3
[2021-08-17T05:15:15.332+0000][6][gc,heap      ] GC(3) Archive regions: 2->2
[2021-08-17T05:15:15.332+0000][6][gc,heap      ] GC(3) Humongous regions: 2->1
[2021-08-17T05:15:15.332+0000][6][gc,metaspace ] GC(3) Metaspace: 16260K(17152K)->16260K(17152K) NonClass: 14253K(14848K)->14253K(14848K) Class: 2007K(2304K)->2007K(2304K)
[2021-08-17T05:15:15.332+0000][6][gc           ] GC(3) Pause Young (Normal) (G1 Evacuation Pause) 157M->10M(258M) 13.706ms
[2021-08-17T05:15:15.332+0000][6][gc,cpu       ] GC(3) User=0.02s Sys=0.00s Real=0.01s
[2021-08-17T05:15:15.333+0000][6][safepoint    ] Safepoint "G1CollectForAllocation", Time since last: 373176959 ns, Reaching safepoint: 449280 ns, At safepoint: 13793062 ns, Total: 14242342 ns
[2021-08-17T05:15:15.346+0000][6][safepoint    ] Safepoint "BulkRevokeBias", Time since last: 13589133 ns, Reaching safepoint: 267426 ns, At safepoint: 91620 ns, Total: 359046 ns
[2021-08-17T05:15:15.347+0000][6][safepoint    ] Safepoint "BulkRevokeBias", Time since last: 155417 ns, Reaching safepoint: 305501 ns, At safepoint: 25004 ns, Total: 330505 ns
[2021-08-17T05:15:15.695+0000][6][gc,start     ] GC(4) Pause Young (Normal) (G1 Evacuation Pause)
[2021-08-17T05:15:15.695+0000][6][gc,task      ] GC(4) Using 4 workers of 4 for evacuation
[2021-08-17T05:15:15.695+0000][6][gc,age       ] GC(4) Desired survivor size 10485760 bytes, new threshold 15 (max threshold 15)
[2021-08-17T05:15:15.704+0000][6][gc,age       ] GC(4) Age table with threshold 15 (max threshold 15)
[2021-08-17T05:15:15.704+0000][6][gc,age       ] GC(4) - age   1:    3015672 bytes,    3015672 total
[2021-08-17T05:15:15.704+0000][6][gc,age       ] GC(4) - age   2:    2073656 bytes,    5089328 total
[2021-08-17T05:15:15.704+0000][6][gc,age       ] GC(4) - age   3:    1836168 bytes,    6925496 total
[2021-08-17T05:15:15.704+0000][6][gc,age       ] GC(4) - age   4:    1183720 bytes,    8109216 total
[2021-08-17T05:15:15.705+0000][6][gc,phases    ] GC(4)   Pre Evacuate Collection Set: 0.3ms
[2021-08-17T05:15:15.705+0000][6][gc,phases    ] GC(4)   Merge Heap Roots: 0.3ms
[2021-08-17T05:15:15.705+0000][6][gc,phases    ] GC(4)   Evacuate Collection Set: 7.9ms
[2021-08-17T05:15:15.705+0000][6][gc,phases    ] GC(4)   Post Evacuate Collection Set: 1.0ms
[2021-08-17T05:15:15.705+0000][6][gc,phases    ] GC(4)   Other: 0.2ms
[2021-08-17T05:15:15.705+0000][6][gc,heap      ] GC(4) Eden regions: 146->0(145)
[2021-08-17T05:15:15.705+0000][6][gc,heap      ] GC(4) Survivor regions: 7->8(20)
[2021-08-17T05:15:15.705+0000][6][gc,heap      ] GC(4) Old regions: 3->3
[2021-08-17T05:15:15.705+0000][6][gc,heap      ] GC(4) Archive regions: 2->2
[2021-08-17T05:15:15.705+0000][6][gc,heap      ] GC(4) Humongous regions: 1->1
[2021-08-17T05:15:15.705+0000][6][gc,metaspace ] GC(4) Metaspace: 16856K(17792K)->16856K(17792K) NonClass: 14782K(15360K)->14782K(15360K) Class: 2074K(2432K)->2074K(2432K)
[2021-08-17T05:15:15.705+0000][6][gc           ] GC(4) Pause Young (Normal) (G1 Evacuation Pause) 156M->11M(258M) 9.751ms
[2021-08-17T05:15:15.705+0000][6][gc,cpu       ] GC(4) User=0.01s Sys=0.00s Real=0.01s
[2021-08-17T05:15:15.705+0000][6][safepoint    ] Safepoint "G1CollectForAllocation", Time since last: 345026208 ns, Reaching safepoint: 2831917 ns, At safepoint: 9844121 ns, Total: 12676038 ns
[2021-08-17T05:15:15.713+0000][6][safepoint    ] Safepoint "BulkRevokeBias", Time since last: 7289210 ns, Reaching safepoint: 680168 ns, At safepoint: 56637 ns, Total: 736805 ns
[2021-08-17T05:15:16.099+0000][6][gc,start     ] GC(5) Pause Young (Concurrent Start) (Metadata GC Threshold)
[2021-08-17T05:15:16.099+0000][6][gc,task      ] GC(5) Using 4 workers of 4 for evacuation
[2021-08-17T05:15:16.099+0000][6][gc,age       ] GC(5) Desired survivor size 10485760 bytes, new threshold 15 (max threshold 15)
[2021-08-17T05:15:16.108+0000][6][gc,age       ] GC(5) Age table with threshold 15 (max threshold 15)
[2021-08-17T05:15:16.108+0000][6][gc,age       ] GC(5) - age   1:     996168 bytes,     996168 total
[2021-08-17T05:15:16.108+0000][6][gc,age       ] GC(5) - age   2:    2097768 bytes,    3093936 total
[2021-08-17T05:15:16.108+0000][6][gc,age       ] GC(5) - age   3:    2070232 bytes,    5164168 total
[2021-08-17T05:15:16.108+0000][6][gc,age       ] GC(5) - age   4:    1827952 bytes,    6992120 total
[2021-08-17T05:15:16.108+0000][6][gc,age       ] GC(5) - age   5:    1183088 bytes,    8175208 total
[2021-08-17T05:15:16.108+0000][6][gc,phases    ] GC(5)   Pre Evacuate Collection Set: 0.2ms
[2021-08-17T05:15:16.108+0000][6][gc,phases    ] GC(5)   Merge Heap Roots: 0.2ms
[2021-08-17T05:15:16.108+0000][6][gc,phases    ] GC(5)   Evacuate Collection Set: 7.2ms
[2021-08-17T05:15:16.108+0000][6][gc,phases    ] GC(5)   Post Evacuate Collection Set: 1.4ms
[2021-08-17T05:15:16.108+0000][6][gc,phases    ] GC(5)   Other: 0.4ms
[2021-08-17T05:15:16.108+0000][6][gc,heap      ] GC(5) Eden regions: 85->0(145)
[2021-08-17T05:15:16.108+0000][6][gc,heap      ] GC(5) Survivor regions: 8->8(20)
[2021-08-17T05:15:16.108+0000][6][gc,heap      ] GC(5) Old regions: 3->3
[2021-08-17T05:15:16.108+0000][6][gc,heap      ] GC(5) Archive regions: 2->2
[2021-08-17T05:15:16.108+0000][6][gc,heap      ] GC(5) Humongous regions: 1->1
[2021-08-17T05:15:16.108+0000][6][gc,metaspace ] GC(5) Metaspace: 20192K(21248K)->20192K(21248K) NonClass: 17759K(18432K)->17759K(18432K) Class: 2433K(2816K)->2433K(2816K)
[2021-08-17T05:15:16.108+0000][6][gc           ] GC(5) Pause Young (Concurrent Start) (Metadata GC Threshold) 96M->11M(258M) 9.363ms
[2021-08-17T05:15:16.108+0000][6][gc,cpu       ] GC(5) User=0.02s Sys=0.00s Real=0.01s
[2021-08-17T05:15:16.108+0000][6][gc           ] GC(6) Concurrent Cycle
[2021-08-17T05:15:16.108+0000][6][gc,marking   ] GC(6) Concurrent Clear Claimed Marks
[2021-08-17T05:15:16.108+0000][6][gc,marking   ] GC(6) Concurrent Clear Claimed Marks 0.059ms
[2021-08-17T05:15:16.108+0000][6][gc,marking   ] GC(6) Concurrent Scan Root Regions
[2021-08-17T05:15:16.108+0000][6][safepoint    ] Safepoint "CollectForMetadataAllocation", Time since last: 386059328 ns, Reaching safepoint: 137115 ns, At safepoint: 9620824 ns, Total: 9757939 ns
[2021-08-17T05:15:16.111+0000][6][safepoint    ] Safepoint "BulkRevokeBias", Time since last: 2091066 ns, Reaching safepoint: 308018 ns, At safepoint: 45954 ns, Total: 353972 ns
[2021-08-17T05:15:16.111+0000][6][safepoint    ] Safepoint "BulkRevokeBias", Time since last: 69272 ns, Reaching safepoint: 252400 ns, At safepoint: 61266 ns, Total: 313666 ns
[2021-08-17T05:15:16.112+0000][6][gc,marking   ] GC(6) Concurrent Scan Root Regions 3.760ms
[2021-08-17T05:15:16.112+0000][6][gc,marking   ] GC(6) Concurrent Mark (3.297s)
[2021-08-17T05:15:16.112+0000][6][gc,marking   ] GC(6) Concurrent Mark From Roots
[2021-08-17T05:15:16.112+0000][6][gc,task      ] GC(6) Using 1 workers of 1 for marking
[2021-08-17T05:15:16.116+0000][6][gc,marking   ] GC(6) Concurrent Mark From Roots 3.295ms
[2021-08-17T05:15:16.116+0000][6][gc,marking   ] GC(6) Concurrent Preclean
[2021-08-17T05:15:16.116+0000][6][gc,marking   ] GC(6) Concurrent Preclean 0.131ms
[2021-08-17T05:15:16.116+0000][6][gc,marking   ] GC(6) Concurrent Mark (3.297s, 3.300s) 3.462ms
[2021-08-17T05:15:16.116+0000][6][gc,start     ] GC(6) Pause Remark
[2021-08-17T05:15:16.119+0000][6][gc           ] GC(6) Pause Remark 12M->12M(256M) 2.706ms
[2021-08-17T05:15:16.119+0000][6][gc,cpu       ] GC(6) User=0.00s Sys=0.00s Real=0.01s
[2021-08-17T05:15:16.119+0000][6][safepoint    ] Safepoint "G1Concurrent", Time since last: 4656044 ns, Reaching safepoint: 302490 ns, At safepoint: 2788042 ns, Total: 3090532 ns
[2021-08-17T05:15:16.119+0000][6][gc,marking   ] GC(6) Concurrent Rebuild Remembered Sets
[2021-08-17T05:15:16.121+0000][6][gc,marking   ] GC(6) Concurrent Rebuild Remembered Sets 1.432ms
[2021-08-17T05:15:16.121+0000][6][gc,start     ] GC(6) Pause Cleanup
[2021-08-17T05:15:16.121+0000][6][gc           ] GC(6) Pause Cleanup 12M->12M(256M) 0.177ms
[2021-08-17T05:15:16.121+0000][6][gc,cpu       ] GC(6) User=0.00s Sys=0.00s Real=0.00s
[2021-08-17T05:15:16.121+0000][6][safepoint    ] Safepoint "G1Concurrent", Time since last: 1493314 ns, Reaching safepoint: 528699 ns, At safepoint: 224573 ns, Total: 753272 ns
[2021-08-17T05:15:16.121+0000][6][gc,marking   ] GC(6) Concurrent Cleanup for Next Mark
[2021-08-17T05:15:16.122+0000][6][gc,marking   ] GC(6) Concurrent Cleanup for Next Mark 0.381ms
[2021-08-17T05:15:16.122+0000][6][gc           ] GC(6) Concurrent Cycle 13.366ms
[2021-08-17T05:15:16.498+0000][6][safepoint    ] Safepoint "ICBufferFull", Time since last: 376329798 ns, Reaching safepoint: 333159 ns, At safepoint: 25469 ns, Total: 358628 ns
[2021-08-17T05:15:17.227+0000][6][gc,start     ] GC(7) Pause Young (Normal) (G1 Evacuation Pause)
[2021-08-17T05:15:17.227+0000][6][gc,task      ] GC(7) Using 4 workers of 4 for evacuation
[2021-08-17T05:15:17.227+0000][6][gc,age       ] GC(7) Desired survivor size 10485760 bytes, new threshold 15 (max threshold 15)
[2021-08-17T05:15:17.243+0000][6][gc,age       ] GC(7) Age table with threshold 15 (max threshold 15)
[2021-08-17T05:15:17.243+0000][6][gc,age       ] GC(7) - age   1:   12874936 bytes,   12874936 total
[2021-08-17T05:15:17.243+0000][6][gc,age       ] GC(7) - age   2:     966688 bytes,   13841624 total
[2021-08-17T05:15:17.243+0000][6][gc,age       ] GC(7) - age   3:    2093616 bytes,   15935240 total
[2021-08-17T05:15:17.243+0000][6][gc,age       ] GC(7) - age   4:    2066520 bytes,   18001760 total
[2021-08-17T05:15:17.243+0000][6][gc,age       ] GC(7) - age   5:    1793672 bytes,   19795432 total
[2021-08-17T05:15:17.243+0000][6][gc,age       ] GC(7) - age   6:    1157984 bytes,   20953416 total
[2021-08-17T05:15:17.244+0000][6][gc,phases    ] GC(7)   Pre Evacuate Collection Set: 0.1ms
[2021-08-17T05:15:17.244+0000][6][gc,phases    ] GC(7)   Merge Heap Roots: 0.1ms
[2021-08-17T05:15:17.244+0000][6][gc,phases    ] GC(7)   Evacuate Collection Set: 14.8ms
[2021-08-17T05:15:17.244+0000][6][gc,phases    ] GC(7)   Post Evacuate Collection Set: 1.7ms
[2021-08-17T05:15:17.244+0000][6][gc,phases    ] GC(7)   Other: 0.2ms
[2021-08-17T05:15:17.244+0000][6][gc,heap      ] GC(7) Eden regions: 145->0(133)
[2021-08-17T05:15:17.244+0000][6][gc,heap      ] GC(7) Survivor regions: 8->20(20)
[2021-08-17T05:15:17.244+0000][6][gc,heap      ] GC(7) Old regions: 3->9
[2021-08-17T05:15:17.244+0000][6][gc,heap      ] GC(7) Archive regions: 2->2
[2021-08-17T05:15:17.244+0000][6][gc,heap      ] GC(7) Humongous regions: 1->1
[2021-08-17T05:15:17.244+0000][6][gc,metaspace ] GC(7) Metaspace: 24821K(26364K)->24821K(26364K) NonClass: 21727K(22784K)->21727K(22784K) Class: 3094K(3580K)->3094K(3580K)
[2021-08-17T05:15:17.244+0000][6][gc           ] GC(7) Pause Young (Normal) (G1 Evacuation Pause) 156M->29M(256M) 16.971ms
[2021-08-17T05:15:17.244+0000][6][gc,cpu       ] GC(7) User=0.06s Sys=0.00s Real=0.02s
[2021-08-17T05:15:17.244+0000][6][safepoint    ] Safepoint "G1CollectForAllocation", Time since last: 728510579 ns, Reaching safepoint: 108674 ns, At safepoint: 17046884 ns, Total: 17155558 ns
[2021-08-17T05:15:17.858+0000][6][safepoint    ] Safepoint "ICBufferFull", Time since last: 613693131 ns, Reaching safepoint: 158400 ns, At safepoint: 4872 ns, Total: 163272 ns
[2021-08-17T05:15:17.987+0000][6][gc,start     ] GC(8) Pause Young (Concurrent Start) (Metadata GC Threshold)
[2021-08-17T05:15:17.987+0000][6][gc,task      ] GC(8) Using 4 workers of 4 for evacuation
[2021-08-17T05:15:17.987+0000][6][gc,age       ] GC(8) Desired survivor size 10485760 bytes, new threshold 1 (max threshold 15)
[2021-08-17T05:15:18.006+0000][6][gc,age       ] GC(8) Age table with threshold 1 (max threshold 15)
[2021-08-17T05:15:18.006+0000][6][gc,age       ] GC(8) - age   1:   10180560 bytes,   10180560 total
[2021-08-17T05:15:18.006+0000][6][gc,phases    ] GC(8)   Pre Evacuate Collection Set: 0.4ms
[2021-08-17T05:15:18.006+0000][6][gc,phases    ] GC(8)   Merge Heap Roots: 0.3ms
[2021-08-17T05:15:18.006+0000][6][gc,phases    ] GC(8)   Evacuate Collection Set: 17.1ms
[2021-08-17T05:15:18.006+0000][6][gc,phases    ] GC(8)   Post Evacuate Collection Set: 1.5ms
[2021-08-17T05:15:18.006+0000][6][gc,phases    ] GC(8)   Other: 0.2ms
[2021-08-17T05:15:18.006+0000][6][gc,heap      ] GC(8) Eden regions: 107->0(123)
[2021-08-17T05:15:18.006+0000][6][gc,heap      ] GC(8) Survivor regions: 20->11(20)
[2021-08-17T05:15:18.006+0000][6][gc,heap      ] GC(8) Old regions: 9->29
[2021-08-17T05:15:18.006+0000][6][gc,heap      ] GC(8) Archive regions: 2->2
[2021-08-17T05:15:18.006+0000][6][gc,heap      ] GC(8) Humongous regions: 1->1
[2021-08-17T05:15:18.006+0000][6][gc,metaspace ] GC(8) Metaspace: 33777K(36048K)->33777K(36048K) NonClass: 29332K(30676K)->29332K(30676K) Class: 4445K(5372K)->4445K(5372K)
[2021-08-17T05:15:18.006+0000][6][gc           ] GC(8) Pause Young (Concurrent Start) (Metadata GC Threshold) 136M->40M(256M) 19.547ms
[2021-08-17T05:15:18.006+0000][6][gc,cpu       ] GC(8) User=0.07s Sys=0.00s Real=0.02s
[2021-08-17T05:15:18.006+0000][6][gc           ] GC(9) Concurrent Cycle
[2021-08-17T05:15:18.006+0000][6][gc,marking   ] GC(9) Concurrent Clear Claimed Marks
[2021-08-17T05:15:18.006+0000][6][gc,marking   ] GC(9) Concurrent Clear Claimed Marks 0.132ms
[2021-08-17T05:15:18.006+0000][6][gc,marking   ] GC(9) Concurrent Scan Root Regions
[2021-08-17T05:15:18.006+0000][6][safepoint    ] Safepoint "CollectForMetadataAllocation", Time since last: 128912282 ns, Reaching safepoint: 97664 ns, At safepoint: 19898037 ns, Total: 19995701 ns
[2021-08-17T05:15:18.019+0000][6][safepoint    ] Safepoint "CollectForMetadataAllocation", Time since last: 11783328 ns, Reaching safepoint: 71575 ns, At safepoint: 558223 ns, Total: 629798 ns
[2021-08-17T05:15:18.022+0000][6][gc,marking   ] GC(9) Concurrent Scan Root Regions 15.946ms
[2021-08-17T05:15:18.022+0000][6][gc,marking   ] GC(9) Concurrent Mark (5.207s)
[2021-08-17T05:15:18.022+0000][6][gc,marking   ] GC(9) Concurrent Mark From Roots
[2021-08-17T05:15:18.022+0000][6][gc,task      ] GC(9) Using 1 workers of 1 for marking
[2021-08-17T05:15:18.036+0000][6][safepoint    ] Safepoint "CollectForMetadataAllocation", Time since last: 16597971 ns, Reaching safepoint: 144419 ns, At safepoint: 573864 ns, Total: 718283 ns
[2021-08-17T05:15:18.038+0000][6][gc,marking   ] GC(9) Concurrent Mark From Roots 15.859ms
[2021-08-17T05:15:18.038+0000][6][gc,marking   ] GC(9) Concurrent Preclean
[2021-08-17T05:15:18.038+0000][6][gc,marking   ] GC(9) Concurrent Preclean 0.210ms
[2021-08-17T05:15:18.038+0000][6][gc,marking   ] GC(9) Concurrent Mark (5.207s, 5.223s) 16.107ms
[2021-08-17T05:15:18.039+0000][6][gc,start     ] GC(9) Pause Remark
[2021-08-17T05:15:18.044+0000][6][gc           ] GC(9) Pause Remark 43M->43M(256M) 4.757ms
[2021-08-17T05:15:18.044+0000][6][gc,cpu       ] GC(9) User=0.01s Sys=0.00s Real=0.00s
[2021-08-17T05:15:18.044+0000][6][safepoint    ] Safepoint "G1Concurrent", Time since last: 2359070 ns, Reaching safepoint: 625145 ns, At safepoint: 4843939 ns, Total: 5469084 ns
[2021-08-17T05:15:18.044+0000][6][gc,marking   ] GC(9) Concurrent Rebuild Remembered Sets
[2021-08-17T05:15:18.081+0000][6][gc,marking   ] GC(9) Concurrent Rebuild Remembered Sets 37.442ms
[2021-08-17T05:15:18.082+0000][6][gc,start     ] GC(9) Pause Cleanup
[2021-08-17T05:15:18.082+0000][6][gc           ] GC(9) Pause Cleanup 43M->43M(256M) 0.168ms
[2021-08-17T05:15:18.082+0000][6][gc,cpu       ] GC(9) User=0.00s Sys=0.00s Real=0.00s
[2021-08-17T05:15:18.082+0000][6][safepoint    ] Safepoint "G1Concurrent", Time since last: 37555615 ns, Reaching safepoint: 708212 ns, At safepoint: 240052 ns, Total: 948264 ns
[2021-08-17T05:15:18.083+0000][6][gc,marking   ] GC(9) Concurrent Cleanup for Next Mark
[2021-08-17T05:15:18.083+0000][6][gc,marking   ] GC(9) Concurrent Cleanup for Next Mark 0.492ms
[2021-08-17T05:15:18.083+0000][6][gc           ] GC(9) Concurrent Cycle 76.783ms
[2021-08-17T05:15:19.104+0000][6][safepoint    ] Safepoint "ICBufferFull", Time since last: 1019885141 ns, Reaching safepoint: 1152746 ns, At safepoint: 7429 ns, Total: 1160175 ns
[2021-08-17T05:15:19.424+0000][6][safepoint    ] Safepoint "BulkRevokeBias", Time since last: 319873559 ns, Reaching safepoint: 656266 ns, At safepoint: 48204 ns, Total: 704470 ns
[2021-08-17T05:15:19.437+0000][6][safepoint    ] Safepoint "BulkRevokeBias", Time since last: 12233938 ns, Reaching safepoint: 200705 ns, At safepoint: 90991 ns, Total: 291696 ns
[2021-08-17T05:15:19.673+0000][6][safepoint    ] Safepoint "BulkRevokeBias", Time since last: 236402511 ns, Reaching safepoint: 139848 ns, At safepoint: 144428 ns, Total: 284276 ns
[2021-08-17T05:15:19.730+0000][6][gc,start     ] GC(10) Pause Young (Concurrent Start) (G1 Evacuation Pause)
[2021-08-17T05:15:19.730+0000][6][gc,task      ] GC(10) Using 4 workers of 4 for evacuation
[2021-08-17T05:15:19.730+0000][6][gc,age       ] GC(10) Desired survivor size 8912896 bytes, new threshold 1 (max threshold 15)
[2021-08-17T05:15:19.744+0000][6][gc,age       ] GC(10) Age table with threshold 1 (max threshold 15)
[2021-08-17T05:15:19.744+0000][6][gc,age       ] GC(10) - age   1:    7313904 bytes,    7313904 total
[2021-08-17T05:15:19.745+0000][6][gc,phases    ] GC(10)   Pre Evacuate Collection Set: 0.5ms
[2021-08-17T05:15:19.745+0000][6][gc,phases    ] GC(10)   Merge Heap Roots: 0.1ms
[2021-08-17T05:15:19.745+0000][6][gc,phases    ] GC(10)   Evacuate Collection Set: 12.1ms
[2021-08-17T05:15:19.745+0000][6][gc,phases    ] GC(10)   Post Evacuate Collection Set: 1.6ms
[2021-08-17T05:15:19.745+0000][6][gc,phases    ] GC(10)   Other: 0.2ms
[2021-08-17T05:15:19.745+0000][6][gc,heap      ] GC(10) Eden regions: 123->0(116)
[2021-08-17T05:15:19.745+0000][6][gc,heap      ] GC(10) Survivor regions: 11->8(17)
[2021-08-17T05:15:19.745+0000][6][gc,heap      ] GC(10) Old regions: 29->40
[2021-08-17T05:15:19.745+0000][6][gc,heap      ] GC(10) Archive regions: 2->2
[2021-08-17T05:15:19.745+0000][6][gc,heap      ] GC(10) Humongous regions: 1->1
[2021-08-17T05:15:19.745+0000][6][gc,metaspace ] GC(10) Metaspace: 56666K(60368K)->56666K(60368K) NonClass: 49131K(51156K)->49131K(51156K) Class: 7534K(9212K)->7534K(9212K)
[2021-08-17T05:15:19.745+0000][6][gc           ] GC(10) Pause Young (Concurrent Start) (G1 Evacuation Pause) 163M->48M(256M) 14.558ms
[2021-08-17T05:15:19.745+0000][6][gc,cpu       ] GC(10) User=0.05s Sys=0.00s Real=0.01s
[2021-08-17T05:15:19.745+0000][6][safepoint    ] Safepoint "G1CollectForAllocation", Time since last: 56583733 ns, Reaching safepoint: 104483 ns, At safepoint: 14674176 ns, Total: 14778659 ns
[2021-08-17T05:15:19.745+0000][6][gc           ] GC(11) Concurrent Cycle
[2021-08-17T05:15:19.745+0000][6][gc,marking   ] GC(11) Concurrent Clear Claimed Marks
[2021-08-17T05:15:19.745+0000][6][gc,marking   ] GC(11) Concurrent Clear Claimed Marks 0.360ms
[2021-08-17T05:15:19.745+0000][6][gc,marking   ] GC(11) Concurrent Scan Root Regions
[2021-08-17T05:15:19.757+0000][6][gc,marking   ] GC(11) Concurrent Scan Root Regions 11.336ms
[2021-08-17T05:15:19.757+0000][6][gc,marking   ] GC(11) Concurrent Mark (6.941s)
[2021-08-17T05:15:19.757+0000][6][gc,marking   ] GC(11) Concurrent Mark From Roots
[2021-08-17T05:15:19.757+0000][6][gc,task      ] GC(11) Using 1 workers of 1 for marking
[2021-08-17T05:15:19.842+0000][6][safepoint    ] Safepoint "BulkRevokeBias", Time since last: 94279626 ns, Reaching safepoint: 3215841 ns, At safepoint: 205696 ns, Total: 3421537 ns
[2021-08-17T05:15:19.844+0000][6][gc,marking   ] GC(11) Concurrent Mark From Roots 87.454ms
[2021-08-17T05:15:19.844+0000][6][gc,marking   ] GC(11) Concurrent Preclean
[2021-08-17T05:15:19.844+0000][6][gc,marking   ] GC(11) Concurrent Preclean 0.156ms
[2021-08-17T05:15:19.844+0000][6][gc,marking   ] GC(11) Concurrent Mark (6.941s, 7.029s) 87.643ms
[2021-08-17T05:15:19.848+0000][6][gc,start     ] GC(11) Pause Remark
[2021-08-17T05:15:19.851+0000][6][gc           ] GC(11) Pause Remark 58M->58M(256M) 3.374ms
[2021-08-17T05:15:19.851+0000][6][gc,cpu       ] GC(11) User=0.01s Sys=0.00s Real=0.00s
[2021-08-17T05:15:19.851+0000][6][safepoint    ] Safepoint "G1Concurrent", Time since last: 4936722 ns, Reaching safepoint: 279213 ns, At safepoint: 3472812 ns, Total: 3752025 ns
[2021-08-17T05:15:19.851+0000][6][gc,marking   ] GC(11) Concurrent Rebuild Remembered Sets
[2021-08-17T05:15:19.901+0000][6][gc,marking   ] GC(11) Concurrent Rebuild Remembered Sets 49.596ms
[2021-08-17T05:15:19.902+0000][6][gc,start     ] GC(11) Pause Cleanup
[2021-08-17T05:15:19.902+0000][6][gc           ] GC(11) Pause Cleanup 65M->65M(256M) 0.261ms
[2021-08-17T05:15:19.902+0000][6][gc,cpu       ] GC(11) User=0.00s Sys=0.00s Real=0.00s
[2021-08-17T05:15:19.902+0000][6][safepoint    ] Safepoint "G1Concurrent", Time since last: 49768428 ns, Reaching safepoint: 805857 ns, At safepoint: 350033 ns, Total: 1155890 ns
[2021-08-17T05:15:19.902+0000][6][gc,marking   ] GC(11) Concurrent Cleanup for Next Mark
[2021-08-17T05:15:19.903+0000][6][gc,marking   ] GC(11) Concurrent Cleanup for Next Mark 0.447ms
[2021-08-17T05:15:19.903+0000][6][gc           ] GC(11) Concurrent Cycle 157.803ms
[2021-08-17T05:15:19.930+0000][6][safepoint    ] Safepoint "BulkRevokeBias", Time since last: 27940695 ns, Reaching safepoint: 135179 ns, At safepoint: 98950 ns, Total: 234129 ns
[2021-08-17T05:15:20.738+0000][6][gc,start     ] GC(12) Pause Young (Concurrent Start) (G1 Humongous Allocation)
[2021-08-17T05:15:20.738+0000][6][gc,task      ] GC(12) Using 4 workers of 4 for evacuation
[2021-08-17T05:15:20.738+0000][6][gc,age       ] GC(12) Desired survivor size 8388608 bytes, new threshold 15 (max threshold 15)
[2021-08-17T05:15:20.775+0000][6][gc,age       ] GC(12) Age table with threshold 15 (max threshold 15)
[2021-08-17T05:15:20.775+0000][6][gc,age       ] GC(12) - age   1:   10380088 bytes,   10380088 total
[2021-08-17T05:15:20.775+0000][6][gc,age       ] GC(12) - age   2:    6389960 bytes,   16770048 total
[2021-08-17T05:15:20.775+0000][6][gc,phases    ] GC(12)   Pre Evacuate Collection Set: 0.5ms
[2021-08-17T05:15:20.775+0000][6][gc,phases    ] GC(12)   Merge Heap Roots: 0.3ms
[2021-08-17T05:15:20.775+0000][6][gc,phases    ] GC(12)   Evacuate Collection Set: 34.6ms
[2021-08-17T05:15:20.775+0000][6][gc,phases    ] GC(12)   Post Evacuate Collection Set: 1.6ms
[2021-08-17T05:15:20.775+0000][6][gc,phases    ] GC(12)   Other: 0.2ms
[2021-08-17T05:15:20.775+0000][6][gc,heap      ] GC(12) Eden regions: 99->0(39)
[2021-08-17T05:15:20.775+0000][6][gc,heap      ] GC(12) Survivor regions: 8->16(16)
[2021-08-17T05:15:20.775+0000][6][gc,heap      ] GC(12) Old regions: 40->72
[2021-08-17T05:15:20.775+0000][6][gc,heap      ] GC(12) Archive regions: 2->2
[2021-08-17T05:15:20.775+0000][6][gc,heap      ] GC(12) Humongous regions: 31->31
[2021-08-17T05:15:20.775+0000][6][gc,metaspace ] GC(12) Metaspace: 59937K(63952K)->59937K(63952K) NonClass: 51956K(54228K)->51956K(54228K) Class: 7980K(9724K)->7980K(9724K)
[2021-08-17T05:15:20.775+0000][6][gc           ] GC(12) Pause Young (Concurrent Start) (G1 Humongous Allocation) 176M->118M(256M) 37.158ms
[2021-08-17T05:15:20.775+0000][6][gc,cpu       ] GC(12) User=0.12s Sys=0.00s Real=0.03s
[2021-08-17T05:15:20.775+0000][6][safepoint    ] Safepoint "G1TryInitiateConcMark", Time since last: 807160635 ns, Reaching safepoint: 259963 ns, At safepoint: 37257461 ns, Total: 37517424 ns
[2021-08-17T05:15:20.775+0000][6][gc           ] GC(13) Concurrent Cycle
[2021-08-17T05:15:20.775+0000][6][gc,marking   ] GC(13) Concurrent Clear Claimed Marks
[2021-08-17T05:15:20.775+0000][6][gc,marking   ] GC(13) Concurrent Clear Claimed Marks 0.396ms
[2021-08-17T05:15:20.775+0000][6][gc,marking   ] GC(13) Concurrent Scan Root Regions
[2021-08-17T05:15:20.794+0000][6][gc,marking   ] GC(13) Concurrent Scan Root Regions 18.165ms
[2021-08-17T05:15:20.794+0000][6][gc,marking   ] GC(13) Concurrent Mark (7.978s)
[2021-08-17T05:15:20.794+0000][6][gc,marking   ] GC(13) Concurrent Mark From Roots
[2021-08-17T05:15:20.794+0000][6][gc,task      ] GC(13) Using 1 workers of 1 for marking
[2021-08-17T05:15:20.866+0000][6][gc,marking   ] GC(13) Concurrent Mark From Roots 72.287ms
[2021-08-17T05:15:20.866+0000][6][gc,marking   ] GC(13) Concurrent Preclean
[2021-08-17T05:15:20.866+0000][6][gc,marking   ] GC(13) Concurrent Preclean 0.170ms
[2021-08-17T05:15:20.866+0000][6][gc,marking   ] GC(13) Concurrent Mark (7.978s, 8.051s) 72.503ms
[2021-08-17T05:15:20.867+0000][6][gc,start     ] GC(13) Pause Remark
[2021-08-17T05:15:20.933+0000][6][gc           ] GC(13) Pause Remark 188M->181M(309M) 66.791ms
[2021-08-17T05:15:20.933+0000][6][gc,cpu       ] GC(13) User=0.02s Sys=0.05s Real=0.07s
[2021-08-17T05:15:20.933+0000][6][safepoint    ] Safepoint "G1Concurrent", Time since last: 91472975 ns, Reaching safepoint: 250794 ns, At safepoint: 66908308 ns, Total: 67159102 ns
[2021-08-17T05:15:20.934+0000][6][gc,marking   ] GC(13) Concurrent Rebuild Remembered Sets
[2021-08-17T05:15:20.944+0000][6][gc,start     ] GC(14) Pause Young (Normal) (G1 Evacuation Pause)
[2021-08-17T05:15:20.944+0000][6][gc,task      ] GC(14) Using 4 workers of 4 for evacuation
[2021-08-17T05:15:20.944+0000][6][gc,age       ] GC(14) Desired survivor size 3670016 bytes, new threshold 1 (max threshold 15)
[2021-08-17T05:15:20.959+0000][6][gc,age       ] GC(14) Age table with threshold 1 (max threshold 15)
[2021-08-17T05:15:20.959+0000][6][gc,age       ] GC(14) - age   1:    7339696 bytes,    7339696 total
[2021-08-17T05:15:20.959+0000][6][gc,phases    ] GC(14)   Pre Evacuate Collection Set: 0.3ms
[2021-08-17T05:15:20.959+0000][6][gc,phases    ] GC(14)   Merge Heap Roots: 0.3ms
[2021-08-17T05:15:20.959+0000][6][gc,phases    ] GC(14)   Evacuate Collection Set: 12.7ms
[2021-08-17T05:15:20.959+0000][6][gc,phases    ] GC(14)   Post Evacuate Collection Set: 1.5ms
[2021-08-17T05:15:20.959+0000][6][gc,phases    ] GC(14)   Other: 0.2ms
[2021-08-17T05:15:20.959+0000][6][gc,heap      ] GC(14) Eden regions: 39->0(47)
[2021-08-17T05:15:20.959+0000][6][gc,heap      ] GC(14) Survivor regions: 16->7(7)
[2021-08-17T05:15:20.959+0000][6][gc,heap      ] GC(14) Old regions: 72->90
[2021-08-17T05:15:20.959+0000][6][gc,heap      ] GC(14) Archive regions: 2->2
[2021-08-17T05:15:20.959+0000][6][gc,heap      ] GC(14) Humongous regions: 64->48
[2021-08-17T05:15:20.959+0000][6][gc,metaspace ] GC(14) Metaspace: 59953K(63952K)->59953K(63952K) NonClass: 51972K(54228K)->51972K(54228K) Class: 7981K(9724K)->7981K(9724K)
[2021-08-17T05:15:20.959+0000][6][gc           ] GC(14) Pause Young (Normal) (G1 Evacuation Pause) 190M->144M(309M) 14.993ms
[2021-08-17T05:15:20.959+0000][6][gc,cpu       ] GC(14) User=0.05s Sys=0.00s Real=0.02s
[2021-08-17T05:15:20.959+0000][6][safepoint    ] Safepoint "G1CollectForAllocation", Time since last: 9601686 ns, Reaching safepoint: 809362 ns, At safepoint: 15094864 ns, Total: 15904226 ns
[2021-08-17T05:15:21.006+0000][6][gc,start     ] GC(15) Pause Young (Normal) (G1 Evacuation Pause)
[2021-08-17T05:15:21.006+0000][6][gc,task      ] GC(15) Using 4 workers of 4 for evacuation
[2021-08-17T05:15:21.006+0000][6][gc,age       ] GC(15) Desired survivor size 3670016 bytes, new threshold 1 (max threshold 15)
[2021-08-17T05:15:21.015+0000][6][gc,age       ] GC(15) Age table with threshold 1 (max threshold 15)
[2021-08-17T05:15:21.015+0000][6][gc,age       ] GC(15) - age   1:    3155440 bytes,    3155440 total
[2021-08-17T05:15:21.015+0000][6][gc,phases    ] GC(15)   Pre Evacuate Collection Set: 0.2ms
[2021-08-17T05:15:21.015+0000][6][gc,phases    ] GC(15)   Merge Heap Roots: 0.2ms
[2021-08-17T05:15:21.015+0000][6][gc,phases    ] GC(15)   Evacuate Collection Set: 7.4ms
[2021-08-17T05:15:21.015+0000][6][gc,phases    ] GC(15)   Post Evacuate Collection Set: 1.3ms
[2021-08-17T05:15:21.015+0000][6][gc,phases    ] GC(15)   Other: 0.2ms
[2021-08-17T05:15:21.015+0000][6][gc,heap      ] GC(15) Eden regions: 47->0(48)
[2021-08-17T05:15:21.015+0000][6][gc,heap      ] GC(15) Survivor regions: 7->4(7)
[2021-08-17T05:15:21.015+0000][6][gc,heap      ] GC(15) Old regions: 90->97
[2021-08-17T05:15:21.015+0000][6][gc,heap      ] GC(15) Archive regions: 2->2
[2021-08-17T05:15:21.015+0000][6][gc,heap      ] GC(15) Humongous regions: 48->48
[2021-08-17T05:15:21.015+0000][6][gc,metaspace ] GC(15) Metaspace: 59958K(63952K)->59958K(63952K) NonClass: 51976K(54228K)->51976K(54228K) Class: 7981K(9724K)->7981K(9724K)
[2021-08-17T05:15:21.015+0000][6][gc           ] GC(15) Pause Young (Normal) (G1 Evacuation Pause) 191M->148M(309M) 9.393ms
[2021-08-17T05:15:21.015+0000][6][gc,cpu       ] GC(15) User=0.03s Sys=0.00s Real=0.01s
[2021-08-17T05:15:21.015+0000][6][safepoint    ] Safepoint "G1CollectForAllocation", Time since last: 46269986 ns, Reaching safepoint: 499416 ns, At safepoint: 9498869 ns, Total: 9998285 ns
[2021-08-17T05:15:21.042+0000][6][gc,marking   ] GC(13) Concurrent Rebuild Remembered Sets 108.566ms
[2021-08-17T05:15:21.044+0000][6][gc,start     ] GC(13) Pause Cleanup
[2021-08-17T05:15:21.044+0000][6][gc           ] GC(13) Pause Cleanup 180M->180M(309M) 0.287ms
[2021-08-17T05:15:21.045+0000][6][gc,cpu       ] GC(13) User=0.00s Sys=0.00s Real=0.00s
[2021-08-17T05:15:21.045+0000][6][safepoint    ] Safepoint "G1Concurrent", Time since last: 27942181 ns, Reaching safepoint: 986247 ns, At safepoint: 374594 ns, Total: 1360841 ns
[2021-08-17T05:15:21.045+0000][6][gc,marking   ] GC(13) Concurrent Cleanup for Next Mark
[2021-08-17T05:15:21.045+0000][6][gc,marking   ] GC(13) Concurrent Cleanup for Next Mark 0.605ms
[2021-08-17T05:15:21.045+0000][6][gc           ] GC(13) Concurrent Cycle 270.479ms
[2021-08-17T05:15:21.068+0000][6][gc,start     ] GC(16) Pause Young (Normal) (G1 Evacuation Pause)
[2021-08-17T05:15:21.068+0000][6][gc,task      ] GC(16) Using 4 workers of 4 for evacuation
[2021-08-17T05:15:21.068+0000][6][gc,age       ] GC(16) Desired survivor size 3670016 bytes, new threshold 15 (max threshold 15)
[2021-08-17T05:15:21.075+0000][6][gc,age       ] GC(16) Age table with threshold 15 (max threshold 15)
[2021-08-17T05:15:21.075+0000][6][gc,age       ] GC(16) - age   1:    2922320 bytes,    2922320 total
[2021-08-17T05:15:21.075+0000][6][gc,age       ] GC(16) - age   2:    2728456 bytes,    5650776 total
[2021-08-17T05:15:21.075+0000][6][gc,phases    ] GC(16)   Pre Evacuate Collection Set: 0.3ms
[2021-08-17T05:15:21.075+0000][6][gc,phases    ] GC(16)   Merge Heap Roots: 0.2ms
[2021-08-17T05:15:21.076+0000][6][gc,phases    ] GC(16)   Evacuate Collection Set: 5.8ms
[2021-08-17T05:15:21.076+0000][6][gc,phases    ] GC(16)   Post Evacuate Collection Set: 1.3ms
[2021-08-17T05:15:21.076+0000][6][gc,phases    ] GC(16)   Other: 0.1ms
[2021-08-17T05:15:21.076+0000][6][gc,heap      ] GC(16) Eden regions: 48->0(50)
[2021-08-17T05:15:21.076+0000][6][gc,heap      ] GC(16) Survivor regions: 4->6(7)
[2021-08-17T05:15:21.076+0000][6][gc,heap      ] GC(16) Old regions: 97->97
[2021-08-17T05:15:21.076+0000][6][gc,heap      ] GC(16) Archive regions: 2->2
[2021-08-17T05:15:21.076+0000][6][gc,heap      ] GC(16) Humongous regions: 49->49
[2021-08-17T05:15:21.076+0000][6][gc,metaspace ] GC(16) Metaspace: 60131K(64208K)->60131K(64208K) NonClass: 52128K(54484K)->52128K(54484K) Class: 8003K(9724K)->8003K(9724K)
[2021-08-17T05:15:21.076+0000][6][gc           ] GC(16) Pause Young (Normal) (G1 Evacuation Pause) 197M->151M(309M) 7.715ms
[2021-08-17T05:15:21.076+0000][6][gc,cpu       ] GC(16) User=0.03s Sys=0.00s Real=0.00s
[2021-08-17T05:15:21.076+0000][6][safepoint    ] Safepoint "G1CollectForAllocation", Time since last: 23143547 ns, Reaching safepoint: 121566 ns, At safepoint: 7811381 ns, Total: 7932947 ns
[2021-08-17T05:15:21.083+0000][6][gc,start     ] GC(17) Pause Young (Concurrent Start) (G1 Humongous Allocation)
[2021-08-17T05:15:21.083+0000][6][gc,task      ] GC(17) Using 4 workers of 4 for evacuation
[2021-08-17T05:15:21.083+0000][6][gc,age       ] GC(17) Desired survivor size 3670016 bytes, new threshold 2 (max threshold 15)
[2021-08-17T05:15:21.090+0000][6][gc,age       ] GC(17) Age table with threshold 2 (max threshold 15)
[2021-08-17T05:15:21.090+0000][6][gc,age       ] GC(17) - age   1:     582816 bytes,     582816 total
[2021-08-17T05:15:21.090+0000][6][gc,age       ] GC(17) - age   2:    2914328 bytes,    3497144 total
[2021-08-17T05:15:21.090+0000][6][gc,phases    ] GC(17)   Pre Evacuate Collection Set: 0.4ms
[2021-08-17T05:15:21.090+0000][6][gc,phases    ] GC(17)   Merge Heap Roots: 0.1ms
[2021-08-17T05:15:21.090+0000][6][gc,phases    ] GC(17)   Evacuate Collection Set: 5.5ms
[2021-08-17T05:15:21.090+0000][6][gc,phases    ] GC(17)   Post Evacuate Collection Set: 0.9ms
[2021-08-17T05:15:21.090+0000][6][gc,phases    ] GC(17)   Other: 0.2ms
[2021-08-17T05:15:21.090+0000][6][gc,heap      ] GC(17) Eden regions: 10->0(52)
[2021-08-17T05:15:21.090+0000][6][gc,heap      ] GC(17) Survivor regions: 6->4(7)
[2021-08-17T05:15:21.090+0000][6][gc,heap      ] GC(17) Old regions: 97->100
[2021-08-17T05:15:21.090+0000][6][gc,heap      ] GC(17) Archive regions: 2->2
[2021-08-17T05:15:21.090+0000][6][gc,heap      ] GC(17) Humongous regions: 49->49
[2021-08-17T05:15:21.090+0000][6][gc,metaspace ] GC(17) Metaspace: 60202K(64336K)->60202K(64336K) NonClass: 52190K(54484K)->52190K(54484K) Class: 8011K(9852K)->8011K(9852K)
[2021-08-17T05:15:21.090+0000][6][gc           ] GC(17) Pause Young (Concurrent Start) (G1 Humongous Allocation) 161M->152M(309M) 7.114ms
[2021-08-17T05:15:21.090+0000][6][gc,cpu       ] GC(17) User=0.02s Sys=0.00s Real=0.01s
[2021-08-17T05:15:21.090+0000][6][safepoint    ] Safepoint "G1TryInitiateConcMark", Time since last: 7295170 ns, Reaching safepoint: 204997 ns, At safepoint: 7215995 ns, Total: 7420992 ns
[2021-08-17T05:15:21.090+0000][6][gc           ] GC(18) Concurrent Cycle
[2021-08-17T05:15:21.090+0000][6][gc,marking   ] GC(18) Concurrent Clear Claimed Marks
[2021-08-17T05:15:21.091+0000][6][gc,marking   ] GC(18) Concurrent Clear Claimed Marks 0.373ms
[2021-08-17T05:15:21.091+0000][6][gc,marking   ] GC(18) Concurrent Scan Root Regions
[2021-08-17T05:15:21.093+0000][6][gc,marking   ] GC(18) Concurrent Scan Root Regions 2.712ms
[2021-08-17T05:15:21.093+0000][6][gc,marking   ] GC(18) Concurrent Mark (8.278s)
[2021-08-17T05:15:21.094+0000][6][gc,marking   ] GC(18) Concurrent Mark From Roots
[2021-08-17T05:15:21.094+0000][6][gc,task      ] GC(18) Using 1 workers of 1 for marking
[2021-08-17T05:15:21.101+0000][6][safepoint    ] Safepoint "BulkRevokeBias", Time since last: 9640510 ns, Reaching safepoint: 460718 ns, At safepoint: 163495 ns, Total: 624213 ns
[2021-08-17T05:15:21.126+0000][6][gc,start     ] GC(19) Pause Young (Normal) (G1 Evacuation Pause)
[2021-08-17T05:15:21.126+0000][6][gc,task      ] GC(19) Using 4 workers of 4 for evacuation
[2021-08-17T05:15:21.126+0000][6][gc,age       ] GC(19) Desired survivor size 3670016 bytes, new threshold 15 (max threshold 15)
[2021-08-17T05:15:21.136+0000][6][gc,age       ] GC(19) Age table with threshold 15 (max threshold 15)
[2021-08-17T05:15:21.136+0000][6][gc,age       ] GC(19) - age   1:    3103888 bytes,    3103888 total
[2021-08-17T05:15:21.136+0000][6][gc,age       ] GC(19) - age   2:     579728 bytes,    3683616 total
[2021-08-17T05:15:21.136+0000][6][gc,age       ] GC(19) - age   3:    2914128 bytes,    6597744 total
[2021-08-17T05:15:21.136+0000][6][gc,phases    ] GC(19)   Pre Evacuate Collection Set: 0.2ms
[2021-08-17T05:15:21.136+0000][6][gc,phases    ] GC(19)   Merge Heap Roots: 0.2ms
[2021-08-17T05:15:21.136+0000][6][gc,phases    ] GC(19)   Evacuate Collection Set: 8.2ms
[2021-08-17T05:15:21.136+0000][6][gc,phases    ] GC(19)   Post Evacuate Collection Set: 1.2ms
[2021-08-17T05:15:21.136+0000][6][gc,phases    ] GC(19)   Other: 0.2ms
[2021-08-17T05:15:21.136+0000][6][gc,heap      ] GC(19) Eden regions: 52->0(52)
[2021-08-17T05:15:21.136+0000][6][gc,heap      ] GC(19) Survivor regions: 4->7(7)
[2021-08-17T05:15:21.136+0000][6][gc,heap      ] GC(19) Old regions: 100->100
[2021-08-17T05:15:21.136+0000][6][gc,heap      ] GC(19) Archive regions: 2->2
[2021-08-17T05:15:21.136+0000][6][gc,heap      ] GC(19) Humongous regions: 50->50
[2021-08-17T05:15:21.136+0000][6][gc,metaspace ] GC(19) Metaspace: 60833K(64848K)->60833K(64848K) NonClass: 52746K(54996K)->52746K(54996K) Class: 8086K(9852K)->8086K(9852K)
[2021-08-17T05:15:21.136+0000][6][gc           ] GC(19) Pause Young (Normal) (G1 Evacuation Pause) 205M->156M(309M) 9.988ms
[2021-08-17T05:15:21.136+0000][6][gc,cpu       ] GC(19) User=0.03s Sys=0.01s Real=0.01s
[2021-08-17T05:15:21.136+0000][6][safepoint    ] Safepoint "G1CollectForAllocation", Time since last: 25273902 ns, Reaching safepoint: 410249 ns, At safepoint: 10112551 ns, Total: 10522800 ns
[2021-08-17T05:15:21.177+0000][6][gc,start     ] GC(20) Pause Young (Normal) (G1 Evacuation Pause)
[2021-08-17T05:15:21.177+0000][6][gc,task      ] GC(20) Using 4 workers of 4 for evacuation
[2021-08-17T05:15:21.177+0000][6][gc,age       ] GC(20) Desired survivor size 4194304 bytes, new threshold 3 (max threshold 15)
[2021-08-17T05:15:21.193+0000][6][gc,age       ] GC(20) Age table with threshold 3 (max threshold 15)
[2021-08-17T05:15:21.193+0000][6][gc,age       ] GC(20) - age   1:    3185968 bytes,    3185968 total
[2021-08-17T05:15:21.193+0000][6][gc,age       ] GC(20) - age   2:    3101824 bytes,    6287792 total
[2021-08-17T05:15:21.193+0000][6][gc,age       ] GC(20) - age   3:     579728 bytes,    6867520 total
[2021-08-17T05:15:21.193+0000][6][gc,phases    ] GC(20)   Pre Evacuate Collection Set: 0.3ms
[2021-08-17T05:15:21.193+0000][6][gc,phases    ] GC(20)   Merge Heap Roots: 0.3ms
[2021-08-17T05:15:21.193+0000][6][gc,phases    ] GC(20)   Evacuate Collection Set: 14.6ms
[2021-08-17T05:15:21.193+0000][6][gc,phases    ] GC(20)   Post Evacuate Collection Set: 1.0ms
[2021-08-17T05:15:21.193+0000][6][gc,phases    ] GC(20)   Other: 0.2ms
[2021-08-17T05:15:21.193+0000][6][gc,heap      ] GC(20) Eden regions: 52->0(50)
[2021-08-17T05:15:21.193+0000][6][gc,heap      ] GC(20) Survivor regions: 7->7(8)
[2021-08-17T05:15:21.193+0000][6][gc,heap      ] GC(20) Old regions: 100->103
[2021-08-17T05:15:21.193+0000][6][gc,heap      ] GC(20) Archive regions: 2->2
[2021-08-17T05:15:21.193+0000][6][gc,heap      ] GC(20) Humongous regions: 52->52
[2021-08-17T05:15:21.193+0000][6][gc,metaspace ] GC(20) Metaspace: 61194K(65104K)->61194K(65104K) NonClass: 53054K(55252K)->53054K(55252K) Class: 8140K(9852K)->8140K(9852K)
[2021-08-17T05:15:21.194+0000][6][gc           ] GC(20) Pause Young (Normal) (G1 Evacuation Pause) 210M->161M(309M) 16.382ms
[2021-08-17T05:15:21.194+0000][6][gc,cpu       ] GC(20) User=0.05s Sys=0.00s Real=0.01s
[2021-08-17T05:15:21.194+0000][6][safepoint    ] Safepoint "G1CollectForAllocation", Time since last: 40415118 ns, Reaching safepoint: 262783 ns, At safepoint: 16480585 ns, Total: 16743368 ns
[2021-08-17T05:15:21.220+0000][6][gc,start     ] GC(21) Pause Young (Normal) (G1 Evacuation Pause)
[2021-08-17T05:15:21.220+0000][6][gc,task      ] GC(21) Using 4 workers of 4 for evacuation
[2021-08-17T05:15:21.220+0000][6][gc,age       ] GC(21) Desired survivor size 4194304 bytes, new threshold 2 (max threshold 15)
[2021-08-17T05:15:21.233+0000][6][gc,age       ] GC(21) Age table with threshold 2 (max threshold 15)
[2021-08-17T05:15:21.233+0000][6][gc,age       ] GC(21) - age   1:    3042160 bytes,    3042160 total
[2021-08-17T05:15:21.233+0000][6][gc,age       ] GC(21) - age   2:    3177656 bytes,    6219816 total
[2021-08-17T05:15:21.233+0000][6][gc,phases    ] GC(21)   Pre Evacuate Collection Set: 0.1ms
[2021-08-17T05:15:21.233+0000][6][gc,phases    ] GC(21)   Merge Heap Roots: 0.2ms
[2021-08-17T05:15:21.233+0000][6][gc,phases    ] GC(21)   Evacuate Collection Set: 11.3ms
[2021-08-17T05:15:21.233+0000][6][gc,phases    ] GC(21)   Post Evacuate Collection Set: 1.4ms
[2021-08-17T05:15:21.233+0000][6][gc,phases    ] GC(21)   Other: 0.2ms
[2021-08-17T05:15:21.233+0000][6][gc,heap      ] GC(21) Eden regions: 50->0(49)
[2021-08-17T05:15:21.233+0000][6][gc,heap      ] GC(21) Survivor regions: 7->7(8)
[2021-08-17T05:15:21.233+0000][6][gc,heap      ] GC(21) Old regions: 103->107
[2021-08-17T05:15:21.233+0000][6][gc,heap      ] GC(21) Archive regions: 2->2
[2021-08-17T05:15:21.233+0000][6][gc,heap      ] GC(21) Humongous regions: 52->52
[2021-08-17T05:15:21.233+0000][6][gc,metaspace ] GC(21) Metaspace: 61367K(65360K)->61367K(65360K) NonClass: 53206K(55508K)->53206K(55508K) Class: 8161K(9852K)->8161K(9852K)
[2021-08-17T05:15:21.233+0000][6][gc           ] GC(21) Pause Young (Normal) (G1 Evacuation Pause) 211M->164M(309M) 13.192ms
[2021-08-17T05:15:21.233+0000][6][gc,cpu       ] GC(21) User=0.05s Sys=0.00s Real=0.01s
[2021-08-17T05:15:21.233+0000][6][safepoint    ] Safepoint "G1CollectForAllocation", Time since last: 26173675 ns, Reaching safepoint: 174865 ns, At safepoint: 13294575 ns, Total: 13469440 ns
[2021-08-17T05:15:21.241+0000][6][gc,marking   ] GC(18) Concurrent Mark From Roots 147.293ms
[2021-08-17T05:15:21.241+0000][6][gc,marking   ] GC(18) Concurrent Preclean
[2021-08-17T05:15:21.241+0000][6][gc,marking   ] GC(18) Concurrent Preclean 0.161ms
[2021-08-17T05:15:21.241+0000][6][gc,marking   ] GC(18) Concurrent Mark (8.278s, 8.426s) 147.502ms
[2021-08-17T05:15:21.242+0000][6][gc,start     ] GC(18) Pause Remark
[2021-08-17T05:15:21.247+0000][6][gc           ] GC(18) Pause Remark 182M->143M(309M) 5.417ms
[2021-08-17T05:15:21.247+0000][6][gc,cpu       ] GC(18) User=0.02s Sys=0.00s Real=0.01s
[2021-08-17T05:15:21.247+0000][6][safepoint    ] Safepoint "G1Concurrent", Time since last: 8443033 ns, Reaching safepoint: 195485 ns, At safepoint: 5523864 ns, Total: 5719349 ns
[2021-08-17T05:15:21.248+0000][6][gc,marking   ] GC(18) Concurrent Rebuild Remembered Sets
[2021-08-17T05:15:21.265+0000][6][gc,start     ] GC(22) Pause Young (Normal) (G1 Evacuation Pause)
[2021-08-17T05:15:21.265+0000][6][gc,task      ] GC(22) Using 4 workers of 4 for evacuation
[2021-08-17T05:15:21.265+0000][6][gc,age       ] GC(22) Desired survivor size 3670016 bytes, new threshold 2 (max threshold 15)
[2021-08-17T05:15:21.277+0000][6][gc,age       ] GC(22) Age table with threshold 2 (max threshold 15)
[2021-08-17T05:15:21.277+0000][6][gc,age       ] GC(22) - age   1:    3002336 bytes,    3002336 total
[2021-08-17T05:15:21.277+0000][6][gc,age       ] GC(22) - age   2:    3039864 bytes,    6042200 total
[2021-08-17T05:15:21.277+0000][6][gc,phases    ] GC(22)   Pre Evacuate Collection Set: 0.1ms
[2021-08-17T05:15:21.277+0000][6][gc,phases    ] GC(22)   Merge Heap Roots: 0.1ms
[2021-08-17T05:15:21.277+0000][6][gc,phases    ] GC(22)   Evacuate Collection Set: 10.0ms
[2021-08-17T05:15:21.277+0000][6][gc,phases    ] GC(22)   Post Evacuate Collection Set: 1.2ms
[2021-08-17T05:15:21.277+0000][6][gc,phases    ] GC(22)   Other: 0.2ms
[2021-08-17T05:15:21.277+0000][6][gc,heap      ] GC(22) Eden regions: 49->0(76)
[2021-08-17T05:15:21.277+0000][6][gc,heap      ] GC(22) Survivor regions: 7->6(7)
[2021-08-17T05:15:21.277+0000][6][gc,heap      ] GC(22) Old regions: 77->80
[2021-08-17T05:15:21.277+0000][6][gc,heap      ] GC(22) Archive regions: 2->2
[2021-08-17T05:15:21.277+0000][6][gc,heap      ] GC(22) Humongous regions: 46->46
[2021-08-17T05:15:21.277+0000][6][gc,metaspace ] GC(22) Metaspace: 61487K(65488K)->61487K(65488K) NonClass: 53312K(55508K)->53312K(55508K) Class: 8175K(9980K)->8175K(9980K)
[2021-08-17T05:15:21.277+0000][6][gc           ] GC(22) Pause Young (Normal) (G1 Evacuation Pause) 177M->131M(309M) 11.599ms
[2021-08-17T05:15:21.277+0000][6][gc,cpu       ] GC(22) User=0.03s Sys=0.00s Real=0.02s
[2021-08-17T05:15:21.277+0000][6][safepoint    ] Safepoint "G1CollectForAllocation", Time since last: 15502281 ns, Reaching safepoint: 2305840 ns, At safepoint: 11722471 ns, Total: 14028311 ns
[2021-08-17T05:15:21.315+0000][6][gc,start     ] GC(23) Pause Young (Normal) (G1 Evacuation Pause)
[2021-08-17T05:15:21.315+0000][6][gc,task      ] GC(23) Using 4 workers of 4 for evacuation
[2021-08-17T05:15:21.315+0000][6][gc,age       ] GC(23) Desired survivor size 5767168 bytes, new threshold 2 (max threshold 15)
[2021-08-17T05:15:21.328+0000][6][gc,age       ] GC(23) Age table with threshold 2 (max threshold 15)
[2021-08-17T05:15:21.328+0000][6][gc,age       ] GC(23) - age   1:    4753416 bytes,    4753416 total
[2021-08-17T05:15:21.328+0000][6][gc,age       ] GC(23) - age   2:    2999968 bytes,    7753384 total
[2021-08-17T05:15:21.328+0000][6][gc,phases    ] GC(23)   Pre Evacuate Collection Set: 0.3ms
[2021-08-17T05:15:21.328+0000][6][gc,phases    ] GC(23)   Merge Heap Roots: 0.2ms
[2021-08-17T05:15:21.328+0000][6][gc,phases    ] GC(23)   Evacuate Collection Set: 11.8ms
[2021-08-17T05:15:21.328+0000][6][gc,phases    ] GC(23)   Post Evacuate Collection Set: 0.9ms
[2021-08-17T05:15:21.328+0000][6][gc,phases    ] GC(23)   Other: 0.2ms
[2021-08-17T05:15:21.328+0000][6][gc,heap      ] GC(23) Eden regions: 76->0(73)
[2021-08-17T05:15:21.328+0000][6][gc,heap      ] GC(23) Survivor regions: 6->8(11)
[2021-08-17T05:15:21.328+0000][6][gc,heap      ] GC(23) Old regions: 80->83
[2021-08-17T05:15:21.328+0000][6][gc,heap      ] GC(23) Archive regions: 2->2
[2021-08-17T05:15:21.328+0000][6][gc,heap      ] GC(23) Humongous regions: 46->46
[2021-08-17T05:15:21.328+0000][6][gc,metaspace ] GC(23) Metaspace: 61829K(66000K)->61829K(66000K) NonClass: 53591K(56020K)->53591K(56020K) Class: 8237K(9980K)->8237K(9980K)
[2021-08-17T05:15:21.328+0000][6][gc           ] GC(23) Pause Young (Normal) (G1 Evacuation Pause) 207M->136M(309M) 13.490ms
[2021-08-17T05:15:21.328+0000][6][gc,cpu       ] GC(23) User=0.05s Sys=0.01s Real=0.02s
[2021-08-17T05:15:21.328+0000][6][safepoint    ] Safepoint "BulkRevokeBias", Time since last: 35769188 ns, Reaching safepoint: 1929272 ns, At safepoint: 13853759 ns, Total: 15783031 ns
[2021-08-17T05:15:21.357+0000][6][gc,marking   ] GC(18) Concurrent Rebuild Remembered Sets 109.250ms
[2021-08-17T05:15:21.359+0000][6][gc,start     ] GC(18) Pause Cleanup
[2021-08-17T05:15:21.359+0000][6][gc           ] GC(18) Pause Cleanup 194M->194M(309M) 0.308ms
[2021-08-17T05:15:21.359+0000][6][gc,cpu       ] GC(18) User=0.00s Sys=0.00s Real=0.00s
[2021-08-17T05:15:21.359+0000][6][safepoint    ] Safepoint "G1Concurrent", Time since last: 30245480 ns, Reaching safepoint: 235764 ns, At safepoint: 373022 ns, Total: 608786 ns
[2021-08-17T05:15:21.359+0000][6][gc,marking   ] GC(18) Concurrent Cleanup for Next Mark
[2021-08-17T05:15:21.360+0000][6][gc,marking   ] GC(18) Concurrent Cleanup for Next Mark 0.522ms
[2021-08-17T05:15:21.360+0000][6][gc           ] GC(18) Concurrent Cycle 269.616ms
[2021-08-17T05:15:21.368+0000][6][gc,start     ] GC(24) Pause Young (Prepare Mixed) (G1 Evacuation Pause)
[2021-08-17T05:15:21.368+0000][6][gc,task      ] GC(24) Using 4 workers of 4 for evacuation
[2021-08-17T05:15:21.368+0000][6][gc,age       ] GC(24) Desired survivor size 5767168 bytes, new threshold 2 (max threshold 15)
[2021-08-17T05:15:21.385+0000][6][gc,age       ] GC(24) Age table with threshold 2 (max threshold 15)
[2021-08-17T05:15:21.385+0000][6][gc,age       ] GC(24) - age   1:    4501288 bytes,    4501288 total
[2021-08-17T05:15:21.385+0000][6][gc,age       ] GC(24) - age   2:    4735368 bytes,    9236656 total
[2021-08-17T05:15:21.385+0000][6][gc,phases    ] GC(24)   Pre Evacuate Collection Set: 0.2ms
[2021-08-17T05:15:21.385+0000][6][gc,phases    ] GC(24)   Merge Heap Roots: 0.2ms
[2021-08-17T05:15:21.385+0000][6][gc,phases    ] GC(24)   Evacuate Collection Set: 14.4ms
[2021-08-17T05:15:21.385+0000][6][gc,phases    ] GC(24)   Post Evacuate Collection Set: 1.4ms
[2021-08-17T05:15:21.385+0000][6][gc,phases    ] GC(24)   Other: 0.2ms
[2021-08-17T05:15:21.385+0000][6][gc,heap      ] GC(24) Eden regions: 73->0(6)
[2021-08-17T05:15:21.385+0000][6][gc,heap      ] GC(24) Survivor regions: 8->9(11)
[2021-08-17T05:15:21.385+0000][6][gc,heap      ] GC(24) Old regions: 83->86
[2021-08-17T05:15:21.385+0000][6][gc,heap      ] GC(24) Archive regions: 2->2
[2021-08-17T05:15:21.385+0000][6][gc,heap      ] GC(24) Humongous regions: 50->50
[2021-08-17T05:15:21.385+0000][6][gc,metaspace ] GC(24) Metaspace: 61849K(66000K)->61849K(66000K) NonClass: 53606K(56020K)->53606K(56020K) Class: 8242K(9980K)->8242K(9980K)
[2021-08-17T05:15:21.385+0000][6][gc           ] GC(24) Pause Young (Prepare Mixed) (G1 Evacuation Pause) 213M->144M(309M) 16.550ms
[2021-08-17T05:15:21.385+0000][6][gc,cpu       ] GC(24) User=0.05s Sys=0.00s Real=0.01s
[2021-08-17T05:15:21.385+0000][6][safepoint    ] Safepoint "G1CollectForAllocation", Time since last: 8820312 ns, Reaching safepoint: 212506 ns, At safepoint: 16637746 ns, Total: 16850252 ns
[2021-08-17T05:15:21.388+0000][6][gc,start     ] GC(25) Pause Young (Mixed) (G1 Evacuation Pause)
[2021-08-17T05:15:21.388+0000][6][gc,task      ] GC(25) Using 4 workers of 4 for evacuation
[2021-08-17T05:15:21.388+0000][6][gc,age       ] GC(25) Desired survivor size 1048576 bytes, new threshold 1 (max threshold 15)
[2021-08-17T05:15:21.402+0000][6][gc,age       ] GC(25) Age table with threshold 1 (max threshold 15)
[2021-08-17T05:15:21.402+0000][6][gc,age       ] GC(25) - age   1:     407760 bytes,     407760 total
[2021-08-17T05:15:21.622+0000][6][gc,mmu       ] GC(25) MMU target violated: 201.0ms (200.0ms/201.0ms)
[2021-08-17T05:15:21.622+0000][6][gc,phases    ] GC(25)   Pre Evacuate Collection Set: 0.2ms
[2021-08-17T05:15:21.622+0000][6][gc,phases    ] GC(25)   Merge Heap Roots: 0.3ms
[2021-08-17T05:15:21.622+0000][6][gc,phases    ] GC(25)   Evacuate Collection Set: 12.9ms
[2021-08-17T05:15:21.622+0000][6][gc,phases    ] GC(25)   Post Evacuate Collection Set: 220.7ms
[2021-08-17T05:15:21.622+0000][6][gc,phases    ] GC(25)   Other: 0.2ms
[2021-08-17T05:15:21.622+0000][6][gc,heap      ] GC(25) Eden regions: 6->0(194)
[2021-08-17T05:15:21.622+0000][6][gc,heap      ] GC(25) Survivor regions: 9->2(2)
[2021-08-17T05:15:21.622+0000][6][gc,heap      ] GC(25) Old regions: 86->76
[2021-08-17T05:15:21.622+0000][6][gc,heap      ] GC(25) Archive regions: 2->2
[2021-08-17T05:15:21.622+0000][6][gc,heap      ] GC(25) Humongous regions: 50->50
[2021-08-17T05:15:21.622+0000][6][gc,metaspace ] GC(25) Metaspace: 61849K(66000K)->61849K(66000K) NonClass: 53606K(56020K)->53606K(56020K) Class: 8242K(9980K)->8242K(9980K)
[2021-08-17T05:15:21.622+0000][6][gc           ] GC(25) Pause Young (Mixed) (G1 Evacuation Pause) 150M->127M(483M) 234.435ms
[2021-08-17T05:15:21.622+0000][6][gc,cpu       ] GC(25) User=0.07s Sys=0.21s Real=0.23s
[2021-08-17T05:15:21.622+0000][6][safepoint    ] Safepoint "G1CollectForAllocation", Time since last: 2626748 ns, Reaching safepoint: 166717 ns, At safepoint: 234538870 ns, Total: 234705587 ns
[2021-08-17T05:15:21.707+0000][6][gc,start     ] GC(26) Pause Young (Normal) (G1 Evacuation Pause)
[2021-08-17T05:15:21.707+0000][6][gc,task      ] GC(26) Using 4 workers of 4 for evacuation
[2021-08-17T05:15:21.707+0000][6][gc,age       ] GC(26) Desired survivor size 13107200 bytes, new threshold 15 (max threshold 15)
[2021-08-17T05:15:21.725+0000][6][gc,age       ] GC(26) Age table with threshold 15 (max threshold 15)
[2021-08-17T05:15:21.725+0000][6][gc,age       ] GC(26) - age   1:   12373336 bytes,   12373336 total
[2021-08-17T05:15:21.725+0000][6][gc,age       ] GC(26) - age   2:     407632 bytes,   12780968 total
[2021-08-17T05:15:21.725+0000][6][gc,phases    ] GC(26)   Pre Evacuate Collection Set: 0.3ms
[2021-08-17T05:15:21.725+0000][6][gc,phases    ] GC(26)   Merge Heap Roots: 0.3ms
[2021-08-17T05:15:21.725+0000][6][gc,phases    ] GC(26)   Evacuate Collection Set: 15.7ms
[2021-08-17T05:15:21.725+0000][6][gc,phases    ] GC(26)   Post Evacuate Collection Set: 1.5ms
[2021-08-17T05:15:21.725+0000][6][gc,phases    ] GC(26)   Other: 0.3ms
[2021-08-17T05:15:21.725+0000][6][gc,heap      ] GC(26) Eden regions: 194->0(178)
[2021-08-17T05:15:21.725+0000][6][gc,heap      ] GC(26) Survivor regions: 2->13(25)
[2021-08-17T05:15:21.725+0000][6][gc,heap      ] GC(26) Old regions: 76->76
[2021-08-17T05:15:21.725+0000][6][gc,heap      ] GC(26) Archive regions: 2->2
[2021-08-17T05:15:21.725+0000][6][gc,heap      ] GC(26) Humongous regions: 55->55
[2021-08-17T05:15:21.725+0000][6][gc,metaspace ] GC(26) Metaspace: 61849K(66000K)->61849K(66000K) NonClass: 53606K(56020K)->53606K(56020K) Class: 8242K(9980K)->8242K(9980K)
[2021-08-17T05:15:21.725+0000][6][gc           ] GC(26) Pause Young (Normal) (G1 Evacuation Pause) 326M->143M(483M) 18.188ms
[2021-08-17T05:15:21.725+0000][6][gc,cpu       ] GC(26) User=0.06s Sys=0.00s Real=0.01s
[2021-08-17T05:15:21.725+0000][6][safepoint    ] Safepoint "G1CollectForAllocation", Time since last: 84420560 ns, Reaching safepoint: 108289 ns, At safepoint: 18268525 ns, Total: 18376814 ns
[2021-08-17T05:15:21.834+0000][6][gc,start     ] GC(27) Pause Young (Normal) (G1 Evacuation Pause)
[2021-08-17T05:15:21.834+0000][6][gc,task      ] GC(27) Using 4 workers of 4 for evacuation
[2021-08-17T05:15:21.834+0000][6][gc,age       ] GC(27) Desired survivor size 12582912 bytes, new threshold 2 (max threshold 15)
[2021-08-17T05:15:21.852+0000][6][gc,age       ] GC(27) Age table with threshold 2 (max threshold 15)
[2021-08-17T05:15:21.852+0000][6][gc,age       ] GC(27) - age   1:    5092752 bytes,    5092752 total
[2021-08-17T05:15:21.852+0000][6][gc,age       ] GC(27) - age   2:   12373208 bytes,   17465960 total
[2021-08-17T05:15:21.852+0000][6][gc,phases    ] GC(27)   Pre Evacuate Collection Set: 0.2ms
[2021-08-17T05:15:21.852+0000][6][gc,phases    ] GC(27)   Merge Heap Roots: 0.1ms
[2021-08-17T05:15:21.852+0000][6][gc,phases    ] GC(27)   Evacuate Collection Set: 16.2ms
[2021-08-17T05:15:21.852+0000][6][gc,phases    ] GC(27)   Post Evacuate Collection Set: 0.9ms
[2021-08-17T05:15:21.852+0000][6][gc,phases    ] GC(27)   Other: 0.2ms
[2021-08-17T05:15:21.852+0000][6][gc,heap      ] GC(27) Eden regions: 178->0(178)
[2021-08-17T05:15:21.852+0000][6][gc,heap      ] GC(27) Survivor regions: 13->18(24)
[2021-08-17T05:15:21.852+0000][6][gc,heap      ] GC(27) Old regions: 76->77
[2021-08-17T05:15:21.852+0000][6][gc,heap      ] GC(27) Archive regions: 2->2
[2021-08-17T05:15:21.852+0000][6][gc,heap      ] GC(27) Humongous regions: 55->55
[2021-08-17T05:15:21.852+0000][6][gc,metaspace ] GC(27) Metaspace: 61868K(66000K)->61868K(66000K) NonClass: 53625K(56020K)->53625K(56020K) Class: 8243K(9980K)->8243K(9980K)
[2021-08-17T05:15:21.852+0000][6][gc           ] GC(27) Pause Young (Normal) (G1 Evacuation Pause) 321M->149M(483M) 17.558ms
[2021-08-17T05:15:21.852+0000][6][gc,cpu       ] GC(27) User=0.07s Sys=0.00s Real=0.02s
[2021-08-17T05:15:21.852+0000][6][safepoint    ] Safepoint "G1CollectForAllocation", Time since last: 109099696 ns, Reaching safepoint: 123977 ns, At safepoint: 17642772 ns, Total: 17766749 ns
[2021-08-17T05:15:21.943+0000][6][gc,start     ] GC(28) Pause Young (Normal) (G1 Evacuation Pause)
[2021-08-17T05:15:21.943+0000][6][gc,task      ] GC(28) Using 4 workers of 4 for evacuation
[2021-08-17T05:15:21.943+0000][6][gc,age       ] GC(28) Desired survivor size 13107200 bytes, new threshold 2 (max threshold 15)
[2021-08-17T05:15:21.955+0000][6][gc,age       ] GC(28) Age table with threshold 2 (max threshold 15)
[2021-08-17T05:15:21.955+0000][6][gc,age       ] GC(28) - age   1:        128 bytes,        128 total
[2021-08-17T05:15:21.955+0000][6][gc,age       ] GC(28) - age   2:    5092544 bytes,    5092672 total
[2021-08-17T05:15:21.955+0000][6][gc,phases    ] GC(28)   Pre Evacuate Collection Set: 0.2ms
[2021-08-17T05:15:21.955+0000][6][gc,phases    ] GC(28)   Merge Heap Roots: 0.1ms
[2021-08-17T05:15:21.955+0000][6][gc,phases    ] GC(28)   Evacuate Collection Set: 10.7ms
[2021-08-17T05:15:21.955+0000][6][gc,phases    ] GC(28)   Post Evacuate Collection Set: 0.9ms
[2021-08-17T05:15:21.955+0000][6][gc,phases    ] GC(28)   Other: 0.2ms
[2021-08-17T05:15:21.955+0000][6][gc,heap      ] GC(28) Eden regions: 178->0(185)
[2021-08-17T05:15:21.955+0000][6][gc,heap      ] GC(28) Survivor regions: 18->6(25)
[2021-08-17T05:15:21.955+0000][6][gc,heap      ] GC(28) Old regions: 77->89
[2021-08-17T05:15:21.955+0000][6][gc,heap      ] GC(28) Archive regions: 2->2
[2021-08-17T05:15:21.955+0000][6][gc,heap      ] GC(28) Humongous regions: 55->55
[2021-08-17T05:15:21.955+0000][6][gc,metaspace ] GC(28) Metaspace: 61868K(66000K)->61868K(66000K) NonClass: 53625K(56020K)->53625K(56020K) Class: 8243K(9980K)->8243K(9980K)
[2021-08-17T05:15:21.955+0000][6][gc           ] GC(28) Pause Young (Normal) (G1 Evacuation Pause) 327M->150M(483M) 12.094ms
[2021-08-17T05:15:21.955+0000][6][gc,cpu       ] GC(28) User=0.04s Sys=0.00s Real=0.01s
[2021-08-17T05:15:21.955+0000][6][safepoint    ] Safepoint "G1CollectForAllocation", Time since last: 90628788 ns, Reaching safepoint: 105810 ns, At safepoint: 12191222 ns, Total: 12297032 ns
[2021-08-17T05:15:22.032+0000][6][gc,start     ] GC(29) Pause Young (Concurrent Start) (G1 Evacuation Pause)
[2021-08-17T05:15:22.032+0000][6][gc,task      ] GC(29) Using 4 workers of 4 for evacuation
[2021-08-17T05:15:22.032+0000][6][gc,age       ] GC(29) Desired survivor size 12582912 bytes, new threshold 15 (max threshold 15)
[2021-08-17T05:15:22.039+0000][6][gc,age       ] GC(29) Age table with threshold 15 (max threshold 15)
[2021-08-17T05:15:22.039+0000][6][gc,age       ] GC(29) - age   1:        128 bytes,        128 total
[2021-08-17T05:15:22.039+0000][6][gc,age       ] GC(29) - age   3:    5092544 bytes,    5092672 total
[2021-08-17T05:15:22.328+0000][6][gc,mmu       ] GC(29) MMU target violated: 201.0ms (200.0ms/201.0ms)
[2021-08-17T05:15:22.328+0000][6][gc,phases    ] GC(29)   Pre Evacuate Collection Set: 0.5ms
[2021-08-17T05:15:22.328+0000][6][gc,phases    ] GC(29)   Merge Heap Roots: 0.1ms
[2021-08-17T05:15:22.328+0000][6][gc,phases    ] GC(29)   Evacuate Collection Set: 5.3ms
[2021-08-17T05:15:22.328+0000][6][gc,phases    ] GC(29)   Post Evacuate Collection Set: 290.3ms
[2021-08-17T05:15:22.328+0000][6][gc,phases    ] GC(29)   Other: 0.4ms
[2021-08-17T05:15:22.328+0000][6][gc,heap      ] GC(29) Eden regions: 185->0(340)
[2021-08-17T05:15:22.328+0000][6][gc,heap      ] GC(29) Survivor regions: 6->6(24)
[2021-08-17T05:15:22.328+0000][6][gc,heap      ] GC(29) Old regions: 89->89
[2021-08-17T05:15:22.328+0000][6][gc,heap      ] GC(29) Archive regions: 2->2
[2021-08-17T05:15:22.328+0000][6][gc,heap      ] GC(29) Humongous regions: 55->55
[2021-08-17T05:15:22.328+0000][6][gc,metaspace ] GC(29) Metaspace: 61868K(66000K)->61868K(66000K) NonClass: 53625K(56020K)->53625K(56020K) Class: 8243K(9980K)->8243K(9980K)
[2021-08-17T05:15:22.328+0000][6][gc           ] GC(29) Pause Young (Concurrent Start) (G1 Evacuation Pause) 335M->149M(700M) 296.634ms
[2021-08-17T05:15:22.328+0000][6][gc,cpu       ] GC(29) User=0.03s Sys=0.28s Real=0.30s
[2021-08-17T05:15:22.328+0000][6][gc           ] GC(30) Concurrent Cycle
[2021-08-17T05:15:22.328+0000][6][gc,marking   ] GC(30) Concurrent Clear Claimed Marks
[2021-08-17T05:15:22.329+0000][6][gc,marking   ] GC(30) Concurrent Clear Claimed Marks 0.423ms
[2021-08-17T05:15:22.329+0000][6][gc,marking   ] GC(30) Concurrent Scan Root Regions
[2021-08-17T05:15:22.328+0000][6][safepoint    ] Safepoint "G1CollectForAllocation", Time since last: 76627584 ns, Reaching safepoint: 128491 ns, At safepoint: 296773915 ns, Total: 296902406 ns
[2021-08-17T05:15:22.330+0000][6][gc,marking   ] GC(30) Concurrent Scan Root Regions 1.503ms
[2021-08-17T05:15:22.330+0000][6][gc,marking   ] GC(30) Concurrent Mark (9.515s)
[2021-08-17T05:15:22.330+0000][6][gc,marking   ] GC(30) Concurrent Mark From Roots
[2021-08-17T05:15:22.330+0000][6][gc,task      ] GC(30) Using 1 workers of 1 for marking
[2021-08-17T05:15:22.559+0000][6][gc,start     ] GC(31) Pause Young (Normal) (G1 Evacuation Pause)
[2021-08-17T05:15:22.559+0000][6][gc,task      ] GC(31) Using 4 workers of 4 for evacuation
[2021-08-17T05:15:22.559+0000][6][gc,age       ] GC(31) Desired survivor size 23068672 bytes, new threshold 15 (max threshold 15)
[2021-08-17T05:15:22.571+0000][6][gc,age       ] GC(31) Age table with threshold 15 (max threshold 15)
[2021-08-17T05:15:22.571+0000][6][gc,age       ] GC(31) - age   1:       1136 bytes,       1136 total
[2021-08-17T05:15:22.571+0000][6][gc,age       ] GC(31) - age   4:    5092544 bytes,    5093680 total
[2021-08-17T05:15:22.571+0000][6][gc,phases    ] GC(31)   Pre Evacuate Collection Set: 0.4ms
[2021-08-17T05:15:22.571+0000][6][gc,phases    ] GC(31)   Merge Heap Roots: 0.1ms
[2021-08-17T05:15:22.571+0000][6][gc,phases    ] GC(31)   Evacuate Collection Set: 8.9ms
[2021-08-17T05:15:22.571+0000][6][gc,phases    ] GC(31)   Post Evacuate Collection Set: 1.8ms
[2021-08-17T05:15:22.571+0000][6][gc,phases    ] GC(31)   Other: 0.6ms
[2021-08-17T05:15:22.571+0000][6][gc,heap      ] GC(31) Eden regions: 340->0(358)
[2021-08-17T05:15:22.571+0000][6][gc,heap      ] GC(31) Survivor regions: 6->6(44)
[2021-08-17T05:15:22.572+0000][6][gc,heap      ] GC(31) Old regions: 89->89
[2021-08-17T05:15:22.572+0000][6][gc,heap      ] GC(31) Archive regions: 2->2
[2021-08-17T05:15:22.572+0000][6][gc,heap      ] GC(31) Humongous regions: 55->55
[2021-08-17T05:15:22.572+0000][6][gc,metaspace ] GC(31) Metaspace: 61872K(66000K)->61872K(66000K) NonClass: 53629K(56020K)->53629K(56020K) Class: 8243K(9980K)->8243K(9980K)
[2021-08-17T05:15:22.572+0000][6][gc           ] GC(31) Pause Young (Normal) (G1 Evacuation Pause) 489M->149M(700M) 12.886ms
[2021-08-17T05:15:22.572+0000][6][gc,cpu       ] GC(31) User=0.03s Sys=0.00s Real=0.01s
[2021-08-17T05:15:22.572+0000][6][safepoint    ] Safepoint "G1CollectForAllocation", Time since last: 230173310 ns, Reaching safepoint: 292606 ns, At safepoint: 13316943 ns, Total: 13609549 ns
[2021-08-17T05:15:22.589+0000][6][gc,marking   ] GC(30) Concurrent Mark From Roots 258.683ms
[2021-08-17T05:15:22.589+0000][6][gc,marking   ] GC(30) Concurrent Preclean
[2021-08-17T05:15:22.590+0000][6][gc,marking   ] GC(30) Concurrent Preclean 0.330ms
[2021-08-17T05:15:22.590+0000][6][gc,marking   ] GC(30) Concurrent Mark (9.515s, 9.774s) 259.106ms
[2021-08-17T05:15:22.590+0000][6][gc,start     ] GC(30) Pause Remark
[2021-08-17T05:15:22.616+0000][6][gc           ] GC(30) Pause Remark 168M->157M(537M) 26.172ms
[2021-08-17T05:15:22.616+0000][6][gc,cpu       ] GC(30) User=0.01s Sys=0.02s Real=0.02s
[2021-08-17T05:15:22.616+0000][6][safepoint    ] Safepoint "G1Concurrent", Time since last: 17493854 ns, Reaching safepoint: 424253 ns, At safepoint: 26321459 ns, Total: 26745712 ns
[2021-08-17T05:15:22.617+0000][6][gc,marking   ] GC(30) Concurrent Rebuild Remembered Sets
[2021-08-17T05:15:22.723+0000][6][gc,marking   ] GC(30) Concurrent Rebuild Remembered Sets 106.305ms
[2021-08-17T05:15:22.724+0000][6][gc,start     ] GC(30) Pause Cleanup
[2021-08-17T05:15:22.724+0000][6][gc           ] GC(30) Pause Cleanup 437M->437M(537M) 0.380ms
[2021-08-17T05:15:22.724+0000][6][gc,cpu       ] GC(30) User=0.00s Sys=0.00s Real=0.00s
[2021-08-17T05:15:22.724+0000][6][safepoint    ] Safepoint "G1Concurrent", Time since last: 106641600 ns, Reaching safepoint: 441766 ns, At safepoint: 454204 ns, Total: 895970 ns
[2021-08-17T05:15:22.724+0000][6][gc,marking   ] GC(30) Concurrent Cleanup for Next Mark
[2021-08-17T05:15:22.725+0000][6][gc,marking   ] GC(30) Concurrent Cleanup for Next Mark 0.882ms
[2021-08-17T05:15:22.725+0000][6][gc           ] GC(30) Concurrent Cycle 396.614ms
[2021-08-17T05:15:22.744+0000][6][gc,start     ] GC(32) Pause Young (Normal) (G1 Evacuation Pause)
[2021-08-17T05:15:22.744+0000][6][gc,task      ] GC(32) Using 4 workers of 4 for evacuation
[2021-08-17T05:15:22.744+0000][6][gc,age       ] GC(32) Desired survivor size 24117248 bytes, new threshold 15 (max threshold 15)
[2021-08-17T05:15:22.751+0000][6][gc,age       ] GC(32) Age table with threshold 15 (max threshold 15)
[2021-08-17T05:15:22.751+0000][6][gc,age       ] GC(32) - age   1:        480 bytes,        480 total
[2021-08-17T05:15:22.751+0000][6][gc,age       ] GC(32) - age   2:        872 bytes,       1352 total
[2021-08-17T05:15:22.751+0000][6][gc,age       ] GC(32) - age   5:    5092544 bytes,    5093896 total
[2021-08-17T05:15:22.751+0000][6][gc,phases    ] GC(32)   Pre Evacuate Collection Set: 0.3ms
[2021-08-17T05:15:22.751+0000][6][gc,phases    ] GC(32)   Merge Heap Roots: 0.3ms
[2021-08-17T05:15:22.751+0000][6][gc,phases    ] GC(32)   Evacuate Collection Set: 4.3ms
[2021-08-17T05:15:22.751+0000][6][gc,phases    ] GC(32)   Post Evacuate Collection Set: 1.6ms
[2021-08-17T05:15:22.751+0000][6][gc,phases    ] GC(32)   Other: 0.2ms
[2021-08-17T05:15:22.751+0000][6][gc,heap      ] GC(32) Eden regions: 358->0(249)
[2021-08-17T05:15:22.751+0000][6][gc,heap      ] GC(32) Survivor regions: 6->6(46)
[2021-08-17T05:15:22.751+0000][6][gc,heap      ] GC(32) Old regions: 89->89
[2021-08-17T05:15:22.751+0000][6][gc,heap      ] GC(32) Archive regions: 2->2
[2021-08-17T05:15:22.751+0000][6][gc,heap      ] GC(32) Humongous regions: 44->44
[2021-08-17T05:15:22.751+0000][6][gc,metaspace ] GC(32) Metaspace: 61872K(66000K)->61872K(66000K) NonClass: 53629K(56020K)->53629K(56020K) Class: 8243K(9980K)->8243K(9980K)
[2021-08-17T05:15:22.751+0000][6][gc           ] GC(32) Pause Young (Normal) (G1 Evacuation Pause) 496M->138M(537M) 6.682ms
[2021-08-17T05:15:22.751+0000][6][gc,cpu       ] GC(32) User=0.01s Sys=0.00s Real=0.01s
[2021-08-17T05:15:22.751+0000][6][safepoint    ] Safepoint "G1CollectForAllocation", Time since last: 20143208 ns, Reaching safepoint: 123530 ns, At safepoint: 6734159 ns, Total: 6857689 ns
[2021-08-17T05:15:22.834+0000][6][gc,start     ] GC(33) Pause Young (Normal) (G1 Evacuation Pause)
[2021-08-17T05:15:22.834+0000][6][gc,task      ] GC(33) Using 4 workers of 4 for evacuation
[2021-08-17T05:15:22.834+0000][6][gc,age       ] GC(33) Desired survivor size 16777216 bytes, new threshold 15 (max threshold 15)
[2021-08-17T05:15:22.840+0000][6][gc,age       ] GC(33) Age table with threshold 15 (max threshold 15)
[2021-08-17T05:15:22.840+0000][6][gc,age       ] GC(33) - age   1:        232 bytes,        232 total
[2021-08-17T05:15:22.840+0000][6][gc,age       ] GC(33) - age   2:        248 bytes,        480 total
[2021-08-17T05:15:22.840+0000][6][gc,age       ] GC(33) - age   3:        872 bytes,       1352 total
[2021-08-17T05:15:22.840+0000][6][gc,age       ] GC(33) - age   6:    5092544 bytes,    5093896 total
[2021-08-17T05:15:22.840+0000][6][gc,phases    ] GC(33)   Pre Evacuate Collection Set: 0.3ms
[2021-08-17T05:15:22.840+0000][6][gc,phases    ] GC(33)   Merge Heap Roots: 0.3ms
[2021-08-17T05:15:22.840+0000][6][gc,phases    ] GC(33)   Evacuate Collection Set: 4.0ms
[2021-08-17T05:15:22.840+0000][6][gc,phases    ] GC(33)   Post Evacuate Collection Set: 1.3ms
[2021-08-17T05:15:22.840+0000][6][gc,phases    ] GC(33)   Other: 0.2ms
[2021-08-17T05:15:22.840+0000][6][gc,heap      ] GC(33) Eden regions: 249->0(252)
[2021-08-17T05:15:22.840+0000][6][gc,heap      ] GC(33) Survivor regions: 6->6(32)
[2021-08-17T05:15:22.840+0000][6][gc,heap      ] GC(33) Old regions: 89->89
[2021-08-17T05:15:22.840+0000][6][gc,heap      ] GC(33) Archive regions: 2->2
[2021-08-17T05:15:22.840+0000][6][gc,heap      ] GC(33) Humongous regions: 44->44
[2021-08-17T05:15:22.840+0000][6][gc,metaspace ] GC(33) Metaspace: 61872K(66000K)->61872K(66000K) NonClass: 53629K(56020K)->53629K(56020K) Class: 8243K(9980K)->8243K(9980K)
[2021-08-17T05:15:22.840+0000][6][gc           ] GC(33) Pause Young (Normal) (G1 Evacuation Pause) 387M->138M(537M) 6.145ms
[2021-08-17T05:15:22.840+0000][6][gc,cpu       ] GC(33) User=0.01s Sys=0.00s Real=0.01s
[2021-08-17T05:15:22.840+0000][6][safepoint    ] Safepoint "G1CollectForAllocation", Time since last: 82845584 ns, Reaching safepoint: 137181 ns, At safepoint: 6202567 ns, Total: 6339748 ns
[2021-08-17T05:15:22.930+0000][6][gc,start     ] GC(34) Pause Young (Normal) (G1 Evacuation Pause)
[2021-08-17T05:15:22.930+0000][6][gc,task      ] GC(34) Using 4 workers of 4 for evacuation
[2021-08-17T05:15:22.930+0000][6][gc,age       ] GC(34) Desired survivor size 17301504 bytes, new threshold 15 (max threshold 15)
[2021-08-17T05:15:22.936+0000][6][gc,age       ] GC(34) Age table with threshold 15 (max threshold 15)
[2021-08-17T05:15:22.936+0000][6][gc,age       ] GC(34) - age   1:        232 bytes,        232 total
[2021-08-17T05:15:22.936+0000][6][gc,age       ] GC(34) - age   3:        248 bytes,        480 total
[2021-08-17T05:15:22.936+0000][6][gc,age       ] GC(34) - age   4:        872 bytes,       1352 total
[2021-08-17T05:15:22.936+0000][6][gc,age       ] GC(34) - age   7:    5092544 bytes,    5093896 total
[2021-08-17T05:15:22.936+0000][6][gc,phases    ] GC(34)   Pre Evacuate Collection Set: 0.2ms
[2021-08-17T05:15:22.936+0000][6][gc,phases    ] GC(34)   Merge Heap Roots: 0.2ms
[2021-08-17T05:15:22.936+0000][6][gc,phases    ] GC(34)   Evacuate Collection Set: 4.2ms
[2021-08-17T05:15:22.936+0000][6][gc,phases    ] GC(34)   Post Evacuate Collection Set: 1.3ms
[2021-08-17T05:15:22.936+0000][6][gc,phases    ] GC(34)   Other: 0.2ms
[2021-08-17T05:15:22.936+0000][6][gc,heap      ] GC(34) Eden regions: 252->0(254)
[2021-08-17T05:15:22.936+0000][6][gc,heap      ] GC(34) Survivor regions: 6->6(33)
[2021-08-17T05:15:22.936+0000][6][gc,heap      ] GC(34) Old regions: 89->89
[2021-08-17T05:15:22.936+0000][6][gc,heap      ] GC(34) Archive regions: 2->2
[2021-08-17T05:15:22.936+0000][6][gc,heap      ] GC(34) Humongous regions: 44->44
[2021-08-17T05:15:22.936+0000][6][gc,metaspace ] GC(34) Metaspace: 61872K(66000K)->61872K(66000K) NonClass: 53629K(56020K)->53629K(56020K) Class: 8243K(9980K)->8243K(9980K)
[2021-08-17T05:15:22.936+0000][6][gc           ] GC(34) Pause Young (Normal) (G1 Evacuation Pause) 390M->138M(537M) 6.060ms
[2021-08-17T05:15:22.936+0000][6][gc,cpu       ] GC(34) User=0.02s Sys=0.00s Real=0.00s
[2021-08-17T05:15:22.936+0000][6][safepoint    ] Safepoint "G1CollectForAllocation", Time since last: 89824186 ns, Reaching safepoint: 128474 ns, At safepoint: 6150874 ns, Total: 6279348 ns
[2021-08-17T05:15:23.020+0000][6][gc,start     ] GC(35) Pause Young (Normal) (G1 Evacuation Pause)
[2021-08-17T05:15:23.020+0000][6][gc,task      ] GC(35) Using 4 workers of 4 for evacuation
[2021-08-17T05:15:23.020+0000][6][gc,age       ] GC(35) Desired survivor size 17301504 bytes, new threshold 15 (max threshold 15)
[2021-08-17T05:15:23.026+0000][6][gc,age       ] GC(35) Age table with threshold 15 (max threshold 15)
[2021-08-17T05:15:23.026+0000][6][gc,age       ] GC(35) - age   1:        232 bytes,        232 total
[2021-08-17T05:15:23.026+0000][6][gc,age       ] GC(35) - age   4:        248 bytes,        480 total
[2021-08-17T05:15:23.026+0000][6][gc,age       ] GC(35) - age   5:        872 bytes,       1352 total
[2021-08-17T05:15:23.026+0000][6][gc,age       ] GC(35) - age   8:    5092544 bytes,    5093896 total
[2021-08-17T05:15:23.026+0000][6][gc,phases    ] GC(35)   Pre Evacuate Collection Set: 0.3ms
[2021-08-17T05:15:23.026+0000][6][gc,phases    ] GC(35)   Merge Heap Roots: 0.3ms
[2021-08-17T05:15:23.026+0000][6][gc,phases    ] GC(35)   Evacuate Collection Set: 3.7ms
[2021-08-17T05:15:23.026+0000][6][gc,phases    ] GC(35)   Post Evacuate Collection Set: 1.2ms
[2021-08-17T05:15:23.026+0000][6][gc,phases    ] GC(35)   Other: 0.2ms
[2021-08-17T05:15:23.026+0000][6][gc,heap      ] GC(35) Eden regions: 254->0(255)
[2021-08-17T05:15:23.026+0000][6][gc,heap      ] GC(35) Survivor regions: 6->6(33)
[2021-08-17T05:15:23.026+0000][6][gc,heap      ] GC(35) Old regions: 89->89
[2021-08-17T05:15:23.026+0000][6][gc,heap      ] GC(35) Archive regions: 2->2
[2021-08-17T05:15:23.026+0000][6][gc,heap      ] GC(35) Humongous regions: 44->44
[2021-08-17T05:15:23.026+0000][6][gc,metaspace ] GC(35) Metaspace: 61872K(66000K)->61872K(66000K) NonClass: 53629K(56020K)->53629K(56020K) Class: 8243K(9980K)->8243K(9980K)
[2021-08-17T05:15:23.026+0000][6][gc           ] GC(35) Pause Young (Normal) (G1 Evacuation Pause) 392M->138M(537M) 5.719ms
[2021-08-17T05:15:23.026+0000][6][gc,cpu       ] GC(35) User=0.02s Sys=0.01s Real=0.00s
[2021-08-17T05:15:23.026+0000][6][safepoint    ] Safepoint "G1CollectForAllocation", Time since last: 83575879 ns, Reaching safepoint: 158636 ns, At safepoint: 5780658 ns, Total: 5939294 ns
[2021-08-17T05:15:23.110+0000][6][gc,start     ] GC(36) Pause Young (Normal) (G1 Evacuation Pause)
[2021-08-17T05:15:23.110+0000][6][gc,task      ] GC(36) Using 4 workers of 4 for evacuation
[2021-08-17T05:15:23.110+0000][6][gc,age       ] GC(36) Desired survivor size 17301504 bytes, new threshold 15 (max threshold 15)
[2021-08-17T05:15:23.116+0000][6][gc,age       ] GC(36) Age table with threshold 15 (max threshold 15)
[2021-08-17T05:15:23.116+0000][6][gc,age       ] GC(36) - age   1:        232 bytes,        232 total
[2021-08-17T05:15:23.116+0000][6][gc,age       ] GC(36) - age   5:        248 bytes,        480 total
[2021-08-17T05:15:23.116+0000][6][gc,age       ] GC(36) - age   6:        872 bytes,       1352 total
[2021-08-17T05:15:23.116+0000][6][gc,age       ] GC(36) - age   9:    5092544 bytes,    5093896 total
[2021-08-17T05:15:23.116+0000][6][gc,phases    ] GC(36)   Pre Evacuate Collection Set: 0.3ms
[2021-08-17T05:15:23.116+0000][6][gc,phases    ] GC(36)   Merge Heap Roots: 0.2ms
[2021-08-17T05:15:23.116+0000][6][gc,phases    ] GC(36)   Evacuate Collection Set: 4.1ms
[2021-08-17T05:15:23.116+0000][6][gc,phases    ] GC(36)   Post Evacuate Collection Set: 1.4ms
[2021-08-17T05:15:23.116+0000][6][gc,phases    ] GC(36)   Other: 0.2ms
[2021-08-17T05:15:23.116+0000][6][gc,heap      ] GC(36) Eden regions: 255->0(255)
[2021-08-17T05:15:23.116+0000][6][gc,heap      ] GC(36) Survivor regions: 6->6(33)
[2021-08-17T05:15:23.116+0000][6][gc,heap      ] GC(36) Old regions: 89->89
[2021-08-17T05:15:23.116+0000][6][gc,heap      ] GC(36) Archive regions: 2->2
[2021-08-17T05:15:23.116+0000][6][gc,heap      ] GC(36) Humongous regions: 44->44
[2021-08-17T05:15:23.116+0000][6][gc,metaspace ] GC(36) Metaspace: 61872K(66000K)->61872K(66000K) NonClass: 53629K(56020K)->53629K(56020K) Class: 8243K(9980K)->8243K(9980K)
[2021-08-17T05:15:23.116+0000][6][gc           ] GC(36) Pause Young (Normal) (G1 Evacuation Pause) 393M->138M(537M) 6.202ms
[2021-08-17T05:15:23.116+0000][6][gc,cpu       ] GC(36) User=0.02s Sys=0.00s Real=0.00s
[2021-08-17T05:15:23.117+0000][6][safepoint    ] Safepoint "G1CollectForAllocation", Time since last: 84309130 ns, Reaching safepoint: 124314 ns, At safepoint: 6275569 ns, Total: 6399883 ns
[2021-08-17T05:15:23.204+0000][6][gc,start     ] GC(37) Pause Young (Normal) (G1 Evacuation Pause)
[2021-08-17T05:15:23.204+0000][6][gc,task      ] GC(37) Using 4 workers of 4 for evacuation
[2021-08-17T05:15:23.204+0000][6][gc,age       ] GC(37) Desired survivor size 17301504 bytes, new threshold 15 (max threshold 15)
[2021-08-17T05:15:23.210+0000][6][gc,age       ] GC(37) Age table with threshold 15 (max threshold 15)
[2021-08-17T05:15:23.210+0000][6][gc,age       ] GC(37) - age   1:        128 bytes,        128 total
[2021-08-17T05:15:23.210+0000][6][gc,age       ] GC(37) - age   6:        248 bytes,        376 total
[2021-08-17T05:15:23.210+0000][6][gc,age       ] GC(37) - age   7:        872 bytes,       1248 total
[2021-08-17T05:15:23.210+0000][6][gc,age       ] GC(37) - age  10:    5092544 bytes,    5093792 total
[2021-08-17T05:15:23.210+0000][6][gc,phases    ] GC(37)   Pre Evacuate Collection Set: 0.3ms
[2021-08-17T05:15:23.210+0000][6][gc,phases    ] GC(37)   Merge Heap Roots: 0.3ms
[2021-08-17T05:15:23.210+0000][6][gc,phases    ] GC(37)   Evacuate Collection Set: 4.7ms
[2021-08-17T05:15:23.210+0000][6][gc,phases    ] GC(37)   Post Evacuate Collection Set: 1.2ms
[2021-08-17T05:15:23.210+0000][6][gc,phases    ] GC(37)   Other: 0.2ms
[2021-08-17T05:15:23.210+0000][6][gc,heap      ] GC(37) Eden regions: 255->0(255)
[2021-08-17T05:15:23.210+0000][6][gc,heap      ] GC(37) Survivor regions: 6->6(33)
[2021-08-17T05:15:23.210+0000][6][gc,heap      ] GC(37) Old regions: 89->89
[2021-08-17T05:15:23.210+0000][6][gc,heap      ] GC(37) Archive regions: 2->2
[2021-08-17T05:15:23.210+0000][6][gc,heap      ] GC(37) Humongous regions: 44->44
[2021-08-17T05:15:23.210+0000][6][gc,metaspace ] GC(37) Metaspace: 61872K(66000K)->61872K(66000K) NonClass: 53629K(56020K)->53629K(56020K) Class: 8243K(9980K)->8243K(9980K)
[2021-08-17T05:15:23.210+0000][6][gc           ] GC(37) Pause Young (Normal) (G1 Evacuation Pause) 393M->138M(537M) 6.677ms
[2021-08-17T05:15:23.210+0000][6][gc,cpu       ] GC(37) User=0.02s Sys=0.00s Real=0.01s
[2021-08-17T05:15:23.210+0000][6][safepoint    ] Safepoint "G1CollectForAllocation", Time since last: 86781687 ns, Reaching safepoint: 191839 ns, At safepoint: 6757933 ns, Total: 6949772 ns
[2021-08-17T05:15:23.296+0000][6][gc,start     ] GC(38) Pause Young (Normal) (G1 Evacuation Pause)
[2021-08-17T05:15:23.296+0000][6][gc,task      ] GC(38) Using 4 workers of 4 for evacuation
[2021-08-17T05:15:23.296+0000][6][gc,age       ] GC(38) Desired survivor size 17301504 bytes, new threshold 15 (max threshold 15)
[2021-08-17T05:15:23.302+0000][6][gc,age       ] GC(38) Age table with threshold 15 (max threshold 15)
[2021-08-17T05:15:23.302+0000][6][gc,age       ] GC(38) - age   1:        128 bytes,        128 total
[2021-08-17T05:15:23.302+0000][6][gc,age       ] GC(38) - age   7:        248 bytes,        376 total
[2021-08-17T05:15:23.302+0000][6][gc,age       ] GC(38) - age   8:        872 bytes,       1248 total
[2021-08-17T05:15:23.302+0000][6][gc,age       ] GC(38) - age  11:    5092544 bytes,    5093792 total
[2021-08-17T05:15:23.302+0000][6][gc,phases    ] GC(38)   Pre Evacuate Collection Set: 0.3ms
[2021-08-17T05:15:23.302+0000][6][gc,phases    ] GC(38)   Merge Heap Roots: 0.1ms
[2021-08-17T05:15:23.302+0000][6][gc,phases    ] GC(38)   Evacuate Collection Set: 4.1ms
[2021-08-17T05:15:23.302+0000][6][gc,phases    ] GC(38)   Post Evacuate Collection Set: 1.0ms
[2021-08-17T05:15:23.302+0000][6][gc,phases    ] GC(38)   Other: 0.2ms
[2021-08-17T05:15:23.302+0000][6][gc,heap      ] GC(38) Eden regions: 255->0(255)
[2021-08-17T05:15:23.302+0000][6][gc,heap      ] GC(38) Survivor regions: 6->6(33)
[2021-08-17T05:15:23.302+0000][6][gc,heap      ] GC(38) Old regions: 89->89
[2021-08-17T05:15:23.302+0000][6][gc,heap      ] GC(38) Archive regions: 2->2
[2021-08-17T05:15:23.302+0000][6][gc,heap      ] GC(38) Humongous regions: 44->44
[2021-08-17T05:15:23.302+0000][6][gc,metaspace ] GC(38) Metaspace: 61872K(66000K)->61872K(66000K) NonClass: 53629K(56020K)->53629K(56020K) Class: 8243K(9980K)->8243K(9980K)
[2021-08-17T05:15:23.302+0000][6][gc           ] GC(38) Pause Young (Normal) (G1 Evacuation Pause) 393M->138M(537M) 5.658ms
[2021-08-17T05:15:23.302+0000][6][gc,cpu       ] GC(38) User=0.02s Sys=0.00s Real=0.01s
[2021-08-17T05:15:23.302+0000][6][safepoint    ] Safepoint "G1CollectForAllocation", Time since last: 85826805 ns, Reaching safepoint: 194755 ns, At safepoint: 5729938 ns, Total: 5924693 ns
[2021-08-17T05:15:23.398+0000][6][gc,start     ] GC(39) Pause Young (Normal) (G1 Evacuation Pause)
[2021-08-17T05:15:23.398+0000][6][gc,task      ] GC(39) Using 4 workers of 4 for evacuation
[2021-08-17T05:15:23.398+0000][6][gc,age       ] GC(39) Desired survivor size 17301504 bytes, new threshold 15 (max threshold 15)
[2021-08-17T05:15:23.404+0000][6][gc,age       ] GC(39) Age table with threshold 15 (max threshold 15)
[2021-08-17T05:15:23.404+0000][6][gc,age       ] GC(39) - age   1:      66664 bytes,      66664 total
[2021-08-17T05:15:23.404+0000][6][gc,age       ] GC(39) - age   8:        216 bytes,      66880 total
[2021-08-17T05:15:23.404+0000][6][gc,age       ] GC(39) - age   9:         24 bytes,      66904 total
[2021-08-17T05:15:23.404+0000][6][gc,age       ] GC(39) - age  12:    5076144 bytes,    5143048 total
[2021-08-17T05:15:23.404+0000][6][gc,phases    ] GC(39)   Pre Evacuate Collection Set: 0.3ms
[2021-08-17T05:15:23.404+0000][6][gc,phases    ] GC(39)   Merge Heap Roots: 0.3ms
[2021-08-17T05:15:23.404+0000][6][gc,phases    ] GC(39)   Evacuate Collection Set: 3.8ms
[2021-08-17T05:15:23.404+0000][6][gc,phases    ] GC(39)   Post Evacuate Collection Set: 1.6ms
[2021-08-17T05:15:23.404+0000][6][gc,phases    ] GC(39)   Other: 0.2ms
[2021-08-17T05:15:23.404+0000][6][gc,heap      ] GC(39) Eden regions: 255->0(255)
[2021-08-17T05:15:23.404+0000][6][gc,heap      ] GC(39) Survivor regions: 6->6(33)
[2021-08-17T05:15:23.404+0000][6][gc,heap      ] GC(39) Old regions: 89->89
[2021-08-17T05:15:23.404+0000][6][gc,heap      ] GC(39) Archive regions: 2->2
[2021-08-17T05:15:23.404+0000][6][gc,heap      ] GC(39) Humongous regions: 44->44
[2021-08-17T05:15:23.404+0000][6][gc,metaspace ] GC(39) Metaspace: 61874K(66000K)->61874K(66000K) NonClass: 53630K(56020K)->53630K(56020K) Class: 8243K(9980K)->8243K(9980K)
[2021-08-17T05:15:23.404+0000][6][gc           ] GC(39) Pause Young (Normal) (G1 Evacuation Pause) 393M->138M(537M) 6.317ms
[2021-08-17T05:15:23.404+0000][6][gc,cpu       ] GC(39) User=0.02s Sys=0.00s Real=0.00s
[2021-08-17T05:15:23.404+0000][6][safepoint    ] Safepoint "G1CollectForAllocation", Time since last: 95490945 ns, Reaching safepoint: 123764 ns, At safepoint: 6372013 ns, Total: 6495777 ns
[2021-08-17T05:15:23.495+0000][6][gc,start     ] GC(40) Pause Young (Normal) (G1 Evacuation Pause)
[2021-08-17T05:15:23.495+0000][6][gc,task      ] GC(40) Using 4 workers of 4 for evacuation
[2021-08-17T05:15:23.495+0000][6][gc,age       ] GC(40) Desired survivor size 17301504 bytes, new threshold 15 (max threshold 15)
[2021-08-17T05:15:23.502+0000][6][gc,age       ] GC(40) Age table with threshold 15 (max threshold 15)
[2021-08-17T05:15:23.502+0000][6][gc,age       ] GC(40) - age   1:     131216 bytes,     131216 total
[2021-08-17T05:15:23.502+0000][6][gc,age       ] GC(40) - age   2:        880 bytes,     132096 total
[2021-08-17T05:15:23.502+0000][6][gc,age       ] GC(40) - age   9:        216 bytes,     132312 total
[2021-08-17T05:15:23.502+0000][6][gc,age       ] GC(40) - age  10:         24 bytes,     132336 total
[2021-08-17T05:15:23.502+0000][6][gc,age       ] GC(40) - age  13:    5076144 bytes,    5208480 total
[2021-08-17T05:15:23.502+0000][6][gc,phases    ] GC(40)   Pre Evacuate Collection Set: 0.3ms
[2021-08-17T05:15:23.502+0000][6][gc,phases    ] GC(40)   Merge Heap Roots: 0.5ms
[2021-08-17T05:15:23.502+0000][6][gc,phases    ] GC(40)   Evacuate Collection Set: 4.5ms
[2021-08-17T05:15:23.502+0000][6][gc,phases    ] GC(40)   Post Evacuate Collection Set: 1.3ms
[2021-08-17T05:15:23.502+0000][6][gc,phases    ] GC(40)   Other: 0.2ms
[2021-08-17T05:15:23.502+0000][6][gc,heap      ] GC(40) Eden regions: 255->0(255)
[2021-08-17T05:15:23.502+0000][6][gc,heap      ] GC(40) Survivor regions: 6->6(33)
[2021-08-17T05:15:23.502+0000][6][gc,heap      ] GC(40) Old regions: 89->89
[2021-08-17T05:15:23.502+0000][6][gc,heap      ] GC(40) Archive regions: 2->2
[2021-08-17T05:15:23.502+0000][6][gc,heap      ] GC(40) Humongous regions: 44->44
[2021-08-17T05:15:23.502+0000][6][gc,metaspace ] GC(40) Metaspace: 61874K(66000K)->61874K(66000K) NonClass: 53630K(56020K)->53630K(56020K) Class: 8243K(9980K)->8243K(9980K)
[2021-08-17T05:15:23.502+0000][6][gc           ] GC(40) Pause Young (Normal) (G1 Evacuation Pause) 393M->138M(537M) 6.925ms
[2021-08-17T05:15:23.502+0000][6][gc,cpu       ] GC(40) User=0.02s Sys=0.00s Real=0.01s
[2021-08-17T05:15:23.502+0000][6][safepoint    ] Safepoint "G1CollectForAllocation", Time since last: 91054761 ns, Reaching safepoint: 112711 ns, At safepoint: 6985994 ns, Total: 7098705 ns
[2021-08-17T05:15:23.613+0000][6][gc,start     ] GC(41) Pause Young (Normal) (G1 Evacuation Pause)
[2021-08-17T05:15:23.613+0000][6][gc,task      ] GC(41) Using 4 workers of 4 for evacuation
[2021-08-17T05:15:23.613+0000][6][gc,age       ] GC(41) Desired survivor size 17301504 bytes, new threshold 15 (max threshold 15)
[2021-08-17T05:15:23.619+0000][6][gc,age       ] GC(41) Age table with threshold 15 (max threshold 15)
[2021-08-17T05:15:23.619+0000][6][gc,age       ] GC(41) - age   1:       1112 bytes,       1112 total
[2021-08-17T05:15:23.619+0000][6][gc,age       ] GC(41) - age   3:        880 bytes,       1992 total
[2021-08-17T05:15:23.619+0000][6][gc,age       ] GC(41) - age  10:        216 bytes,       2208 total
[2021-08-17T05:15:23.619+0000][6][gc,age       ] GC(41) - age  11:         24 bytes,       2232 total
[2021-08-17T05:15:23.619+0000][6][gc,age       ] GC(41) - age  14:    5076144 bytes,    5078376 total
[2021-08-17T05:15:23.619+0000][6][gc,phases    ] GC(41)   Pre Evacuate Collection Set: 0.2ms
[2021-08-17T05:15:23.619+0000][6][gc,phases    ] GC(41)   Merge Heap Roots: 0.2ms
[2021-08-17T05:15:23.619+0000][6][gc,phases    ] GC(41)   Evacuate Collection Set: 4.4ms
[2021-08-17T05:15:23.619+0000][6][gc,phases    ] GC(41)   Post Evacuate Collection Set: 1.0ms
[2021-08-17T05:15:23.619+0000][6][gc,phases    ] GC(41)   Other: 0.2ms
[2021-08-17T05:15:23.619+0000][6][gc,heap      ] GC(41) Eden regions: 255->0(254)
[2021-08-17T05:15:23.619+0000][6][gc,heap      ] GC(41) Survivor regions: 6->6(33)
[2021-08-17T05:15:23.619+0000][6][gc,heap      ] GC(41) Old regions: 89->89
[2021-08-17T05:15:23.619+0000][6][gc,heap      ] GC(41) Archive regions: 2->2
[2021-08-17T05:15:23.619+0000][6][gc,heap      ] GC(41) Humongous regions: 45->45
[2021-08-17T05:15:23.619+0000][6][gc,metaspace ] GC(41) Metaspace: 61882K(66000K)->61882K(66000K) NonClass: 53639K(56020K)->53639K(56020K) Class: 8243K(9980K)->8243K(9980K)
[2021-08-17T05:15:23.619+0000][6][gc           ] GC(41) Pause Young (Normal) (G1 Evacuation Pause) 394M->139M(537M) 5.988ms
[2021-08-17T05:15:23.619+0000][6][gc,cpu       ] GC(41) User=0.02s Sys=0.00s Real=0.01s
[2021-08-17T05:15:23.619+0000][6][safepoint    ] Safepoint "G1CollectForAllocation", Time since last: 110552492 ns, Reaching safepoint: 264783 ns, At safepoint: 6084165 ns, Total: 6348948 ns
[2021-08-17T05:15:23.707+0000][6][gc,start     ] GC(42) Pause Young (Normal) (G1 Evacuation Pause)
[2021-08-17T05:15:23.707+0000][6][gc,task      ] GC(42) Using 4 workers of 4 for evacuation
[2021-08-17T05:15:23.707+0000][6][gc,age       ] GC(42) Desired survivor size 17301504 bytes, new threshold 15 (max threshold 15)
[2021-08-17T05:15:23.713+0000][6][gc,age       ] GC(42) Age table with threshold 15 (max threshold 15)
[2021-08-17T05:15:23.713+0000][6][gc,age       ] GC(42) - age   1:        376 bytes,        376 total
[2021-08-17T05:15:23.713+0000][6][gc,age       ] GC(42) - age   2:       1112 bytes,       1488 total
[2021-08-17T05:15:23.713+0000][6][gc,age       ] GC(42) - age   4:        848 bytes,       2336 total
[2021-08-17T05:15:23.713+0000][6][gc,age       ] GC(42) - age  11:         32 bytes,       2368 total
[2021-08-17T05:15:23.713+0000][6][gc,age       ] GC(42) - age  12:         24 bytes,       2392 total
[2021-08-17T05:15:23.713+0000][6][gc,age       ] GC(42) - age  15:    5076144 bytes,    5078536 total
[2021-08-17T05:15:23.713+0000][6][gc,phases    ] GC(42)   Pre Evacuate Collection Set: 0.3ms
[2021-08-17T05:15:23.713+0000][6][gc,phases    ] GC(42)   Merge Heap Roots: 0.2ms
[2021-08-17T05:15:23.713+0000][6][gc,phases    ] GC(42)   Evacuate Collection Set: 3.9ms
[2021-08-17T05:15:23.713+0000][6][gc,phases    ] GC(42)   Post Evacuate Collection Set: 1.3ms
[2021-08-17T05:15:23.713+0000][6][gc,phases    ] GC(42)   Other: 0.2ms
[2021-08-17T05:15:23.713+0000][6][gc,heap      ] GC(42) Eden regions: 254->0(254)
[2021-08-17T05:15:23.713+0000][6][gc,heap      ] GC(42) Survivor regions: 6->6(33)
[2021-08-17T05:15:23.713+0000][6][gc,heap      ] GC(42) Old regions: 89->89
[2021-08-17T05:15:23.713+0000][6][gc,heap      ] GC(42) Archive regions: 2->2
[2021-08-17T05:15:23.713+0000][6][gc,heap      ] GC(42) Humongous regions: 45->45
[2021-08-17T05:15:23.713+0000][6][gc,metaspace ] GC(42) Metaspace: 61882K(66000K)->61882K(66000K) NonClass: 53639K(56020K)->53639K(56020K) Class: 8243K(9980K)->8243K(9980K)
[2021-08-17T05:15:23.713+0000][6][gc           ] GC(42) Pause Young (Normal) (G1 Evacuation Pause) 393M->139M(537M) 6.005ms
[2021-08-17T05:15:23.713+0000][6][gc,cpu       ] GC(42) User=0.02s Sys=0.00s Real=0.00s
[2021-08-17T05:15:23.713+0000][6][safepoint    ] Safepoint "G1CollectForAllocation", Time since last: 88089109 ns, Reaching safepoint: 172586 ns, At safepoint: 6082738 ns, Total: 6255324 ns
[2021-08-17T05:15:23.804+0000][6][gc,start     ] GC(43) Pause Young (Normal) (G1 Evacuation Pause)
[2021-08-17T05:15:23.804+0000][6][gc,task      ] GC(43) Using 4 workers of 4 for evacuation
[2021-08-17T05:15:23.804+0000][6][gc,age       ] GC(43) Desired survivor size 17301504 bytes, new threshold 15 (max threshold 15)
[2021-08-17T05:15:23.811+0000][6][gc,age       ] GC(43) Age table with threshold 15 (max threshold 15)
[2021-08-17T05:15:23.811+0000][6][gc,age       ] GC(43) - age   1:       1648 bytes,       1648 total
[2021-08-17T05:15:23.811+0000][6][gc,age       ] GC(43) - age   2:        216 bytes,       1864 total
[2021-08-17T05:15:23.811+0000][6][gc,age       ] GC(43) - age   3:       1112 bytes,       2976 total
[2021-08-17T05:15:23.811+0000][6][gc,age       ] GC(43) - age   5:        848 bytes,       3824 total
[2021-08-17T05:15:23.811+0000][6][gc,age       ] GC(43) - age  12:         32 bytes,       3856 total
[2021-08-17T05:15:23.811+0000][6][gc,age       ] GC(43) - age  13:         24 bytes,       3880 total
[2021-08-17T05:15:23.811+0000][6][gc,phases    ] GC(43)   Pre Evacuate Collection Set: 0.1ms
[2021-08-17T05:15:23.811+0000][6][gc,phases    ] GC(43)   Merge Heap Roots: 0.2ms
[2021-08-17T05:15:23.811+0000][6][gc,phases    ] GC(43)   Evacuate Collection Set: 5.6ms
[2021-08-17T05:15:23.811+0000][6][gc,phases    ] GC(43)   Post Evacuate Collection Set: 1.1ms
[2021-08-17T05:15:23.811+0000][6][gc,phases    ] GC(43)   Other: 0.2ms
[2021-08-17T05:15:23.811+0000][6][gc,heap      ] GC(43) Eden regions: 254->0(258)
[2021-08-17T05:15:23.811+0000][6][gc,heap      ] GC(43) Survivor regions: 6->1(33)
[2021-08-17T05:15:23.811+0000][6][gc,heap      ] GC(43) Old regions: 89->94
[2021-08-17T05:15:23.811+0000][6][gc,heap      ] GC(43) Archive regions: 2->2
[2021-08-17T05:15:23.811+0000][6][gc,heap      ] GC(43) Humongous regions: 45->45
[2021-08-17T05:15:23.811+0000][6][gc,metaspace ] GC(43) Metaspace: 61888K(66000K)->61888K(66000K) NonClass: 53644K(56020K)->53644K(56020K) Class: 8244K(9980K)->8244K(9980K)
[2021-08-17T05:15:23.811+0000][6][gc           ] GC(43) Pause Young (Normal) (G1 Evacuation Pause) 393M->139M(537M) 7.305ms
[2021-08-17T05:15:23.812+0000][6][gc,cpu       ] GC(43) User=0.01s Sys=0.00s Real=0.01s
[2021-08-17T05:15:23.812+0000][6][safepoint    ] Safepoint "G1CollectForAllocation", Time since last: 90662525 ns, Reaching safepoint: 110878 ns, At safepoint: 7365372 ns, Total: 7476250 ns
[2021-08-17T05:15:23.902+0000][6][gc,start     ] GC(44) Pause Young (Normal) (G1 Evacuation Pause)
[2021-08-17T05:15:23.902+0000][6][gc,task      ] GC(44) Using 4 workers of 4 for evacuation
[2021-08-17T05:15:23.902+0000][6][gc,age       ] GC(44) Desired survivor size 17301504 bytes, new threshold 15 (max threshold 15)
[2021-08-17T05:15:23.904+0000][6][gc,age       ] GC(44) Age table with threshold 15 (max threshold 15)
[2021-08-17T05:15:23.904+0000][6][gc,age       ] GC(44) - age   1:     113816 bytes,     113816 total
[2021-08-17T05:15:23.904+0000][6][gc,age       ] GC(44) - age   2:       1440 bytes,     115256 total
[2021-08-17T05:15:23.904+0000][6][gc,age       ] GC(44) - age   3:        216 bytes,     115472 total
[2021-08-17T05:15:23.904+0000][6][gc,age       ] GC(44) - age   4:       1112 bytes,     116584 total
[2021-08-17T05:15:23.904+0000][6][gc,age       ] GC(44) - age   6:        848 bytes,     117432 total
[2021-08-17T05:15:23.904+0000][6][gc,age       ] GC(44) - age  13:         32 bytes,     117464 total
[2021-08-17T05:15:23.904+0000][6][gc,age       ] GC(44) - age  14:         24 bytes,     117488 total
[2021-08-17T05:15:23.905+0000][6][gc,phases    ] GC(44)   Pre Evacuate Collection Set: 0.3ms
[2021-08-17T05:15:23.905+0000][6][gc,phases    ] GC(44)   Merge Heap Roots: 0.3ms
[2021-08-17T05:15:23.905+0000][6][gc,phases    ] GC(44)   Evacuate Collection Set: 1.1ms
[2021-08-17T05:15:23.905+0000][6][gc,phases    ] GC(44)   Post Evacuate Collection Set: 1.0ms
[2021-08-17T05:15:23.905+0000][6][gc,phases    ] GC(44)   Other: 0.2ms
[2021-08-17T05:15:23.905+0000][6][gc,heap      ] GC(44) Eden regions: 258->0(259)
[2021-08-17T05:15:23.905+0000][6][gc,heap      ] GC(44) Survivor regions: 1->1(33)
[2021-08-17T05:15:23.905+0000][6][gc,heap      ] GC(44) Old regions: 94->94
[2021-08-17T05:15:23.905+0000][6][gc,heap      ] GC(44) Archive regions: 2->2
[2021-08-17T05:15:23.905+0000][6][gc,heap      ] GC(44) Humongous regions: 45->45
[2021-08-17T05:15:23.905+0000][6][gc,metaspace ] GC(44) Metaspace: 61897K(66000K)->61897K(66000K) NonClass: 53653K(56020K)->53653K(56020K) Class: 8244K(9980K)->8244K(9980K)
[2021-08-17T05:15:23.905+0000][6][gc           ] GC(44) Pause Young (Normal) (G1 Evacuation Pause) 397M->139M(537M) 2.853ms
[2021-08-17T05:15:23.905+0000][6][gc,cpu       ] GC(44) User=0.00s Sys=0.00s Real=0.00s
[2021-08-17T05:15:23.905+0000][6][safepoint    ] Safepoint "G1CollectForAllocation", Time since last: 90039469 ns, Reaching safepoint: 139999 ns, At safepoint: 2907892 ns, Total: 3047891 ns
[2021-08-17T05:15:23.998+0000][6][gc,start     ] GC(45) Pause Young (Normal) (G1 Evacuation Pause)
[2021-08-17T05:15:23.998+0000][6][gc,task      ] GC(45) Using 4 workers of 4 for evacuation
[2021-08-17T05:15:23.998+0000][6][gc,age       ] GC(45) Desired survivor size 17301504 bytes, new threshold 15 (max threshold 15)
[2021-08-17T05:15:24.001+0000][6][gc,age       ] GC(45) Age table with threshold 15 (max threshold 15)
[2021-08-17T05:15:24.001+0000][6][gc,age       ] GC(45) - age   1:        128 bytes,        128 total
[2021-08-17T05:15:24.001+0000][6][gc,age       ] GC(45) - age   2:     113688 bytes,     113816 total
[2021-08-17T05:15:24.001+0000][6][gc,age       ] GC(45) - age   3:       1440 bytes,     115256 total
[2021-08-17T05:15:24.001+0000][6][gc,age       ] GC(45) - age   4:        216 bytes,     115472 total
[2021-08-17T05:15:24.001+0000][6][gc,age       ] GC(45) - age   5:       1112 bytes,     116584 total
[2021-08-17T05:15:24.001+0000][6][gc,age       ] GC(45) - age   7:        848 bytes,     117432 total
[2021-08-17T05:15:24.001+0000][6][gc,age       ] GC(45) - age  14:         32 bytes,     117464 total
[2021-08-17T05:15:24.001+0000][6][gc,age       ] GC(45) - age  15:         24 bytes,     117488 total
[2021-08-17T05:15:24.001+0000][6][gc,phases    ] GC(45)   Pre Evacuate Collection Set: 0.3ms
[2021-08-17T05:15:24.001+0000][6][gc,phases    ] GC(45)   Merge Heap Roots: 0.2ms
[2021-08-17T05:15:24.001+0000][6][gc,phases    ] GC(45)   Evacuate Collection Set: 1.0ms
[2021-08-17T05:15:24.001+0000][6][gc,phases    ] GC(45)   Post Evacuate Collection Set: 1.1ms
[2021-08-17T05:15:24.001+0000][6][gc,phases    ] GC(45)   Other: 0.2ms
[2021-08-17T05:15:24.001+0000][6][gc,heap      ] GC(45) Eden regions: 259->0(259)
[2021-08-17T05:15:24.001+0000][6][gc,heap      ] GC(45) Survivor regions: 1->1(33)
[2021-08-17T05:15:24.001+0000][6][gc,heap      ] GC(45) Old regions: 94->94
[2021-08-17T05:15:24.001+0000][6][gc,heap      ] GC(45) Archive regions: 2->2
[2021-08-17T05:15:24.001+0000][6][gc,heap      ] GC(45) Humongous regions: 45->45
[2021-08-17T05:15:24.001+0000][6][gc,metaspace ] GC(45) Metaspace: 61897K(66000K)->61897K(66000K) NonClass: 53653K(56020K)->53653K(56020K) Class: 8244K(9980K)->8244K(9980K)
[2021-08-17T05:15:24.001+0000][6][gc           ] GC(45) Pause Young (Normal) (G1 Evacuation Pause) 398M->139M(537M) 2.898ms
[2021-08-17T05:15:24.001+0000][6][gc,cpu       ] GC(45) User=0.01s Sys=0.00s Real=0.00s
[2021-08-17T05:15:24.001+0000][6][safepoint    ] Safepoint "G1CollectForAllocation", Time since last: 93016938 ns, Reaching safepoint: 208347 ns, At safepoint: 2952630 ns, Total: 3160977 ns
[2021-08-17T05:15:24.097+0000][6][gc,start     ] GC(46) Pause Young (Normal) (G1 Evacuation Pause)
[2021-08-17T05:15:24.097+0000][6][gc,task      ] GC(46) Using 4 workers of 4 for evacuation
[2021-08-17T05:15:24.097+0000][6][gc,age       ] GC(46) Desired survivor size 17301504 bytes, new threshold 15 (max threshold 15)
[2021-08-17T05:15:24.099+0000][6][gc,age       ] GC(46) Age table with threshold 15 (max threshold 15)
[2021-08-17T05:15:24.099+0000][6][gc,age       ] GC(46) - age   1:        128 bytes,        128 total
[2021-08-17T05:15:24.099+0000][6][gc,age       ] GC(46) - age   3:     113688 bytes,     113816 total
[2021-08-17T05:15:24.099+0000][6][gc,age       ] GC(46) - age   4:       1440 bytes,     115256 total
[2021-08-17T05:15:24.099+0000][6][gc,age       ] GC(46) - age   5:        216 bytes,     115472 total
[2021-08-17T05:15:24.099+0000][6][gc,age       ] GC(46) - age   6:       1112 bytes,     116584 total
[2021-08-17T05:15:24.099+0000][6][gc,age       ] GC(46) - age   8:        848 bytes,     117432 total
[2021-08-17T05:15:24.099+0000][6][gc,age       ] GC(46) - age  15:         32 bytes,     117464 total
[2021-08-17T05:15:24.099+0000][6][gc,phases    ] GC(46)   Pre Evacuate Collection Set: 0.3ms
[2021-08-17T05:15:24.099+0000][6][gc,phases    ] GC(46)   Merge Heap Roots: 0.2ms
[2021-08-17T05:15:24.099+0000][6][gc,phases    ] GC(46)   Evacuate Collection Set: 1.1ms
[2021-08-17T05:15:24.099+0000][6][gc,phases    ] GC(46)   Post Evacuate Collection Set: 1.1ms
[2021-08-17T05:15:24.099+0000][6][gc,phases    ] GC(46)   Other: 0.2ms
[2021-08-17T05:15:24.099+0000][6][gc,heap      ] GC(46) Eden regions: 259->0(259)
[2021-08-17T05:15:24.099+0000][6][gc,heap      ] GC(46) Survivor regions: 1->1(33)
[2021-08-17T05:15:24.099+0000][6][gc,heap      ] GC(46) Old regions: 94->94
[2021-08-17T05:15:24.099+0000][6][gc,heap      ] GC(46) Archive regions: 2->2
[2021-08-17T05:15:24.099+0000][6][gc,heap      ] GC(46) Humongous regions: 45->45
[2021-08-17T05:15:24.099+0000][6][gc,metaspace ] GC(46) Metaspace: 61897K(66000K)->61897K(66000K) NonClass: 53653K(56020K)->53653K(56020K) Class: 8244K(9980K)->8244K(9980K)
[2021-08-17T05:15:24.099+0000][6][gc           ] GC(46) Pause Young (Normal) (G1 Evacuation Pause) 398M->139M(537M) 2.882ms
[2021-08-17T05:15:24.099+0000][6][gc,cpu       ] GC(46) User=0.00s Sys=0.00s Real=0.01s
[2021-08-17T05:15:24.099+0000][6][safepoint    ] Safepoint "G1CollectForAllocation", Time since last: 95576693 ns, Reaching safepoint: 128920 ns, At safepoint: 2938923 ns, Total: 3067843 ns
[2021-08-17T05:15:24.195+0000][6][gc,start     ] GC(47) Pause Young (Normal) (G1 Evacuation Pause)
[2021-08-17T05:15:24.195+0000][6][gc,task      ] GC(47) Using 4 workers of 4 for evacuation
[2021-08-17T05:15:24.195+0000][6][gc,age       ] GC(47) Desired survivor size 17301504 bytes, new threshold 15 (max threshold 15)
[2021-08-17T05:15:24.198+0000][6][gc,age       ] GC(47) Age table with threshold 15 (max threshold 15)
[2021-08-17T05:15:24.198+0000][6][gc,age       ] GC(47) - age   1:        128 bytes,        128 total
[2021-08-17T05:15:24.198+0000][6][gc,age       ] GC(47) - age   4:     113688 bytes,     113816 total
[2021-08-17T05:15:24.198+0000][6][gc,age       ] GC(47) - age   5:       1440 bytes,     115256 total
[2021-08-17T05:15:24.198+0000][6][gc,age       ] GC(47) - age   6:        216 bytes,     115472 total
[2021-08-17T05:15:24.198+0000][6][gc,age       ] GC(47) - age   7:       1112 bytes,     116584 total
[2021-08-17T05:15:24.198+0000][6][gc,age       ] GC(47) - age   9:        848 bytes,     117432 total
[2021-08-17T05:15:24.198+0000][6][gc,phases    ] GC(47)   Pre Evacuate Collection Set: 0.3ms
[2021-08-17T05:15:24.198+0000][6][gc,phases    ] GC(47)   Merge Heap Roots: 0.5ms
[2021-08-17T05:15:24.198+0000][6][gc,phases    ] GC(47)   Evacuate Collection Set: 1.1ms
[2021-08-17T05:15:24.198+0000][6][gc,phases    ] GC(47)   Post Evacuate Collection Set: 1.4ms
[2021-08-17T05:15:24.198+0000][6][gc,phases    ] GC(47)   Other: 0.2ms
[2021-08-17T05:15:24.198+0000][6][gc,heap      ] GC(47) Eden regions: 259->0(259)
[2021-08-17T05:15:24.198+0000][6][gc,heap      ] GC(47) Survivor regions: 1->1(33)
[2021-08-17T05:15:24.198+0000][6][gc,heap      ] GC(47) Old regions: 94->94
[2021-08-17T05:15:24.198+0000][6][gc,heap      ] GC(47) Archive regions: 2->2
[2021-08-17T05:15:24.198+0000][6][gc,heap      ] GC(47) Humongous regions: 45->45
[2021-08-17T05:15:24.198+0000][6][gc,metaspace ] GC(47) Metaspace: 61897K(66000K)->61897K(66000K) NonClass: 53653K(56020K)->53653K(56020K) Class: 8244K(9980K)->8244K(9980K)
[2021-08-17T05:15:24.198+0000][6][gc           ] GC(47) Pause Young (Normal) (G1 Evacuation Pause) 398M->139M(537M) 3.564ms
[2021-08-17T05:15:24.198+0000][6][gc,cpu       ] GC(47) User=0.01s Sys=0.00s Real=0.01s
[2021-08-17T05:15:24.198+0000][6][safepoint    ] Safepoint "G1CollectForAllocation", Time since last: 95119807 ns, Reaching safepoint: 129959 ns, At safepoint: 3620080 ns, Total: 3750039 ns
[2021-08-17T05:15:24.294+0000][6][gc,start     ] GC(48) Pause Young (Normal) (G1 Evacuation Pause)
[2021-08-17T05:15:24.294+0000][6][gc,task      ] GC(48) Using 4 workers of 4 for evacuation
[2021-08-17T05:15:24.294+0000][6][gc,age       ] GC(48) Desired survivor size 17301504 bytes, new threshold 15 (max threshold 15)
[2021-08-17T05:15:24.296+0000][6][gc,age       ] GC(48) Age table with threshold 15 (max threshold 15)
[2021-08-17T05:15:24.296+0000][6][gc,age       ] GC(48) - age   1:        128 bytes,        128 total
[2021-08-17T05:15:24.296+0000][6][gc,age       ] GC(48) - age   5:     113688 bytes,     113816 total
[2021-08-17T05:15:24.296+0000][6][gc,age       ] GC(48) - age   6:       1440 bytes,     115256 total
[2021-08-17T05:15:24.296+0000][6][gc,age       ] GC(48) - age   7:        216 bytes,     115472 total
[2021-08-17T05:15:24.296+0000][6][gc,age       ] GC(48) - age   8:       1112 bytes,     116584 total
[2021-08-17T05:15:24.296+0000][6][gc,age       ] GC(48) - age  10:        848 bytes,     117432 total
[2021-08-17T05:15:24.296+0000][6][gc,phases    ] GC(48)   Pre Evacuate Collection Set: 0.3ms
[2021-08-17T05:15:24.296+0000][6][gc,phases    ] GC(48)   Merge Heap Roots: 0.2ms
[2021-08-17T05:15:24.297+0000][6][gc,phases    ] GC(48)   Evacuate Collection Set: 1.1ms
[2021-08-17T05:15:24.297+0000][6][gc,phases    ] GC(48)   Post Evacuate Collection Set: 1.0ms
[2021-08-17T05:15:24.297+0000][6][gc,phases    ] GC(48)   Other: 0.2ms
[2021-08-17T05:15:24.297+0000][6][gc,heap      ] GC(48) Eden regions: 259->0(259)
[2021-08-17T05:15:24.297+0000][6][gc,heap      ] GC(48) Survivor regions: 1->1(33)
[2021-08-17T05:15:24.297+0000][6][gc,heap      ] GC(48) Old regions: 94->94
[2021-08-17T05:15:24.297+0000][6][gc,heap      ] GC(48) Archive regions: 2->2
[2021-08-17T05:15:24.297+0000][6][gc,heap      ] GC(48) Humongous regions: 45->45
[2021-08-17T05:15:24.297+0000][6][gc,metaspace ] GC(48) Metaspace: 61897K(66000K)->61897K(66000K) NonClass: 53653K(56020K)->53653K(56020K) Class: 8244K(9980K)->8244K(9980K)
[2021-08-17T05:15:24.297+0000][6][gc           ] GC(48) Pause Young (Normal) (G1 Evacuation Pause) 398M->139M(537M) 2.862ms
[2021-08-17T05:15:24.297+0000][6][gc,cpu       ] GC(48) User=0.01s Sys=0.00s Real=0.00s
[2021-08-17T05:15:24.297+0000][6][safepoint    ] Safepoint "G1CollectForAllocation", Time since last: 95217142 ns, Reaching safepoint: 196379 ns, At safepoint: 2917999 ns, Total: 3114378 ns
[2021-08-17T05:15:24.393+0000][6][gc,start     ] GC(49) Pause Young (Normal) (G1 Evacuation Pause)
[2021-08-17T05:15:24.393+0000][6][gc,task      ] GC(49) Using 4 workers of 4 for evacuation
[2021-08-17T05:15:24.393+0000][6][gc,age       ] GC(49) Desired survivor size 17301504 bytes, new threshold 15 (max threshold 15)
[2021-08-17T05:15:24.396+0000][6][gc,age       ] GC(49) Age table with threshold 15 (max threshold 15)
[2021-08-17T05:15:24.396+0000][6][gc,age       ] GC(49) - age   1:        880 bytes,        880 total
[2021-08-17T05:15:24.396+0000][6][gc,age       ] GC(49) - age   6:     113688 bytes,     114568 total
[2021-08-17T05:15:24.396+0000][6][gc,age       ] GC(49) - age   7:       1408 bytes,     115976 total
[2021-08-17T05:15:24.396+0000][6][gc,age       ] GC(49) - age   8:        216 bytes,     116192 total
[2021-08-17T05:15:24.396+0000][6][gc,age       ] GC(49) - age   9:       1112 bytes,     117304 total
[2021-08-17T05:15:24.396+0000][6][gc,phases    ] GC(49)   Pre Evacuate Collection Set: 0.3ms
[2021-08-17T05:15:24.396+0000][6][gc,phases    ] GC(49)   Merge Heap Roots: 0.3ms
[2021-08-17T05:15:24.396+0000][6][gc,phases    ] GC(49)   Evacuate Collection Set: 1.3ms
[2021-08-17T05:15:24.396+0000][6][gc,phases    ] GC(49)   Post Evacuate Collection Set: 1.2ms
[2021-08-17T05:15:24.396+0000][6][gc,phases    ] GC(49)   Other: 0.2ms
[2021-08-17T05:15:24.396+0000][6][gc,heap      ] GC(49) Eden regions: 259->0(257)
[2021-08-17T05:15:24.396+0000][6][gc,heap      ] GC(49) Survivor regions: 1->1(33)
[2021-08-17T05:15:24.396+0000][6][gc,heap      ] GC(49) Old regions: 94->94
[2021-08-17T05:15:24.396+0000][6][gc,heap      ] GC(49) Archive regions: 2->2
[2021-08-17T05:15:24.396+0000][6][gc,heap      ] GC(49) Humongous regions: 47->47
[2021-08-17T05:15:24.396+0000][6][gc,metaspace ] GC(49) Metaspace: 61897K(66000K)->61897K(66000K) NonClass: 53653K(56020K)->53653K(56020K) Class: 8244K(9980K)->8244K(9980K)
[2021-08-17T05:15:24.396+0000][6][gc           ] GC(49) Pause Young (Normal) (G1 Evacuation Pause) 400M->141M(537M) 3.324ms
[2021-08-17T05:15:24.396+0000][6][gc,cpu       ] GC(49) User=0.00s Sys=0.00s Real=0.00s
[2021-08-17T05:15:24.396+0000][6][safepoint    ] Safepoint "G1CollectForAllocation", Time since last: 96232930 ns, Reaching safepoint: 184001 ns, At safepoint: 3378871 ns, Total: 3562872 ns
[2021-08-17T05:15:24.490+0000][6][gc,start     ] GC(50) Pause Young (Normal) (G1 Evacuation Pause)
[2021-08-17T05:15:24.490+0000][6][gc,task      ] GC(50) Using 4 workers of 4 for evacuation
[2021-08-17T05:15:24.490+0000][6][gc,age       ] GC(50) Desired survivor size 17301504 bytes, new threshold 15 (max threshold 15)
[2021-08-17T05:15:24.493+0000][6][gc,age       ] GC(50) Age table with threshold 15 (max threshold 15)
[2021-08-17T05:15:24.493+0000][6][gc,age       ] GC(50) - age   2:        880 bytes,        880 total
[2021-08-17T05:15:24.493+0000][6][gc,age       ] GC(50) - age   7:     113688 bytes,     114568 total
[2021-08-17T05:15:24.493+0000][6][gc,age       ] GC(50) - age   8:       1408 bytes,     115976 total
[2021-08-17T05:15:24.493+0000][6][gc,age       ] GC(50) - age   9:        216 bytes,     116192 total
[2021-08-17T05:15:24.493+0000][6][gc,age       ] GC(50) - age  10:       1112 bytes,     117304 total
[2021-08-17T05:15:24.493+0000][6][gc,phases    ] GC(50)   Pre Evacuate Collection Set: 0.3ms
[2021-08-17T05:15:24.494+0000][6][gc,phases    ] GC(50)   Merge Heap Roots: 0.2ms
[2021-08-17T05:15:24.494+0000][6][gc,phases    ] GC(50)   Evacuate Collection Set: 1.3ms
[2021-08-17T05:15:24.494+0000][6][gc,phases    ] GC(50)   Post Evacuate Collection Set: 1.4ms
[2021-08-17T05:15:24.494+0000][6][gc,phases    ] GC(50)   Other: 0.2ms
[2021-08-17T05:15:24.494+0000][6][gc,heap      ] GC(50) Eden regions: 257->0(257)
[2021-08-17T05:15:24.494+0000][6][gc,heap      ] GC(50) Survivor regions: 1->1(33)
[2021-08-17T05:15:24.494+0000][6][gc,heap      ] GC(50) Old regions: 94->94
[2021-08-17T05:15:24.494+0000][6][gc,heap      ] GC(50) Archive regions: 2->2
[2021-08-17T05:15:24.494+0000][6][gc,heap      ] GC(50) Humongous regions: 47->47
[2021-08-17T05:15:24.494+0000][6][gc,metaspace ] GC(50) Metaspace: 61897K(66000K)->61897K(66000K) NonClass: 53653K(56020K)->53653K(56020K) Class: 8244K(9980K)->8244K(9980K)
[2021-08-17T05:15:24.494+0000][6][gc           ] GC(50) Pause Young (Normal) (G1 Evacuation Pause) 398M->141M(537M) 3.354ms
[2021-08-17T05:15:24.494+0000][6][gc,cpu       ] GC(50) User=0.00s Sys=0.00s Real=0.00s
[2021-08-17T05:15:24.494+0000][6][safepoint    ] Safepoint "G1CollectForAllocation", Time since last: 93671810 ns, Reaching safepoint: 132302 ns, At safepoint: 3410242 ns, Total: 3542544 ns
[2021-08-17T05:15:24.588+0000][6][gc,start     ] GC(51) Pause Young (Normal) (G1 Evacuation Pause)
[2021-08-17T05:15:24.588+0000][6][gc,task      ] GC(51) Using 4 workers of 4 for evacuation
[2021-08-17T05:15:24.588+0000][6][gc,age       ] GC(51) Desired survivor size 17301504 bytes, new threshold 15 (max threshold 15)
[2021-08-17T05:15:24.591+0000][6][gc,age       ] GC(51) Age table with threshold 15 (max threshold 15)
[2021-08-17T05:15:24.591+0000][6][gc,age       ] GC(51) - age   3:        880 bytes,        880 total
[2021-08-17T05:15:24.591+0000][6][gc,age       ] GC(51) - age   8:     113688 bytes,     114568 total
[2021-08-17T05:15:24.591+0000][6][gc,age       ] GC(51) - age   9:       1408 bytes,     115976 total
[2021-08-17T05:15:24.591+0000][6][gc,age       ] GC(51) - age  10:        216 bytes,     116192 total
[2021-08-17T05:15:24.591+0000][6][gc,age       ] GC(51) - age  11:       1112 bytes,     117304 total
[2021-08-17T05:15:24.591+0000][6][gc,phases    ] GC(51)   Pre Evacuate Collection Set: 0.3ms
[2021-08-17T05:15:24.591+0000][6][gc,phases    ] GC(51)   Merge Heap Roots: 0.2ms
[2021-08-17T05:15:24.591+0000][6][gc,phases    ] GC(51)   Evacuate Collection Set: 1.1ms
[2021-08-17T05:15:24.591+0000][6][gc,phases    ] GC(51)   Post Evacuate Collection Set: 1.3ms
[2021-08-17T05:15:24.591+0000][6][gc,phases    ] GC(51)   Other: 0.2ms
[2021-08-17T05:15:24.591+0000][6][gc,heap      ] GC(51) Eden regions: 257->0(257)
[2021-08-17T05:15:24.591+0000][6][gc,heap      ] GC(51) Survivor regions: 1->1(33)
[2021-08-17T05:15:24.591+0000][6][gc,heap      ] GC(51) Old regions: 94->94
[2021-08-17T05:15:24.591+0000][6][gc,heap      ] GC(51) Archive regions: 2->2
[2021-08-17T05:15:24.591+0000][6][gc,heap      ] GC(51) Humongous regions: 47->47
[2021-08-17T05:15:24.591+0000][6][gc,metaspace ] GC(51) Metaspace: 61897K(66000K)->61897K(66000K) NonClass: 53653K(56020K)->53653K(56020K) Class: 8244K(9980K)->8244K(9980K)
[2021-08-17T05:15:24.591+0000][6][gc           ] GC(51) Pause Young (Normal) (G1 Evacuation Pause) 398M->141M(537M) 3.296ms
[2021-08-17T05:15:24.591+0000][6][gc,cpu       ] GC(51) User=0.00s Sys=0.00s Real=0.00s
[2021-08-17T05:15:24.591+0000][6][safepoint    ] Safepoint "G1CollectForAllocation", Time since last: 93611720 ns, Reaching safepoint: 220918 ns, At safepoint: 3351794 ns, Total: 3572712 ns
[2021-08-17T05:15:24.722+0000][6][gc,start     ] GC(52) Pause Young (Normal) (G1 Evacuation Pause)
[2021-08-17T05:15:24.722+0000][6][gc,task      ] GC(52) Using 4 workers of 4 for evacuation
[2021-08-17T05:15:24.722+0000][6][gc,age       ] GC(52) Desired survivor size 17301504 bytes, new threshold 15 (max threshold 15)
[2021-08-17T05:15:24.725+0000][6][gc,age       ] GC(52) Age table with threshold 15 (max threshold 15)
[2021-08-17T05:15:24.725+0000][6][gc,age       ] GC(52) - age   1:        376 bytes,        376 total
[2021-08-17T05:15:24.725+0000][6][gc,age       ] GC(52) - age   4:        848 bytes,       1224 total
[2021-08-17T05:15:24.725+0000][6][gc,age       ] GC(52) - age   9:     113688 bytes,     114912 total
[2021-08-17T05:15:24.725+0000][6][gc,age       ] GC(52) - age  10:       1408 bytes,     116320 total
[2021-08-17T05:15:24.725+0000][6][gc,age       ] GC(52) - age  11:         32 bytes,     116352 total
[2021-08-17T05:15:24.725+0000][6][gc,age       ] GC(52) - age  12:       1112 bytes,     117464 total
[2021-08-17T05:15:24.725+0000][6][gc,phases    ] GC(52)   Pre Evacuate Collection Set: 0.3ms
[2021-08-17T05:15:24.725+0000][6][gc,phases    ] GC(52)   Merge Heap Roots: 0.3ms
[2021-08-17T05:15:24.725+0000][6][gc,phases    ] GC(52)   Evacuate Collection Set: 1.5ms
[2021-08-17T05:15:24.725+0000][6][gc,phases    ] GC(52)   Post Evacuate Collection Set: 0.8ms
[2021-08-17T05:15:24.725+0000][6][gc,phases    ] GC(52)   Other: 0.2ms
[2021-08-17T05:15:24.725+0000][6][gc,heap      ] GC(52) Eden regions: 257->0(254)
[2021-08-17T05:15:24.725+0000][6][gc,heap      ] GC(52) Survivor regions: 1->1(33)
[2021-08-17T05:15:24.725+0000][6][gc,heap      ] GC(52) Old regions: 94->94
[2021-08-17T05:15:24.725+0000][6][gc,heap      ] GC(52) Archive regions: 2->2
[2021-08-17T05:15:24.725+0000][6][gc,heap      ] GC(52) Humongous regions: 50->50
[2021-08-17T05:15:24.725+0000][6][gc,metaspace ] GC(52) Metaspace: 61899K(66000K)->61899K(66000K) NonClass: 53654K(56020K)->53654K(56020K) Class: 8244K(9980K)->8244K(9980K)
[2021-08-17T05:15:24.725+0000][6][gc           ] GC(52) Pause Young (Normal) (G1 Evacuation Pause) 401M->144M(537M) 3.110ms
[2021-08-17T05:15:24.725+0000][6][gc,cpu       ] GC(52) User=0.00s Sys=0.00s Real=0.00s
[2021-08-17T05:15:24.725+0000][6][safepoint    ] Safepoint "G1CollectForAllocation", Time since last: 130993827 ns, Reaching safepoint: 123539 ns, At safepoint: 3162924 ns, Total: 3286463 ns
[2021-08-17T05:15:24.813+0000][6][gc,start     ] GC(53) Pause Young (Normal) (G1 Evacuation Pause)
[2021-08-17T05:15:24.813+0000][6][gc,task      ] GC(53) Using 4 workers of 4 for evacuation
[2021-08-17T05:15:24.813+0000][6][gc,age       ] GC(53) Desired survivor size 16777216 bytes, new threshold 15 (max threshold 15)
[2021-08-17T05:15:24.816+0000][6][gc,age       ] GC(53) Age table with threshold 15 (max threshold 15)
[2021-08-17T05:15:24.816+0000][6][gc,age       ] GC(53) - age   1:        232 bytes,        232 total
[2021-08-17T05:15:24.816+0000][6][gc,age       ] GC(53) - age   2:        248 bytes,        480 total
[2021-08-17T05:15:24.816+0000][6][gc,age       ] GC(53) - age   5:        848 bytes,       1328 total
[2021-08-17T05:15:24.816+0000][6][gc,age       ] GC(53) - age  10:     113688 bytes,     115016 total
[2021-08-17T05:15:24.816+0000][6][gc,age       ] GC(53) - age  11:       1408 bytes,     116424 total
[2021-08-17T05:15:24.816+0000][6][gc,age       ] GC(53) - age  12:         32 bytes,     116456 total
[2021-08-17T05:15:24.816+0000][6][gc,age       ] GC(53) - age  13:       1112 bytes,     117568 total
[2021-08-17T05:15:24.816+0000][6][gc,phases    ] GC(53)   Pre Evacuate Collection Set: 0.3ms
[2021-08-17T05:15:24.816+0000][6][gc,phases    ] GC(53)   Merge Heap Roots: 0.3ms
[2021-08-17T05:15:24.816+0000][6][gc,phases    ] GC(53)   Evacuate Collection Set: 1.2ms
[2021-08-17T05:15:24.816+0000][6][gc,phases    ] GC(53)   Post Evacuate Collection Set: 1.1ms
[2021-08-17T05:15:24.816+0000][6][gc,phases    ] GC(53)   Other: 0.2ms
[2021-08-17T05:15:24.816+0000][6][gc,heap      ] GC(53) Eden regions: 254->0(254)
[2021-08-17T05:15:24.816+0000][6][gc,heap      ] GC(53) Survivor regions: 1->1(32)
[2021-08-17T05:15:24.816+0000][6][gc,heap      ] GC(53) Old regions: 94->94
[2021-08-17T05:15:24.816+0000][6][gc,heap      ] GC(53) Archive regions: 2->2
[2021-08-17T05:15:24.816+0000][6][gc,heap      ] GC(53) Humongous regions: 50->50
[2021-08-17T05:15:24.816+0000][6][gc,metaspace ] GC(53) Metaspace: 61899K(66000K)->61899K(66000K) NonClass: 53654K(56020K)->53654K(56020K) Class: 8244K(9980K)->8244K(9980K)
[2021-08-17T05:15:24.816+0000][6][gc           ] GC(53) Pause Young (Normal) (G1 Evacuation Pause) 398M->144M(537M) 2.987ms
[2021-08-17T05:15:24.816+0000][6][gc,cpu       ] GC(53) User=0.01s Sys=0.00s Real=0.00s
[2021-08-17T05:15:24.816+0000][6][safepoint    ] Safepoint "G1CollectForAllocation", Time since last: 87910563 ns, Reaching safepoint: 126310 ns, At safepoint: 3043112 ns, Total: 3169422 ns
[2021-08-17T05:15:24.906+0000][6][gc,start     ] GC(54) Pause Young (Normal) (G1 Evacuation Pause)
[2021-08-17T05:15:24.906+0000][6][gc,task      ] GC(54) Using 4 workers of 4 for evacuation
[2021-08-17T05:15:24.906+0000][6][gc,age       ] GC(54) Desired survivor size 16777216 bytes, new threshold 15 (max threshold 15)
[2021-08-17T05:15:24.908+0000][6][gc,age       ] GC(54) Age table with threshold 15 (max threshold 15)
[2021-08-17T05:15:24.909+0000][6][gc,age       ] GC(54) - age   1:        232 bytes,        232 total
[2021-08-17T05:15:24.909+0000][6][gc,age       ] GC(54) - age   3:        248 bytes,        480 total
[2021-08-17T05:15:24.909+0000][6][gc,age       ] GC(54) - age   6:        848 bytes,       1328 total
[2021-08-17T05:15:24.909+0000][6][gc,age       ] GC(54) - age  11:     113688 bytes,     115016 total
[2021-08-17T05:15:24.909+0000][6][gc,age       ] GC(54) - age  12:       1408 bytes,     116424 total
[2021-08-17T05:15:24.909+0000][6][gc,age       ] GC(54) - age  13:         32 bytes,     116456 total
[2021-08-17T05:15:24.909+0000][6][gc,age       ] GC(54) - age  14:       1112 bytes,     117568 total
[2021-08-17T05:15:24.909+0000][6][gc,phases    ] GC(54)   Pre Evacuate Collection Set: 0.3ms
[2021-08-17T05:15:24.909+0000][6][gc,phases    ] GC(54)   Merge Heap Roots: 0.3ms
[2021-08-17T05:15:24.909+0000][6][gc,phases    ] GC(54)   Evacuate Collection Set: 1.1ms
[2021-08-17T05:15:24.909+0000][6][gc,phases    ] GC(54)   Post Evacuate Collection Set: 1.1ms
[2021-08-17T05:15:24.909+0000][6][gc,phases    ] GC(54)   Other: 0.2ms
[2021-08-17T05:15:24.909+0000][6][gc,heap      ] GC(54) Eden regions: 254->0(254)
[2021-08-17T05:15:24.909+0000][6][gc,heap      ] GC(54) Survivor regions: 1->1(32)
[2021-08-17T05:15:24.909+0000][6][gc,heap      ] GC(54) Old regions: 94->94
[2021-08-17T05:15:24.909+0000][6][gc,heap      ] GC(54) Archive regions: 2->2
[2021-08-17T05:15:24.909+0000][6][gc,heap      ] GC(54) Humongous regions: 50->50
[2021-08-17T05:15:24.909+0000][6][gc,metaspace ] GC(54) Metaspace: 61899K(66000K)->61899K(66000K) NonClass: 53654K(56020K)->53654K(56020K) Class: 8244K(9980K)->8244K(9980K)
[2021-08-17T05:15:24.909+0000][6][gc           ] GC(54) Pause Young (Normal) (G1 Evacuation Pause) 398M->144M(537M) 2.914ms
[2021-08-17T05:15:24.909+0000][6][gc,cpu       ] GC(54) User=0.00s Sys=0.00s Real=0.01s
[2021-08-17T05:15:24.909+0000][6][safepoint    ] Safepoint "G1CollectForAllocation", Time since last: 89384423 ns, Reaching safepoint: 133284 ns, At safepoint: 2966484 ns, Total: 3099768 ns
[2021-08-17T05:15:24.999+0000][6][gc,start     ] GC(55) Pause Young (Normal) (G1 Evacuation Pause)
[2021-08-17T05:15:24.999+0000][6][gc,task      ] GC(55) Using 4 workers of 4 for evacuation
[2021-08-17T05:15:24.999+0000][6][gc,age       ] GC(55) Desired survivor size 16777216 bytes, new threshold 15 (max threshold 15)
[2021-08-17T05:15:25.002+0000][6][gc,age       ] GC(55) Age table with threshold 15 (max threshold 15)
[2021-08-17T05:15:25.002+0000][6][gc,age       ] GC(55) - age   1:        128 bytes,        128 total
[2021-08-17T05:15:25.002+0000][6][gc,age       ] GC(55) - age   4:        248 bytes,        376 total
[2021-08-17T05:15:25.002+0000][6][gc,age       ] GC(55) - age   7:        848 bytes,       1224 total
[2021-08-17T05:15:25.002+0000][6][gc,age       ] GC(55) - age  12:     113688 bytes,     114912 total
[2021-08-17T05:15:25.002+0000][6][gc,age       ] GC(55) - age  13:       1408 bytes,     116320 total
[2021-08-17T05:15:25.002+0000][6][gc,age       ] GC(55) - age  14:         32 bytes,     116352 total
[2021-08-17T05:15:25.002+0000][6][gc,age       ] GC(55) - age  15:       1112 bytes,     117464 total
[2021-08-17T05:15:25.002+0000][6][gc,phases    ] GC(55)   Pre Evacuate Collection Set: 0.3ms
[2021-08-17T05:15:25.002+0000][6][gc,phases    ] GC(55)   Merge Heap Roots: 0.3ms
[2021-08-17T05:15:25.002+0000][6][gc,phases    ] GC(55)   Evacuate Collection Set: 0.9ms
[2021-08-17T05:15:25.002+0000][6][gc,phases    ] GC(55)   Post Evacuate Collection Set: 1.6ms
[2021-08-17T05:15:25.002+0000][6][gc,phases    ] GC(55)   Other: 0.2ms
[2021-08-17T05:15:25.002+0000][6][gc,heap      ] GC(55) Eden regions: 254->0(254)
[2021-08-17T05:15:25.002+0000][6][gc,heap      ] GC(55) Survivor regions: 1->1(32)
[2021-08-17T05:15:25.002+0000][6][gc,heap      ] GC(55) Old regions: 94->94
[2021-08-17T05:15:25.002+0000][6][gc,heap      ] GC(55) Archive regions: 2->2
[2021-08-17T05:15:25.002+0000][6][gc,heap      ] GC(55) Humongous regions: 50->50
[2021-08-17T05:15:25.002+0000][6][gc,metaspace ] GC(55) Metaspace: 61899K(66000K)->61899K(66000K) NonClass: 53654K(56020K)->53654K(56020K) Class: 8244K(9980K)->8244K(9980K)
[2021-08-17T05:15:25.002+0000][6][gc           ] GC(55) Pause Young (Normal) (G1 Evacuation Pause) 398M->144M(537M) 3.258ms
[2021-08-17T05:15:25.002+0000][6][gc,cpu       ] GC(55) User=0.01s Sys=0.00s Real=0.00s
[2021-08-17T05:15:25.002+0000][6][safepoint    ] Safepoint "G1CollectForAllocation", Time since last: 89962101 ns, Reaching safepoint: 264275 ns, At safepoint: 3314349 ns, Total: 3578624 ns
[2021-08-17T05:15:25.096+0000][6][gc,start     ] GC(56) Pause Young (Normal) (G1 Evacuation Pause)
[2021-08-17T05:15:25.097+0000][6][gc,task      ] GC(56) Using 4 workers of 4 for evacuation
[2021-08-17T05:15:25.097+0000][6][gc,age       ] GC(56) Desired survivor size 16777216 bytes, new threshold 15 (max threshold 15)
[2021-08-17T05:15:25.100+0000][6][gc,age       ] GC(56) Age table with threshold 15 (max threshold 15)
[2021-08-17T05:15:25.100+0000][6][gc,age       ] GC(56) - age   1:        128 bytes,        128 total
[2021-08-17T05:15:25.100+0000][6][gc,age       ] GC(56) - age   5:        248 bytes,        376 total
[2021-08-17T05:15:25.100+0000][6][gc,age       ] GC(56) - age   8:        848 bytes,       1224 total
[2021-08-17T05:15:25.100+0000][6][gc,age       ] GC(56) - age  13:     113688 bytes,     114912 total
[2021-08-17T05:15:25.100+0000][6][gc,age       ] GC(56) - age  14:       1408 bytes,     116320 total
[2021-08-17T05:15:25.100+0000][6][gc,age       ] GC(56) - age  15:         32 bytes,     116352 total
[2021-08-17T05:15:25.100+0000][6][gc,phases    ] GC(56)   Pre Evacuate Collection Set: 0.3ms
[2021-08-17T05:15:25.100+0000][6][gc,phases    ] GC(56)   Merge Heap Roots: 0.3ms
[2021-08-17T05:15:25.100+0000][6][gc,phases    ] GC(56)   Evacuate Collection Set: 1.3ms
[2021-08-17T05:15:25.100+0000][6][gc,phases    ] GC(56)   Post Evacuate Collection Set: 1.6ms
[2021-08-17T05:15:25.100+0000][6][gc,phases    ] GC(56)   Other: 0.2ms
[2021-08-17T05:15:25.100+0000][6][gc,heap      ] GC(56) Eden regions: 254->0(254)
[2021-08-17T05:15:25.100+0000][6][gc,heap      ] GC(56) Survivor regions: 1->1(32)
[2021-08-17T05:15:25.100+0000][6][gc,heap      ] GC(56) Old regions: 94->94
[2021-08-17T05:15:25.100+0000][6][gc,heap      ] GC(56) Archive regions: 2->2
[2021-08-17T05:15:25.100+0000][6][gc,heap      ] GC(56) Humongous regions: 50->50
[2021-08-17T05:15:25.100+0000][6][gc,metaspace ] GC(56) Metaspace: 61899K(66000K)->61899K(66000K) NonClass: 53654K(56020K)->53654K(56020K) Class: 8244K(9980K)->8244K(9980K)
[2021-08-17T05:15:25.100+0000][6][gc           ] GC(56) Pause Young (Normal) (G1 Evacuation Pause) 398M->144M(537M) 3.665ms
[2021-08-17T05:15:25.100+0000][6][gc,cpu       ] GC(56) User=0.00s Sys=0.00s Real=0.01s
[2021-08-17T05:15:25.100+0000][6][safepoint    ] Safepoint "G1CollectForAllocation", Time since last: 94053429 ns, Reaching safepoint: 196102 ns, At safepoint: 3719642 ns, Total: 3915744 ns
[2021-08-17T05:15:25.858+0000][6][gc,start     ] GC(57) Pause Young (Normal) (G1 Evacuation Pause)
[2021-08-17T05:15:25.858+0000][6][gc,task      ] GC(57) Using 4 workers of 4 for evacuation
[2021-08-17T05:15:25.858+0000][6][gc,age       ] GC(57) Desired survivor size 16777216 bytes, new threshold 15 (max threshold 15)
[2021-08-17T05:15:25.869+0000][6][gc,age       ] GC(57) Age table with threshold 15 (max threshold 15)
[2021-08-17T05:15:25.869+0000][6][gc,age       ] GC(57) - age   1:    6208752 bytes,    6208752 total
[2021-08-17T05:15:25.869+0000][6][gc,age       ] GC(57) - age   6:         32 bytes,    6208784 total
[2021-08-17T05:15:25.869+0000][6][gc,age       ] GC(57) - age  14:     113688 bytes,    6322472 total
[2021-08-17T05:15:25.869+0000][6][gc,age       ] GC(57) - age  15:       1408 bytes,    6323880 total
[2021-08-17T05:15:25.869+0000][6][gc,phases    ] GC(57)   Pre Evacuate Collection Set: 0.2ms
[2021-08-17T05:15:25.869+0000][6][gc,phases    ] GC(57)   Merge Heap Roots: 0.2ms
[2021-08-17T05:15:25.869+0000][6][gc,phases    ] GC(57)   Evacuate Collection Set: 8.8ms
[2021-08-17T05:15:25.869+0000][6][gc,phases    ] GC(57)   Post Evacuate Collection Set: 1.3ms
[2021-08-17T05:15:25.869+0000][6][gc,phases    ] GC(57)   Other: 0.2ms
[2021-08-17T05:15:25.869+0000][6][gc,heap      ] GC(57) Eden regions: 254->0(234)
[2021-08-17T05:15:25.869+0000][6][gc,heap      ] GC(57) Survivor regions: 1->7(32)
[2021-08-17T05:15:25.869+0000][6][gc,heap      ] GC(57) Old regions: 94->94
[2021-08-17T05:15:25.869+0000][6][gc,heap      ] GC(57) Archive regions: 2->2
[2021-08-17T05:15:25.869+0000][6][gc,heap      ] GC(57) Humongous regions: 58->58
[2021-08-17T05:15:25.869+0000][6][gc,metaspace ] GC(57) Metaspace: 62005K(66256K)->62005K(66256K) NonClass: 53761K(56276K)->53761K(56276K) Class: 8244K(9980K)->8244K(9980K)
[2021-08-17T05:15:25.869+0000][6][gc           ] GC(57) Pause Young (Normal) (G1 Evacuation Pause) 406M->158M(537M) 10.684ms
[2021-08-17T05:15:25.869+0000][6][gc,cpu       ] GC(57) User=0.03s Sys=0.00s Real=0.01s
[2021-08-17T05:15:25.869+0000][6][safepoint    ] Safepoint "G1CollectForAllocation", Time since last: 757885613 ns, Reaching safepoint: 253299 ns, At safepoint: 10785097 ns, Total: 11038396 ns
[2021-08-17T05:15:26.592+0000][6][gc,start     ] GC(58) Pause Young (Normal) (G1 Evacuation Pause)
[2021-08-17T05:15:26.592+0000][6][gc,task      ] GC(58) Using 4 workers of 4 for evacuation
[2021-08-17T05:15:26.592+0000][6][gc,age       ] GC(58) Desired survivor size 16252928 bytes, new threshold 15 (max threshold 15)
[2021-08-17T05:15:26.609+0000][6][gc,age       ] GC(58) Age table with threshold 15 (max threshold 15)
[2021-08-17T05:15:26.609+0000][6][gc,age       ] GC(58) - age   1:    5902304 bytes,    5902304 total
[2021-08-17T05:15:26.609+0000][6][gc,age       ] GC(58) - age   2:    5796504 bytes,   11698808 total
[2021-08-17T05:15:26.609+0000][6][gc,age       ] GC(58) - age   7:         32 bytes,   11698840 total
[2021-08-17T05:15:26.609+0000][6][gc,age       ] GC(58) - age  15:      46576 bytes,   11745416 total
[2021-08-17T05:15:26.609+0000][6][gc,phases    ] GC(58)   Pre Evacuate Collection Set: 0.3ms
[2021-08-17T05:15:26.609+0000][6][gc,phases    ] GC(58)   Merge Heap Roots: 0.3ms
[2021-08-17T05:15:26.609+0000][6][gc,phases    ] GC(58)   Evacuate Collection Set: 15.6ms
[2021-08-17T05:15:26.609+0000][6][gc,phases    ] GC(58)   Post Evacuate Collection Set: 1.3ms
[2021-08-17T05:15:26.609+0000][6][gc,phases    ] GC(58)   Other: 0.2ms
[2021-08-17T05:15:26.609+0000][6][gc,heap      ] GC(58) Eden regions: 234->0(223)
[2021-08-17T05:15:26.609+0000][6][gc,heap      ] GC(58) Survivor regions: 7->12(31)
[2021-08-17T05:15:26.609+0000][6][gc,heap      ] GC(58) Old regions: 94->94
[2021-08-17T05:15:26.609+0000][6][gc,heap      ] GC(58) Archive regions: 2->2
[2021-08-17T05:15:26.609+0000][6][gc,heap      ] GC(58) Humongous regions: 60->59
[2021-08-17T05:15:26.609+0000][6][gc,metaspace ] GC(58) Metaspace: 62020K(66256K)->62020K(66256K) NonClass: 53775K(56276K)->53775K(56276K) Class: 8244K(9980K)->8244K(9980K)
[2021-08-17T05:15:26.609+0000][6][gc           ] GC(58) Pause Young (Normal) (G1 Evacuation Pause) 394M->164M(537M) 17.719ms
[2021-08-17T05:15:26.609+0000][6][gc,cpu       ] GC(58) User=0.07s Sys=0.00s Real=0.02s
[2021-08-17T05:15:26.609+0000][6][safepoint    ] Safepoint "G1CollectForAllocation", Time since last: 722418374 ns, Reaching safepoint: 168803 ns, At safepoint: 17788411 ns, Total: 17957214 ns
[2021-08-17T05:15:27.094+0000][6][gc,start     ] GC(59) Pause Young (Normal) (G1 Evacuation Pause)
[2021-08-17T05:15:27.094+0000][6][gc,task      ] GC(59) Using 4 workers of 4 for evacuation
[2021-08-17T05:15:27.094+0000][6][gc,age       ] GC(59) Desired survivor size 15728640 bytes, new threshold 15 (max threshold 15)
[2021-08-17T05:15:27.111+0000][6][gc,age       ] GC(59) Age table with threshold 15 (max threshold 15)
[2021-08-17T05:15:27.111+0000][6][gc,age       ] GC(59) - age   1:    5459296 bytes,    5459296 total
[2021-08-17T05:15:27.111+0000][6][gc,age       ] GC(59) - age   2:    5844696 bytes,   11303992 total
[2021-08-17T05:15:27.111+0000][6][gc,age       ] GC(59) - age   3:    5794920 bytes,   17098912 total
[2021-08-17T05:15:27.111+0000][6][gc,age       ] GC(59) - age   8:         32 bytes,   17098944 total
[2021-08-17T05:15:27.111+0000][6][gc,phases    ] GC(59)   Pre Evacuate Collection Set: 0.3ms
[2021-08-17T05:15:27.111+0000][6][gc,phases    ] GC(59)   Merge Heap Roots: 0.3ms
[2021-08-17T05:15:27.111+0000][6][gc,phases    ] GC(59)   Evacuate Collection Set: 14.4ms
[2021-08-17T05:15:27.111+0000][6][gc,phases    ] GC(59)   Post Evacuate Collection Set: 1.6ms
[2021-08-17T05:15:27.111+0000][6][gc,phases    ] GC(59)   Other: 0.2ms
[2021-08-17T05:15:27.111+0000][6][gc,heap      ] GC(59) Eden regions: 223->0(213)
[2021-08-17T05:15:27.111+0000][6][gc,heap      ] GC(59) Survivor regions: 12->17(30)
[2021-08-17T05:15:27.111+0000][6][gc,heap      ] GC(59) Old regions: 94->94
[2021-08-17T05:15:27.111+0000][6][gc,heap      ] GC(59) Archive regions: 2->2
[2021-08-17T05:15:27.111+0000][6][gc,heap      ] GC(59) Humongous regions: 60->59
[2021-08-17T05:15:27.111+0000][6][gc,metaspace ] GC(59) Metaspace: 62020K(66256K)->62020K(66256K) NonClass: 53776K(56276K)->53776K(56276K) Class: 8244K(9980K)->8244K(9980K)
[2021-08-17T05:15:27.111+0000][6][gc           ] GC(59) Pause Young (Normal) (G1 Evacuation Pause) 388M->170M(537M) 16.823ms
[2021-08-17T05:15:27.111+0000][6][gc,cpu       ] GC(59) User=0.06s Sys=0.00s Real=0.02s
[2021-08-17T05:15:27.111+0000][6][safepoint    ] Safepoint "G1CollectForAllocation", Time since last: 484657955 ns, Reaching safepoint: 215698 ns, At safepoint: 16923700 ns, Total: 17139398 ns
[2021-08-17T05:15:27.415+0000][6][safepoint    ] Safepoint "ICBufferFull", Time since last: 303241773 ns, Reaching safepoint: 488558 ns, At safepoint: 48525 ns, Total: 537083 ns
[2021-08-17T05:15:27.428+0000][6][safepoint    ] Safepoint "BulkRevokeBias", Time since last: 12786104 ns, Reaching safepoint: 273856 ns, At safepoint: 173469 ns, Total: 447325 ns
[2021-08-17T05:15:27.548+0000][6][safepoint    ] Safepoint "ICBufferFull", Time since last: 119145188 ns, Reaching safepoint: 202063 ns, At safepoint: 10668 ns, Total: 212731 ns
[2021-08-17T05:15:28.717+0000][6][safepoint    ] Safepoint "Cleanup", Time since last: 1168216189 ns, Reaching safepoint: 601573 ns, At safepoint: 87093 ns, Total: 688666 ns
[2021-08-17T05:15:28.885+0000][6][safepoint    ] Safepoint "BulkRevokeBias", Time since last: 167987937 ns, Reaching safepoint: 86275 ns, At safepoint: 766456 ns, Total: 852731 ns
[2021-08-17T05:15:29.989+0000][6][safepoint    ] Safepoint "Cleanup", Time since last: 1103414512 ns, Reaching safepoint: 136911 ns, At safepoint: 4627 ns, Total: 141538 ns
[2021-08-17T05:15:30.990+0000][6][safepoint    ] Safepoint "Cleanup", Time since last: 1000564735 ns, Reaching safepoint: 269029 ns, At safepoint: 7790 ns, Total: 276819 ns
[2021-08-17T05:15:32.046+0000][6][safepoint    ] Safepoint "Cleanup", Time since last: 1055733601 ns, Reaching safepoint: 149191 ns, At safepoint: 5368 ns, Total: 154559 ns
[2021-08-17T05:15:33.046+0000][6][safepoint    ] Safepoint "Cleanup", Time since last: 1000532352 ns, Reaching safepoint: 186457 ns, At safepoint: 7030 ns, Total: 193487 ns
[2021-08-17T05:15:34.550+0000][6][safepoint    ] Safepoint "Cleanup", Time since last: 1503847874 ns, Reaching safepoint: 148692 ns, At safepoint: 4871 ns, Total: 153563 ns
[2021-08-17T05:15:35.551+0000][6][safepoint    ] Safepoint "Cleanup", Time since last: 1000585382 ns, Reaching safepoint: 173218 ns, At safepoint: 6956 ns, Total: 180174 ns
[2021-08-17T05:15:37.054+0000][6][safepoint    ] Safepoint "Cleanup", Time since last: 1502838461 ns, Reaching safepoint: 238908 ns, At safepoint: 9504 ns, Total: 248412 ns
[2021-08-17T05:15:38.055+0000][6][safepoint    ] Safepoint "Cleanup", Time since last: 1000961220 ns, Reaching safepoint: 199620 ns, At safepoint: 9539 ns, Total: 209159 ns
[2021-08-17T05:15:39.562+0000][6][safepoint    ] Safepoint "Cleanup", Time since last: 1506801385 ns, Reaching safepoint: 192246 ns, At safepoint: 7663 ns, Total: 199909 ns
[2021-08-17T05:15:40.565+0000][6][safepoint    ] Safepoint "Cleanup", Time since last: 1002209789 ns, Reaching safepoint: 289044 ns, At safepoint: 8996 ns, Total: 298040 ns
[2021-08-17T05:15:42.066+0000][6][safepoint    ] Safepoint "Cleanup", Time since last: 1500953583 ns, Reaching safepoint: 123685 ns, At safepoint: 6518 ns, Total: 130203 ns
[2021-08-17T05:15:43.067+0000][6][safepoint    ] Safepoint "Cleanup", Time since last: 1000448585 ns, Reaching safepoint: 175210 ns, At safepoint: 9181 ns, Total: 184391 ns
[2021-08-17T05:15:43.571+0000][6][safepoint    ] Safepoint "BulkRevokeBias", Time since last: 504039649 ns, Reaching safepoint: 103023 ns, At safepoint: 266015 ns, Total: 369038 ns
[2021-08-17T05:15:44.572+0000][6][safepoint    ] Safepoint "Cleanup", Time since last: 1000423733 ns, Reaching safepoint: 131012 ns, At safepoint: 7394 ns, Total: 138406 ns
[2021-08-17T05:15:45.574+0000][6][safepoint    ] Safepoint "Cleanup", Time since last: 1001583573 ns, Reaching safepoint: 321212 ns, At safepoint: 17806 ns, Total: 339018 ns
[2021-08-17T05:15:47.078+0000][6][safepoint    ] Safepoint "Cleanup", Time since last: 1504279855 ns, Reaching safepoint: 174020 ns, At safepoint: 7579 ns, Total: 181599 ns
[2021-08-17T05:15:48.082+0000][6][safepoint    ] Safepoint "Cleanup", Time since last: 1003428989 ns, Reaching safepoint: 160508 ns, At safepoint: 7061 ns, Total: 167569 ns
[2021-08-17T05:15:49.577+0000][6][safepoint    ] Safepoint "Cleanup", Time since last: 1495522357 ns, Reaching safepoint: 170034 ns, At safepoint: 7214 ns, Total: 177248 ns
[2021-08-17T05:15:51.082+0000][6][safepoint    ] Safepoint "Cleanup", Time since last: 1504283413 ns, Reaching safepoint: 589207 ns, At safepoint: 62889 ns, Total: 652096 ns
[2021-08-17T05:15:52.086+0000][6][safepoint    ] Safepoint "Cleanup", Time since last: 1003413399 ns, Reaching safepoint: 179062 ns, At safepoint: 7930 ns, Total: 186992 ns
[2021-08-17T05:15:53.587+0000][6][safepoint    ] Safepoint "Cleanup", Time since last: 1500949546 ns, Reaching safepoint: 221222 ns, At safepoint: 45979 ns, Total: 267201 ns
[2021-08-17T05:15:54.588+0000][6][safepoint    ] Safepoint "Cleanup", Time since last: 1000378284 ns, Reaching safepoint: 612263 ns, At safepoint: 49153 ns, Total: 661416 ns
[2021-08-17T05:15:56.091+0000][6][safepoint    ] Safepoint "Cleanup", Time since last: 1502992342 ns, Reaching safepoint: 291842 ns, At safepoint: 46838 ns, Total: 338680 ns
[2021-08-17T05:15:57.093+0000][6][safepoint    ] Safepoint "Cleanup", Time since last: 1001339925 ns, Reaching safepoint: 212450 ns, At safepoint: 10726 ns, Total: 223176 ns
[2021-08-17T05:15:58.384+0000][6][safepoint    ] Safepoint "Cleanup", Time since last: 1291245667 ns, Reaching safepoint: 131555 ns, At safepoint: 6848 ns, Total: 138403 ns
[2021-08-17T05:15:59.601+0000][6][safepoint    ] Safepoint "Cleanup", Time since last: 1216383731 ns, Reaching safepoint: 173886 ns, At safepoint: 7272 ns, Total: 181158 ns
[2021-08-17T05:16:01.100+0000][6][safepoint    ] Safepoint "Cleanup", Time since last: 1498978558 ns, Reaching safepoint: 203588 ns, At safepoint: 74280 ns, Total: 277868 ns
[2021-08-17T05:16:03.606+0000][6][safepoint    ] Safepoint "Cleanup", Time since last: 2505843583 ns, Reaching safepoint: 209623 ns, At safepoint: 6935 ns, Total: 216558 ns
[2021-08-17T05:16:06.111+0000][6][safepoint    ] Safepoint "Cleanup", Time since last: 2503970122 ns, Reaching safepoint: 294687 ns, At safepoint: 37198 ns, Total: 331885 ns
[2021-08-17T05:16:08.614+0000][6][safepoint    ] Safepoint "Cleanup", Time since last: 2503712024 ns, Reaching safepoint: 137995 ns, At safepoint: 5545 ns, Total: 143540 ns
[2021-08-17T05:16:10.621+0000][6][safepoint    ] Safepoint "Cleanup", Time since last: 2005925623 ns, Reaching safepoint: 251311 ns, At safepoint: 9100 ns, Total: 260411 ns
[2021-08-17T05:16:12.126+0000][6][safepoint    ] Safepoint "Cleanup", Time since last: 1504705147 ns, Reaching safepoint: 199304 ns, At safepoint: 9876 ns, Total: 209180 ns
[2021-08-17T05:16:13.621+0000][6][safepoint    ] Safepoint "Cleanup", Time since last: 1495250282 ns, Reaching safepoint: 105662 ns, At safepoint: 32688 ns, Total: 138350 ns
[2021-08-17T05:16:16.125+0000][6][safepoint    ] Safepoint "Cleanup", Time since last: 2503796654 ns, Reaching safepoint: 184996 ns, At safepoint: 7206 ns, Total: 192202 ns
[2021-08-17T05:16:18.630+0000][6][safepoint    ] Safepoint "Cleanup", Time since last: 2504968667 ns, Reaching safepoint: 170924 ns, At safepoint: 7721 ns, Total: 178645 ns
[2021-08-17T05:16:20.635+0000][6][safepoint    ] Safepoint "Cleanup", Time since last: 2004364240 ns, Reaching safepoint: 372229 ns, At safepoint: 10689 ns, Total: 382918 ns
[2021-08-17T05:16:26.142+0000][6][safepoint    ] Safepoint "Cleanup", Time since last: 5506705219 ns, Reaching safepoint: 402466 ns, At safepoint: 53714 ns, Total: 456180 ns
[2021-08-17T05:16:31.149+0000][6][safepoint    ] Safepoint "Cleanup", Time since last: 5006804149 ns, Reaching safepoint: 209638 ns, At safepoint: 7179 ns, Total: 216817 ns
[2021-08-17T05:16:32.151+0000][6][safepoint    ] Safepoint "Cleanup", Time since last: 1002322090 ns, Reaching safepoint: 174840 ns, At safepoint: 7389 ns, Total: 182229 ns
[2021-08-17T05:16:33.654+0000][6][safepoint    ] Safepoint "Cleanup", Time since last: 1501869590 ns, Reaching safepoint: 146632 ns, At safepoint: 44087 ns, Total: 190719 ns
[2021-08-17T05:16:38.665+0000][6][safepoint    ] Safepoint "Cleanup", Time since last: 5011224440 ns, Reaching safepoint: 73943 ns, At safepoint: 20400 ns, Total: 94343 ns
[2021-08-17T05:16:39.678+0000][6][safepoint    ] Safepoint "Cleanup", Time since last: 1012532483 ns, Reaching safepoint: 169487 ns, At safepoint: 10102 ns, Total: 179589 ns
[2021-08-17T05:16:41.170+0000][6][safepoint    ] Safepoint "Cleanup", Time since last: 1492084572 ns, Reaching safepoint: 379048 ns, At safepoint: 37498 ns, Total: 416546 ns
[2021-08-17T05:16:43.676+0000][6][safepoint    ] Safepoint "Cleanup", Time since last: 2505301811 ns, Reaching safepoint: 324261 ns, At safepoint: 29749 ns, Total: 354010 ns
[2021-08-17T05:16:44.678+0000][6][safepoint    ] Safepoint "Cleanup", Time since last: 1001734945 ns, Reaching safepoint: 216868 ns, At safepoint: 9263 ns, Total: 226131 ns
[2021-08-17T05:16:45.680+0000][6][safepoint    ] Safepoint "Cleanup", Time since last: 1001635015 ns, Reaching safepoint: 447157 ns, At safepoint: 13350 ns, Total: 460507 ns
[2021-08-17T05:16:47.182+0000][6][safepoint    ] Safepoint "Cleanup", Time since last: 1501759086 ns, Reaching safepoint: 179941 ns, At safepoint: 7980 ns, Total: 187921 ns
[2021-08-17T05:16:48.184+0000][6][safepoint    ] Safepoint "Cleanup", Time since last: 1002192553 ns, Reaching safepoint: 175161 ns, At safepoint: 7620 ns, Total: 182781 ns
[2021-08-17T05:16:49.684+0000][6][safepoint    ] Safepoint "Cleanup", Time since last: 1500070004 ns, Reaching safepoint: 198387 ns, At safepoint: 7995 ns, Total: 206382 ns
[2021-08-17T05:16:50.685+0000][6][safepoint    ] Safepoint "Cleanup", Time since last: 1000282468 ns, Reaching safepoint: 299456 ns, At safepoint: 7825 ns, Total: 307281 ns
[2021-08-17T05:16:52.186+0000][6][safepoint    ] Safepoint "Cleanup", Time since last: 1501188624 ns, Reaching safepoint: 166349 ns, At safepoint: 7450 ns, Total: 173799 ns
[2021-08-17T05:16:53.687+0000][6][safepoint    ] Safepoint "Cleanup", Time since last: 1500877919 ns, Reaching safepoint: 115342 ns, At safepoint: 7397 ns, Total: 122739 ns
[2021-08-17T05:16:54.690+0000][6][safepoint    ] Safepoint "Cleanup", Time since last: 1002748711 ns, Reaching safepoint: 170691 ns, At safepoint: 7351 ns, Total: 178042 ns
[2021-08-17T05:16:56.190+0000][6][safepoint    ] Safepoint "BulkRevokeBias", Time since last: 1499147083 ns, Reaching safepoint: 96131 ns, At safepoint: 282389 ns, Total: 378520 ns
[2021-08-17T05:17:01.201+0000][6][safepoint    ] Safepoint "Cleanup", Time since last: 5011418388 ns, Reaching safepoint: 108147 ns, At safepoint: 34076 ns, Total: 142223 ns
[2021-08-17T05:17:03.710+0000][6][safepoint    ] Safepoint "Cleanup", Time since last: 2508850722 ns, Reaching safepoint: 62923 ns, At safepoint: 6109 ns, Total: 69032 ns
[2021-08-17T05:17:04.721+0000][6][safepoint    ] Safepoint "Cleanup", Time since last: 1010569077 ns, Reaching safepoint: 175179 ns, At safepoint: 10009 ns, Total: 185188 ns
[2021-08-17T05:17:08.721+0000][6][safepoint    ] Safepoint "Cleanup", Time since last: 4000011997 ns, Reaching safepoint: 322938 ns, At safepoint: 37805 ns, Total: 360743 ns
[2021-08-17T05:17:09.724+0000][6][safepoint    ] Safepoint "Cleanup", Time since last: 1002213595 ns, Reaching safepoint: 162720 ns, At safepoint: 5642 ns, Total: 168362 ns
[2021-08-17T05:17:11.224+0000][6][safepoint    ] Safepoint "Cleanup", Time since last: 1499921254 ns, Reaching safepoint: 180022 ns, At safepoint: 6715 ns, Total: 186737 ns
[2021-08-17T05:17:13.727+0000][6][safepoint    ] Safepoint "Cleanup", Time since last: 2503021993 ns, Reaching safepoint: 144520 ns, At safepoint: 6893 ns, Total: 151413 ns
[2021-08-17T05:17:16.230+0000][6][safepoint    ] Safepoint "Cleanup", Time since last: 2502893505 ns, Reaching safepoint: 341018 ns, At safepoint: 38366 ns, Total: 379384 ns
[2021-08-17T05:17:18.729+0000][6][safepoint    ] Safepoint "Cleanup", Time since last: 2498715017 ns, Reaching safepoint: 96506 ns, At safepoint: 8799 ns, Total: 105305 ns
[2021-08-17T05:17:19.730+0000][6][safepoint    ] Safepoint "Cleanup", Time since last: 1000805963 ns, Reaching safepoint: 194004 ns, At safepoint: 4721 ns, Total: 198725 ns
[2021-08-17T05:17:20.852+0000][6][safepoint    ] Safepoint "Cleanup", Time since last: 1121906730 ns, Reaching safepoint: 175638 ns, At safepoint: 7328 ns, Total: 182966 ns
[2021-08-17T05:17:22.233+0000][6][safepoint    ] Safepoint "Cleanup", Time since last: 1380780432 ns, Reaching safepoint: 165508 ns, At safepoint: 7234 ns, Total: 172742 ns
[2021-08-17T05:17:25.740+0000][6][safepoint    ] Safepoint "Cleanup", Time since last: 3506916719 ns, Reaching safepoint: 222868 ns, At safepoint: 8355 ns, Total: 231223 ns
[2021-08-17T05:17:27.244+0000][6][safepoint    ] Safepoint "Cleanup", Time since last: 1503837505 ns, Reaching safepoint: 131436 ns, At safepoint: 6591 ns, Total: 138027 ns
[2021-08-17T05:17:33.253+0000][6][safepoint    ] Safepoint "Cleanup", Time since last: 6008235606 ns, Reaching safepoint: 196040 ns, At safepoint: 7619 ns, Total: 203659 ns
[2021-08-17T05:17:34.756+0000][6][safepoint    ] Safepoint "Cleanup", Time since last: 1502514291 ns, Reaching safepoint: 233324 ns, At safepoint: 11331 ns, Total: 244655 ns
[2021-08-17T05:17:36.269+0000][6][safepoint    ] Safepoint "Cleanup", Time since last: 1513399781 ns, Reaching safepoint: 118492 ns, At safepoint: 37190 ns, Total: 155682 ns
[2021-08-17T05:17:38.772+0000][6][safepoint    ] Safepoint "Cleanup", Time since last: 2502976469 ns, Reaching safepoint: 91392 ns, At safepoint: 4254 ns, Total: 95646 ns
[2021-08-17T05:17:50.791+0000][6][safepoint    ] Safepoint "Cleanup", Time since last: 12019054592 ns, Reaching safepoint: 134584 ns, At safepoint: 24451 ns, Total: 159035 ns
[2021-08-17T05:17:52.289+0000][6][safepoint    ] Safepoint "Cleanup", Time since last: 1497846754 ns, Reaching safepoint: 118106 ns, At safepoint: 4818 ns, Total: 122924 ns
[2021-08-17T05:17:57.312+0000][6][safepoint    ] Safepoint "Cleanup", Time since last: 5022165523 ns, Reaching safepoint: 391876 ns, At safepoint: 18630 ns, Total: 410506 ns
[2021-08-17T05:17:58.316+0000][6][safepoint    ] Safepoint "Cleanup", Time since last: 1004132778 ns, Reaching safepoint: 160350 ns, At safepoint: 8961 ns, Total: 169311 ns
[2021-08-17T05:17:59.824+0000][6][safepoint    ] Safepoint "Cleanup", Time since last: 1507525605 ns, Reaching safepoint: 234381 ns, At safepoint: 9300 ns, Total: 243681 ns
[2021-08-17T05:18:01.318+0000][6][safepoint    ] Safepoint "Cleanup", Time since last: 1493614492 ns, Reaching safepoint: 270126 ns, At safepoint: 6851 ns, Total: 276977 ns
[2021-08-17T05:18:02.321+0000][6][safepoint    ] Safepoint "Cleanup", Time since last: 1002933475 ns, Reaching safepoint: 172037 ns, At safepoint: 7423 ns, Total: 179460 ns
[2021-08-17T05:18:06.328+0000][6][safepoint    ] Safepoint "Cleanup", Time since last: 4006470430 ns, Reaching safepoint: 165351 ns, At safepoint: 36317 ns, Total: 201668 ns
[2021-08-17T05:18:08.831+0000][6][safepoint    ] Safepoint "BulkRevokeBias", Time since last: 2503090477 ns, Reaching safepoint: 144141 ns, At safepoint: 278817 ns, Total: 422958 ns
[2021-08-17T05:18:10.835+0000][6][safepoint    ] Safepoint "Cleanup", Time since last: 2003820689 ns, Reaching safepoint: 205143 ns, At safepoint: 7204 ns, Total: 212347 ns
[2021-08-17T05:18:16.345+0000][6][safepoint    ] Safepoint "Cleanup", Time since last: 5509568119 ns, Reaching safepoint: 167502 ns, At safepoint: 7740 ns, Total: 175242 ns
[2021-08-17T05:18:17.353+0000][6][safepoint    ] Safepoint "Cleanup", Time since last: 1008242187 ns, Reaching safepoint: 219615 ns, At safepoint: 10514 ns, Total: 230129 ns
[2021-08-17T05:18:20.852+0000][6][safepoint    ] Safepoint "Cleanup", Time since last: 3498397200 ns, Reaching safepoint: 194240 ns, At safepoint: 7766 ns, Total: 202006 ns
[2021-08-17T05:18:22.354+0000][6][safepoint    ] Safepoint "Cleanup", Time since last: 1501641577 ns, Reaching safepoint: 282201 ns, At safepoint: 7863 ns, Total: 290064 ns
[2021-08-17T05:18:26.364+0000][6][safepoint    ] Safepoint "Cleanup", Time since last: 4010058042 ns, Reaching safepoint: 123859 ns, At safepoint: 37110 ns, Total: 160969 ns
[2021-08-17T05:18:27.365+0000][6][safepoint    ] Safepoint "Cleanup", Time since last: 1000752622 ns, Reaching safepoint: 123410 ns, At safepoint: 4541 ns, Total: 127951 ns
[2021-08-17T05:18:28.868+0000][6][safepoint    ] Safepoint "Cleanup", Time since last: 1501093876 ns, Reaching safepoint: 1560952 ns, At safepoint: 26402 ns, Total: 1587354 ns
[2021-08-17T05:18:31.371+0000][6][safepoint    ] Safepoint "Cleanup", Time since last: 2502856077 ns, Reaching safepoint: 295065 ns, At safepoint: 38333 ns, Total: 333398 ns
[2021-08-17T05:18:33.883+0000][6][safepoint    ] Safepoint "Cleanup", Time since last: 2512247711 ns, Reaching safepoint: 218035 ns, At safepoint: 37956 ns, Total: 255991 ns
[2021-08-17T05:18:36.388+0000][6][safepoint    ] Safepoint "Cleanup", Time since last: 2504335045 ns, Reaching safepoint: 246100 ns, At safepoint: 38802 ns, Total: 284902 ns
[2021-08-17T05:18:38.896+0000][6][safepoint    ] Safepoint "Cleanup", Time since last: 2507743592 ns, Reaching safepoint: 259965 ns, At safepoint: 32967 ns, Total: 292932 ns
[2021-08-17T05:18:43.911+0000][6][safepoint    ] Safepoint "Cleanup", Time since last: 5014836172 ns, Reaching safepoint: 188823 ns, At safepoint: 7334 ns, Total: 196157 ns
[2021-08-17T05:18:49.925+0000][6][safepoint    ] Safepoint "Cleanup", Time since last: 6013750693 ns, Reaching safepoint: 325216 ns, At safepoint: 7460 ns, Total: 332676 ns
[2021-08-17T05:18:50.928+0000][6][safepoint    ] Safepoint "Cleanup", Time since last: 1002975453 ns, Reaching safepoint: 125360 ns, At safepoint: 5000 ns, Total: 130360 ns
[2021-08-17T05:18:52.427+0000][6][safepoint    ] Safepoint "Cleanup", Time since last: 1498702865 ns, Reaching safepoint: 116650 ns, At safepoint: 4888 ns, Total: 121538 ns
[2021-08-17T05:18:53.930+0000][6][safepoint    ] Safepoint "Cleanup", Time since last: 1502552266 ns, Reaching safepoint: 94757 ns, At safepoint: 4667 ns, Total: 99424 ns
[2021-08-17T05:18:56.431+0000][6][safepoint    ] Safepoint "Cleanup", Time since last: 2501429999 ns, Reaching safepoint: 206636 ns, At safepoint: 29952 ns, Total: 236588 ns
[2021-08-17T05:18:58.934+0000][6][safepoint    ] Safepoint "Cleanup", Time since last: 2502411025 ns, Reaching safepoint: 56419 ns, At safepoint: 24776 ns, Total: 81195 ns
[2021-08-17T05:19:01.437+0000][6][safepoint    ] Safepoint "Cleanup", Time since last: 2503106143 ns, Reaching safepoint: 132026 ns, At safepoint: 4439 ns, Total: 136465 ns
[2021-08-17T05:19:02.438+0000][6][safepoint    ] Safepoint "Cleanup", Time since last: 1000734330 ns, Reaching safepoint: 140478 ns, At safepoint: 5917 ns, Total: 146395 ns
[2021-08-17T05:19:03.944+0000][6][safepoint    ] Safepoint "Cleanup", Time since last: 1506092206 ns, Reaching safepoint: 78482 ns, At safepoint: 23680 ns, Total: 102162 ns
[2021-08-17T05:19:06.448+0000][6][safepoint    ] Safepoint "Cleanup", Time since last: 2503235837 ns, Reaching safepoint: 104492 ns, At safepoint: 4596 ns, Total: 109088 ns
[2021-08-17T05:19:11.465+0000][6][safepoint    ] Safepoint "Cleanup", Time since last: 5017703004 ns, Reaching safepoint: 104975 ns, At safepoint: 30581 ns, Total: 135556 ns
[2021-08-17T05:19:18.973+0000][6][safepoint    ] Safepoint "Cleanup", Time since last: 7507430533 ns, Reaching safepoint: 299547 ns, At safepoint: 8185 ns, Total: 307732 ns
[2021-08-17T05:19:19.975+0000][6][safepoint    ] Safepoint "Cleanup", Time since last: 1002013440 ns, Reaching safepoint: 253631 ns, At safepoint: 9353 ns, Total: 262984 ns
[2021-08-17T05:19:21.475+0000][6][safepoint    ] Safepoint "BulkRevokeBias", Time since last: 1498822841 ns, Reaching safepoint: 176731 ns, At safepoint: 274812 ns, Total: 451543 ns
[2021-08-17T05:19:35.997+0000][6][safepoint    ] Safepoint "Cleanup", Time since last: 14522148909 ns, Reaching safepoint: 207157 ns, At safepoint: 7616 ns, Total: 214773 ns
[2021-08-17T05:19:39.002+0000][6][safepoint    ] Safepoint "Cleanup", Time since last: 3004453293 ns, Reaching safepoint: 112692 ns, At safepoint: 5070 ns, Total: 117762 ns
[2021-08-17T05:19:41.505+0000][6][safepoint    ] Safepoint "Cleanup", Time since last: 2503669532 ns, Reaching safepoint: 104716 ns, At safepoint: 3991 ns, Total: 108707 ns
[2021-08-17T05:19:45.009+0000][6][safepoint    ] Safepoint "Cleanup", Time since last: 3503043901 ns, Reaching safepoint: 106354 ns, At safepoint: 4738 ns, Total: 111092 ns
[2021-08-17T05:19:46.510+0000][6][safepoint    ] Safepoint "Cleanup", Time since last: 1500985012 ns, Reaching safepoint: 137450 ns, At safepoint: 20341 ns, Total: 157791 ns
[2021-08-17T05:19:51.520+0000][6][safepoint    ] Safepoint "Cleanup", Time since last: 5009829012 ns, Reaching safepoint: 151233 ns, At safepoint: 5090 ns, Total: 156323 ns
[2021-08-17T05:19:59.051+0000][6][safepoint    ] Safepoint "Cleanup", Time since last: 7531340487 ns, Reaching safepoint: 207411 ns, At safepoint: 31505 ns, Total: 238916 ns
[2021-08-17T05:20:04.057+0000][6][safepoint    ] Safepoint "Cleanup", Time since last: 5005126524 ns, Reaching safepoint: 210371 ns, At safepoint: 6861 ns, Total: 217232 ns
[2021-08-17T05:20:10.069+0000][6][safepoint    ] Safepoint "Cleanup", Time since last: 6011781034 ns, Reaching safepoint: 192584 ns, At safepoint: 7233 ns, Total: 199817 ns
[2021-08-17T05:20:11.570+0000][6][safepoint    ] Safepoint "Cleanup", Time since last: 1501640929 ns, Reaching safepoint: 113009 ns, At safepoint: 9557 ns, Total: 122566 ns
[2021-08-17T05:20:14.082+0000][6][safepoint    ] Safepoint "Cleanup", Time since last: 2511489773 ns, Reaching safepoint: 219613 ns, At safepoint: 37294 ns, Total: 256907 ns
[2021-08-17T05:20:15.833+0000][6][safepoint    ] Safepoint "Cleanup", Time since last: 1750614616 ns, Reaching safepoint: 194693 ns, At safepoint: 44492 ns, Total: 239185 ns
[2021-08-17T05:20:15.859+0000][6][gc,start     ] GC(60) Pause Young (Normal) (G1 Evacuation Pause)
[2021-08-17T05:20:15.859+0000][6][gc,task      ] GC(60) Using 4 workers of 4 for evacuation
[2021-08-17T05:20:15.859+0000][6][gc,age       ] GC(60) Desired survivor size 15204352 bytes, new threshold 3 (max threshold 15)
[2021-08-17T05:20:15.884+0000][6][gc,age       ] GC(60) Age table with threshold 3 (max threshold 15)
[2021-08-17T05:20:15.884+0000][6][gc,age       ] GC(60) - age   1:    5998968 bytes,    5998968 total
[2021-08-17T05:20:15.884+0000][6][gc,age       ] GC(60) - age   2:    5340128 bytes,   11339096 total
[2021-08-17T05:20:15.884+0000][6][gc,age       ] GC(60) - age   3:    5660880 bytes,   16999976 total
[2021-08-17T05:20:15.884+0000][6][gc,phases    ] GC(60)   Pre Evacuate Collection Set: 0.2ms
[2021-08-17T05:20:15.884+0000][6][gc,phases    ] GC(60)   Merge Heap Roots: 0.2ms
[2021-08-17T05:20:15.884+0000][6][gc,phases    ] GC(60)   Evacuate Collection Set: 22.2ms
[2021-08-17T05:20:15.884+0000][6][gc,phases    ] GC(60)   Post Evacuate Collection Set: 1.8ms
[2021-08-17T05:20:15.884+0000][6][gc,phases    ] GC(60)   Other: 0.2ms
[2021-08-17T05:20:15.884+0000][6][gc,heap      ] GC(60) Eden regions: 213->0(200)
[2021-08-17T05:20:15.884+0000][6][gc,heap      ] GC(60) Survivor regions: 17->18(29)
[2021-08-17T05:20:15.884+0000][6][gc,heap      ] GC(60) Old regions: 94->100
[2021-08-17T05:20:15.884+0000][6][gc,heap      ] GC(60) Archive regions: 2->2
[2021-08-17T05:20:15.884+0000][6][gc,heap      ] GC(60) Humongous regions: 65->64
[2021-08-17T05:20:15.884+0000][6][gc,metaspace ] GC(60) Metaspace: 66548K(71120K)->66548K(71120K) NonClass: 57751K(60372K)->57751K(60372K) Class: 8797K(10748K)->8797K(10748K)
[2021-08-17T05:20:15.884+0000][6][gc           ] GC(60) Pause Young (Normal) (G1 Evacuation Pause) 389M->180M(537M) 24.708ms
[2021-08-17T05:20:15.884+0000][6][gc,cpu       ] GC(60) User=0.07s Sys=0.01s Real=0.02s
[2021-08-17T05:20:15.884+0000][6][safepoint    ] Safepoint "G1CollectForAllocation", Time since last: 25956238 ns, Reaching safepoint: 300910 ns, At safepoint: 24838125 ns, Total: 25139035 ns
[2021-08-17T05:20:17.632+0000][6][safepoint    ] Safepoint "Cleanup", Time since last: 1747727756 ns, Reaching safepoint: 607357 ns, At safepoint: 29984 ns, Total: 637341 ns
[2021-08-17T05:20:19.880+0000][6][safepoint    ] Safepoint "Cleanup", Time since last: 2247113128 ns, Reaching safepoint: 418166 ns, At safepoint: 56613 ns, Total: 474779 ns
[2021-08-17T05:20:20.890+0000][6][safepoint    ] Safepoint "Cleanup", Time since last: 1010012074 ns, Reaching safepoint: 188657 ns, At safepoint: 7537 ns, Total: 196194 ns
[2021-08-17T05:20:22.595+0000][6][safepoint    ] Safepoint "Cleanup", Time since last: 1704874709 ns, Reaching safepoint: 188995 ns, At safepoint: 8718 ns, Total: 197713 ns
[2021-08-17T05:20:26.601+0000][6][safepoint    ] Safepoint "BulkRevokeBias", Time since last: 4005564047 ns, Reaching safepoint: 257543 ns, At safepoint: 245870 ns, Total: 503413 ns
[2021-08-17T05:20:28.997+0000][6][safepoint    ] Safepoint "Cleanup", Time since last: 2395859007 ns, Reaching safepoint: 164683 ns, At safepoint: 6915 ns, Total: 171598 ns
[2021-08-17T05:20:29.081+0000][6][safepoint    ] Safepoint "BulkRevokeBias", Time since last: 79950703 ns, Reaching safepoint: 2118917 ns, At safepoint: 1049905 ns, Total: 3168822 ns
[2021-08-17T05:20:29.088+0000][6][safepoint    ] Safepoint "BulkRevokeBias", Time since last: 5850470 ns, Reaching safepoint: 157437 ns, At safepoint: 1456116 ns, Total: 1613553 ns
[2021-08-17T05:20:30.124+0000][6][safepoint    ] Safepoint "Cleanup", Time since last: 1035806762 ns, Reaching safepoint: 177261 ns, At safepoint: 6340 ns, Total: 183601 ns
[2021-08-17T05:20:30.681+0000][6][safepoint    ] Safepoint "BulkRevokeBias", Time since last: 556898135 ns, Reaching safepoint: 329830 ns, At safepoint: 200372 ns, Total: 530202 ns
[2021-08-17T05:20:31.684+0000][6][safepoint    ] Safepoint "Cleanup", Time since last: 1002359289 ns, Reaching safepoint: 389417 ns, At safepoint: 45194 ns, Total: 434611 ns
[2021-08-17T05:20:34.689+0000][6][safepoint    ] Safepoint "Cleanup", Time since last: 3004757261 ns, Reaching safepoint: 418301 ns, At safepoint: 9806 ns, Total: 428107 ns
[2021-08-17T05:20:41.705+0000][6][safepoint    ] Safepoint "Cleanup", Time since last: 7014861189 ns, Reaching safepoint: 297494 ns, At safepoint: 56115 ns, Total: 353609 ns
[2021-08-17T05:20:44.713+0000][6][safepoint    ] Safepoint "Cleanup", Time since last: 3007654653 ns, Reaching safepoint: 447008 ns, At safepoint: 12586 ns, Total: 459594 ns
[2021-08-17T05:20:49.724+0000][6][safepoint    ] Safepoint "Cleanup", Time since last: 5010599086 ns, Reaching safepoint: 287805 ns, At safepoint: 5790 ns, Total: 293595 ns
[2021-08-17T05:20:50.726+0000][6][safepoint    ] Safepoint "Cleanup", Time since last: 1002041979 ns, Reaching safepoint: 320842 ns, At safepoint: 5986 ns, Total: 326828 ns
[2021-08-17T05:20:51.729+0000][6][safepoint    ] Safepoint "Cleanup", Time since last: 1002234188 ns, Reaching safepoint: 385278 ns, At safepoint: 9104 ns, Total: 394382 ns
[2021-08-17T05:20:54.744+0000][6][safepoint    ] Safepoint "Cleanup", Time since last: 3015209724 ns, Reaching safepoint: 244098 ns, At safepoint: 13226 ns, Total: 257324 ns
[2021-08-17T05:20:57.765+0000][6][safepoint    ] Safepoint "Cleanup", Time since last: 3020558109 ns, Reaching safepoint: 347590 ns, At safepoint: 9312 ns, Total: 356902 ns
[2021-08-17T05:21:01.776+0000][6][safepoint    ] Safepoint "Cleanup", Time since last: 4010123401 ns, Reaching safepoint: 464270 ns, At safepoint: 10459 ns, Total: 474729 ns
[2021-08-17T05:21:06.781+0000][6][safepoint    ] Safepoint "Cleanup", Time since last: 5005429384 ns, Reaching safepoint: 142425 ns, At safepoint: 8740 ns, Total: 151165 ns
[2021-08-17T05:21:09.786+0000][6][safepoint    ] Safepoint "Cleanup", Time since last: 3005087212 ns, Reaching safepoint: 130530 ns, At safepoint: 8340 ns, Total: 138870 ns
[2021-08-17T05:21:11.793+0000][6][safepoint    ] Safepoint "Cleanup", Time since last: 2006574898 ns, Reaching safepoint: 441747 ns, At safepoint: 11016 ns, Total: 452763 ns
[2021-08-17T05:21:16.806+0000][6][safepoint    ] Safepoint "Cleanup", Time since last: 5012221891 ns, Reaching safepoint: 270067 ns, At safepoint: 6547 ns, Total: 276614 ns
[2021-08-17T05:21:19.814+0000][6][safepoint    ] Safepoint "Cleanup", Time since last: 3007384403 ns, Reaching safepoint: 193136 ns, At safepoint: 7511 ns, Total: 200647 ns
[2021-08-17T05:21:20.815+0000][6][safepoint    ] Safepoint "Cleanup", Time since last: 1001129507 ns, Reaching safepoint: 249241 ns, At safepoint: 5025 ns, Total: 254266 ns
[2021-08-17T05:21:21.816+0000][6][safepoint    ] Safepoint "Cleanup", Time since last: 1000422919 ns, Reaching safepoint: 235654 ns, At safepoint: 8574 ns, Total: 244228 ns
[2021-08-17T05:21:29.854+0000][6][safepoint    ] Safepoint "Cleanup", Time since last: 8038472044 ns, Reaching safepoint: 356921 ns, At safepoint: 16464 ns, Total: 373385 ns
[2021-08-17T05:21:31.882+0000][6][safepoint    ] Safepoint "Cleanup", Time since last: 2026706849 ns, Reaching safepoint: 499018 ns, At safepoint: 15981 ns, Total: 514999 ns
[2021-08-17T05:21:34.923+0000][6][safepoint    ] Safepoint "Cleanup", Time since last: 3041413829 ns, Reaching safepoint: 270394 ns, At safepoint: 12261 ns, Total: 282655 ns
[2021-08-17T05:21:36.930+0000][6][safepoint    ] Safepoint "Cleanup", Time since last: 2005974798 ns, Reaching safepoint: 640921 ns, At safepoint: 11605 ns, Total: 652526 ns
[2021-08-17T05:21:44.950+0000][6][safepoint    ] Safepoint "Cleanup", Time since last: 8020002759 ns, Reaching safepoint: 185047 ns, At safepoint: 6570 ns, Total: 191617 ns
[2021-08-17T05:21:48.959+0000][6][safepoint    ] Safepoint "Cleanup", Time since last: 4009188102 ns, Reaching safepoint: 156409 ns, At safepoint: 4531 ns, Total: 160940 ns
[2021-08-17T05:21:49.963+0000][6][safepoint    ] Safepoint "Cleanup", Time since last: 1003265709 ns, Reaching safepoint: 222377 ns, At safepoint: 9494 ns, Total: 231871 ns
[2021-08-17T05:21:50.966+0000][6][safepoint    ] Safepoint "Cleanup", Time since last: 1002996727 ns, Reaching safepoint: 208935 ns, At safepoint: 9151 ns, Total: 218086 ns
[2021-08-17T05:21:51.967+0000][6][safepoint    ] Safepoint "Cleanup", Time since last: 1000327460 ns, Reaching safepoint: 234257 ns, At safepoint: 9332 ns, Total: 243589 ns
[2021-08-17T05:21:54.972+0000][6][safepoint    ] Safepoint "Cleanup", Time since last: 3004558614 ns, Reaching safepoint: 204173 ns, At safepoint: 7955 ns, Total: 212128 ns
[2021-08-17T05:21:56.974+0000][6][safepoint    ] Safepoint "Cleanup", Time since last: 2002117242 ns, Reaching safepoint: 330117 ns, At safepoint: 7946 ns, Total: 338063 ns
[2021-08-17T05:21:59.981+0000][6][safepoint    ] Safepoint "Cleanup", Time since last: 3007218426 ns, Reaching safepoint: 191006 ns, At safepoint: 8340 ns, Total: 199346 ns
[2021-08-17T05:22:01.986+0000][6][safepoint    ] Safepoint "Cleanup", Time since last: 2004817385 ns, Reaching safepoint: 180892 ns, At safepoint: 7263 ns, Total: 188155 ns
[2021-08-17T05:22:10.004+0000][6][safepoint    ] Safepoint "Cleanup", Time since last: 8017481054 ns, Reaching safepoint: 211876 ns, At safepoint: 7861 ns, Total: 219737 ns
[2021-08-17T05:22:12.007+0000][6][safepoint    ] Safepoint "Cleanup", Time since last: 2003022583 ns, Reaching safepoint: 210519 ns, At safepoint: 7552 ns, Total: 218071 ns
[2021-08-17T05:22:20.022+0000][6][safepoint    ] Safepoint "Cleanup", Time since last: 8014029683 ns, Reaching safepoint: 158323 ns, At safepoint: 4567 ns, Total: 162890 ns
[2021-08-17T05:22:21.024+0000][6][safepoint    ] Safepoint "Cleanup", Time since last: 1002353477 ns, Reaching safepoint: 177547 ns, At safepoint: 8024 ns, Total: 185571 ns
[2021-08-17T05:22:22.027+0000][6][safepoint    ] Safepoint "Cleanup", Time since last: 1002821432 ns, Reaching safepoint: 226315 ns, At safepoint: 7352 ns, Total: 233667 ns
[2021-08-17T05:22:30.046+0000][6][safepoint    ] Safepoint "Cleanup", Time since last: 8018457155 ns, Reaching safepoint: 233783 ns, At safepoint: 5004 ns, Total: 238787 ns
[2021-08-17T05:22:35.056+0000][6][safepoint    ] Safepoint "Cleanup", Time since last: 5010361982 ns, Reaching safepoint: 188277 ns, At safepoint: 6666 ns, Total: 194943 ns
[2021-08-17T05:22:42.074+0000][6][safepoint    ] Safepoint "Cleanup", Time since last: 7017079056 ns, Reaching safepoint: 226148 ns, At safepoint: 7887 ns, Total: 234035 ns
[2021-08-17T05:22:50.090+0000][6][safepoint    ] Safepoint "Cleanup", Time since last: 8015606015 ns, Reaching safepoint: 211343 ns, At safepoint: 8030 ns, Total: 219373 ns
[2021-08-17T05:22:51.092+0000][6][safepoint    ] Safepoint "Cleanup", Time since last: 1001767999 ns, Reaching safepoint: 193201 ns, At safepoint: 6635 ns, Total: 199836 ns
[2021-08-17T05:22:55.119+0000][6][safepoint    ] Safepoint "Cleanup", Time since last: 4027388611 ns, Reaching safepoint: 187566 ns, At safepoint: 6471 ns, Total: 194037 ns
[2021-08-17T05:23:00.181+0000][6][safepoint    ] Safepoint "Cleanup", Time since last: 5061296956 ns, Reaching safepoint: 225125 ns, At safepoint: 10556 ns, Total: 235681 ns
[2021-08-17T05:23:10.202+0000][6][safepoint    ] Safepoint "Cleanup", Time since last: 10020716359 ns, Reaching safepoint: 249074 ns, At safepoint: 8820 ns, Total: 257894 ns
[2021-08-17T05:23:20.222+0000][6][safepoint    ] Safepoint "Cleanup", Time since last: 10019860778 ns, Reaching safepoint: 211710 ns, At safepoint: 7617 ns, Total: 219327 ns
[2021-08-17T05:23:22.227+0000][6][safepoint    ] Safepoint "Cleanup", Time since last: 2005095834 ns, Reaching safepoint: 228504 ns, At safepoint: 8890 ns, Total: 237394 ns
[2021-08-17T05:23:25.243+0000][6][safepoint    ] Safepoint "Cleanup", Time since last: 3015618969 ns, Reaching safepoint: 231228 ns, At safepoint: 7077 ns, Total: 238305 ns
[2021-08-17T05:23:29.293+0000][6][safepoint    ] Safepoint "Cleanup", Time since last: 4050360828 ns, Reaching safepoint: 207194 ns, At safepoint: 9361 ns, Total: 216555 ns
[2021-08-17T05:23:30.295+0000][6][safepoint    ] Safepoint "Cleanup", Time since last: 1001387515 ns, Reaching safepoint: 207238 ns, At safepoint: 8131 ns, Total: 215369 ns
[2021-08-17T05:23:32.313+0000][6][safepoint    ] Safepoint "Cleanup", Time since last: 2017720124 ns, Reaching safepoint: 247106 ns, At safepoint: 8784 ns, Total: 255890 ns
[2021-08-17T05:23:42.367+0000][6][safepoint    ] Safepoint "Cleanup", Time since last: 10053957396 ns, Reaching safepoint: 200736 ns, At safepoint: 7756 ns, Total: 208492 ns
[2021-08-17T05:23:43.368+0000][6][safepoint    ] Safepoint "Cleanup", Time since last: 1000308333 ns, Reaching safepoint: 136920 ns, At safepoint: 4725 ns, Total: 141645 ns
[2021-08-17T05:23:44.368+0000][6][safepoint    ] Safepoint "Cleanup", Time since last: 1000499221 ns, Reaching safepoint: 151234 ns, At safepoint: 5201 ns, Total: 156435 ns
[2021-08-17T05:23:57.401+0000][6][safepoint    ] Safepoint "Cleanup", Time since last: 13032023171 ns, Reaching safepoint: 240225 ns, At safepoint: 10124 ns, Total: 250349 ns
[2021-08-17T05:24:02.420+0000][6][safepoint    ] Safepoint "Cleanup", Time since last: 5018744301 ns, Reaching safepoint: 192138 ns, At safepoint: 7397 ns, Total: 199535 ns
[2021-08-17T05:24:05.427+0000][6][safepoint    ] Safepoint "Cleanup", Time since last: 3006926502 ns, Reaching safepoint: 246713 ns, At safepoint: 8989 ns, Total: 255702 ns
[2021-08-17T05:24:15.440+0000][6][safepoint    ] Safepoint "Cleanup", Time since last: 10013040518 ns, Reaching safepoint: 192920 ns, At safepoint: 7659 ns, Total: 200579 ns
[2021-08-17T05:24:17.445+0000][6][safepoint    ] Safepoint "Cleanup", Time since last: 2004878336 ns, Reaching safepoint: 316039 ns, At safepoint: 13343 ns, Total: 329382 ns
[2021-08-17T05:24:20.451+0000][6][safepoint    ] Safepoint "Cleanup", Time since last: 3006071354 ns, Reaching safepoint: 147275 ns, At safepoint: 7028 ns, Total: 154303 ns
[2021-08-17T05:24:32.475+0000][6][safepoint    ] Safepoint "Cleanup", Time since last: 12023081260 ns, Reaching safepoint: 197354 ns, At safepoint: 7473 ns, Total: 204827 ns
[2021-08-17T05:24:35.478+0000][6][safepoint    ] Safepoint "Cleanup", Time since last: 3003121376 ns, Reaching safepoint: 332871 ns, At safepoint: 17078 ns, Total: 349949 ns
[2021-08-17T05:24:37.482+0000][6][safepoint    ] Safepoint "Cleanup", Time since last: 2004111204 ns, Reaching safepoint: 144252 ns, At safepoint: 5202 ns, Total: 149454 ns
[2021-08-17T05:24:40.491+0000][6][safepoint    ] Safepoint "Cleanup", Time since last: 3008586098 ns, Reaching safepoint: 235197 ns, At safepoint: 18034 ns, Total: 253231 ns
[2021-08-17T05:24:42.494+0000][6][safepoint    ] Safepoint "Cleanup", Time since last: 2002338895 ns, Reaching safepoint: 174290 ns, At safepoint: 6816 ns, Total: 181106 ns
[2021-08-17T05:24:50.507+0000][6][safepoint    ] Safepoint "Cleanup", Time since last: 8013275047 ns, Reaching safepoint: 201861 ns, At safepoint: 7980 ns, Total: 209841 ns
[2021-08-17T05:25:00.550+0000][6][safepoint    ] Safepoint "Cleanup", Time since last: 10042311028 ns, Reaching safepoint: 205802 ns, At safepoint: 8919 ns, Total: 214721 ns
[2021-08-17T05:25:05.602+0000][6][safepoint    ] Safepoint "Cleanup", Time since last: 5051509012 ns, Reaching safepoint: 221510 ns, At safepoint: 9195 ns, Total: 230705 ns
[2021-08-17T05:25:07.606+0000][6][safepoint    ] Safepoint "Cleanup", Time since last: 2004747550 ns, Reaching safepoint: 177847 ns, At safepoint: 9295 ns, Total: 187142 ns
[2021-08-17T05:25:15.624+0000][6][safepoint    ] Safepoint "Cleanup", Time since last: 8017824715 ns, Reaching safepoint: 211592 ns, At safepoint: 9024 ns, Total: 220616 ns
[2021-08-17T05:25:17.628+0000][6][safepoint    ] Safepoint "Cleanup", Time since last: 2003288402 ns, Reaching safepoint: 204543 ns, At safepoint: 8855 ns, Total: 213398 ns
[2021-08-17T05:25:20.530+0000][6][safepoint    ] Safepoint "Cleanup", Time since last: 2901581672 ns, Reaching safepoint: 185189 ns, At safepoint: 7512 ns, Total: 192701 ns
[2021-08-17T05:25:34.183+0000][6][safepoint    ] Safepoint "Cleanup", Time since last: 13652638345 ns, Reaching safepoint: 250070 ns, At safepoint: 38015 ns, Total: 288085 ns
[2021-08-17T05:25:35.196+0000][6][safepoint    ] Safepoint "Cleanup", Time since last: 1012926974 ns, Reaching safepoint: 211270 ns, At safepoint: 8181 ns, Total: 219451 ns
[2021-08-17T05:25:45.214+0000][6][safepoint    ] Safepoint "Cleanup", Time since last: 10018015040 ns, Reaching safepoint: 171760 ns, At safepoint: 7173 ns, Total: 178933 ns
[2021-08-17T05:25:47.218+0000][6][safepoint    ] Safepoint "Cleanup", Time since last: 2003854580 ns, Reaching safepoint: 129999 ns, At safepoint: 6529 ns, Total: 136528 ns
[2021-08-17T05:25:50.226+0000][6][safepoint    ] Safepoint "Cleanup", Time since last: 3008153973 ns, Reaching safepoint: 205364 ns, At safepoint: 8200 ns, Total: 213564 ns
[2021-08-17T05:25:55.241+0000][6][safepoint    ] Safepoint "Cleanup", Time since last: 5014031926 ns, Reaching safepoint: 208965 ns, At safepoint: 9567 ns, Total: 218532 ns
[2021-08-17T05:26:00.250+0000][6][safepoint    ] Safepoint "Cleanup", Time since last: 5008988401 ns, Reaching safepoint: 342186 ns, At safepoint: 9050 ns, Total: 351236 ns
[2021-08-17T05:26:05.273+0000][6][safepoint    ] Safepoint "Cleanup", Time since last: 5022831837 ns, Reaching safepoint: 158330 ns, At safepoint: 8636 ns, Total: 166966 ns
[2021-08-17T05:26:10.301+0000][6][safepoint    ] Safepoint "Cleanup", Time since last: 5027589488 ns, Reaching safepoint: 177008 ns, At safepoint: 8823 ns, Total: 185831 ns
[2021-08-17T05:26:42.418+0000][6][safepoint    ] Safepoint "Cleanup", Time since last: 32116858754 ns, Reaching safepoint: 257647 ns, At safepoint: 5309 ns, Total: 262956 ns
[2021-08-17T05:26:43.419+0000][6][safepoint    ] Safepoint "Cleanup", Time since last: 1001362606 ns, Reaching safepoint: 206719 ns, At safepoint: 9310 ns, Total: 216029 ns
[2021-08-17T05:26:47.427+0000][6][safepoint    ] Safepoint "Cleanup", Time since last: 4007061501 ns, Reaching safepoint: 190485 ns, At safepoint: 7626 ns, Total: 198111 ns
[2021-08-17T05:26:50.432+0000][6][safepoint    ] Safepoint "Cleanup", Time since last: 3005236799 ns, Reaching safepoint: 204532 ns, At safepoint: 7108 ns, Total: 211640 ns
[2021-08-17T05:26:51.433+0000][6][safepoint    ] Safepoint "Cleanup", Time since last: 1000715500 ns, Reaching safepoint: 133444 ns, At safepoint: 6845 ns, Total: 140289 ns
[2021-08-17T05:26:52.435+0000][6][safepoint    ] Safepoint "Cleanup", Time since last: 1001321013 ns, Reaching safepoint: 220607 ns, At safepoint: 9071 ns, Total: 229678 ns
[2021-08-17T05:26:55.440+0000][6][safepoint    ] Safepoint "Cleanup", Time since last: 3005357883 ns, Reaching safepoint: 134565 ns, At safepoint: 5150 ns, Total: 139715 ns
[2021-08-17T05:27:05.460+0000][6][safepoint    ] Safepoint "Cleanup", Time since last: 10019347359 ns, Reaching safepoint: 154071 ns, At safepoint: 7313 ns, Total: 161384 ns
[2021-08-17T05:27:20.510+0000][6][safepoint    ] Safepoint "Cleanup", Time since last: 15050401364 ns, Reaching safepoint: 296139 ns, At safepoint: 11790 ns, Total: 307929 ns
[2021-08-17T05:27:22.514+0000][6][safepoint    ] Safepoint "Cleanup", Time since last: 2003882348 ns, Reaching safepoint: 219442 ns, At safepoint: 8272 ns, Total: 227714 ns
[2021-08-17T05:27:27.523+0000][6][safepoint    ] Safepoint "Cleanup", Time since last: 5008791108 ns, Reaching safepoint: 191191 ns, At safepoint: 20956 ns, Total: 212147 ns
[2021-08-17T05:27:45.619+0000][6][safepoint    ] Safepoint "Cleanup", Time since last: 18095839252 ns, Reaching safepoint: 225962 ns, At safepoint: 9471 ns, Total: 235433 ns
[2021-08-17T05:27:50.634+0000][6][safepoint    ] Safepoint "Cleanup", Time since last: 5014445961 ns, Reaching safepoint: 208919 ns, At safepoint: 8409 ns, Total: 217328 ns
[2021-08-17T05:27:57.654+0000][6][safepoint    ] Safepoint "Cleanup", Time since last: 7019531720 ns, Reaching safepoint: 309886 ns, At safepoint: 7748 ns, Total: 317634 ns
[2021-08-17T05:28:02.661+0000][6][safepoint    ] Safepoint "Cleanup", Time since last: 5006422406 ns, Reaching safepoint: 210335 ns, At safepoint: 8641 ns, Total: 218976 ns
[2021-08-17T05:28:05.669+0000][6][safepoint    ] Safepoint "Cleanup", Time since last: 3008333958 ns, Reaching safepoint: 160394 ns, At safepoint: 7345 ns, Total: 167739 ns
[2021-08-17T05:28:20.740+0000][6][safepoint    ] Safepoint "Cleanup", Time since last: 15070180419 ns, Reaching safepoint: 189148 ns, At safepoint: 7762 ns, Total: 196910 ns
[2021-08-17T05:28:32.757+0000][6][safepoint    ] Safepoint "Cleanup", Time since last: 12017445435 ns, Reaching safepoint: 225446 ns, At safepoint: 8012 ns, Total: 233458 ns
[2021-08-17T05:28:35.762+0000][6][safepoint    ] Safepoint "Cleanup", Time since last: 3004196976 ns, Reaching safepoint: 197333 ns, At safepoint: 7631 ns, Total: 204964 ns
[2021-08-17T05:28:52.819+0000][6][safepoint    ] Safepoint "Cleanup", Time since last: 17056860502 ns, Reaching safepoint: 175164 ns, At safepoint: 7368 ns, Total: 182532 ns
[2021-08-17T05:29:11.145+0000][6][safepoint    ] Safepoint "Cleanup", Time since last: 18326017925 ns, Reaching safepoint: 693673 ns, At safepoint: 14817 ns, Total: 708490 ns
[2021-08-17T05:29:15.678+0000][6][safepoint    ] Safepoint "Cleanup", Time since last: 4532575552 ns, Reaching safepoint: 241814 ns, At safepoint: 11402 ns, Total: 253216 ns
[2021-08-17T05:29:17.690+0000][6][safepoint    ] Safepoint "Cleanup", Time since last: 2011928753 ns, Reaching safepoint: 78191 ns, At safepoint: 5076 ns, Total: 83267 ns
[2021-08-17T05:29:22.681+0000][6][safepoint    ] Safepoint "Cleanup", Time since last: 4990306042 ns, Reaching safepoint: 449130 ns, At safepoint: 34680 ns, Total: 483810 ns
[2021-08-17T05:29:30.212+0000][6][safepoint    ] Safepoint "Cleanup", Time since last: 7530774562 ns, Reaching safepoint: 217636 ns, At safepoint: 7476 ns, Total: 225112 ns
[2021-08-17T05:29:38.228+0000][6][safepoint    ] Safepoint "Cleanup", Time since last: 8015936504 ns, Reaching safepoint: 147614 ns, At safepoint: 7611 ns, Total: 155225 ns
[2021-08-17T05:29:50.248+0000][6][safepoint    ] Safepoint "Cleanup", Time since last: 12019505442 ns, Reaching safepoint: 276232 ns, At safepoint: 42260 ns, Total: 318492 ns
[2021-08-17T05:29:51.251+0000][6][safepoint    ] Safepoint "Cleanup", Time since last: 1003064484 ns, Reaching safepoint: 199776 ns, At safepoint: 7691 ns, Total: 207467 ns
[2021-08-17T05:29:58.266+0000][6][safepoint    ] Safepoint "Cleanup", Time since last: 7014937685 ns, Reaching safepoint: 211479 ns, At safepoint: 7338 ns, Total: 218817 ns
[2021-08-17T05:30:00.271+0000][6][safepoint    ] Safepoint "Cleanup", Time since last: 2004746020 ns, Reaching safepoint: 145251 ns, At safepoint: 5185 ns, Total: 150436 ns
[2021-08-17T05:30:05.280+0000][6][safepoint    ] Safepoint "Cleanup", Time since last: 5008442109 ns, Reaching safepoint: 314991 ns, At safepoint: 7687 ns, Total: 322678 ns
[2021-08-17T05:30:10.294+0000][6][safepoint    ] Safepoint "Cleanup", Time since last: 5014199117 ns, Reaching safepoint: 135222 ns, At safepoint: 4564 ns, Total: 139786 ns
[2021-08-17T05:30:20.319+0000][6][safepoint    ] Safepoint "Cleanup", Time since last: 10024157734 ns, Reaching safepoint: 96191 ns, At safepoint: 4500 ns, Total: 100691 ns
[2021-08-17T05:30:25.330+0000][6][safepoint    ] Safepoint "Cleanup", Time since last: 5010692478 ns, Reaching safepoint: 210000 ns, At safepoint: 8954 ns, Total: 218954 ns
[2021-08-17T05:30:38.811+0000][6][safepoint    ] Safepoint "Cleanup", Time since last: 13481242389 ns, Reaching safepoint: 226021 ns, At safepoint: 12126 ns, Total: 238147 ns
[2021-08-17T05:30:52.856+0000][6][safepoint    ] Safepoint "Cleanup", Time since last: 14044504303 ns, Reaching safepoint: 170771 ns, At safepoint: 6317 ns, Total: 177088 ns
[2021-08-17T05:31:17.940+0000][6][safepoint    ] Safepoint "Cleanup", Time since last: 25084014116 ns, Reaching safepoint: 350168 ns, At safepoint: 8571 ns, Total: 358739 ns
[2021-08-17T05:31:22.949+0000][6][safepoint    ] Safepoint "Cleanup", Time since last: 5008846480 ns, Reaching safepoint: 188006 ns, At safepoint: 7551 ns, Total: 195557 ns
[2021-08-17T05:31:32.977+0000][6][safepoint    ] Safepoint "Cleanup", Time since last: 10027361829 ns, Reaching safepoint: 234719 ns, At safepoint: 7641 ns, Total: 242360 ns
[2021-08-17T05:31:51.020+0000][6][safepoint    ] Safepoint "Cleanup", Time since last: 18043590291 ns, Reaching safepoint: 200298 ns, At safepoint: 9250 ns, Total: 209548 ns
[2021-08-17T05:32:20.146+0000][6][safepoint    ] Safepoint "Cleanup", Time since last: 29125723214 ns, Reaching safepoint: 241893 ns, At safepoint: 9291 ns, Total: 251184 ns
[2021-08-17T05:32:36.186+0000][6][safepoint    ] Safepoint "Cleanup", Time since last: 16039340787 ns, Reaching safepoint: 234590 ns, At safepoint: 10088 ns, Total: 244678 ns
[2021-08-17T05:32:51.245+0000][6][safepoint    ] Safepoint "Cleanup", Time since last: 15058350441 ns, Reaching safepoint: 241819 ns, At safepoint: 6962 ns, Total: 248781 ns
[2021-08-17T05:33:01.280+0000][6][safepoint    ] Safepoint "Cleanup", Time since last: 10035404943 ns, Reaching safepoint: 130620 ns, At safepoint: 4571 ns, Total: 135191 ns
[2021-08-17T05:33:20.352+0000][6][safepoint    ] Safepoint "Cleanup", Time since last: 19071580161 ns, Reaching safepoint: 155501 ns, At safepoint: 5126 ns, Total: 160627 ns
[2021-08-17T05:34:16.538+0000][6][safepoint    ] Safepoint "Cleanup", Time since last: 56185920643 ns, Reaching safepoint: 152869 ns, At safepoint: 6871 ns, Total: 159740 ns
[2021-08-17T05:34:21.553+0000][6][safepoint    ] Safepoint "Cleanup", Time since last: 5014396175 ns, Reaching safepoint: 156439 ns, At safepoint: 6085 ns, Total: 162524 ns
[2021-08-17T05:34:22.556+0000][6][safepoint    ] Safepoint "Cleanup", Time since last: 1003215355 ns, Reaching safepoint: 135761 ns, At safepoint: 4993 ns, Total: 140754 ns
[2021-08-17T05:34:23.568+0000][6][safepoint    ] Safepoint "Cleanup", Time since last: 1012302461 ns, Reaching safepoint: 140260 ns, At safepoint: 5373 ns, Total: 145633 ns
[2021-08-17T05:34:24.571+0000][6][safepoint    ] Safepoint "Cleanup", Time since last: 1002712486 ns, Reaching safepoint: 382084 ns, At safepoint: 25865 ns, Total: 407949 ns
[2021-08-17T05:34:25.573+0000][6][safepoint    ] Safepoint "Cleanup", Time since last: 1001766077 ns, Reaching safepoint: 213658 ns, At safepoint: 10074 ns, Total: 223732 ns
[2021-08-17T05:34:26.574+0000][6][safepoint    ] Safepoint "Cleanup", Time since last: 1000309680 ns, Reaching safepoint: 270924 ns, At safepoint: 16729 ns, Total: 287653 ns
[2021-08-17T05:34:27.589+0000][6][safepoint    ] Safepoint "Cleanup", Time since last: 1014338596 ns, Reaching safepoint: 283095 ns, At safepoint: 10398 ns, Total: 293493 ns
[2021-08-17T05:34:28.589+0000][6][safepoint    ] Safepoint "Cleanup", Time since last: 1000414118 ns, Reaching safepoint: 243862 ns, At safepoint: 9556 ns, Total: 253418 ns
[2021-08-17T05:34:29.597+0000][6][safepoint    ] Safepoint "Cleanup", Time since last: 1007450892 ns, Reaching safepoint: 551516 ns, At safepoint: 13711 ns, Total: 565227 ns
[2021-08-17T05:34:30.603+0000][6][safepoint    ] Safepoint "Cleanup", Time since last: 1004875443 ns, Reaching safepoint: 308569 ns, At safepoint: 15162 ns, Total: 323731 ns
[2021-08-17T05:34:31.606+0000][6][safepoint    ] Safepoint "Cleanup", Time since last: 1002899547 ns, Reaching safepoint: 258229 ns, At safepoint: 9830 ns, Total: 268059 ns
[2021-08-17T05:34:32.609+0000][6][safepoint    ] Safepoint "Cleanup", Time since last: 1003167545 ns, Reaching safepoint: 231554 ns, At safepoint: 9938 ns, Total: 241492 ns
[2021-08-17T05:34:33.612+0000][6][safepoint    ] Safepoint "Cleanup", Time since last: 1002601677 ns, Reaching safepoint: 533201 ns, At safepoint: 16099 ns, Total: 549300 ns
[2021-08-17T05:34:34.613+0000][6][safepoint    ] Safepoint "Cleanup", Time since last: 1000656169 ns, Reaching safepoint: 174137 ns, At safepoint: 6998 ns, Total: 181135 ns
[2021-08-17T05:34:35.616+0000][6][safepoint    ] Safepoint "Cleanup", Time since last: 1002217221 ns, Reaching safepoint: 196345 ns, At safepoint: 5256 ns, Total: 201601 ns
[2021-08-17T05:34:36.618+0000][6][safepoint    ] Safepoint "Cleanup", Time since last: 1002752158 ns, Reaching safepoint: 149723 ns, At safepoint: 9159 ns, Total: 158882 ns
[2021-08-17T05:34:37.620+0000][6][safepoint    ] Safepoint "Cleanup", Time since last: 1001768010 ns, Reaching safepoint: 130238 ns, At safepoint: 7287 ns, Total: 137525 ns
[2021-08-17T05:34:38.624+0000][6][safepoint    ] Safepoint "Cleanup", Time since last: 1003524688 ns, Reaching safepoint: 175128 ns, At safepoint: 6873 ns, Total: 182001 ns
[2021-08-17T05:34:39.627+0000][6][safepoint    ] Safepoint "Cleanup", Time since last: 1002825178 ns, Reaching safepoint: 147769 ns, At safepoint: 7753 ns, Total: 155522 ns
[2021-08-17T05:34:40.628+0000][6][safepoint    ] Safepoint "Cleanup", Time since last: 1000869516 ns, Reaching safepoint: 189215 ns, At safepoint: 8920 ns, Total: 198135 ns
[2021-08-17T05:34:41.632+0000][6][safepoint    ] Safepoint "Cleanup", Time since last: 1003942749 ns, Reaching safepoint: 135511 ns, At safepoint: 7003 ns, Total: 142514 ns
[2021-08-17T05:34:42.633+0000][6][safepoint    ] Safepoint "Cleanup", Time since last: 1000770707 ns, Reaching safepoint: 202407 ns, At safepoint: 8459 ns, Total: 210866 ns
[2021-08-17T05:34:43.637+0000][6][safepoint    ] Safepoint "Cleanup", Time since last: 1003518018 ns, Reaching safepoint: 155045 ns, At safepoint: 7355 ns, Total: 162400 ns
[2021-08-17T05:34:44.638+0000][6][safepoint    ] Safepoint "Cleanup", Time since last: 1000749574 ns, Reaching safepoint: 348442 ns, At safepoint: 9009 ns, Total: 357451 ns
[2021-08-17T05:34:45.640+0000][6][safepoint    ] Safepoint "Cleanup", Time since last: 1001437216 ns, Reaching safepoint: 174895 ns, At safepoint: 8690 ns, Total: 183585 ns
[2021-08-17T05:34:46.642+0000][6][safepoint    ] Safepoint "Cleanup", Time since last: 1002498686 ns, Reaching safepoint: 142405 ns, At safepoint: 8052 ns, Total: 150457 ns
[2021-08-17T05:34:47.643+0000][6][safepoint    ] Safepoint "Cleanup", Time since last: 1000773518 ns, Reaching safepoint: 127432 ns, At safepoint: 6906 ns, Total: 134338 ns
[2021-08-17T05:34:48.645+0000][6][safepoint    ] Safepoint "Cleanup", Time since last: 1001629671 ns, Reaching safepoint: 205751 ns, At safepoint: 9178 ns, Total: 214929 ns
[2021-08-17T05:34:49.647+0000][6][safepoint    ] Safepoint "Cleanup", Time since last: 1002305236 ns, Reaching safepoint: 138103 ns, At safepoint: 6585 ns, Total: 144688 ns
[2021-08-17T05:34:50.651+0000][6][safepoint    ] Safepoint "Cleanup", Time since last: 1003375423 ns, Reaching safepoint: 183718 ns, At safepoint: 7736 ns, Total: 191454 ns
[2021-08-17T05:34:51.652+0000][6][safepoint    ] Safepoint "Cleanup", Time since last: 1000411882 ns, Reaching safepoint: 131708 ns, At safepoint: 5620 ns, Total: 137328 ns
[2021-08-17T05:34:52.656+0000][6][safepoint    ] Safepoint "Cleanup", Time since last: 1003914995 ns, Reaching safepoint: 194151 ns, At safepoint: 9127 ns, Total: 203278 ns
[2021-08-17T05:34:53.661+0000][6][safepoint    ] Safepoint "Cleanup", Time since last: 1004640763 ns, Reaching safepoint: 162575 ns, At safepoint: 6975 ns, Total: 169550 ns
[2021-08-17T05:34:54.663+0000][6][safepoint    ] Safepoint "Cleanup", Time since last: 1001676639 ns, Reaching safepoint: 430769 ns, At safepoint: 21919 ns, Total: 452688 ns
[2021-08-17T05:34:55.677+0000][6][safepoint    ] Safepoint "Cleanup", Time since last: 1013217360 ns, Reaching safepoint: 952840 ns, At safepoint: 13431 ns, Total: 966271 ns
[2021-08-17T05:34:56.690+0000][6][safepoint    ] Safepoint "Cleanup", Time since last: 1012383087 ns, Reaching safepoint: 363546 ns, At safepoint: 12465 ns, Total: 376011 ns
[2021-08-17T05:34:57.694+0000][6][safepoint    ] Safepoint "Cleanup", Time since last: 1003790014 ns, Reaching safepoint: 216487 ns, At safepoint: 11504 ns, Total: 227991 ns
[2021-08-17T05:34:58.695+0000][6][safepoint    ] Safepoint "Cleanup", Time since last: 1001257030 ns, Reaching safepoint: 269124 ns, At safepoint: 10473 ns, Total: 279597 ns
[2021-08-17T05:34:59.710+0000][6][safepoint    ] Safepoint "Cleanup", Time since last: 1014097937 ns, Reaching safepoint: 249466 ns, At safepoint: 12534 ns, Total: 262000 ns
[2021-08-17T05:35:00.724+0000][6][safepoint    ] Safepoint "Cleanup", Time since last: 1014580084 ns, Reaching safepoint: 189059 ns, At safepoint: 8367 ns, Total: 197426 ns
[2021-08-17T05:35:01.728+0000][6][safepoint    ] Safepoint "Cleanup", Time since last: 1003417629 ns, Reaching safepoint: 225555 ns, At safepoint: 10026 ns, Total: 235581 ns
[2021-08-17T05:35:02.730+0000][6][safepoint    ] Safepoint "Cleanup", Time since last: 1002252297 ns, Reaching safepoint: 163937 ns, At safepoint: 7479 ns, Total: 171416 ns
[2021-08-17T05:35:03.731+0000][6][safepoint    ] Safepoint "Cleanup", Time since last: 1000936142 ns, Reaching safepoint: 175352 ns, At safepoint: 6833 ns, Total: 182185 ns
[2021-08-17T05:35:04.735+0000][6][safepoint    ] Safepoint "Cleanup", Time since last: 1002801983 ns, Reaching safepoint: 217091 ns, At safepoint: 11833 ns, Total: 228924 ns
[2021-08-17T05:35:05.735+0000][6][safepoint    ] Safepoint "Cleanup", Time since last: 1000715778 ns, Reaching safepoint: 181264 ns, At safepoint: 7596 ns, Total: 188860 ns
[2021-08-17T05:35:06.739+0000][6][safepoint    ] Safepoint "Cleanup", Time since last: 1003865912 ns, Reaching safepoint: 213697 ns, At safepoint: 8903 ns, Total: 222600 ns
[2021-08-17T05:35:07.741+0000][6][safepoint    ] Safepoint "Cleanup", Time since last: 1000908908 ns, Reaching safepoint: 201608 ns, At safepoint: 9463 ns, Total: 211071 ns
[2021-08-17T05:35:08.744+0000][6][safepoint    ] Safepoint "Cleanup", Time since last: 1002841337 ns, Reaching safepoint: 158859 ns, At safepoint: 4626 ns, Total: 163485 ns
[2021-08-17T05:35:09.746+0000][6][safepoint    ] Safepoint "Cleanup", Time since last: 1002100835 ns, Reaching safepoint: 151645 ns, At safepoint: 6260 ns, Total: 157905 ns
[2021-08-17T05:35:10.748+0000][6][safepoint    ] Safepoint "Cleanup", Time since last: 1002462137 ns, Reaching safepoint: 121970 ns, At safepoint: 5927 ns, Total: 127897 ns
[2021-08-17T05:35:11.750+0000][6][safepoint    ] Safepoint "Cleanup", Time since last: 1001009716 ns, Reaching safepoint: 223694 ns, At safepoint: 10010 ns, Total: 233704 ns
[2021-08-17T05:35:12.751+0000][6][safepoint    ] Safepoint "Cleanup", Time since last: 1001279361 ns, Reaching safepoint: 195349 ns, At safepoint: 8918 ns, Total: 204267 ns
[2021-08-17T05:35:13.753+0000][6][safepoint    ] Safepoint "Cleanup", Time since last: 1001845930 ns, Reaching safepoint: 197896 ns, At safepoint: 8024 ns, Total: 205920 ns
[2021-08-17T05:35:14.754+0000][6][safepoint    ] Safepoint "Cleanup", Time since last: 1000373531 ns, Reaching safepoint: 299142 ns, At safepoint: 7872 ns, Total: 307014 ns
[2021-08-17T05:35:15.754+0000][6][safepoint    ] Safepoint "Cleanup", Time since last: 1000342953 ns, Reaching safepoint: 161463 ns, At safepoint: 7527 ns, Total: 168990 ns
[2021-08-17T05:35:16.770+0000][6][safepoint    ] Safepoint "Cleanup", Time since last: 1015508746 ns, Reaching safepoint: 225614 ns, At safepoint: 9079 ns, Total: 234693 ns
[2021-08-17T05:35:17.777+0000][6][safepoint    ] Safepoint "Cleanup", Time since last: 1006114727 ns, Reaching safepoint: 214224 ns, At safepoint: 10492 ns, Total: 224716 ns
[2021-08-17T05:35:18.781+0000][6][safepoint    ] Safepoint "Cleanup", Time since last: 1003795142 ns, Reaching safepoint: 265275 ns, At safepoint: 12006 ns, Total: 277281 ns
[2021-08-17T05:35:19.786+0000][6][safepoint    ] Safepoint "Cleanup", Time since last: 1005253213 ns, Reaching safepoint: 383038 ns, At safepoint: 25020 ns, Total: 408058 ns
[2021-08-17T05:35:20.798+0000][6][safepoint    ] Safepoint "Cleanup", Time since last: 1011465533 ns, Reaching safepoint: 107165 ns, At safepoint: 5365 ns, Total: 112530 ns
[2021-08-17T05:35:21.811+0000][6][safepoint    ] Safepoint "Cleanup", Time since last: 1013059795 ns, Reaching safepoint: 144429 ns, At safepoint: 9730 ns, Total: 154159 ns
[2021-08-17T05:35:22.814+0000][6][safepoint    ] Safepoint "Cleanup", Time since last: 1003033062 ns, Reaching safepoint: 229190 ns, At safepoint: 8612 ns, Total: 237802 ns
[2021-08-17T05:35:23.816+0000][6][safepoint    ] Safepoint "Cleanup", Time since last: 1001424717 ns, Reaching safepoint: 104927 ns, At safepoint: 4574 ns, Total: 109501 ns
[2021-08-17T05:35:24.818+0000][6][safepoint    ] Safepoint "Cleanup", Time since last: 1001924024 ns, Reaching safepoint: 183727 ns, At safepoint: 7461 ns, Total: 191188 ns
[2021-08-17T05:35:25.819+0000][6][safepoint    ] Safepoint "Cleanup", Time since last: 1000969501 ns, Reaching safepoint: 181602 ns, At safepoint: 7452 ns, Total: 189054 ns
[2021-08-17T05:35:26.820+0000][6][safepoint    ] Safepoint "Cleanup", Time since last: 1000794771 ns, Reaching safepoint: 134408 ns, At safepoint: 4830 ns, Total: 139238 ns
[2021-08-17T05:35:27.822+0000][6][safepoint    ] Safepoint "Cleanup", Time since last: 1001554076 ns, Reaching safepoint: 178402 ns, At safepoint: 8073 ns, Total: 186475 ns
[2021-08-17T05:35:28.823+0000][6][safepoint    ] Safepoint "Cleanup", Time since last: 1001189190 ns, Reaching safepoint: 167430 ns, At safepoint: 7067 ns, Total: 174497 ns
[2021-08-17T05:35:29.826+0000][6][safepoint    ] Safepoint "Cleanup", Time since last: 1002599580 ns, Reaching safepoint: 191920 ns, At safepoint: 7855 ns, Total: 199775 ns
[2021-08-17T05:35:30.829+0000][6][safepoint    ] Safepoint "Cleanup", Time since last: 1003313417 ns, Reaching safepoint: 125257 ns, At safepoint: 6705 ns, Total: 131962 ns
[2021-08-17T05:35:31.831+0000][6][safepoint    ] Safepoint "Cleanup", Time since last: 1001814442 ns, Reaching safepoint: 139324 ns, At safepoint: 5112 ns, Total: 144436 ns
[2021-08-17T05:35:32.833+0000][6][safepoint    ] Safepoint "Cleanup", Time since last: 1001057752 ns, Reaching safepoint: 185473 ns, At safepoint: 7811 ns, Total: 193284 ns
[2021-08-17T05:35:33.834+0000][6][safepoint    ] Safepoint "Cleanup", Time since last: 1000947069 ns, Reaching safepoint: 163121 ns, At safepoint: 7150 ns, Total: 170271 ns
[2021-08-17T05:35:34.837+0000][6][safepoint    ] Safepoint "Cleanup", Time since last: 1002573329 ns, Reaching safepoint: 194035 ns, At safepoint: 9102 ns, Total: 203137 ns
[2021-08-17T05:35:35.837+0000][6][safepoint    ] Safepoint "Cleanup", Time since last: 1000385637 ns, Reaching safepoint: 198557 ns, At safepoint: 7336 ns, Total: 205893 ns
[2021-08-17T05:35:36.839+0000][6][safepoint    ] Safepoint "Cleanup", Time since last: 1002015540 ns, Reaching safepoint: 194777 ns, At safepoint: 10561 ns, Total: 205338 ns
[2021-08-17T05:35:37.842+0000][6][safepoint    ] Safepoint "Cleanup", Time since last: 1002482650 ns, Reaching safepoint: 190391 ns, At safepoint: 8140 ns, Total: 198531 ns
[2021-08-17T05:35:38.844+0000][6][safepoint    ] Safepoint "Cleanup", Time since last: 1001828135 ns, Reaching safepoint: 205776 ns, At safepoint: 7953 ns, Total: 213729 ns
[2021-08-17T05:35:39.846+0000][6][safepoint    ] Safepoint "Cleanup", Time since last: 1001386439 ns, Reaching safepoint: 528440 ns, At safepoint: 15012 ns, Total: 543452 ns
[2021-08-17T05:35:40.849+0000][6][safepoint    ] Safepoint "Cleanup", Time since last: 1003154082 ns, Reaching safepoint: 182231 ns, At safepoint: 7318 ns, Total: 189549 ns
[2021-08-17T05:35:41.852+0000][6][safepoint    ] Safepoint "Cleanup", Time since last: 1002181665 ns, Reaching safepoint: 134931 ns, At safepoint: 4923 ns, Total: 139854 ns
[2021-08-17T05:35:42.859+0000][6][safepoint    ] Safepoint "Cleanup", Time since last: 1007499411 ns, Reaching safepoint: 219084 ns, At safepoint: 8742 ns, Total: 227826 ns
[2021-08-17T05:35:43.864+0000][6][safepoint    ] Safepoint "Cleanup", Time since last: 1004079257 ns, Reaching safepoint: 146534 ns, At safepoint: 5740 ns, Total: 152274 ns
[2021-08-17T05:35:44.864+0000][6][safepoint    ] Safepoint "Cleanup", Time since last: 1000351382 ns, Reaching safepoint: 210635 ns, At safepoint: 8464 ns, Total: 219099 ns
[2021-08-17T05:35:45.865+0000][6][safepoint    ] Safepoint "Cleanup", Time since last: 1000275259 ns, Reaching safepoint: 140430 ns, At safepoint: 6622 ns, Total: 147052 ns
[2021-08-17T05:35:46.867+0000][6][safepoint    ] Safepoint "Cleanup", Time since last: 1002696783 ns, Reaching safepoint: 166435 ns, At safepoint: 6305 ns, Total: 172740 ns
[2021-08-17T05:35:47.871+0000][6][safepoint    ] Safepoint "Cleanup", Time since last: 1002900640 ns, Reaching safepoint: 189113 ns, At safepoint: 7962 ns, Total: 197075 ns
[2021-08-17T05:35:48.873+0000][6][safepoint    ] Safepoint "Cleanup", Time since last: 1002066623 ns, Reaching safepoint: 221420 ns, At safepoint: 5295 ns, Total: 226715 ns
[2021-08-17T05:35:49.877+0000][6][safepoint    ] Safepoint "Cleanup", Time since last: 1003674751 ns, Reaching safepoint: 141333 ns, At safepoint: 5149 ns, Total: 146482 ns
[2021-08-17T05:35:50.877+0000][6][safepoint    ] Safepoint "Cleanup", Time since last: 1000598278 ns, Reaching safepoint: 133110 ns, At safepoint: 5890 ns, Total: 139000 ns
[2021-08-17T05:35:51.879+0000][6][safepoint    ] Safepoint "Cleanup", Time since last: 1001753514 ns, Reaching safepoint: 146647 ns, At safepoint: 4923 ns, Total: 151570 ns
[2021-08-17T05:35:52.880+0000][6][safepoint    ] Safepoint "Cleanup", Time since last: 1000575506 ns, Reaching safepoint: 192053 ns, At safepoint: 7629 ns, Total: 199682 ns
[2021-08-17T05:35:53.882+0000][6][safepoint    ] Safepoint "Cleanup", Time since last: 1002117774 ns, Reaching safepoint: 205178 ns, At safepoint: 9247 ns, Total: 214425 ns
[2021-08-17T05:35:54.884+0000][6][safepoint    ] Safepoint "Cleanup", Time since last: 1001369877 ns, Reaching safepoint: 196804 ns, At safepoint: 8042 ns, Total: 204846 ns
[2021-08-17T05:35:55.888+0000][6][safepoint    ] Safepoint "Cleanup", Time since last: 1003866175 ns, Reaching safepoint: 130047 ns, At safepoint: 5402 ns, Total: 135449 ns
[2021-08-17T05:35:56.891+0000][6][safepoint    ] Safepoint "Cleanup", Time since last: 1002518118 ns, Reaching safepoint: 174272 ns, At safepoint: 6241 ns, Total: 180513 ns
[2021-08-17T05:35:57.892+0000][6][safepoint    ] Safepoint "Cleanup", Time since last: 1001176104 ns, Reaching safepoint: 189576 ns, At safepoint: 8470 ns, Total: 198046 ns
[2021-08-17T05:35:58.893+0000][6][safepoint    ] Safepoint "Cleanup", Time since last: 1000921867 ns, Reaching safepoint: 117867 ns, At safepoint: 4870 ns, Total: 122737 ns
[2021-08-17T05:35:59.895+0000][6][safepoint    ] Safepoint "Cleanup", Time since last: 1001470642 ns, Reaching safepoint: 176678 ns, At safepoint: 9660 ns, Total: 186338 ns
[2021-08-17T05:36:00.897+0000][6][safepoint    ] Safepoint "Cleanup", Time since last: 1001754061 ns, Reaching safepoint: 137154 ns, At safepoint: 5832 ns, Total: 142986 ns
[2021-08-17T05:36:01.912+0000][6][safepoint    ] Safepoint "Cleanup", Time since last: 1014727164 ns, Reaching safepoint: 160804 ns, At safepoint: 5663 ns, Total: 166467 ns
[2021-08-17T05:36:02.914+0000][6][safepoint    ] Safepoint "Cleanup", Time since last: 1002017700 ns, Reaching safepoint: 125992 ns, At safepoint: 4792 ns, Total: 130784 ns
[2021-08-17T05:36:03.914+0000][6][safepoint    ] Safepoint "Cleanup", Time since last: 1000565071 ns, Reaching safepoint: 144603 ns, At safepoint: 5593 ns, Total: 150196 ns
[2021-08-17T05:36:04.917+0000][6][safepoint    ] Safepoint "Cleanup", Time since last: 1002848110 ns, Reaching safepoint: 126414 ns, At safepoint: 4931 ns, Total: 131345 ns
[2021-08-17T05:36:05.921+0000][6][safepoint    ] Safepoint "Cleanup", Time since last: 1003423889 ns, Reaching safepoint: 171501 ns, At safepoint: 7094 ns, Total: 178595 ns
[2021-08-17T05:36:06.921+0000][6][safepoint    ] Safepoint "Cleanup", Time since last: 1000210721 ns, Reaching safepoint: 142138 ns, At safepoint: 4741 ns, Total: 146879 ns
[2021-08-17T05:36:07.924+0000][6][safepoint    ] Safepoint "Cleanup", Time since last: 1002370490 ns, Reaching safepoint: 129819 ns, At safepoint: 5211 ns, Total: 135030 ns
[2021-08-17T05:36:08.925+0000][6][safepoint    ] Safepoint "Cleanup", Time since last: 1001077804 ns, Reaching safepoint: 95722 ns, At safepoint: 4706 ns, Total: 100428 ns
[2021-08-17T05:36:10.657+0000][6][safepoint    ] Safepoint "Cleanup", Time since last: 1731671428 ns, Reaching safepoint: 143263 ns, At safepoint: 5140 ns, Total: 148403 ns
[2021-08-17T05:36:11.661+0000][6][safepoint    ] Safepoint "Cleanup", Time since last: 1003903463 ns, Reaching safepoint: 190213 ns, At safepoint: 7431 ns, Total: 197644 ns
[2021-08-17T05:36:12.663+0000][6][safepoint    ] Safepoint "Cleanup", Time since last: 1001858356 ns, Reaching safepoint: 201178 ns, At safepoint: 9905 ns, Total: 211083 ns
[2021-08-17T05:36:13.664+0000][6][safepoint    ] Safepoint "Cleanup", Time since last: 1001092911 ns, Reaching safepoint: 189306 ns, At safepoint: 26036 ns, Total: 215342 ns
[2021-08-17T05:36:14.668+0000][6][safepoint    ] Safepoint "Cleanup", Time since last: 1003222289 ns, Reaching safepoint: 132281 ns, At safepoint: 6676 ns, Total: 138957 ns
[2021-08-17T05:36:15.676+0000][6][safepoint    ] Safepoint "Cleanup", Time since last: 1007711643 ns, Reaching safepoint: 167369 ns, At safepoint: 11177 ns, Total: 178546 ns
[2021-08-17T05:36:16.678+0000][6][safepoint    ] Safepoint "Cleanup", Time since last: 1001915873 ns, Reaching safepoint: 185436 ns, At safepoint: 7595 ns, Total: 193031 ns
[2021-08-17T05:36:17.682+0000][6][safepoint    ] Safepoint "Cleanup", Time since last: 1003797555 ns, Reaching safepoint: 139993 ns, At safepoint: 5705 ns, Total: 145698 ns
[2021-08-17T05:36:18.684+0000][6][safepoint    ] Safepoint "Cleanup", Time since last: 1002448431 ns, Reaching safepoint: 100105 ns, At safepoint: 4411 ns, Total: 104516 ns
[2021-08-17T05:36:19.686+0000][6][safepoint    ] Safepoint "Cleanup", Time since last: 1001771331 ns, Reaching safepoint: 88645 ns, At safepoint: 4892 ns, Total: 93537 ns
[2021-08-17T05:36:20.688+0000][6][safepoint    ] Safepoint "Cleanup", Time since last: 1001128699 ns, Reaching safepoint: 401356 ns, At safepoint: 11090 ns, Total: 412446 ns
[2021-08-17T05:36:21.690+0000][6][safepoint    ] Safepoint "Cleanup", Time since last: 1002693206 ns, Reaching safepoint: 165144 ns, At safepoint: 4642 ns, Total: 169786 ns
[2021-08-17T05:36:22.695+0000][6][safepoint    ] Safepoint "Cleanup", Time since last: 1003854011 ns, Reaching safepoint: 196998 ns, At safepoint: 5749 ns, Total: 202747 ns
[2021-08-17T05:36:23.697+0000][6][safepoint    ] Safepoint "Cleanup", Time since last: 1002310620 ns, Reaching safepoint: 237709 ns, At safepoint: 8718 ns, Total: 246427 ns
[2021-08-17T05:36:24.699+0000][6][safepoint    ] Safepoint "Cleanup", Time since last: 1001425137 ns, Reaching safepoint: 133701 ns, At safepoint: 4645 ns, Total: 138346 ns
[2021-08-17T05:36:25.702+0000][6][safepoint    ] Safepoint "Cleanup", Time since last: 1003214632 ns, Reaching safepoint: 191827 ns, At safepoint: 7846 ns, Total: 199673 ns
[2021-08-17T05:36:26.703+0000][6][safepoint    ] Safepoint "Cleanup", Time since last: 1000550875 ns, Reaching safepoint: 94719 ns, At safepoint: 4380 ns, Total: 99099 ns
[2021-08-17T05:36:27.705+0000][6][safepoint    ] Safepoint "Cleanup", Time since last: 1002209627 ns, Reaching safepoint: 135663 ns, At safepoint: 5418 ns, Total: 141081 ns
[2021-08-17T05:36:28.708+0000][6][safepoint    ] Safepoint "Cleanup", Time since last: 1003246023 ns, Reaching safepoint: 151178 ns, At safepoint: 5318 ns, Total: 156496 ns
[2021-08-17T05:36:29.711+0000][6][safepoint    ] Safepoint "Cleanup", Time since last: 1002489722 ns, Reaching safepoint: 126858 ns, At safepoint: 4837 ns, Total: 131695 ns
[2021-08-17T05:36:30.713+0000][6][safepoint    ] Safepoint "Cleanup", Time since last: 1002150276 ns, Reaching safepoint: 128828 ns, At safepoint: 4936 ns, Total: 133764 ns
[2021-08-17T05:36:31.714+0000][6][safepoint    ] Safepoint "Cleanup", Time since last: 1000783306 ns, Reaching safepoint: 133572 ns, At safepoint: 4722 ns, Total: 138294 ns
[2021-08-17T05:36:32.717+0000][6][safepoint    ] Safepoint "Cleanup", Time since last: 1002861830 ns, Reaching safepoint: 138315 ns, At safepoint: 4991 ns, Total: 143306 ns
[2021-08-17T05:36:33.719+0000][6][safepoint    ] Safepoint "Cleanup", Time since last: 1001584501 ns, Reaching safepoint: 187183 ns, At safepoint: 7564 ns, Total: 194747 ns
[2021-08-17T05:36:34.722+0000][6][safepoint    ] Safepoint "Cleanup", Time since last: 1003240024 ns, Reaching safepoint: 137705 ns, At safepoint: 5263 ns, Total: 142968 ns
[2021-08-17T05:36:35.724+0000][6][safepoint    ] Safepoint "Cleanup", Time since last: 1000992036 ns, Reaching safepoint: 308369 ns, At safepoint: 11008 ns, Total: 319377 ns
[2021-08-17T05:36:36.726+0000][6][safepoint    ] Safepoint "Cleanup", Time since last: 1001963356 ns, Reaching safepoint: 143674 ns, At safepoint: 5277 ns, Total: 148951 ns
[2021-08-17T05:36:37.729+0000][6][safepoint    ] Safepoint "Cleanup", Time since last: 1002605566 ns, Reaching safepoint: 137592 ns, At safepoint: 5282 ns, Total: 142874 ns
[2021-08-17T05:36:38.730+0000][6][safepoint    ] Safepoint "Cleanup", Time since last: 1001596359 ns, Reaching safepoint: 201619 ns, At safepoint: 8388 ns, Total: 210007 ns
[2021-08-17T05:36:39.733+0000][6][safepoint    ] Safepoint "Cleanup", Time since last: 1002657396 ns, Reaching safepoint: 177570 ns, At safepoint: 7351 ns, Total: 184921 ns
[2021-08-17T05:36:40.736+0000][6][safepoint    ] Safepoint "Cleanup", Time since last: 1002450021 ns, Reaching safepoint: 190711 ns, At safepoint: 7497 ns, Total: 198208 ns
[2021-08-17T05:36:41.739+0000][6][safepoint    ] Safepoint "Cleanup", Time since last: 1002736566 ns, Reaching safepoint: 303207 ns, At safepoint: 7857 ns, Total: 311064 ns
[2021-08-17T05:36:42.741+0000][6][safepoint    ] Safepoint "Cleanup", Time since last: 1002149754 ns, Reaching safepoint: 181728 ns, At safepoint: 7754 ns, Total: 189482 ns
[2021-08-17T05:36:43.745+0000][6][safepoint    ] Safepoint "Cleanup", Time since last: 1003188029 ns, Reaching safepoint: 253903 ns, At safepoint: 11400 ns, Total: 265303 ns
[2021-08-17T05:36:44.750+0000][6][safepoint    ] Safepoint "Cleanup", Time since last: 1004588610 ns, Reaching safepoint: 205328 ns, At safepoint: 10424 ns, Total: 215752 ns
[2021-08-17T05:36:45.753+0000][6][safepoint    ] Safepoint "Cleanup", Time since last: 1002848745 ns, Reaching safepoint: 119340 ns, At safepoint: 5407 ns, Total: 124747 ns
[2021-08-17T05:36:46.760+0000][6][safepoint    ] Safepoint "Cleanup", Time since last: 1007186319 ns, Reaching safepoint: 169937 ns, At safepoint: 25551 ns, Total: 195488 ns
[2021-08-17T05:36:47.761+0000][6][safepoint    ] Safepoint "Cleanup", Time since last: 1001144861 ns, Reaching safepoint: 211338 ns, At safepoint: 9930 ns, Total: 221268 ns
[2021-08-17T05:36:48.763+0000][6][safepoint    ] Safepoint "Cleanup", Time since last: 1001722791 ns, Reaching safepoint: 146735 ns, At safepoint: 8156 ns, Total: 154891 ns
[2021-08-17T05:36:49.765+0000][6][safepoint    ] Safepoint "Cleanup", Time since last: 1001599868 ns, Reaching safepoint: 141614 ns, At safepoint: 7225 ns, Total: 148839 ns
[2021-08-17T05:36:50.769+0000][6][safepoint    ] Safepoint "Cleanup", Time since last: 1003779574 ns, Reaching safepoint: 139848 ns, At safepoint: 5353 ns, Total: 145201 ns
[2021-08-17T05:36:51.771+0000][6][safepoint    ] Safepoint "Cleanup", Time since last: 1002076153 ns, Reaching safepoint: 218138 ns, At safepoint: 9345 ns, Total: 227483 ns
[2021-08-17T05:36:52.774+0000][6][safepoint    ] Safepoint "Cleanup", Time since last: 1002884721 ns, Reaching safepoint: 159068 ns, At safepoint: 4983 ns, Total: 164051 ns
[2021-08-17T05:36:53.775+0000][6][safepoint    ] Safepoint "Cleanup", Time since last: 1000941070 ns, Reaching safepoint: 141713 ns, At safepoint: 5040 ns, Total: 146753 ns
[2021-08-17T05:36:54.776+0000][6][safepoint    ] Safepoint "Cleanup", Time since last: 1000644396 ns, Reaching safepoint: 114204 ns, At safepoint: 4158 ns, Total: 118362 ns
[2021-08-17T05:36:56.385+0000][6][safepoint    ] Safepoint "Cleanup", Time since last: 1609153022 ns, Reaching safepoint: 199910 ns, At safepoint: 4756 ns, Total: 204666 ns
[2021-08-17T05:36:57.386+0000][6][safepoint    ] Safepoint "Cleanup", Time since last: 1000529721 ns, Reaching safepoint: 188799 ns, At safepoint: 7300 ns, Total: 196099 ns
[2021-08-17T05:36:58.387+0000][6][safepoint    ] Safepoint "Cleanup", Time since last: 1000570356 ns, Reaching safepoint: 186918 ns, At safepoint: 7133 ns, Total: 194051 ns
[2021-08-17T05:36:59.388+0000][6][safepoint    ] Safepoint "Cleanup", Time since last: 1000581211 ns, Reaching safepoint: 122111 ns, At safepoint: 4484 ns, Total: 126595 ns
[2021-08-17T05:37:01.018+0000][6][safepoint    ] Safepoint "Cleanup", Time since last: 1630141668 ns, Reaching safepoint: 452536 ns, At safepoint: 11604 ns, Total: 464140 ns
[2021-08-17T05:37:02.021+0000][6][safepoint    ] Safepoint "Cleanup", Time since last: 1002998362 ns, Reaching safepoint: 190612 ns, At safepoint: 7852 ns, Total: 198464 ns
[2021-08-17T05:37:03.022+0000][6][safepoint    ] Safepoint "Cleanup", Time since last: 1000447938 ns, Reaching safepoint: 139686 ns, At safepoint: 5450 ns, Total: 145136 ns
[2021-08-17T05:37:04.024+0000][6][safepoint    ] Safepoint "Cleanup", Time since last: 1001503562 ns, Reaching safepoint: 106554 ns, At safepoint: 4432 ns, Total: 110986 ns
[2021-08-17T05:37:05.024+0000][6][safepoint    ] Safepoint "Cleanup", Time since last: 1000574449 ns, Reaching safepoint: 176043 ns, At safepoint: 7201 ns, Total: 183244 ns
[2021-08-17T05:37:06.026+0000][6][safepoint    ] Safepoint "Cleanup", Time since last: 1001051710 ns, Reaching safepoint: 96578 ns, At safepoint: 5367 ns, Total: 101945 ns
[2021-08-17T05:37:07.029+0000][6][safepoint    ] Safepoint "Cleanup", Time since last: 1003326337 ns, Reaching safepoint: 96807 ns, At safepoint: 4498 ns, Total: 101305 ns
[2021-08-17T05:37:08.032+0000][6][safepoint    ] Safepoint "Cleanup", Time since last: 1003070309 ns, Reaching safepoint: 112784 ns, At safepoint: 7064 ns, Total: 119848 ns
[2021-08-17T05:37:09.033+0000][6][safepoint    ] Safepoint "Cleanup", Time since last: 1000500199 ns, Reaching safepoint: 111507 ns, At safepoint: 4352 ns, Total: 115859 ns
[2021-08-17T05:37:10.034+0000][6][safepoint    ] Safepoint "Cleanup", Time since last: 1001022603 ns, Reaching safepoint: 124922 ns, At safepoint: 4790 ns, Total: 129712 ns
[2021-08-17T05:37:11.034+0000][6][safepoint    ] Safepoint "Cleanup", Time since last: 1000310589 ns, Reaching safepoint: 128662 ns, At safepoint: 5067 ns, Total: 133729 ns
[2021-08-17T05:37:12.035+0000][6][safepoint    ] Safepoint "Cleanup", Time since last: 1000536333 ns, Reaching safepoint: 172120 ns, At safepoint: 7517 ns, Total: 179637 ns
[2021-08-17T05:37:13.037+0000][6][safepoint    ] Safepoint "Cleanup", Time since last: 1001321610 ns, Reaching safepoint: 154261 ns, At safepoint: 4324 ns, Total: 158585 ns
[2021-08-17T05:37:14.037+0000][6][safepoint    ] Safepoint "Cleanup", Time since last: 1000563809 ns, Reaching safepoint: 206888 ns, At safepoint: 4286 ns, Total: 211174 ns
[2021-08-17T05:37:15.038+0000][6][safepoint    ] Safepoint "Cleanup", Time since last: 1000383687 ns, Reaching safepoint: 100336 ns, At safepoint: 4327 ns, Total: 104663 ns
[2021-08-17T05:37:16.038+0000][6][safepoint    ] Safepoint "Cleanup", Time since last: 1000566701 ns, Reaching safepoint: 97913 ns, At safepoint: 4273 ns, Total: 102186 ns
[2021-08-17T05:37:17.039+0000][6][safepoint    ] Safepoint "Cleanup", Time since last: 1000758667 ns, Reaching safepoint: 190294 ns, At safepoint: 7728 ns, Total: 198022 ns
[2021-08-17T05:37:18.139+0000][6][safepoint    ] Safepoint "Cleanup", Time since last: 1098910835 ns, Reaching safepoint: 157780 ns, At safepoint: 4682 ns, Total: 162462 ns
[2021-08-17T05:37:19.139+0000][6][safepoint    ] Safepoint "Cleanup", Time since last: 1000572288 ns, Reaching safepoint: 198237 ns, At safepoint: 7383 ns, Total: 205620 ns
[2021-08-17T05:37:20.140+0000][6][safepoint    ] Safepoint "Cleanup", Time since last: 1000435774 ns, Reaching safepoint: 142045 ns, At safepoint: 5111 ns, Total: 147156 ns
[2021-08-17T05:37:21.141+0000][6][safepoint    ] Safepoint "Cleanup", Time since last: 1000668100 ns, Reaching safepoint: 176045 ns, At safepoint: 6160 ns, Total: 182205 ns
[2021-08-17T05:37:22.142+0000][6][safepoint    ] Safepoint "Cleanup", Time since last: 1000663138 ns, Reaching safepoint: 242946 ns, At safepoint: 9017 ns, Total: 251963 ns
[2021-08-17T05:37:23.142+0000][6][safepoint    ] Safepoint "Cleanup", Time since last: 1000253720 ns, Reaching safepoint: 197443 ns, At safepoint: 7600 ns, Total: 205043 ns
[2021-08-17T05:37:24.143+0000][6][safepoint    ] Safepoint "Cleanup", Time since last: 1000702456 ns, Reaching safepoint: 151220 ns, At safepoint: 5647 ns, Total: 156867 ns
[2021-08-17T05:37:25.144+0000][6][safepoint    ] Safepoint "Cleanup", Time since last: 1001078712 ns, Reaching safepoint: 157071 ns, At safepoint: 6820 ns, Total: 163891 ns
[2021-08-17T05:37:26.148+0000][6][safepoint    ] Safepoint "Cleanup", Time since last: 1003201488 ns, Reaching safepoint: 140229 ns, At safepoint: 4875 ns, Total: 145104 ns
[2021-08-17T05:37:27.149+0000][6][safepoint    ] Safepoint "Cleanup", Time since last: 1000982766 ns, Reaching safepoint: 113607 ns, At safepoint: 4076 ns, Total: 117683 ns
[2021-08-17T05:37:28.149+0000][6][safepoint    ] Safepoint "Cleanup", Time since last: 1000630476 ns, Reaching safepoint: 129694 ns, At safepoint: 4457 ns, Total: 134151 ns
[2021-08-17T05:37:29.150+0000][6][safepoint    ] Safepoint "Cleanup", Time since last: 1000454342 ns, Reaching safepoint: 128042 ns, At safepoint: 4676 ns, Total: 132718 ns
[2021-08-17T05:37:30.153+0000][6][safepoint    ] Safepoint "Cleanup", Time since last: 1002430509 ns, Reaching safepoint: 129739 ns, At safepoint: 4882 ns, Total: 134621 ns
[2021-08-17T05:37:31.156+0000][6][safepoint    ] Safepoint "Cleanup", Time since last: 1002912969 ns, Reaching safepoint: 190785 ns, At safepoint: 7763 ns, Total: 198548 ns
[2021-08-17T05:37:32.159+0000][6][safepoint    ] Safepoint "Cleanup", Time since last: 1002640921 ns, Reaching safepoint: 183955 ns, At safepoint: 7446 ns, Total: 191401 ns
[2021-08-17T05:37:33.159+0000][6][safepoint    ] Safepoint "Cleanup", Time since last: 1000440111 ns, Reaching safepoint: 160363 ns, At safepoint: 7315 ns, Total: 167678 ns
[2021-08-17T05:37:34.162+0000][6][safepoint    ] Safepoint "Cleanup", Time since last: 1002079133 ns, Reaching safepoint: 282386 ns, At safepoint: 9516 ns, Total: 291902 ns
[2021-08-17T05:37:35.163+0000][6][safepoint    ] Safepoint "Cleanup", Time since last: 1001333899 ns, Reaching safepoint: 141175 ns, At safepoint: 4962 ns, Total: 146137 ns
[2021-08-17T05:37:36.166+0000][6][safepoint    ] Safepoint "Cleanup", Time since last: 1002564161 ns, Reaching safepoint: 154056 ns, At safepoint: 5068 ns, Total: 159124 ns
[2021-08-17T05:37:37.167+0000][6][safepoint    ] Safepoint "Cleanup", Time since last: 1001604432 ns, Reaching safepoint: 135249 ns, At safepoint: 6770 ns, Total: 142019 ns
[2021-08-17T05:37:38.169+0000][6][safepoint    ] Safepoint "Cleanup", Time since last: 1001536599 ns, Reaching safepoint: 193240 ns, At safepoint: 8220 ns, Total: 201460 ns
[2021-08-17T05:37:39.170+0000][6][safepoint    ] Safepoint "Cleanup", Time since last: 1000335992 ns, Reaching safepoint: 201471 ns, At safepoint: 8320 ns, Total: 209791 ns
[2021-08-17T05:37:40.173+0000][6][safepoint    ] Safepoint "Cleanup", Time since last: 1003212558 ns, Reaching safepoint: 197003 ns, At safepoint: 9551 ns, Total: 206554 ns
[2021-08-17T05:37:41.174+0000][6][safepoint    ] Safepoint "Cleanup", Time since last: 1000408455 ns, Reaching safepoint: 216516 ns, At safepoint: 8380 ns, Total: 224896 ns
[2021-08-17T05:37:42.176+0000][6][safepoint    ] Safepoint "Cleanup", Time since last: 1001728125 ns, Reaching safepoint: 137305 ns, At safepoint: 5467 ns, Total: 142772 ns
[2021-08-17T05:37:43.177+0000][6][safepoint    ] Safepoint "Cleanup", Time since last: 1000658995 ns, Reaching safepoint: 197425 ns, At safepoint: 7764 ns, Total: 205189 ns
[2021-08-17T05:37:44.178+0000][6][safepoint    ] Safepoint "Cleanup", Time since last: 1001136544 ns, Reaching safepoint: 198746 ns, At safepoint: 4836 ns, Total: 203582 ns
[2021-08-17T05:37:45.179+0000][6][safepoint    ] Safepoint "Cleanup", Time since last: 1000799197 ns, Reaching safepoint: 244839 ns, At safepoint: 6030 ns, Total: 250869 ns
[2021-08-17T05:37:46.180+0000][6][safepoint    ] Safepoint "Cleanup", Time since last: 1001165828 ns, Reaching safepoint: 138677 ns, At safepoint: 5321 ns, Total: 143998 ns
[2021-08-17T05:37:47.181+0000][6][safepoint    ] Safepoint "Cleanup", Time since last: 1000720534 ns, Reaching safepoint: 144803 ns, At safepoint: 4966 ns, Total: 149769 ns
[2021-08-17T05:37:48.183+0000][6][safepoint    ] Safepoint "Cleanup", Time since last: 1002040192 ns, Reaching safepoint: 128098 ns, At safepoint: 4841 ns, Total: 132939 ns
[2021-08-17T05:37:49.185+0000][6][safepoint    ] Safepoint "Cleanup", Time since last: 1001818570 ns, Reaching safepoint: 213796 ns, At safepoint: 8885 ns, Total: 222681 ns
[2021-08-17T05:37:50.186+0000][6][safepoint    ] Safepoint "Cleanup", Time since last: 1000485305 ns, Reaching safepoint: 218978 ns, At safepoint: 9287 ns, Total: 228265 ns
[2021-08-17T05:37:51.189+0000][6][safepoint    ] Safepoint "Cleanup", Time since last: 1003263475 ns, Reaching safepoint: 208773 ns, At safepoint: 7244 ns, Total: 216017 ns
[2021-08-17T05:37:52.193+0000][6][safepoint    ] Safepoint "Cleanup", Time since last: 1002862644 ns, Reaching safepoint: 204403 ns, At safepoint: 8801 ns, Total: 213204 ns
[2021-08-17T05:37:53.193+0000][6][safepoint    ] Safepoint "Cleanup", Time since last: 1000274207 ns, Reaching safepoint: 239648 ns, At safepoint: 7008 ns, Total: 246656 ns
[2021-08-17T05:37:54.196+0000][6][safepoint    ] Safepoint "Cleanup", Time since last: 1002280647 ns, Reaching safepoint: 203577 ns, At safepoint: 9655 ns, Total: 213232 ns
[2021-08-17T05:37:55.197+0000][6][safepoint    ] Safepoint "Cleanup", Time since last: 1001469821 ns, Reaching safepoint: 202117 ns, At safepoint: 7622 ns, Total: 209739 ns
[2021-08-17T05:37:55.439+0000][6][safepoint    ] Safepoint "BulkRevokeBias", Time since last: 240988694 ns, Reaching safepoint: 326545 ns, At safepoint: 262057 ns, Total: 588602 ns
[2021-08-17T05:37:56.511+0000][6][safepoint    ] Safepoint "Cleanup", Time since last: 1071737930 ns, Reaching safepoint: 183755 ns, At safepoint: 4767 ns, Total: 188522 ns
[2021-08-17T05:37:57.513+0000][6][safepoint    ] Safepoint "Cleanup", Time since last: 1001835098 ns, Reaching safepoint: 187830 ns, At safepoint: 7221 ns, Total: 195051 ns
[2021-08-17T05:37:58.513+0000][6][safepoint    ] Safepoint "Cleanup", Time since last: 1000469099 ns, Reaching safepoint: 199476 ns, At safepoint: 8900 ns, Total: 208376 ns
[2021-08-17T05:37:59.518+0000][6][safepoint    ] Safepoint "Cleanup", Time since last: 1003986911 ns, Reaching safepoint: 215015 ns, At safepoint: 7398 ns, Total: 222413 ns
[2021-08-17T05:38:00.129+0000][6][safepoint    ] Safepoint "BulkRevokeBias", Time since last: 611257900 ns, Reaching safepoint: 120611 ns, At safepoint: 217960 ns, Total: 338571 ns
[2021-08-17T05:38:01.132+0000][6][safepoint    ] Safepoint "Cleanup", Time since last: 1002719446 ns, Reaching safepoint: 329360 ns, At safepoint: 37864 ns, Total: 367224 ns
[2021-08-17T05:38:02.137+0000][6][safepoint    ] Safepoint "Cleanup", Time since last: 1003969888 ns, Reaching safepoint: 183916 ns, At safepoint: 10273 ns, Total: 194189 ns
[2021-08-17T05:38:03.137+0000][6][safepoint    ] Safepoint "Cleanup", Time since last: 1000480538 ns, Reaching safepoint: 279523 ns, At safepoint: 8294 ns, Total: 287817 ns
[2021-08-17T05:38:04.140+0000][6][safepoint    ] Safepoint "Cleanup", Time since last: 1002867358 ns, Reaching safepoint: 243134 ns, At safepoint: 63418 ns, Total: 306552 ns
[2021-08-17T05:38:05.141+0000][6][safepoint    ] Safepoint "Cleanup", Time since last: 1000606888 ns, Reaching safepoint: 152705 ns, At safepoint: 6057 ns, Total: 158762 ns
[2021-08-17T05:38:06.145+0000][6][safepoint    ] Safepoint "Cleanup", Time since last: 1003873912 ns, Reaching safepoint: 206316 ns, At safepoint: 37709 ns, Total: 244025 ns
[2021-08-17T05:38:07.148+0000][6][safepoint    ] Safepoint "Cleanup", Time since last: 1002358953 ns, Reaching safepoint: 366112 ns, At safepoint: 9735 ns, Total: 375847 ns
[2021-08-17T05:38:08.152+0000][6][safepoint    ] Safepoint "Cleanup", Time since last: 1003356298 ns, Reaching safepoint: 137137 ns, At safepoint: 9091 ns, Total: 146228 ns
[2021-08-17T05:38:09.153+0000][6][safepoint    ] Safepoint "Cleanup", Time since last: 1001049200 ns, Reaching safepoint: 357954 ns, At safepoint: 10952 ns, Total: 368906 ns
[2021-08-17T05:38:10.155+0000][6][safepoint    ] Safepoint "Cleanup", Time since last: 1001419713 ns, Reaching safepoint: 142047 ns, At safepoint: 7683 ns, Total: 149730 ns
[2021-08-17T05:38:11.158+0000][6][safepoint    ] Safepoint "Cleanup", Time since last: 1002914482 ns, Reaching safepoint: 401032 ns, At safepoint: 43086 ns, Total: 444118 ns
[2021-08-17T05:38:12.163+0000][6][safepoint    ] Safepoint "Cleanup", Time since last: 1004266409 ns, Reaching safepoint: 352378 ns, At safepoint: 10602 ns, Total: 362980 ns
[2021-08-17T05:38:13.166+0000][6][safepoint    ] Safepoint "Cleanup", Time since last: 1002920254 ns, Reaching safepoint: 113168 ns, At safepoint: 6003 ns, Total: 119171 ns
[2021-08-17T05:38:14.168+0000][6][safepoint    ] Safepoint "Cleanup", Time since last: 1001647860 ns, Reaching safepoint: 372647 ns, At safepoint: 13153 ns, Total: 385800 ns
[2021-08-17T05:38:15.171+0000][6][safepoint    ] Safepoint "Cleanup", Time since last: 1002964826 ns, Reaching safepoint: 319522 ns, At safepoint: 13089 ns, Total: 332611 ns
[2021-08-17T05:38:16.171+0000][6][safepoint    ] Safepoint "Cleanup", Time since last: 1000302958 ns, Reaching safepoint: 136356 ns, At safepoint: 6844 ns, Total: 143200 ns
[2021-08-17T05:38:17.174+0000][6][safepoint    ] Safepoint "Cleanup", Time since last: 1002677804 ns, Reaching safepoint: 132056 ns, At safepoint: 6814 ns, Total: 138870 ns
[2021-08-17T05:38:18.175+0000][6][safepoint    ] Safepoint "Cleanup", Time since last: 1000486136 ns, Reaching safepoint: 515290 ns, At safepoint: 10061 ns, Total: 525351 ns
[2021-08-17T05:38:19.177+0000][6][safepoint    ] Safepoint "Cleanup", Time since last: 1001720637 ns, Reaching safepoint: 358177 ns, At safepoint: 13140 ns, Total: 371317 ns
[2021-08-17T05:38:20.179+0000][6][safepoint    ] Safepoint "Cleanup", Time since last: 1002046179 ns, Reaching safepoint: 111726 ns, At safepoint: 10546 ns, Total: 122272 ns
[2021-08-17T05:38:21.183+0000][6][safepoint    ] Safepoint "Cleanup", Time since last: 1003326448 ns, Reaching safepoint: 264100 ns, At safepoint: 14843 ns, Total: 278943 ns
[2021-08-17T05:38:22.185+0000][6][safepoint    ] Safepoint "Cleanup", Time since last: 1001504601 ns, Reaching safepoint: 346188 ns, At safepoint: 8737 ns, Total: 354925 ns
[2021-08-17T05:38:23.188+0000][6][safepoint    ] Safepoint "Cleanup", Time since last: 1002574801 ns, Reaching safepoint: 244163 ns, At safepoint: 5970 ns, Total: 250133 ns
[2021-08-17T05:38:24.191+0000][6][safepoint    ] Safepoint "Cleanup", Time since last: 1002704921 ns, Reaching safepoint: 461300 ns, At safepoint: 9918 ns, Total: 471218 ns
[2021-08-17T05:38:25.194+0000][6][safepoint    ] Safepoint "Cleanup", Time since last: 1002994112 ns, Reaching safepoint: 140151 ns, At safepoint: 18431 ns, Total: 158582 ns
[2021-08-17T05:38:26.195+0000][6][safepoint    ] Safepoint "Cleanup", Time since last: 1001094634 ns, Reaching safepoint: 97901 ns, At safepoint: 4612 ns, Total: 102513 ns
[2021-08-17T05:38:27.200+0000][6][safepoint    ] Safepoint "Cleanup", Time since last: 1003902765 ns, Reaching safepoint: 380453 ns, At safepoint: 9550 ns, Total: 390003 ns
[2021-08-17T05:38:28.203+0000][6][safepoint    ] Safepoint "Cleanup", Time since last: 1003213788 ns, Reaching safepoint: 169452 ns, At safepoint: 11185 ns, Total: 180637 ns
[2021-08-17T05:38:51.254+0000][6][safepoint    ] Safepoint "Cleanup", Time since last: 23050433178 ns, Reaching safepoint: 487830 ns, At safepoint: 11156 ns, Total: 498986 ns
[2021-08-17T05:38:55.545+0000][6][safepoint    ] Safepoint "Cleanup", Time since last: 4290835577 ns, Reaching safepoint: 128883 ns, At safepoint: 35783 ns, Total: 164666 ns
[2021-08-17T05:38:56.621+0000][6][safepoint    ] Safepoint "Cleanup", Time since last: 1075911408 ns, Reaching safepoint: 203364 ns, At safepoint: 7902 ns, Total: 211266 ns
[2021-08-17T05:39:00.273+0000][6][safepoint    ] Safepoint "Cleanup", Time since last: 3651993537 ns, Reaching safepoint: 117410 ns, At safepoint: 6646 ns, Total: 124056 ns
[2021-08-17T05:39:01.297+0000][6][safepoint    ] Safepoint "Cleanup", Time since last: 1023964592 ns, Reaching safepoint: 135648 ns, At safepoint: 9788 ns, Total: 145436 ns
[2021-08-17T05:39:09.316+0000][6][safepoint    ] Safepoint "Cleanup", Time since last: 8018881880 ns, Reaching safepoint: 130426 ns, At safepoint: 7713 ns, Total: 138139 ns
[2021-08-17T05:39:13.328+0000][6][safepoint    ] Safepoint "Cleanup", Time since last: 4011315540 ns, Reaching safepoint: 413197 ns, At safepoint: 11250 ns, Total: 424447 ns
[2021-08-17T05:39:14.329+0000][6][safepoint    ] Safepoint "Cleanup", Time since last: 1000923572 ns, Reaching safepoint: 137255 ns, At safepoint: 7819 ns, Total: 145074 ns
[2021-08-17T05:39:16.334+0000][6][safepoint    ] Safepoint "Cleanup", Time since last: 2004964773 ns, Reaching safepoint: 385622 ns, At safepoint: 11183 ns, Total: 396805 ns
[2021-08-17T05:39:28.359+0000][6][safepoint    ] Safepoint "Cleanup", Time since last: 12024058422 ns, Reaching safepoint: 206855 ns, At safepoint: 7753 ns, Total: 214608 ns
[2021-08-17T05:39:29.361+0000][6][safepoint    ] Safepoint "Cleanup", Time since last: 1002299042 ns, Reaching safepoint: 212240 ns, At safepoint: 7382 ns, Total: 219622 ns
[2021-08-17T05:39:31.363+0000][6][safepoint    ] Safepoint "Cleanup", Time since last: 2001578299 ns, Reaching safepoint: 221768 ns, At safepoint: 10760 ns, Total: 232528 ns
[2021-08-17T05:39:44.384+0000][6][safepoint    ] Safepoint "Cleanup", Time since last: 13020579818 ns, Reaching safepoint: 390012 ns, At safepoint: 6735 ns, Total: 396747 ns
[2021-08-17T05:39:46.389+0000][6][safepoint    ] Safepoint "Cleanup", Time since last: 2004387736 ns, Reaching safepoint: 199852 ns, At safepoint: 9603 ns, Total: 209455 ns
[2021-08-17T05:39:49.393+0000][6][safepoint    ] Safepoint "Cleanup", Time since last: 3004541718 ns, Reaching safepoint: 212267 ns, At safepoint: 8796 ns, Total: 221063 ns
[2021-08-17T05:39:50.396+0000][6][safepoint    ] Safepoint "Cleanup", Time since last: 1002466572 ns, Reaching safepoint: 201715 ns, At safepoint: 19409 ns, Total: 221124 ns
[2021-08-17T05:39:51.397+0000][6][safepoint    ] Safepoint "Cleanup", Time since last: 1000380150 ns, Reaching safepoint: 263822 ns, At safepoint: 30100 ns, Total: 293922 ns
[2021-08-17T05:39:55.656+0000][6][safepoint    ] Safepoint "Cleanup", Time since last: 4258835870 ns, Reaching safepoint: 158905 ns, At safepoint: 7283 ns, Total: 166188 ns
[2021-08-17T05:39:56.722+0000][6][safepoint    ] Safepoint "Cleanup", Time since last: 1066365299 ns, Reaching safepoint: 158152 ns, At safepoint: 5659 ns, Total: 163811 ns
[2021-08-17T05:40:00.436+0000][6][safepoint    ] Safepoint "Cleanup", Time since last: 3713875874 ns, Reaching safepoint: 198907 ns, At safepoint: 7215 ns, Total: 206122 ns
[2021-08-17T05:40:00.440+0000][6][safepoint    ] Safepoint "BulkRevokeBias", Time since last: 3146294 ns, Reaching safepoint: 532261 ns, At safepoint: 334679 ns, Total: 866940 ns
[2021-08-17T05:40:00.449+0000][6][safepoint    ] Safepoint "BulkRevokeBias", Time since last: 8189531 ns, Reaching safepoint: 82346 ns, At safepoint: 180780 ns, Total: 263126 ns
[2021-08-17T05:40:00.454+0000][6][safepoint    ] Safepoint "BulkRevokeBias", Time since last: 4473684 ns, Reaching safepoint: 100185 ns, At safepoint: 179957 ns, Total: 280142 ns
[2021-08-17T05:40:01.456+0000][6][safepoint    ] Safepoint "Cleanup", Time since last: 1001954970 ns, Reaching safepoint: 95327 ns, At safepoint: 5547 ns, Total: 100874 ns
[2021-08-17T05:40:20.070+0000][6][gc,start     ] GC(61) Pause Young (Concurrent Start) (G1 Evacuation Pause)
[2021-08-17T05:40:20.070+0000][6][gc,task      ] GC(61) Using 4 workers of 4 for evacuation
[2021-08-17T05:40:20.070+0000][6][gc,age       ] GC(61) Desired survivor size 14680064 bytes, new threshold 3 (max threshold 15)
[2021-08-17T05:40:20.089+0000][6][gc,age       ] GC(61) Age table with threshold 3 (max threshold 15)
[2021-08-17T05:40:20.089+0000][6][gc,age       ] GC(61) - age   1:    1972088 bytes,    1972088 total
[2021-08-17T05:40:20.089+0000][6][gc,age       ] GC(61) - age   2:    5277800 bytes,    7249888 total
[2021-08-17T05:40:20.089+0000][6][gc,age       ] GC(61) - age   3:    5340128 bytes,   12590016 total
[2021-08-17T05:40:20.089+0000][6][gc,phases    ] GC(61)   Pre Evacuate Collection Set: 1.1ms
[2021-08-17T05:40:20.089+0000][6][gc,phases    ] GC(61)   Merge Heap Roots: 0.5ms
[2021-08-17T05:40:20.089+0000][6][gc,phases    ] GC(61)   Evacuate Collection Set: 15.3ms
[2021-08-17T05:40:20.089+0000][6][gc,phases    ] GC(61)   Post Evacuate Collection Set: 2.1ms
[2021-08-17T05:40:20.089+0000][6][gc,phases    ] GC(61)   Other: 0.2ms
[2021-08-17T05:40:20.089+0000][6][gc,heap      ] GC(61) Eden regions: 200->0(202)
[2021-08-17T05:40:20.089+0000][6][gc,heap      ] GC(61) Survivor regions: 18->14(28)
[2021-08-17T05:40:20.089+0000][6][gc,heap      ] GC(61) Old regions: 100->106
[2021-08-17T05:40:20.089+0000][6][gc,heap      ] GC(61) Archive regions: 2->2
[2021-08-17T05:40:20.089+0000][6][gc,heap      ] GC(61) Humongous regions: 64->64
[2021-08-17T05:40:20.089+0000][6][gc,metaspace ] GC(61) Metaspace: 69773K(74576K)->69773K(74576K) NonClass: 60634K(63444K)->60634K(63444K) Class: 9139K(11132K)->9139K(11132K)
[2021-08-17T05:40:20.089+0000][6][gc           ] GC(61) Pause Young (Concurrent Start) (G1 Evacuation Pause) 380M->182M(537M) 19.205ms
[2021-08-17T05:40:20.089+0000][6][gc,cpu       ] GC(61) User=0.05s Sys=0.00s Real=0.02s
[2021-08-17T05:40:20.089+0000][6][safepoint    ] Safepoint "G1CollectForAllocation", Time since last: 18613693260 ns, Reaching safepoint: 543094 ns, At safepoint: 19342106 ns, Total: 19885200 ns
[2021-08-17T05:40:20.089+0000][6][gc           ] GC(62) Concurrent Cycle
[2021-08-17T05:40:20.089+0000][6][gc,marking   ] GC(62) Concurrent Clear Claimed Marks
[2021-08-17T05:40:20.090+0000][6][gc,marking   ] GC(62) Concurrent Clear Claimed Marks 0.480ms
[2021-08-17T05:40:20.090+0000][6][gc,marking   ] GC(62) Concurrent Scan Root Regions
[2021-08-17T05:40:20.096+0000][6][gc,marking   ] GC(62) Concurrent Scan Root Regions 6.552ms
[2021-08-17T05:40:20.096+0000][6][gc,marking   ] GC(62) Concurrent Mark (1507.281s)
[2021-08-17T05:40:20.096+0000][6][gc,marking   ] GC(62) Concurrent Mark From Roots
[2021-08-17T05:40:20.096+0000][6][gc,task      ] GC(62) Using 1 workers of 1 for marking
[2021-08-17T05:40:20.173+0000][6][gc,marking   ] GC(62) Concurrent Mark From Roots 76.816ms
[2021-08-17T05:40:20.173+0000][6][gc,marking   ] GC(62) Concurrent Preclean
[2021-08-17T05:40:20.174+0000][6][gc,marking   ] GC(62) Concurrent Preclean 0.441ms
[2021-08-17T05:40:20.174+0000][6][gc,marking   ] GC(62) Concurrent Mark (1507.281s, 1507.358s) 77.310ms
[2021-08-17T05:40:20.174+0000][6][gc,start     ] GC(62) Pause Remark
[2021-08-17T05:40:20.195+0000][6][gc           ] GC(62) Pause Remark 183M->122M(417M) 21.007ms
[2021-08-17T05:40:20.195+0000][6][gc,cpu       ] GC(62) User=0.03s Sys=0.01s Real=0.02s
[2021-08-17T05:40:20.195+0000][6][safepoint    ] Safepoint "G1Concurrent", Time since last: 84652612 ns, Reaching safepoint: 152131 ns, At safepoint: 21112937 ns, Total: 21265068 ns
[2021-08-17T05:40:20.195+0000][6][gc,marking   ] GC(62) Concurrent Rebuild Remembered Sets
[2021-08-17T05:40:20.250+0000][6][gc,marking   ] GC(62) Concurrent Rebuild Remembered Sets 54.735ms
[2021-08-17T05:40:20.251+0000][6][gc,start     ] GC(62) Pause Cleanup
[2021-08-17T05:40:20.251+0000][6][gc           ] GC(62) Pause Cleanup 122M->122M(417M) 0.196ms
[2021-08-17T05:40:20.251+0000][6][gc,cpu       ] GC(62) User=0.00s Sys=0.00s Real=0.00s
[2021-08-17T05:40:20.251+0000][6][safepoint    ] Safepoint "G1Concurrent", Time since last: 55073771 ns, Reaching safepoint: 599916 ns, At safepoint: 247957 ns, Total: 847873 ns
[2021-08-17T05:40:20.251+0000][6][gc,marking   ] GC(62) Concurrent Cleanup for Next Mark
[2021-08-17T05:40:20.252+0000][6][gc,marking   ] GC(62) Concurrent Cleanup for Next Mark 0.983ms
[2021-08-17T05:40:20.252+0000][6][gc           ] GC(62) Concurrent Cycle 162.872ms
[2021-08-17T05:40:21.254+0000][6][safepoint    ] Safepoint "Cleanup", Time since last: 1002957179 ns, Reaching safepoint: 324963 ns, At safepoint: 12697 ns, Total: 337660 ns
[2021-08-17T05:40:22.257+0000][6][safepoint    ] Safepoint "Cleanup", Time since last: 1002508781 ns, Reaching safepoint: 280156 ns, At safepoint: 8257 ns, Total: 288413 ns
[2021-08-17T05:40:25.262+0000][6][safepoint    ] Safepoint "Cleanup", Time since last: 3005071532 ns, Reaching safepoint: 219409 ns, At safepoint: 10317 ns, Total: 229726 ns
[2021-08-17T05:40:28.269+0000][6][safepoint    ] Safepoint "Cleanup", Time since last: 3005903628 ns, Reaching safepoint: 193507 ns, At safepoint: 9969 ns, Total: 203476 ns
[2021-08-17T05:40:29.270+0000][6][safepoint    ] Safepoint "Cleanup", Time since last: 1001175183 ns, Reaching safepoint: 139299 ns, At safepoint: 5356 ns, Total: 144655 ns
[2021-08-17T05:40:32.279+0000][6][safepoint    ] Safepoint "Cleanup", Time since last: 3009169264 ns, Reaching safepoint: 167739 ns, At safepoint: 6175 ns, Total: 173914 ns
[2021-08-17T05:40:50.319+0000][6][safepoint    ] Safepoint "Cleanup", Time since last: 18039072039 ns, Reaching safepoint: 251877 ns, At safepoint: 8269 ns, Total: 260146 ns
[2021-08-17T05:40:55.762+0000][6][safepoint    ] Safepoint "Cleanup", Time since last: 5443501006 ns, Reaching safepoint: 217357 ns, At safepoint: 32103 ns, Total: 249460 ns
[2021-08-17T05:40:55.792+0000][6][safepoint    ] Safepoint "BulkRevokeBias", Time since last: 28778536 ns, Reaching safepoint: 426439 ns, At safepoint: 252761 ns, Total: 679200 ns
[2021-08-17T05:40:56.837+0000][6][safepoint    ] Safepoint "Cleanup", Time since last: 1044749966 ns, Reaching safepoint: 211481 ns, At safepoint: 9150 ns, Total: 220631 ns
[2021-08-17T05:40:59.841+0000][6][safepoint    ] Safepoint "Cleanup", Time since last: 3004338896 ns, Reaching safepoint: 239442 ns, At safepoint: 9520 ns, Total: 248962 ns
[2021-08-17T05:41:00.586+0000][6][safepoint    ] Safepoint "BulkRevokeBias", Time since last: 743807357 ns, Reaching safepoint: 359876 ns, At safepoint: 298338 ns, Total: 658214 ns
[2021-08-17T05:41:00.604+0000][6][safepoint    ] Safepoint "BulkRevokeBias", Time since last: 18066023 ns, Reaching safepoint: 434756 ns, At safepoint: 193156 ns, Total: 627912 ns
[2021-08-17T05:41:01.606+0000][6][safepoint    ] Safepoint "Cleanup", Time since last: 1001257007 ns, Reaching safepoint: 147025 ns, At safepoint: 4925 ns, Total: 151950 ns
[2021-08-17T05:41:04.611+0000][6][safepoint    ] Safepoint "Cleanup", Time since last: 3004859096 ns, Reaching safepoint: 351045 ns, At safepoint: 6447 ns, Total: 357492 ns
[2021-08-17T05:41:19.639+0000][6][safepoint    ] Safepoint "Cleanup", Time since last: 15027719447 ns, Reaching safepoint: 158994 ns, At safepoint: 5563 ns, Total: 164557 ns
[2021-08-17T05:41:21.641+0000][6][safepoint    ] Safepoint "Cleanup", Time since last: 2002308411 ns, Reaching safepoint: 186764 ns, At safepoint: 4781 ns, Total: 191545 ns
[2021-08-17T05:41:24.647+0000][6][safepoint    ] Safepoint "Cleanup", Time since last: 3005629557 ns, Reaching safepoint: 83963 ns, At safepoint: 5849 ns, Total: 89812 ns
[2021-08-17T05:41:55.866+0000][6][safepoint    ] Safepoint "Cleanup", Time since last: 31219136511 ns, Reaching safepoint: 132872 ns, At safepoint: 4835 ns, Total: 137707 ns
[2021-08-17T05:41:56.931+0000][6][safepoint    ] Safepoint "Cleanup", Time since last: 1063916652 ns, Reaching safepoint: 154116 ns, At safepoint: 7979 ns, Total: 162095 ns
[2021-08-17T05:42:00.770+0000][6][safepoint    ] Safepoint "Cleanup", Time since last: 3839679470 ns, Reaching safepoint: 224489 ns, At safepoint: 7624 ns, Total: 232113 ns
[2021-08-17T05:42:00.799+0000][6][safepoint    ] Safepoint "BulkRevokeBias", Time since last: 27903811 ns, Reaching safepoint: 126708 ns, At safepoint: 226822 ns, Total: 353530 ns
[2021-08-17T05:42:20.836+0000][6][safepoint    ] Safepoint "Cleanup", Time since last: 20037487256 ns, Reaching safepoint: 199779 ns, At safepoint: 7598 ns, Total: 207377 ns
[2021-08-17T05:42:27.853+0000][6][safepoint    ] Safepoint "Cleanup", Time since last: 7016708852 ns, Reaching safepoint: 157503 ns, At safepoint: 6109 ns, Total: 163612 ns
[2021-08-17T05:42:34.871+0000][6][safepoint    ] Safepoint "Cleanup", Time since last: 7017555233 ns, Reaching safepoint: 227285 ns, At safepoint: 7930 ns, Total: 235215 ns
[2021-08-17T05:42:50.900+0000][6][safepoint    ] Safepoint "Cleanup", Time since last: 16028671948 ns, Reaching safepoint: 137542 ns, At safepoint: 7175 ns, Total: 144717 ns
[2021-08-17T05:42:52.906+0000][6][safepoint    ] Safepoint "Cleanup", Time since last: 2005471567 ns, Reaching safepoint: 201079 ns, At safepoint: 8588 ns, Total: 209667 ns
[2021-08-17T05:42:55.958+0000][6][safepoint    ] Safepoint "Cleanup", Time since last: 3052196032 ns, Reaching safepoint: 123126 ns, At safepoint: 4266 ns, Total: 127392 ns
[2021-08-17T05:42:56.014+0000][6][safepoint    ] Safepoint "BulkRevokeBias", Time since last: 55350993 ns, Reaching safepoint: 511770 ns, At safepoint: 199794 ns, Total: 711564 ns
[2021-08-17T05:42:58.020+0000][6][safepoint    ] Safepoint "Cleanup", Time since last: 2005787001 ns, Reaching safepoint: 320381 ns, At safepoint: 13650 ns, Total: 334031 ns
[2021-08-17T05:43:00.950+0000][6][safepoint    ] Safepoint "Cleanup", Time since last: 2929308004 ns, Reaching safepoint: 232355 ns, At safepoint: 7486 ns, Total: 239841 ns
[2021-08-17T05:43:00.971+0000][6][safepoint    ] Safepoint "BulkRevokeBias", Time since last: 20929373 ns, Reaching safepoint: 115563 ns, At safepoint: 193081 ns, Total: 308644 ns
[2021-08-17T05:43:01.973+0000][6][safepoint    ] Safepoint "Cleanup", Time since last: 1001834508 ns, Reaching safepoint: 114638 ns, At safepoint: 6433 ns, Total: 121071 ns
[2021-08-17T05:43:11.994+0000][6][safepoint    ] Safepoint "Cleanup", Time since last: 10020602747 ns, Reaching safepoint: 267828 ns, At safepoint: 10701 ns, Total: 278529 ns
[2021-08-17T05:43:20.010+0000][6][safepoint    ] Safepoint "Cleanup", Time since last: 8015852821 ns, Reaching safepoint: 156805 ns, At safepoint: 7922 ns, Total: 164727 ns
[2021-08-17T05:43:21.013+0000][6][safepoint    ] Safepoint "Cleanup", Time since last: 1002974479 ns, Reaching safepoint: 122646 ns, At safepoint: 10552 ns, Total: 133198 ns
[2021-08-17T05:43:28.024+0000][6][safepoint    ] Safepoint "Cleanup", Time since last: 7011136191 ns, Reaching safepoint: 377419 ns, At safepoint: 11816 ns, Total: 389235 ns
[2021-08-17T05:43:48.064+0000][6][safepoint    ] Safepoint "Cleanup", Time since last: 20039665454 ns, Reaching safepoint: 145085 ns, At safepoint: 8647 ns, Total: 153732 ns
[2021-08-17T05:43:56.064+0000][6][safepoint    ] Safepoint "Cleanup", Time since last: 7999648161 ns, Reaching safepoint: 285184 ns, At safepoint: 43120 ns, Total: 328304 ns
[2021-08-17T05:43:56.090+0000][6][safepoint    ] Safepoint "BulkRevokeBias", Time since last: 25848452 ns, Reaching safepoint: 126295 ns, At safepoint: 229475 ns, Total: 355770 ns
[2021-08-17T05:43:57.126+0000][6][safepoint    ] Safepoint "Cleanup", Time since last: 1035196130 ns, Reaching safepoint: 225090 ns, At safepoint: 8469 ns, Total: 233559 ns
[2021-08-17T05:44:01.090+0000][6][safepoint    ] Safepoint "Cleanup", Time since last: 3963678908 ns, Reaching safepoint: 262125 ns, At safepoint: 7529 ns, Total: 269654 ns
[2021-08-17T05:44:01.114+0000][6][safepoint    ] Safepoint "BulkRevokeBias", Time since last: 23752924 ns, Reaching safepoint: 113035 ns, At safepoint: 184331 ns, Total: 297366 ns
[2021-08-17T05:44:17.139+0000][6][safepoint    ] Safepoint "Cleanup", Time since last: 16024486954 ns, Reaching safepoint: 212422 ns, At safepoint: 9172 ns, Total: 221594 ns
[2021-08-17T05:44:20.142+0000][6][safepoint    ] Safepoint "Cleanup", Time since last: 3003699631 ns, Reaching safepoint: 90635 ns, At safepoint: 3810 ns, Total: 94445 ns
[2021-08-17T05:44:37.199+0000][6][safepoint    ] Safepoint "Cleanup", Time since last: 17056477145 ns, Reaching safepoint: 158916 ns, At safepoint: 7475 ns, Total: 166391 ns
[2021-08-17T05:44:56.148+0000][6][safepoint    ] Safepoint "Cleanup", Time since last: 18948659835 ns, Reaching safepoint: 107775 ns, At safepoint: 3982 ns, Total: 111757 ns
[2021-08-17T05:44:57.199+0000][6][safepoint    ] Safepoint "Cleanup", Time since last: 1051101927 ns, Reaching safepoint: 271311 ns, At safepoint: 8881 ns, Total: 280192 ns
[2021-08-17T05:44:58.203+0000][6][safepoint    ] Safepoint "Cleanup", Time since last: 1004171245 ns, Reaching safepoint: 137422 ns, At safepoint: 8744 ns, Total: 146166 ns
[2021-08-17T05:45:00.208+0000][6][safepoint    ] Safepoint "Cleanup", Time since last: 2004085262 ns, Reaching safepoint: 224521 ns, At safepoint: 7652 ns, Total: 232173 ns
[2021-08-17T05:45:00.310+0000][6][safepoint    ] Safepoint "BulkRevokeBias", Time since last: 102199203 ns, Reaching safepoint: 143685 ns, At safepoint: 198062 ns, Total: 341747 ns
[2021-08-17T05:45:20.353+0000][6][safepoint    ] Safepoint "Cleanup", Time since last: 20042061422 ns, Reaching safepoint: 333648 ns, At safepoint: 33708 ns, Total: 367356 ns
[2021-08-17T05:45:28.362+0000][6][safepoint    ] Safepoint "Cleanup", Time since last: 8009576031 ns, Reaching safepoint: 158192 ns, At safepoint: 5174 ns, Total: 163366 ns
[2021-08-17T05:45:56.229+0000][6][safepoint    ] Safepoint "Cleanup", Time since last: 27865847268 ns, Reaching safepoint: 186927 ns, At safepoint: 38296 ns, Total: 225223 ns
[2021-08-17T05:45:57.275+0000][6][safepoint    ] Safepoint "Cleanup", Time since last: 1046070395 ns, Reaching safepoint: 168550 ns, At safepoint: 6898 ns, Total: 175448 ns
[2021-08-17T05:45:58.277+0000][6][safepoint    ] Safepoint "Cleanup", Time since last: 1002068972 ns, Reaching safepoint: 189546 ns, At safepoint: 7659 ns, Total: 197205 ns
[2021-08-17T05:46:00.283+0000][6][safepoint    ] Safepoint "Cleanup", Time since last: 2005841792 ns, Reaching safepoint: 223665 ns, At safepoint: 10459 ns, Total: 234124 ns
[2021-08-17T05:46:00.449+0000][6][safepoint    ] Safepoint "BulkRevokeBias", Time since last: 165277155 ns, Reaching safepoint: 538482 ns, At safepoint: 189986 ns, Total: 728468 ns
[2021-08-17T05:46:20.494+0000][6][safepoint    ] Safepoint "Cleanup", Time since last: 20044103853 ns, Reaching safepoint: 484032 ns, At safepoint: 10667 ns, Total: 494699 ns
[2021-08-17T05:46:28.510+0000][6][safepoint    ] Safepoint "Cleanup", Time since last: 8015617321 ns, Reaching safepoint: 193103 ns, At safepoint: 6676 ns, Total: 199779 ns
[2021-08-17T05:46:50.543+0000][6][safepoint    ] Safepoint "Cleanup", Time since last: 22033202038 ns, Reaching safepoint: 157377 ns, At safepoint: 6256 ns, Total: 163633 ns
[2021-08-17T05:46:56.295+0000][6][safepoint    ] Safepoint "Cleanup", Time since last: 5751576584 ns, Reaching safepoint: 106511 ns, At safepoint: 6980 ns, Total: 113491 ns
[2021-08-17T05:46:56.320+0000][6][safepoint    ] Safepoint "BulkRevokeBias", Time since last: 24850758 ns, Reaching safepoint: 460283 ns, At safepoint: 215164 ns, Total: 675447 ns
[2021-08-17T05:46:57.346+0000][6][safepoint    ] Safepoint "Cleanup", Time since last: 1025172921 ns, Reaching safepoint: 219262 ns, At safepoint: 8084 ns, Total: 227346 ns
[2021-08-17T05:47:00.351+0000][6][safepoint    ] Safepoint "Cleanup", Time since last: 3005834225 ns, Reaching safepoint: 129741 ns, At safepoint: 4398 ns, Total: 134139 ns
[2021-08-17T05:47:00.578+0000][6][safepoint    ] Safepoint "BulkRevokeBias", Time since last: 226108211 ns, Reaching safepoint: 124025 ns, At safepoint: 254359 ns, Total: 378384 ns
[2021-08-17T05:47:00.597+0000][6][safepoint    ] Safepoint "BulkRevokeBias", Time since last: 19046392 ns, Reaching safepoint: 196506 ns, At safepoint: 240491 ns, Total: 436997 ns
[2021-08-17T05:47:01.601+0000][6][safepoint    ] Safepoint "Cleanup", Time since last: 1003475965 ns, Reaching safepoint: 184313 ns, At safepoint: 26360 ns, Total: 210673 ns
[2021-08-17T05:47:01.604+0000][6][safepoint    ] Safepoint "BulkRevokeBias", Time since last: 515956 ns, Reaching safepoint: 1837044 ns, At safepoint: 193391 ns, Total: 2030435 ns
[2021-08-17T05:47:02.608+0000][6][safepoint    ] Safepoint "Cleanup", Time since last: 1003747376 ns, Reaching safepoint: 134634 ns, At safepoint: 4862 ns, Total: 139496 ns
[2021-08-17T05:47:20.625+0000][6][safepoint    ] Safepoint "Cleanup", Time since last: 18017237139 ns, Reaching safepoint: 141943 ns, At safepoint: 5119 ns, Total: 147062 ns
[2021-08-17T05:47:29.632+0000][6][safepoint    ] Safepoint "Cleanup", Time since last: 9006604411 ns, Reaching safepoint: 193913 ns, At safepoint: 7850 ns, Total: 201763 ns
[2021-08-17T05:47:32.638+0000][6][safepoint    ] Safepoint "Cleanup", Time since last: 3006170126 ns, Reaching safepoint: 230443 ns, At safepoint: 7742 ns, Total: 238185 ns
[2021-08-17T05:47:51.671+0000][6][safepoint    ] Safepoint "Cleanup", Time since last: 19032552547 ns, Reaching safepoint: 131194 ns, At safepoint: 5040 ns, Total: 136234 ns
[2021-08-17T05:47:56.377+0000][6][safepoint    ] Safepoint "Cleanup", Time since last: 4704783956 ns, Reaching safepoint: 995623 ns, At safepoint: 46381 ns, Total: 1042004 ns
[2021-08-17T05:47:57.434+0000][6][safepoint    ] Safepoint "Cleanup", Time since last: 1057080466 ns, Reaching safepoint: 354929 ns, At safepoint: 9450 ns, Total: 364379 ns
[2021-08-17T05:47:58.438+0000][6][safepoint    ] Safepoint "Cleanup", Time since last: 1003353445 ns, Reaching safepoint: 155574 ns, At safepoint: 7039 ns, Total: 162613 ns
[2021-08-17T05:48:00.441+0000][6][safepoint    ] Safepoint "Cleanup", Time since last: 2002673826 ns, Reaching safepoint: 219968 ns, At safepoint: 8177 ns, Total: 228145 ns
[2021-08-17T05:48:00.710+0000][6][safepoint    ] Safepoint "BulkRevokeBias", Time since last: 269027163 ns, Reaching safepoint: 173973 ns, At safepoint: 329361 ns, Total: 503334 ns
[2021-08-17T05:48:01.735+0000][6][safepoint    ] Safepoint "Cleanup", Time since last: 1024281018 ns, Reaching safepoint: 144079 ns, At safepoint: 8454 ns, Total: 152533 ns
[2021-08-17T05:48:09.751+0000][6][safepoint    ] Safepoint "Cleanup", Time since last: 8016153066 ns, Reaching safepoint: 307504 ns, At safepoint: 37766 ns, Total: 345270 ns
[2021-08-17T05:48:12.756+0000][6][safepoint    ] Safepoint "Cleanup", Time since last: 3004223295 ns, Reaching safepoint: 1079383 ns, At safepoint: 10128 ns, Total: 1089511 ns
[2021-08-17T05:48:22.938+0000][6][safepoint    ] Safepoint "ICBufferFull", Time since last: 10181440828 ns, Reaching safepoint: 282748 ns, At safepoint: 29448 ns, Total: 312196 ns
[2021-08-17T05:48:24.123+0000][6][safepoint    ] Safepoint "Cleanup", Time since last: 1184177705 ns, Reaching safepoint: 320712 ns, At safepoint: 27490 ns, Total: 348202 ns
[2021-08-17T05:48:27.125+0000][6][safepoint    ] Safepoint "Cleanup", Time since last: 3001958238 ns, Reaching safepoint: 147679 ns, At safepoint: 4967 ns, Total: 152646 ns
[2021-08-17T05:48:30.128+0000][6][safepoint    ] Safepoint "Cleanup", Time since last: 3002692528 ns, Reaching safepoint: 134389 ns, At safepoint: 5258 ns, Total: 139647 ns
[2021-08-17T05:48:35.133+0000][6][safepoint    ] Safepoint "Cleanup", Time since last: 5005177570 ns, Reaching safepoint: 149678 ns, At safepoint: 4850 ns, Total: 154528 ns
[2021-08-17T05:48:36.135+0000][6][safepoint    ] Safepoint "Cleanup", Time since last: 1002085443 ns, Reaching safepoint: 198783 ns, At safepoint: 7571 ns, Total: 206354 ns
[2021-08-17T05:48:45.141+0000][6][safepoint    ] Safepoint "Cleanup", Time since last: 9005889098 ns, Reaching safepoint: 136179 ns, At safepoint: 4732 ns, Total: 140911 ns
[2021-08-17T05:48:45.229+0000][6][safepoint    ] Safepoint "BulkRevokeBias", Time since last: 87870474 ns, Reaching safepoint: 100608 ns, At safepoint: 193148 ns, Total: 293756 ns
[2021-08-17T05:48:45.244+0000][6][safepoint    ] Safepoint "BulkRevokeBias", Time since last: 13655624 ns, Reaching safepoint: 441100 ns, At safepoint: 228700 ns, Total: 669800 ns
[2021-08-17T05:48:45.283+0000][6][gc,heap,exit ] Heap
[2021-08-17T05:48:45.283+0000][6][gc,heap,exit ]  garbage-first heap   total 427008K, used 311763K [0x00000000c0000000, 0x0000000100000000)
[2021-08-17T05:48:45.283+0000][6][gc,heap,exit ]   region size 1024K, 199 young (203776K), 14 survivors (14336K)
[2021-08-17T05:48:45.283+0000][6][gc,heap,exit ]  Metaspace       used 71273K, capacity 75753K, committed 75984K, reserved 1114112K
[2021-08-17T05:48:45.283+0000][6][gc,heap,exit ]   class space    used 9265K, capacity 11232K, committed 11260K, reserved 1048576K
