[2020-12-14T01:12:07.828+0000][6][gc,heap] Heap region size: 1M
[2020-12-14T01:12:07.828+0000][6][gc,heap,coops] Heap address: 0x00000000c0000000, size: 1024 MB, Compressed Oops mode: 32-bit
[2020-12-14T01:12:07.855+0000][6][gc           ] Using G1
[2020-12-14T01:12:07.855+0000][6][gc,cds       ] Mark closed archive regions in map: [0x00000000fff00000, 0x00000000fff7eff8]
[2020-12-14T01:12:07.855+0000][6][gc,cds       ] Mark open archive regions in map: [0x00000000ffe00000, 0x00000000ffe51ff8]
[2020-12-14T01:12:07.866+0000][6][gc           ] Periodic GC disabled
[2020-12-14T01:12:08.244+0000][6][gc,start     ] GC(0) Pause Young (Normal) (G1 Evacuation Pause)
[2020-12-14T01:12:08.245+0000][6][gc,task      ] GC(0) Using 6 workers of 10 for evacuation
[2020-12-14T01:12:08.245+0000][6][gc,age       ] GC(0) Desired survivor size 1572864 bytes, new threshold 15 (max threshold 15)
[2020-12-14T01:12:08.247+0000][6][gc,age       ] GC(0) Age table with threshold 15 (max threshold 15)
[2020-12-14T01:12:08.247+0000][6][gc,age       ] GC(0) - age   1:    2783736 bytes,    2783736 total
[2020-12-14T01:12:08.247+0000][6][gc,phases    ] GC(0)   Pre Evacuate Collection Set: 0.1ms
[2020-12-14T01:12:08.247+0000][6][gc,phases    ] GC(0)   Merge Heap Roots: 0.0ms
[2020-12-14T01:12:08.247+0000][6][gc,phases    ] GC(0)   Evacuate Collection Set: 1.3ms
[2020-12-14T01:12:08.247+0000][6][gc,phases    ] GC(0)   Post Evacuate Collection Set: 0.3ms
[2020-12-14T01:12:08.247+0000][6][gc,phases    ] GC(0)   Other: 0.5ms
[2020-12-14T01:12:08.247+0000][6][gc,heap      ] GC(0) Eden regions: 23->0(35)
[2020-12-14T01:12:08.247+0000][6][gc,heap      ] GC(0) Survivor regions: 0->3(3)
[2020-12-14T01:12:08.247+0000][6][gc,heap      ] GC(0) Old regions: 0->0
[2020-12-14T01:12:08.247+0000][6][gc,heap      ] GC(0) Archive regions: 2->2
[2020-12-14T01:12:08.247+0000][6][gc,heap      ] GC(0) Humongous regions: 1->1
[2020-12-14T01:12:08.247+0000][6][gc,metaspace ] GC(0) Metaspace: 6230K(8704K)->6230K(8704K) NonClass: 5525K(7680K)->5525K(7680K) Class: 704K(1024K)->704K(1024K)
[2020-12-14T01:12:08.247+0000][6][gc           ] GC(0) Pause Young (Normal) (G1 Evacuation Pause) 24M->4M(258M) 2.238ms
[2020-12-14T01:12:08.247+0000][6][gc,cpu       ] GC(0) User=0.01s Sys=0.00s Real=0.00s
[2020-12-14T01:12:08.247+0000][6][safepoint    ] Safepoint "G1CollectForAllocation", Time since last: 383544553 ns, Reaching safepoint: 89856 ns, At safepoint: 2301834 ns, Total: 2391690 ns
[2020-12-14T01:12:08.969+0000][6][safepoint    ] Safepoint "ICBufferFull", Time since last: 722461580 ns, Reaching safepoint: 123491 ns, At safepoint: 6958 ns, Total: 130449 ns
[2020-12-14T01:12:09.093+0000][6][gc,start     ] GC(1) Pause Young (Normal) (G1 Evacuation Pause)
[2020-12-14T01:12:09.093+0000][6][gc,task      ] GC(1) Using 6 workers of 10 for evacuation
[2020-12-14T01:12:09.093+0000][6][gc,age       ] GC(1) Desired survivor size 2621440 bytes, new threshold 1 (max threshold 15)
[2020-12-14T01:12:09.097+0000][6][gc,age       ] GC(1) Age table with threshold 1 (max threshold 15)
[2020-12-14T01:12:09.098+0000][6][gc,age       ] GC(1) - age   1:    3296880 bytes,    3296880 total
[2020-12-14T01:12:09.098+0000][6][gc,phases    ] GC(1)   Pre Evacuate Collection Set: 0.1ms
[2020-12-14T01:12:09.098+0000][6][gc,phases    ] GC(1)   Merge Heap Roots: 0.0ms
[2020-12-14T01:12:09.098+0000][6][gc,phases    ] GC(1)   Evacuate Collection Set: 3.3ms
[2020-12-14T01:12:09.098+0000][6][gc,phases    ] GC(1)   Post Evacuate Collection Set: 0.6ms
[2020-12-14T01:12:09.098+0000][6][gc,phases    ] GC(1)   Other: 0.2ms
[2020-12-14T01:12:09.098+0000][6][gc,heap      ] GC(1) Eden regions: 35->0(88)
[2020-12-14T01:12:09.098+0000][6][gc,heap      ] GC(1) Survivor regions: 3->4(5)
[2020-12-14T01:12:09.098+0000][6][gc,heap      ] GC(1) Old regions: 0->3
[2020-12-14T01:12:09.098+0000][6][gc,heap      ] GC(1) Archive regions: 2->2
[2020-12-14T01:12:09.098+0000][6][gc,heap      ] GC(1) Humongous regions: 1->1
[2020-12-14T01:12:09.098+0000][6][gc,metaspace ] GC(1) Metaspace: 13441K(14208K)->13441K(14208K) NonClass: 11796K(12288K)->11796K(12288K) Class: 1645K(1920K)->1645K(1920K)
[2020-12-14T01:12:09.098+0000][6][gc           ] GC(1) Pause Young (Normal) (G1 Evacuation Pause) 39M->7M(258M) 4.362ms
[2020-12-14T01:12:09.098+0000][6][gc,cpu       ] GC(1) User=0.03s Sys=0.00s Real=0.01s
[2020-12-14T01:12:09.098+0000][6][safepoint    ] Safepoint "G1CollectForAllocation", Time since last: 123899090 ns, Reaching safepoint: 74963 ns, At safepoint: 4439990 ns, Total: 4514953 ns
[2020-12-14T01:12:09.471+0000][6][gc,start     ] GC(2) Pause Young (Normal) (G1 Evacuation Pause)
[2020-12-14T01:12:09.471+0000][6][gc,task      ] GC(2) Using 6 workers of 10 for evacuation
[2020-12-14T01:12:09.471+0000][6][gc,age       ] GC(2) Desired survivor size 6291456 bytes, new threshold 15 (max threshold 15)
[2020-12-14T01:12:09.474+0000][6][gc,age       ] GC(2) Age table with threshold 15 (max threshold 15)
[2020-12-14T01:12:09.474+0000][6][gc,age       ] GC(2) - age   1:    4204328 bytes,    4204328 total
[2020-12-14T01:12:09.474+0000][6][gc,age       ] GC(2) - age   2:    1978448 bytes,    6182776 total
[2020-12-14T01:12:09.474+0000][6][gc,phases    ] GC(2)   Pre Evacuate Collection Set: 0.1ms
[2020-12-14T01:12:09.474+0000][6][gc,phases    ] GC(2)   Merge Heap Roots: 0.0ms
[2020-12-14T01:12:09.474+0000][6][gc,phases    ] GC(2)   Evacuate Collection Set: 3.0ms
[2020-12-14T01:12:09.474+0000][6][gc,phases    ] GC(2)   Post Evacuate Collection Set: 0.4ms
[2020-12-14T01:12:09.474+0000][6][gc,phases    ] GC(2)   Other: 0.2ms
[2020-12-14T01:12:09.474+0000][6][gc,heap      ] GC(2) Eden regions: 88->0(146)
[2020-12-14T01:12:09.474+0000][6][gc,heap      ] GC(2) Survivor regions: 4->7(12)
[2020-12-14T01:12:09.474+0000][6][gc,heap      ] GC(2) Old regions: 3->3
[2020-12-14T01:12:09.474+0000][6][gc,heap      ] GC(2) Archive regions: 2->2
[2020-12-14T01:12:09.474+0000][6][gc,heap      ] GC(2) Humongous regions: 2->1
[2020-12-14T01:12:09.475+0000][6][gc,metaspace ] GC(2) Metaspace: 15869K(16640K)->15869K(16640K) NonClass: 13901K(14336K)->13901K(14336K) Class: 1967K(2304K)->1967K(2304K)
[2020-12-14T01:12:09.475+0000][6][gc           ] GC(2) Pause Young (Normal) (G1 Evacuation Pause) 96M->10M(258M) 3.879ms
[2020-12-14T01:12:09.475+0000][6][gc,cpu       ] GC(2) User=0.02s Sys=0.00s Real=0.01s
[2020-12-14T01:12:09.475+0000][6][safepoint    ] Safepoint "G1CollectForAllocation", Time since last: 372646404 ns, Reaching safepoint: 210375 ns, At safepoint: 3962947 ns, Total: 4173322 ns
[2020-12-14T01:12:09.475+0000][6][safepoint    ] Safepoint "BulkRevokeBias", Time since last: 94480 ns, Reaching safepoint: 103996 ns, At safepoint: 85149 ns, Total: 189145 ns
[2020-12-14T01:12:09.476+0000][6][safepoint    ] Safepoint "BulkRevokeBias", Time since last: 690459 ns, Reaching safepoint: 102372 ns, At safepoint: 67478 ns, Total: 169850 ns
[2020-12-14T01:12:09.476+0000][6][safepoint    ] Safepoint "BulkRevokeBias", Time since last: 48754 ns, Reaching safepoint: 32430 ns, At safepoint: 62338 ns, Total: 94768 ns
[2020-12-14T01:12:09.788+0000][6][safepoint    ] Safepoint "ICBufferFull", Time since last: 312179594 ns, Reaching safepoint: 135484 ns, At safepoint: 10068 ns, Total: 145552 ns
[2020-12-14T01:12:09.810+0000][6][gc,start     ] GC(3) Pause Young (Normal) (G1 Evacuation Pause)
[2020-12-14T01:12:09.810+0000][6][gc,task      ] GC(3) Using 6 workers of 10 for evacuation
[2020-12-14T01:12:09.810+0000][6][gc,age       ] GC(3) Desired survivor size 10485760 bytes, new threshold 15 (max threshold 15)
[2020-12-14T01:12:09.814+0000][6][gc,age       ] GC(3) Age table with threshold 15 (max threshold 15)
[2020-12-14T01:12:09.814+0000][6][gc,age       ] GC(3) - age   1:    2643720 bytes,    2643720 total
[2020-12-14T01:12:09.814+0000][6][gc,age       ] GC(3) - age   2:    1929568 bytes,    4573288 total
[2020-12-14T01:12:09.814+0000][6][gc,age       ] GC(3) - age   3:    1978392 bytes,    6551680 total
[2020-12-14T01:12:09.814+0000][6][gc,phases    ] GC(3)   Pre Evacuate Collection Set: 0.1ms
[2020-12-14T01:12:09.814+0000][6][gc,phases    ] GC(3)   Merge Heap Roots: 0.1ms
[2020-12-14T01:12:09.814+0000][6][gc,phases    ] GC(3)   Evacuate Collection Set: 3.1ms
[2020-12-14T01:12:09.814+0000][6][gc,phases    ] GC(3)   Post Evacuate Collection Set: 0.5ms
[2020-12-14T01:12:09.814+0000][6][gc,phases    ] GC(3)   Other: 0.2ms
[2020-12-14T01:12:09.814+0000][6][gc,heap      ] GC(3) Eden regions: 146->0(146)
[2020-12-14T01:12:09.814+0000][6][gc,heap      ] GC(3) Survivor regions: 7->7(20)
[2020-12-14T01:12:09.814+0000][6][gc,heap      ] GC(3) Old regions: 3->3
[2020-12-14T01:12:09.814+0000][6][gc,heap      ] GC(3) Archive regions: 2->2
[2020-12-14T01:12:09.814+0000][6][gc,heap      ] GC(3) Humongous regions: 1->1
[2020-12-14T01:12:09.814+0000][6][gc,metaspace ] GC(3) Metaspace: 16718K(17792K)->16718K(17792K) NonClass: 14668K(15360K)->14668K(15360K) Class: 2050K(2432K)->2050K(2432K)
[2020-12-14T01:12:09.814+0000][6][gc           ] GC(3) Pause Young (Normal) (G1 Evacuation Pause) 156M->11M(258M) 4.096ms
[2020-12-14T01:12:09.814+0000][6][gc,cpu       ] GC(3) User=0.03s Sys=0.00s Real=0.00s
[2020-12-14T01:12:09.814+0000][6][safepoint    ] Safepoint "G1CollectForAllocation", Time since last: 21569394 ns, Reaching safepoint: 46325 ns, At safepoint: 4180462 ns, Total: 4226787 ns
[2020-12-14T01:12:09.814+0000][6][safepoint    ] Safepoint "BulkRevokeBias", Time since last: 114770 ns, Reaching safepoint: 102124 ns, At safepoint: 60750 ns, Total: 162874 ns
[2020-12-14T01:12:10.149+0000][6][gc,start     ] GC(4) Pause Young (Concurrent Start) (Metadata GC Threshold)
[2020-12-14T01:12:10.149+0000][6][gc,task      ] GC(4) Using 6 workers of 10 for evacuation
[2020-12-14T01:12:10.149+0000][6][gc,age       ] GC(4) Desired survivor size 10485760 bytes, new threshold 15 (max threshold 15)
[2020-12-14T01:12:10.154+0000][6][gc,age       ] GC(4) Age table with threshold 15 (max threshold 15)
[2020-12-14T01:12:10.154+0000][6][gc,age       ] GC(4) - age   1:    1422920 bytes,    1422920 total
[2020-12-14T01:12:10.154+0000][6][gc,age       ] GC(4) - age   2:    2247848 bytes,    3670768 total
[2020-12-14T01:12:10.154+0000][6][gc,age       ] GC(4) - age   3:    1919176 bytes,    5589944 total
[2020-12-14T01:12:10.154+0000][6][gc,age       ] GC(4) - age   4:    1976160 bytes,    7566104 total
[2020-12-14T01:12:10.154+0000][6][gc,phases    ] GC(4)   Pre Evacuate Collection Set: 0.1ms
[2020-12-14T01:12:10.154+0000][6][gc,phases    ] GC(4)   Merge Heap Roots: 0.0ms
[2020-12-14T01:12:10.154+0000][6][gc,phases    ] GC(4)   Evacuate Collection Set: 4.1ms
[2020-12-14T01:12:10.154+0000][6][gc,phases    ] GC(4)   Post Evacuate Collection Set: 0.3ms
[2020-12-14T01:12:10.154+0000][6][gc,phases    ] GC(4)   Other: 0.3ms
[2020-12-14T01:12:10.154+0000][6][gc,heap      ] GC(4) Eden regions: 107->0(145)
[2020-12-14T01:12:10.154+0000][6][gc,heap      ] GC(4) Survivor regions: 7->8(20)
[2020-12-14T01:12:10.154+0000][6][gc,heap      ] GC(4) Old regions: 3->3
[2020-12-14T01:12:10.154+0000][6][gc,heap      ] GC(4) Archive regions: 2->2
[2020-12-14T01:12:10.154+0000][6][gc,heap      ] GC(4) Humongous regions: 1->1
[2020-12-14T01:12:10.154+0000][6][gc,metaspace ] GC(4) Metaspace: 20221K(21248K)->20221K(21248K) NonClass: 17787K(18432K)->17787K(18432K) Class: 2434K(2816K)->2434K(2816K)
[2020-12-14T01:12:10.154+0000][6][gc           ] GC(4) Pause Young (Concurrent Start) (Metadata GC Threshold) 117M->12M(258M) 4.920ms
[2020-12-14T01:12:10.154+0000][6][gc,cpu       ] GC(4) User=0.03s Sys=0.00s Real=0.01s
[2020-12-14T01:12:10.154+0000][6][gc           ] GC(5) Concurrent Cycle
[2020-12-14T01:12:10.154+0000][6][gc,marking   ] GC(5) Concurrent Clear Claimed Marks
[2020-12-14T01:12:10.154+0000][6][safepoint    ] Safepoint "CollectForMetadataAllocation", Time since last: 335020827 ns, Reaching safepoint: 122791 ns, At safepoint: 5057086 ns, Total: 5179877 ns
[2020-12-14T01:12:10.154+0000][6][gc,marking   ] GC(5) Concurrent Clear Claimed Marks 0.053ms
[2020-12-14T01:12:10.154+0000][6][gc,marking   ] GC(5) Concurrent Scan Root Regions
[2020-12-14T01:12:10.156+0000][6][safepoint    ] Safepoint "BulkRevokeBias", Time since last: 1123628 ns, Reaching safepoint: 106068 ns, At safepoint: 70736 ns, Total: 176804 ns
[2020-12-14T01:12:10.156+0000][6][safepoint    ] Safepoint "BulkRevokeBias", Time since last: 61179 ns, Reaching safepoint: 99187 ns, At safepoint: 46852 ns, Total: 146039 ns
[2020-12-14T01:12:10.157+0000][6][gc,marking   ] GC(5) Concurrent Scan Root Regions 2.710ms
[2020-12-14T01:12:10.157+0000][6][gc,marking   ] GC(5) Concurrent Mark (2.335s)
[2020-12-14T01:12:10.157+0000][6][gc,marking   ] GC(5) Concurrent Mark From Roots
[2020-12-14T01:12:10.157+0000][6][gc,task      ] GC(5) Using 3 workers of 3 for marking
[2020-12-14T01:12:10.160+0000][6][gc,marking   ] GC(5) Concurrent Mark From Roots 3.089ms
[2020-12-14T01:12:10.160+0000][6][gc,marking   ] GC(5) Concurrent Preclean
[2020-12-14T01:12:10.161+0000][6][gc,marking   ] GC(5) Concurrent Preclean 0.324ms
[2020-12-14T01:12:10.161+0000][6][gc,marking   ] GC(5) Concurrent Mark (2.335s, 2.338s) 3.458ms
[2020-12-14T01:12:10.161+0000][6][gc,start     ] GC(5) Pause Remark
[2020-12-14T01:12:10.163+0000][6][gc           ] GC(5) Pause Remark 12M->12M(256M) 1.806ms
[2020-12-14T01:12:10.163+0000][6][gc,cpu       ] GC(5) User=0.01s Sys=0.00s Real=0.00s
[2020-12-14T01:12:10.163+0000][6][safepoint    ] Safepoint "G1Concurrent", Time since last: 4758709 ns, Reaching safepoint: 111862 ns, At safepoint: 1861342 ns, Total: 1973204 ns
[2020-12-14T01:12:10.163+0000][6][gc,marking   ] GC(5) Concurrent Rebuild Remembered Sets
[2020-12-14T01:12:10.164+0000][6][gc,marking   ] GC(5) Concurrent Rebuild Remembered Sets 1.014ms
[2020-12-14T01:12:10.164+0000][6][gc,start     ] GC(5) Pause Cleanup
[2020-12-14T01:12:10.164+0000][6][gc           ] GC(5) Pause Cleanup 12M->12M(256M) 0.071ms
[2020-12-14T01:12:10.164+0000][6][gc,cpu       ] GC(5) User=0.00s Sys=0.00s Real=0.00s
[2020-12-14T01:12:10.164+0000][6][safepoint    ] Safepoint "G1Concurrent", Time since last: 1070488 ns, Reaching safepoint: 383776 ns, At safepoint: 110292 ns, Total: 494068 ns
[2020-12-14T01:12:10.164+0000][6][gc,marking   ] GC(5) Concurrent Cleanup for Next Mark
[2020-12-14T01:12:10.165+0000][6][gc,marking   ] GC(5) Concurrent Cleanup for Next Mark 0.209ms
[2020-12-14T01:12:10.165+0000][6][gc           ] GC(5) Concurrent Cycle 10.119ms
[2020-12-14T01:12:10.634+0000][6][safepoint    ] Safepoint "ICBufferFull", Time since last: 469728364 ns, Reaching safepoint: 251343 ns, At safepoint: 5529 ns, Total: 256872 ns
[2020-12-14T01:12:11.223+0000][6][gc,start     ] GC(6) Pause Young (Normal) (G1 Evacuation Pause)
[2020-12-14T01:12:11.223+0000][6][gc,task      ] GC(6) Using 6 workers of 10 for evacuation
[2020-12-14T01:12:11.223+0000][6][gc,age       ] GC(6) Desired survivor size 10485760 bytes, new threshold 15 (max threshold 15)
[2020-12-14T01:12:11.236+0000][6][gc,age       ] GC(6) Age table with threshold 15 (max threshold 15)
[2020-12-14T01:12:11.236+0000][6][gc,age       ] GC(6) - age   1:   13393632 bytes,   13393632 total
[2020-12-14T01:12:11.236+0000][6][gc,age       ] GC(6) - age   2:    1382760 bytes,   14776392 total
[2020-12-14T01:12:11.236+0000][6][gc,age       ] GC(6) - age   3:    2245632 bytes,   17022024 total
[2020-12-14T01:12:11.236+0000][6][gc,age       ] GC(6) - age   4:    1914320 bytes,   18936344 total
[2020-12-14T01:12:11.236+0000][6][gc,age       ] GC(6) - age   5:    1945616 bytes,   20881960 total
[2020-12-14T01:12:11.236+0000][6][gc,phases    ] GC(6)   Pre Evacuate Collection Set: 0.1ms
[2020-12-14T01:12:11.236+0000][6][gc,phases    ] GC(6)   Merge Heap Roots: 0.0ms
[2020-12-14T01:12:11.236+0000][6][gc,phases    ] GC(6)   Evacuate Collection Set: 11.8ms
[2020-12-14T01:12:11.236+0000][6][gc,phases    ] GC(6)   Post Evacuate Collection Set: 0.8ms
[2020-12-14T01:12:11.236+0000][6][gc,phases    ] GC(6)   Other: 0.2ms
[2020-12-14T01:12:11.236+0000][6][gc,heap      ] GC(6) Eden regions: 145->0(133)
[2020-12-14T01:12:11.236+0000][6][gc,heap      ] GC(6) Survivor regions: 8->20(20)
[2020-12-14T01:12:11.236+0000][6][gc,heap      ] GC(6) Old regions: 3->9
[2020-12-14T01:12:11.236+0000][6][gc,heap      ] GC(6) Archive regions: 2->2
[2020-12-14T01:12:11.236+0000][6][gc,heap      ] GC(6) Humongous regions: 1->1
[2020-12-14T01:12:11.236+0000][6][gc,metaspace ] GC(6) Metaspace: 24787K(26364K)->24787K(26364K) NonClass: 21700K(22780K)->21700K(22780K) Class: 3086K(3584K)->3086K(3584K)
[2020-12-14T01:12:11.236+0000][6][gc           ] GC(6) Pause Young (Normal) (G1 Evacuation Pause) 157M->29M(256M) 12.976ms
[2020-12-14T01:12:11.236+0000][6][gc,cpu       ] GC(6) User=0.09s Sys=0.01s Real=0.02s
[2020-12-14T01:12:11.236+0000][6][safepoint    ] Safepoint "G1CollectForAllocation", Time since last: 588320996 ns, Reaching safepoint: 154408 ns, At safepoint: 13038036 ns, Total: 13192444 ns
[2020-12-14T01:12:11.684+0000][6][safepoint    ] Safepoint "ICBufferFull", Time since last: 448182379 ns, Reaching safepoint: 219552 ns, At safepoint: 15257 ns, Total: 234809 ns
[2020-12-14T01:12:11.973+0000][6][gc,start     ] GC(7) Pause Young (Concurrent Start) (Metadata GC Threshold)
[2020-12-14T01:12:11.973+0000][6][gc,task      ] GC(7) Using 6 workers of 10 for evacuation
[2020-12-14T01:12:11.973+0000][6][gc,age       ] GC(7) Desired survivor size 10485760 bytes, new threshold 1 (max threshold 15)
[2020-12-14T01:12:11.990+0000][6][gc,age       ] GC(7) Age table with threshold 1 (max threshold 15)
[2020-12-14T01:12:11.990+0000][6][gc,age       ] GC(7) - age   1:   10181136 bytes,   10181136 total
[2020-12-14T01:12:11.990+0000][6][gc,phases    ] GC(7)   Pre Evacuate Collection Set: 0.2ms
[2020-12-14T01:12:11.990+0000][6][gc,phases    ] GC(7)   Merge Heap Roots: 0.2ms
[2020-12-14T01:12:11.990+0000][6][gc,phases    ] GC(7)   Evacuate Collection Set: 15.5ms
[2020-12-14T01:12:11.990+0000][6][gc,phases    ] GC(7)   Post Evacuate Collection Set: 0.7ms
[2020-12-14T01:12:11.990+0000][6][gc,phases    ] GC(7)   Other: 0.2ms
[2020-12-14T01:12:11.990+0000][6][gc,heap      ] GC(7) Eden regions: 99->0(122)
[2020-12-14T01:12:11.990+0000][6][gc,heap      ] GC(7) Survivor regions: 20->11(20)
[2020-12-14T01:12:11.990+0000][6][gc,heap      ] GC(7) Old regions: 9->29
[2020-12-14T01:12:11.990+0000][6][gc,heap      ] GC(7) Archive regions: 2->2
[2020-12-14T01:12:11.990+0000][6][gc,heap      ] GC(7) Humongous regions: 1->1
[2020-12-14T01:12:11.990+0000][6][gc,metaspace ] GC(7) Metaspace: 33768K(36048K)->33768K(36048K) NonClass: 29330K(30672K)->29330K(30672K) Class: 4437K(5376K)->4437K(5376K)
[2020-12-14T01:12:11.990+0000][6][gc           ] GC(7) Pause Young (Concurrent Start) (Metadata GC Threshold) 128M->40M(256M) 16.961ms
[2020-12-14T01:12:11.990+0000][6][gc,cpu       ] GC(7) User=0.09s Sys=0.00s Real=0.02s
[2020-12-14T01:12:11.990+0000][6][gc           ] GC(8) Concurrent Cycle
[2020-12-14T01:12:11.990+0000][6][gc,marking   ] GC(8) Concurrent Clear Claimed Marks
[2020-12-14T01:12:11.990+0000][6][safepoint    ] Safepoint "CollectForMetadataAllocation", Time since last: 288625153 ns, Reaching safepoint: 123677 ns, At safepoint: 17182258 ns, Total: 17305935 ns
[2020-12-14T01:12:11.990+0000][6][gc,marking   ] GC(8) Concurrent Clear Claimed Marks 0.147ms
[2020-12-14T01:12:11.990+0000][6][gc,marking   ] GC(8) Concurrent Scan Root Regions
[2020-12-14T01:12:11.997+0000][6][gc,marking   ] GC(8) Concurrent Scan Root Regions 6.750ms
[2020-12-14T01:12:11.997+0000][6][gc,marking   ] GC(8) Concurrent Mark (4.174s)
[2020-12-14T01:12:11.997+0000][6][gc,marking   ] GC(8) Concurrent Mark From Roots
[2020-12-14T01:12:11.997+0000][6][gc,task      ] GC(8) Using 3 workers of 3 for marking
[2020-12-14T01:12:12.004+0000][6][safepoint    ] Safepoint "CollectForMetadataAllocation", Time since last: 13746770 ns, Reaching safepoint: 93273 ns, At safepoint: 228600 ns, Total: 321873 ns
[2020-12-14T01:12:12.004+0000][6][gc,marking   ] GC(8) Concurrent Mark From Roots 7.423ms
[2020-12-14T01:12:12.004+0000][6][gc,marking   ] GC(8) Concurrent Preclean
[2020-12-14T01:12:12.005+0000][6][gc,marking   ] GC(8) Concurrent Preclean 0.312ms
[2020-12-14T01:12:12.005+0000][6][gc,marking   ] GC(8) Concurrent Mark (4.174s, 4.182s) 7.769ms
[2020-12-14T01:12:12.005+0000][6][gc,start     ] GC(8) Pause Remark
[2020-12-14T01:12:12.007+0000][6][gc           ] GC(8) Pause Remark 42M->42M(256M) 1.534ms
[2020-12-14T01:12:12.007+0000][6][gc,cpu       ] GC(8) User=0.01s Sys=0.00s Real=0.00s
[2020-12-14T01:12:12.007+0000][6][safepoint    ] Safepoint "G1Concurrent", Time since last: 561602 ns, Reaching safepoint: 253388 ns, At safepoint: 1620539 ns, Total: 1873927 ns
[2020-12-14T01:12:12.007+0000][6][gc,marking   ] GC(8) Concurrent Rebuild Remembered Sets
[2020-12-14T01:12:12.018+0000][6][gc,marking   ] GC(8) Concurrent Rebuild Remembered Sets 11.340ms
[2020-12-14T01:12:12.019+0000][6][gc,start     ] GC(8) Pause Cleanup
[2020-12-14T01:12:12.019+0000][6][gc           ] GC(8) Pause Cleanup 42M->42M(256M) 0.150ms
[2020-12-14T01:12:12.019+0000][6][gc,cpu       ] GC(8) User=0.00s Sys=0.00s Real=0.00s
[2020-12-14T01:12:12.019+0000][6][safepoint    ] Safepoint "G1Concurrent", Time since last: 11457738 ns, Reaching safepoint: 572504 ns, At safepoint: 248328 ns, Total: 820832 ns
[2020-12-14T01:12:12.019+0000][6][gc,marking   ] GC(8) Concurrent Cleanup for Next Mark
[2020-12-14T01:12:12.019+0000][6][gc,marking   ] GC(8) Concurrent Cleanup for Next Mark 0.266ms
[2020-12-14T01:12:12.019+0000][6][gc           ] GC(8) Concurrent Cycle 29.246ms
[2020-12-14T01:12:12.656+0000][6][safepoint    ] Safepoint "ICBufferFull", Time since last: 636031135 ns, Reaching safepoint: 891449 ns, At safepoint: 8920 ns, Total: 900369 ns
[2020-12-14T01:12:12.967+0000][6][safepoint    ] Safepoint "BulkRevokeBias", Time since last: 310361060 ns, Reaching safepoint: 367400 ns, At safepoint: 51150 ns, Total: 418550 ns
[2020-12-14T01:12:12.971+0000][6][safepoint    ] Safepoint "BulkRevokeBias", Time since last: 3788459 ns, Reaching safepoint: 120409 ns, At safepoint: 112931 ns, Total: 233340 ns
[2020-12-14T01:12:13.874+0000][6][safepoint    ] Safepoint "BulkRevokeBias", Time since last: 902800737 ns, Reaching safepoint: 346368 ns, At safepoint: 109967 ns, Total: 456335 ns
[2020-12-14T01:12:14.244+0000][6][gc,start     ] GC(9) Pause Young (Concurrent Start) (G1 Evacuation Pause)
[2020-12-14T01:12:14.245+0000][6][gc,task      ] GC(9) Using 6 workers of 10 for evacuation
[2020-12-14T01:12:14.245+0000][6][gc,age       ] GC(9) Desired survivor size 8912896 bytes, new threshold 1 (max threshold 15)
[2020-12-14T01:12:14.262+0000][6][gc,age       ] GC(9) Age table with threshold 1 (max threshold 15)
[2020-12-14T01:12:14.262+0000][6][gc,age       ] GC(9) - age   1:    7322432 bytes,    7322432 total
[2020-12-14T01:12:14.262+0000][6][gc,phases    ] GC(9)   Pre Evacuate Collection Set: 0.6ms
[2020-12-14T01:12:14.262+0000][6][gc,phases    ] GC(9)   Merge Heap Roots: 0.1ms
[2020-12-14T01:12:14.262+0000][6][gc,phases    ] GC(9)   Evacuate Collection Set: 15.3ms
[2020-12-14T01:12:14.262+0000][6][gc,phases    ] GC(9)   Post Evacuate Collection Set: 1.4ms
[2020-12-14T01:12:14.262+0000][6][gc,phases    ] GC(9)   Other: 0.4ms
[2020-12-14T01:12:14.262+0000][6][gc,heap      ] GC(9) Eden regions: 122->0(116)
[2020-12-14T01:12:14.262+0000][6][gc,heap      ] GC(9) Survivor regions: 11->8(17)
[2020-12-14T01:12:14.262+0000][6][gc,heap      ] GC(9) Old regions: 29->39
[2020-12-14T01:12:14.262+0000][6][gc,heap      ] GC(9) Archive regions: 2->2
[2020-12-14T01:12:14.262+0000][6][gc,heap      ] GC(9) Humongous regions: 1->1
[2020-12-14T01:12:14.262+0000][6][gc,metaspace ] GC(9) Metaspace: 56799K(60752K)->56799K(60752K) NonClass: 49245K(51408K)->49245K(51408K) Class: 7553K(9344K)->7553K(9344K)
[2020-12-14T01:12:14.262+0000][6][gc           ] GC(9) Pause Young (Concurrent Start) (G1 Evacuation Pause) 162M->48M(256M) 17.957ms
[2020-12-14T01:12:14.262+0000][6][gc,cpu       ] GC(9) User=0.09s Sys=0.00s Real=0.01s
[2020-12-14T01:12:14.263+0000][6][safepoint    ] Safepoint "G1CollectForAllocation", Time since last: 370282965 ns, Reaching safepoint: 236339 ns, At safepoint: 18097273 ns, Total: 18333612 ns
[2020-12-14T01:12:14.263+0000][6][gc           ] GC(10) Concurrent Cycle
[2020-12-14T01:12:14.263+0000][6][gc,marking   ] GC(10) Concurrent Clear Claimed Marks
[2020-12-14T01:12:14.263+0000][6][gc,marking   ] GC(10) Concurrent Clear Claimed Marks 0.547ms
[2020-12-14T01:12:14.263+0000][6][gc,marking   ] GC(10) Concurrent Scan Root Regions
[2020-12-14T01:12:14.273+0000][6][gc,marking   ] GC(10) Concurrent Scan Root Regions 9.900ms
[2020-12-14T01:12:14.273+0000][6][gc,marking   ] GC(10) Concurrent Mark (6.450s)
[2020-12-14T01:12:14.273+0000][6][gc,marking   ] GC(10) Concurrent Mark From Roots
[2020-12-14T01:12:14.273+0000][6][gc,task      ] GC(10) Using 3 workers of 3 for marking
[2020-12-14T01:12:14.287+0000][6][safepoint    ] Safepoint "CollectForMetadataAllocation", Time since last: 24093700 ns, Reaching safepoint: 158346 ns, At safepoint: 201954 ns, Total: 360300 ns
[2020-12-14T01:12:14.298+0000][6][safepoint    ] Safepoint "BulkRevokeBias", Time since last: 10608093 ns, Reaching safepoint: 233028 ns, At safepoint: 151484 ns, Total: 384512 ns
[2020-12-14T01:12:14.307+0000][6][safepoint    ] Safepoint "BulkRevokeBias", Time since last: 8049793 ns, Reaching safepoint: 207751 ns, At safepoint: 288694 ns, Total: 496445 ns
[2020-12-14T01:12:14.309+0000][6][safepoint    ] Safepoint "CollectForMetadataAllocation", Time since last: 2271992 ns, Reaching safepoint: 190259 ns, At safepoint: 194698 ns, Total: 384957 ns
[2020-12-14T01:12:14.312+0000][6][gc,marking   ] GC(10) Concurrent Mark From Roots 39.123ms
[2020-12-14T01:12:14.312+0000][6][gc,marking   ] GC(10) Concurrent Preclean
[2020-12-14T01:12:14.313+0000][6][gc,marking   ] GC(10) Concurrent Preclean 0.666ms
[2020-12-14T01:12:14.313+0000][6][gc,marking   ] GC(10) Concurrent Mark (6.450s, 6.490s) 39.849ms
[2020-12-14T01:12:14.313+0000][6][gc,start     ] GC(10) Pause Remark
[2020-12-14T01:12:14.316+0000][6][gc           ] GC(10) Pause Remark 55M->55M(256M) 2.486ms
[2020-12-14T01:12:14.316+0000][6][gc,cpu       ] GC(10) User=0.01s Sys=0.00s Real=0.01s
[2020-12-14T01:12:14.316+0000][6][safepoint    ] Safepoint "G1Concurrent", Time since last: 3839958 ns, Reaching safepoint: 111885 ns, At safepoint: 2562730 ns, Total: 2674615 ns
[2020-12-14T01:12:14.316+0000][6][gc,marking   ] GC(10) Concurrent Rebuild Remembered Sets
[2020-12-14T01:12:14.350+0000][6][gc,marking   ] GC(10) Concurrent Rebuild Remembered Sets 33.994ms
[2020-12-14T01:12:14.351+0000][6][gc,start     ] GC(10) Pause Cleanup
[2020-12-14T01:12:14.351+0000][6][gc           ] GC(10) Pause Cleanup 56M->56M(256M) 0.162ms
[2020-12-14T01:12:14.351+0000][6][gc,cpu       ] GC(10) User=0.00s Sys=0.00s Real=0.00s
[2020-12-14T01:12:14.351+0000][6][safepoint    ] Safepoint "G1Concurrent", Time since last: 34124622 ns, Reaching safepoint: 853669 ns, At safepoint: 222116 ns, Total: 1075785 ns
[2020-12-14T01:12:14.351+0000][6][gc,marking   ] GC(10) Concurrent Cleanup for Next Mark
[2020-12-14T01:12:14.351+0000][6][gc,marking   ] GC(10) Concurrent Cleanup for Next Mark 0.296ms
[2020-12-14T01:12:14.351+0000][6][gc           ] GC(10) Concurrent Cycle 88.689ms
[2020-12-14T01:12:15.367+0000][6][safepoint    ] Safepoint "Cleanup", Time since last: 1016255903 ns, Reaching safepoint: 151669 ns, At safepoint: 9089 ns, Total: 160758 ns
[2020-12-14T01:12:15.669+0000][6][gc,start     ] GC(11) Pause Young (Concurrent Start) (G1 Humongous Allocation)
[2020-12-14T01:12:15.669+0000][6][gc,task      ] GC(11) Using 6 workers of 10 for evacuation
[2020-12-14T01:12:15.669+0000][6][gc,age       ] GC(11) Desired survivor size 8388608 bytes, new threshold 15 (max threshold 15)
[2020-12-14T01:12:15.712+0000][6][gc,age       ] GC(11) Age table with threshold 15 (max threshold 15)
[2020-12-14T01:12:15.712+0000][6][gc,age       ] GC(11) - age   1:   10455840 bytes,   10455840 total
[2020-12-14T01:12:15.712+0000][6][gc,age       ] GC(11) - age   2:    6317304 bytes,   16773144 total
[2020-12-14T01:12:15.712+0000][6][gc,phases    ] GC(11)   Pre Evacuate Collection Set: 0.4ms
[2020-12-14T01:12:15.712+0000][6][gc,phases    ] GC(11)   Merge Heap Roots: 0.1ms
[2020-12-14T01:12:15.712+0000][6][gc,phases    ] GC(11)   Evacuate Collection Set: 41.9ms
[2020-12-14T01:12:15.712+0000][6][gc,phases    ] GC(11)   Post Evacuate Collection Set: 0.6ms
[2020-12-14T01:12:15.712+0000][6][gc,phases    ] GC(11)   Other: 0.2ms
[2020-12-14T01:12:15.712+0000][6][gc,heap      ] GC(11) Eden regions: 98->0(32)
[2020-12-14T01:12:15.712+0000][6][gc,heap      ] GC(11) Survivor regions: 8->16(16)
[2020-12-14T01:12:15.712+0000][6][gc,heap      ] GC(11) Old regions: 39->78
[2020-12-14T01:12:15.712+0000][6][gc,heap      ] GC(11) Archive regions: 2->2
[2020-12-14T01:12:15.712+0000][6][gc,heap      ] GC(11) Humongous regions: 36->36
[2020-12-14T01:12:15.712+0000][6][gc,metaspace ] GC(11) Metaspace: 59878K(63880K)->59878K(63880K) NonClass: 51907K(54152K)->51907K(54152K) Class: 7971K(9728K)->7971K(9728K)
[2020-12-14T01:12:15.712+0000][6][gc           ] GC(11) Pause Young (Concurrent Start) (G1 Humongous Allocation) 180M->130M(256M) 43.250ms
[2020-12-14T01:12:15.712+0000][6][gc,cpu       ] GC(11) User=0.25s Sys=0.01s Real=0.04s
[2020-12-14T01:12:15.712+0000][6][gc           ] GC(12) Concurrent Cycle
[2020-12-14T01:12:15.712+0000][6][safepoint    ] Safepoint "G1TryInitiateConcMark", Time since last: 301478442 ns, Reaching safepoint: 112635 ns, At safepoint: 43323208 ns, Total: 43435843 ns
[2020-12-14T01:12:15.712+0000][6][gc,marking   ] GC(12) Concurrent Clear Claimed Marks
[2020-12-14T01:12:15.713+0000][6][gc,marking   ] GC(12) Concurrent Clear Claimed Marks 0.358ms
[2020-12-14T01:12:15.713+0000][6][gc,marking   ] GC(12) Concurrent Scan Root Regions
[2020-12-14T01:12:15.721+0000][6][gc,marking   ] GC(12) Concurrent Scan Root Regions 8.479ms
[2020-12-14T01:12:15.721+0000][6][gc,marking   ] GC(12) Concurrent Mark (7.898s)
[2020-12-14T01:12:15.721+0000][6][gc,marking   ] GC(12) Concurrent Mark From Roots
[2020-12-14T01:12:15.721+0000][6][gc,task      ] GC(12) Using 3 workers of 3 for marking
[2020-12-14T01:12:15.749+0000][6][gc,marking   ] GC(12) Concurrent Mark From Roots 27.837ms
[2020-12-14T01:12:15.749+0000][6][gc,marking   ] GC(12) Concurrent Preclean
[2020-12-14T01:12:15.750+0000][6][gc,marking   ] GC(12) Concurrent Preclean 0.527ms
[2020-12-14T01:12:15.750+0000][6][gc,marking   ] GC(12) Concurrent Mark (7.898s, 7.927s) 28.428ms
[2020-12-14T01:12:15.750+0000][6][gc,start     ] GC(12) Pause Remark
[2020-12-14T01:12:15.752+0000][6][gc           ] GC(12) Pause Remark 151M->140M(256M) 2.505ms
[2020-12-14T01:12:15.752+0000][6][gc,cpu       ] GC(12) User=0.01s Sys=0.00s Real=0.00s
[2020-12-14T01:12:15.752+0000][6][safepoint    ] Safepoint "G1Concurrent", Time since last: 37397282 ns, Reaching safepoint: 134356 ns, At safepoint: 2554968 ns, Total: 2689324 ns
[2020-12-14T01:12:15.752+0000][6][gc,marking   ] GC(12) Concurrent Rebuild Remembered Sets
[2020-12-14T01:12:15.786+0000][6][gc,marking   ] GC(12) Concurrent Rebuild Remembered Sets 33.221ms
[2020-12-14T01:12:15.786+0000][6][gc,start     ] GC(12) Pause Cleanup
[2020-12-14T01:12:15.786+0000][6][gc           ] GC(12) Pause Cleanup 173M->173M(256M) 0.135ms
[2020-12-14T01:12:15.786+0000][6][gc,cpu       ] GC(12) User=0.00s Sys=0.00s Real=0.00s
[2020-12-14T01:12:15.786+0000][6][safepoint    ] Safepoint "G1Concurrent", Time since last: 33306267 ns, Reaching safepoint: 498052 ns, At safepoint: 177581 ns, Total: 675633 ns
[2020-12-14T01:12:15.786+0000][6][gc,marking   ] GC(12) Concurrent Cleanup for Next Mark
[2020-12-14T01:12:15.787+0000][6][gc,marking   ] GC(12) Concurrent Cleanup for Next Mark 0.239ms
[2020-12-14T01:12:15.787+0000][6][gc           ] GC(12) Concurrent Cycle 74.346ms
[2020-12-14T01:12:15.800+0000][6][gc,start     ] GC(13) Pause Young (Normal) (G1 Evacuation Pause)
[2020-12-14T01:12:15.800+0000][6][gc,task      ] GC(13) Using 6 workers of 10 for evacuation
[2020-12-14T01:12:15.800+0000][6][gc,age       ] GC(13) Desired survivor size 3145728 bytes, new threshold 1 (max threshold 15)
[2020-12-14T01:12:15.809+0000][6][gc,age       ] GC(13) Age table with threshold 1 (max threshold 15)
[2020-12-14T01:12:15.809+0000][6][gc,age       ] GC(13) - age   1:    2052584 bytes,    2052584 total
[2020-12-14T01:12:15.809+0000][6][gc,phases    ] GC(13)   Pre Evacuate Collection Set: 0.1ms
[2020-12-14T01:12:15.809+0000][6][gc,phases    ] GC(13)   Merge Heap Roots: 0.1ms
[2020-12-14T01:12:15.809+0000][6][gc,phases    ] GC(13)   Evacuate Collection Set: 9.0ms
[2020-12-14T01:12:15.809+0000][6][gc,phases    ] GC(13)   Post Evacuate Collection Set: 0.4ms
[2020-12-14T01:12:15.809+0000][6][gc,phases    ] GC(13)   Other: 0.2ms
[2020-12-14T01:12:15.809+0000][6][gc,heap      ] GC(13) Eden regions: 32->0(27)
[2020-12-14T01:12:15.809+0000][6][gc,heap      ] GC(13) Survivor regions: 16->4(6)
[2020-12-14T01:12:15.809+0000][6][gc,heap      ] GC(13) Old regions: 78->95
[2020-12-14T01:12:15.809+0000][6][gc,heap      ] GC(13) Archive regions: 2->2
[2020-12-14T01:12:15.809+0000][6][gc,heap      ] GC(13) Humongous regions: 60->44
[2020-12-14T01:12:15.809+0000][6][gc,metaspace ] GC(13) Metaspace: 59894K(63880K)->59894K(63880K) NonClass: 51922K(54152K)->51922K(54152K) Class: 7972K(9728K)->7972K(9728K)
[2020-12-14T01:12:15.809+0000][6][gc           ] GC(13) Pause Young (Normal) (G1 Evacuation Pause) 186M->142M(256M) 9.752ms
[2020-12-14T01:12:15.809+0000][6][gc,cpu       ] GC(13) User=0.06s Sys=0.00s Real=0.01s
[2020-12-14T01:12:15.809+0000][6][safepoint    ] Safepoint "G1CollectForAllocation", Time since last: 13284116 ns, Reaching safepoint: 65838 ns, At safepoint: 9826051 ns, Total: 9891889 ns
[2020-12-14T01:12:15.828+0000][6][gc,start     ] GC(14) Pause Young (Concurrent Start) (G1 Evacuation Pause)
[2020-12-14T01:12:15.828+0000][6][gc,task      ] GC(14) Using 6 workers of 10 for evacuation
[2020-12-14T01:12:15.828+0000][6][gc,age       ] GC(14) Desired survivor size 2097152 bytes, new threshold 15 (max threshold 15)
[2020-12-14T01:12:15.832+0000][6][gc,age       ] GC(14) Age table with threshold 15 (max threshold 15)
[2020-12-14T01:12:15.832+0000][6][gc,age       ] GC(14) - age   1:    1853896 bytes,    1853896 total
[2020-12-14T01:12:15.832+0000][6][gc,age       ] GC(14) - age   2:    1862432 bytes,    3716328 total
[2020-12-14T01:12:15.832+0000][6][gc,phases    ] GC(14)   Pre Evacuate Collection Set: 0.4ms
[2020-12-14T01:12:15.832+0000][6][gc,phases    ] GC(14)   Merge Heap Roots: 0.0ms
[2020-12-14T01:12:15.832+0000][6][gc,phases    ] GC(14)   Evacuate Collection Set: 2.8ms
[2020-12-14T01:12:15.832+0000][6][gc,phases    ] GC(14)   Post Evacuate Collection Set: 0.2ms
[2020-12-14T01:12:15.832+0000][6][gc,phases    ] GC(14)   Other: 0.2ms
[2020-12-14T01:12:15.832+0000][6][gc,heap      ] GC(14) Eden regions: 27->0(30)
[2020-12-14T01:12:15.832+0000][6][gc,heap      ] GC(14) Survivor regions: 4->4(4)
[2020-12-14T01:12:15.832+0000][6][gc,heap      ] GC(14) Old regions: 95->95
[2020-12-14T01:12:15.832+0000][6][gc,heap      ] GC(14) Archive regions: 2->2
[2020-12-14T01:12:15.832+0000][6][gc,heap      ] GC(14) Humongous regions: 44->44
[2020-12-14T01:12:15.832+0000][6][gc,metaspace ] GC(14) Metaspace: 59899K(63880K)->59899K(63880K) NonClass: 51927K(54152K)->51927K(54152K) Class: 7972K(9728K)->7972K(9728K)
[2020-12-14T01:12:15.832+0000][6][gc           ] GC(14) Pause Young (Concurrent Start) (G1 Evacuation Pause) 169M->143M(256M) 3.679ms
[2020-12-14T01:12:15.832+0000][6][gc,cpu       ] GC(14) User=0.02s Sys=0.00s Real=0.00s
[2020-12-14T01:12:15.832+0000][6][safepoint    ] Safepoint "G1CollectForAllocation", Time since last: 18772567 ns, Reaching safepoint: 50797 ns, At safepoint: 3753550 ns, Total: 3804347 ns
[2020-12-14T01:12:15.832+0000][6][gc           ] GC(15) Concurrent Cycle
[2020-12-14T01:12:15.832+0000][6][gc,marking   ] GC(15) Concurrent Clear Claimed Marks
[2020-12-14T01:12:15.832+0000][6][gc,marking   ] GC(15) Concurrent Clear Claimed Marks 0.318ms
[2020-12-14T01:12:15.832+0000][6][gc,marking   ] GC(15) Concurrent Scan Root Regions
[2020-12-14T01:12:15.833+0000][6][gc,marking   ] GC(15) Concurrent Scan Root Regions 0.552ms
[2020-12-14T01:12:15.833+0000][6][gc,marking   ] GC(15) Concurrent Mark (8.010s)
[2020-12-14T01:12:15.833+0000][6][gc,marking   ] GC(15) Concurrent Mark From Roots
[2020-12-14T01:12:15.833+0000][6][gc,task      ] GC(15) Using 3 workers of 3 for marking
[2020-12-14T01:12:15.858+0000][6][gc,start     ] GC(16) Pause Young (Normal) (G1 Evacuation Pause)
[2020-12-14T01:12:15.858+0000][6][gc,task      ] GC(16) Using 6 workers of 10 for evacuation
[2020-12-14T01:12:15.858+0000][6][gc,age       ] GC(16) Desired survivor size 2621440 bytes, new threshold 2 (max threshold 15)
[2020-12-14T01:12:15.862+0000][6][gc,age       ] GC(16) Age table with threshold 2 (max threshold 15)
[2020-12-14T01:12:15.862+0000][6][gc,age       ] GC(16) - age   1:    2175200 bytes,    2175200 total
[2020-12-14T01:12:15.862+0000][6][gc,age       ] GC(16) - age   2:    1568896 bytes,    3744096 total
[2020-12-14T01:12:15.863+0000][6][gc,phases    ] GC(16)   Pre Evacuate Collection Set: 0.1ms
[2020-12-14T01:12:15.863+0000][6][gc,phases    ] GC(16)   Merge Heap Roots: 0.0ms
[2020-12-14T01:12:15.863+0000][6][gc,phases    ] GC(16)   Evacuate Collection Set: 4.0ms
[2020-12-14T01:12:15.863+0000][6][gc,phases    ] GC(16)   Post Evacuate Collection Set: 0.2ms
[2020-12-14T01:12:15.863+0000][6][gc,phases    ] GC(16)   Other: 0.2ms
[2020-12-14T01:12:15.863+0000][6][gc,heap      ] GC(16) Eden regions: 30->0(29)
[2020-12-14T01:12:15.863+0000][6][gc,heap      ] GC(16) Survivor regions: 4->4(5)
[2020-12-14T01:12:15.863+0000][6][gc,heap      ] GC(16) Old regions: 95->98
[2020-12-14T01:12:15.863+0000][6][gc,heap      ] GC(16) Archive regions: 2->2
[2020-12-14T01:12:15.863+0000][6][gc,heap      ] GC(16) Humongous regions: 44->44
[2020-12-14T01:12:15.863+0000][6][gc,metaspace ] GC(16) Metaspace: 59899K(63880K)->59899K(63880K) NonClass: 51927K(54152K)->51927K(54152K) Class: 7972K(9728K)->7972K(9728K)
[2020-12-14T01:12:15.863+0000][6][gc           ] GC(16) Pause Young (Normal) (G1 Evacuation Pause) 173M->145M(256M) 4.560ms
[2020-12-14T01:12:15.863+0000][6][gc,cpu       ] GC(16) User=0.03s Sys=0.00s Real=0.00s
[2020-12-14T01:12:15.863+0000][6][safepoint    ] Safepoint "G1CollectForAllocation", Time since last: 25896941 ns, Reaching safepoint: 86575 ns, At safepoint: 4630427 ns, Total: 4717002 ns
[2020-12-14T01:12:15.875+0000][6][gc,marking   ] GC(15) Concurrent Mark From Roots 41.796ms
[2020-12-14T01:12:15.875+0000][6][gc,marking   ] GC(15) Concurrent Preclean
[2020-12-14T01:12:15.875+0000][6][gc,marking   ] GC(15) Concurrent Preclean 0.438ms
[2020-12-14T01:12:15.875+0000][6][gc,marking   ] GC(15) Concurrent Mark (8.010s, 8.053s) 42.302ms
[2020-12-14T01:12:15.875+0000][6][gc,start     ] GC(15) Pause Remark
[2020-12-14T01:12:15.880+0000][6][gc           ] GC(15) Pause Remark 159M->118M(256M) 4.498ms
[2020-12-14T01:12:15.880+0000][6][gc,cpu       ] GC(15) User=0.02s Sys=0.00s Real=0.00s
[2020-12-14T01:12:15.880+0000][6][safepoint    ] Safepoint "G1Concurrent", Time since last: 12647781 ns, Reaching safepoint: 115640 ns, At safepoint: 4566619 ns, Total: 4682259 ns
[2020-12-14T01:12:15.880+0000][6][gc,marking   ] GC(15) Concurrent Rebuild Remembered Sets
[2020-12-14T01:12:15.888+0000][6][gc,start     ] GC(17) Pause Young (Normal) (G1 Evacuation Pause)
[2020-12-14T01:12:15.888+0000][6][gc,task      ] GC(17) Using 6 workers of 10 for evacuation
[2020-12-14T01:12:15.888+0000][6][gc,age       ] GC(17) Desired survivor size 2621440 bytes, new threshold 2 (max threshold 15)
[2020-12-14T01:12:15.893+0000][6][gc,age       ] GC(17) Age table with threshold 2 (max threshold 15)
[2020-12-14T01:12:15.893+0000][6][gc,age       ] GC(17) - age   1:    1763736 bytes,    1763736 total
[2020-12-14T01:12:15.893+0000][6][gc,age       ] GC(17) - age   2:    1748216 bytes,    3511952 total
[2020-12-14T01:12:15.893+0000][6][gc,phases    ] GC(17)   Pre Evacuate Collection Set: 0.1ms
[2020-12-14T01:12:15.893+0000][6][gc,phases    ] GC(17)   Merge Heap Roots: 0.0ms
[2020-12-14T01:12:15.893+0000][6][gc,phases    ] GC(17)   Evacuate Collection Set: 4.3ms
[2020-12-14T01:12:15.893+0000][6][gc,phases    ] GC(17)   Post Evacuate Collection Set: 0.3ms
[2020-12-14T01:12:15.893+0000][6][gc,phases    ] GC(17)   Other: 0.2ms
[2020-12-14T01:12:15.893+0000][6][gc,heap      ] GC(17) Eden regions: 29->0(55)
[2020-12-14T01:12:15.893+0000][6][gc,heap      ] GC(17) Survivor regions: 4->4(5)
[2020-12-14T01:12:15.893+0000][6][gc,heap      ] GC(17) Old regions: 62->64
[2020-12-14T01:12:15.893+0000][6][gc,heap      ] GC(17) Archive regions: 2->2
[2020-12-14T01:12:15.893+0000][6][gc,heap      ] GC(17) Humongous regions: 40->40
[2020-12-14T01:12:15.893+0000][6][gc,metaspace ] GC(17) Metaspace: 59891K(63880K)->59891K(63880K) NonClass: 51923K(54152K)->51923K(54152K) Class: 7968K(9728K)->7968K(9728K)
[2020-12-14T01:12:15.893+0000][6][gc           ] GC(17) Pause Young (Normal) (G1 Evacuation Pause) 134M->107M(256M) 5.002ms
[2020-12-14T01:12:15.893+0000][6][gc,cpu       ] GC(17) User=0.02s Sys=0.00s Real=0.00s
[2020-12-14T01:12:15.893+0000][6][safepoint    ] Safepoint "G1CollectForAllocation", Time since last: 7100662 ns, Reaching safepoint: 740639 ns, At safepoint: 5095494 ns, Total: 5836133 ns
[2020-12-14T01:12:15.912+0000][6][gc,marking   ] GC(15) Concurrent Rebuild Remembered Sets 31.578ms
[2020-12-14T01:12:15.912+0000][6][gc,start     ] GC(15) Pause Cleanup
[2020-12-14T01:12:15.912+0000][6][gc           ] GC(15) Pause Cleanup 133M->133M(256M) 0.155ms
[2020-12-14T01:12:15.912+0000][6][gc,cpu       ] GC(15) User=0.00s Sys=0.00s Real=0.00s
[2020-12-14T01:12:15.912+0000][6][safepoint    ] Safepoint "G1Concurrent", Time since last: 18752085 ns, Reaching safepoint: 104801 ns, At safepoint: 219171 ns, Total: 323972 ns
[2020-12-14T01:12:15.912+0000][6][gc,marking   ] GC(15) Concurrent Cleanup for Next Mark
[2020-12-14T01:12:15.912+0000][6][gc,marking   ] GC(15) Concurrent Cleanup for Next Mark 0.203ms
[2020-12-14T01:12:15.912+0000][6][gc           ] GC(15) Concurrent Cycle 80.192ms
[2020-12-14T01:12:15.925+0000][6][gc,start     ] GC(18) Pause Young (Normal) (G1 Evacuation Pause)
[2020-12-14T01:12:15.925+0000][6][gc,task      ] GC(18) Using 6 workers of 10 for evacuation
[2020-12-14T01:12:15.925+0000][6][gc,age       ] GC(18) Desired survivor size 4194304 bytes, new threshold 15 (max threshold 15)
[2020-12-14T01:12:15.933+0000][6][gc,age       ] GC(18) Age table with threshold 15 (max threshold 15)
[2020-12-14T01:12:15.933+0000][6][gc,age       ] GC(18) - age   1:    3378112 bytes,    3378112 total
[2020-12-14T01:12:15.933+0000][6][gc,age       ] GC(18) - age   2:    1763264 bytes,    5141376 total
[2020-12-14T01:12:15.933+0000][6][gc,age       ] GC(18) - age   3:    1748216 bytes,    6889592 total
[2020-12-14T01:12:15.933+0000][6][gc,phases    ] GC(18)   Pre Evacuate Collection Set: 0.1ms
[2020-12-14T01:12:15.933+0000][6][gc,phases    ] GC(18)   Merge Heap Roots: 0.1ms
[2020-12-14T01:12:15.933+0000][6][gc,phases    ] GC(18)   Evacuate Collection Set: 8.1ms
[2020-12-14T01:12:15.933+0000][6][gc,phases    ] GC(18)   Post Evacuate Collection Set: 0.2ms
[2020-12-14T01:12:15.933+0000][6][gc,phases    ] GC(18)   Other: 0.2ms
[2020-12-14T01:12:15.933+0000][6][gc,heap      ] GC(18) Eden regions: 55->0(55)
[2020-12-14T01:12:15.933+0000][6][gc,heap      ] GC(18) Survivor regions: 4->7(8)
[2020-12-14T01:12:15.933+0000][6][gc,heap      ] GC(18) Old regions: 64->64
[2020-12-14T01:12:15.933+0000][6][gc,heap      ] GC(18) Archive regions: 2->2
[2020-12-14T01:12:15.933+0000][6][gc,heap      ] GC(18) Humongous regions: 41->41
[2020-12-14T01:12:15.933+0000][6][gc,metaspace ] GC(18) Metaspace: 59892K(63880K)->59892K(63880K) NonClass: 51924K(54152K)->51924K(54152K) Class: 7968K(9728K)->7968K(9728K)
[2020-12-14T01:12:15.933+0000][6][gc           ] GC(18) Pause Young (Normal) (G1 Evacuation Pause) 163M->111M(256M) 8.744ms
[2020-12-14T01:12:15.933+0000][6][gc,cpu       ] GC(18) User=0.05s Sys=0.00s Real=0.00s
[2020-12-14T01:12:15.933+0000][6][safepoint    ] Safepoint "G1CollectForAllocation", Time since last: 12593189 ns, Reaching safepoint: 69113 ns, At safepoint: 8820461 ns, Total: 8889574 ns
[2020-12-14T01:12:15.944+0000][6][gc,start     ] GC(19) Pause Young (Concurrent Start) (G1 Humongous Allocation)
[2020-12-14T01:12:15.944+0000][6][gc,task      ] GC(19) Using 6 workers of 10 for evacuation
[2020-12-14T01:12:15.944+0000][6][gc,age       ] GC(19) Desired survivor size 4194304 bytes, new threshold 2 (max threshold 15)
[2020-12-14T01:12:15.951+0000][6][gc,age       ] GC(19) Age table with threshold 2 (max threshold 15)
[2020-12-14T01:12:15.951+0000][6][gc,age       ] GC(19) - age   1:    1509616 bytes,    1509616 total
[2020-12-14T01:12:15.951+0000][6][gc,age       ] GC(19) - age   2:    3378112 bytes,    4887728 total
[2020-12-14T01:12:15.951+0000][6][gc,phases    ] GC(19)   Pre Evacuate Collection Set: 0.3ms
[2020-12-14T01:12:15.951+0000][6][gc,phases    ] GC(19)   Merge Heap Roots: 0.1ms
[2020-12-14T01:12:15.951+0000][6][gc,phases    ] GC(19)   Evacuate Collection Set: 5.7ms
[2020-12-14T01:12:15.951+0000][6][gc,phases    ] GC(19)   Post Evacuate Collection Set: 0.3ms
[2020-12-14T01:12:15.951+0000][6][gc,phases    ] GC(19)   Other: 0.3ms
[2020-12-14T01:12:15.951+0000][6][gc,heap      ] GC(19) Eden regions: 25->0(56)
[2020-12-14T01:12:15.951+0000][6][gc,heap      ] GC(19) Survivor regions: 7->6(8)
[2020-12-14T01:12:15.951+0000][6][gc,heap      ] GC(19) Old regions: 64->67
[2020-12-14T01:12:15.951+0000][6][gc,heap      ] GC(19) Archive regions: 2->2
[2020-12-14T01:12:15.951+0000][6][gc,heap      ] GC(19) Humongous regions: 41->41
[2020-12-14T01:12:15.951+0000][6][gc,metaspace ] GC(19) Metaspace: 59892K(63880K)->59892K(63880K) NonClass: 51924K(54152K)->51924K(54152K) Class: 7968K(9728K)->7968K(9728K)
[2020-12-14T01:12:15.951+0000][6][gc           ] GC(19) Pause Young (Concurrent Start) (G1 Humongous Allocation) 136M->113M(256M) 6.775ms
[2020-12-14T01:12:15.951+0000][6][gc,cpu       ] GC(19) User=0.03s Sys=0.00s Real=0.01s
[2020-12-14T01:12:15.951+0000][6][gc           ] GC(20) Concurrent Cycle
[2020-12-14T01:12:15.951+0000][6][safepoint    ] Safepoint "G1TryInitiateConcMark", Time since last: 10490899 ns, Reaching safepoint: 52144 ns, At safepoint: 6855516 ns, Total: 6907660 ns
[2020-12-14T01:12:15.951+0000][6][gc,marking   ] GC(20) Concurrent Clear Claimed Marks
[2020-12-14T01:12:15.951+0000][6][gc,marking   ] GC(20) Concurrent Clear Claimed Marks 0.347ms
[2020-12-14T01:12:15.951+0000][6][gc,marking   ] GC(20) Concurrent Scan Root Regions
[2020-12-14T01:12:15.953+0000][6][gc,marking   ] GC(20) Concurrent Scan Root Regions 2.163ms
[2020-12-14T01:12:15.953+0000][6][gc,marking   ] GC(20) Concurrent Mark (8.131s)
[2020-12-14T01:12:15.953+0000][6][gc,marking   ] GC(20) Concurrent Mark From Roots
[2020-12-14T01:12:15.953+0000][6][gc,task      ] GC(20) Using 3 workers of 3 for marking
[2020-12-14T01:12:15.985+0000][6][gc,start     ] GC(21) Pause Young (Normal) (G1 Evacuation Pause)
[2020-12-14T01:12:15.985+0000][6][gc,task      ] GC(21) Using 6 workers of 10 for evacuation
[2020-12-14T01:12:15.985+0000][6][gc,age       ] GC(21) Desired survivor size 4194304 bytes, new threshold 2 (max threshold 15)
[2020-12-14T01:12:15.993+0000][6][gc,age       ] GC(21) Age table with threshold 2 (max threshold 15)
[2020-12-14T01:12:15.993+0000][6][gc,age       ] GC(21) - age   1:    3423480 bytes,    3423480 total
[2020-12-14T01:12:15.993+0000][6][gc,age       ] GC(21) - age   2:    1509616 bytes,    4933096 total
[2020-12-14T01:12:15.993+0000][6][gc,phases    ] GC(21)   Pre Evacuate Collection Set: 0.1ms
[2020-12-14T01:12:15.993+0000][6][gc,phases    ] GC(21)   Merge Heap Roots: 0.1ms
[2020-12-14T01:12:15.993+0000][6][gc,phases    ] GC(21)   Evacuate Collection Set: 7.5ms
[2020-12-14T01:12:15.993+0000][6][gc,phases    ] GC(21)   Post Evacuate Collection Set: 0.3ms
[2020-12-14T01:12:15.993+0000][6][gc,phases    ] GC(21)   Other: 0.2ms
[2020-12-14T01:12:15.993+0000][6][gc,heap      ] GC(21) Eden regions: 56->0(54)
[2020-12-14T01:12:15.993+0000][6][gc,heap      ] GC(21) Survivor regions: 6->6(8)
[2020-12-14T01:12:15.993+0000][6][gc,heap      ] GC(21) Old regions: 67->71
[2020-12-14T01:12:15.993+0000][6][gc,heap      ] GC(21) Archive regions: 2->2
[2020-12-14T01:12:15.993+0000][6][gc,heap      ] GC(21) Humongous regions: 43->43
[2020-12-14T01:12:15.993+0000][6][gc,metaspace ] GC(21) Metaspace: 59892K(63880K)->59892K(63880K) NonClass: 51924K(54152K)->51924K(54152K) Class: 7968K(9728K)->7968K(9728K)
[2020-12-14T01:12:15.993+0000][6][gc           ] GC(21) Pause Young (Normal) (G1 Evacuation Pause) 171M->118M(256M) 8.129ms
[2020-12-14T01:12:15.993+0000][6][gc,cpu       ] GC(21) User=0.04s Sys=0.00s Real=0.00s
[2020-12-14T01:12:15.993+0000][6][safepoint    ] Safepoint "G1CollectForAllocation", Time since last: 34162741 ns, Reaching safepoint: 98956 ns, At safepoint: 8199517 ns, Total: 8298473 ns
[2020-12-14T01:12:15.995+0000][6][gc,marking   ] GC(20) Concurrent Mark From Roots 41.083ms
[2020-12-14T01:12:15.995+0000][6][gc,marking   ] GC(20) Concurrent Preclean
[2020-12-14T01:12:15.995+0000][6][gc,marking   ] GC(20) Concurrent Preclean 0.346ms
[2020-12-14T01:12:15.995+0000][6][gc,marking   ] GC(20) Concurrent Mark (8.131s, 8.172s) 41.464ms
[2020-12-14T01:12:15.995+0000][6][gc,start     ] GC(20) Pause Remark
[2020-12-14T01:12:15.998+0000][6][gc           ] GC(20) Pause Remark 120M->119M(256M) 2.590ms
[2020-12-14T01:12:15.998+0000][6][gc,cpu       ] GC(20) User=0.01s Sys=0.00s Real=0.00s
[2020-12-14T01:12:15.998+0000][6][safepoint    ] Safepoint "G1Concurrent", Time since last: 1618823 ns, Reaching safepoint: 116267 ns, At safepoint: 2646427 ns, Total: 2762694 ns
[2020-12-14T01:12:15.998+0000][6][gc,marking   ] GC(20) Concurrent Rebuild Remembered Sets
[2020-12-14T01:12:16.023+0000][6][safepoint    ] Safepoint "BulkRevokeBias", Time since last: 24994146 ns, Reaching safepoint: 418676 ns, At safepoint: 220801 ns, Total: 639477 ns
[2020-12-14T01:12:16.031+0000][6][gc,marking   ] GC(20) Concurrent Rebuild Remembered Sets 33.373ms
[2020-12-14T01:12:16.031+0000][6][gc,start     ] GC(20) Pause Cleanup
[2020-12-14T01:12:16.031+0000][6][gc           ] GC(20) Pause Cleanup 169M->169M(256M) 0.142ms
[2020-12-14T01:12:16.031+0000][6][gc,cpu       ] GC(20) User=0.00s Sys=0.00s Real=0.00s
[2020-12-14T01:12:16.031+0000][6][safepoint    ] Safepoint "G1Concurrent", Time since last: 7823558 ns, Reaching safepoint: 132467 ns, At safepoint: 195152 ns, Total: 327619 ns
[2020-12-14T01:12:16.032+0000][6][gc,marking   ] GC(20) Concurrent Cleanup for Next Mark
[2020-12-14T01:12:16.032+0000][6][gc,marking   ] GC(20) Concurrent Cleanup for Next Mark 0.215ms
[2020-12-14T01:12:16.032+0000][6][gc           ] GC(20) Concurrent Cycle 80.887ms
[2020-12-14T01:12:16.035+0000][6][gc,start     ] GC(22) Pause Young (Prepare Mixed) (G1 Evacuation Pause)
[2020-12-14T01:12:16.035+0000][6][gc,task      ] GC(22) Using 6 workers of 10 for evacuation
[2020-12-14T01:12:16.035+0000][6][gc,age       ] GC(22) Desired survivor size 4194304 bytes, new threshold 2 (max threshold 15)
[2020-12-14T01:12:16.045+0000][6][gc,age       ] GC(22) Age table with threshold 2 (max threshold 15)
[2020-12-14T01:12:16.045+0000][6][gc,age       ] GC(22) - age   1:    3258536 bytes,    3258536 total
[2020-12-14T01:12:16.045+0000][6][gc,age       ] GC(22) - age   2:    3423392 bytes,    6681928 total
[2020-12-14T01:12:16.045+0000][6][gc,phases    ] GC(22)   Pre Evacuate Collection Set: 0.1ms
[2020-12-14T01:12:16.045+0000][6][gc,phases    ] GC(22)   Merge Heap Roots: 0.1ms
[2020-12-14T01:12:16.045+0000][6][gc,phases    ] GC(22)   Evacuate Collection Set: 9.4ms
[2020-12-14T01:12:16.045+0000][6][gc,phases    ] GC(22)   Post Evacuate Collection Set: 0.5ms
[2020-12-14T01:12:16.045+0000][6][gc,phases    ] GC(22)   Other: 0.2ms
[2020-12-14T01:12:16.045+0000][6][gc,heap      ] GC(22) Eden regions: 54->0(5)
[2020-12-14T01:12:16.045+0000][6][gc,heap      ] GC(22) Survivor regions: 6->7(8)
[2020-12-14T01:12:16.045+0000][6][gc,heap      ] GC(22) Old regions: 71->72
[2020-12-14T01:12:16.045+0000][6][gc,heap      ] GC(22) Archive regions: 2->2
[2020-12-14T01:12:16.045+0000][6][gc,heap      ] GC(22) Humongous regions: 45->45
[2020-12-14T01:12:16.045+0000][6][gc,metaspace ] GC(22) Metaspace: 60455K(64520K)->60455K(64520K) NonClass: 52416K(54664K)->52416K(54664K) Class: 8039K(9856K)->8039K(9856K)
[2020-12-14T01:12:16.045+0000][6][gc           ] GC(22) Pause Young (Prepare Mixed) (G1 Evacuation Pause) 174M->123M(256M) 10.191ms
[2020-12-14T01:12:16.045+0000][6][gc,cpu       ] GC(22) User=0.06s Sys=0.00s Real=0.01s
[2020-12-14T01:12:16.045+0000][6][safepoint    ] Safepoint "G1CollectForAllocation", Time since last: 3482725 ns, Reaching safepoint: 140425 ns, At safepoint: 10264853 ns, Total: 10405278 ns
[2020-12-14T01:12:16.049+0000][6][gc,start     ] GC(23) Pause Young (Mixed) (G1 Evacuation Pause)
[2020-12-14T01:12:16.049+0000][6][gc,task      ] GC(23) Using 6 workers of 10 for evacuation
[2020-12-14T01:12:16.049+0000][6][gc,age       ] GC(23) Desired survivor size 1048576 bytes, new threshold 1 (max threshold 15)
[2020-12-14T01:12:16.064+0000][6][gc,age       ] GC(23) Age table with threshold 1 (max threshold 15)
[2020-12-14T01:12:16.064+0000][6][gc,age       ] GC(23) - age   1:     308848 bytes,     308848 total
[2020-12-14T01:12:16.064+0000][6][gc,phases    ] GC(23)   Pre Evacuate Collection Set: 0.1ms
[2020-12-14T01:12:16.064+0000][6][gc,phases    ] GC(23)   Merge Heap Roots: 0.1ms
[2020-12-14T01:12:16.064+0000][6][gc,phases    ] GC(23)   Evacuate Collection Set: 14.2ms
[2020-12-14T01:12:16.064+0000][6][gc,phases    ] GC(23)   Post Evacuate Collection Set: 0.3ms
[2020-12-14T01:12:16.064+0000][6][gc,phases    ] GC(23)   Other: 0.2ms
[2020-12-14T01:12:16.064+0000][6][gc,heap      ] GC(23) Eden regions: 5->0(61)
[2020-12-14T01:12:16.064+0000][6][gc,heap      ] GC(23) Survivor regions: 7->2(2)
[2020-12-14T01:12:16.064+0000][6][gc,heap      ] GC(23) Old regions: 72->65
[2020-12-14T01:12:16.064+0000][6][gc,heap      ] GC(23) Archive regions: 2->2
[2020-12-14T01:12:16.064+0000][6][gc,heap      ] GC(23) Humongous regions: 45->45
[2020-12-14T01:12:16.064+0000][6][gc,metaspace ] GC(23) Metaspace: 60515K(64776K)->60515K(64776K) NonClass: 52469K(54920K)->52469K(54920K) Class: 8046K(9856K)->8046K(9856K)
[2020-12-14T01:12:16.064+0000][6][gc           ] GC(23) Pause Young (Mixed) (G1 Evacuation Pause) 128M->111M(256M) 14.909ms
[2020-12-14T01:12:16.064+0000][6][gc,cpu       ] GC(23) User=0.09s Sys=0.00s Real=0.01s
[2020-12-14T01:12:16.064+0000][6][safepoint    ] Safepoint "G1CollectForAllocation", Time since last: 3428238 ns, Reaching safepoint: 114906 ns, At safepoint: 14976944 ns, Total: 15091850 ns
[2020-12-14T01:12:16.093+0000][6][safepoint    ] Safepoint "G1CollectForAllocation", Time since last: 29366279 ns, Reaching safepoint: 70282 ns, At safepoint: 8835 ns, Total: 79117 ns
[2020-12-14T01:12:16.093+0000][6][gc,start     ] GC(24) Pause Young (Concurrent Start) (GCLocker Initiated GC)
[2020-12-14T01:12:16.093+0000][6][gc,task      ] GC(24) Using 6 workers of 10 for evacuation
[2020-12-14T01:12:16.093+0000][6][gc,age       ] GC(24) Desired survivor size 4194304 bytes, new threshold 15 (max threshold 15)
[2020-12-14T01:12:16.098+0000][6][gc,age       ] GC(24) Age table with threshold 15 (max threshold 15)
[2020-12-14T01:12:16.098+0000][6][gc,age       ] GC(24) - age   1:    3643032 bytes,    3643032 total
[2020-12-14T01:12:16.098+0000][6][gc,age       ] GC(24) - age   2:     291576 bytes,    3934608 total
[2020-12-14T01:12:16.098+0000][6][gc,phases    ] GC(24)   Pre Evacuate Collection Set: 0.3ms
[2020-12-14T01:12:16.098+0000][6][gc,phases    ] GC(24)   Merge Heap Roots: 0.0ms
[2020-12-14T01:12:16.098+0000][6][gc,phases    ] GC(24)   Evacuate Collection Set: 4.1ms
[2020-12-14T01:12:16.098+0000][6][gc,phases    ] GC(24)   Post Evacuate Collection Set: 0.4ms
[2020-12-14T01:12:16.098+0000][6][gc,phases    ] GC(24)   Other: 0.2ms
[2020-12-14T01:12:16.098+0000][6][gc,heap      ] GC(24) Eden regions: 61->0(61)
[2020-12-14T01:12:16.098+0000][6][gc,heap      ] GC(24) Survivor regions: 2->4(8)
[2020-12-14T01:12:16.098+0000][6][gc,heap      ] GC(24) Old regions: 65->65
[2020-12-14T01:12:16.098+0000][6][gc,heap      ] GC(24) Archive regions: 2->2
[2020-12-14T01:12:16.098+0000][6][gc,heap      ] GC(24) Humongous regions: 45->45
[2020-12-14T01:12:16.098+0000][6][gc,metaspace ] GC(24) Metaspace: 61063K(65288K)->61063K(65288K) NonClass: 52951K(55432K)->52951K(55432K) Class: 8112K(9856K)->8112K(9856K)
[2020-12-14T01:12:16.099+0000][6][gc           ] GC(24) Pause Young (Concurrent Start) (GCLocker Initiated GC) 172M->114M(256M) 5.046ms
[2020-12-14T01:12:16.099+0000][6][gc,cpu       ] GC(24) User=0.03s Sys=0.00s Real=0.01s
[2020-12-14T01:12:16.099+0000][6][safepoint    ] Safepoint "G1CollectForAllocation", Time since last: 60035 ns, Reaching safepoint: 32012 ns, At safepoint: 5109272 ns, Total: 5141284 ns
[2020-12-14T01:12:16.099+0000][6][gc           ] GC(25) Concurrent Cycle
[2020-12-14T01:12:16.099+0000][6][gc,marking   ] GC(25) Concurrent Clear Claimed Marks
[2020-12-14T01:12:16.099+0000][6][gc,marking   ] GC(25) Concurrent Clear Claimed Marks 0.293ms
[2020-12-14T01:12:16.099+0000][6][gc,marking   ] GC(25) Concurrent Scan Root Regions
[2020-12-14T01:12:16.101+0000][6][gc,marking   ] GC(25) Concurrent Scan Root Regions 1.636ms
[2020-12-14T01:12:16.101+0000][6][gc,marking   ] GC(25) Concurrent Mark (8.278s)
[2020-12-14T01:12:16.101+0000][6][gc,marking   ] GC(25) Concurrent Mark From Roots
[2020-12-14T01:12:16.101+0000][6][gc,task      ] GC(25) Using 3 workers of 3 for marking
[2020-12-14T01:12:16.131+0000][6][gc,start     ] GC(26) Pause Young (Normal) (G1 Evacuation Pause)
[2020-12-14T01:12:16.131+0000][6][gc,task      ] GC(26) Using 6 workers of 10 for evacuation
[2020-12-14T01:12:16.131+0000][6][gc,age       ] GC(26) Desired survivor size 4718592 bytes, new threshold 15 (max threshold 15)
[2020-12-14T01:12:16.138+0000][6][gc,age       ] GC(26) Age table with threshold 15 (max threshold 15)
[2020-12-14T01:12:16.138+0000][6][gc,age       ] GC(26) - age   1:    3725976 bytes,    3725976 total
[2020-12-14T01:12:16.138+0000][6][gc,age       ] GC(26) - age   2:    3632400 bytes,    7358376 total
[2020-12-14T01:12:16.138+0000][6][gc,age       ] GC(26) - age   3:     291576 bytes,    7649952 total
[2020-12-14T01:12:16.159+0000][6][gc,phases    ] GC(26)   Pre Evacuate Collection Set: 0.1ms
[2020-12-14T01:12:16.159+0000][6][gc,phases    ] GC(26)   Merge Heap Roots: 0.1ms
[2020-12-14T01:12:16.159+0000][6][gc,phases    ] GC(26)   Evacuate Collection Set: 6.0ms
[2020-12-14T01:12:16.159+0000][6][gc,phases    ] GC(26)   Post Evacuate Collection Set: 21.3ms
[2020-12-14T01:12:16.159+0000][6][gc,phases    ] GC(26)   Other: 0.2ms
[2020-12-14T01:12:16.159+0000][6][gc,heap      ] GC(26) Eden regions: 61->0(185)
[2020-12-14T01:12:16.159+0000][6][gc,heap      ] GC(26) Survivor regions: 4->8(9)
[2020-12-14T01:12:16.159+0000][6][gc,heap      ] GC(26) Old regions: 65->65
[2020-12-14T01:12:16.159+0000][6][gc,heap      ] GC(26) Archive regions: 2->2
[2020-12-14T01:12:16.159+0000][6][gc,heap      ] GC(26) Humongous regions: 45->45
[2020-12-14T01:12:16.159+0000][6][gc,metaspace ] GC(26) Metaspace: 61301K(65544K)->61301K(65544K) NonClass: 53156K(55688K)->53156K(55688K) Class: 8144K(9856K)->8144K(9856K)
[2020-12-14T01:12:16.159+0000][6][gc           ] GC(26) Pause Young (Normal) (G1 Evacuation Pause) 175M->118M(450M) 27.856ms
[2020-12-14T01:12:16.159+0000][6][gc,cpu       ] GC(26) User=0.03s Sys=0.02s Real=0.03s
[2020-12-14T01:12:16.159+0000][6][safepoint    ] Safepoint "G1CollectForAllocation", Time since last: 32549664 ns, Reaching safepoint: 119117 ns, At safepoint: 28022709 ns, Total: 28141826 ns
[2020-12-14T01:12:16.181+0000][6][gc,marking   ] GC(25) Concurrent Mark From Roots 80.391ms
[2020-12-14T01:12:16.181+0000][6][gc,marking   ] GC(25) Concurrent Preclean
[2020-12-14T01:12:16.181+0000][6][gc,marking   ] GC(25) Concurrent Preclean 0.417ms
[2020-12-14T01:12:16.181+0000][6][gc,marking   ] GC(25) Concurrent Mark (8.278s, 8.359s) 80.874ms
[2020-12-14T01:12:16.182+0000][6][gc,start     ] GC(25) Pause Remark
[2020-12-14T01:12:16.184+0000][6][gc           ] GC(25) Pause Remark 149M->146M(450M) 2.272ms
[2020-12-14T01:12:16.184+0000][6][gc,cpu       ] GC(25) User=0.01s Sys=0.00s Real=0.01s
[2020-12-14T01:12:16.184+0000][6][safepoint    ] Safepoint "G1Concurrent", Time since last: 22219431 ns, Reaching safepoint: 312026 ns, At safepoint: 2331143 ns, Total: 2643169 ns
[2020-12-14T01:12:16.184+0000][6][gc,marking   ] GC(25) Concurrent Rebuild Remembered Sets
[2020-12-14T01:12:16.206+0000][6][safepoint    ] Safepoint "BulkRevokeBias", Time since last: 21445182 ns, Reaching safepoint: 664858 ns, At safepoint: 183797 ns, Total: 848655 ns
[2020-12-14T01:12:16.219+0000][6][gc,marking   ] GC(25) Concurrent Rebuild Remembered Sets 35.108ms
[2020-12-14T01:12:16.219+0000][6][gc,start     ] GC(25) Pause Cleanup
[2020-12-14T01:12:16.220+0000][6][gc           ] GC(25) Pause Cleanup 222M->222M(450M) 0.128ms
[2020-12-14T01:12:16.220+0000][6][gc,cpu       ] GC(25) User=0.00s Sys=0.00s Real=0.00s
[2020-12-14T01:12:16.220+0000][6][safepoint    ] Safepoint "G1Concurrent", Time since last: 12903815 ns, Reaching safepoint: 120149 ns, At safepoint: 176140 ns, Total: 296289 ns
[2020-12-14T01:12:16.220+0000][6][gc,marking   ] GC(25) Concurrent Cleanup for Next Mark
[2020-12-14T01:12:16.220+0000][6][gc,marking   ] GC(25) Concurrent Cleanup for Next Mark 0.343ms
[2020-12-14T01:12:16.220+0000][6][gc           ] GC(25) Concurrent Cycle 121.424ms
[2020-12-14T01:12:16.259+0000][6][gc,start     ] GC(27) Pause Young (Normal) (G1 Evacuation Pause)
[2020-12-14T01:12:16.259+0000][6][gc,task      ] GC(27) Using 10 workers of 10 for evacuation
[2020-12-14T01:12:16.259+0000][6][gc,age       ] GC(27) Desired survivor size 13107200 bytes, new threshold 15 (max threshold 15)
[2020-12-14T01:12:16.271+0000][6][gc,age       ] GC(27) Age table with threshold 15 (max threshold 15)
[2020-12-14T01:12:16.271+0000][6][gc,age       ] GC(27) - age   1:   11858160 bytes,   11858160 total
[2020-12-14T01:12:16.271+0000][6][gc,age       ] GC(27) - age   2:    3721496 bytes,   15579656 total
[2020-12-14T01:12:16.271+0000][6][gc,age       ] GC(27) - age   3:    3631448 bytes,   19211104 total
[2020-12-14T01:12:16.271+0000][6][gc,age       ] GC(27) - age   4:     291576 bytes,   19502680 total
[2020-12-14T01:12:16.271+0000][6][gc,phases    ] GC(27)   Pre Evacuate Collection Set: 0.1ms
[2020-12-14T01:12:16.271+0000][6][gc,phases    ] GC(27)   Merge Heap Roots: 0.1ms
[2020-12-14T01:12:16.271+0000][6][gc,phases    ] GC(27)   Evacuate Collection Set: 11.5ms
[2020-12-14T01:12:16.271+0000][6][gc,phases    ] GC(27)   Post Evacuate Collection Set: 0.5ms
[2020-12-14T01:12:16.271+0000][6][gc,phases    ] GC(27)   Other: 0.6ms
[2020-12-14T01:12:16.271+0000][6][gc,heap      ] GC(27) Eden regions: 185->0(171)
[2020-12-14T01:12:16.271+0000][6][gc,heap      ] GC(27) Survivor regions: 8->20(25)
[2020-12-14T01:12:16.272+0000][6][gc,heap      ] GC(27) Old regions: 65->65
[2020-12-14T01:12:16.272+0000][6][gc,heap      ] GC(27) Archive regions: 2->2
[2020-12-14T01:12:16.272+0000][6][gc,heap      ] GC(27) Humongous regions: 46->46
[2020-12-14T01:12:16.272+0000][6][gc,metaspace ] GC(27) Metaspace: 61772K(65928K)->61772K(65928K) NonClass: 53545K(55944K)->53545K(55944K) Class: 8226K(9984K)->8226K(9984K)
[2020-12-14T01:12:16.272+0000][6][gc           ] GC(27) Pause Young (Normal) (G1 Evacuation Pause) 304M->131M(450M) 12.863ms
[2020-12-14T01:12:16.272+0000][6][gc,cpu       ] GC(27) User=0.10s Sys=0.00s Real=0.01s
[2020-12-14T01:12:16.272+0000][6][safepoint    ] Safepoint "G1CollectForAllocation", Time since last: 38985078 ns, Reaching safepoint: 66525 ns, At safepoint: 12931840 ns, Total: 12998365 ns
[2020-12-14T01:12:16.364+0000][6][gc,start     ] GC(28) Pause Young (Normal) (G1 Evacuation Pause)
[2020-12-14T01:12:16.364+0000][6][gc,task      ] GC(28) Using 10 workers of 10 for evacuation
[2020-12-14T01:12:16.364+0000][6][gc,age       ] GC(28) Desired survivor size 12582912 bytes, new threshold 2 (max threshold 15)
[2020-12-14T01:12:16.386+0000][6][gc,age       ] GC(28) Age table with threshold 2 (max threshold 15)
[2020-12-14T01:12:16.386+0000][6][gc,age       ] GC(28) - age   1:    9359376 bytes,    9359376 total
[2020-12-14T01:12:16.386+0000][6][gc,age       ] GC(28) - age   2:   11849784 bytes,   21209160 total
[2020-12-14T01:12:16.387+0000][6][gc,phases    ] GC(28)   Pre Evacuate Collection Set: 0.1ms
[2020-12-14T01:12:16.387+0000][6][gc,phases    ] GC(28)   Merge Heap Roots: 0.1ms
[2020-12-14T01:12:16.387+0000][6][gc,phases    ] GC(28)   Evacuate Collection Set: 21.8ms
[2020-12-14T01:12:16.387+0000][6][gc,phases    ] GC(28)   Post Evacuate Collection Set: 0.5ms
[2020-12-14T01:12:16.387+0000][6][gc,phases    ] GC(28)   Other: 0.2ms
[2020-12-14T01:12:16.387+0000][6][gc,heap      ] GC(28) Eden regions: 171->0(160)
[2020-12-14T01:12:16.387+0000][6][gc,heap      ] GC(28) Survivor regions: 20->23(24)
[2020-12-14T01:12:16.387+0000][6][gc,heap      ] GC(28) Old regions: 65->73
[2020-12-14T01:12:16.387+0000][6][gc,heap      ] GC(28) Archive regions: 2->2
[2020-12-14T01:12:16.387+0000][6][gc,heap      ] GC(28) Humongous regions: 51->51
[2020-12-14T01:12:16.387+0000][6][gc,metaspace ] GC(28) Metaspace: 61782K(65928K)->61782K(65928K) NonClass: 53554K(55944K)->53554K(55944K) Class: 8227K(9984K)->8227K(9984K)
[2020-12-14T01:12:16.387+0000][6][gc           ] GC(28) Pause Young (Normal) (G1 Evacuation Pause) 307M->146M(450M) 22.806ms
[2020-12-14T01:12:16.387+0000][6][gc,cpu       ] GC(28) User=0.16s Sys=0.00s Real=0.03s
[2020-12-14T01:12:16.387+0000][6][safepoint    ] Safepoint "G1CollectForAllocation", Time since last: 92143361 ns, Reaching safepoint: 72244 ns, At safepoint: 22883748 ns, Total: 22955992 ns
[2020-12-14T01:12:16.471+0000][6][gc,start     ] GC(29) Pause Young (Normal) (G1 Evacuation Pause)
[2020-12-14T01:12:16.471+0000][6][gc,task      ] GC(29) Using 10 workers of 10 for evacuation
[2020-12-14T01:12:16.472+0000][6][gc,age       ] GC(29) Desired survivor size 12058624 bytes, new threshold 2 (max threshold 15)
[2020-12-14T01:12:16.485+0000][6][gc,age       ] GC(29) Age table with threshold 2 (max threshold 15)
[2020-12-14T01:12:16.485+0000][6][gc,age       ] GC(29) - age   1:       1008 bytes,       1008 total
[2020-12-14T01:12:16.485+0000][6][gc,age       ] GC(29) - age   2:    9358864 bytes,    9359872 total
[2020-12-14T01:12:16.485+0000][6][gc,phases    ] GC(29)   Pre Evacuate Collection Set: 0.1ms
[2020-12-14T01:12:16.485+0000][6][gc,phases    ] GC(29)   Merge Heap Roots: 0.1ms
[2020-12-14T01:12:16.485+0000][6][gc,phases    ] GC(29)   Evacuate Collection Set: 12.5ms
[2020-12-14T01:12:16.485+0000][6][gc,phases    ] GC(29)   Post Evacuate Collection Set: 0.4ms
[2020-12-14T01:12:16.485+0000][6][gc,phases    ] GC(29)   Other: 0.2ms
[2020-12-14T01:12:16.485+0000][6][gc,heap      ] GC(29) Eden regions: 160->0(167)
[2020-12-14T01:12:16.485+0000][6][gc,heap      ] GC(29) Survivor regions: 23->11(23)
[2020-12-14T01:12:16.485+0000][6][gc,heap      ] GC(29) Old regions: 73->84
[2020-12-14T01:12:16.485+0000][6][gc,heap      ] GC(29) Archive regions: 2->2
[2020-12-14T01:12:16.485+0000][6][gc,heap      ] GC(29) Humongous regions: 51->51
[2020-12-14T01:12:16.485+0000][6][gc,metaspace ] GC(29) Metaspace: 61791K(65928K)->61791K(65928K) NonClass: 53563K(55944K)->53563K(55944K) Class: 8227K(9984K)->8227K(9984K)
[2020-12-14T01:12:16.485+0000][6][gc           ] GC(29) Pause Young (Normal) (G1 Evacuation Pause) 306M->146M(450M) 13.310ms
[2020-12-14T01:12:16.485+0000][6][gc,cpu       ] GC(29) User=0.11s Sys=0.00s Real=0.02s
[2020-12-14T01:12:16.485+0000][6][safepoint    ] Safepoint "G1CollectForAllocation", Time since last: 84661874 ns, Reaching safepoint: 77833 ns, At safepoint: 13391130 ns, Total: 13468963 ns
[2020-12-14T01:12:16.553+0000][6][gc,start     ] GC(30) Pause Young (Concurrent Start) (G1 Evacuation Pause)
[2020-12-14T01:12:16.553+0000][6][gc,task      ] GC(30) Using 10 workers of 10 for evacuation
[2020-12-14T01:12:16.553+0000][6][gc,age       ] GC(30) Desired survivor size 12058624 bytes, new threshold 15 (max threshold 15)
[2020-12-14T01:12:16.560+0000][6][gc,age       ] GC(30) Age table with threshold 15 (max threshold 15)
[2020-12-14T01:12:16.560+0000][6][gc,age       ] GC(30) - age   1:        128 bytes,        128 total
[2020-12-14T01:12:16.560+0000][6][gc,age       ] GC(30) - age   2:       1008 bytes,       1136 total
[2020-12-14T01:12:16.560+0000][6][gc,age       ] GC(30) - age   3:    9358864 bytes,    9360000 total
[2020-12-14T01:12:16.585+0000][6][gc,phases    ] GC(30)   Pre Evacuate Collection Set: 0.4ms
[2020-12-14T01:12:16.585+0000][6][gc,phases    ] GC(30)   Merge Heap Roots: 0.1ms
[2020-12-14T01:12:16.585+0000][6][gc,phases    ] GC(30)   Evacuate Collection Set: 5.8ms
[2020-12-14T01:12:16.585+0000][6][gc,phases    ] GC(30)   Post Evacuate Collection Set: 24.7ms
[2020-12-14T01:12:16.585+0000][6][gc,phases    ] GC(30)   Other: 0.2ms
[2020-12-14T01:12:16.585+0000][6][gc,heap      ] GC(30) Eden regions: 167->0(332)
[2020-12-14T01:12:16.585+0000][6][gc,heap      ] GC(30) Survivor regions: 11->10(23)
[2020-12-14T01:12:16.585+0000][6][gc,heap      ] GC(30) Old regions: 84->84
[2020-12-14T01:12:16.585+0000][6][gc,heap      ] GC(30) Archive regions: 2->2
[2020-12-14T01:12:16.585+0000][6][gc,heap      ] GC(30) Humongous regions: 51->51
[2020-12-14T01:12:16.585+0000][6][gc,metaspace ] GC(30) Metaspace: 61791K(65928K)->61791K(65928K) NonClass: 53563K(55944K)->53563K(55944K) Class: 8227K(9984K)->8227K(9984K)
[2020-12-14T01:12:16.585+0000][6][gc           ] GC(30) Pause Young (Concurrent Start) (G1 Evacuation Pause) 313M->145M(680M) 31.231ms
[2020-12-14T01:12:16.585+0000][6][gc,cpu       ] GC(30) User=0.06s Sys=0.02s Real=0.04s
[2020-12-14T01:12:16.585+0000][6][safepoint    ] Safepoint "G1CollectForAllocation", Time since last: 68540656 ns, Reaching safepoint: 69701 ns, At safepoint: 31309523 ns, Total: 31379224 ns
[2020-12-14T01:12:16.585+0000][6][gc           ] GC(31) Concurrent Cycle
[2020-12-14T01:12:16.585+0000][6][gc,marking   ] GC(31) Concurrent Clear Claimed Marks
[2020-12-14T01:12:16.585+0000][6][gc,marking   ] GC(31) Concurrent Clear Claimed Marks 0.326ms
[2020-12-14T01:12:16.585+0000][6][gc,marking   ] GC(31) Concurrent Scan Root Regions
[2020-12-14T01:12:16.587+0000][6][gc,marking   ] GC(31) Concurrent Scan Root Regions 1.618ms
[2020-12-14T01:12:16.587+0000][6][gc,marking   ] GC(31) Concurrent Mark (8.764s)
[2020-12-14T01:12:16.587+0000][6][gc,marking   ] GC(31) Concurrent Mark From Roots
[2020-12-14T01:12:16.587+0000][6][gc,task      ] GC(31) Using 3 workers of 3 for marking
[2020-12-14T01:12:16.645+0000][6][gc,marking   ] GC(31) Concurrent Mark From Roots 58.655ms
[2020-12-14T01:12:16.645+0000][6][gc,marking   ] GC(31) Concurrent Preclean
[2020-12-14T01:12:16.646+0000][6][gc,marking   ] GC(31) Concurrent Preclean 0.343ms
[2020-12-14T01:12:16.646+0000][6][gc,marking   ] GC(31) Concurrent Mark (8.764s, 8.823s) 59.050ms
[2020-12-14T01:12:16.646+0000][6][gc,start     ] GC(31) Pause Remark
[2020-12-14T01:12:16.649+0000][6][gc           ] GC(31) Pause Remark 281M->274M(680M) 2.596ms
[2020-12-14T01:12:16.649+0000][6][gc,cpu       ] GC(31) User=0.01s Sys=0.01s Real=0.00s
[2020-12-14T01:12:16.649+0000][6][safepoint    ] Safepoint "G1Concurrent", Time since last: 61099055 ns, Reaching safepoint: 130578 ns, At safepoint: 2654733 ns, Total: 2785311 ns
[2020-12-14T01:12:16.649+0000][6][gc,marking   ] GC(31) Concurrent Rebuild Remembered Sets
[2020-12-14T01:12:16.692+0000][6][gc,marking   ] GC(31) Concurrent Rebuild Remembered Sets 43.081ms
[2020-12-14T01:12:16.692+0000][6][gc,start     ] GC(31) Pause Cleanup
[2020-12-14T01:12:16.692+0000][6][gc           ] GC(31) Pause Cleanup 366M->366M(680M) 0.170ms
[2020-12-14T01:12:16.692+0000][6][gc,cpu       ] GC(31) User=0.00s Sys=0.00s Real=0.00s
[2020-12-14T01:12:16.692+0000][6][safepoint    ] Safepoint "G1Concurrent", Time since last: 43183321 ns, Reaching safepoint: 135083 ns, At safepoint: 215336 ns, Total: 350419 ns
[2020-12-14T01:12:16.692+0000][6][gc,marking   ] GC(31) Concurrent Cleanup for Next Mark
[2020-12-14T01:12:16.693+0000][6][gc,marking   ] GC(31) Concurrent Cleanup for Next Mark 0.639ms
[2020-12-14T01:12:16.693+0000][6][gc           ] GC(31) Concurrent Cycle 108.083ms
[2020-12-14T01:12:16.732+0000][6][gc,start     ] GC(32) Pause Young (Normal) (G1 Evacuation Pause)
[2020-12-14T01:12:16.732+0000][6][gc,task      ] GC(32) Using 10 workers of 10 for evacuation
[2020-12-14T01:12:16.732+0000][6][gc,age       ] GC(32) Desired survivor size 22544384 bytes, new threshold 15 (max threshold 15)
[2020-12-14T01:12:16.741+0000][6][gc,age       ] GC(32) Age table with threshold 15 (max threshold 15)
[2020-12-14T01:12:16.741+0000][6][gc,age       ] GC(32) - age   1:        160 bytes,        160 total
[2020-12-14T01:12:16.741+0000][6][gc,age       ] GC(32) - age   3:       1008 bytes,       1168 total
[2020-12-14T01:12:16.741+0000][6][gc,age       ] GC(32) - age   4:    9358864 bytes,    9360032 total
[2020-12-14T01:12:16.741+0000][6][gc,phases    ] GC(32)   Pre Evacuate Collection Set: 0.1ms
[2020-12-14T01:12:16.741+0000][6][gc,phases    ] GC(32)   Merge Heap Roots: 0.1ms
[2020-12-14T01:12:16.741+0000][6][gc,phases    ] GC(32)   Evacuate Collection Set: 7.4ms
[2020-12-14T01:12:16.741+0000][6][gc,phases    ] GC(32)   Post Evacuate Collection Set: 0.5ms
[2020-12-14T01:12:16.741+0000][6][gc,phases    ] GC(32)   Other: 0.3ms
[2020-12-14T01:12:16.741+0000][6][gc,heap      ] GC(32) Eden regions: 332->0(355)
[2020-12-14T01:12:16.741+0000][6][gc,heap      ] GC(32) Survivor regions: 10->10(43)
[2020-12-14T01:12:16.741+0000][6][gc,heap      ] GC(32) Old regions: 84->84
[2020-12-14T01:12:16.741+0000][6][gc,heap      ] GC(32) Archive regions: 2->2
[2020-12-14T01:12:16.741+0000][6][gc,heap      ] GC(32) Humongous regions: 44->44
[2020-12-14T01:12:16.741+0000][6][gc,metaspace ] GC(32) Metaspace: 61791K(65928K)->61791K(65928K) NonClass: 53563K(55944K)->53563K(55944K) Class: 8227K(9984K)->8227K(9984K)
[2020-12-14T01:12:16.741+0000][6][gc           ] GC(32) Pause Young (Normal) (G1 Evacuation Pause) 470M->138M(680M) 8.591ms
[2020-12-14T01:12:16.741+0000][6][gc,cpu       ] GC(32) User=0.06s Sys=0.00s Real=0.01s
[2020-12-14T01:12:16.741+0000][6][safepoint    ] Safepoint "G1CollectForAllocation", Time since last: 39924916 ns, Reaching safepoint: 116009 ns, At safepoint: 8677867 ns, Total: 8793876 ns
[2020-12-14T01:12:16.902+0000][6][gc,start     ] GC(33) Pause Young (Normal) (G1 Evacuation Pause)
[2020-12-14T01:12:16.902+0000][6][gc,task      ] GC(33) Using 10 workers of 10 for evacuation
[2020-12-14T01:12:16.902+0000][6][gc,age       ] GC(33) Desired survivor size 24117248 bytes, new threshold 15 (max threshold 15)
[2020-12-14T01:12:16.911+0000][6][gc,age       ] GC(33) Age table with threshold 15 (max threshold 15)
[2020-12-14T01:12:16.911+0000][6][gc,age       ] GC(33) - age   1:      31704 bytes,      31704 total
[2020-12-14T01:12:16.911+0000][6][gc,age       ] GC(33) - age   4:        976 bytes,      32680 total
[2020-12-14T01:12:16.911+0000][6][gc,age       ] GC(33) - age   5:    9358864 bytes,    9391544 total
[2020-12-14T01:12:16.911+0000][6][gc,phases    ] GC(33)   Pre Evacuate Collection Set: 0.1ms
[2020-12-14T01:12:16.911+0000][6][gc,phases    ] GC(33)   Merge Heap Roots: 0.1ms
[2020-12-14T01:12:16.911+0000][6][gc,phases    ] GC(33)   Evacuate Collection Set: 8.4ms
[2020-12-14T01:12:16.911+0000][6][gc,phases    ] GC(33)   Post Evacuate Collection Set: 0.5ms
[2020-12-14T01:12:16.911+0000][6][gc,phases    ] GC(33)   Other: 0.3ms
[2020-12-14T01:12:16.911+0000][6][gc,heap      ] GC(33) Eden regions: 355->0(359)
[2020-12-14T01:12:16.911+0000][6][gc,heap      ] GC(33) Survivor regions: 10->10(46)
[2020-12-14T01:12:16.911+0000][6][gc,heap      ] GC(33) Old regions: 84->84
[2020-12-14T01:12:16.911+0000][6][gc,heap      ] GC(33) Archive regions: 2->2
[2020-12-14T01:12:16.911+0000][6][gc,heap      ] GC(33) Humongous regions: 44->44
[2020-12-14T01:12:16.911+0000][6][gc,metaspace ] GC(33) Metaspace: 61807K(65928K)->61807K(65928K) NonClass: 53578K(55944K)->53578K(55944K) Class: 8229K(9984K)->8229K(9984K)
[2020-12-14T01:12:16.911+0000][6][gc           ] GC(33) Pause Young (Normal) (G1 Evacuation Pause) 493M->138M(680M) 9.513ms
[2020-12-14T01:12:16.911+0000][6][gc,cpu       ] GC(33) User=0.06s Sys=0.00s Real=0.01s
[2020-12-14T01:12:16.911+0000][6][safepoint    ] Safepoint "G1CollectForAllocation", Time since last: 160756236 ns, Reaching safepoint: 109861 ns, At safepoint: 9599176 ns, Total: 9709037 ns
[2020-12-14T01:12:17.079+0000][6][gc,start     ] GC(34) Pause Young (Normal) (G1 Evacuation Pause)
[2020-12-14T01:12:17.079+0000][6][gc,task      ] GC(34) Using 10 workers of 10 for evacuation
[2020-12-14T01:12:17.079+0000][6][gc,age       ] GC(34) Desired survivor size 24641536 bytes, new threshold 15 (max threshold 15)
[2020-12-14T01:12:17.088+0000][6][gc,age       ] GC(34) Age table with threshold 15 (max threshold 15)
[2020-12-14T01:12:17.088+0000][6][gc,age       ] GC(34) - age   1:        128 bytes,        128 total
[2020-12-14T01:12:17.088+0000][6][gc,age       ] GC(34) - age   2:      31472 bytes,      31600 total
[2020-12-14T01:12:17.088+0000][6][gc,age       ] GC(34) - age   5:        976 bytes,      32576 total
[2020-12-14T01:12:17.088+0000][6][gc,age       ] GC(34) - age   6:    9358864 bytes,    9391440 total
[2020-12-14T01:12:17.088+0000][6][gc,phases    ] GC(34)   Pre Evacuate Collection Set: 0.1ms
[2020-12-14T01:12:17.088+0000][6][gc,phases    ] GC(34)   Merge Heap Roots: 0.1ms
[2020-12-14T01:12:17.088+0000][6][gc,phases    ] GC(34)   Evacuate Collection Set: 8.0ms
[2020-12-14T01:12:17.088+0000][6][gc,phases    ] GC(34)   Post Evacuate Collection Set: 0.6ms
[2020-12-14T01:12:17.088+0000][6][gc,phases    ] GC(34)   Other: 0.3ms
[2020-12-14T01:12:17.088+0000][6][gc,heap      ] GC(34) Eden regions: 359->0(360)
[2020-12-14T01:12:17.088+0000][6][gc,heap      ] GC(34) Survivor regions: 10->10(47)
[2020-12-14T01:12:17.088+0000][6][gc,heap      ] GC(34) Old regions: 84->84
[2020-12-14T01:12:17.088+0000][6][gc,heap      ] GC(34) Archive regions: 2->2
[2020-12-14T01:12:17.088+0000][6][gc,heap      ] GC(34) Humongous regions: 44->44
[2020-12-14T01:12:17.088+0000][6][gc,metaspace ] GC(34) Metaspace: 61807K(65928K)->61807K(65928K) NonClass: 53578K(55944K)->53578K(55944K) Class: 8229K(9984K)->8229K(9984K)
[2020-12-14T01:12:17.088+0000][6][gc           ] GC(34) Pause Young (Normal) (G1 Evacuation Pause) 497M->138M(680M) 9.163ms
[2020-12-14T01:12:17.088+0000][6][gc,cpu       ] GC(34) User=0.08s Sys=0.00s Real=0.01s
[2020-12-14T01:12:17.088+0000][6][safepoint    ] Safepoint "G1CollectForAllocation", Time since last: 167614428 ns, Reaching safepoint: 88029 ns, At safepoint: 9258970 ns, Total: 9346999 ns
[2020-12-14T01:12:17.248+0000][6][gc,start     ] GC(35) Pause Young (Normal) (G1 Evacuation Pause)
[2020-12-14T01:12:17.248+0000][6][gc,task      ] GC(35) Using 10 workers of 10 for evacuation
[2020-12-14T01:12:17.248+0000][6][gc,age       ] GC(35) Desired survivor size 24641536 bytes, new threshold 15 (max threshold 15)
[2020-12-14T01:12:17.257+0000][6][gc,age       ] GC(35) Age table with threshold 15 (max threshold 15)
[2020-12-14T01:12:17.257+0000][6][gc,age       ] GC(35) - age   1:      31904 bytes,      31904 total
[2020-12-14T01:12:17.257+0000][6][gc,age       ] GC(35) - age   3:      31472 bytes,      63376 total
[2020-12-14T01:12:17.257+0000][6][gc,age       ] GC(35) - age   6:        976 bytes,      64352 total
[2020-12-14T01:12:17.257+0000][6][gc,age       ] GC(35) - age   7:    9358864 bytes,    9423216 total
[2020-12-14T01:12:17.265+0000][6][gc,phases    ] GC(35)   Pre Evacuate Collection Set: 0.1ms
[2020-12-14T01:12:17.265+0000][6][gc,phases    ] GC(35)   Merge Heap Roots: 0.1ms
[2020-12-14T01:12:17.265+0000][6][gc,phases    ] GC(35)   Evacuate Collection Set: 8.3ms
[2020-12-14T01:12:17.265+0000][6][gc,phases    ] GC(35)   Post Evacuate Collection Set: 8.6ms
[2020-12-14T01:12:17.265+0000][6][gc,phases    ] GC(35)   Other: 0.3ms
[2020-12-14T01:12:17.265+0000][6][gc,heap      ] GC(35) Eden regions: 360->0(411)
[2020-12-14T01:12:17.265+0000][6][gc,heap      ] GC(35) Survivor regions: 10->10(47)
[2020-12-14T01:12:17.265+0000][6][gc,heap      ] GC(35) Old regions: 84->84
[2020-12-14T01:12:17.265+0000][6][gc,heap      ] GC(35) Archive regions: 2->2
[2020-12-14T01:12:17.265+0000][6][gc,heap      ] GC(35) Humongous regions: 44->44
[2020-12-14T01:12:17.265+0000][6][gc,metaspace ] GC(35) Metaspace: 61808K(65928K)->61808K(65928K) NonClass: 53579K(55944K)->53579K(55944K) Class: 8229K(9984K)->8229K(9984K)
[2020-12-14T01:12:17.265+0000][6][gc           ] GC(35) Pause Young (Normal) (G1 Evacuation Pause) 498M->138M(749M) 17.498ms
[2020-12-14T01:12:17.265+0000][6][gc,cpu       ] GC(35) User=0.07s Sys=0.02s Real=0.02s
[2020-12-14T01:12:17.265+0000][6][safepoint    ] Safepoint "G1CollectForAllocation", Time since last: 159218072 ns, Reaching safepoint: 104564 ns, At safepoint: 17586958 ns, Total: 17691522 ns
[2020-12-14T01:12:17.472+0000][6][gc,start     ] GC(36) Pause Young (Normal) (G1 Evacuation Pause)
[2020-12-14T01:12:17.472+0000][6][gc,task      ] GC(36) Using 10 workers of 10 for evacuation
[2020-12-14T01:12:17.472+0000][6][gc,age       ] GC(36) Desired survivor size 27787264 bytes, new threshold 15 (max threshold 15)
[2020-12-14T01:12:17.481+0000][6][gc,age       ] GC(36) Age table with threshold 15 (max threshold 15)
[2020-12-14T01:12:17.481+0000][6][gc,age       ] GC(36) - age   1:     132184 bytes,     132184 total
[2020-12-14T01:12:17.481+0000][6][gc,age       ] GC(36) - age   2:      30656 bytes,     162840 total
[2020-12-14T01:12:17.481+0000][6][gc,age       ] GC(36) - age   4:      31336 bytes,     194176 total
[2020-12-14T01:12:17.481+0000][6][gc,age       ] GC(36) - age   7:        864 bytes,     195040 total
[2020-12-14T01:12:17.481+0000][6][gc,age       ] GC(36) - age   8:    9358864 bytes,    9553904 total
[2020-12-14T01:12:17.481+0000][6][gc,phases    ] GC(36)   Pre Evacuate Collection Set: 0.2ms
[2020-12-14T01:12:17.481+0000][6][gc,phases    ] GC(36)   Merge Heap Roots: 0.1ms
[2020-12-14T01:12:17.481+0000][6][gc,phases    ] GC(36)   Evacuate Collection Set: 8.2ms
[2020-12-14T01:12:17.481+0000][6][gc,phases    ] GC(36)   Post Evacuate Collection Set: 0.9ms
[2020-12-14T01:12:17.481+0000][6][gc,phases    ] GC(36)   Other: 0.4ms
[2020-12-14T01:12:17.481+0000][6][gc,heap      ] GC(36) Eden regions: 411->0(411)
[2020-12-14T01:12:17.481+0000][6][gc,heap      ] GC(36) Survivor regions: 10->10(53)
[2020-12-14T01:12:17.481+0000][6][gc,heap      ] GC(36) Old regions: 84->84
[2020-12-14T01:12:17.481+0000][6][gc,heap      ] GC(36) Archive regions: 2->2
[2020-12-14T01:12:17.481+0000][6][gc,heap      ] GC(36) Humongous regions: 44->44
[2020-12-14T01:12:17.481+0000][6][gc,metaspace ] GC(36) Metaspace: 61875K(66056K)->61875K(66056K) NonClass: 53638K(55944K)->53638K(55944K) Class: 8237K(10112K)->8237K(10112K)
[2020-12-14T01:12:17.482+0000][6][gc           ] GC(36) Pause Young (Normal) (G1 Evacuation Pause) 549M->138M(749M) 9.995ms
[2020-12-14T01:12:17.482+0000][6][gc,cpu       ] GC(36) User=0.06s Sys=0.01s Real=0.01s
[2020-12-14T01:12:17.482+0000][6][safepoint    ] Safepoint "G1CollectForAllocation", Time since last: 206110083 ns, Reaching safepoint: 136278 ns, At safepoint: 10123762 ns, Total: 10260040 ns
[2020-12-14T01:12:17.634+0000][6][gc,start     ] GC(37) Pause Young (Normal) (G1 Evacuation Pause)
[2020-12-14T01:12:17.634+0000][6][gc,task      ] GC(37) Using 10 workers of 10 for evacuation
[2020-12-14T01:12:17.634+0000][6][gc,age       ] GC(37) Desired survivor size 27787264 bytes, new threshold 15 (max threshold 15)
[2020-12-14T01:12:17.645+0000][6][gc,age       ] GC(37) Age table with threshold 15 (max threshold 15)
[2020-12-14T01:12:17.645+0000][6][gc,age       ] GC(37) - age   2:     131704 bytes,     131704 total
[2020-12-14T01:12:17.645+0000][6][gc,age       ] GC(37) - age   3:      30656 bytes,     162360 total
[2020-12-14T01:12:17.645+0000][6][gc,age       ] GC(37) - age   5:      31336 bytes,     193696 total
[2020-12-14T01:12:17.645+0000][6][gc,age       ] GC(37) - age   8:        864 bytes,     194560 total
[2020-12-14T01:12:17.645+0000][6][gc,age       ] GC(37) - age   9:    9358864 bytes,    9553424 total
[2020-12-14T01:12:17.645+0000][6][gc,phases    ] GC(37)   Pre Evacuate Collection Set: 0.2ms
[2020-12-14T01:12:17.645+0000][6][gc,phases    ] GC(37)   Merge Heap Roots: 0.1ms
[2020-12-14T01:12:17.645+0000][6][gc,phases    ] GC(37)   Evacuate Collection Set: 9.2ms
[2020-12-14T01:12:17.645+0000][6][gc,phases    ] GC(37)   Post Evacuate Collection Set: 0.9ms
[2020-12-14T01:12:17.645+0000][6][gc,phases    ] GC(37)   Other: 0.4ms
[2020-12-14T01:12:17.645+0000][6][gc,heap      ] GC(37) Eden regions: 411->0(411)
[2020-12-14T01:12:17.645+0000][6][gc,heap      ] GC(37) Survivor regions: 10->10(53)
[2020-12-14T01:12:17.645+0000][6][gc,heap      ] GC(37) Old regions: 84->84
[2020-12-14T01:12:17.645+0000][6][gc,heap      ] GC(37) Archive regions: 2->2
[2020-12-14T01:12:17.645+0000][6][gc,heap      ] GC(37) Humongous regions: 44->44
[2020-12-14T01:12:17.645+0000][6][gc,metaspace ] GC(37) Metaspace: 61875K(66056K)->61875K(66056K) NonClass: 53638K(55944K)->53638K(55944K) Class: 8237K(10112K)->8237K(10112K)
[2020-12-14T01:12:17.645+0000][6][gc           ] GC(37) Pause Young (Normal) (G1 Evacuation Pause) 549M->138M(749M) 10.987ms
[2020-12-14T01:12:17.645+0000][6][gc,cpu       ] GC(37) User=0.08s Sys=0.00s Real=0.02s
[2020-12-14T01:12:17.645+0000][6][safepoint    ] Safepoint "G1CollectForAllocation", Time since last: 152244527 ns, Reaching safepoint: 111561 ns, At safepoint: 11153993 ns, Total: 11265554 ns
[2020-12-14T01:12:17.804+0000][6][gc,start     ] GC(38) Pause Young (Normal) (G1 Evacuation Pause)
[2020-12-14T01:12:17.804+0000][6][gc,task      ] GC(38) Using 10 workers of 10 for evacuation
[2020-12-14T01:12:17.804+0000][6][gc,age       ] GC(38) Desired survivor size 27787264 bytes, new threshold 15 (max threshold 15)
[2020-12-14T01:12:17.814+0000][6][gc,age       ] GC(38) Age table with threshold 15 (max threshold 15)
[2020-12-14T01:12:17.814+0000][6][gc,age       ] GC(38) - age   1:      65552 bytes,      65552 total
[2020-12-14T01:12:17.814+0000][6][gc,age       ] GC(38) - age   3:     131704 bytes,     197256 total
[2020-12-14T01:12:17.814+0000][6][gc,age       ] GC(38) - age   4:      30656 bytes,     227912 total
[2020-12-14T01:12:17.814+0000][6][gc,age       ] GC(38) - age   6:      31336 bytes,     259248 total
[2020-12-14T01:12:17.814+0000][6][gc,age       ] GC(38) - age   9:        864 bytes,     260112 total
[2020-12-14T01:12:17.814+0000][6][gc,age       ] GC(38) - age  10:    9342464 bytes,    9602576 total
[2020-12-14T01:12:17.814+0000][6][gc,phases    ] GC(38)   Pre Evacuate Collection Set: 0.2ms
[2020-12-14T01:12:17.814+0000][6][gc,phases    ] GC(38)   Merge Heap Roots: 0.1ms
[2020-12-14T01:12:17.814+0000][6][gc,phases    ] GC(38)   Evacuate Collection Set: 9.0ms
[2020-12-14T01:12:17.814+0000][6][gc,phases    ] GC(38)   Post Evacuate Collection Set: 0.8ms
[2020-12-14T01:12:17.814+0000][6][gc,phases    ] GC(38)   Other: 0.3ms
[2020-12-14T01:12:17.814+0000][6][gc,heap      ] GC(38) Eden regions: 411->0(409)
[2020-12-14T01:12:17.814+0000][6][gc,heap      ] GC(38) Survivor regions: 10->11(53)
[2020-12-14T01:12:17.814+0000][6][gc,heap      ] GC(38) Old regions: 84->84
[2020-12-14T01:12:17.814+0000][6][gc,heap      ] GC(38) Archive regions: 2->2
[2020-12-14T01:12:17.814+0000][6][gc,heap      ] GC(38) Humongous regions: 44->44
[2020-12-14T01:12:17.814+0000][6][gc,metaspace ] GC(38) Metaspace: 61875K(66056K)->61875K(66056K) NonClass: 53638K(55944K)->53638K(55944K) Class: 8237K(10112K)->8237K(10112K)
[2020-12-14T01:12:17.814+0000][6][gc           ] GC(38) Pause Young (Normal) (G1 Evacuation Pause) 549M->138M(749M) 10.539ms
[2020-12-14T01:12:17.814+0000][6][gc,cpu       ] GC(38) User=0.09s Sys=0.00s Real=0.02s
[2020-12-14T01:12:17.815+0000][6][safepoint    ] Safepoint "G1CollectForAllocation", Time since last: 158715750 ns, Reaching safepoint: 77690 ns, At safepoint: 10640164 ns, Total: 10717854 ns
[2020-12-14T01:12:17.976+0000][6][gc,start     ] GC(39) Pause Young (Normal) (G1 Evacuation Pause)
[2020-12-14T01:12:17.976+0000][6][gc,task      ] GC(39) Using 10 workers of 10 for evacuation
[2020-12-14T01:12:17.976+0000][6][gc,age       ] GC(39) Desired survivor size 27787264 bytes, new threshold 15 (max threshold 15)
[2020-12-14T01:12:17.986+0000][6][gc,age       ] GC(39) Age table with threshold 15 (max threshold 15)
[2020-12-14T01:12:17.986+0000][6][gc,age       ] GC(39) - age   1:       1040 bytes,       1040 total
[2020-12-14T01:12:17.986+0000][6][gc,age       ] GC(39) - age   4:     131672 bytes,     132712 total
[2020-12-14T01:12:17.986+0000][6][gc,age       ] GC(39) - age   5:      30656 bytes,     163368 total
[2020-12-14T01:12:17.986+0000][6][gc,age       ] GC(39) - age   7:      30560 bytes,     193928 total
[2020-12-14T01:12:17.986+0000][6][gc,age       ] GC(39) - age  10:        864 bytes,     194792 total
[2020-12-14T01:12:17.986+0000][6][gc,age       ] GC(39) - age  11:    9342464 bytes,    9537256 total
[2020-12-14T01:12:17.986+0000][6][gc,phases    ] GC(39)   Pre Evacuate Collection Set: 0.1ms
[2020-12-14T01:12:17.986+0000][6][gc,phases    ] GC(39)   Merge Heap Roots: 0.1ms
[2020-12-14T01:12:17.986+0000][6][gc,phases    ] GC(39)   Evacuate Collection Set: 9.1ms
[2020-12-14T01:12:17.986+0000][6][gc,phases    ] GC(39)   Post Evacuate Collection Set: 0.7ms
[2020-12-14T01:12:17.986+0000][6][gc,phases    ] GC(39)   Other: 0.2ms
[2020-12-14T01:12:17.986+0000][6][gc,heap      ] GC(39) Eden regions: 409->0(410)
[2020-12-14T01:12:17.986+0000][6][gc,heap      ] GC(39) Survivor regions: 11->10(53)
[2020-12-14T01:12:17.986+0000][6][gc,heap      ] GC(39) Old regions: 84->84
[2020-12-14T01:12:17.986+0000][6][gc,heap      ] GC(39) Archive regions: 2->2
[2020-12-14T01:12:17.986+0000][6][gc,heap      ] GC(39) Humongous regions: 45->45
[2020-12-14T01:12:17.986+0000][6][gc,metaspace ] GC(39) Metaspace: 61879K(66056K)->61879K(66056K) NonClass: 53641K(55944K)->53641K(55944K) Class: 8237K(10112K)->8237K(10112K)
[2020-12-14T01:12:17.986+0000][6][gc           ] GC(39) Pause Young (Normal) (G1 Evacuation Pause) 548M->139M(749M) 10.330ms
[2020-12-14T01:12:17.986+0000][6][gc,cpu       ] GC(39) User=0.08s Sys=0.01s Real=0.01s
[2020-12-14T01:12:17.986+0000][6][safepoint    ] Safepoint "G1CollectForAllocation", Time since last: 161389734 ns, Reaching safepoint: 74639 ns, At safepoint: 10402877 ns, Total: 10477516 ns
[2020-12-14T01:12:18.144+0000][6][gc,start     ] GC(40) Pause Young (Normal) (G1 Evacuation Pause)
[2020-12-14T01:12:18.144+0000][6][gc,task      ] GC(40) Using 10 workers of 10 for evacuation
[2020-12-14T01:12:18.144+0000][6][gc,age       ] GC(40) Desired survivor size 27787264 bytes, new threshold 15 (max threshold 15)
[2020-12-14T01:12:18.156+0000][6][gc,age       ] GC(40) Age table with threshold 15 (max threshold 15)
[2020-12-14T01:12:18.156+0000][6][gc,age       ] GC(40) - age   1:        160 bytes,        160 total
[2020-12-14T01:12:18.156+0000][6][gc,age       ] GC(40) - age   2:        880 bytes,       1040 total
[2020-12-14T01:12:18.156+0000][6][gc,age       ] GC(40) - age   5:     131672 bytes,     132712 total
[2020-12-14T01:12:18.156+0000][6][gc,age       ] GC(40) - age   6:      30656 bytes,     163368 total
[2020-12-14T01:12:18.156+0000][6][gc,age       ] GC(40) - age   8:      30560 bytes,     193928 total
[2020-12-14T01:12:18.156+0000][6][gc,age       ] GC(40) - age  11:        864 bytes,     194792 total
[2020-12-14T01:12:18.156+0000][6][gc,age       ] GC(40) - age  12:    9342464 bytes,    9537256 total
[2020-12-14T01:12:18.156+0000][6][gc,phases    ] GC(40)   Pre Evacuate Collection Set: 0.1ms
[2020-12-14T01:12:18.156+0000][6][gc,phases    ] GC(40)   Merge Heap Roots: 0.1ms
[2020-12-14T01:12:18.156+0000][6][gc,phases    ] GC(40)   Evacuate Collection Set: 10.4ms
[2020-12-14T01:12:18.156+0000][6][gc,phases    ] GC(40)   Post Evacuate Collection Set: 0.8ms
[2020-12-14T01:12:18.156+0000][6][gc,phases    ] GC(40)   Other: 0.2ms
[2020-12-14T01:12:18.156+0000][6][gc,heap      ] GC(40) Eden regions: 410->0(410)
[2020-12-14T01:12:18.156+0000][6][gc,heap      ] GC(40) Survivor regions: 10->10(53)
[2020-12-14T01:12:18.156+0000][6][gc,heap      ] GC(40) Old regions: 84->84
[2020-12-14T01:12:18.156+0000][6][gc,heap      ] GC(40) Archive regions: 2->2
[2020-12-14T01:12:18.156+0000][6][gc,heap      ] GC(40) Humongous regions: 45->45
[2020-12-14T01:12:18.156+0000][6][gc,metaspace ] GC(40) Metaspace: 61879K(66056K)->61879K(66056K) NonClass: 53641K(55944K)->53641K(55944K) Class: 8237K(10112K)->8237K(10112K)
[2020-12-14T01:12:18.156+0000][6][gc           ] GC(40) Pause Young (Normal) (G1 Evacuation Pause) 549M->139M(749M) 11.786ms
[2020-12-14T01:12:18.156+0000][6][gc,cpu       ] GC(40) User=0.09s Sys=0.00s Real=0.01s
[2020-12-14T01:12:18.156+0000][6][safepoint    ] Safepoint "G1CollectForAllocation", Time since last: 157726297 ns, Reaching safepoint: 75955 ns, At safepoint: 11863328 ns, Total: 11939283 ns
[2020-12-14T01:12:18.306+0000][6][gc,start     ] GC(41) Pause Young (Normal) (G1 Evacuation Pause)
[2020-12-14T01:12:18.306+0000][6][gc,task      ] GC(41) Using 10 workers of 10 for evacuation
[2020-12-14T01:12:18.306+0000][6][gc,age       ] GC(41) Desired survivor size 27787264 bytes, new threshold 15 (max threshold 15)
[2020-12-14T01:12:18.317+0000][6][gc,age       ] GC(41) Age table with threshold 15 (max threshold 15)
[2020-12-14T01:12:18.317+0000][6][gc,age       ] GC(41) - age   1:        160 bytes,        160 total
[2020-12-14T01:12:18.317+0000][6][gc,age       ] GC(41) - age   3:        880 bytes,       1040 total
[2020-12-14T01:12:18.317+0000][6][gc,age       ] GC(41) - age   6:     131672 bytes,     132712 total
[2020-12-14T01:12:18.317+0000][6][gc,age       ] GC(41) - age   7:      30656 bytes,     163368 total
[2020-12-14T01:12:18.317+0000][6][gc,age       ] GC(41) - age   9:      30560 bytes,     193928 total
[2020-12-14T01:12:18.317+0000][6][gc,age       ] GC(41) - age  12:        864 bytes,     194792 total
[2020-12-14T01:12:18.317+0000][6][gc,age       ] GC(41) - age  13:    9342464 bytes,    9537256 total
[2020-12-14T01:12:18.317+0000][6][gc,phases    ] GC(41)   Pre Evacuate Collection Set: 0.2ms
[2020-12-14T01:12:18.317+0000][6][gc,phases    ] GC(41)   Merge Heap Roots: 0.1ms
[2020-12-14T01:12:18.317+0000][6][gc,phases    ] GC(41)   Evacuate Collection Set: 10.0ms
[2020-12-14T01:12:18.317+0000][6][gc,phases    ] GC(41)   Post Evacuate Collection Set: 0.8ms
[2020-12-14T01:12:18.317+0000][6][gc,phases    ] GC(41)   Other: 0.2ms
[2020-12-14T01:12:18.317+0000][6][gc,heap      ] GC(41) Eden regions: 410->0(410)
[2020-12-14T01:12:18.317+0000][6][gc,heap      ] GC(41) Survivor regions: 10->10(53)
[2020-12-14T01:12:18.317+0000][6][gc,heap      ] GC(41) Old regions: 84->84
[2020-12-14T01:12:18.317+0000][6][gc,heap      ] GC(41) Archive regions: 2->2
[2020-12-14T01:12:18.317+0000][6][gc,heap      ] GC(41) Humongous regions: 45->45
[2020-12-14T01:12:18.317+0000][6][gc,metaspace ] GC(41) Metaspace: 61879K(66056K)->61879K(66056K) NonClass: 53641K(55944K)->53641K(55944K) Class: 8237K(10112K)->8237K(10112K)
[2020-12-14T01:12:18.317+0000][6][gc           ] GC(41) Pause Young (Normal) (G1 Evacuation Pause) 549M->139M(749M) 11.350ms
[2020-12-14T01:12:18.317+0000][6][gc,cpu       ] GC(41) User=0.10s Sys=0.00s Real=0.01s
[2020-12-14T01:12:18.317+0000][6][safepoint    ] Safepoint "G1CollectForAllocation", Time since last: 149596275 ns, Reaching safepoint: 105925 ns, At safepoint: 11419666 ns, Total: 11525591 ns
[2020-12-14T01:12:18.466+0000][6][gc,start     ] GC(42) Pause Young (Normal) (G1 Evacuation Pause)
[2020-12-14T01:12:18.466+0000][6][gc,task      ] GC(42) Using 10 workers of 10 for evacuation
[2020-12-14T01:12:18.466+0000][6][gc,age       ] GC(42) Desired survivor size 27787264 bytes, new threshold 15 (max threshold 15)
[2020-12-14T01:12:18.476+0000][6][gc,age       ] GC(42) Age table with threshold 15 (max threshold 15)
[2020-12-14T01:12:18.476+0000][6][gc,age       ] GC(42) - age   1:        376 bytes,        376 total
[2020-12-14T01:12:18.477+0000][6][gc,age       ] GC(42) - age   4:        848 bytes,       1224 total
[2020-12-14T01:12:18.477+0000][6][gc,age       ] GC(42) - age   7:     131488 bytes,     132712 total
[2020-12-14T01:12:18.477+0000][6][gc,age       ] GC(42) - age   8:      30656 bytes,     163368 total
[2020-12-14T01:12:18.477+0000][6][gc,age       ] GC(42) - age  10:      30560 bytes,     193928 total
[2020-12-14T01:12:18.477+0000][6][gc,age       ] GC(42) - age  13:        832 bytes,     194760 total
[2020-12-14T01:12:18.477+0000][6][gc,age       ] GC(42) - age  14:    9342464 bytes,    9537224 total
[2020-12-14T01:12:18.477+0000][6][gc,phases    ] GC(42)   Pre Evacuate Collection Set: 0.1ms
[2020-12-14T01:12:18.477+0000][6][gc,phases    ] GC(42)   Merge Heap Roots: 0.1ms
[2020-12-14T01:12:18.477+0000][6][gc,phases    ] GC(42)   Evacuate Collection Set: 9.2ms
[2020-12-14T01:12:18.477+0000][6][gc,phases    ] GC(42)   Post Evacuate Collection Set: 0.8ms
[2020-12-14T01:12:18.477+0000][6][gc,phases    ] GC(42)   Other: 0.2ms
[2020-12-14T01:12:18.477+0000][6][gc,heap      ] GC(42) Eden regions: 410->0(408)
[2020-12-14T01:12:18.477+0000][6][gc,heap      ] GC(42) Survivor regions: 10->11(53)
[2020-12-14T01:12:18.477+0000][6][gc,heap      ] GC(42) Old regions: 84->84
[2020-12-14T01:12:18.477+0000][6][gc,heap      ] GC(42) Archive regions: 2->2
[2020-12-14T01:12:18.477+0000][6][gc,heap      ] GC(42) Humongous regions: 45->45
[2020-12-14T01:12:18.477+0000][6][gc,metaspace ] GC(42) Metaspace: 61879K(66056K)->61879K(66056K) NonClass: 53642K(55944K)->53642K(55944K) Class: 8237K(10112K)->8237K(10112K)
[2020-12-14T01:12:18.477+0000][6][gc           ] GC(42) Pause Young (Normal) (G1 Evacuation Pause) 549M->139M(749M) 10.607ms
[2020-12-14T01:12:18.477+0000][6][gc,cpu       ] GC(42) User=0.10s Sys=0.00s Real=0.01s
[2020-12-14T01:12:18.477+0000][6][safepoint    ] Safepoint "G1CollectForAllocation", Time since last: 148742009 ns, Reaching safepoint: 105344 ns, At safepoint: 10678597 ns, Total: 10783941 ns
[2020-12-14T01:12:18.636+0000][6][gc,start     ] GC(43) Pause Young (Normal) (G1 Evacuation Pause)
[2020-12-14T01:12:18.636+0000][6][gc,task      ] GC(43) Using 10 workers of 10 for evacuation
[2020-12-14T01:12:18.636+0000][6][gc,age       ] GC(43) Desired survivor size 27787264 bytes, new threshold 15 (max threshold 15)
[2020-12-14T01:12:18.646+0000][6][gc,age       ] GC(43) Age table with threshold 15 (max threshold 15)
[2020-12-14T01:12:18.646+0000][6][gc,age       ] GC(43) - age   1:       1240 bytes,       1240 total
[2020-12-14T01:12:18.646+0000][6][gc,age       ] GC(43) - age   2:        248 bytes,       1488 total
[2020-12-14T01:12:18.646+0000][6][gc,age       ] GC(43) - age   5:        848 bytes,       2336 total
[2020-12-14T01:12:18.646+0000][6][gc,age       ] GC(43) - age   8:     131488 bytes,     133824 total
[2020-12-14T01:12:18.646+0000][6][gc,age       ] GC(43) - age   9:      30656 bytes,     164480 total
[2020-12-14T01:12:18.646+0000][6][gc,age       ] GC(43) - age  11:      30560 bytes,     195040 total
[2020-12-14T01:12:18.646+0000][6][gc,age       ] GC(43) - age  14:        832 bytes,     195872 total
[2020-12-14T01:12:18.646+0000][6][gc,age       ] GC(43) - age  15:    9342464 bytes,    9538336 total
[2020-12-14T01:12:18.647+0000][6][gc,phases    ] GC(43)   Pre Evacuate Collection Set: 0.1ms
[2020-12-14T01:12:18.647+0000][6][gc,phases    ] GC(43)   Merge Heap Roots: 0.1ms
[2020-12-14T01:12:18.647+0000][6][gc,phases    ] GC(43)   Evacuate Collection Set: 9.7ms
[2020-12-14T01:12:18.647+0000][6][gc,phases    ] GC(43)   Post Evacuate Collection Set: 0.7ms
[2020-12-14T01:12:18.647+0000][6][gc,phases    ] GC(43)   Other: 0.2ms
[2020-12-14T01:12:18.647+0000][6][gc,heap      ] GC(43) Eden regions: 408->0(410)
[2020-12-14T01:12:18.647+0000][6][gc,heap      ] GC(43) Survivor regions: 11->10(53)
[2020-12-14T01:12:18.647+0000][6][gc,heap      ] GC(43) Old regions: 84->84
[2020-12-14T01:12:18.647+0000][6][gc,heap      ] GC(43) Archive regions: 2->2
[2020-12-14T01:12:18.647+0000][6][gc,heap      ] GC(43) Humongous regions: 45->45
[2020-12-14T01:12:18.647+0000][6][gc,metaspace ] GC(43) Metaspace: 61888K(66056K)->61888K(66056K) NonClass: 53651K(55944K)->53651K(55944K) Class: 8237K(10112K)->8237K(10112K)
[2020-12-14T01:12:18.647+0000][6][gc           ] GC(43) Pause Young (Normal) (G1 Evacuation Pause) 547M->139M(749M) 11.007ms
[2020-12-14T01:12:18.647+0000][6][gc,cpu       ] GC(43) User=0.10s Sys=0.00s Real=0.01s
[2020-12-14T01:12:18.647+0000][6][safepoint    ] Safepoint "G1CollectForAllocation", Time since last: 158772177 ns, Reaching safepoint: 99461 ns, At safepoint: 11082874 ns, Total: 11182335 ns
[2020-12-14T01:12:18.722+0000][6][safepoint    ] Safepoint "BulkRevokeBias", Time since last: 75307499 ns, Reaching safepoint: 152665 ns, At safepoint: 221585 ns, Total: 374250 ns
[2020-12-14T01:12:18.798+0000][6][gc,start     ] GC(44) Pause Young (Normal) (G1 Evacuation Pause)
[2020-12-14T01:12:18.798+0000][6][gc,task      ] GC(44) Using 10 workers of 10 for evacuation
[2020-12-14T01:12:18.798+0000][6][gc,age       ] GC(44) Desired survivor size 27787264 bytes, new threshold 15 (max threshold 15)
[2020-12-14T01:12:18.809+0000][6][gc,age       ] GC(44) Age table with threshold 15 (max threshold 15)
[2020-12-14T01:12:18.809+0000][6][gc,age       ] GC(44) - age   1:     129864 bytes,     129864 total
[2020-12-14T01:12:18.809+0000][6][gc,age       ] GC(44) - age   2:       1112 bytes,     130976 total
[2020-12-14T01:12:18.809+0000][6][gc,age       ] GC(44) - age   3:        248 bytes,     131224 total
[2020-12-14T01:12:18.809+0000][6][gc,age       ] GC(44) - age   6:        848 bytes,     132072 total
[2020-12-14T01:12:18.809+0000][6][gc,age       ] GC(44) - age   9:     131488 bytes,     263560 total
[2020-12-14T01:12:18.809+0000][6][gc,age       ] GC(44) - age  10:      30656 bytes,     294216 total
[2020-12-14T01:12:18.809+0000][6][gc,age       ] GC(44) - age  12:      30560 bytes,     324776 total
[2020-12-14T01:12:18.809+0000][6][gc,age       ] GC(44) - age  15:        832 bytes,     325608 total
[2020-12-14T01:12:18.809+0000][6][gc,phases    ] GC(44)   Pre Evacuate Collection Set: 0.2ms
[2020-12-14T01:12:18.809+0000][6][gc,phases    ] GC(44)   Merge Heap Roots: 0.2ms
[2020-12-14T01:12:18.809+0000][6][gc,phases    ] GC(44)   Evacuate Collection Set: 9.8ms
[2020-12-14T01:12:18.809+0000][6][gc,phases    ] GC(44)   Post Evacuate Collection Set: 0.7ms
[2020-12-14T01:12:18.809+0000][6][gc,phases    ] GC(44)   Other: 0.2ms
[2020-12-14T01:12:18.809+0000][6][gc,heap      ] GC(44) Eden regions: 410->0(416)
[2020-12-14T01:12:18.809+0000][6][gc,heap      ] GC(44) Survivor regions: 10->2(53)
[2020-12-14T01:12:18.809+0000][6][gc,heap      ] GC(44) Old regions: 84->94
[2020-12-14T01:12:18.809+0000][6][gc,heap      ] GC(44) Archive regions: 2->2
[2020-12-14T01:12:18.809+0000][6][gc,heap      ] GC(44) Humongous regions: 45->45
[2020-12-14T01:12:18.809+0000][6][gc,metaspace ] GC(44) Metaspace: 61890K(66056K)->61890K(66056K) NonClass: 53653K(55944K)->53653K(55944K) Class: 8237K(10112K)->8237K(10112K)
[2020-12-14T01:12:18.809+0000][6][gc           ] GC(44) Pause Young (Normal) (G1 Evacuation Pause) 549M->140M(749M) 11.031ms
[2020-12-14T01:12:18.809+0000][6][gc,cpu       ] GC(44) User=0.09s Sys=0.01s Real=0.01s
[2020-12-14T01:12:18.809+0000][6][safepoint    ] Safepoint "G1CollectForAllocation", Time since last: 75215015 ns, Reaching safepoint: 105294 ns, At safepoint: 11098449 ns, Total: 11203743 ns
[2020-12-14T01:12:18.963+0000][6][gc,start     ] GC(45) Pause Young (Normal) (G1 Evacuation Pause)
[2020-12-14T01:12:18.963+0000][6][gc,task      ] GC(45) Using 10 workers of 10 for evacuation
[2020-12-14T01:12:18.963+0000][6][gc,age       ] GC(45) Desired survivor size 27787264 bytes, new threshold 15 (max threshold 15)
[2020-12-14T01:12:18.966+0000][6][gc,age       ] GC(45) Age table with threshold 15 (max threshold 15)
[2020-12-14T01:12:18.966+0000][6][gc,age       ] GC(45) - age   1:       1112 bytes,       1112 total
[2020-12-14T01:12:18.966+0000][6][gc,age       ] GC(45) - age   2:     129864 bytes,     130976 total
[2020-12-14T01:12:18.966+0000][6][gc,age       ] GC(45) - age   3:       1112 bytes,     132088 total
[2020-12-14T01:12:18.966+0000][6][gc,age       ] GC(45) - age   4:        216 bytes,     132304 total
[2020-12-14T01:12:18.966+0000][6][gc,age       ] GC(45) - age  10:     131488 bytes,     263792 total
[2020-12-14T01:12:18.966+0000][6][gc,age       ] GC(45) - age  11:      30656 bytes,     294448 total
[2020-12-14T01:12:18.966+0000][6][gc,age       ] GC(45) - age  13:      30560 bytes,     325008 total
[2020-12-14T01:12:18.966+0000][6][gc,phases    ] GC(45)   Pre Evacuate Collection Set: 0.1ms
[2020-12-14T01:12:18.966+0000][6][gc,phases    ] GC(45)   Merge Heap Roots: 0.1ms
[2020-12-14T01:12:18.966+0000][6][gc,phases    ] GC(45)   Evacuate Collection Set: 1.8ms
[2020-12-14T01:12:18.966+0000][6][gc,phases    ] GC(45)   Post Evacuate Collection Set: 0.7ms
[2020-12-14T01:12:18.966+0000][6][gc,phases    ] GC(45)   Other: 0.2ms
[2020-12-14T01:12:18.966+0000][6][gc,heap      ] GC(45) Eden regions: 416->0(416)
[2020-12-14T01:12:18.966+0000][6][gc,heap      ] GC(45) Survivor regions: 2->1(53)
[2020-12-14T01:12:18.966+0000][6][gc,heap      ] GC(45) Old regions: 94->94
[2020-12-14T01:12:18.966+0000][6][gc,heap      ] GC(45) Archive regions: 2->2
[2020-12-14T01:12:18.966+0000][6][gc,heap      ] GC(45) Humongous regions: 47->47
[2020-12-14T01:12:18.966+0000][6][gc,metaspace ] GC(45) Metaspace: 61897K(66056K)->61897K(66056K) NonClass: 53659K(55944K)->53659K(55944K) Class: 8237K(10112K)->8237K(10112K)
[2020-12-14T01:12:18.966+0000][6][gc           ] GC(45) Pause Young (Normal) (G1 Evacuation Pause) 558M->141M(749M) 3.063ms
[2020-12-14T01:12:18.966+0000][6][gc,cpu       ] GC(45) User=0.01s Sys=0.00s Real=0.01s
[2020-12-14T01:12:18.966+0000][6][safepoint    ] Safepoint "G1CollectForAllocation", Time since last: 153782142 ns, Reaching safepoint: 107042 ns, At safepoint: 3131883 ns, Total: 3238925 ns
[2020-12-14T01:12:19.121+0000][6][gc,start     ] GC(46) Pause Young (Normal) (G1 Evacuation Pause)
[2020-12-14T01:12:19.121+0000][6][gc,task      ] GC(46) Using 10 workers of 10 for evacuation
[2020-12-14T01:12:19.121+0000][6][gc,age       ] GC(46) Desired survivor size 27787264 bytes, new threshold 15 (max threshold 15)
[2020-12-14T01:12:19.125+0000][6][gc,age       ] GC(46) Age table with threshold 15 (max threshold 15)
[2020-12-14T01:12:19.125+0000][6][gc,age       ] GC(46) - age   1:        128 bytes,        128 total
[2020-12-14T01:12:19.125+0000][6][gc,age       ] GC(46) - age   2:        880 bytes,       1008 total
[2020-12-14T01:12:19.125+0000][6][gc,age       ] GC(46) - age   3:     129864 bytes,     130872 total
[2020-12-14T01:12:19.125+0000][6][gc,age       ] GC(46) - age   4:       1112 bytes,     131984 total
[2020-12-14T01:12:19.125+0000][6][gc,age       ] GC(46) - age   5:        216 bytes,     132200 total
[2020-12-14T01:12:19.125+0000][6][gc,age       ] GC(46) - age  11:     131488 bytes,     263688 total
[2020-12-14T01:12:19.125+0000][6][gc,age       ] GC(46) - age  12:      30656 bytes,     294344 total
[2020-12-14T01:12:19.125+0000][6][gc,age       ] GC(46) - age  14:      30560 bytes,     324904 total
[2020-12-14T01:12:19.125+0000][6][gc,phases    ] GC(46)   Pre Evacuate Collection Set: 0.1ms
[2020-12-14T01:12:19.125+0000][6][gc,phases    ] GC(46)   Merge Heap Roots: 0.1ms
[2020-12-14T01:12:19.125+0000][6][gc,phases    ] GC(46)   Evacuate Collection Set: 2.6ms
[2020-12-14T01:12:19.125+0000][6][gc,phases    ] GC(46)   Post Evacuate Collection Set: 0.7ms
[2020-12-14T01:12:19.125+0000][6][gc,phases    ] GC(46)   Other: 0.2ms
[2020-12-14T01:12:19.125+0000][6][gc,heap      ] GC(46) Eden regions: 416->0(413)
[2020-12-14T01:12:19.125+0000][6][gc,heap      ] GC(46) Survivor regions: 1->1(53)
[2020-12-14T01:12:19.125+0000][6][gc,heap      ] GC(46) Old regions: 94->94
[2020-12-14T01:12:19.125+0000][6][gc,heap      ] GC(46) Archive regions: 2->2
[2020-12-14T01:12:19.125+0000][6][gc,heap      ] GC(46) Humongous regions: 50->50
[2020-12-14T01:12:19.125+0000][6][gc,metaspace ] GC(46) Metaspace: 61897K(66056K)->61897K(66056K) NonClass: 53659K(55944K)->53659K(55944K) Class: 8237K(10112K)->8237K(10112K)
[2020-12-14T01:12:19.125+0000][6][gc           ] GC(46) Pause Young (Normal) (G1 Evacuation Pause) 560M->144M(749M) 3.750ms
[2020-12-14T01:12:19.125+0000][6][gc,cpu       ] GC(46) User=0.02s Sys=0.00s Real=0.01s
[2020-12-14T01:12:19.125+0000][6][safepoint    ] Safepoint "G1CollectForAllocation", Time since last: 155443424 ns, Reaching safepoint: 101092 ns, At safepoint: 3809247 ns, Total: 3910339 ns
[2020-12-14T01:12:19.358+0000][6][gc,start     ] GC(47) Pause Young (Normal) (G1 Evacuation Pause)
[2020-12-14T01:12:19.358+0000][6][gc,task      ] GC(47) Using 10 workers of 10 for evacuation
[2020-12-14T01:12:19.358+0000][6][gc,age       ] GC(47) Desired survivor size 27262976 bytes, new threshold 15 (max threshold 15)
[2020-12-14T01:12:19.361+0000][6][gc,age       ] GC(47) Age table with threshold 15 (max threshold 15)
[2020-12-14T01:12:19.361+0000][6][gc,age       ] GC(47) - age   1:        128 bytes,        128 total
[2020-12-14T01:12:19.361+0000][6][gc,age       ] GC(47) - age   3:        880 bytes,       1008 total
[2020-12-14T01:12:19.361+0000][6][gc,age       ] GC(47) - age   4:     129864 bytes,     130872 total
[2020-12-14T01:12:19.361+0000][6][gc,age       ] GC(47) - age   5:       1112 bytes,     131984 total
[2020-12-14T01:12:19.361+0000][6][gc,age       ] GC(47) - age   6:        216 bytes,     132200 total
[2020-12-14T01:12:19.361+0000][6][gc,age       ] GC(47) - age  12:     131488 bytes,     263688 total
[2020-12-14T01:12:19.361+0000][6][gc,age       ] GC(47) - age  13:      30656 bytes,     294344 total
[2020-12-14T01:12:19.361+0000][6][gc,age       ] GC(47) - age  15:      30560 bytes,     324904 total
[2020-12-14T01:12:19.361+0000][6][gc,phases    ] GC(47)   Pre Evacuate Collection Set: 0.2ms
[2020-12-14T01:12:19.361+0000][6][gc,phases    ] GC(47)   Merge Heap Roots: 0.1ms
[2020-12-14T01:12:19.361+0000][6][gc,phases    ] GC(47)   Evacuate Collection Set: 1.4ms
[2020-12-14T01:12:19.361+0000][6][gc,phases    ] GC(47)   Post Evacuate Collection Set: 0.9ms
[2020-12-14T01:12:19.361+0000][6][gc,phases    ] GC(47)   Other: 0.4ms
[2020-12-14T01:12:19.361+0000][6][gc,heap      ] GC(47) Eden regions: 413->0(413)
[2020-12-14T01:12:19.361+0000][6][gc,heap      ] GC(47) Survivor regions: 1->1(52)
[2020-12-14T01:12:19.361+0000][6][gc,heap      ] GC(47) Old regions: 94->94
[2020-12-14T01:12:19.361+0000][6][gc,heap      ] GC(47) Archive regions: 2->2
[2020-12-14T01:12:19.361+0000][6][gc,heap      ] GC(47) Humongous regions: 50->50
[2020-12-14T01:12:19.361+0000][6][gc,metaspace ] GC(47) Metaspace: 61897K(66056K)->61897K(66056K) NonClass: 53659K(55944K)->53659K(55944K) Class: 8237K(10112K)->8237K(10112K)
[2020-12-14T01:12:19.361+0000][6][gc           ] GC(47) Pause Young (Normal) (G1 Evacuation Pause) 557M->144M(749M) 3.089ms
[2020-12-14T01:12:19.361+0000][6][gc,cpu       ] GC(47) User=0.02s Sys=0.00s Real=0.00s
[2020-12-14T01:12:19.361+0000][6][safepoint    ] Safepoint "G1CollectForAllocation", Time since last: 232787321 ns, Reaching safepoint: 151344 ns, At safepoint: 3191388 ns, Total: 3342732 ns
[2020-12-14T01:12:19.522+0000][6][gc,start     ] GC(48) Pause Young (Normal) (G1 Evacuation Pause)
[2020-12-14T01:12:19.522+0000][6][gc,task      ] GC(48) Using 10 workers of 10 for evacuation
[2020-12-14T01:12:19.522+0000][6][gc,age       ] GC(48) Desired survivor size 27262976 bytes, new threshold 15 (max threshold 15)
[2020-12-14T01:12:19.524+0000][6][gc,age       ] GC(48) Age table with threshold 15 (max threshold 15)
[2020-12-14T01:12:19.524+0000][6][gc,age       ] GC(48) - age   1:        248 bytes,        248 total
[2020-12-14T01:12:19.524+0000][6][gc,age       ] GC(48) - age   4:        848 bytes,       1096 total
[2020-12-14T01:12:19.524+0000][6][gc,age       ] GC(48) - age   5:     129864 bytes,     130960 total
[2020-12-14T01:12:19.524+0000][6][gc,age       ] GC(48) - age   6:       1112 bytes,     132072 total
[2020-12-14T01:12:19.524+0000][6][gc,age       ] GC(48) - age   7:         32 bytes,     132104 total
[2020-12-14T01:12:19.524+0000][6][gc,age       ] GC(48) - age  13:     131488 bytes,     263592 total
[2020-12-14T01:12:19.524+0000][6][gc,age       ] GC(48) - age  14:      30656 bytes,     294248 total
[2020-12-14T01:12:19.524+0000][6][gc,phases    ] GC(48)   Pre Evacuate Collection Set: 0.1ms
[2020-12-14T01:12:19.524+0000][6][gc,phases    ] GC(48)   Merge Heap Roots: 0.1ms
[2020-12-14T01:12:19.524+0000][6][gc,phases    ] GC(48)   Evacuate Collection Set: 1.4ms
[2020-12-14T01:12:19.524+0000][6][gc,phases    ] GC(48)   Post Evacuate Collection Set: 0.8ms
[2020-12-14T01:12:19.524+0000][6][gc,phases    ] GC(48)   Other: 0.3ms
[2020-12-14T01:12:19.524+0000][6][gc,heap      ] GC(48) Eden regions: 413->0(413)
[2020-12-14T01:12:19.524+0000][6][gc,heap      ] GC(48) Survivor regions: 1->1(52)
[2020-12-14T01:12:19.524+0000][6][gc,heap      ] GC(48) Old regions: 94->94
[2020-12-14T01:12:19.524+0000][6][gc,heap      ] GC(48) Archive regions: 2->2
[2020-12-14T01:12:19.524+0000][6][gc,heap      ] GC(48) Humongous regions: 50->50
[2020-12-14T01:12:19.524+0000][6][gc,metaspace ] GC(48) Metaspace: 61897K(66056K)->61897K(66056K) NonClass: 53659K(55944K)->53659K(55944K) Class: 8237K(10112K)->8237K(10112K)
[2020-12-14T01:12:19.524+0000][6][gc           ] GC(48) Pause Young (Normal) (G1 Evacuation Pause) 557M->144M(749M) 2.830ms
[2020-12-14T01:12:19.524+0000][6][gc,cpu       ] GC(48) User=0.01s Sys=0.00s Real=0.01s
[2020-12-14T01:12:19.524+0000][6][safepoint    ] Safepoint "G1CollectForAllocation", Time since last: 160188871 ns, Reaching safepoint: 87920 ns, At safepoint: 2911619 ns, Total: 2999539 ns
[2020-12-14T01:12:20.223+0000][6][safepoint    ] Safepoint "ICBufferFull", Time since last: 698136255 ns, Reaching safepoint: 211388 ns, At safepoint: 17537 ns, Total: 228925 ns
[2020-12-14T01:12:20.228+0000][6][gc,start     ] GC(49) Pause Young (Normal) (G1 Evacuation Pause)
[2020-12-14T01:12:20.228+0000][6][gc,task      ] GC(49) Using 10 workers of 10 for evacuation
[2020-12-14T01:12:20.228+0000][6][gc,age       ] GC(49) Desired survivor size 27262976 bytes, new threshold 15 (max threshold 15)
[2020-12-14T01:12:20.235+0000][6][gc,age       ] GC(49) Age table with threshold 15 (max threshold 15)
[2020-12-14T01:12:20.235+0000][6][gc,age       ] GC(49) - age   1:    5445312 bytes,    5445312 total
[2020-12-14T01:12:20.235+0000][6][gc,age       ] GC(49) - age   2:        216 bytes,    5445528 total
[2020-12-14T01:12:20.235+0000][6][gc,age       ] GC(49) - age   6:     129864 bytes,    5575392 total
[2020-12-14T01:12:20.235+0000][6][gc,age       ] GC(49) - age   7:       1112 bytes,    5576504 total
[2020-12-14T01:12:20.235+0000][6][gc,age       ] GC(49) - age   8:         32 bytes,    5576536 total
[2020-12-14T01:12:20.235+0000][6][gc,age       ] GC(49) - age  14:     131488 bytes,    5708024 total
[2020-12-14T01:12:20.235+0000][6][gc,age       ] GC(49) - age  15:      30656 bytes,    5738680 total
[2020-12-14T01:12:20.235+0000][6][gc,phases    ] GC(49)   Pre Evacuate Collection Set: 0.2ms
[2020-12-14T01:12:20.235+0000][6][gc,phases    ] GC(49)   Merge Heap Roots: 0.1ms
[2020-12-14T01:12:20.235+0000][6][gc,phases    ] GC(49)   Evacuate Collection Set: 5.4ms
[2020-12-14T01:12:20.235+0000][6][gc,phases    ] GC(49)   Post Evacuate Collection Set: 0.9ms
[2020-12-14T01:12:20.235+0000][6][gc,phases    ] GC(49)   Other: 0.4ms
[2020-12-14T01:12:20.235+0000][6][gc,heap      ] GC(49) Eden regions: 413->0(395)
[2020-12-14T01:12:20.235+0000][6][gc,heap      ] GC(49) Survivor regions: 1->6(52)
[2020-12-14T01:12:20.235+0000][6][gc,heap      ] GC(49) Old regions: 94->94
[2020-12-14T01:12:20.235+0000][6][gc,heap      ] GC(49) Archive regions: 2->2
[2020-12-14T01:12:20.235+0000][6][gc,heap      ] GC(49) Humongous regions: 58->58
[2020-12-14T01:12:20.235+0000][6][gc,metaspace ] GC(49) Metaspace: 62006K(66312K)->62006K(66312K) NonClass: 53768K(56200K)->53768K(56200K) Class: 8237K(10112K)->8237K(10112K)
[2020-12-14T01:12:20.236+0000][6][gc           ] GC(49) Pause Young (Normal) (G1 Evacuation Pause) 565M->157M(749M) 7.250ms
[2020-12-14T01:12:20.236+0000][6][gc,cpu       ] GC(49) User=0.06s Sys=0.00s Real=0.01s
[2020-12-14T01:12:20.236+0000][6][safepoint    ] Safepoint "G1CollectForAllocation", Time since last: 5277360 ns, Reaching safepoint: 124367 ns, At safepoint: 7387433 ns, Total: 7511800 ns
[2020-12-14T01:12:21.106+0000][6][gc,start     ] GC(50) Pause Young (Normal) (G1 Evacuation Pause)
[2020-12-14T01:12:21.106+0000][6][gc,task      ] GC(50) Using 10 workers of 10 for evacuation
[2020-12-14T01:12:21.106+0000][6][gc,age       ] GC(50) Desired survivor size 26738688 bytes, new threshold 15 (max threshold 15)
[2020-12-14T01:12:21.121+0000][6][gc,age       ] GC(50) Age table with threshold 15 (max threshold 15)
[2020-12-14T01:12:21.121+0000][6][gc,age       ] GC(50) - age   1:    9659848 bytes,    9659848 total
[2020-12-14T01:12:21.121+0000][6][gc,age       ] GC(50) - age   2:    5033520 bytes,   14693368 total
[2020-12-14T01:12:21.121+0000][6][gc,age       ] GC(50) - age   3:         32 bytes,   14693400 total
[2020-12-14T01:12:21.121+0000][6][gc,age       ] GC(50) - age   7:     129864 bytes,   14823264 total
[2020-12-14T01:12:21.121+0000][6][gc,age       ] GC(50) - age   8:         32 bytes,   14823296 total
[2020-12-14T01:12:21.121+0000][6][gc,age       ] GC(50) - age  15:     131456 bytes,   14954752 total
[2020-12-14T01:12:21.121+0000][6][gc,phases    ] GC(50)   Pre Evacuate Collection Set: 0.2ms
[2020-12-14T01:12:21.121+0000][6][gc,phases    ] GC(50)   Merge Heap Roots: 0.2ms
[2020-12-14T01:12:21.122+0000][6][gc,phases    ] GC(50)   Evacuate Collection Set: 14.3ms
[2020-12-14T01:12:21.122+0000][6][gc,phases    ] GC(50)   Post Evacuate Collection Set: 0.8ms
[2020-12-14T01:12:21.122+0000][6][gc,phases    ] GC(50)   Other: 0.4ms
[2020-12-14T01:12:21.122+0000][6][gc,heap      ] GC(50) Eden regions: 395->0(376)
[2020-12-14T01:12:21.122+0000][6][gc,heap      ] GC(50) Survivor regions: 6->15(51)
[2020-12-14T01:12:21.122+0000][6][gc,heap      ] GC(50) Old regions: 94->94
[2020-12-14T01:12:21.122+0000][6][gc,heap      ] GC(50) Archive regions: 2->2
[2020-12-14T01:12:21.122+0000][6][gc,heap      ] GC(50) Humongous regions: 61->59
[2020-12-14T01:12:21.122+0000][6][gc,metaspace ] GC(50) Metaspace: 62014K(66312K)->62014K(66312K) NonClass: 53776K(56200K)->53776K(56200K) Class: 8237K(10112K)->8237K(10112K)
[2020-12-14T01:12:21.122+0000][6][gc           ] GC(50) Pause Young (Normal) (G1 Evacuation Pause) 555M->167M(749M) 16.055ms
[2020-12-14T01:12:21.122+0000][6][gc,cpu       ] GC(50) User=0.13s Sys=0.01s Real=0.01s
[2020-12-14T01:12:21.122+0000][6][safepoint    ] Safepoint "G1CollectForAllocation", Time since last: 869836726 ns, Reaching safepoint: 140841 ns, At safepoint: 16168754 ns, Total: 16309595 ns
[2020-12-14T01:12:21.787+0000][6][safepoint    ] Safepoint "ICBufferFull", Time since last: 664805171 ns, Reaching safepoint: 262100 ns, At safepoint: 11120 ns, Total: 273220 ns
[2020-12-14T01:12:21.892+0000][6][safepoint    ] Safepoint "BulkRevokeBias", Time since last: 104870400 ns, Reaching safepoint: 219916 ns, At safepoint: 293720 ns, Total: 513636 ns
[2020-12-14T01:12:22.435+0000][6][safepoint    ] Safepoint "BulkRevokeBias", Time since last: 542648674 ns, Reaching safepoint: 123978 ns, At safepoint: 264739 ns, Total: 388717 ns
[2020-12-14T01:12:22.659+0000][6][safepoint    ] Safepoint "BulkRevokeBias", Time since last: 223496526 ns, Reaching safepoint: 129691 ns, At safepoint: 560790 ns, Total: 690481 ns
[2020-12-14T01:12:23.661+0000][6][safepoint    ] Safepoint "Cleanup", Time since last: 1001492357 ns, Reaching safepoint: 282832 ns, At safepoint: 16253 ns, Total: 299085 ns
[2020-12-14T01:12:24.840+0000][6][safepoint    ] Safepoint "Cleanup", Time since last: 1178636390 ns, Reaching safepoint: 238447 ns, At safepoint: 13313 ns, Total: 251760 ns
[2020-12-14T01:12:25.840+0000][6][safepoint    ] Safepoint "Cleanup", Time since last: 1000164148 ns, Reaching safepoint: 171569 ns, At safepoint: 16720 ns, Total: 188289 ns
[2020-12-14T01:12:27.008+0000][6][safepoint    ] Safepoint "Cleanup", Time since last: 1167281911 ns, Reaching safepoint: 175334 ns, At safepoint: 17580 ns, Total: 192914 ns
[2020-12-14T01:12:28.510+0000][6][safepoint    ] Safepoint "Cleanup", Time since last: 1501548048 ns, Reaching safepoint: 206495 ns, At safepoint: 17453 ns, Total: 223948 ns
[2020-12-14T01:12:28.698+0000][6][safepoint    ] Safepoint "BulkRevokeBias", Time since last: 186750856 ns, Reaching safepoint: 151311 ns, At safepoint: 1168782 ns, Total: 1320093 ns
[2020-12-14T01:12:31.011+0000][6][safepoint    ] Safepoint "Cleanup", Time since last: 2312771804 ns, Reaching safepoint: 158805 ns, At safepoint: 15556 ns, Total: 174361 ns
[2020-12-14T01:12:33.512+0000][6][safepoint    ] Safepoint "Cleanup", Time since last: 2500819504 ns, Reaching safepoint: 168681 ns, At safepoint: 17653 ns, Total: 186334 ns
[2020-12-14T01:12:36.012+0000][6][safepoint    ] Safepoint "Cleanup", Time since last: 2500030834 ns, Reaching safepoint: 179323 ns, At safepoint: 18167 ns, Total: 197490 ns
[2020-12-14T01:12:37.012+0000][6][safepoint    ] Safepoint "Cleanup", Time since last: 1000247024 ns, Reaching safepoint: 166105 ns, At safepoint: 15871 ns, Total: 181976 ns
[2020-12-14T01:12:38.013+0000][6][safepoint    ] Safepoint "Cleanup", Time since last: 1000172307 ns, Reaching safepoint: 204909 ns, At safepoint: 15371 ns, Total: 220280 ns
[2020-12-14T01:12:39.514+0000][6][safepoint    ] Safepoint "Cleanup", Time since last: 1501368630 ns, Reaching safepoint: 244993 ns, At safepoint: 15781 ns, Total: 260774 ns
[2020-12-14T01:12:41.015+0000][6][safepoint    ] Safepoint "Cleanup", Time since last: 1500031788 ns, Reaching safepoint: 226791 ns, At safepoint: 15889 ns, Total: 242680 ns
[2020-12-14T01:12:43.015+0000][6][safepoint    ] Safepoint "Cleanup", Time since last: 2000335041 ns, Reaching safepoint: 215767 ns, At safepoint: 14236 ns, Total: 230003 ns
[2020-12-14T01:12:44.181+0000][6][safepoint    ] Safepoint "Cleanup", Time since last: 1165164244 ns, Reaching safepoint: 165248 ns, At safepoint: 19138 ns, Total: 184386 ns
[2020-12-14T01:12:44.394+0000][6][safepoint    ] Safepoint "ICBufferFull", Time since last: 213545607 ns, Reaching safepoint: 259633 ns, At safepoint: 15250 ns, Total: 274883 ns
[2020-12-14T01:12:44.461+0000][6][safepoint    ] Safepoint "BulkRevokeBias", Time since last: 66296954 ns, Reaching safepoint: 209210 ns, At safepoint: 536075 ns, Total: 745285 ns
[2020-12-14T01:12:46.417+0000][6][safepoint    ] Safepoint "Cleanup", Time since last: 1955514525 ns, Reaching safepoint: 242267 ns, At safepoint: 17589 ns, Total: 259856 ns
[2020-12-14T01:12:47.418+0000][6][safepoint    ] Safepoint "Cleanup", Time since last: 1000183148 ns, Reaching safepoint: 172926 ns, At safepoint: 17037 ns, Total: 189963 ns
[2020-12-14T01:12:48.418+0000][6][safepoint    ] Safepoint "Cleanup", Time since last: 1000190379 ns, Reaching safepoint: 175761 ns, At safepoint: 18170 ns, Total: 193931 ns
[2020-12-14T01:12:49.653+0000][6][safepoint    ] Safepoint "Cleanup", Time since last: 1234866167 ns, Reaching safepoint: 331935 ns, At safepoint: 17867 ns, Total: 349802 ns
[2020-12-14T01:12:50.654+0000][6][safepoint    ] Safepoint "Cleanup", Time since last: 1000189628 ns, Reaching safepoint: 172032 ns, At safepoint: 17903 ns, Total: 189935 ns
[2020-12-14T01:12:52.590+0000][6][safepoint    ] Safepoint "Cleanup", Time since last: 1936194573 ns, Reaching safepoint: 198353 ns, At safepoint: 13925 ns, Total: 212278 ns
[2020-12-14T01:12:53.590+0000][6][safepoint    ] Safepoint "Cleanup", Time since last: 1000193524 ns, Reaching safepoint: 222925 ns, At safepoint: 17173 ns, Total: 240098 ns
[2020-12-14T01:12:54.591+0000][6][safepoint    ] Safepoint "Cleanup", Time since last: 1000189105 ns, Reaching safepoint: 173797 ns, At safepoint: 17620 ns, Total: 191417 ns
[2020-12-14T01:12:55.591+0000][6][safepoint    ] Safepoint "Cleanup", Time since last: 1000184808 ns, Reaching safepoint: 168827 ns, At safepoint: 17143 ns, Total: 185970 ns
[2020-12-14T01:12:56.592+0000][6][safepoint    ] Safepoint "Cleanup", Time since last: 1000142621 ns, Reaching safepoint: 208452 ns, At safepoint: 17771 ns, Total: 226223 ns
[2020-12-14T01:12:57.592+0000][6][safepoint    ] Safepoint "Cleanup", Time since last: 1000171121 ns, Reaching safepoint: 186934 ns, At safepoint: 17014 ns, Total: 203948 ns
[2020-12-14T01:12:58.592+0000][6][safepoint    ] Safepoint "Cleanup", Time since last: 1000174046 ns, Reaching safepoint: 193813 ns, At safepoint: 15787 ns, Total: 209600 ns
[2020-12-14T01:12:59.593+0000][6][safepoint    ] Safepoint "Cleanup", Time since last: 1000160184 ns, Reaching safepoint: 199572 ns, At safepoint: 16619 ns, Total: 216191 ns
[2020-12-14T01:13:00.593+0000][6][safepoint    ] Safepoint "Cleanup", Time since last: 1000182851 ns, Reaching safepoint: 169414 ns, At safepoint: 31875 ns, Total: 201289 ns
[2020-12-14T01:13:01.593+0000][6][safepoint    ] Safepoint "Cleanup", Time since last: 1000149962 ns, Reaching safepoint: 203744 ns, At safepoint: 16166 ns, Total: 219910 ns
[2020-12-14T01:13:02.594+0000][6][safepoint    ] Safepoint "Cleanup", Time since last: 1000181670 ns, Reaching safepoint: 172426 ns, At safepoint: 17373 ns, Total: 189799 ns
[2020-12-14T01:13:03.594+0000][6][safepoint    ] Safepoint "Cleanup", Time since last: 1000180083 ns, Reaching safepoint: 197370 ns, At safepoint: 17163 ns, Total: 214533 ns
[2020-12-14T01:13:04.808+0000][6][safepoint    ] Safepoint "Cleanup", Time since last: 1213655970 ns, Reaching safepoint: 324380 ns, At safepoint: 17106 ns, Total: 341486 ns
[2020-12-14T01:13:05.809+0000][6][safepoint    ] Safepoint "Cleanup", Time since last: 1000183561 ns, Reaching safepoint: 178503 ns, At safepoint: 17126 ns, Total: 195629 ns
[2020-12-14T01:13:06.809+0000][6][safepoint    ] Safepoint "Cleanup", Time since last: 1000185630 ns, Reaching safepoint: 240088 ns, At safepoint: 20852 ns, Total: 260940 ns
[2020-12-14T01:13:07.809+0000][6][safepoint    ] Safepoint "Cleanup", Time since last: 1000212794 ns, Reaching safepoint: 175004 ns, At safepoint: 16940 ns, Total: 191944 ns
[2020-12-14T01:13:08.810+0000][6][safepoint    ] Safepoint "Cleanup", Time since last: 1000183518 ns, Reaching safepoint: 196376 ns, At safepoint: 15782 ns, Total: 212158 ns
[2020-12-14T01:13:10.019+0000][6][safepoint    ] Safepoint "Cleanup", Time since last: 1209084799 ns, Reaching safepoint: 250261 ns, At safepoint: 16890 ns, Total: 267151 ns
[2020-12-14T01:13:11.020+0000][6][safepoint    ] Safepoint "Cleanup", Time since last: 1000185939 ns, Reaching safepoint: 172362 ns, At safepoint: 17197 ns, Total: 189559 ns
[2020-12-14T01:13:12.020+0000][6][safepoint    ] Safepoint "Cleanup", Time since last: 1000197363 ns, Reaching safepoint: 198437 ns, At safepoint: 16220 ns, Total: 214657 ns
[2020-12-14T01:13:13.020+0000][6][safepoint    ] Safepoint "Cleanup", Time since last: 1000181573 ns, Reaching safepoint: 214037 ns, At safepoint: 16459 ns, Total: 230496 ns
[2020-12-14T01:13:14.021+0000][6][safepoint    ] Safepoint "Cleanup", Time since last: 1000179499 ns, Reaching safepoint: 195966 ns, At safepoint: 15822 ns, Total: 211788 ns
[2020-12-14T01:13:15.021+0000][6][safepoint    ] Safepoint "Cleanup", Time since last: 1000182485 ns, Reaching safepoint: 248479 ns, At safepoint: 17767 ns, Total: 266246 ns
[2020-12-14T01:13:16.022+0000][6][safepoint    ] Safepoint "Cleanup", Time since last: 1000186289 ns, Reaching safepoint: 193374 ns, At safepoint: 18557 ns, Total: 211931 ns
[2020-12-14T01:13:17.022+0000][6][safepoint    ] Safepoint "Cleanup", Time since last: 1000182528 ns, Reaching safepoint: 240102 ns, At safepoint: 39969 ns, Total: 280071 ns
[2020-12-14T01:13:18.967+0000][6][safepoint    ] Safepoint "Cleanup", Time since last: 1944746382 ns, Reaching safepoint: 213236 ns, At safepoint: 31505 ns, Total: 244741 ns
[2020-12-14T01:13:19.967+0000][6][safepoint    ] Safepoint "Cleanup", Time since last: 1000188321 ns, Reaching safepoint: 182231 ns, At safepoint: 17620 ns, Total: 199851 ns
[2020-12-14T01:13:20.968+0000][6][safepoint    ] Safepoint "Cleanup", Time since last: 1000189231 ns, Reaching safepoint: 178019 ns, At safepoint: 17140 ns, Total: 195159 ns
[2020-12-14T01:13:21.968+0000][6][safepoint    ] Safepoint "Cleanup", Time since last: 1000189191 ns, Reaching safepoint: 192061 ns, At safepoint: 16773 ns, Total: 208834 ns
[2020-12-14T01:13:22.593+0000][6][safepoint    ] Safepoint "BulkRevokeBias", Time since last: 623297539 ns, Reaching safepoint: 109581 ns, At safepoint: 1191951 ns, Total: 1301532 ns
[2020-12-14T01:13:22.619+0000][6][safepoint    ] Safepoint "BulkRevokeBias", Time since last: 25448875 ns, Reaching safepoint: 99524 ns, At safepoint: 463055 ns, Total: 562579 ns
[2020-12-14T01:13:23.630+0000][6][safepoint    ] Safepoint "Cleanup", Time since last: 1010840549 ns, Reaching safepoint: 225033 ns, At safepoint: 16573 ns, Total: 241606 ns
[2020-12-14T01:13:25.269+0000][6][safepoint    ] Safepoint "Cleanup", Time since last: 1639264122 ns, Reaching safepoint: 212395 ns, At safepoint: 16390 ns, Total: 228785 ns
[2020-12-14T01:13:26.270+0000][6][safepoint    ] Safepoint "Cleanup", Time since last: 1000186937 ns, Reaching safepoint: 164621 ns, At safepoint: 16659 ns, Total: 181280 ns
[2020-12-14T01:13:27.270+0000][6][safepoint    ] Safepoint "Cleanup", Time since last: 1000178218 ns, Reaching safepoint: 200615 ns, At safepoint: 16937 ns, Total: 217552 ns
[2020-12-14T01:13:28.755+0000][6][safepoint    ] Safepoint "Cleanup", Time since last: 1484440215 ns, Reaching safepoint: 255250 ns, At safepoint: 18898 ns, Total: 274148 ns
[2020-12-14T01:13:30.161+0000][6][safepoint    ] Safepoint "Cleanup", Time since last: 1405635678 ns, Reaching safepoint: 327367 ns, At safepoint: 14818 ns, Total: 342185 ns
[2020-12-14T01:13:31.161+0000][6][safepoint    ] Safepoint "Cleanup", Time since last: 1000197888 ns, Reaching safepoint: 197437 ns, At safepoint: 15656 ns, Total: 213093 ns
[2020-12-14T01:13:32.162+0000][6][safepoint    ] Safepoint "Cleanup", Time since last: 1000191816 ns, Reaching safepoint: 190863 ns, At safepoint: 15789 ns, Total: 206652 ns
[2020-12-14T01:13:33.162+0000][6][safepoint    ] Safepoint "Cleanup", Time since last: 1000198950 ns, Reaching safepoint: 264212 ns, At safepoint: 16997 ns, Total: 281209 ns
[2020-12-14T01:13:34.163+0000][6][safepoint    ] Safepoint "Cleanup", Time since last: 1000146966 ns, Reaching safepoint: 197051 ns, At safepoint: 15779 ns, Total: 212830 ns
[2020-12-14T01:13:35.163+0000][6][safepoint    ] Safepoint "Cleanup", Time since last: 1000179234 ns, Reaching safepoint: 202380 ns, At safepoint: 29459 ns, Total: 231839 ns
[2020-12-14T01:13:36.163+0000][6][safepoint    ] Safepoint "Cleanup", Time since last: 1000190371 ns, Reaching safepoint: 191523 ns, At safepoint: 15729 ns, Total: 207252 ns
[2020-12-14T01:13:37.164+0000][6][safepoint    ] Safepoint "Cleanup", Time since last: 1000179682 ns, Reaching safepoint: 211189 ns, At safepoint: 15880 ns, Total: 227069 ns
[2020-12-14T01:13:38.164+0000][6][safepoint    ] Safepoint "Cleanup", Time since last: 1000176389 ns, Reaching safepoint: 228467 ns, At safepoint: 15406 ns, Total: 243873 ns
[2020-12-14T01:13:39.165+0000][6][safepoint    ] Safepoint "Cleanup", Time since last: 1000155045 ns, Reaching safepoint: 238595 ns, At safepoint: 15766 ns, Total: 254361 ns
[2020-12-14T01:13:40.165+0000][6][safepoint    ] Safepoint "Cleanup", Time since last: 1000182618 ns, Reaching safepoint: 198875 ns, At safepoint: 15760 ns, Total: 214635 ns
[2020-12-14T01:13:41.165+0000][6][safepoint    ] Safepoint "Cleanup", Time since last: 1000184171 ns, Reaching safepoint: 217475 ns, At safepoint: 16707 ns, Total: 234182 ns
[2020-12-14T01:13:42.166+0000][6][safepoint    ] Safepoint "Cleanup", Time since last: 1000179082 ns, Reaching safepoint: 209227 ns, At safepoint: 16913 ns, Total: 226140 ns
[2020-12-14T01:13:43.166+0000][6][safepoint    ] Safepoint "Cleanup", Time since last: 1000178458 ns, Reaching safepoint: 227584 ns, At safepoint: 17320 ns, Total: 244904 ns
[2020-12-14T01:13:44.167+0000][6][safepoint    ] Safepoint "Cleanup", Time since last: 1000171371 ns, Reaching safepoint: 208153 ns, At safepoint: 16696 ns, Total: 224849 ns
[2020-12-14T01:13:45.167+0000][6][safepoint    ] Safepoint "Cleanup", Time since last: 1000180266 ns, Reaching safepoint: 208824 ns, At safepoint: 15886 ns, Total: 224710 ns
[2020-12-14T01:13:46.167+0000][6][safepoint    ] Safepoint "Cleanup", Time since last: 1000184488 ns, Reaching safepoint: 203937 ns, At safepoint: 16416 ns, Total: 220353 ns
[2020-12-14T01:13:47.168+0000][6][safepoint    ] Safepoint "Cleanup", Time since last: 1000175534 ns, Reaching safepoint: 205658 ns, At safepoint: 16997 ns, Total: 222655 ns
[2020-12-14T01:13:48.168+0000][6][safepoint    ] Safepoint "Cleanup", Time since last: 1000187940 ns, Reaching safepoint: 210157 ns, At safepoint: 17144 ns, Total: 227301 ns
[2020-12-14T01:13:49.169+0000][6][safepoint    ] Safepoint "Cleanup", Time since last: 1000175029 ns, Reaching safepoint: 213183 ns, At safepoint: 16963 ns, Total: 230146 ns
[2020-12-14T01:13:50.169+0000][6][safepoint    ] Safepoint "Cleanup", Time since last: 1000191209 ns, Reaching safepoint: 179200 ns, At safepoint: 24290 ns, Total: 203490 ns
[2020-12-14T01:13:51.169+0000][6][safepoint    ] Safepoint "Cleanup", Time since last: 1000209860 ns, Reaching safepoint: 203517 ns, At safepoint: 16596 ns, Total: 220113 ns
[2020-12-14T01:13:52.170+0000][6][safepoint    ] Safepoint "Cleanup", Time since last: 1000176368 ns, Reaching safepoint: 172966 ns, At safepoint: 15952 ns, Total: 188918 ns
[2020-12-14T01:13:53.170+0000][6][safepoint    ] Safepoint "Cleanup", Time since last: 1000195991 ns, Reaching safepoint: 219255 ns, At safepoint: 15803 ns, Total: 235058 ns
[2020-12-14T01:13:54.171+0000][6][safepoint    ] Safepoint "Cleanup", Time since last: 1000186848 ns, Reaching safepoint: 211021 ns, At safepoint: 17026 ns, Total: 228047 ns
[2020-12-14T01:13:55.171+0000][6][safepoint    ] Safepoint "Cleanup", Time since last: 1000187194 ns, Reaching safepoint: 206986 ns, At safepoint: 17276 ns, Total: 224262 ns
[2020-12-14T01:13:56.172+0000][6][safepoint    ] Safepoint "Cleanup", Time since last: 1000205251 ns, Reaching safepoint: 190719 ns, At safepoint: 16466 ns, Total: 207185 ns
[2020-12-14T01:13:57.172+0000][6][safepoint    ] Safepoint "Cleanup", Time since last: 1000181147 ns, Reaching safepoint: 214860 ns, At safepoint: 16863 ns, Total: 231723 ns
[2020-12-14T01:13:58.172+0000][6][safepoint    ] Safepoint "Cleanup", Time since last: 1000190652 ns, Reaching safepoint: 233744 ns, At safepoint: 16553 ns, Total: 250297 ns
[2020-12-14T01:13:59.173+0000][6][safepoint    ] Safepoint "Cleanup", Time since last: 1000172634 ns, Reaching safepoint: 199460 ns, At safepoint: 15959 ns, Total: 215419 ns
[2020-12-14T01:14:00.173+0000][6][safepoint    ] Safepoint "Cleanup", Time since last: 1000182363 ns, Reaching safepoint: 298064 ns, At safepoint: 15766 ns, Total: 313830 ns
[2020-12-14T01:14:01.174+0000][6][safepoint    ] Safepoint "Cleanup", Time since last: 1000147091 ns, Reaching safepoint: 207540 ns, At safepoint: 16803 ns, Total: 224343 ns
[2020-12-14T01:14:02.174+0000][6][safepoint    ] Safepoint "Cleanup", Time since last: 1000160644 ns, Reaching safepoint: 192447 ns, At safepoint: 15713 ns, Total: 208160 ns
[2020-12-14T01:14:03.174+0000][6][safepoint    ] Safepoint "Cleanup", Time since last: 1000215993 ns, Reaching safepoint: 184426 ns, At safepoint: 17203 ns, Total: 201629 ns
[2020-12-14T01:14:04.175+0000][6][safepoint    ] Safepoint "Cleanup", Time since last: 1000199394 ns, Reaching safepoint: 188730 ns, At safepoint: 16437 ns, Total: 205167 ns
[2020-12-14T01:14:05.175+0000][6][safepoint    ] Safepoint "Cleanup", Time since last: 1000192087 ns, Reaching safepoint: 234528 ns, At safepoint: 17030 ns, Total: 251558 ns
[2020-12-14T01:14:06.176+0000][6][safepoint    ] Safepoint "Cleanup", Time since last: 1000167169 ns, Reaching safepoint: 211255 ns, At safepoint: 15082 ns, Total: 226337 ns
[2020-12-14T01:14:07.176+0000][6][safepoint    ] Safepoint "Cleanup", Time since last: 1000187810 ns, Reaching safepoint: 187061 ns, At safepoint: 16993 ns, Total: 204054 ns
[2020-12-14T01:14:08.176+0000][6][safepoint    ] Safepoint "Cleanup", Time since last: 1000200844 ns, Reaching safepoint: 184236 ns, At safepoint: 17997 ns, Total: 202233 ns
[2020-12-14T01:14:09.177+0000][6][safepoint    ] Safepoint "Cleanup", Time since last: 1000201739 ns, Reaching safepoint: 234039 ns, At safepoint: 15071 ns, Total: 249110 ns
[2020-12-14T01:14:10.177+0000][6][safepoint    ] Safepoint "Cleanup", Time since last: 1000189568 ns, Reaching safepoint: 207718 ns, At safepoint: 20806 ns, Total: 228524 ns
[2020-12-14T01:14:11.178+0000][6][safepoint    ] Safepoint "Cleanup", Time since last: 1000198944 ns, Reaching safepoint: 240031 ns, At safepoint: 16873 ns, Total: 256904 ns
[2020-12-14T01:14:12.178+0000][6][safepoint    ] Safepoint "Cleanup", Time since last: 1000196099 ns, Reaching safepoint: 207422 ns, At safepoint: 18234 ns, Total: 225656 ns
[2020-12-14T01:14:13.179+0000][6][safepoint    ] Safepoint "Cleanup", Time since last: 1000195268 ns, Reaching safepoint: 206796 ns, At safepoint: 16703 ns, Total: 223499 ns
[2020-12-14T01:14:14.179+0000][6][safepoint    ] Safepoint "Cleanup", Time since last: 1000177494 ns, Reaching safepoint: 174897 ns, At safepoint: 17631 ns, Total: 192528 ns
[2020-12-14T01:14:15.312+0000][6][safepoint    ] Safepoint "Cleanup", Time since last: 1132647570 ns, Reaching safepoint: 171779 ns, At safepoint: 17403 ns, Total: 189182 ns
[2020-12-14T01:14:16.312+0000][6][safepoint    ] Safepoint "Cleanup", Time since last: 1000197769 ns, Reaching safepoint: 238984 ns, At safepoint: 18127 ns, Total: 257111 ns
[2020-12-14T01:14:17.313+0000][6][safepoint    ] Safepoint "Cleanup", Time since last: 1000189015 ns, Reaching safepoint: 207886 ns, At safepoint: 15712 ns, Total: 223598 ns
[2020-12-14T01:14:18.313+0000][6][safepoint    ] Safepoint "Cleanup", Time since last: 1000188154 ns, Reaching safepoint: 179867 ns, At safepoint: 60638 ns, Total: 240505 ns
[2020-12-14T01:14:19.314+0000][6][safepoint    ] Safepoint "Cleanup", Time since last: 1000212226 ns, Reaching safepoint: 201048 ns, At safepoint: 14705 ns, Total: 215753 ns
[2020-12-14T01:14:20.314+0000][6][safepoint    ] Safepoint "Cleanup", Time since last: 1000195304 ns, Reaching safepoint: 211158 ns, At safepoint: 16279 ns, Total: 227437 ns
[2020-12-14T01:14:21.314+0000][6][safepoint    ] Safepoint "Cleanup", Time since last: 1000198431 ns, Reaching safepoint: 166569 ns, At safepoint: 17323 ns, Total: 183892 ns
[2020-12-14T01:14:22.315+0000][6][safepoint    ] Safepoint "Cleanup", Time since last: 1000191175 ns, Reaching safepoint: 203951 ns, At safepoint: 16673 ns, Total: 220624 ns
[2020-12-14T01:14:23.768+0000][6][safepoint    ] Safepoint "Cleanup", Time since last: 1453436627 ns, Reaching safepoint: 228678 ns, At safepoint: 16733 ns, Total: 245411 ns
[2020-12-14T01:14:24.769+0000][6][safepoint    ] Safepoint "Cleanup", Time since last: 1000182628 ns, Reaching safepoint: 204897 ns, At safepoint: 17681 ns, Total: 222578 ns
[2020-12-14T01:14:25.769+0000][6][safepoint    ] Safepoint "Cleanup", Time since last: 1000197053 ns, Reaching safepoint: 218398 ns, At safepoint: 16567 ns, Total: 234965 ns
[2020-12-14T01:14:26.770+0000][6][safepoint    ] Safepoint "Cleanup", Time since last: 1000175469 ns, Reaching safepoint: 200570 ns, At safepoint: 18140 ns, Total: 218710 ns
[2020-12-14T01:14:27.773+0000][6][safepoint    ] Safepoint "Cleanup", Time since last: 1002843016 ns, Reaching safepoint: 180147 ns, At safepoint: 19318 ns, Total: 199465 ns
[2020-12-14T01:14:28.802+0000][6][safepoint    ] Safepoint "Cleanup", Time since last: 1028612305 ns, Reaching safepoint: 206489 ns, At safepoint: 15809 ns, Total: 222298 ns
[2020-12-14T01:14:29.802+0000][6][safepoint    ] Safepoint "Cleanup", Time since last: 1000183408 ns, Reaching safepoint: 161803 ns, At safepoint: 20155 ns, Total: 181958 ns
[2020-12-14T01:14:30.802+0000][6][safepoint    ] Safepoint "Cleanup", Time since last: 1000184308 ns, Reaching safepoint: 171185 ns, At safepoint: 17060 ns, Total: 188245 ns
[2020-12-14T01:14:31.803+0000][6][safepoint    ] Safepoint "Cleanup", Time since last: 1000180833 ns, Reaching safepoint: 205899 ns, At safepoint: 20121 ns, Total: 226020 ns
[2020-12-14T01:14:32.803+0000][6][safepoint    ] Safepoint "Cleanup", Time since last: 1000167922 ns, Reaching safepoint: 211725 ns, At safepoint: 20799 ns, Total: 232524 ns
[2020-12-14T01:14:33.803+0000][6][safepoint    ] Safepoint "Cleanup", Time since last: 1000203963 ns, Reaching safepoint: 157884 ns, At safepoint: 22793 ns, Total: 180677 ns
[2020-12-14T01:14:34.804+0000][6][safepoint    ] Safepoint "Cleanup", Time since last: 1000177545 ns, Reaching safepoint: 201639 ns, At safepoint: 19755 ns, Total: 221394 ns
[2020-12-14T01:14:35.804+0000][6][safepoint    ] Safepoint "Cleanup", Time since last: 1000205397 ns, Reaching safepoint: 161193 ns, At safepoint: 20224 ns, Total: 181417 ns
[2020-12-14T01:14:36.805+0000][6][safepoint    ] Safepoint "Cleanup", Time since last: 1000155120 ns, Reaching safepoint: 169186 ns, At safepoint: 21776 ns, Total: 190962 ns
[2020-12-14T01:14:37.805+0000][6][safepoint    ] Safepoint "Cleanup", Time since last: 1000186946 ns, Reaching safepoint: 176932 ns, At safepoint: 21572 ns, Total: 198504 ns
[2020-12-14T01:14:38.805+0000][6][safepoint    ] Safepoint "Cleanup", Time since last: 1000168046 ns, Reaching safepoint: 184006 ns, At safepoint: 19928 ns, Total: 203934 ns
[2020-12-14T01:14:39.806+0000][6][safepoint    ] Safepoint "Cleanup", Time since last: 1000168199 ns, Reaching safepoint: 203407 ns, At safepoint: 20081 ns, Total: 223488 ns
[2020-12-14T01:14:40.806+0000][6][safepoint    ] Safepoint "Cleanup", Time since last: 1000189565 ns, Reaching safepoint: 192503 ns, At safepoint: 19335 ns, Total: 211838 ns
[2020-12-14T01:14:41.807+0000][6][safepoint    ] Safepoint "Cleanup", Time since last: 1000190703 ns, Reaching safepoint: 197070 ns, At safepoint: 18884 ns, Total: 215954 ns
[2020-12-14T01:14:42.807+0000][6][safepoint    ] Safepoint "Cleanup", Time since last: 1000186937 ns, Reaching safepoint: 197413 ns, At safepoint: 18778 ns, Total: 216191 ns
[2020-12-14T01:14:43.807+0000][6][safepoint    ] Safepoint "Cleanup", Time since last: 1000194994 ns, Reaching safepoint: 195179 ns, At safepoint: 19344 ns, Total: 214523 ns
[2020-12-14T01:14:44.808+0000][6][safepoint    ] Safepoint "Cleanup", Time since last: 1000172088 ns, Reaching safepoint: 199508 ns, At safepoint: 19462 ns, Total: 218970 ns
[2020-12-14T01:14:45.808+0000][6][safepoint    ] Safepoint "Cleanup", Time since last: 1000185593 ns, Reaching safepoint: 185683 ns, At safepoint: 19935 ns, Total: 205618 ns
[2020-12-14T01:14:46.809+0000][6][safepoint    ] Safepoint "Cleanup", Time since last: 1000181786 ns, Reaching safepoint: 164635 ns, At safepoint: 20979 ns, Total: 185614 ns
[2020-12-14T01:14:47.809+0000][6][safepoint    ] Safepoint "Cleanup", Time since last: 1000189341 ns, Reaching safepoint: 178639 ns, At safepoint: 20472 ns, Total: 199111 ns
[2020-12-14T01:14:48.809+0000][6][safepoint    ] Safepoint "Cleanup", Time since last: 1000190162 ns, Reaching safepoint: 190546 ns, At safepoint: 18331 ns, Total: 208877 ns
[2020-12-14T01:14:49.810+0000][6][safepoint    ] Safepoint "Cleanup", Time since last: 1000178678 ns, Reaching safepoint: 176445 ns, At safepoint: 21896 ns, Total: 198341 ns
[2020-12-14T01:14:50.810+0000][6][safepoint    ] Safepoint "Cleanup", Time since last: 1000184812 ns, Reaching safepoint: 273867 ns, At safepoint: 20479 ns, Total: 294346 ns
[2020-12-14T01:14:51.811+0000][6][safepoint    ] Safepoint "Cleanup", Time since last: 1000188157 ns, Reaching safepoint: 192824 ns, At safepoint: 19584 ns, Total: 212408 ns
[2020-12-14T01:14:52.811+0000][6][safepoint    ] Safepoint "Cleanup", Time since last: 1000171408 ns, Reaching safepoint: 177759 ns, At safepoint: 20558 ns, Total: 198317 ns
[2020-12-14T01:14:53.811+0000][6][safepoint    ] Safepoint "Cleanup", Time since last: 1000184772 ns, Reaching safepoint: 212166 ns, At safepoint: 19861 ns, Total: 232027 ns
[2020-12-14T01:14:54.812+0000][6][safepoint    ] Safepoint "Cleanup", Time since last: 1000155372 ns, Reaching safepoint: 197354 ns, At safepoint: 18543 ns, Total: 215897 ns
[2020-12-14T01:14:55.812+0000][6][safepoint    ] Safepoint "Cleanup", Time since last: 1000185159 ns, Reaching safepoint: 267764 ns, At safepoint: 21355 ns, Total: 289119 ns
[2020-12-14T01:14:56.813+0000][6][safepoint    ] Safepoint "Cleanup", Time since last: 1000152434 ns, Reaching safepoint: 204584 ns, At safepoint: 20676 ns, Total: 225260 ns
[2020-12-14T01:14:57.813+0000][6][safepoint    ] Safepoint "Cleanup", Time since last: 1000155875 ns, Reaching safepoint: 203471 ns, At safepoint: 20338 ns, Total: 223809 ns
[2020-12-14T01:14:58.813+0000][6][safepoint    ] Safepoint "Cleanup", Time since last: 1000132692 ns, Reaching safepoint: 200938 ns, At safepoint: 18770 ns, Total: 219708 ns
[2020-12-14T01:14:59.814+0000][6][safepoint    ] Safepoint "Cleanup", Time since last: 1000181451 ns, Reaching safepoint: 210301 ns, At safepoint: 20272 ns, Total: 230573 ns
[2020-12-14T01:15:00.814+0000][6][safepoint    ] Safepoint "Cleanup", Time since last: 1000184585 ns, Reaching safepoint: 257779 ns, At safepoint: 19577 ns, Total: 277356 ns
[2020-12-14T01:15:01.815+0000][6][safepoint    ] Safepoint "Cleanup", Time since last: 1000160365 ns, Reaching safepoint: 167086 ns, At safepoint: 21452 ns, Total: 188538 ns
[2020-12-14T01:15:02.815+0000][6][safepoint    ] Safepoint "Cleanup", Time since last: 1000191449 ns, Reaching safepoint: 177369 ns, At safepoint: 20232 ns, Total: 197601 ns
[2020-12-14T01:15:03.815+0000][6][safepoint    ] Safepoint "Cleanup", Time since last: 1000199571 ns, Reaching safepoint: 189370 ns, At safepoint: 18416 ns, Total: 207786 ns
[2020-12-14T01:15:04.816+0000][6][safepoint    ] Safepoint "Cleanup", Time since last: 1000157883 ns, Reaching safepoint: 188742 ns, At safepoint: 19264 ns, Total: 208006 ns
[2020-12-14T01:15:05.816+0000][6][safepoint    ] Safepoint "Cleanup", Time since last: 1000183554 ns, Reaching safepoint: 236730 ns, At safepoint: 22279 ns, Total: 259009 ns
[2020-12-14T01:15:06.817+0000][6][safepoint    ] Safepoint "Cleanup", Time since last: 1000156333 ns, Reaching safepoint: 177869 ns, At safepoint: 20058 ns, Total: 197927 ns
[2020-12-14T01:15:07.817+0000][6][safepoint    ] Safepoint "Cleanup", Time since last: 1000169133 ns, Reaching safepoint: 206634 ns, At safepoint: 18319 ns, Total: 224953 ns
[2020-12-14T01:15:08.817+0000][6][safepoint    ] Safepoint "Cleanup", Time since last: 1000208035 ns, Reaching safepoint: 201803 ns, At safepoint: 22029 ns, Total: 223832 ns
[2020-12-14T01:15:09.818+0000][6][safepoint    ] Safepoint "Cleanup", Time since last: 1000177101 ns, Reaching safepoint: 209373 ns, At safepoint: 19301 ns, Total: 228674 ns
[2020-12-14T01:15:10.818+0000][6][safepoint    ] Safepoint "Cleanup", Time since last: 1000189522 ns, Reaching safepoint: 239984 ns, At safepoint: 20816 ns, Total: 260800 ns
[2020-12-14T01:15:11.819+0000][6][safepoint    ] Safepoint "Cleanup", Time since last: 1000191696 ns, Reaching safepoint: 202620 ns, At safepoint: 19618 ns, Total: 222238 ns
[2020-12-14T01:15:12.819+0000][6][safepoint    ] Safepoint "Cleanup", Time since last: 1000187800 ns, Reaching safepoint: 168977 ns, At safepoint: 21162 ns, Total: 190139 ns
[2020-12-14T01:15:13.819+0000][6][safepoint    ] Safepoint "Cleanup", Time since last: 1000192206 ns, Reaching safepoint: 210378 ns, At safepoint: 17950 ns, Total: 228328 ns
[2020-12-14T01:15:14.820+0000][6][safepoint    ] Safepoint "Cleanup", Time since last: 1000191800 ns, Reaching safepoint: 199648 ns, At safepoint: 20982 ns, Total: 220630 ns
[2020-12-14T01:15:15.820+0000][6][safepoint    ] Safepoint "Cleanup", Time since last: 1000185379 ns, Reaching safepoint: 179583 ns, At safepoint: 18127 ns, Total: 197710 ns
[2020-12-14T01:15:16.821+0000][6][safepoint    ] Safepoint "Cleanup", Time since last: 1000148101 ns, Reaching safepoint: 173263 ns, At safepoint: 17534 ns, Total: 190797 ns
[2020-12-14T01:15:16.853+0000][6][safepoint    ] Safepoint "BulkRevokeBias", Time since last: 31234728 ns, Reaching safepoint: 144613 ns, At safepoint: 650894 ns, Total: 795507 ns
[2020-12-14T01:15:16.864+0000][6][safepoint    ] Safepoint "BulkRevokeBias", Time since last: 10189174 ns, Reaching safepoint: 105190 ns, At safepoint: 1243425 ns, Total: 1348615 ns
[2020-12-14T01:15:16.865+0000][6][safepoint    ] Safepoint "BulkRevokeBias", Time since last: 393144 ns, Reaching safepoint: 159152 ns, At safepoint: 510452 ns, Total: 669604 ns
[2020-12-14T01:15:16.870+0000][6][safepoint    ] Safepoint "BulkRevokeBias", Time since last: 4428749 ns, Reaching safepoint: 163152 ns, At safepoint: 516822 ns, Total: 679974 ns
[2020-12-14T01:15:17.503+0000][6][gc,heap,exit ] Heap
[2020-12-14T01:15:17.503+0000][6][gc,heap,exit ]  garbage-first heap   total 766976K, used 541499K [0x00000000c0000000, 0x0000000100000000)
[2020-12-14T01:15:17.504+0000][6][gc,heap,exit ]   region size 1024K, 372 young (380928K), 15 survivors (15360K)
[2020-12-14T01:15:17.504+0000][6][gc,heap,exit ]  Metaspace       used 69362K, capacity 73895K, committed 73992K, reserved 1112064K
[2020-12-14T01:15:17.504+0000][6][gc,heap,exit ]   class space    used 9135K, capacity 11093K, committed 11136K, reserved 1048576K
