[2021-08-17T02:01:52.881+0000][6][gc,heap] Heap region size: 1M
[2021-08-17T02:01:52.881+0000][6][gc,heap,coops] Heap address: 0x00000000c0000000, size: 1024 MB, Compressed Oops mode: 32-bit
[2021-08-17T02:01:53.271+0000][6][gc           ] Using G1
[2021-08-17T02:01:53.271+0000][6][gc,cds       ] Mark closed archive regions in map: [0x00000000fff00000, 0x00000000fff7eff8]
[2021-08-17T02:01:53.271+0000][6][gc,cds       ] Mark open archive regions in map: [0x00000000ffe00000, 0x00000000ffe51ff8]
[2021-08-17T02:01:53.386+0000][6][gc           ] Periodic GC disabled
[2021-08-17T02:01:53.736+0000][6][gc,start     ] GC(0) Pause Young (Normal) (G1 Evacuation Pause)
[2021-08-17T02:01:53.737+0000][6][gc,task      ] GC(0) Using 4 workers of 4 for evacuation
[2021-08-17T02:01:53.737+0000][6][gc,age       ] GC(0) Desired survivor size 1048576 bytes, new threshold 15 (max threshold 15)
[2021-08-17T02:01:53.740+0000][6][gc,age       ] GC(0) Age table with threshold 15 (max threshold 15)
[2021-08-17T02:01:53.740+0000][6][gc,age       ] GC(0) - age   1:    2079096 bytes,    2079096 total
[2021-08-17T02:01:53.740+0000][6][gc,phases    ] GC(0)   Pre Evacuate Collection Set: 0.1ms
[2021-08-17T02:01:53.740+0000][6][gc,phases    ] GC(0)   Merge Heap Roots: 0.0ms
[2021-08-17T02:01:53.740+0000][6][gc,phases    ] GC(0)   Evacuate Collection Set: 2.0ms
[2021-08-17T02:01:53.740+0000][6][gc,phases    ] GC(0)   Post Evacuate Collection Set: 1.0ms
[2021-08-17T02:01:53.740+0000][6][gc,phases    ] GC(0)   Other: 0.9ms
[2021-08-17T02:01:53.740+0000][6][gc,heap      ] GC(0) Eden regions: 13->0(16)
[2021-08-17T02:01:53.740+0000][6][gc,heap      ] GC(0) Survivor regions: 0->2(2)
[2021-08-17T02:01:53.740+0000][6][gc,heap      ] GC(0) Old regions: 0->1
[2021-08-17T02:01:53.740+0000][6][gc,heap      ] GC(0) Archive regions: 2->2
[2021-08-17T02:01:53.740+0000][6][gc,heap      ] GC(0) Humongous regions: 1->1
[2021-08-17T02:01:53.740+0000][6][gc,metaspace ] GC(0) Metaspace: 3515K(6656K)->3515K(6656K) NonClass: 3155K(5888K)->3155K(5888K) Class: 360K(768K)->360K(768K)
[2021-08-17T02:01:53.741+0000][6][gc           ] GC(0) Pause Young (Normal) (G1 Evacuation Pause) 14M->3M(258M) 5.359ms
[2021-08-17T02:01:53.741+0000][6][gc,cpu       ] GC(0) User=0.01s Sys=0.00s Real=0.00s
[2021-08-17T02:01:53.741+0000][6][safepoint    ] Safepoint "G1CollectForAllocation", Time since last: 415950754 ns, Reaching safepoint: 107177 ns, At safepoint: 5504411 ns, Total: 5611588 ns
[2021-08-17T02:01:54.234+0000][6][gc,start     ] GC(1) Pause Young (Normal) (G1 Evacuation Pause)
[2021-08-17T02:01:54.234+0000][6][gc,task      ] GC(1) Using 4 workers of 4 for evacuation
[2021-08-17T02:01:54.234+0000][6][gc,age       ] GC(1) Desired survivor size 1572864 bytes, new threshold 1 (max threshold 15)
[2021-08-17T02:01:54.246+0000][6][gc,age       ] GC(1) Age table with threshold 1 (max threshold 15)
[2021-08-17T02:01:54.246+0000][6][gc,age       ] GC(1) - age   1:    1266624 bytes,    1266624 total
[2021-08-17T02:01:54.246+0000][6][gc,phases    ] GC(1)   Pre Evacuate Collection Set: 0.2ms
[2021-08-17T02:01:54.246+0000][6][gc,phases    ] GC(1)   Merge Heap Roots: 0.0ms
[2021-08-17T02:01:54.246+0000][6][gc,phases    ] GC(1)   Evacuate Collection Set: 10.7ms
[2021-08-17T02:01:54.246+0000][6][gc,phases    ] GC(1)   Post Evacuate Collection Set: 0.8ms
[2021-08-17T02:01:54.246+0000][6][gc,phases    ] GC(1)   Other: 0.2ms
[2021-08-17T02:01:54.246+0000][6][gc,heap      ] GC(1) Eden regions: 16->0(48)
[2021-08-17T02:01:54.246+0000][6][gc,heap      ] GC(1) Survivor regions: 2->2(3)
[2021-08-17T02:01:54.246+0000][6][gc,heap      ] GC(1) Old regions: 1->3
[2021-08-17T02:01:54.246+0000][6][gc,heap      ] GC(1) Archive regions: 2->2
[2021-08-17T02:01:54.246+0000][6][gc,heap      ] GC(1) Humongous regions: 1->1
[2021-08-17T02:01:54.246+0000][6][gc,metaspace ] GC(1) Metaspace: 8103K(9600K)->8103K(9600K) NonClass: 7150K(8448K)->7150K(8448K) Class: 953K(1152K)->953K(1152K)
[2021-08-17T02:01:54.246+0000][6][gc           ] GC(1) Pause Young (Normal) (G1 Evacuation Pause) 19M->5M(258M) 11.916ms
[2021-08-17T02:01:54.246+0000][6][gc,cpu       ] GC(1) User=0.01s Sys=0.00s Real=0.01s
[2021-08-17T02:01:54.246+0000][6][safepoint    ] Safepoint "G1CollectForAllocation", Time since last: 489275957 ns, Reaching safepoint: 3736501 ns, At safepoint: 12012980 ns, Total: 15749481 ns
[2021-08-17T02:01:55.317+0000][6][safepoint    ] Safepoint "Cleanup", Time since last: 1070446449 ns, Reaching safepoint: 170821 ns, At safepoint: 3837 ns, Total: 174658 ns
[2021-08-17T02:01:55.584+0000][6][gc,start     ] GC(2) Pause Young (Normal) (G1 Evacuation Pause)
[2021-08-17T02:01:55.584+0000][6][gc,task      ] GC(2) Using 4 workers of 4 for evacuation
[2021-08-17T02:01:55.584+0000][6][gc,age       ] GC(2) Desired survivor size 3670016 bytes, new threshold 15 (max threshold 15)
[2021-08-17T02:01:55.591+0000][6][gc,age       ] GC(2) Age table with threshold 15 (max threshold 15)
[2021-08-17T02:01:55.591+0000][6][gc,age       ] GC(2) - age   1:    2868288 bytes,    2868288 total
[2021-08-17T02:01:55.591+0000][6][gc,age       ] GC(2) - age   2:    1187024 bytes,    4055312 total
[2021-08-17T02:01:55.591+0000][6][gc,phases    ] GC(2)   Pre Evacuate Collection Set: 0.1ms
[2021-08-17T02:01:55.591+0000][6][gc,phases    ] GC(2)   Merge Heap Roots: 0.1ms
[2021-08-17T02:01:55.591+0000][6][gc,phases    ] GC(2)   Evacuate Collection Set: 6.1ms
[2021-08-17T02:01:55.591+0000][6][gc,phases    ] GC(2)   Post Evacuate Collection Set: 1.3ms
[2021-08-17T02:01:55.591+0000][6][gc,phases    ] GC(2)   Other: 0.1ms
[2021-08-17T02:01:55.591+0000][6][gc,heap      ] GC(2) Eden regions: 48->0(148)
[2021-08-17T02:01:55.591+0000][6][gc,heap      ] GC(2) Survivor regions: 2->5(7)
[2021-08-17T02:01:55.591+0000][6][gc,heap      ] GC(2) Old regions: 3->3
[2021-08-17T02:01:55.591+0000][6][gc,heap      ] GC(2) Archive regions: 2->2
[2021-08-17T02:01:55.591+0000][6][gc,heap      ] GC(2) Humongous regions: 1->1
[2021-08-17T02:01:55.591+0000][6][gc,metaspace ] GC(2) Metaspace: 14070K(14848K)->14070K(14848K) NonClass: 12350K(12800K)->12350K(12800K) Class: 1719K(2048K)->1719K(2048K)
[2021-08-17T02:01:55.591+0000][6][gc           ] GC(2) Pause Young (Normal) (G1 Evacuation Pause) 53M->7M(258M) 7.731ms
[2021-08-17T02:01:55.591+0000][6][gc,cpu       ] GC(2) User=0.01s Sys=0.00s Real=0.00s
[2021-08-17T02:01:55.591+0000][6][safepoint    ] Safepoint "G1CollectForAllocation", Time since last: 266341086 ns, Reaching safepoint: 99414 ns, At safepoint: 7824172 ns, Total: 7923586 ns
[2021-08-17T02:01:55.602+0000][6][safepoint    ] Safepoint "BulkRevokeBias", Time since last: 10500915 ns, Reaching safepoint: 221049 ns, At safepoint: 53876 ns, Total: 274925 ns
[2021-08-17T02:01:56.052+0000][6][gc,start     ] GC(3) Pause Young (Normal) (G1 Evacuation Pause)
[2021-08-17T02:01:56.052+0000][6][gc,task      ] GC(3) Using 4 workers of 4 for evacuation
[2021-08-17T02:01:56.052+0000][6][gc,age       ] GC(3) Desired survivor size 10485760 bytes, new threshold 15 (max threshold 15)
[2021-08-17T02:01:56.059+0000][6][gc,age       ] GC(3) Age table with threshold 15 (max threshold 15)
[2021-08-17T02:01:56.059+0000][6][gc,age       ] GC(3) - age   1:    2508640 bytes,    2508640 total
[2021-08-17T02:01:56.059+0000][6][gc,age       ] GC(3) - age   2:    1840416 bytes,    4349056 total
[2021-08-17T02:01:56.059+0000][6][gc,age       ] GC(3) - age   3:    1183248 bytes,    5532304 total
[2021-08-17T02:01:56.059+0000][6][gc,phases    ] GC(3)   Pre Evacuate Collection Set: 0.1ms
[2021-08-17T02:01:56.059+0000][6][gc,phases    ] GC(3)   Merge Heap Roots: 0.1ms
[2021-08-17T02:01:56.059+0000][6][gc,phases    ] GC(3)   Evacuate Collection Set: 4.5ms
[2021-08-17T02:01:56.059+0000][6][gc,phases    ] GC(3)   Post Evacuate Collection Set: 1.7ms
[2021-08-17T02:01:56.059+0000][6][gc,phases    ] GC(3)   Other: 0.2ms
[2021-08-17T02:01:56.059+0000][6][gc,heap      ] GC(3) Eden regions: 148->0(147)
[2021-08-17T02:01:56.059+0000][6][gc,heap      ] GC(3) Survivor regions: 5->6(20)
[2021-08-17T02:01:56.059+0000][6][gc,heap      ] GC(3) Old regions: 3->3
[2021-08-17T02:01:56.059+0000][6][gc,heap      ] GC(3) Archive regions: 2->2
[2021-08-17T02:01:56.059+0000][6][gc,heap      ] GC(3) Humongous regions: 2->1
[2021-08-17T02:01:56.059+0000][6][gc,metaspace ] GC(3) Metaspace: 16290K(17152K)->16290K(17152K) NonClass: 14279K(14848K)->14279K(14848K) Class: 2011K(2304K)->2011K(2304K)
[2021-08-17T02:01:56.059+0000][6][gc           ] GC(3) Pause Young (Normal) (G1 Evacuation Pause) 156M->9M(258M) 6.631ms
[2021-08-17T02:01:56.059+0000][6][gc,cpu       ] GC(3) User=0.01s Sys=0.00s Real=0.01s
[2021-08-17T02:01:56.059+0000][6][safepoint    ] Safepoint "G1CollectForAllocation", Time since last: 450166971 ns, Reaching safepoint: 121355 ns, At safepoint: 6682913 ns, Total: 6804268 ns
[2021-08-17T02:01:56.060+0000][6][safepoint    ] Safepoint "BulkRevokeBias", Time since last: 920962 ns, Reaching safepoint: 198670 ns, At safepoint: 45725 ns, Total: 244395 ns
[2021-08-17T02:01:56.060+0000][6][safepoint    ] Safepoint "BulkRevokeBias", Time since last: 57073 ns, Reaching safepoint: 163603 ns, At safepoint: 63839 ns, Total: 227442 ns
[2021-08-17T02:01:56.470+0000][6][gc,start     ] GC(4) Pause Young (Normal) (G1 Evacuation Pause)
[2021-08-17T02:01:56.470+0000][6][gc,task      ] GC(4) Using 4 workers of 4 for evacuation
[2021-08-17T02:01:56.470+0000][6][gc,age       ] GC(4) Desired survivor size 10485760 bytes, new threshold 15 (max threshold 15)
[2021-08-17T02:01:56.642+0000][6][gc,age       ] GC(4) Age table with threshold 15 (max threshold 15)
[2021-08-17T02:01:56.642+0000][6][gc,age       ] GC(4) - age   1:    4655392 bytes,    4655392 total
[2021-08-17T02:01:56.642+0000][6][gc,age       ] GC(4) - age   2:    2140504 bytes,    6795896 total
[2021-08-17T02:01:56.642+0000][6][gc,age       ] GC(4) - age   3:    1839960 bytes,    8635856 total
[2021-08-17T02:01:56.642+0000][6][gc,age       ] GC(4) - age   4:    1183248 bytes,    9819104 total
[2021-08-17T02:01:56.642+0000][6][gc,phases    ] GC(4)   Pre Evacuate Collection Set: 9.1ms
[2021-08-17T02:01:56.642+0000][6][gc,phases    ] GC(4)   Merge Heap Roots: 9.2ms
[2021-08-17T02:01:56.642+0000][6][gc,phases    ] GC(4)   Evacuate Collection Set: 75.7ms
[2021-08-17T02:01:56.642+0000][6][gc,phases    ] GC(4)   Post Evacuate Collection Set: 77.1ms
[2021-08-17T02:01:56.642+0000][6][gc,phases    ] GC(4)   Other: 0.2ms
[2021-08-17T02:01:56.642+0000][6][gc,heap      ] GC(4) Eden regions: 147->0(143)
[2021-08-17T02:01:56.642+0000][6][gc,heap      ] GC(4) Survivor regions: 6->10(20)
[2021-08-17T02:01:56.642+0000][6][gc,heap      ] GC(4) Old regions: 3->3
[2021-08-17T02:01:56.642+0000][6][gc,heap      ] GC(4) Archive regions: 2->2
[2021-08-17T02:01:56.642+0000][6][gc,heap      ] GC(4) Humongous regions: 1->1
[2021-08-17T02:01:56.642+0000][6][gc,metaspace ] GC(4) Metaspace: 17775K(18944K)->17775K(18944K) NonClass: 15618K(16384K)->15618K(16384K) Class: 2157K(2560K)->2157K(2560K)
[2021-08-17T02:01:56.642+0000][6][gc           ] GC(4) Pause Young (Normal) (G1 Evacuation Pause) 156M->13M(258M) 171.329ms
[2021-08-17T02:01:56.642+0000][6][gc,cpu       ] GC(4) User=0.13s Sys=0.02s Real=0.17s
[2021-08-17T02:01:56.642+0000][6][safepoint    ] Safepoint "G1CollectForAllocation", Time since last: 403959078 ns, Reaching safepoint: 5928434 ns, At safepoint: 171397425 ns, Total: 177325859 ns
[2021-08-17T02:01:56.703+0000][6][safepoint    ] Safepoint "BulkRevokeBias", Time since last: 56764435 ns, Reaching safepoint: 3880159 ns, At safepoint: 69802 ns, Total: 3949961 ns
[2021-08-17T02:01:57.151+0000][6][gc,start     ] GC(5) Pause Young (Concurrent Start) (Metadata GC Threshold)
[2021-08-17T02:01:57.151+0000][6][gc,task      ] GC(5) Using 4 workers of 4 for evacuation
[2021-08-17T02:01:57.152+0000][6][gc,age       ] GC(5) Desired survivor size 10485760 bytes, new threshold 15 (max threshold 15)
[2021-08-17T02:01:57.167+0000][6][gc,age       ] GC(5) Age table with threshold 15 (max threshold 15)
[2021-08-17T02:01:57.167+0000][6][gc,age       ] GC(5) - age   1:     450040 bytes,     450040 total
[2021-08-17T02:01:57.167+0000][6][gc,age       ] GC(5) - age   2:    2577736 bytes,    3027776 total
[2021-08-17T02:01:57.167+0000][6][gc,age       ] GC(5) - age   3:    2137000 bytes,    5164776 total
[2021-08-17T02:01:57.167+0000][6][gc,age       ] GC(5) - age   4:    1831832 bytes,    6996608 total
[2021-08-17T02:01:57.167+0000][6][gc,age       ] GC(5) - age   5:    1182496 bytes,    8179104 total
[2021-08-17T02:01:57.167+0000][6][gc,phases    ] GC(5)   Pre Evacuate Collection Set: 0.3ms
[2021-08-17T02:01:57.167+0000][6][gc,phases    ] GC(5)   Merge Heap Roots: 0.2ms
[2021-08-17T02:01:57.167+0000][6][gc,phases    ] GC(5)   Evacuate Collection Set: 10.5ms
[2021-08-17T02:01:57.167+0000][6][gc,phases    ] GC(5)   Post Evacuate Collection Set: 4.1ms
[2021-08-17T02:01:57.167+0000][6][gc,phases    ] GC(5)   Other: 0.2ms
[2021-08-17T02:01:57.167+0000][6][gc,heap      ] GC(5) Eden regions: 27->0(144)
[2021-08-17T02:01:57.167+0000][6][gc,heap      ] GC(5) Survivor regions: 10->9(20)
[2021-08-17T02:01:57.167+0000][6][gc,heap      ] GC(5) Old regions: 3->3
[2021-08-17T02:01:57.167+0000][6][gc,heap      ] GC(5) Archive regions: 2->2
[2021-08-17T02:01:57.167+0000][6][gc,heap      ] GC(5) Humongous regions: 1->1
[2021-08-17T02:01:57.167+0000][6][gc,metaspace ] GC(5) Metaspace: 20235K(21248K)->20235K(21248K) NonClass: 17793K(18432K)->17793K(18432K) Class: 2442K(2816K)->2442K(2816K)
[2021-08-17T02:01:57.167+0000][6][gc           ] GC(5) Pause Young (Concurrent Start) (Metadata GC Threshold) 40M->12M(258M) 15.502ms
[2021-08-17T02:01:57.167+0000][6][gc,cpu       ] GC(5) User=0.02s Sys=0.00s Real=0.02s
[2021-08-17T02:01:57.167+0000][6][safepoint    ] Safepoint "CollectForMetadataAllocation", Time since last: 448141770 ns, Reaching safepoint: 797414 ns, At safepoint: 15660843 ns, Total: 16458257 ns
[2021-08-17T02:01:57.167+0000][6][gc           ] GC(6) Concurrent Cycle
[2021-08-17T02:01:57.167+0000][6][gc,marking   ] GC(6) Concurrent Clear Claimed Marks
[2021-08-17T02:01:57.167+0000][6][gc,marking   ] GC(6) Concurrent Clear Claimed Marks 0.072ms
[2021-08-17T02:01:57.167+0000][6][gc,marking   ] GC(6) Concurrent Scan Root Regions
[2021-08-17T02:01:57.177+0000][6][gc,marking   ] GC(6) Concurrent Scan Root Regions 9.957ms
[2021-08-17T02:01:57.177+0000][6][gc,marking   ] GC(6) Concurrent Mark (4.306s)
[2021-08-17T02:01:57.177+0000][6][gc,marking   ] GC(6) Concurrent Mark From Roots
[2021-08-17T02:01:57.177+0000][6][gc,task      ] GC(6) Using 1 workers of 1 for marking
[2021-08-17T02:01:57.192+0000][6][safepoint    ] Safepoint "BulkRevokeBias", Time since last: 13781677 ns, Reaching safepoint: 10382925 ns, At safepoint: 315739 ns, Total: 10698664 ns
[2021-08-17T02:01:57.193+0000][6][safepoint    ] Safepoint "BulkRevokeBias", Time since last: 1415407 ns, Reaching safepoint: 252683 ns, At safepoint: 48865 ns, Total: 301548 ns
[2021-08-17T02:01:57.194+0000][6][gc,marking   ] GC(6) Concurrent Mark From Roots 16.955ms
[2021-08-17T02:01:57.194+0000][6][gc,marking   ] GC(6) Concurrent Preclean
[2021-08-17T02:01:57.194+0000][6][gc,marking   ] GC(6) Concurrent Preclean 0.157ms
[2021-08-17T02:01:57.194+0000][6][gc,marking   ] GC(6) Concurrent Mark (4.306s, 4.324s) 17.215ms
[2021-08-17T02:01:57.195+0000][6][gc,start     ] GC(6) Pause Remark
[2021-08-17T02:01:57.198+0000][6][gc           ] GC(6) Pause Remark 13M->13M(256M) 3.480ms
[2021-08-17T02:01:57.198+0000][6][gc,cpu       ] GC(6) User=0.00s Sys=0.00s Real=0.00s
[2021-08-17T02:01:57.198+0000][6][safepoint    ] Safepoint "G1Concurrent", Time since last: 1208390 ns, Reaching safepoint: 191921 ns, At safepoint: 3560728 ns, Total: 3752649 ns
[2021-08-17T02:01:57.198+0000][6][gc,marking   ] GC(6) Concurrent Rebuild Remembered Sets
[2021-08-17T02:01:57.200+0000][6][gc,marking   ] GC(6) Concurrent Rebuild Remembered Sets 1.521ms
[2021-08-17T02:01:57.210+0000][6][gc,start     ] GC(6) Pause Cleanup
[2021-08-17T02:01:57.210+0000][6][gc           ] GC(6) Pause Cleanup 13M->13M(256M) 0.107ms
[2021-08-17T02:01:57.210+0000][6][gc,cpu       ] GC(6) User=0.00s Sys=0.00s Real=0.00s
[2021-08-17T02:01:57.210+0000][6][safepoint    ] Safepoint "G1Concurrent", Time since last: 9145529 ns, Reaching safepoint: 2828080 ns, At safepoint: 168055 ns, Total: 2996135 ns
[2021-08-17T02:01:57.214+0000][6][gc,marking   ] GC(6) Concurrent Cleanup for Next Mark
[2021-08-17T02:01:57.215+0000][6][gc,marking   ] GC(6) Concurrent Cleanup for Next Mark 1.236ms
[2021-08-17T02:01:57.215+0000][6][gc           ] GC(6) Concurrent Cycle 47.712ms
[2021-08-17T02:01:58.005+0000][6][safepoint    ] Safepoint "ICBufferFull", Time since last: 794005590 ns, Reaching safepoint: 378642 ns, At safepoint: 8487 ns, Total: 387129 ns
[2021-08-17T02:01:58.498+0000][6][gc,start     ] GC(7) Pause Young (Normal) (G1 Evacuation Pause)
[2021-08-17T02:01:58.498+0000][6][gc,task      ] GC(7) Using 4 workers of 4 for evacuation
[2021-08-17T02:01:58.498+0000][6][gc,age       ] GC(7) Desired survivor size 10485760 bytes, new threshold 15 (max threshold 15)
[2021-08-17T02:01:58.518+0000][6][gc,age       ] GC(7) Age table with threshold 15 (max threshold 15)
[2021-08-17T02:01:58.518+0000][6][gc,age       ] GC(7) - age   1:   12836368 bytes,   12836368 total
[2021-08-17T02:01:58.518+0000][6][gc,age       ] GC(7) - age   2:     426704 bytes,   13263072 total
[2021-08-17T02:01:58.518+0000][6][gc,age       ] GC(7) - age   3:    2570272 bytes,   15833344 total
[2021-08-17T02:01:58.518+0000][6][gc,age       ] GC(7) - age   4:    2133416 bytes,   17966760 total
[2021-08-17T02:01:58.518+0000][6][gc,age       ] GC(7) - age   5:    1797640 bytes,   19764400 total
[2021-08-17T02:01:58.518+0000][6][gc,age       ] GC(7) - age   6:    1158160 bytes,   20922560 total
[2021-08-17T02:01:58.518+0000][6][gc,phases    ] GC(7)   Pre Evacuate Collection Set: 0.1ms
[2021-08-17T02:01:58.518+0000][6][gc,phases    ] GC(7)   Merge Heap Roots: 0.2ms
[2021-08-17T02:01:58.518+0000][6][gc,phases    ] GC(7)   Evacuate Collection Set: 18.1ms
[2021-08-17T02:01:58.518+0000][6][gc,phases    ] GC(7)   Post Evacuate Collection Set: 1.9ms
[2021-08-17T02:01:58.518+0000][6][gc,phases    ] GC(7)   Other: 0.2ms
[2021-08-17T02:01:58.518+0000][6][gc,heap      ] GC(7) Eden regions: 144->0(133)
[2021-08-17T02:01:58.518+0000][6][gc,heap      ] GC(7) Survivor regions: 9->20(20)
[2021-08-17T02:01:58.518+0000][6][gc,heap      ] GC(7) Old regions: 3->10
[2021-08-17T02:01:58.518+0000][6][gc,heap      ] GC(7) Archive regions: 2->2
[2021-08-17T02:01:58.518+0000][6][gc,heap      ] GC(7) Humongous regions: 1->1
[2021-08-17T02:01:58.518+0000][6][gc,metaspace ] GC(7) Metaspace: 24839K(26492K)->24839K(26492K) NonClass: 21736K(22780K)->21736K(22780K) Class: 3102K(3712K)->3102K(3712K)
[2021-08-17T02:01:58.518+0000][6][gc           ] GC(7) Pause Young (Normal) (G1 Evacuation Pause) 156M->29M(256M) 20.586ms
[2021-08-17T02:01:58.518+0000][6][gc,cpu       ] GC(7) User=0.07s Sys=0.00s Real=0.02s
[2021-08-17T02:01:58.518+0000][6][safepoint    ] Safepoint "G1CollectForAllocation", Time since last: 492674865 ns, Reaching safepoint: 100393 ns, At safepoint: 20691694 ns, Total: 20792087 ns
[2021-08-17T02:01:59.092+0000][6][safepoint    ] Safepoint "ICBufferFull", Time since last: 573741998 ns, Reaching safepoint: 318118 ns, At safepoint: 7194 ns, Total: 325312 ns
[2021-08-17T02:01:59.335+0000][6][gc,start     ] GC(8) Pause Young (Concurrent Start) (Metadata GC Threshold)
[2021-08-17T02:01:59.335+0000][6][gc,task      ] GC(8) Using 4 workers of 4 for evacuation
[2021-08-17T02:01:59.335+0000][6][gc,age       ] GC(8) Desired survivor size 10485760 bytes, new threshold 1 (max threshold 15)
[2021-08-17T02:01:59.356+0000][6][gc,age       ] GC(8) Age table with threshold 1 (max threshold 15)
[2021-08-17T02:01:59.356+0000][6][gc,age       ] GC(8) - age   1:   10408032 bytes,   10408032 total
[2021-08-17T02:01:59.356+0000][6][gc,phases    ] GC(8)   Pre Evacuate Collection Set: 0.3ms
[2021-08-17T02:01:59.356+0000][6][gc,phases    ] GC(8)   Merge Heap Roots: 0.4ms
[2021-08-17T02:01:59.356+0000][6][gc,phases    ] GC(8)   Evacuate Collection Set: 19.2ms
[2021-08-17T02:01:59.356+0000][6][gc,phases    ] GC(8)   Post Evacuate Collection Set: 1.5ms
[2021-08-17T02:01:59.357+0000][6][gc,phases    ] GC(8)   Other: 0.2ms
[2021-08-17T02:01:59.357+0000][6][gc,heap      ] GC(8) Eden regions: 104->0(119)
[2021-08-17T02:01:59.357+0000][6][gc,heap      ] GC(8) Survivor regions: 20->11(20)
[2021-08-17T02:01:59.357+0000][6][gc,heap      ] GC(8) Old regions: 10->29
[2021-08-17T02:01:59.357+0000][6][gc,heap      ] GC(8) Archive regions: 2->2
[2021-08-17T02:01:59.357+0000][6][gc,heap      ] GC(8) Humongous regions: 1->1
[2021-08-17T02:01:59.357+0000][6][gc,metaspace ] GC(8) Metaspace: 33755K(36048K)->33755K(36048K) NonClass: 29316K(30672K)->29316K(30672K) Class: 4438K(5376K)->4438K(5376K)
[2021-08-17T02:01:59.357+0000][6][gc           ] GC(8) Pause Young (Concurrent Start) (Metadata GC Threshold) 133M->40M(256M) 21.646ms
[2021-08-17T02:01:59.357+0000][6][gc,cpu       ] GC(8) User=0.08s Sys=0.00s Real=0.02s
[2021-08-17T02:01:59.357+0000][6][gc           ] GC(9) Concurrent Cycle
[2021-08-17T02:01:59.357+0000][6][gc,marking   ] GC(9) Concurrent Clear Claimed Marks
[2021-08-17T02:01:59.357+0000][6][safepoint    ] Safepoint "CollectForMetadataAllocation", Time since last: 242406097 ns, Reaching safepoint: 159907 ns, At safepoint: 21870001 ns, Total: 22029908 ns
[2021-08-17T02:01:59.357+0000][6][gc,marking   ] GC(9) Concurrent Clear Claimed Marks 0.156ms
[2021-08-17T02:01:59.357+0000][6][gc,marking   ] GC(9) Concurrent Scan Root Regions
[2021-08-17T02:01:59.371+0000][6][safepoint    ] Safepoint "CollectForMetadataAllocation", Time since last: 13972193 ns, Reaching safepoint: 173869 ns, At safepoint: 139851 ns, Total: 313720 ns
[2021-08-17T02:01:59.373+0000][6][gc,marking   ] GC(9) Concurrent Scan Root Regions 15.976ms
[2021-08-17T02:01:59.373+0000][6][gc,marking   ] GC(9) Concurrent Mark (6.502s)
[2021-08-17T02:01:59.373+0000][6][gc,marking   ] GC(9) Concurrent Mark From Roots
[2021-08-17T02:01:59.373+0000][6][gc,task      ] GC(9) Using 1 workers of 1 for marking
[2021-08-17T02:01:59.386+0000][6][safepoint    ] Safepoint "CollectForMetadataAllocation", Time since last: 14540117 ns, Reaching safepoint: 296312 ns, At safepoint: 179365 ns, Total: 475677 ns
[2021-08-17T02:01:59.390+0000][6][gc,marking   ] GC(9) Concurrent Mark From Roots 16.597ms
[2021-08-17T02:01:59.390+0000][6][gc,marking   ] GC(9) Concurrent Preclean
[2021-08-17T02:01:59.390+0000][6][gc,marking   ] GC(9) Concurrent Preclean 0.132ms
[2021-08-17T02:01:59.390+0000][6][gc,marking   ] GC(9) Concurrent Mark (6.502s, 6.519s) 16.773ms
[2021-08-17T02:01:59.390+0000][6][gc,start     ] GC(9) Pause Remark
[2021-08-17T02:01:59.395+0000][6][gc           ] GC(9) Pause Remark 43M->43M(256M) 5.442ms
[2021-08-17T02:01:59.396+0000][6][gc,cpu       ] GC(9) User=0.01s Sys=0.01s Real=0.01s
[2021-08-17T02:01:59.396+0000][6][safepoint    ] Safepoint "G1Concurrent", Time since last: 3877162 ns, Reaching safepoint: 100153 ns, At safepoint: 5518834 ns, Total: 5618987 ns
[2021-08-17T02:01:59.396+0000][6][gc,marking   ] GC(9) Concurrent Rebuild Remembered Sets
[2021-08-17T02:01:59.422+0000][6][gc,marking   ] GC(9) Concurrent Rebuild Remembered Sets 26.411ms
[2021-08-17T02:01:59.423+0000][6][gc,start     ] GC(9) Pause Cleanup
[2021-08-17T02:01:59.423+0000][6][gc           ] GC(9) Pause Cleanup 44M->44M(256M) 0.320ms
[2021-08-17T02:01:59.423+0000][6][gc,cpu       ] GC(9) User=0.00s Sys=0.00s Real=0.00s
[2021-08-17T02:01:59.424+0000][6][safepoint    ] Safepoint "G1Concurrent", Time since last: 26710454 ns, Reaching safepoint: 852360 ns, At safepoint: 429140 ns, Total: 1281500 ns
[2021-08-17T02:01:59.424+0000][6][gc,marking   ] GC(9) Concurrent Cleanup for Next Mark
[2021-08-17T02:01:59.425+0000][6][gc,marking   ] GC(9) Concurrent Cleanup for Next Mark 1.112ms
[2021-08-17T02:01:59.425+0000][6][gc           ] GC(9) Concurrent Cycle 68.067ms
[2021-08-17T02:02:00.235+0000][6][safepoint    ] Safepoint "ICBufferFull", Time since last: 810279950 ns, Reaching safepoint: 1323006 ns, At safepoint: 53864 ns, Total: 1376870 ns
[2021-08-17T02:02:00.617+0000][6][safepoint    ] Safepoint "BulkRevokeBias", Time since last: 380754342 ns, Reaching safepoint: 546419 ns, At safepoint: 344079 ns, Total: 890498 ns
[2021-08-17T02:02:00.623+0000][6][safepoint    ] Safepoint "BulkRevokeBias", Time since last: 6307803 ns, Reaching safepoint: 78474 ns, At safepoint: 165913 ns, Total: 244387 ns
[2021-08-17T02:02:00.943+0000][6][safepoint    ] Safepoint "BulkRevokeBias", Time since last: 318667310 ns, Reaching safepoint: 508110 ns, At safepoint: 120257 ns, Total: 628367 ns
[2021-08-17T02:02:00.994+0000][6][gc,start     ] GC(10) Pause Young (Concurrent Start) (G1 Evacuation Pause)
[2021-08-17T02:02:00.994+0000][6][gc,task      ] GC(10) Using 4 workers of 4 for evacuation
[2021-08-17T02:02:00.994+0000][6][gc,age       ] GC(10) Desired survivor size 8912896 bytes, new threshold 1 (max threshold 15)
[2021-08-17T02:02:01.009+0000][6][gc,age       ] GC(10) Age table with threshold 1 (max threshold 15)
[2021-08-17T02:02:01.009+0000][6][gc,age       ] GC(10) - age   1:    7048064 bytes,    7048064 total
[2021-08-17T02:02:01.009+0000][6][gc,phases    ] GC(10)   Pre Evacuate Collection Set: 0.4ms
[2021-08-17T02:02:01.009+0000][6][gc,phases    ] GC(10)   Merge Heap Roots: 0.2ms
[2021-08-17T02:02:01.009+0000][6][gc,phases    ] GC(10)   Evacuate Collection Set: 12.1ms
[2021-08-17T02:02:01.009+0000][6][gc,phases    ] GC(10)   Post Evacuate Collection Set: 2.7ms
[2021-08-17T02:02:01.009+0000][6][gc,phases    ] GC(10)   Other: 0.2ms
[2021-08-17T02:02:01.009+0000][6][gc,heap      ] GC(10) Eden regions: 119->0(114)
[2021-08-17T02:02:01.009+0000][6][gc,heap      ] GC(10) Survivor regions: 11->8(17)
[2021-08-17T02:02:01.009+0000][6][gc,heap      ] GC(10) Old regions: 29->40
[2021-08-17T02:02:01.009+0000][6][gc,heap      ] GC(10) Archive regions: 2->2
[2021-08-17T02:02:01.009+0000][6][gc,heap      ] GC(10) Humongous regions: 1->1
[2021-08-17T02:02:01.009+0000][6][gc,metaspace ] GC(10) Metaspace: 56524K(60368K)->56524K(60368K) NonClass: 49009K(51152K)->49009K(51152K) Class: 7515K(9216K)->7515K(9216K)
[2021-08-17T02:02:01.009+0000][6][gc           ] GC(10) Pause Young (Concurrent Start) (G1 Evacuation Pause) 159M->48M(256M) 15.683ms
[2021-08-17T02:02:01.009+0000][6][gc,cpu       ] GC(10) User=0.06s Sys=0.00s Real=0.01s
[2021-08-17T02:02:01.009+0000][6][safepoint    ] Safepoint "G1CollectForAllocation", Time since last: 50817633 ns, Reaching safepoint: 98816 ns, At safepoint: 15788322 ns, Total: 15887138 ns
[2021-08-17T02:02:01.009+0000][6][gc           ] GC(11) Concurrent Cycle
[2021-08-17T02:02:01.010+0000][6][gc,marking   ] GC(11) Concurrent Clear Claimed Marks
[2021-08-17T02:02:01.010+0000][6][gc,marking   ] GC(11) Concurrent Clear Claimed Marks 0.282ms
[2021-08-17T02:02:01.010+0000][6][gc,marking   ] GC(11) Concurrent Scan Root Regions
[2021-08-17T02:02:01.023+0000][6][gc,marking   ] GC(11) Concurrent Scan Root Regions 13.025ms
[2021-08-17T02:02:01.023+0000][6][gc,marking   ] GC(11) Concurrent Mark (8.152s)
[2021-08-17T02:02:01.023+0000][6][gc,marking   ] GC(11) Concurrent Mark From Roots
[2021-08-17T02:02:01.023+0000][6][gc,task      ] GC(11) Using 1 workers of 1 for marking
[2021-08-17T02:02:01.077+0000][6][gc,marking   ] GC(11) Concurrent Mark From Roots 53.775ms
[2021-08-17T02:02:01.077+0000][6][gc,marking   ] GC(11) Concurrent Preclean
[2021-08-17T02:02:01.077+0000][6][gc,marking   ] GC(11) Concurrent Preclean 0.175ms
[2021-08-17T02:02:01.077+0000][6][gc,marking   ] GC(11) Concurrent Mark (8.152s, 8.206s) 53.994ms
[2021-08-17T02:02:01.077+0000][6][gc,start     ] GC(11) Pause Remark
[2021-08-17T02:02:01.082+0000][6][gc           ] GC(11) Pause Remark 54M->54M(256M) 4.252ms
[2021-08-17T02:02:01.082+0000][6][gc,cpu       ] GC(11) User=0.01s Sys=0.00s Real=0.00s
[2021-08-17T02:02:01.082+0000][6][safepoint    ] Safepoint "G1Concurrent", Time since last: 67466320 ns, Reaching safepoint: 529269 ns, At safepoint: 4365077 ns, Total: 4894346 ns
[2021-08-17T02:02:01.082+0000][6][gc,marking   ] GC(11) Concurrent Rebuild Remembered Sets
[2021-08-17T02:02:01.113+0000][6][safepoint    ] Safepoint "BulkRevokeBias", Time since last: 29252465 ns, Reaching safepoint: 1176382 ns, At safepoint: 319740 ns, Total: 1496122 ns
[2021-08-17T02:02:01.134+0000][6][gc,marking   ] GC(11) Concurrent Rebuild Remembered Sets 52.389ms
[2021-08-17T02:02:01.135+0000][6][gc,start     ] GC(11) Pause Cleanup
[2021-08-17T02:02:01.136+0000][6][gc           ] GC(11) Pause Cleanup 61M->61M(256M) 0.265ms
[2021-08-17T02:02:01.136+0000][6][gc,cpu       ] GC(11) User=0.00s Sys=0.00s Real=0.00s
[2021-08-17T02:02:01.136+0000][6][safepoint    ] Safepoint "G1Concurrent", Time since last: 22408461 ns, Reaching safepoint: 431127 ns, At safepoint: 374493 ns, Total: 805620 ns
[2021-08-17T02:02:01.136+0000][6][gc,marking   ] GC(11) Concurrent Cleanup for Next Mark
[2021-08-17T02:02:01.137+0000][6][gc,marking   ] GC(11) Concurrent Cleanup for Next Mark 0.831ms
[2021-08-17T02:02:01.137+0000][6][gc           ] GC(11) Concurrent Cycle 127.382ms
[2021-08-17T02:02:01.760+0000][6][safepoint    ] Safepoint "BulkRevokeBias", Time since last: 623580572 ns, Reaching safepoint: 294974 ns, At safepoint: 151545 ns, Total: 446519 ns
[2021-08-17T02:02:02.051+0000][6][gc,start     ] GC(12) Pause Young (Concurrent Start) (G1 Humongous Allocation)
[2021-08-17T02:02:02.051+0000][6][gc,task      ] GC(12) Using 4 workers of 4 for evacuation
[2021-08-17T02:02:02.051+0000][6][gc,age       ] GC(12) Desired survivor size 8388608 bytes, new threshold 15 (max threshold 15)
[2021-08-17T02:02:02.106+0000][6][gc,age       ] GC(12) Age table with threshold 15 (max threshold 15)
[2021-08-17T02:02:02.106+0000][6][gc,age       ] GC(12) - age   1:   12001776 bytes,   12001776 total
[2021-08-17T02:02:02.106+0000][6][gc,age       ] GC(12) - age   2:    4771456 bytes,   16773232 total
[2021-08-17T02:02:02.106+0000][6][gc,phases    ] GC(12)   Pre Evacuate Collection Set: 0.5ms
[2021-08-17T02:02:02.106+0000][6][gc,phases    ] GC(12)   Merge Heap Roots: 0.2ms
[2021-08-17T02:02:02.106+0000][6][gc,phases    ] GC(12)   Evacuate Collection Set: 53.1ms
[2021-08-17T02:02:02.106+0000][6][gc,phases    ] GC(12)   Post Evacuate Collection Set: 1.1ms
[2021-08-17T02:02:02.106+0000][6][gc,phases    ] GC(12)   Other: 0.2ms
[2021-08-17T02:02:02.106+0000][6][gc,heap      ] GC(12) Eden regions: 94->0(38)
[2021-08-17T02:02:02.106+0000][6][gc,heap      ] GC(12) Survivor regions: 8->16(16)
[2021-08-17T02:02:02.106+0000][6][gc,heap      ] GC(12) Old regions: 40->72
[2021-08-17T02:02:02.106+0000][6][gc,heap      ] GC(12) Archive regions: 2->2
[2021-08-17T02:02:02.106+0000][6][gc,heap      ] GC(12) Humongous regions: 31->31
[2021-08-17T02:02:02.106+0000][6][gc,metaspace ] GC(12) Metaspace: 60021K(64208K)->60021K(64208K) NonClass: 52037K(54480K)->52037K(54480K) Class: 7983K(9728K)->7983K(9728K)
[2021-08-17T02:02:02.106+0000][6][gc           ] GC(12) Pause Young (Concurrent Start) (G1 Humongous Allocation) 171M->118M(256M) 55.189ms
[2021-08-17T02:02:02.106+0000][6][gc,cpu       ] GC(12) User=0.16s Sys=0.00s Real=0.06s
[2021-08-17T02:02:02.106+0000][6][safepoint    ] Safepoint "G1TryInitiateConcMark", Time since last: 291056813 ns, Reaching safepoint: 211018 ns, At safepoint: 55313513 ns, Total: 55524531 ns
[2021-08-17T02:02:02.106+0000][6][gc           ] GC(13) Concurrent Cycle
[2021-08-17T02:02:02.106+0000][6][gc,marking   ] GC(13) Concurrent Clear Claimed Marks
[2021-08-17T02:02:02.107+0000][6][gc,marking   ] GC(13) Concurrent Clear Claimed Marks 0.417ms
[2021-08-17T02:02:02.107+0000][6][gc,marking   ] GC(13) Concurrent Scan Root Regions
[2021-08-17T02:02:02.156+0000][6][gc,marking   ] GC(13) Concurrent Scan Root Regions 49.201ms
[2021-08-17T02:02:02.156+0000][6][gc,marking   ] GC(13) Concurrent Mark (9.285s)
[2021-08-17T02:02:02.156+0000][6][gc,marking   ] GC(13) Concurrent Mark From Roots
[2021-08-17T02:02:02.156+0000][6][gc,task      ] GC(13) Using 1 workers of 1 for marking
[2021-08-17T02:02:02.254+0000][6][gc,marking   ] GC(13) Concurrent Mark From Roots 97.659ms
[2021-08-17T02:02:02.254+0000][6][gc,marking   ] GC(13) Concurrent Preclean
[2021-08-17T02:02:02.254+0000][6][gc,marking   ] GC(13) Concurrent Preclean 0.279ms
[2021-08-17T02:02:02.254+0000][6][gc,marking   ] GC(13) Concurrent Mark (9.285s, 9.383s) 98.040ms
[2021-08-17T02:02:02.254+0000][6][gc,start     ] GC(13) Pause Remark
[2021-08-17T02:02:02.279+0000][6][gc           ] GC(13) Pause Remark 169M->162M(275M) 24.284ms
[2021-08-17T02:02:02.279+0000][6][gc,cpu       ] GC(13) User=0.02s Sys=0.02s Real=0.02s
[2021-08-17T02:02:02.279+0000][6][safepoint    ] Safepoint "G1Concurrent", Time since last: 147845736 ns, Reaching safepoint: 266501 ns, At safepoint: 24905108 ns, Total: 25171609 ns
[2021-08-17T02:02:02.280+0000][6][gc,marking   ] GC(13) Concurrent Rebuild Remembered Sets
[2021-08-17T02:02:02.346+0000][6][gc,start     ] GC(14) Pause Young (Normal) (G1 Evacuation Pause)
[2021-08-17T02:02:02.346+0000][6][gc,task      ] GC(14) Using 4 workers of 4 for evacuation
[2021-08-17T02:02:02.346+0000][6][gc,age       ] GC(14) Desired survivor size 3670016 bytes, new threshold 1 (max threshold 15)
[2021-08-17T02:02:02.406+0000][6][gc,age       ] GC(14) Age table with threshold 1 (max threshold 15)
[2021-08-17T02:02:02.406+0000][6][gc,age       ] GC(14) - age   1:    7339704 bytes,    7339704 total
[2021-08-17T02:02:02.406+0000][6][gc,phases    ] GC(14)   Pre Evacuate Collection Set: 0.1ms
[2021-08-17T02:02:02.406+0000][6][gc,phases    ] GC(14)   Merge Heap Roots: 0.2ms
[2021-08-17T02:02:02.406+0000][6][gc,phases    ] GC(14)   Evacuate Collection Set: 59.0ms
[2021-08-17T02:02:02.406+0000][6][gc,phases    ] GC(14)   Post Evacuate Collection Set: 1.1ms
[2021-08-17T02:02:02.406+0000][6][gc,phases    ] GC(14)   Other: 0.2ms
[2021-08-17T02:02:02.406+0000][6][gc,heap      ] GC(14) Eden regions: 38->0(33)
[2021-08-17T02:02:02.406+0000][6][gc,heap      ] GC(14) Survivor regions: 16->7(7)
[2021-08-17T02:02:02.406+0000][6][gc,heap      ] GC(14) Old regions: 72->90
[2021-08-17T02:02:02.406+0000][6][gc,heap      ] GC(14) Archive regions: 2->2
[2021-08-17T02:02:02.406+0000][6][gc,heap      ] GC(14) Humongous regions: 64->48
[2021-08-17T02:02:02.406+0000][6][gc,metaspace ] GC(14) Metaspace: 60037K(64208K)->60037K(64208K) NonClass: 52052K(54480K)->52052K(54480K) Class: 7984K(9728K)->7984K(9728K)
[2021-08-17T02:02:02.406+0000][6][gc           ] GC(14) Pause Young (Normal) (G1 Evacuation Pause) 189M->144M(275M) 60.683ms
[2021-08-17T02:02:02.406+0000][6][gc,cpu       ] GC(14) User=0.11s Sys=0.00s Real=0.06s
[2021-08-17T02:02:02.406+0000][6][safepoint    ] Safepoint "G1CollectForAllocation", Time since last: 64155663 ns, Reaching safepoint: 2145300 ns, At safepoint: 60770335 ns, Total: 62915635 ns
[2021-08-17T02:02:02.454+0000][6][gc,start     ] GC(15) Pause Young (Normal) (G1 Evacuation Pause)
[2021-08-17T02:02:02.454+0000][6][gc,task      ] GC(15) Using 4 workers of 4 for evacuation
[2021-08-17T02:02:02.454+0000][6][gc,age       ] GC(15) Desired survivor size 2621440 bytes, new threshold 1 (max threshold 15)
[2021-08-17T02:02:02.468+0000][6][gc,age       ] GC(15) Age table with threshold 1 (max threshold 15)
[2021-08-17T02:02:02.468+0000][6][gc,age       ] GC(15) - age   1:    2349008 bytes,    2349008 total
[2021-08-17T02:02:02.468+0000][6][gc,phases    ] GC(15)   Pre Evacuate Collection Set: 0.1ms
[2021-08-17T02:02:02.468+0000][6][gc,phases    ] GC(15)   Merge Heap Roots: 0.1ms
[2021-08-17T02:02:02.468+0000][6][gc,phases    ] GC(15)   Evacuate Collection Set: 12.4ms
[2021-08-17T02:02:02.468+0000][6][gc,phases    ] GC(15)   Post Evacuate Collection Set: 1.1ms
[2021-08-17T02:02:02.468+0000][6][gc,phases    ] GC(15)   Other: 0.2ms
[2021-08-17T02:02:02.468+0000][6][gc,heap      ] GC(15) Eden regions: 33->0(33)
[2021-08-17T02:02:02.468+0000][6][gc,heap      ] GC(15) Survivor regions: 7->4(5)
[2021-08-17T02:02:02.468+0000][6][gc,heap      ] GC(15) Old regions: 90->98
[2021-08-17T02:02:02.468+0000][6][gc,heap      ] GC(15) Archive regions: 2->2
[2021-08-17T02:02:02.468+0000][6][gc,heap      ] GC(15) Humongous regions: 48->48
[2021-08-17T02:02:02.468+0000][6][gc,metaspace ] GC(15) Metaspace: 60045K(64208K)->60045K(64208K) NonClass: 52059K(54480K)->52059K(54480K) Class: 7986K(9728K)->7986K(9728K)
[2021-08-17T02:02:02.468+0000][6][gc           ] GC(15) Pause Young (Normal) (G1 Evacuation Pause) 177M->149M(275M) 14.010ms
[2021-08-17T02:02:02.468+0000][6][gc,cpu       ] GC(15) User=0.04s Sys=0.00s Real=0.01s
[2021-08-17T02:02:02.468+0000][6][safepoint    ] Safepoint "G1CollectForAllocation", Time since last: 47286776 ns, Reaching safepoint: 411562 ns, At safepoint: 14099765 ns, Total: 14511327 ns
[2021-08-17T02:02:02.484+0000][6][gc,marking   ] GC(13) Concurrent Rebuild Remembered Sets 204.167ms
[2021-08-17T02:02:02.484+0000][6][gc,start     ] GC(13) Pause Cleanup
[2021-08-17T02:02:02.484+0000][6][gc           ] GC(13) Pause Cleanup 162M->162M(275M) 0.177ms
[2021-08-17T02:02:02.484+0000][6][gc,cpu       ] GC(13) User=0.00s Sys=0.00s Real=0.00s
[2021-08-17T02:02:02.484+0000][6][safepoint    ] Safepoint "G1Concurrent", Time since last: 15692264 ns, Reaching safepoint: 241010 ns, At safepoint: 342895 ns, Total: 583905 ns
[2021-08-17T02:02:02.485+0000][6][gc,marking   ] GC(13) Concurrent Cleanup for Next Mark
[2021-08-17T02:02:02.487+0000][6][gc,marking   ] GC(13) Concurrent Cleanup for Next Mark 2.418ms
[2021-08-17T02:02:02.487+0000][6][gc           ] GC(13) Concurrent Cycle 380.546ms
[2021-08-17T02:02:02.499+0000][6][gc,start     ] GC(16) Pause Young (Concurrent Start) (G1 Humongous Allocation)
[2021-08-17T02:02:02.499+0000][6][gc,task      ] GC(16) Using 4 workers of 4 for evacuation
[2021-08-17T02:02:02.499+0000][6][gc,age       ] GC(16) Desired survivor size 2621440 bytes, new threshold 15 (max threshold 15)
[2021-08-17T02:02:02.506+0000][6][gc,age       ] GC(16) Age table with threshold 15 (max threshold 15)
[2021-08-17T02:02:02.506+0000][6][gc,age       ] GC(16) - age   1:    1700880 bytes,    1700880 total
[2021-08-17T02:02:02.506+0000][6][gc,age       ] GC(16) - age   2:    2348920 bytes,    4049800 total
[2021-08-17T02:02:02.506+0000][6][gc,phases    ] GC(16)   Pre Evacuate Collection Set: 0.5ms
[2021-08-17T02:02:02.506+0000][6][gc,phases    ] GC(16)   Merge Heap Roots: 0.1ms
[2021-08-17T02:02:02.506+0000][6][gc,phases    ] GC(16)   Evacuate Collection Set: 5.6ms
[2021-08-17T02:02:02.506+0000][6][gc,phases    ] GC(16)   Post Evacuate Collection Set: 0.6ms
[2021-08-17T02:02:02.506+0000][6][gc,phases    ] GC(16)   Other: 0.2ms
[2021-08-17T02:02:02.506+0000][6][gc,heap      ] GC(16) Eden regions: 29->0(34)
[2021-08-17T02:02:02.506+0000][6][gc,heap      ] GC(16) Survivor regions: 4->5(5)
[2021-08-17T02:02:02.506+0000][6][gc,heap      ] GC(16) Old regions: 98->98
[2021-08-17T02:02:02.506+0000][6][gc,heap      ] GC(16) Archive regions: 2->2
[2021-08-17T02:02:02.506+0000][6][gc,heap      ] GC(16) Humongous regions: 48->48
[2021-08-17T02:02:02.506+0000][6][gc,metaspace ] GC(16) Metaspace: 60045K(64208K)->60045K(64208K) NonClass: 52059K(54480K)->52059K(54480K) Class: 7986K(9728K)->7986K(9728K)
[2021-08-17T02:02:02.506+0000][6][gc           ] GC(16) Pause Young (Concurrent Start) (G1 Humongous Allocation) 177M->149M(275M) 6.978ms
[2021-08-17T02:02:02.506+0000][6][gc,cpu       ] GC(16) User=0.02s Sys=0.00s Real=0.01s
[2021-08-17T02:02:02.506+0000][6][safepoint    ] Safepoint "G1TryInitiateConcMark", Time since last: 14051983 ns, Reaching safepoint: 159654 ns, At safepoint: 7088572 ns, Total: 7248226 ns
[2021-08-17T02:02:02.506+0000][6][gc           ] GC(17) Concurrent Cycle
[2021-08-17T02:02:02.506+0000][6][gc,marking   ] GC(17) Concurrent Clear Claimed Marks
[2021-08-17T02:02:02.506+0000][6][gc,marking   ] GC(17) Concurrent Clear Claimed Marks 0.385ms
[2021-08-17T02:02:02.506+0000][6][gc,marking   ] GC(17) Concurrent Scan Root Regions
[2021-08-17T02:02:02.509+0000][6][gc,marking   ] GC(17) Concurrent Scan Root Regions 2.770ms
[2021-08-17T02:02:02.509+0000][6][gc,marking   ] GC(17) Concurrent Mark (9.638s)
[2021-08-17T02:02:02.509+0000][6][gc,marking   ] GC(17) Concurrent Mark From Roots
[2021-08-17T02:02:02.509+0000][6][gc,task      ] GC(17) Using 1 workers of 1 for marking
[2021-08-17T02:02:02.572+0000][6][gc,start     ] GC(18) Pause Young (Normal) (G1 Evacuation Pause)
[2021-08-17T02:02:02.572+0000][6][gc,task      ] GC(18) Using 4 workers of 4 for evacuation
[2021-08-17T02:02:02.572+0000][6][gc,age       ] GC(18) Desired survivor size 2621440 bytes, new threshold 2 (max threshold 15)
[2021-08-17T02:02:02.592+0000][6][gc,age       ] GC(18) Age table with threshold 2 (max threshold 15)
[2021-08-17T02:02:02.592+0000][6][gc,age       ] GC(18) - age   1:    2085816 bytes,    2085816 total
[2021-08-17T02:02:02.592+0000][6][gc,age       ] GC(18) - age   2:    1700880 bytes,    3786696 total
[2021-08-17T02:02:02.592+0000][6][gc,phases    ] GC(18)   Pre Evacuate Collection Set: 0.1ms
[2021-08-17T02:02:02.592+0000][6][gc,phases    ] GC(18)   Merge Heap Roots: 0.1ms
[2021-08-17T02:02:02.592+0000][6][gc,phases    ] GC(18)   Evacuate Collection Set: 16.7ms
[2021-08-17T02:02:02.592+0000][6][gc,phases    ] GC(18)   Post Evacuate Collection Set: 2.7ms
[2021-08-17T02:02:02.592+0000][6][gc,phases    ] GC(18)   Other: 0.3ms
[2021-08-17T02:02:02.592+0000][6][gc,heap      ] GC(18) Eden regions: 34->0(35)
[2021-08-17T02:02:02.592+0000][6][gc,heap      ] GC(18) Survivor regions: 5->4(5)
[2021-08-17T02:02:02.592+0000][6][gc,heap      ] GC(18) Old regions: 98->100
[2021-08-17T02:02:02.592+0000][6][gc,heap      ] GC(18) Archive regions: 2->2
[2021-08-17T02:02:02.592+0000][6][gc,heap      ] GC(18) Humongous regions: 49->49
[2021-08-17T02:02:02.593+0000][6][gc,metaspace ] GC(18) Metaspace: 60045K(64208K)->60045K(64208K) NonClass: 52059K(54480K)->52059K(54480K) Class: 7986K(9728K)->7986K(9728K)
[2021-08-17T02:02:02.593+0000][6][gc           ] GC(18) Pause Young (Normal) (G1 Evacuation Pause) 184M->152M(275M) 20.691ms
[2021-08-17T02:02:02.593+0000][6][gc,cpu       ] GC(18) User=0.04s Sys=0.00s Real=0.03s
[2021-08-17T02:02:02.593+0000][6][safepoint    ] Safepoint "G1CollectForAllocation", Time since last: 66206179 ns, Reaching safepoint: 132922 ns, At safepoint: 21190470 ns, Total: 21323392 ns
[2021-08-17T02:02:02.649+0000][6][gc,start     ] GC(19) Pause Young (Normal) (G1 Evacuation Pause)
[2021-08-17T02:02:02.649+0000][6][gc,task      ] GC(19) Using 4 workers of 4 for evacuation
[2021-08-17T02:02:02.649+0000][6][gc,age       ] GC(19) Desired survivor size 2621440 bytes, new threshold 2 (max threshold 15)
[2021-08-17T02:02:02.686+0000][6][gc,age       ] GC(19) Age table with threshold 2 (max threshold 15)
[2021-08-17T02:02:02.686+0000][6][gc,age       ] GC(19) - age   1:    2144856 bytes,    2144856 total
[2021-08-17T02:02:02.686+0000][6][gc,age       ] GC(19) - age   2:    2085544 bytes,    4230400 total
[2021-08-17T02:02:02.686+0000][6][gc,phases    ] GC(19)   Pre Evacuate Collection Set: 1.3ms
[2021-08-17T02:02:02.686+0000][6][gc,phases    ] GC(19)   Merge Heap Roots: 3.6ms
[2021-08-17T02:02:02.686+0000][6][gc,phases    ] GC(19)   Evacuate Collection Set: 30.3ms
[2021-08-17T02:02:02.686+0000][6][gc,phases    ] GC(19)   Post Evacuate Collection Set: 1.5ms
[2021-08-17T02:02:02.686+0000][6][gc,phases    ] GC(19)   Other: 0.6ms
[2021-08-17T02:02:02.686+0000][6][gc,heap      ] GC(19) Eden regions: 35->0(34)
[2021-08-17T02:02:02.686+0000][6][gc,heap      ] GC(19) Survivor regions: 4->5(5)
[2021-08-17T02:02:02.686+0000][6][gc,heap      ] GC(19) Old regions: 100->102
[2021-08-17T02:02:02.686+0000][6][gc,heap      ] GC(19) Archive regions: 2->2
[2021-08-17T02:02:02.686+0000][6][gc,heap      ] GC(19) Humongous regions: 50->50
[2021-08-17T02:02:02.686+0000][6][gc,metaspace ] GC(19) Metaspace: 60045K(64208K)->60045K(64208K) NonClass: 52059K(54480K)->52059K(54480K) Class: 7986K(9728K)->7986K(9728K)
[2021-08-17T02:02:02.686+0000][6][gc           ] GC(19) Pause Young (Normal) (G1 Evacuation Pause) 188M->155M(275M) 37.465ms
[2021-08-17T02:02:02.686+0000][6][gc,cpu       ] GC(19) User=0.06s Sys=0.00s Real=0.04s
[2021-08-17T02:02:02.686+0000][6][safepoint    ] Safepoint "G1CollectForAllocation", Time since last: 53568648 ns, Reaching safepoint: 1685235 ns, At safepoint: 37681652 ns, Total: 39366887 ns
[2021-08-17T02:02:02.740+0000][6][gc,start     ] GC(20) Pause Young (Normal) (G1 Evacuation Pause)
[2021-08-17T02:02:02.740+0000][6][gc,task      ] GC(20) Using 4 workers of 4 for evacuation
[2021-08-17T02:02:02.740+0000][6][gc,age       ] GC(20) Desired survivor size 2621440 bytes, new threshold 2 (max threshold 15)
[2021-08-17T02:02:02.804+0000][6][gc,age       ] GC(20) Age table with threshold 2 (max threshold 15)
[2021-08-17T02:02:02.804+0000][6][gc,age       ] GC(20) - age   1:    2081472 bytes,    2081472 total
[2021-08-17T02:02:02.804+0000][6][gc,age       ] GC(20) - age   2:    2144336 bytes,    4225808 total
[2021-08-17T02:02:02.829+0000][6][gc,phases    ] GC(20)   Pre Evacuate Collection Set: 0.7ms
[2021-08-17T02:02:02.829+0000][6][gc,phases    ] GC(20)   Merge Heap Roots: 0.5ms
[2021-08-17T02:02:02.829+0000][6][gc,phases    ] GC(20)   Evacuate Collection Set: 62.2ms
[2021-08-17T02:02:02.829+0000][6][gc,phases    ] GC(20)   Post Evacuate Collection Set: 25.3ms
[2021-08-17T02:02:02.829+0000][6][gc,phases    ] GC(20)   Other: 0.3ms
[2021-08-17T02:02:02.829+0000][6][gc,heap      ] GC(20) Eden regions: 34->0(46)
[2021-08-17T02:02:02.829+0000][6][gc,heap      ] GC(20) Survivor regions: 5->5(5)
[2021-08-17T02:02:02.829+0000][6][gc,heap      ] GC(20) Old regions: 102->104
[2021-08-17T02:02:02.829+0000][6][gc,heap      ] GC(20) Archive regions: 2->2
[2021-08-17T02:02:02.829+0000][6][gc,heap      ] GC(20) Humongous regions: 50->50
[2021-08-17T02:02:02.829+0000][6][gc,metaspace ] GC(20) Metaspace: 60045K(64208K)->60045K(64208K) NonClass: 52059K(54480K)->52059K(54480K) Class: 7986K(9728K)->7986K(9728K)
[2021-08-17T02:02:02.829+0000][6][gc           ] GC(20) Pause Young (Normal) (G1 Evacuation Pause) 189M->157M(305M) 88.971ms
[2021-08-17T02:02:02.829+0000][6][gc,cpu       ] GC(20) User=0.06s Sys=0.02s Real=0.09s
[2021-08-17T02:02:02.829+0000][6][safepoint    ] Safepoint "G1CollectForAllocation", Time since last: 51444532 ns, Reaching safepoint: 2402758 ns, At safepoint: 89124684 ns, Total: 91527442 ns
[2021-08-17T02:02:02.860+0000][6][gc,start     ] GC(21) Pause Young (Normal) (G1 Evacuation Pause)
[2021-08-17T02:02:02.860+0000][6][gc,task      ] GC(21) Using 4 workers of 4 for evacuation
[2021-08-17T02:02:02.860+0000][6][gc,age       ] GC(21) Desired survivor size 3670016 bytes, new threshold 2 (max threshold 15)
[2021-08-17T02:02:02.876+0000][6][gc,age       ] GC(21) Age table with threshold 2 (max threshold 15)
[2021-08-17T02:02:02.876+0000][6][gc,age       ] GC(21) - age   1:    2766272 bytes,    2766272 total
[2021-08-17T02:02:02.876+0000][6][gc,age       ] GC(21) - age   2:    2081168 bytes,    4847440 total
[2021-08-17T02:02:02.876+0000][6][gc,phases    ] GC(21)   Pre Evacuate Collection Set: 0.1ms
[2021-08-17T02:02:02.876+0000][6][gc,phases    ] GC(21)   Merge Heap Roots: 0.1ms
[2021-08-17T02:02:02.876+0000][6][gc,phases    ] GC(21)   Evacuate Collection Set: 15.3ms
[2021-08-17T02:02:02.876+0000][6][gc,phases    ] GC(21)   Post Evacuate Collection Set: 0.6ms
[2021-08-17T02:02:02.876+0000][6][gc,phases    ] GC(21)   Other: 0.2ms
[2021-08-17T02:02:02.876+0000][6][gc,heap      ] GC(21) Eden regions: 46->0(45)
[2021-08-17T02:02:02.876+0000][6][gc,heap      ] GC(21) Survivor regions: 5->6(7)
[2021-08-17T02:02:02.876+0000][6][gc,heap      ] GC(21) Old regions: 104->106
[2021-08-17T02:02:02.876+0000][6][gc,heap      ] GC(21) Archive regions: 2->2
[2021-08-17T02:02:02.876+0000][6][gc,heap      ] GC(21) Humongous regions: 52->52
[2021-08-17T02:02:02.876+0000][6][gc,metaspace ] GC(21) Metaspace: 60045K(64208K)->60045K(64208K) NonClass: 52059K(54480K)->52059K(54480K) Class: 7986K(9728K)->7986K(9728K)
[2021-08-17T02:02:02.876+0000][6][gc           ] GC(21) Pause Young (Normal) (G1 Evacuation Pause) 205M->162M(305M) 16.286ms
[2021-08-17T02:02:02.876+0000][6][gc,cpu       ] GC(21) User=0.02s Sys=0.00s Real=0.02s
[2021-08-17T02:02:02.876+0000][6][safepoint    ] Safepoint "G1CollectForAllocation", Time since last: 30226441 ns, Reaching safepoint: 234899 ns, At safepoint: 16380229 ns, Total: 16615128 ns
[2021-08-17T02:02:02.936+0000][6][gc,marking   ] GC(17) Concurrent Mark From Roots 426.805ms
[2021-08-17T02:02:02.936+0000][6][gc,marking   ] GC(17) Concurrent Preclean
[2021-08-17T02:02:02.937+0000][6][gc,marking   ] GC(17) Concurrent Preclean 0.697ms
[2021-08-17T02:02:02.937+0000][6][gc,marking   ] GC(17) Concurrent Mark (9.638s, 10.066s) 427.555ms
[2021-08-17T02:02:02.937+0000][6][gc,start     ] GC(17) Pause Remark
[2021-08-17T02:02:02.951+0000][6][gc           ] GC(17) Pause Remark 206M->167M(305M) 13.635ms
[2021-08-17T02:02:02.951+0000][6][gc,cpu       ] GC(17) User=0.02s Sys=0.00s Real=0.01s
[2021-08-17T02:02:02.951+0000][6][safepoint    ] Safepoint "G1Concurrent", Time since last: 60890387 ns, Reaching safepoint: 279499 ns, At safepoint: 13751897 ns, Total: 14031396 ns
[2021-08-17T02:02:02.951+0000][6][gc,marking   ] GC(17) Concurrent Rebuild Remembered Sets
[2021-08-17T02:02:02.952+0000][6][gc,start     ] GC(22) Pause Young (Normal) (G1 Evacuation Pause)
[2021-08-17T02:02:02.952+0000][6][gc,task      ] GC(22) Using 4 workers of 4 for evacuation
[2021-08-17T02:02:02.952+0000][6][gc,age       ] GC(22) Desired survivor size 3670016 bytes, new threshold 2 (max threshold 15)
[2021-08-17T02:02:02.974+0000][6][gc,age       ] GC(22) Age table with threshold 2 (max threshold 15)
[2021-08-17T02:02:02.974+0000][6][gc,age       ] GC(22) - age   1:    2763472 bytes,    2763472 total
[2021-08-17T02:02:02.975+0000][6][gc,age       ] GC(22) - age   2:    2766144 bytes,    5529616 total
[2021-08-17T02:02:02.975+0000][6][gc,phases    ] GC(22)   Pre Evacuate Collection Set: 0.1ms
[2021-08-17T02:02:02.975+0000][6][gc,phases    ] GC(22)   Merge Heap Roots: 0.2ms
[2021-08-17T02:02:02.975+0000][6][gc,phases    ] GC(22)   Evacuate Collection Set: 20.0ms
[2021-08-17T02:02:02.975+0000][6][gc,phases    ] GC(22)   Post Evacuate Collection Set: 1.6ms
[2021-08-17T02:02:02.975+0000][6][gc,phases    ] GC(22)   Other: 0.8ms
[2021-08-17T02:02:02.975+0000][6][gc,heap      ] GC(22) Eden regions: 45->0(72)
[2021-08-17T02:02:02.975+0000][6][gc,heap      ] GC(22) Survivor regions: 6->6(7)
[2021-08-17T02:02:02.975+0000][6][gc,heap      ] GC(22) Old regions: 76->78
[2021-08-17T02:02:02.976+0000][6][gc,heap      ] GC(22) Archive regions: 2->2
[2021-08-17T02:02:02.976+0000][6][gc,heap      ] GC(22) Humongous regions: 43->43
[2021-08-17T02:02:02.976+0000][6][gc,metaspace ] GC(22) Metaspace: 60047K(64208K)->60047K(64208K) NonClass: 52060K(54480K)->52060K(54480K) Class: 7986K(9728K)->7986K(9728K)
[2021-08-17T02:02:02.976+0000][6][gc           ] GC(22) Pause Young (Normal) (G1 Evacuation Pause) 168M->126M(305M) 23.712ms
[2021-08-17T02:02:02.976+0000][6][gc,cpu       ] GC(22) User=0.05s Sys=0.00s Real=0.03s
[2021-08-17T02:02:02.976+0000][6][safepoint    ] Safepoint "G1CollectForAllocation", Time since last: 647955 ns, Reaching safepoint: 440694 ns, At safepoint: 23985305 ns, Total: 24425999 ns
[2021-08-17T02:02:03.045+0000][6][gc,start     ] GC(23) Pause Young (Normal) (G1 Evacuation Pause)
[2021-08-17T02:02:03.045+0000][6][gc,task      ] GC(23) Using 4 workers of 4 for evacuation
[2021-08-17T02:02:03.045+0000][6][gc,age       ] GC(23) Desired survivor size 5242880 bytes, new threshold 2 (max threshold 15)
[2021-08-17T02:02:03.086+0000][6][gc,age       ] GC(23) Age table with threshold 2 (max threshold 15)
[2021-08-17T02:02:03.086+0000][6][gc,age       ] GC(23) - age   1:    4409240 bytes,    4409240 total
[2021-08-17T02:02:03.086+0000][6][gc,age       ] GC(23) - age   2:    2763272 bytes,    7172512 total
[2021-08-17T02:02:03.086+0000][6][gc,phases    ] GC(23)   Pre Evacuate Collection Set: 0.5ms
[2021-08-17T02:02:03.086+0000][6][gc,phases    ] GC(23)   Merge Heap Roots: 0.2ms
[2021-08-17T02:02:03.086+0000][6][gc,phases    ] GC(23)   Evacuate Collection Set: 38.5ms
[2021-08-17T02:02:03.086+0000][6][gc,phases    ] GC(23)   Post Evacuate Collection Set: 0.8ms
[2021-08-17T02:02:03.086+0000][6][gc,phases    ] GC(23)   Other: 0.7ms
[2021-08-17T02:02:03.086+0000][6][gc,heap      ] GC(23) Eden regions: 72->0(69)
[2021-08-17T02:02:03.086+0000][6][gc,heap      ] GC(23) Survivor regions: 6->8(10)
[2021-08-17T02:02:03.086+0000][6][gc,heap      ] GC(23) Old regions: 78->81
[2021-08-17T02:02:03.086+0000][6][gc,heap      ] GC(23) Archive regions: 2->2
[2021-08-17T02:02:03.086+0000][6][gc,heap      ] GC(23) Humongous regions: 46->46
[2021-08-17T02:02:03.086+0000][6][gc,metaspace ] GC(23) Metaspace: 60047K(64208K)->60047K(64208K) NonClass: 52060K(54480K)->52060K(54480K) Class: 7986K(9728K)->7986K(9728K)
[2021-08-17T02:02:03.086+0000][6][gc           ] GC(23) Pause Young (Normal) (G1 Evacuation Pause) 201M->133M(305M) 40.647ms
[2021-08-17T02:02:03.086+0000][6][gc,cpu       ] GC(23) User=0.08s Sys=0.01s Real=0.04s
[2021-08-17T02:02:03.086+0000][6][safepoint    ] Safepoint "G1CollectForAllocation", Time since last: 64050463 ns, Reaching safepoint: 4760518 ns, At safepoint: 40871880 ns, Total: 45632398 ns
[2021-08-17T02:02:03.121+0000][6][gc,start     ] GC(24) Pause Young (Normal) (G1 Evacuation Pause)
[2021-08-17T02:02:03.121+0000][6][gc,task      ] GC(24) Using 4 workers of 4 for evacuation
[2021-08-17T02:02:03.121+0000][6][gc,age       ] GC(24) Desired survivor size 5242880 bytes, new threshold 2 (max threshold 15)
[2021-08-17T02:02:03.132+0000][6][gc,age       ] GC(24) Age table with threshold 2 (max threshold 15)
[2021-08-17T02:02:03.132+0000][6][gc,age       ] GC(24) - age   1:    4202496 bytes,    4202496 total
[2021-08-17T02:02:03.132+0000][6][gc,age       ] GC(24) - age   2:    4408968 bytes,    8611464 total
[2021-08-17T02:02:03.132+0000][6][gc,phases    ] GC(24)   Pre Evacuate Collection Set: 0.2ms
[2021-08-17T02:02:03.132+0000][6][gc,phases    ] GC(24)   Merge Heap Roots: 0.2ms
[2021-08-17T02:02:03.132+0000][6][gc,phases    ] GC(24)   Evacuate Collection Set: 9.3ms
[2021-08-17T02:02:03.132+0000][6][gc,phases    ] GC(24)   Post Evacuate Collection Set: 0.6ms
[2021-08-17T02:02:03.132+0000][6][gc,phases    ] GC(24)   Other: 0.3ms
[2021-08-17T02:02:03.132+0000][6][gc,heap      ] GC(24) Eden regions: 69->0(68)
[2021-08-17T02:02:03.132+0000][6][gc,heap      ] GC(24) Survivor regions: 8->9(10)
[2021-08-17T02:02:03.132+0000][6][gc,heap      ] GC(24) Old regions: 81->84
[2021-08-17T02:02:03.132+0000][6][gc,heap      ] GC(24) Archive regions: 2->2
[2021-08-17T02:02:03.132+0000][6][gc,heap      ] GC(24) Humongous regions: 46->46
[2021-08-17T02:02:03.132+0000][6][gc,metaspace ] GC(24) Metaspace: 60091K(64208K)->60091K(64208K) NonClass: 52099K(54480K)->52099K(54480K) Class: 7992K(9728K)->7992K(9728K)
[2021-08-17T02:02:03.132+0000][6][gc           ] GC(24) Pause Young (Normal) (G1 Evacuation Pause) 202M->137M(305M) 10.643ms
[2021-08-17T02:02:03.132+0000][6][gc,cpu       ] GC(24) User=0.03s Sys=0.00s Real=0.01s
[2021-08-17T02:02:03.132+0000][6][safepoint    ] Safepoint "G1CollectForAllocation", Time since last: 35033911 ns, Reaching safepoint: 409233 ns, At safepoint: 10780589 ns, Total: 11189822 ns
[2021-08-17T02:02:03.152+0000][6][gc,marking   ] GC(17) Concurrent Rebuild Remembered Sets 200.663ms
[2021-08-17T02:02:03.152+0000][6][gc,start     ] GC(17) Pause Cleanup
[2021-08-17T02:02:03.152+0000][6][gc           ] GC(17) Pause Cleanup 178M->178M(305M) 0.174ms
[2021-08-17T02:02:03.152+0000][6][gc,cpu       ] GC(17) User=0.00s Sys=0.00s Real=0.01s
[2021-08-17T02:02:03.152+0000][6][safepoint    ] Safepoint "G1Concurrent", Time since last: 19790230 ns, Reaching safepoint: 341058 ns, At safepoint: 221277 ns, Total: 562335 ns
[2021-08-17T02:02:03.152+0000][6][gc,marking   ] GC(17) Concurrent Cleanup for Next Mark
[2021-08-17T02:02:03.153+0000][6][gc,marking   ] GC(17) Concurrent Cleanup for Next Mark 0.520ms
[2021-08-17T02:02:03.153+0000][6][gc           ] GC(17) Concurrent Cycle 647.201ms
[2021-08-17T02:02:03.168+0000][6][gc,start     ] GC(25) Pause Young (Prepare Mixed) (G1 Evacuation Pause)
[2021-08-17T02:02:03.168+0000][6][gc,task      ] GC(25) Using 4 workers of 4 for evacuation
[2021-08-17T02:02:03.168+0000][6][gc,age       ] GC(25) Desired survivor size 5242880 bytes, new threshold 2 (max threshold 15)
[2021-08-17T02:02:03.182+0000][6][gc,age       ] GC(25) Age table with threshold 2 (max threshold 15)
[2021-08-17T02:02:03.182+0000][6][gc,age       ] GC(25) - age   1:    4244112 bytes,    4244112 total
[2021-08-17T02:02:03.182+0000][6][gc,age       ] GC(25) - age   2:    4199576 bytes,    8443688 total
[2021-08-17T02:02:13.838+0000][6][gc,mmu       ] GC(25) MMU target violated: 201.0ms (200.0ms/201.0ms)
[2021-08-17T02:02:13.838+0000][6][gc,phases    ] GC(25)   Pre Evacuate Collection Set: 0.2ms
[2021-08-17T02:02:13.838+0000][6][gc,phases    ] GC(25)   Merge Heap Roots: 0.2ms
[2021-08-17T02:02:13.838+0000][6][gc,phases    ] GC(25)   Evacuate Collection Set: 11.6ms
[2021-08-17T02:02:13.838+0000][6][gc,phases    ] GC(25)   Post Evacuate Collection Set: 10657.4ms
[2021-08-17T02:02:13.838+0000][6][gc,phases    ] GC(25)   Other: 0.4ms
[2021-08-17T02:02:13.838+0000][6][gc,heap      ] GC(25) Eden regions: 68->0(13)
[2021-08-17T02:02:13.838+0000][6][gc,heap      ] GC(25) Survivor regions: 9->9(10)
[2021-08-17T02:02:13.838+0000][6][gc,heap      ] GC(25) Old regions: 84->88
[2021-08-17T02:02:13.838+0000][6][gc,heap      ] GC(25) Archive regions: 2->2
[2021-08-17T02:02:13.838+0000][6][gc,heap      ] GC(25) Humongous regions: 50->50
[2021-08-17T02:02:13.838+0000][6][gc,metaspace ] GC(25) Metaspace: 60275K(64464K)->60275K(64464K) NonClass: 52262K(54736K)->52262K(54736K) Class: 8013K(9728K)->8013K(9728K)
[2021-08-17T02:02:13.838+0000][6][gc           ] GC(25) Pause Young (Prepare Mixed) (G1 Evacuation Pause) 209M->146M(449M) 10670.068ms
[2021-08-17T02:02:13.839+0000][6][gc,cpu       ] GC(25) User=0.15s Sys=0.10s Real=10.67s
[2021-08-17T02:02:13.839+0000][6][safepoint    ] Safepoint "G1CollectForAllocation", Time since last: 15519181 ns, Reaching safepoint: 412687 ns, At safepoint: 10670589356 ns, Total: 10671002043 ns
[2021-08-17T02:02:13.849+0000][6][gc,start     ] GC(26) Pause Young (Mixed) (G1 Evacuation Pause)
[2021-08-17T02:02:13.849+0000][6][gc,task      ] GC(26) Using 4 workers of 4 for evacuation
[2021-08-17T02:02:13.849+0000][6][gc,age       ] GC(26) Desired survivor size 1572864 bytes, new threshold 1 (max threshold 15)
[2021-08-17T02:02:13.861+0000][6][gc,age       ] GC(26) Age table with threshold 1 (max threshold 15)
[2021-08-17T02:02:13.861+0000][6][gc,age       ] GC(26) - age   1:     887824 bytes,     887824 total
[2021-08-17T02:02:13.861+0000][6][gc,phases    ] GC(26)   Pre Evacuate Collection Set: 0.1ms
[2021-08-17T02:02:13.861+0000][6][gc,phases    ] GC(26)   Merge Heap Roots: 0.1ms
[2021-08-17T02:02:13.861+0000][6][gc,phases    ] GC(26)   Evacuate Collection Set: 9.8ms
[2021-08-17T02:02:13.861+0000][6][gc,phases    ] GC(26)   Post Evacuate Collection Set: 1.6ms
[2021-08-17T02:02:13.861+0000][6][gc,phases    ] GC(26)   Other: 0.2ms
[2021-08-17T02:02:13.861+0000][6][gc,heap      ] GC(26) Eden regions: 13->0(20)
[2021-08-17T02:02:13.861+0000][6][gc,heap      ] GC(26) Survivor regions: 9->2(3)
[2021-08-17T02:02:13.861+0000][6][gc,heap      ] GC(26) Old regions: 88->97
[2021-08-17T02:02:13.861+0000][6][gc,heap      ] GC(26) Archive regions: 2->2
[2021-08-17T02:02:13.861+0000][6][gc,heap      ] GC(26) Humongous regions: 50->50
[2021-08-17T02:02:13.861+0000][6][gc,metaspace ] GC(26) Metaspace: 60304K(64592K)->60304K(64592K) NonClass: 52286K(54736K)->52286K(54736K) Class: 8018K(9856K)->8018K(9856K)
[2021-08-17T02:02:13.861+0000][6][gc           ] GC(26) Pause Young (Mixed) (G1 Evacuation Pause) 159M->148M(449M) 11.785ms
[2021-08-17T02:02:13.861+0000][6][gc,cpu       ] GC(26) User=0.03s Sys=0.00s Real=0.01s
[2021-08-17T02:02:13.861+0000][6][safepoint    ] Safepoint "G1CollectForAllocation", Time since last: 9742456 ns, Reaching safepoint: 393297 ns, At safepoint: 11868064 ns, Total: 12261361 ns
[2021-08-17T02:02:13.873+0000][6][gc,start     ] GC(27) Pause Young (Concurrent Start) (G1 Evacuation Pause)
[2021-08-17T02:02:13.873+0000][6][gc,task      ] GC(27) Using 4 workers of 4 for evacuation
[2021-08-17T02:02:13.873+0000][6][gc,age       ] GC(27) Desired survivor size 1572864 bytes, new threshold 15 (max threshold 15)
[2021-08-17T02:02:13.878+0000][6][gc,age       ] GC(27) Age table with threshold 15 (max threshold 15)
[2021-08-17T02:02:13.878+0000][6][gc,age       ] GC(27) - age   1:    1350272 bytes,    1350272 total
[2021-08-17T02:02:13.878+0000][6][gc,age       ] GC(27) - age   2:     879568 bytes,    2229840 total
[2021-08-17T02:02:13.878+0000][6][gc,phases    ] GC(27)   Pre Evacuate Collection Set: 0.5ms
[2021-08-17T02:02:13.878+0000][6][gc,phases    ] GC(27)   Merge Heap Roots: 0.1ms
[2021-08-17T02:02:13.878+0000][6][gc,phases    ] GC(27)   Evacuate Collection Set: 3.3ms
[2021-08-17T02:02:13.878+0000][6][gc,phases    ] GC(27)   Post Evacuate Collection Set: 0.8ms
[2021-08-17T02:02:13.878+0000][6][gc,phases    ] GC(27)   Other: 0.2ms
[2021-08-17T02:02:13.878+0000][6][gc,heap      ] GC(27) Eden regions: 20->0(19)
[2021-08-17T02:02:13.878+0000][6][gc,heap      ] GC(27) Survivor regions: 2->3(3)
[2021-08-17T02:02:13.878+0000][6][gc,heap      ] GC(27) Old regions: 97->97
[2021-08-17T02:02:13.878+0000][6][gc,heap      ] GC(27) Archive regions: 2->2
[2021-08-17T02:02:13.878+0000][6][gc,heap      ] GC(27) Humongous regions: 50->50
[2021-08-17T02:02:13.878+0000][6][gc,metaspace ] GC(27) Metaspace: 60363K(64592K)->60363K(64592K) NonClass: 52338K(54736K)->52338K(54736K) Class: 8025K(9856K)->8025K(9856K)
[2021-08-17T02:02:13.878+0000][6][gc           ] GC(27) Pause Young (Concurrent Start) (G1 Evacuation Pause) 168M->148M(449M) 4.979ms
[2021-08-17T02:02:13.878+0000][6][gc,cpu       ] GC(27) User=0.01s Sys=0.00s Real=0.00s
[2021-08-17T02:02:13.878+0000][6][safepoint    ] Safepoint "G1CollectForAllocation", Time since last: 8404198 ns, Reaching safepoint: 3757853 ns, At safepoint: 5085094 ns, Total: 8842947 ns
[2021-08-17T02:02:13.878+0000][6][gc           ] GC(28) Concurrent Cycle
[2021-08-17T02:02:13.878+0000][6][gc,marking   ] GC(28) Concurrent Clear Claimed Marks
[2021-08-17T02:02:13.879+0000][6][gc,marking   ] GC(28) Concurrent Clear Claimed Marks 0.314ms
[2021-08-17T02:02:13.879+0000][6][gc,marking   ] GC(28) Concurrent Scan Root Regions
[2021-08-17T02:02:13.880+0000][6][gc,marking   ] GC(28) Concurrent Scan Root Regions 1.174ms
[2021-08-17T02:02:13.880+0000][6][gc,marking   ] GC(28) Concurrent Mark (21.009s)
[2021-08-17T02:02:13.880+0000][6][gc,marking   ] GC(28) Concurrent Mark From Roots
[2021-08-17T02:02:13.880+0000][6][gc,task      ] GC(28) Using 1 workers of 1 for marking
[2021-08-17T02:02:13.889+0000][6][safepoint    ] Safepoint "BulkRevokeBias", Time since last: 9664520 ns, Reaching safepoint: 429233 ns, At safepoint: 491531 ns, Total: 920764 ns
[2021-08-17T02:02:13.890+0000][6][gc,start     ] GC(29) Pause Young (Normal) (G1 Evacuation Pause)
[2021-08-17T02:02:13.890+0000][6][gc,task      ] GC(29) Using 4 workers of 4 for evacuation
[2021-08-17T02:02:13.890+0000][6][gc,age       ] GC(29) Desired survivor size 1572864 bytes, new threshold 2 (max threshold 15)
[2021-08-17T02:02:13.897+0000][6][gc,age       ] GC(29) Age table with threshold 2 (max threshold 15)
[2021-08-17T02:02:13.897+0000][6][gc,age       ] GC(29) - age   1:    1249792 bytes,    1249792 total
[2021-08-17T02:02:13.897+0000][6][gc,age       ] GC(29) - age   2:    1331848 bytes,    2581640 total
[2021-08-17T02:02:13.897+0000][6][gc,phases    ] GC(29)   Pre Evacuate Collection Set: 0.1ms
[2021-08-17T02:02:13.897+0000][6][gc,phases    ] GC(29)   Merge Heap Roots: 0.0ms
[2021-08-17T02:02:13.897+0000][6][gc,phases    ] GC(29)   Evacuate Collection Set: 5.3ms
[2021-08-17T02:02:13.897+0000][6][gc,phases    ] GC(29)   Post Evacuate Collection Set: 0.7ms
[2021-08-17T02:02:13.897+0000][6][gc,phases    ] GC(29)   Other: 0.2ms
[2021-08-17T02:02:13.897+0000][6][gc,heap      ] GC(29) Eden regions: 19->0(19)
[2021-08-17T02:02:13.897+0000][6][gc,heap      ] GC(29) Survivor regions: 3->3(3)
[2021-08-17T02:02:13.897+0000][6][gc,heap      ] GC(29) Old regions: 97->98
[2021-08-17T02:02:13.897+0000][6][gc,heap      ] GC(29) Archive regions: 2->2
[2021-08-17T02:02:13.897+0000][6][gc,heap      ] GC(29) Humongous regions: 50->50
[2021-08-17T02:02:13.897+0000][6][gc,metaspace ] GC(29) Metaspace: 60375K(64592K)->60375K(64592K) NonClass: 52346K(54736K)->52346K(54736K) Class: 8029K(9856K)->8029K(9856K)
[2021-08-17T02:02:13.897+0000][6][gc           ] GC(29) Pause Young (Normal) (G1 Evacuation Pause) 167M->149M(449M) 6.410ms
[2021-08-17T02:02:13.897+0000][6][gc,cpu       ] GC(29) User=0.02s Sys=0.00s Real=0.01s
[2021-08-17T02:02:13.897+0000][6][safepoint    ] Safepoint "G1CollectForAllocation", Time since last: 1418884 ns, Reaching safepoint: 243843 ns, At safepoint: 6496151 ns, Total: 6739994 ns
[2021-08-17T02:02:13.906+0000][6][gc,start     ] GC(30) Pause Young (Normal) (G1 Evacuation Pause)
[2021-08-17T02:02:13.906+0000][6][gc,task      ] GC(30) Using 4 workers of 4 for evacuation
[2021-08-17T02:02:13.906+0000][6][gc,age       ] GC(30) Desired survivor size 1572864 bytes, new threshold 2 (max threshold 15)
[2021-08-17T02:02:13.914+0000][6][gc,age       ] GC(30) Age table with threshold 2 (max threshold 15)
[2021-08-17T02:02:13.915+0000][6][gc,age       ] GC(30) - age   1:    1244064 bytes,    1244064 total
[2021-08-17T02:02:13.915+0000][6][gc,age       ] GC(30) - age   2:    1232432 bytes,    2476496 total
[2021-08-17T02:02:13.915+0000][6][gc,phases    ] GC(30)   Pre Evacuate Collection Set: 0.2ms
[2021-08-17T02:02:13.915+0000][6][gc,phases    ] GC(30)   Merge Heap Roots: 0.3ms
[2021-08-17T02:02:13.915+0000][6][gc,phases    ] GC(30)   Evacuate Collection Set: 6.6ms
[2021-08-17T02:02:13.915+0000][6][gc,phases    ] GC(30)   Post Evacuate Collection Set: 1.5ms
[2021-08-17T02:02:13.915+0000][6][gc,phases    ] GC(30)   Other: 0.2ms
[2021-08-17T02:02:13.915+0000][6][gc,heap      ] GC(30) Eden regions: 19->0(19)
[2021-08-17T02:02:13.915+0000][6][gc,heap      ] GC(30) Survivor regions: 3->3(3)
[2021-08-17T02:02:13.915+0000][6][gc,heap      ] GC(30) Old regions: 98->99
[2021-08-17T02:02:13.915+0000][6][gc,heap      ] GC(30) Archive regions: 2->2
[2021-08-17T02:02:13.915+0000][6][gc,heap      ] GC(30) Humongous regions: 50->50
[2021-08-17T02:02:13.915+0000][6][gc,metaspace ] GC(30) Metaspace: 60394K(64592K)->60394K(64592K) NonClass: 52364K(54736K)->52364K(54736K) Class: 8029K(9856K)->8029K(9856K)
[2021-08-17T02:02:13.915+0000][6][gc           ] GC(30) Pause Young (Normal) (G1 Evacuation Pause) 168M->150M(449M) 8.837ms
[2021-08-17T02:02:13.915+0000][6][gc,cpu       ] GC(30) User=0.02s Sys=0.00s Real=0.01s
[2021-08-17T02:02:13.915+0000][6][safepoint    ] Safepoint "G1CollectForAllocation", Time since last: 8355288 ns, Reaching safepoint: 558599 ns, At safepoint: 8968753 ns, Total: 9527352 ns
[2021-08-17T02:02:13.923+0000][6][gc,start     ] GC(31) Pause Young (Normal) (G1 Evacuation Pause)
[2021-08-17T02:02:13.923+0000][6][gc,task      ] GC(31) Using 4 workers of 4 for evacuation
[2021-08-17T02:02:13.923+0000][6][gc,age       ] GC(31) Desired survivor size 1572864 bytes, new threshold 2 (max threshold 15)
[2021-08-17T02:02:13.930+0000][6][gc,age       ] GC(31) Age table with threshold 2 (max threshold 15)
[2021-08-17T02:02:13.930+0000][6][gc,age       ] GC(31) - age   1:    1111608 bytes,    1111608 total
[2021-08-17T02:02:13.930+0000][6][gc,age       ] GC(31) - age   2:    1226424 bytes,    2338032 total
[2021-08-17T02:02:13.930+0000][6][gc,phases    ] GC(31)   Pre Evacuate Collection Set: 0.3ms
[2021-08-17T02:02:13.930+0000][6][gc,phases    ] GC(31)   Merge Heap Roots: 0.3ms
[2021-08-17T02:02:13.930+0000][6][gc,phases    ] GC(31)   Evacuate Collection Set: 5.0ms
[2021-08-17T02:02:13.930+0000][6][gc,phases    ] GC(31)   Post Evacuate Collection Set: 1.5ms
[2021-08-17T02:02:13.930+0000][6][gc,phases    ] GC(31)   Other: 0.2ms
[2021-08-17T02:02:13.930+0000][6][gc,heap      ] GC(31) Eden regions: 19->0(19)
[2021-08-17T02:02:13.930+0000][6][gc,heap      ] GC(31) Survivor regions: 3->3(3)
[2021-08-17T02:02:13.930+0000][6][gc,heap      ] GC(31) Old regions: 99->100
[2021-08-17T02:02:13.930+0000][6][gc,heap      ] GC(31) Archive regions: 2->2
[2021-08-17T02:02:13.930+0000][6][gc,heap      ] GC(31) Humongous regions: 50->50
[2021-08-17T02:02:13.930+0000][6][gc,metaspace ] GC(31) Metaspace: 60604K(64848K)->60604K(64848K) NonClass: 52543K(54992K)->52543K(54992K) Class: 8060K(9856K)->8060K(9856K)
[2021-08-17T02:02:13.930+0000][6][gc           ] GC(31) Pause Young (Normal) (G1 Evacuation Pause) 169M->152M(449M) 7.218ms
[2021-08-17T02:02:13.931+0000][6][gc,cpu       ] GC(31) User=0.02s Sys=0.00s Real=0.00s
[2021-08-17T02:02:13.931+0000][6][safepoint    ] Safepoint "G1CollectForAllocation", Time since last: 7625203 ns, Reaching safepoint: 872273 ns, At safepoint: 7369263 ns, Total: 8241536 ns
[2021-08-17T02:02:13.940+0000][6][gc,start     ] GC(32) Pause Young (Normal) (G1 Evacuation Pause)
[2021-08-17T02:02:13.940+0000][6][gc,task      ] GC(32) Using 4 workers of 4 for evacuation
[2021-08-17T02:02:13.940+0000][6][gc,age       ] GC(32) Desired survivor size 1572864 bytes, new threshold 2 (max threshold 15)
[2021-08-17T02:02:13.947+0000][6][gc,age       ] GC(32) Age table with threshold 2 (max threshold 15)
[2021-08-17T02:02:13.947+0000][6][gc,age       ] GC(32) - age   1:    1159976 bytes,    1159976 total
[2021-08-17T02:02:13.947+0000][6][gc,age       ] GC(32) - age   2:    1107600 bytes,    2267576 total
[2021-08-17T02:02:13.947+0000][6][gc,phases    ] GC(32)   Pre Evacuate Collection Set: 0.3ms
[2021-08-17T02:02:13.947+0000][6][gc,phases    ] GC(32)   Merge Heap Roots: 0.3ms
[2021-08-17T02:02:13.947+0000][6][gc,phases    ] GC(32)   Evacuate Collection Set: 5.6ms
[2021-08-17T02:02:13.947+0000][6][gc,phases    ] GC(32)   Post Evacuate Collection Set: 0.8ms
[2021-08-17T02:02:13.947+0000][6][gc,phases    ] GC(32)   Other: 0.2ms
[2021-08-17T02:02:13.947+0000][6][gc,heap      ] GC(32) Eden regions: 19->0(19)
[2021-08-17T02:02:13.947+0000][6][gc,heap      ] GC(32) Survivor regions: 3->3(3)
[2021-08-17T02:02:13.947+0000][6][gc,heap      ] GC(32) Old regions: 100->102
[2021-08-17T02:02:13.947+0000][6][gc,heap      ] GC(32) Archive regions: 2->2
[2021-08-17T02:02:13.947+0000][6][gc,heap      ] GC(32) Humongous regions: 50->50
[2021-08-17T02:02:13.947+0000][6][gc,metaspace ] GC(32) Metaspace: 60660K(64848K)->60660K(64848K) NonClass: 52595K(54992K)->52595K(54992K) Class: 8065K(9856K)->8065K(9856K)
[2021-08-17T02:02:13.947+0000][6][gc           ] GC(32) Pause Young (Normal) (G1 Evacuation Pause) 171M->153M(449M) 7.115ms
[2021-08-17T02:02:13.947+0000][6][gc,cpu       ] GC(32) User=0.02s Sys=0.00s Real=0.01s
[2021-08-17T02:02:13.947+0000][6][safepoint    ] Safepoint "G1CollectForAllocation", Time since last: 8816079 ns, Reaching safepoint: 722543 ns, At safepoint: 7211725 ns, Total: 7934268 ns
[2021-08-17T02:02:13.957+0000][6][gc,start     ] GC(33) Pause Young (Normal) (G1 Evacuation Pause)
[2021-08-17T02:02:13.957+0000][6][gc,task      ] GC(33) Using 4 workers of 4 for evacuation
[2021-08-17T02:02:13.957+0000][6][gc,age       ] GC(33) Desired survivor size 1572864 bytes, new threshold 2 (max threshold 15)
[2021-08-17T02:02:13.964+0000][6][gc,age       ] GC(33) Age table with threshold 2 (max threshold 15)
[2021-08-17T02:02:13.964+0000][6][gc,age       ] GC(33) - age   1:    1183560 bytes,    1183560 total
[2021-08-17T02:02:13.964+0000][6][gc,age       ] GC(33) - age   2:    1159792 bytes,    2343352 total
[2021-08-17T02:02:13.964+0000][6][gc,phases    ] GC(33)   Pre Evacuate Collection Set: 0.1ms
[2021-08-17T02:02:13.964+0000][6][gc,phases    ] GC(33)   Merge Heap Roots: 0.1ms
[2021-08-17T02:02:13.964+0000][6][gc,phases    ] GC(33)   Evacuate Collection Set: 5.7ms
[2021-08-17T02:02:13.964+0000][6][gc,phases    ] GC(33)   Post Evacuate Collection Set: 1.0ms
[2021-08-17T02:02:13.964+0000][6][gc,phases    ] GC(33)   Other: 0.2ms
[2021-08-17T02:02:13.964+0000][6][gc,heap      ] GC(33) Eden regions: 19->0(19)
[2021-08-17T02:02:13.964+0000][6][gc,heap      ] GC(33) Survivor regions: 3->3(3)
[2021-08-17T02:02:13.964+0000][6][gc,heap      ] GC(33) Old regions: 102->103
[2021-08-17T02:02:13.964+0000][6][gc,heap      ] GC(33) Archive regions: 2->2
[2021-08-17T02:02:13.964+0000][6][gc,heap      ] GC(33) Humongous regions: 50->50
[2021-08-17T02:02:13.964+0000][6][gc,metaspace ] GC(33) Metaspace: 60664K(64848K)->60664K(64848K) NonClass: 52598K(54992K)->52598K(54992K) Class: 8066K(9856K)->8066K(9856K)
[2021-08-17T02:02:13.964+0000][6][gc           ] GC(33) Pause Young (Normal) (G1 Evacuation Pause) 172M->154M(449M) 7.212ms
[2021-08-17T02:02:13.964+0000][6][gc,cpu       ] GC(33) User=0.02s Sys=0.00s Real=0.01s
[2021-08-17T02:02:13.964+0000][6][safepoint    ] Safepoint "G1CollectForAllocation", Time since last: 9301535 ns, Reaching safepoint: 172552 ns, At safepoint: 7295756 ns, Total: 7468308 ns
[2021-08-17T02:02:13.974+0000][6][gc,start     ] GC(34) Pause Young (Normal) (G1 Evacuation Pause)
[2021-08-17T02:02:13.974+0000][6][gc,task      ] GC(34) Using 4 workers of 4 for evacuation
[2021-08-17T02:02:13.974+0000][6][gc,age       ] GC(34) Desired survivor size 1572864 bytes, new threshold 2 (max threshold 15)
[2021-08-17T02:02:13.979+0000][6][gc,age       ] GC(34) Age table with threshold 2 (max threshold 15)
[2021-08-17T02:02:13.979+0000][6][gc,age       ] GC(34) - age   1:    1207544 bytes,    1207544 total
[2021-08-17T02:02:13.979+0000][6][gc,age       ] GC(34) - age   2:    1175128 bytes,    2382672 total
[2021-08-17T02:02:13.979+0000][6][gc,phases    ] GC(34)   Pre Evacuate Collection Set: 0.2ms
[2021-08-17T02:02:13.979+0000][6][gc,phases    ] GC(34)   Merge Heap Roots: 0.1ms
[2021-08-17T02:02:13.979+0000][6][gc,phases    ] GC(34)   Evacuate Collection Set: 4.2ms
[2021-08-17T02:02:13.979+0000][6][gc,phases    ] GC(34)   Post Evacuate Collection Set: 0.5ms
[2021-08-17T02:02:13.979+0000][6][gc,phases    ] GC(34)   Other: 0.2ms
[2021-08-17T02:02:13.979+0000][6][gc,heap      ] GC(34) Eden regions: 19->0(19)
[2021-08-17T02:02:13.979+0000][6][gc,heap      ] GC(34) Survivor regions: 3->3(3)
[2021-08-17T02:02:13.979+0000][6][gc,heap      ] GC(34) Old regions: 103->104
[2021-08-17T02:02:13.979+0000][6][gc,heap      ] GC(34) Archive regions: 2->2
[2021-08-17T02:02:13.979+0000][6][gc,heap      ] GC(34) Humongous regions: 50->50
[2021-08-17T02:02:13.979+0000][6][gc,metaspace ] GC(34) Metaspace: 60690K(64848K)->60690K(64848K) NonClass: 52620K(54992K)->52620K(54992K) Class: 8069K(9856K)->8069K(9856K)
[2021-08-17T02:02:13.979+0000][6][gc           ] GC(34) Pause Young (Normal) (G1 Evacuation Pause) 173M->155M(449M) 5.218ms
[2021-08-17T02:02:13.979+0000][6][gc,cpu       ] GC(34) User=0.02s Sys=0.00s Real=0.00s
[2021-08-17T02:02:13.979+0000][6][safepoint    ] Safepoint "G1CollectForAllocation", Time since last: 9415365 ns, Reaching safepoint: 296977 ns, At safepoint: 5303739 ns, Total: 5600716 ns
[2021-08-17T02:02:13.988+0000][6][gc,start     ] GC(35) Pause Young (Normal) (G1 Evacuation Pause)
[2021-08-17T02:02:13.988+0000][6][gc,task      ] GC(35) Using 4 workers of 4 for evacuation
[2021-08-17T02:02:13.988+0000][6][gc,age       ] GC(35) Desired survivor size 1572864 bytes, new threshold 2 (max threshold 15)
[2021-08-17T02:02:13.994+0000][6][gc,age       ] GC(35) Age table with threshold 2 (max threshold 15)
[2021-08-17T02:02:13.994+0000][6][gc,age       ] GC(35) - age   1:    1220112 bytes,    1220112 total
[2021-08-17T02:02:13.994+0000][6][gc,age       ] GC(35) - age   2:    1194848 bytes,    2414960 total
[2021-08-17T02:02:13.994+0000][6][gc,phases    ] GC(35)   Pre Evacuate Collection Set: 0.1ms
[2021-08-17T02:02:13.994+0000][6][gc,phases    ] GC(35)   Merge Heap Roots: 0.1ms
[2021-08-17T02:02:13.994+0000][6][gc,phases    ] GC(35)   Evacuate Collection Set: 4.8ms
[2021-08-17T02:02:13.994+0000][6][gc,phases    ] GC(35)   Post Evacuate Collection Set: 1.3ms
[2021-08-17T02:02:13.994+0000][6][gc,phases    ] GC(35)   Other: 0.2ms
[2021-08-17T02:02:13.994+0000][6][gc,heap      ] GC(35) Eden regions: 19->0(19)
[2021-08-17T02:02:13.994+0000][6][gc,heap      ] GC(35) Survivor regions: 3->3(3)
[2021-08-17T02:02:13.994+0000][6][gc,heap      ] GC(35) Old regions: 104->105
[2021-08-17T02:02:13.994+0000][6][gc,heap      ] GC(35) Archive regions: 2->2
[2021-08-17T02:02:13.994+0000][6][gc,heap      ] GC(35) Humongous regions: 50->50
[2021-08-17T02:02:13.994+0000][6][gc,metaspace ] GC(35) Metaspace: 60726K(64848K)->60726K(64848K) NonClass: 52655K(54992K)->52655K(54992K) Class: 8070K(9856K)->8070K(9856K)
[2021-08-17T02:02:13.995+0000][6][gc           ] GC(35) Pause Young (Normal) (G1 Evacuation Pause) 174M->156M(449M) 6.591ms
[2021-08-17T02:02:13.995+0000][6][gc,cpu       ] GC(35) User=0.01s Sys=0.00s Real=0.01s
[2021-08-17T02:02:13.995+0000][6][safepoint    ] Safepoint "G1CollectForAllocation", Time since last: 8636003 ns, Reaching safepoint: 117981 ns, At safepoint: 6712659 ns, Total: 6830640 ns
[2021-08-17T02:02:14.008+0000][6][gc,start     ] GC(36) Pause Young (Normal) (G1 Evacuation Pause)
[2021-08-17T02:02:14.008+0000][6][gc,task      ] GC(36) Using 4 workers of 4 for evacuation
[2021-08-17T02:02:14.008+0000][6][gc,age       ] GC(36) Desired survivor size 1572864 bytes, new threshold 2 (max threshold 15)
[2021-08-17T02:02:14.017+0000][6][gc,age       ] GC(36) Age table with threshold 2 (max threshold 15)
[2021-08-17T02:02:14.017+0000][6][gc,age       ] GC(36) - age   1:    1206056 bytes,    1206056 total
[2021-08-17T02:02:14.017+0000][6][gc,age       ] GC(36) - age   2:    1202184 bytes,    2408240 total
[2021-08-17T02:02:14.017+0000][6][gc,phases    ] GC(36)   Pre Evacuate Collection Set: 0.3ms
[2021-08-17T02:02:14.017+0000][6][gc,phases    ] GC(36)   Merge Heap Roots: 0.3ms
[2021-08-17T02:02:14.017+0000][6][gc,phases    ] GC(36)   Evacuate Collection Set: 7.2ms
[2021-08-17T02:02:14.017+0000][6][gc,phases    ] GC(36)   Post Evacuate Collection Set: 1.0ms
[2021-08-17T02:02:14.017+0000][6][gc,phases    ] GC(36)   Other: 0.2ms
[2021-08-17T02:02:14.017+0000][6][gc,heap      ] GC(36) Eden regions: 19->0(19)
[2021-08-17T02:02:14.017+0000][6][gc,heap      ] GC(36) Survivor regions: 3->3(3)
[2021-08-17T02:02:14.017+0000][6][gc,heap      ] GC(36) Old regions: 105->106
[2021-08-17T02:02:14.017+0000][6][gc,heap      ] GC(36) Archive regions: 2->2
[2021-08-17T02:02:14.017+0000][6][gc,heap      ] GC(36) Humongous regions: 55->55
[2021-08-17T02:02:14.017+0000][6][gc,metaspace ] GC(36) Metaspace: 60874K(65104K)->60874K(65104K) NonClass: 52790K(55248K)->52790K(55248K) Class: 8084K(9856K)->8084K(9856K)
[2021-08-17T02:02:14.017+0000][6][gc           ] GC(36) Pause Young (Normal) (G1 Evacuation Pause) 180M->163M(449M) 8.947ms
[2021-08-17T02:02:14.017+0000][6][gc,cpu       ] GC(36) User=0.03s Sys=0.00s Real=0.01s
[2021-08-17T02:02:14.017+0000][6][safepoint    ] Safepoint "G1CollectForAllocation", Time since last: 12767544 ns, Reaching safepoint: 529326 ns, At safepoint: 9036903 ns, Total: 9566229 ns
[2021-08-17T02:02:14.026+0000][6][safepoint    ] Safepoint "G1CollectForAllocation", Time since last: 8635481 ns, Reaching safepoint: 202239 ns, At safepoint: 34812 ns, Total: 237051 ns
[2021-08-17T02:02:14.027+0000][6][gc,start     ] GC(37) Pause Young (Normal) (GCLocker Initiated GC)
[2021-08-17T02:02:14.027+0000][6][gc,task      ] GC(37) Using 4 workers of 4 for evacuation
[2021-08-17T02:02:14.027+0000][6][gc,age       ] GC(37) Desired survivor size 1572864 bytes, new threshold 2 (max threshold 15)
[2021-08-17T02:02:14.034+0000][6][gc,age       ] GC(37) Age table with threshold 2 (max threshold 15)
[2021-08-17T02:02:14.034+0000][6][gc,age       ] GC(37) - age   1:    1302256 bytes,    1302256 total
[2021-08-17T02:02:14.034+0000][6][gc,age       ] GC(37) - age   2:    1171456 bytes,    2473712 total
[2021-08-17T02:02:14.439+0000][6][gc,mmu       ] GC(37) MMU target violated: 201.0ms (200.0ms/201.0ms)
[2021-08-17T02:02:14.439+0000][6][gc,phases    ] GC(37)   Pre Evacuate Collection Set: 0.1ms
[2021-08-17T02:02:14.439+0000][6][gc,phases    ] GC(37)   Merge Heap Roots: 0.1ms
[2021-08-17T02:02:14.439+0000][6][gc,phases    ] GC(37)   Evacuate Collection Set: 5.7ms
[2021-08-17T02:02:14.439+0000][6][gc,phases    ] GC(37)   Post Evacuate Collection Set: 406.1ms
[2021-08-17T02:02:14.439+0000][6][gc,phases    ] GC(37)   Other: 0.2ms
[2021-08-17T02:02:14.439+0000][6][gc,heap      ] GC(37) Eden regions: 20->0(30)
[2021-08-17T02:02:14.439+0000][6][gc,heap      ] GC(37) Survivor regions: 3->3(3)
[2021-08-17T02:02:14.439+0000][6][gc,heap      ] GC(37) Old regions: 106->108
[2021-08-17T02:02:14.439+0000][6][gc,heap      ] GC(37) Archive regions: 2->2
[2021-08-17T02:02:14.439+0000][6][gc,heap      ] GC(37) Humongous regions: 55->55
[2021-08-17T02:02:14.439+0000][6][gc,metaspace ] GC(37) Metaspace: 60874K(65104K)->60874K(65104K) NonClass: 52790K(55248K)->52790K(55248K) Class: 8084K(9856K)->8084K(9856K)
[2021-08-17T02:02:14.439+0000][6][gc           ] GC(37) Pause Young (Normal) (GCLocker Initiated GC) 183M->164M(679M) 412.303ms
[2021-08-17T02:02:14.439+0000][6][gc,cpu       ] GC(37) User=0.16s Sys=0.27s Real=0.41s
[2021-08-17T02:02:14.439+0000][6][safepoint    ] Safepoint "G1CollectForAllocation", Time since last: 535800 ns, Reaching safepoint: 200202 ns, At safepoint: 412396381 ns, Total: 412596583 ns
[2021-08-17T02:02:14.490+0000][6][gc,start     ] GC(38) Pause Young (Normal) (G1 Evacuation Pause)
[2021-08-17T02:02:14.490+0000][6][gc,task      ] GC(38) Using 4 workers of 4 for evacuation
[2021-08-17T02:02:14.490+0000][6][gc,age       ] GC(38) Desired survivor size 2621440 bytes, new threshold 15 (max threshold 15)
[2021-08-17T02:02:14.507+0000][6][gc,age       ] GC(38) Age table with threshold 15 (max threshold 15)
[2021-08-17T02:02:14.507+0000][6][gc,age       ] GC(38) - age   1:    1963672 bytes,    1963672 total
[2021-08-17T02:02:14.507+0000][6][gc,age       ] GC(38) - age   2:    1298464 bytes,    3262136 total
[2021-08-17T02:02:14.507+0000][6][gc,age       ] GC(38) - age   3:    1171360 bytes,    4433496 total
[2021-08-17T02:02:14.507+0000][6][gc,phases    ] GC(38)   Pre Evacuate Collection Set: 0.1ms
[2021-08-17T02:02:14.507+0000][6][gc,phases    ] GC(38)   Merge Heap Roots: 0.1ms
[2021-08-17T02:02:14.507+0000][6][gc,phases    ] GC(38)   Evacuate Collection Set: 16.9ms
[2021-08-17T02:02:14.507+0000][6][gc,phases    ] GC(38)   Post Evacuate Collection Set: 0.5ms
[2021-08-17T02:02:14.508+0000][6][gc,phases    ] GC(38)   Other: 0.2ms
[2021-08-17T02:02:14.508+0000][6][gc,heap      ] GC(38) Eden regions: 30->0(28)
[2021-08-17T02:02:14.508+0000][6][gc,heap      ] GC(38) Survivor regions: 3->5(5)
[2021-08-17T02:02:14.508+0000][6][gc,heap      ] GC(38) Old regions: 108->108
[2021-08-17T02:02:14.508+0000][6][gc,heap      ] GC(38) Archive regions: 2->2
[2021-08-17T02:02:14.508+0000][6][gc,heap      ] GC(38) Humongous regions: 55->55
[2021-08-17T02:02:14.508+0000][6][gc,metaspace ] GC(38) Metaspace: 60880K(65104K)->60880K(65104K) NonClass: 52794K(55248K)->52794K(55248K) Class: 8086K(9856K)->8086K(9856K)
[2021-08-17T02:02:14.508+0000][6][gc           ] GC(38) Pause Young (Normal) (G1 Evacuation Pause) 194M->166M(679M) 17.917ms
[2021-08-17T02:02:14.508+0000][6][gc,cpu       ] GC(38) User=0.03s Sys=0.00s Real=0.02s
[2021-08-17T02:02:14.508+0000][6][safepoint    ] Safepoint "G1CollectForAllocation", Time since last: 42635793 ns, Reaching safepoint: 8035652 ns, At safepoint: 18012399 ns, Total: 26048051 ns
[2021-08-17T02:02:14.550+0000][6][gc,marking   ] GC(28) Concurrent Mark From Roots 669.977ms
[2021-08-17T02:02:14.550+0000][6][gc,marking   ] GC(28) Concurrent Preclean
[2021-08-17T02:02:14.550+0000][6][gc,marking   ] GC(28) Concurrent Preclean 0.427ms
[2021-08-17T02:02:14.550+0000][6][gc,marking   ] GC(28) Concurrent Mark (21.009s, 21.679s) 670.458ms
[2021-08-17T02:02:14.551+0000][6][gc,start     ] GC(28) Pause Remark
[2021-08-17T02:02:14.631+0000][6][gc           ] GC(28) Pause Remark 184M->177M(604M) 79.647ms
[2021-08-17T02:02:14.631+0000][6][gc,cpu       ] GC(28) User=0.16s Sys=0.02s Real=0.08s
[2021-08-17T02:02:14.631+0000][6][safepoint    ] Safepoint "G1Concurrent", Time since last: 43636733 ns, Reaching safepoint: 186840 ns, At safepoint: 79826319 ns, Total: 80013159 ns
[2021-08-17T02:02:14.632+0000][6][gc,marking   ] GC(28) Concurrent Rebuild Remembered Sets
[2021-08-17T02:02:14.640+0000][6][gc,start     ] GC(39) Pause Young (Normal) (G1 Evacuation Pause)
[2021-08-17T02:02:14.640+0000][6][gc,task      ] GC(39) Using 4 workers of 4 for evacuation
[2021-08-17T02:02:14.640+0000][6][gc,age       ] GC(39) Desired survivor size 2621440 bytes, new threshold 2 (max threshold 15)
[2021-08-17T02:02:14.657+0000][6][gc,age       ] GC(39) Age table with threshold 2 (max threshold 15)
[2021-08-17T02:02:14.657+0000][6][gc,age       ] GC(39) - age   1:    1821592 bytes,    1821592 total
[2021-08-17T02:02:14.657+0000][6][gc,age       ] GC(39) - age   2:    1951864 bytes,    3773456 total
[2021-08-17T02:02:14.657+0000][6][gc,phases    ] GC(39)   Pre Evacuate Collection Set: 0.3ms
[2021-08-17T02:02:14.657+0000][6][gc,phases    ] GC(39)   Merge Heap Roots: 0.2ms
[2021-08-17T02:02:14.657+0000][6][gc,phases    ] GC(39)   Evacuate Collection Set: 14.8ms
[2021-08-17T02:02:14.657+0000][6][gc,phases    ] GC(39)   Post Evacuate Collection Set: 1.6ms
[2021-08-17T02:02:14.657+0000][6][gc,phases    ] GC(39)   Other: 0.3ms
[2021-08-17T02:02:14.657+0000][6][gc,heap      ] GC(39) Eden regions: 28->0(26)
[2021-08-17T02:02:14.657+0000][6][gc,heap      ] GC(39) Survivor regions: 5->4(5)
[2021-08-17T02:02:14.657+0000][6][gc,heap      ] GC(39) Old regions: 108->111
[2021-08-17T02:02:14.657+0000][6][gc,heap      ] GC(39) Archive regions: 2->2
[2021-08-17T02:02:14.657+0000][6][gc,heap      ] GC(39) Humongous regions: 48->48
[2021-08-17T02:02:14.657+0000][6][gc,metaspace ] GC(39) Metaspace: 60933K(65104K)->60933K(65104K) NonClass: 52839K(55248K)->52839K(55248K) Class: 8094K(9856K)->8094K(9856K)
[2021-08-17T02:02:14.657+0000][6][gc           ] GC(39) Pause Young (Normal) (G1 Evacuation Pause) 187M->161M(604M) 17.304ms
[2021-08-17T02:02:14.657+0000][6][gc,cpu       ] GC(39) User=0.05s Sys=0.01s Real=0.02s
[2021-08-17T02:02:14.658+0000][6][safepoint    ] Safepoint "G1CollectForAllocation", Time since last: 8059100 ns, Reaching safepoint: 654536 ns, At safepoint: 17670911 ns, Total: 18325447 ns
[2021-08-17T02:02:14.710+0000][6][gc,start     ] GC(40) Pause Young (Normal) (G1 Evacuation Pause)
[2021-08-17T02:02:14.710+0000][6][gc,task      ] GC(40) Using 4 workers of 4 for evacuation
[2021-08-17T02:02:14.710+0000][6][gc,age       ] GC(40) Desired survivor size 2097152 bytes, new threshold 2 (max threshold 15)
[2021-08-17T02:02:14.716+0000][6][gc,age       ] GC(40) Age table with threshold 2 (max threshold 15)
[2021-08-17T02:02:14.716+0000][6][gc,age       ] GC(40) - age   1:     221448 bytes,     221448 total
[2021-08-17T02:02:14.716+0000][6][gc,age       ] GC(40) - age   2:    1821216 bytes,    2042664 total
[2021-08-17T02:02:14.716+0000][6][gc,phases    ] GC(40)   Pre Evacuate Collection Set: 0.2ms
[2021-08-17T02:02:14.716+0000][6][gc,phases    ] GC(40)   Merge Heap Roots: 0.1ms
[2021-08-17T02:02:14.716+0000][6][gc,phases    ] GC(40)   Evacuate Collection Set: 4.3ms
[2021-08-17T02:02:14.716+0000][6][gc,phases    ] GC(40)   Post Evacuate Collection Set: 1.4ms
[2021-08-17T02:02:14.716+0000][6][gc,phases    ] GC(40)   Other: 0.3ms
[2021-08-17T02:02:14.716+0000][6][gc,heap      ] GC(40) Eden regions: 26->0(27)
[2021-08-17T02:02:14.716+0000][6][gc,heap      ] GC(40) Survivor regions: 4->3(4)
[2021-08-17T02:02:14.716+0000][6][gc,heap      ] GC(40) Old regions: 111->113
[2021-08-17T02:02:14.716+0000][6][gc,heap      ] GC(40) Archive regions: 2->2
[2021-08-17T02:02:14.716+0000][6][gc,heap      ] GC(40) Humongous regions: 48->48
[2021-08-17T02:02:14.716+0000][6][gc,metaspace ] GC(40) Metaspace: 60965K(65104K)->60965K(65104K) NonClass: 52868K(55248K)->52868K(55248K) Class: 8096K(9856K)->8096K(9856K)
[2021-08-17T02:02:14.716+0000][6][gc           ] GC(40) Pause Young (Normal) (G1 Evacuation Pause) 187M->161M(604M) 6.257ms
[2021-08-17T02:02:14.716+0000][6][gc,cpu       ] GC(40) User=0.02s Sys=0.00s Real=0.01s
[2021-08-17T02:02:14.716+0000][6][safepoint    ] Safepoint "G1CollectForAllocation", Time since last: 50163988 ns, Reaching safepoint: 1761908 ns, At safepoint: 6372999 ns, Total: 8134907 ns
[2021-08-17T02:02:14.737+0000][6][gc,start     ] GC(41) Pause Young (Normal) (G1 Evacuation Pause)
[2021-08-17T02:02:14.737+0000][6][gc,task      ] GC(41) Using 4 workers of 4 for evacuation
[2021-08-17T02:02:14.737+0000][6][gc,age       ] GC(41) Desired survivor size 2097152 bytes, new threshold 15 (max threshold 15)
[2021-08-17T02:02:14.741+0000][6][gc,age       ] GC(41) Age table with threshold 15 (max threshold 15)
[2021-08-17T02:02:14.741+0000][6][gc,age       ] GC(41) - age   1:      31520 bytes,      31520 total
[2021-08-17T02:02:14.741+0000][6][gc,age       ] GC(41) - age   2:     196976 bytes,     228496 total
[2021-08-17T02:02:14.741+0000][6][gc,age       ] GC(41) - age   3:    1821128 bytes,    2049624 total
[2021-08-17T02:02:14.741+0000][6][gc,phases    ] GC(41)   Pre Evacuate Collection Set: 0.2ms
[2021-08-17T02:02:14.741+0000][6][gc,phases    ] GC(41)   Merge Heap Roots: 0.2ms
[2021-08-17T02:02:14.741+0000][6][gc,phases    ] GC(41)   Evacuate Collection Set: 3.4ms
[2021-08-17T02:02:14.741+0000][6][gc,phases    ] GC(41)   Post Evacuate Collection Set: 0.8ms
[2021-08-17T02:02:14.741+0000][6][gc,phases    ] GC(41)   Other: 0.2ms
[2021-08-17T02:02:14.741+0000][6][gc,heap      ] GC(41) Eden regions: 27->0(27)
[2021-08-17T02:02:14.741+0000][6][gc,heap      ] GC(41) Survivor regions: 3->3(4)
[2021-08-17T02:02:14.741+0000][6][gc,heap      ] GC(41) Old regions: 113->113
[2021-08-17T02:02:14.741+0000][6][gc,heap      ] GC(41) Archive regions: 2->2
[2021-08-17T02:02:14.741+0000][6][gc,heap      ] GC(41) Humongous regions: 48->48
[2021-08-17T02:02:14.741+0000][6][gc,metaspace ] GC(41) Metaspace: 61026K(65104K)->61026K(65104K) NonClass: 52922K(55248K)->52922K(55248K) Class: 8104K(9856K)->8104K(9856K)
[2021-08-17T02:02:14.741+0000][6][gc           ] GC(41) Pause Young (Normal) (G1 Evacuation Pause) 188M->161M(604M) 4.719ms
[2021-08-17T02:02:14.741+0000][6][gc,cpu       ] GC(41) User=0.01s Sys=0.00s Real=0.00s
[2021-08-17T02:02:14.741+0000][6][safepoint    ] Safepoint "G1CollectForAllocation", Time since last: 20083810 ns, Reaching safepoint: 521654 ns, At safepoint: 4802508 ns, Total: 5324162 ns
[2021-08-17T02:02:14.782+0000][6][gc,start     ] GC(42) Pause Young (Normal) (G1 Evacuation Pause)
[2021-08-17T02:02:14.782+0000][6][gc,task      ] GC(42) Using 4 workers of 4 for evacuation
[2021-08-17T02:02:14.782+0000][6][gc,age       ] GC(42) Desired survivor size 2097152 bytes, new threshold 15 (max threshold 15)
[2021-08-17T02:02:14.790+0000][6][gc,age       ] GC(42) Age table with threshold 15 (max threshold 15)
[2021-08-17T02:02:14.790+0000][6][gc,age       ] GC(42) - age   1:      29192 bytes,      29192 total
[2021-08-17T02:02:14.790+0000][6][gc,age       ] GC(42) - age   2:      29016 bytes,      58208 total
[2021-08-17T02:02:14.790+0000][6][gc,age       ] GC(42) - age   3:     196976 bytes,     255184 total
[2021-08-17T02:02:14.790+0000][6][gc,age       ] GC(42) - age   4:    1821128 bytes,    2076312 total
[2021-08-17T02:02:14.790+0000][6][gc,phases    ] GC(42)   Pre Evacuate Collection Set: 1.5ms
[2021-08-17T02:02:14.790+0000][6][gc,phases    ] GC(42)   Merge Heap Roots: 0.1ms
[2021-08-17T02:02:14.790+0000][6][gc,phases    ] GC(42)   Evacuate Collection Set: 4.8ms
[2021-08-17T02:02:14.790+0000][6][gc,phases    ] GC(42)   Post Evacuate Collection Set: 1.1ms
[2021-08-17T02:02:14.790+0000][6][gc,phases    ] GC(42)   Other: 0.2ms
[2021-08-17T02:02:14.790+0000][6][gc,heap      ] GC(42) Eden regions: 27->0(240)
[2021-08-17T02:02:14.790+0000][6][gc,heap      ] GC(42) Survivor regions: 3->3(4)
[2021-08-17T02:02:14.790+0000][6][gc,heap      ] GC(42) Old regions: 113->113
[2021-08-17T02:02:14.790+0000][6][gc,heap      ] GC(42) Archive regions: 2->2
[2021-08-17T02:02:14.790+0000][6][gc,heap      ] GC(42) Humongous regions: 48->48
[2021-08-17T02:02:14.790+0000][6][gc,metaspace ] GC(42) Metaspace: 61211K(65104K)->61211K(65104K) NonClass: 53083K(55248K)->53083K(55248K) Class: 8128K(9856K)->8128K(9856K)
[2021-08-17T02:02:14.790+0000][6][gc           ] GC(42) Pause Young (Normal) (G1 Evacuation Pause) 188M->161M(604M) 7.721ms
[2021-08-17T02:02:14.790+0000][6][gc,cpu       ] GC(42) User=0.02s Sys=0.00s Real=0.01s
[2021-08-17T02:02:14.790+0000][6][safepoint    ] Safepoint "G1CollectForAllocation", Time since last: 39745000 ns, Reaching safepoint: 1083711 ns, At safepoint: 7790016 ns, Total: 8873727 ns
[2021-08-17T02:02:14.833+0000][6][gc,marking   ] GC(28) Concurrent Rebuild Remembered Sets 201.480ms
[2021-08-17T02:02:14.836+0000][6][gc,start     ] GC(28) Pause Cleanup
[2021-08-17T02:02:14.836+0000][6][gc           ] GC(28) Pause Cleanup 200M->200M(604M) 0.252ms
[2021-08-17T02:02:14.836+0000][6][gc,cpu       ] GC(28) User=0.00s Sys=0.00s Real=0.00s
[2021-08-17T02:02:14.836+0000][6][safepoint    ] Safepoint "G1Concurrent", Time since last: 43519695 ns, Reaching safepoint: 2510847 ns, At safepoint: 401269 ns, Total: 2912116 ns
[2021-08-17T02:02:14.836+0000][6][gc,marking   ] GC(28) Concurrent Cleanup for Next Mark
[2021-08-17T02:02:14.837+0000][6][gc,marking   ] GC(28) Concurrent Cleanup for Next Mark 0.961ms
[2021-08-17T02:02:14.837+0000][6][gc           ] GC(28) Concurrent Cycle 959.245ms
[2021-08-17T02:02:14.984+0000][6][gc,start     ] GC(43) Pause Young (Normal) (G1 Evacuation Pause)
[2021-08-17T02:02:14.984+0000][6][gc,task      ] GC(43) Using 4 workers of 4 for evacuation
[2021-08-17T02:02:14.984+0000][6][gc,age       ] GC(43) Desired survivor size 16252928 bytes, new threshold 15 (max threshold 15)
[2021-08-17T02:02:15.001+0000][6][gc,age       ] GC(43) Age table with threshold 15 (max threshold 15)
[2021-08-17T02:02:15.001+0000][6][gc,age       ] GC(43) - age   1:     347328 bytes,     347328 total
[2021-08-17T02:02:15.001+0000][6][gc,age       ] GC(43) - age   2:      24288 bytes,     371616 total
[2021-08-17T02:02:15.001+0000][6][gc,age       ] GC(43) - age   3:      29016 bytes,     400632 total
[2021-08-17T02:02:15.001+0000][6][gc,age       ] GC(43) - age   4:     196888 bytes,     597520 total
[2021-08-17T02:02:15.001+0000][6][gc,age       ] GC(43) - age   5:    1821128 bytes,    2418648 total
[2021-08-17T02:02:15.398+0000][6][gc,mmu       ] GC(43) MMU target violated: 201.0ms (200.0ms/201.0ms)
[2021-08-17T02:02:15.398+0000][6][gc,phases    ] GC(43)   Pre Evacuate Collection Set: 0.1ms
[2021-08-17T02:02:15.398+0000][6][gc,phases    ] GC(43)   Merge Heap Roots: 0.1ms
[2021-08-17T02:02:15.398+0000][6][gc,phases    ] GC(43)   Evacuate Collection Set: 10.9ms
[2021-08-17T02:02:15.398+0000][6][gc,phases    ] GC(43)   Post Evacuate Collection Set: 402.5ms
[2021-08-17T02:02:15.398+0000][6][gc,phases    ] GC(43)   Other: 0.4ms
[2021-08-17T02:02:15.398+0000][6][gc,heap      ] GC(43) Eden regions: 240->0(35)
[2021-08-17T02:02:15.398+0000][6][gc,heap      ] GC(43) Survivor regions: 3->3(31)
[2021-08-17T02:02:15.398+0000][6][gc,heap      ] GC(43) Old regions: 113->113
[2021-08-17T02:02:15.398+0000][6][gc,heap      ] GC(43) Archive regions: 2->2
[2021-08-17T02:02:15.398+0000][6][gc,heap      ] GC(43) Humongous regions: 48->48
[2021-08-17T02:02:15.398+0000][6][gc,metaspace ] GC(43) Metaspace: 61844K(66000K)->61844K(66000K) NonClass: 53608K(56016K)->53608K(56016K) Class: 8236K(9984K)->8236K(9984K)
[2021-08-17T02:02:15.398+0000][6][gc           ] GC(43) Pause Young (Normal) (G1 Evacuation Pause) 401M->161M(772M) 414.083ms
[2021-08-17T02:02:15.399+0000][6][gc,cpu       ] GC(43) User=0.04s Sys=0.39s Real=0.41s
[2021-08-17T02:02:15.399+0000][6][safepoint    ] Safepoint "G1CollectForAllocation", Time since last: 147640327 ns, Reaching safepoint: 324438 ns, At safepoint: 414197117 ns, Total: 414521555 ns
[2021-08-17T02:02:15.462+0000][6][gc,start     ] GC(44) Pause Young (Normal) (G1 Evacuation Pause)
[2021-08-17T02:02:15.462+0000][6][gc,task      ] GC(44) Using 4 workers of 4 for evacuation
[2021-08-17T02:02:15.462+0000][6][gc,age       ] GC(44) Desired survivor size 2621440 bytes, new threshold 15 (max threshold 15)
[2021-08-17T02:02:15.472+0000][6][gc,age       ] GC(44) Age table with threshold 15 (max threshold 15)
[2021-08-17T02:02:15.472+0000][6][gc,age       ] GC(44) - age   1:      11640 bytes,      11640 total
[2021-08-17T02:02:15.472+0000][6][gc,age       ] GC(44) - age   2:     337384 bytes,     349024 total
[2021-08-17T02:02:15.472+0000][6][gc,age       ] GC(44) - age   3:      24288 bytes,     373312 total
[2021-08-17T02:02:15.472+0000][6][gc,age       ] GC(44) - age   4:      29016 bytes,     402328 total
[2021-08-17T02:02:15.472+0000][6][gc,age       ] GC(44) - age   5:     196888 bytes,     599216 total
[2021-08-17T02:02:15.472+0000][6][gc,age       ] GC(44) - age   6:    1821128 bytes,    2420344 total
[2021-08-17T02:02:15.472+0000][6][gc,phases    ] GC(44)   Pre Evacuate Collection Set: 0.8ms
[2021-08-17T02:02:15.472+0000][6][gc,phases    ] GC(44)   Merge Heap Roots: 0.1ms
[2021-08-17T02:02:15.472+0000][6][gc,phases    ] GC(44)   Evacuate Collection Set: 7.7ms
[2021-08-17T02:02:15.472+0000][6][gc,phases    ] GC(44)   Post Evacuate Collection Set: 0.9ms
[2021-08-17T02:02:15.472+0000][6][gc,phases    ] GC(44)   Other: 0.3ms
[2021-08-17T02:02:15.472+0000][6][gc,heap      ] GC(44) Eden regions: 35->0(35)
[2021-08-17T02:02:15.472+0000][6][gc,heap      ] GC(44) Survivor regions: 3->3(5)
[2021-08-17T02:02:15.472+0000][6][gc,heap      ] GC(44) Old regions: 113->113
[2021-08-17T02:02:15.472+0000][6][gc,heap      ] GC(44) Archive regions: 2->2
[2021-08-17T02:02:15.472+0000][6][gc,heap      ] GC(44) Humongous regions: 48->48
[2021-08-17T02:02:15.472+0000][6][gc,metaspace ] GC(44) Metaspace: 61903K(66000K)->61903K(66000K) NonClass: 53660K(56016K)->53660K(56016K) Class: 8243K(9984K)->8243K(9984K)
[2021-08-17T02:02:15.472+0000][6][gc           ] GC(44) Pause Young (Normal) (G1 Evacuation Pause) 196M->161M(772M) 9.870ms
[2021-08-17T02:02:15.472+0000][6][gc,cpu       ] GC(44) User=0.01s Sys=0.01s Real=0.01s
[2021-08-17T02:02:15.472+0000][6][safepoint    ] Safepoint "G1CollectForAllocation", Time since last: 63269867 ns, Reaching safepoint: 192117 ns, At safepoint: 10055839 ns, Total: 10247956 ns
[2021-08-17T02:02:15.490+0000][6][safepoint    ] Safepoint "BulkRevokeBias", Time since last: 12264713 ns, Reaching safepoint: 5643295 ns, At safepoint: 227050 ns, Total: 5870345 ns
[2021-08-17T02:02:15.512+0000][6][gc,start     ] GC(45) Pause Young (Normal) (G1 Evacuation Pause)
[2021-08-17T02:02:15.512+0000][6][gc,task      ] GC(45) Using 4 workers of 4 for evacuation
[2021-08-17T02:02:15.512+0000][6][gc,age       ] GC(45) Desired survivor size 2621440 bytes, new threshold 15 (max threshold 15)
[2021-08-17T02:02:15.520+0000][6][gc,age       ] GC(45) Age table with threshold 15 (max threshold 15)
[2021-08-17T02:02:15.520+0000][6][gc,age       ] GC(45) - age   1:      73648 bytes,      73648 total
[2021-08-17T02:02:15.520+0000][6][gc,age       ] GC(45) - age   2:       9880 bytes,      83528 total
[2021-08-17T02:02:15.520+0000][6][gc,age       ] GC(45) - age   3:     329784 bytes,     413312 total
[2021-08-17T02:02:15.520+0000][6][gc,age       ] GC(45) - age   4:      24288 bytes,     437600 total
[2021-08-17T02:02:15.520+0000][6][gc,age       ] GC(45) - age   5:      29016 bytes,     466616 total
[2021-08-17T02:02:15.520+0000][6][gc,age       ] GC(45) - age   6:     196888 bytes,     663504 total
[2021-08-17T02:02:15.520+0000][6][gc,age       ] GC(45) - age   7:    1821128 bytes,    2484632 total
[2021-08-17T02:02:15.520+0000][6][gc,phases    ] GC(45)   Pre Evacuate Collection Set: 0.2ms
[2021-08-17T02:02:15.520+0000][6][gc,phases    ] GC(45)   Merge Heap Roots: 0.1ms
[2021-08-17T02:02:15.520+0000][6][gc,phases    ] GC(45)   Evacuate Collection Set: 4.2ms
[2021-08-17T02:02:15.520+0000][6][gc,phases    ] GC(45)   Post Evacuate Collection Set: 2.9ms
[2021-08-17T02:02:15.520+0000][6][gc,phases    ] GC(45)   Other: 0.2ms
[2021-08-17T02:02:15.520+0000][6][gc,heap      ] GC(45) Eden regions: 35->0(390)
[2021-08-17T02:02:15.520+0000][6][gc,heap      ] GC(45) Survivor regions: 3->3(5)
[2021-08-17T02:02:15.520+0000][6][gc,heap      ] GC(45) Old regions: 113->113
[2021-08-17T02:02:15.520+0000][6][gc,heap      ] GC(45) Archive regions: 2->2
[2021-08-17T02:02:15.520+0000][6][gc,heap      ] GC(45) Humongous regions: 48->48
[2021-08-17T02:02:15.520+0000][6][gc,metaspace ] GC(45) Metaspace: 61962K(66128K)->61962K(66128K) NonClass: 53709K(56016K)->53709K(56016K) Class: 8252K(10112K)->8252K(10112K)
[2021-08-17T02:02:15.520+0000][6][gc           ] GC(45) Pause Young (Normal) (G1 Evacuation Pause) 196M->161M(772M) 7.679ms
[2021-08-17T02:02:15.520+0000][6][gc,cpu       ] GC(45) User=0.01s Sys=0.00s Real=0.01s
[2021-08-17T02:02:15.520+0000][6][safepoint    ] Safepoint "G1CollectForAllocation", Time since last: 21766573 ns, Reaching safepoint: 104657 ns, At safepoint: 7741752 ns, Total: 7846409 ns
[2021-08-17T02:02:15.754+0000][6][gc,start     ] GC(46) Pause Young (Normal) (G1 Evacuation Pause)
[2021-08-17T02:02:15.754+0000][6][gc,task      ] GC(46) Using 4 workers of 4 for evacuation
[2021-08-17T02:02:15.754+0000][6][gc,age       ] GC(46) Desired survivor size 26214400 bytes, new threshold 15 (max threshold 15)
[2021-08-17T02:02:15.761+0000][6][gc,age       ] GC(46) Age table with threshold 15 (max threshold 15)
[2021-08-17T02:02:15.761+0000][6][gc,age       ] GC(46) - age   1:       1360 bytes,       1360 total
[2021-08-17T02:02:15.761+0000][6][gc,age       ] GC(46) - age   2:      73248 bytes,      74608 total
[2021-08-17T02:02:15.761+0000][6][gc,age       ] GC(46) - age   3:       9880 bytes,      84488 total
[2021-08-17T02:02:15.761+0000][6][gc,age       ] GC(46) - age   4:     328776 bytes,     413264 total
[2021-08-17T02:02:15.761+0000][6][gc,age       ] GC(46) - age   5:      24288 bytes,     437552 total
[2021-08-17T02:02:15.761+0000][6][gc,age       ] GC(46) - age   6:      29016 bytes,     466568 total
[2021-08-17T02:02:15.761+0000][6][gc,age       ] GC(46) - age   7:     196888 bytes,     663456 total
[2021-08-17T02:02:15.761+0000][6][gc,age       ] GC(46) - age   8:    1821128 bytes,    2484584 total
[2021-08-17T02:02:15.761+0000][6][gc,phases    ] GC(46)   Pre Evacuate Collection Set: 0.2ms
[2021-08-17T02:02:15.761+0000][6][gc,phases    ] GC(46)   Merge Heap Roots: 0.1ms
[2021-08-17T02:02:15.761+0000][6][gc,phases    ] GC(46)   Evacuate Collection Set: 5.7ms
[2021-08-17T02:02:15.761+0000][6][gc,phases    ] GC(46)   Post Evacuate Collection Set: 1.3ms
[2021-08-17T02:02:15.761+0000][6][gc,phases    ] GC(46)   Other: 0.3ms
[2021-08-17T02:02:15.761+0000][6][gc,heap      ] GC(46) Eden regions: 390->0(399)
[2021-08-17T02:02:15.761+0000][6][gc,heap      ] GC(46) Survivor regions: 3->3(50)
[2021-08-17T02:02:15.761+0000][6][gc,heap      ] GC(46) Old regions: 113->113
[2021-08-17T02:02:15.761+0000][6][gc,heap      ] GC(46) Archive regions: 2->2
[2021-08-17T02:02:15.761+0000][6][gc,heap      ] GC(46) Humongous regions: 48->48
[2021-08-17T02:02:15.761+0000][6][gc,metaspace ] GC(46) Metaspace: 61969K(66384K)->61969K(66384K) NonClass: 53716K(56272K)->53716K(56272K) Class: 8252K(10112K)->8252K(10112K)
[2021-08-17T02:02:15.761+0000][6][gc           ] GC(46) Pause Young (Normal) (G1 Evacuation Pause) 551M->161M(772M) 7.633ms
[2021-08-17T02:02:15.761+0000][6][gc,cpu       ] GC(46) User=0.01s Sys=0.00s Real=0.00s
[2021-08-17T02:02:15.761+0000][6][safepoint    ] Safepoint "G1CollectForAllocation", Time since last: 233657336 ns, Reaching safepoint: 102364 ns, At safepoint: 7728348 ns, Total: 7830712 ns
[2021-08-17T02:02:16.135+0000][6][gc,start     ] GC(47) Pause Young (Normal) (G1 Evacuation Pause)
[2021-08-17T02:02:16.135+0000][6][gc,task      ] GC(47) Using 4 workers of 4 for evacuation
[2021-08-17T02:02:16.135+0000][6][gc,age       ] GC(47) Desired survivor size 26738688 bytes, new threshold 15 (max threshold 15)
[2021-08-17T02:02:16.142+0000][6][gc,age       ] GC(47) Age table with threshold 15 (max threshold 15)
[2021-08-17T02:02:16.142+0000][6][gc,age       ] GC(47) - age   1:       1544 bytes,       1544 total
[2021-08-17T02:02:16.142+0000][6][gc,age       ] GC(47) - age   2:       1200 bytes,       2744 total
[2021-08-17T02:02:16.142+0000][6][gc,age       ] GC(47) - age   3:      73248 bytes,      75992 total
[2021-08-17T02:02:16.142+0000][6][gc,age       ] GC(47) - age   4:       9880 bytes,      85872 total
[2021-08-17T02:02:16.142+0000][6][gc,age       ] GC(47) - age   5:     327496 bytes,     413368 total
[2021-08-17T02:02:16.142+0000][6][gc,age       ] GC(47) - age   6:      24288 bytes,     437656 total
[2021-08-17T02:02:16.142+0000][6][gc,age       ] GC(47) - age   7:      29016 bytes,     466672 total
[2021-08-17T02:02:16.142+0000][6][gc,age       ] GC(47) - age   8:     196888 bytes,     663560 total
[2021-08-17T02:02:16.142+0000][6][gc,age       ] GC(47) - age   9:    1821128 bytes,    2484688 total
[2021-08-17T02:02:16.143+0000][6][gc,phases    ] GC(47)   Pre Evacuate Collection Set: 0.2ms
[2021-08-17T02:02:16.143+0000][6][gc,phases    ] GC(47)   Merge Heap Roots: 0.1ms
[2021-08-17T02:02:16.143+0000][6][gc,phases    ] GC(47)   Evacuate Collection Set: 6.4ms
[2021-08-17T02:02:16.143+0000][6][gc,phases    ] GC(47)   Post Evacuate Collection Set: 0.9ms
[2021-08-17T02:02:16.143+0000][6][gc,phases    ] GC(47)   Other: 0.2ms
[2021-08-17T02:02:16.143+0000][6][gc,heap      ] GC(47) Eden regions: 399->0(402)
[2021-08-17T02:02:16.143+0000][6][gc,heap      ] GC(47) Survivor regions: 3->3(51)
[2021-08-17T02:02:16.143+0000][6][gc,heap      ] GC(47) Old regions: 113->113
[2021-08-17T02:02:16.143+0000][6][gc,heap      ] GC(47) Archive regions: 2->2
[2021-08-17T02:02:16.143+0000][6][gc,heap      ] GC(47) Humongous regions: 48->48
[2021-08-17T02:02:16.143+0000][6][gc,metaspace ] GC(47) Metaspace: 61970K(66384K)->61970K(66384K) NonClass: 53717K(56272K)->53717K(56272K) Class: 8252K(10112K)->8252K(10112K)
[2021-08-17T02:02:16.143+0000][6][gc           ] GC(47) Pause Young (Normal) (G1 Evacuation Pause) 560M->161M(772M) 7.913ms
[2021-08-17T02:02:16.143+0000][6][gc,cpu       ] GC(47) User=0.01s Sys=0.00s Real=0.01s
[2021-08-17T02:02:16.143+0000][6][safepoint    ] Safepoint "G1CollectForAllocation", Time since last: 370590564 ns, Reaching safepoint: 2740638 ns, At safepoint: 7983886 ns, Total: 10724524 ns
[2021-08-17T02:02:16.300+0000][6][gc,start     ] GC(48) Pause Young (Normal) (G1 Evacuation Pause)
[2021-08-17T02:02:16.300+0000][6][gc,task      ] GC(48) Using 4 workers of 4 for evacuation
[2021-08-17T02:02:16.300+0000][6][gc,age       ] GC(48) Desired survivor size 26738688 bytes, new threshold 15 (max threshold 15)
[2021-08-17T02:02:16.309+0000][6][gc,age       ] GC(48) Age table with threshold 15 (max threshold 15)
[2021-08-17T02:02:16.309+0000][6][gc,age       ] GC(48) - age   1:        232 bytes,        232 total
[2021-08-17T02:02:16.309+0000][6][gc,age       ] GC(48) - age   2:       1312 bytes,       1544 total
[2021-08-17T02:02:16.309+0000][6][gc,age       ] GC(48) - age   3:       1200 bytes,       2744 total
[2021-08-17T02:02:16.309+0000][6][gc,age       ] GC(48) - age   4:      73248 bytes,      75992 total
[2021-08-17T02:02:16.309+0000][6][gc,age       ] GC(48) - age   5:       9880 bytes,      85872 total
[2021-08-17T02:02:16.309+0000][6][gc,age       ] GC(48) - age   6:     327496 bytes,     413368 total
[2021-08-17T02:02:16.309+0000][6][gc,age       ] GC(48) - age   7:      24288 bytes,     437656 total
[2021-08-17T02:02:16.309+0000][6][gc,age       ] GC(48) - age   8:      29016 bytes,     466672 total
[2021-08-17T02:02:16.309+0000][6][gc,age       ] GC(48) - age   9:     196888 bytes,     663560 total
[2021-08-17T02:02:16.309+0000][6][gc,age       ] GC(48) - age  10:    1821128 bytes,    2484688 total
[2021-08-17T02:02:16.309+0000][6][gc,phases    ] GC(48)   Pre Evacuate Collection Set: 3.9ms
[2021-08-17T02:02:16.310+0000][6][gc,phases    ] GC(48)   Merge Heap Roots: 0.2ms
[2021-08-17T02:02:16.310+0000][6][gc,phases    ] GC(48)   Evacuate Collection Set: 4.7ms
[2021-08-17T02:02:16.310+0000][6][gc,phases    ] GC(48)   Post Evacuate Collection Set: 0.9ms
[2021-08-17T02:02:16.310+0000][6][gc,phases    ] GC(48)   Other: 0.2ms
[2021-08-17T02:02:16.310+0000][6][gc,heap      ] GC(48) Eden regions: 402->0(404)
[2021-08-17T02:02:16.310+0000][6][gc,heap      ] GC(48) Survivor regions: 3->3(51)
[2021-08-17T02:02:16.310+0000][6][gc,heap      ] GC(48) Old regions: 113->113
[2021-08-17T02:02:16.310+0000][6][gc,heap      ] GC(48) Archive regions: 2->2
[2021-08-17T02:02:16.310+0000][6][gc,heap      ] GC(48) Humongous regions: 48->48
[2021-08-17T02:02:16.310+0000][6][gc,metaspace ] GC(48) Metaspace: 61970K(66384K)->61970K(66384K) NonClass: 53717K(56272K)->53717K(56272K) Class: 8252K(10112K)->8252K(10112K)
[2021-08-17T02:02:16.310+0000][6][gc           ] GC(48) Pause Young (Normal) (G1 Evacuation Pause) 563M->161M(772M) 9.970ms
[2021-08-17T02:02:16.310+0000][6][gc,cpu       ] GC(48) User=0.01s Sys=0.00s Real=0.01s
[2021-08-17T02:02:16.310+0000][6][safepoint    ] Safepoint "G1CollectForAllocation", Time since last: 151445460 ns, Reaching safepoint: 5474119 ns, At safepoint: 10070574 ns, Total: 15544693 ns
[2021-08-17T02:02:16.552+0000][6][gc,start     ] GC(49) Pause Young (Normal) (G1 Evacuation Pause)
[2021-08-17T02:02:16.552+0000][6][gc,task      ] GC(49) Using 4 workers of 4 for evacuation
[2021-08-17T02:02:16.552+0000][6][gc,age       ] GC(49) Desired survivor size 26738688 bytes, new threshold 15 (max threshold 15)
[2021-08-17T02:02:16.565+0000][6][gc,age       ] GC(49) Age table with threshold 15 (max threshold 15)
[2021-08-17T02:02:16.565+0000][6][gc,age       ] GC(49) - age   1:        232 bytes,        232 total
[2021-08-17T02:02:16.565+0000][6][gc,age       ] GC(49) - age   3:       1312 bytes,       1544 total
[2021-08-17T02:02:16.565+0000][6][gc,age       ] GC(49) - age   4:       1200 bytes,       2744 total
[2021-08-17T02:02:16.565+0000][6][gc,age       ] GC(49) - age   5:      73248 bytes,      75992 total
[2021-08-17T02:02:16.565+0000][6][gc,age       ] GC(49) - age   6:       9880 bytes,      85872 total
[2021-08-17T02:02:16.565+0000][6][gc,age       ] GC(49) - age   7:     327496 bytes,     413368 total
[2021-08-17T02:02:16.565+0000][6][gc,age       ] GC(49) - age   8:      24288 bytes,     437656 total
[2021-08-17T02:02:16.565+0000][6][gc,age       ] GC(49) - age   9:      29016 bytes,     466672 total
[2021-08-17T02:02:16.565+0000][6][gc,age       ] GC(49) - age  10:     196888 bytes,     663560 total
[2021-08-17T02:02:16.565+0000][6][gc,age       ] GC(49) - age  11:    1821128 bytes,    2484688 total
[2021-08-17T02:02:16.565+0000][6][gc,phases    ] GC(49)   Pre Evacuate Collection Set: 0.1ms
[2021-08-17T02:02:16.565+0000][6][gc,phases    ] GC(49)   Merge Heap Roots: 0.1ms
[2021-08-17T02:02:16.565+0000][6][gc,phases    ] GC(49)   Evacuate Collection Set: 8.8ms
[2021-08-17T02:02:16.565+0000][6][gc,phases    ] GC(49)   Post Evacuate Collection Set: 3.7ms
[2021-08-17T02:02:16.565+0000][6][gc,phases    ] GC(49)   Other: 0.3ms
[2021-08-17T02:02:16.565+0000][6][gc,heap      ] GC(49) Eden regions: 404->0(406)
[2021-08-17T02:02:16.565+0000][6][gc,heap      ] GC(49) Survivor regions: 3->3(51)
[2021-08-17T02:02:16.565+0000][6][gc,heap      ] GC(49) Old regions: 113->113
[2021-08-17T02:02:16.565+0000][6][gc,heap      ] GC(49) Archive regions: 2->2
[2021-08-17T02:02:16.565+0000][6][gc,heap      ] GC(49) Humongous regions: 48->48
[2021-08-17T02:02:16.565+0000][6][gc,metaspace ] GC(49) Metaspace: 61970K(66384K)->61970K(66384K) NonClass: 53717K(56272K)->53717K(56272K) Class: 8252K(10112K)->8252K(10112K)
[2021-08-17T02:02:16.565+0000][6][gc           ] GC(49) Pause Young (Normal) (G1 Evacuation Pause) 565M->161M(772M) 13.182ms
[2021-08-17T02:02:16.565+0000][6][gc,cpu       ] GC(49) User=0.01s Sys=0.00s Real=0.02s
[2021-08-17T02:02:16.565+0000][6][safepoint    ] Safepoint "G1CollectForAllocation", Time since last: 241861708 ns, Reaching safepoint: 187149 ns, At safepoint: 13265598 ns, Total: 13452747 ns
[2021-08-17T02:02:16.759+0000][6][gc,start     ] GC(50) Pause Young (Normal) (G1 Evacuation Pause)
[2021-08-17T02:02:16.759+0000][6][gc,task      ] GC(50) Using 4 workers of 4 for evacuation
[2021-08-17T02:02:16.759+0000][6][gc,age       ] GC(50) Desired survivor size 27262976 bytes, new threshold 15 (max threshold 15)
[2021-08-17T02:02:16.769+0000][6][gc,age       ] GC(50) Age table with threshold 15 (max threshold 15)
[2021-08-17T02:02:16.769+0000][6][gc,age       ] GC(50) - age   1:        232 bytes,        232 total
[2021-08-17T02:02:16.769+0000][6][gc,age       ] GC(50) - age   4:       1312 bytes,       1544 total
[2021-08-17T02:02:16.769+0000][6][gc,age       ] GC(50) - age   5:       1200 bytes,       2744 total
[2021-08-17T02:02:16.769+0000][6][gc,age       ] GC(50) - age   6:      73248 bytes,      75992 total
[2021-08-17T02:02:16.769+0000][6][gc,age       ] GC(50) - age   7:       9880 bytes,      85872 total
[2021-08-17T02:02:16.769+0000][6][gc,age       ] GC(50) - age   8:     327496 bytes,     413368 total
[2021-08-17T02:02:16.769+0000][6][gc,age       ] GC(50) - age   9:      24288 bytes,     437656 total
[2021-08-17T02:02:16.769+0000][6][gc,age       ] GC(50) - age  10:      29016 bytes,     466672 total
[2021-08-17T02:02:16.769+0000][6][gc,age       ] GC(50) - age  11:     196888 bytes,     663560 total
[2021-08-17T02:02:16.769+0000][6][gc,age       ] GC(50) - age  12:    1821128 bytes,    2484688 total
[2021-08-17T02:02:16.769+0000][6][gc,phases    ] GC(50)   Pre Evacuate Collection Set: 0.2ms
[2021-08-17T02:02:16.769+0000][6][gc,phases    ] GC(50)   Merge Heap Roots: 0.1ms
[2021-08-17T02:02:16.769+0000][6][gc,phases    ] GC(50)   Evacuate Collection Set: 9.1ms
[2021-08-17T02:02:16.769+0000][6][gc,phases    ] GC(50)   Post Evacuate Collection Set: 1.0ms
[2021-08-17T02:02:16.769+0000][6][gc,phases    ] GC(50)   Other: 0.4ms
[2021-08-17T02:02:16.769+0000][6][gc,heap      ] GC(50) Eden regions: 406->0(407)
[2021-08-17T02:02:16.769+0000][6][gc,heap      ] GC(50) Survivor regions: 3->3(52)
[2021-08-17T02:02:16.769+0000][6][gc,heap      ] GC(50) Old regions: 113->113
[2021-08-17T02:02:16.769+0000][6][gc,heap      ] GC(50) Archive regions: 2->2
[2021-08-17T02:02:16.769+0000][6][gc,heap      ] GC(50) Humongous regions: 48->48
[2021-08-17T02:02:16.769+0000][6][gc,metaspace ] GC(50) Metaspace: 61970K(66384K)->61970K(66384K) NonClass: 53717K(56272K)->53717K(56272K) Class: 8252K(10112K)->8252K(10112K)
[2021-08-17T02:02:16.769+0000][6][gc           ] GC(50) Pause Young (Normal) (G1 Evacuation Pause) 567M->161M(772M) 10.841ms
[2021-08-17T02:02:16.769+0000][6][gc,cpu       ] GC(50) User=0.01s Sys=0.00s Real=0.01s
[2021-08-17T02:02:16.769+0000][6][safepoint    ] Safepoint "G1CollectForAllocation", Time since last: 192680449 ns, Reaching safepoint: 902561 ns, At safepoint: 10911130 ns, Total: 11813691 ns
[2021-08-17T02:02:16.951+0000][6][gc,start     ] GC(51) Pause Young (Normal) (G1 Evacuation Pause)
[2021-08-17T02:02:16.951+0000][6][gc,task      ] GC(51) Using 4 workers of 4 for evacuation
[2021-08-17T02:02:16.951+0000][6][gc,age       ] GC(51) Desired survivor size 27262976 bytes, new threshold 15 (max threshold 15)
[2021-08-17T02:02:16.957+0000][6][gc,age       ] GC(51) Age table with threshold 15 (max threshold 15)
[2021-08-17T02:02:16.957+0000][6][gc,age       ] GC(51) - age   1:      66864 bytes,      66864 total
[2021-08-17T02:02:16.957+0000][6][gc,age       ] GC(51) - age   5:         32 bytes,      66896 total
[2021-08-17T02:02:16.957+0000][6][gc,age       ] GC(51) - age   6:       1200 bytes,      68096 total
[2021-08-17T02:02:16.957+0000][6][gc,age       ] GC(51) - age   7:      73248 bytes,     141344 total
[2021-08-17T02:02:16.957+0000][6][gc,age       ] GC(51) - age   8:       9880 bytes,     151224 total
[2021-08-17T02:02:16.957+0000][6][gc,age       ] GC(51) - age   9:     327464 bytes,     478688 total
[2021-08-17T02:02:16.957+0000][6][gc,age       ] GC(51) - age  10:      24288 bytes,     502976 total
[2021-08-17T02:02:16.957+0000][6][gc,age       ] GC(51) - age  11:      12616 bytes,     515592 total
[2021-08-17T02:02:16.957+0000][6][gc,age       ] GC(51) - age  12:     196888 bytes,     712480 total
[2021-08-17T02:02:16.957+0000][6][gc,age       ] GC(51) - age  13:    1821128 bytes,    2533608 total
[2021-08-17T02:02:16.957+0000][6][gc,phases    ] GC(51)   Pre Evacuate Collection Set: 0.1ms
[2021-08-17T02:02:16.957+0000][6][gc,phases    ] GC(51)   Merge Heap Roots: 0.1ms
[2021-08-17T02:02:16.957+0000][6][gc,phases    ] GC(51)   Evacuate Collection Set: 4.2ms
[2021-08-17T02:02:16.957+0000][6][gc,phases    ] GC(51)   Post Evacuate Collection Set: 1.6ms
[2021-08-17T02:02:16.957+0000][6][gc,phases    ] GC(51)   Other: 0.2ms
[2021-08-17T02:02:16.957+0000][6][gc,heap      ] GC(51) Eden regions: 407->0(408)
[2021-08-17T02:02:16.957+0000][6][gc,heap      ] GC(51) Survivor regions: 3->3(52)
[2021-08-17T02:02:16.957+0000][6][gc,heap      ] GC(51) Old regions: 113->113
[2021-08-17T02:02:16.957+0000][6][gc,heap      ] GC(51) Archive regions: 2->2
[2021-08-17T02:02:16.957+0000][6][gc,heap      ] GC(51) Humongous regions: 48->48
[2021-08-17T02:02:16.957+0000][6][gc,metaspace ] GC(51) Metaspace: 61981K(66384K)->61981K(66384K) NonClass: 53729K(56272K)->53729K(56272K) Class: 8252K(10112K)->8252K(10112K)
[2021-08-17T02:02:16.957+0000][6][gc           ] GC(51) Pause Young (Normal) (G1 Evacuation Pause) 568M->162M(772M) 6.265ms
[2021-08-17T02:02:16.957+0000][6][gc,cpu       ] GC(51) User=0.01s Sys=0.00s Real=0.01s
[2021-08-17T02:02:16.957+0000][6][safepoint    ] Safepoint "G1CollectForAllocation", Time since last: 181303153 ns, Reaching safepoint: 74007 ns, At safepoint: 6323481 ns, Total: 6397488 ns
[2021-08-17T02:02:17.147+0000][6][gc,start     ] GC(52) Pause Young (Normal) (G1 Evacuation Pause)
[2021-08-17T02:02:17.147+0000][6][gc,task      ] GC(52) Using 4 workers of 4 for evacuation
[2021-08-17T02:02:17.147+0000][6][gc,age       ] GC(52) Desired survivor size 27262976 bytes, new threshold 15 (max threshold 15)
[2021-08-17T02:02:17.154+0000][6][gc,age       ] GC(52) Age table with threshold 15 (max threshold 15)
[2021-08-17T02:02:17.154+0000][6][gc,age       ] GC(52) - age   1:     131248 bytes,     131248 total
[2021-08-17T02:02:17.154+0000][6][gc,age       ] GC(52) - age   2:       1312 bytes,     132560 total
[2021-08-17T02:02:17.154+0000][6][gc,age       ] GC(52) - age   6:         32 bytes,     132592 total
[2021-08-17T02:02:17.154+0000][6][gc,age       ] GC(52) - age   7:       1200 bytes,     133792 total
[2021-08-17T02:02:17.154+0000][6][gc,age       ] GC(52) - age   8:      73248 bytes,     207040 total
[2021-08-17T02:02:17.154+0000][6][gc,age       ] GC(52) - age   9:       9880 bytes,     216920 total
[2021-08-17T02:02:17.154+0000][6][gc,age       ] GC(52) - age  10:     327464 bytes,     544384 total
[2021-08-17T02:02:17.154+0000][6][gc,age       ] GC(52) - age  11:      24288 bytes,     568672 total
[2021-08-17T02:02:17.154+0000][6][gc,age       ] GC(52) - age  12:      12616 bytes,     581288 total
[2021-08-17T02:02:17.154+0000][6][gc,age       ] GC(52) - age  13:     196888 bytes,     778176 total
[2021-08-17T02:02:17.154+0000][6][gc,age       ] GC(52) - age  14:    1821128 bytes,    2599304 total
[2021-08-17T02:02:17.154+0000][6][gc,phases    ] GC(52)   Pre Evacuate Collection Set: 0.3ms
[2021-08-17T02:02:17.154+0000][6][gc,phases    ] GC(52)   Merge Heap Roots: 0.2ms
[2021-08-17T02:02:17.154+0000][6][gc,phases    ] GC(52)   Evacuate Collection Set: 4.8ms
[2021-08-17T02:02:17.154+0000][6][gc,phases    ] GC(52)   Post Evacuate Collection Set: 1.6ms
[2021-08-17T02:02:17.154+0000][6][gc,phases    ] GC(52)   Other: 0.2ms
[2021-08-17T02:02:17.154+0000][6][gc,heap      ] GC(52) Eden regions: 408->0(409)
[2021-08-17T02:02:17.154+0000][6][gc,heap      ] GC(52) Survivor regions: 3->3(52)
[2021-08-17T02:02:17.154+0000][6][gc,heap      ] GC(52) Old regions: 113->113
[2021-08-17T02:02:17.154+0000][6][gc,heap      ] GC(52) Archive regions: 2->2
[2021-08-17T02:02:17.154+0000][6][gc,heap      ] GC(52) Humongous regions: 48->48
[2021-08-17T02:02:17.154+0000][6][gc,metaspace ] GC(52) Metaspace: 61981K(66384K)->61981K(66384K) NonClass: 53729K(56272K)->53729K(56272K) Class: 8252K(10112K)->8252K(10112K)
[2021-08-17T02:02:17.154+0000][6][gc           ] GC(52) Pause Young (Normal) (G1 Evacuation Pause) 570M->162M(772M) 7.128ms
[2021-08-17T02:02:17.154+0000][6][gc,cpu       ] GC(52) User=0.01s Sys=0.00s Real=0.01s
[2021-08-17T02:02:17.154+0000][6][safepoint    ] Safepoint "G1CollectForAllocation", Time since last: 189675361 ns, Reaching safepoint: 104235 ns, At safepoint: 7190794 ns, Total: 7295029 ns
[2021-08-17T02:02:17.315+0000][6][gc,start     ] GC(53) Pause Young (Normal) (G1 Evacuation Pause)
[2021-08-17T02:02:17.315+0000][6][gc,task      ] GC(53) Using 4 workers of 4 for evacuation
[2021-08-17T02:02:17.315+0000][6][gc,age       ] GC(53) Desired survivor size 27262976 bytes, new threshold 15 (max threshold 15)
[2021-08-17T02:02:17.322+0000][6][gc,age       ] GC(53) Age table with threshold 15 (max threshold 15)
[2021-08-17T02:02:17.322+0000][6][gc,age       ] GC(53) - age   1:      30160 bytes,      30160 total
[2021-08-17T02:02:17.322+0000][6][gc,age       ] GC(53) - age   3:       1312 bytes,      31472 total
[2021-08-17T02:02:17.322+0000][6][gc,age       ] GC(53) - age   7:         32 bytes,      31504 total
[2021-08-17T02:02:17.322+0000][6][gc,age       ] GC(53) - age   8:       1200 bytes,      32704 total
[2021-08-17T02:02:17.322+0000][6][gc,age       ] GC(53) - age   9:      73248 bytes,     105952 total
[2021-08-17T02:02:17.322+0000][6][gc,age       ] GC(53) - age  10:       9880 bytes,     115832 total
[2021-08-17T02:02:17.322+0000][6][gc,age       ] GC(53) - age  11:     327464 bytes,     443296 total
[2021-08-17T02:02:17.322+0000][6][gc,age       ] GC(53) - age  12:      24288 bytes,     467584 total
[2021-08-17T02:02:17.322+0000][6][gc,age       ] GC(53) - age  13:      12616 bytes,     480200 total
[2021-08-17T02:02:17.322+0000][6][gc,age       ] GC(53) - age  14:     196888 bytes,     677088 total
[2021-08-17T02:02:17.322+0000][6][gc,age       ] GC(53) - age  15:    1821128 bytes,    2498216 total
[2021-08-17T02:02:17.322+0000][6][gc,phases    ] GC(53)   Pre Evacuate Collection Set: 0.3ms
[2021-08-17T02:02:17.322+0000][6][gc,phases    ] GC(53)   Merge Heap Roots: 2.7ms
[2021-08-17T02:02:17.322+0000][6][gc,phases    ] GC(53)   Evacuate Collection Set: 2.8ms
[2021-08-17T02:02:17.322+0000][6][gc,phases    ] GC(53)   Post Evacuate Collection Set: 1.2ms
[2021-08-17T02:02:17.322+0000][6][gc,phases    ] GC(53)   Other: 0.3ms
[2021-08-17T02:02:17.322+0000][6][gc,heap      ] GC(53) Eden regions: 409->0(409)
[2021-08-17T02:02:17.322+0000][6][gc,heap      ] GC(53) Survivor regions: 3->3(52)
[2021-08-17T02:02:17.322+0000][6][gc,heap      ] GC(53) Old regions: 113->113
[2021-08-17T02:02:17.322+0000][6][gc,heap      ] GC(53) Archive regions: 2->2
[2021-08-17T02:02:17.322+0000][6][gc,heap      ] GC(53) Humongous regions: 49->49
[2021-08-17T02:02:17.322+0000][6][gc,metaspace ] GC(53) Metaspace: 61990K(66384K)->61990K(66384K) NonClass: 53738K(56272K)->53738K(56272K) Class: 8252K(10112K)->8252K(10112K)
[2021-08-17T02:02:17.322+0000][6][gc           ] GC(53) Pause Young (Normal) (G1 Evacuation Pause) 572M->162M(772M) 7.258ms
[2021-08-17T02:02:17.322+0000][6][gc,cpu       ] GC(53) User=0.00s Sys=0.00s Real=0.00s
[2021-08-17T02:02:17.322+0000][6][safepoint    ] Safepoint "G1CollectForAllocation", Time since last: 160266087 ns, Reaching safepoint: 143246 ns, At safepoint: 7432446 ns, Total: 7575692 ns
[2021-08-17T02:02:17.481+0000][6][gc,start     ] GC(54) Pause Young (Normal) (G1 Evacuation Pause)
[2021-08-17T02:02:17.482+0000][6][gc,task      ] GC(54) Using 4 workers of 4 for evacuation
[2021-08-17T02:02:17.482+0000][6][gc,age       ] GC(54) Desired survivor size 27262976 bytes, new threshold 15 (max threshold 15)
[2021-08-17T02:02:17.487+0000][6][gc,age       ] GC(54) Age table with threshold 15 (max threshold 15)
[2021-08-17T02:02:17.487+0000][6][gc,age       ] GC(54) - age   1:       1280 bytes,       1280 total
[2021-08-17T02:02:17.487+0000][6][gc,age       ] GC(54) - age   2:      29040 bytes,      30320 total
[2021-08-17T02:02:17.487+0000][6][gc,age       ] GC(54) - age   4:       1312 bytes,      31632 total
[2021-08-17T02:02:17.487+0000][6][gc,age       ] GC(54) - age   8:         32 bytes,      31664 total
[2021-08-17T02:02:17.487+0000][6][gc,age       ] GC(54) - age   9:       1200 bytes,      32864 total
[2021-08-17T02:02:17.487+0000][6][gc,age       ] GC(54) - age  10:      73248 bytes,     106112 total
[2021-08-17T02:02:17.487+0000][6][gc,age       ] GC(54) - age  11:       9880 bytes,     115992 total
[2021-08-17T02:02:17.487+0000][6][gc,age       ] GC(54) - age  12:     327464 bytes,     443456 total
[2021-08-17T02:02:17.487+0000][6][gc,age       ] GC(54) - age  13:      24288 bytes,     467744 total
[2021-08-17T02:02:17.487+0000][6][gc,age       ] GC(54) - age  14:      12616 bytes,     480360 total
[2021-08-17T02:02:17.487+0000][6][gc,age       ] GC(54) - age  15:     196888 bytes,     677248 total
[2021-08-17T02:02:17.488+0000][6][gc,phases    ] GC(54)   Pre Evacuate Collection Set: 0.3ms
[2021-08-17T02:02:17.488+0000][6][gc,phases    ] GC(54)   Merge Heap Roots: 0.1ms
[2021-08-17T02:02:17.488+0000][6][gc,phases    ] GC(54)   Evacuate Collection Set: 3.5ms
[2021-08-17T02:02:17.488+0000][6][gc,phases    ] GC(54)   Post Evacuate Collection Set: 1.7ms
[2021-08-17T02:02:17.488+0000][6][gc,phases    ] GC(54)   Other: 0.4ms
[2021-08-17T02:02:17.488+0000][6][gc,heap      ] GC(54) Eden regions: 409->0(409)
[2021-08-17T02:02:17.488+0000][6][gc,heap      ] GC(54) Survivor regions: 3->1(52)
[2021-08-17T02:02:17.488+0000][6][gc,heap      ] GC(54) Old regions: 113->115
[2021-08-17T02:02:17.488+0000][6][gc,heap      ] GC(54) Archive regions: 2->2
[2021-08-17T02:02:17.488+0000][6][gc,heap      ] GC(54) Humongous regions: 49->49
[2021-08-17T02:02:17.488+0000][6][gc,metaspace ] GC(54) Metaspace: 61994K(66384K)->61994K(66384K) NonClass: 53742K(56272K)->53742K(56272K) Class: 8252K(10112K)->8252K(10112K)
[2021-08-17T02:02:17.488+0000][6][gc           ] GC(54) Pause Young (Normal) (G1 Evacuation Pause) 571M->163M(772M) 6.316ms
[2021-08-17T02:02:17.488+0000][6][gc,cpu       ] GC(54) User=0.01s Sys=0.00s Real=0.01s
[2021-08-17T02:02:17.488+0000][6][safepoint    ] Safepoint "G1CollectForAllocation", Time since last: 159401882 ns, Reaching safepoint: 108204 ns, At safepoint: 6384603 ns, Total: 6492807 ns
[2021-08-17T02:02:17.648+0000][6][gc,start     ] GC(55) Pause Young (Normal) (G1 Evacuation Pause)
[2021-08-17T02:02:17.648+0000][6][gc,task      ] GC(55) Using 4 workers of 4 for evacuation
[2021-08-17T02:02:17.648+0000][6][gc,age       ] GC(55) Desired survivor size 27262976 bytes, new threshold 15 (max threshold 15)
[2021-08-17T02:02:17.652+0000][6][gc,age       ] GC(55) Age table with threshold 15 (max threshold 15)
[2021-08-17T02:02:17.652+0000][6][gc,age       ] GC(55) - age   1:     129928 bytes,     129928 total
[2021-08-17T02:02:17.652+0000][6][gc,age       ] GC(55) - age   3:      29040 bytes,     158968 total
[2021-08-17T02:02:17.652+0000][6][gc,age       ] GC(55) - age   5:       1312 bytes,     160280 total
[2021-08-17T02:02:17.652+0000][6][gc,age       ] GC(55) - age   9:         32 bytes,     160312 total
[2021-08-17T02:02:17.652+0000][6][gc,age       ] GC(55) - age  10:       1200 bytes,     161512 total
[2021-08-17T02:02:17.652+0000][6][gc,age       ] GC(55) - age  11:      72960 bytes,     234472 total
[2021-08-17T02:02:17.652+0000][6][gc,age       ] GC(55) - age  12:       9880 bytes,     244352 total
[2021-08-17T02:02:17.652+0000][6][gc,age       ] GC(55) - age  13:     304096 bytes,     548448 total
[2021-08-17T02:02:17.652+0000][6][gc,age       ] GC(55) - age  14:      24288 bytes,     572736 total
[2021-08-17T02:02:17.652+0000][6][gc,age       ] GC(55) - age  15:      12616 bytes,     585352 total
[2021-08-17T02:02:17.652+0000][6][gc,phases    ] GC(55)   Pre Evacuate Collection Set: 0.3ms
[2021-08-17T02:02:17.652+0000][6][gc,phases    ] GC(55)   Merge Heap Roots: 0.3ms
[2021-08-17T02:02:17.652+0000][6][gc,phases    ] GC(55)   Evacuate Collection Set: 1.4ms
[2021-08-17T02:02:17.652+0000][6][gc,phases    ] GC(55)   Post Evacuate Collection Set: 1.7ms
[2021-08-17T02:02:17.652+0000][6][gc,phases    ] GC(55)   Other: 0.2ms
[2021-08-17T02:02:17.652+0000][6][gc,heap      ] GC(55) Eden regions: 409->0(410)
[2021-08-17T02:02:17.652+0000][6][gc,heap      ] GC(55) Survivor regions: 1->1(52)
[2021-08-17T02:02:17.652+0000][6][gc,heap      ] GC(55) Old regions: 115->115
[2021-08-17T02:02:17.652+0000][6][gc,heap      ] GC(55) Archive regions: 2->2
[2021-08-17T02:02:17.652+0000][6][gc,heap      ] GC(55) Humongous regions: 49->49
[2021-08-17T02:02:17.652+0000][6][gc,metaspace ] GC(55) Metaspace: 62043K(66384K)->62043K(66384K) NonClass: 53783K(56272K)->53783K(56272K) Class: 8259K(10112K)->8259K(10112K)
[2021-08-17T02:02:17.652+0000][6][gc           ] GC(55) Pause Young (Normal) (G1 Evacuation Pause) 572M->163M(772M) 4.005ms
[2021-08-17T02:02:17.652+0000][6][gc,cpu       ] GC(55) User=0.01s Sys=0.00s Real=0.00s
[2021-08-17T02:02:17.652+0000][6][safepoint    ] Safepoint "G1CollectForAllocation", Time since last: 159953824 ns, Reaching safepoint: 276201 ns, At safepoint: 4068676 ns, Total: 4344877 ns
[2021-08-17T02:02:17.815+0000][6][gc,start     ] GC(56) Pause Young (Normal) (G1 Evacuation Pause)
[2021-08-17T02:02:17.815+0000][6][gc,task      ] GC(56) Using 4 workers of 4 for evacuation
[2021-08-17T02:02:17.815+0000][6][gc,age       ] GC(56) Desired survivor size 27262976 bytes, new threshold 15 (max threshold 15)
[2021-08-17T02:02:17.819+0000][6][gc,age       ] GC(56) Age table with threshold 15 (max threshold 15)
[2021-08-17T02:02:17.819+0000][6][gc,age       ] GC(56) - age   1:        160 bytes,        160 total
[2021-08-17T02:02:17.819+0000][6][gc,age       ] GC(56) - age   2:     129368 bytes,     129528 total
[2021-08-17T02:02:17.819+0000][6][gc,age       ] GC(56) - age   4:      29040 bytes,     158568 total
[2021-08-17T02:02:17.819+0000][6][gc,age       ] GC(56) - age   6:       1312 bytes,     159880 total
[2021-08-17T02:02:17.819+0000][6][gc,age       ] GC(56) - age  10:         32 bytes,     159912 total
[2021-08-17T02:02:17.819+0000][6][gc,age       ] GC(56) - age  11:       1200 bytes,     161112 total
[2021-08-17T02:02:17.819+0000][6][gc,age       ] GC(56) - age  12:      72960 bytes,     234072 total
[2021-08-17T02:02:17.819+0000][6][gc,age       ] GC(56) - age  13:       9880 bytes,     243952 total
[2021-08-17T02:02:17.819+0000][6][gc,age       ] GC(56) - age  14:     304096 bytes,     548048 total
[2021-08-17T02:02:17.819+0000][6][gc,age       ] GC(56) - age  15:      24288 bytes,     572336 total
[2021-08-17T02:02:17.819+0000][6][gc,phases    ] GC(56)   Pre Evacuate Collection Set: 0.3ms
[2021-08-17T02:02:17.819+0000][6][gc,phases    ] GC(56)   Merge Heap Roots: 0.3ms
[2021-08-17T02:02:17.819+0000][6][gc,phases    ] GC(56)   Evacuate Collection Set: 1.2ms
[2021-08-17T02:02:17.819+0000][6][gc,phases    ] GC(56)   Post Evacuate Collection Set: 1.8ms
[2021-08-17T02:02:17.819+0000][6][gc,phases    ] GC(56)   Other: 0.2ms
[2021-08-17T02:02:17.819+0000][6][gc,heap      ] GC(56) Eden regions: 410->0(410)
[2021-08-17T02:02:17.819+0000][6][gc,heap      ] GC(56) Survivor regions: 1->1(52)
[2021-08-17T02:02:17.819+0000][6][gc,heap      ] GC(56) Old regions: 115->115
[2021-08-17T02:02:17.819+0000][6][gc,heap      ] GC(56) Archive regions: 2->2
[2021-08-17T02:02:17.819+0000][6][gc,heap      ] GC(56) Humongous regions: 49->49
[2021-08-17T02:02:17.819+0000][6][gc,metaspace ] GC(56) Metaspace: 62043K(66384K)->62043K(66384K) NonClass: 53783K(56272K)->53783K(56272K) Class: 8259K(10112K)->8259K(10112K)
[2021-08-17T02:02:17.819+0000][6][gc           ] GC(56) Pause Young (Normal) (G1 Evacuation Pause) 573M->163M(772M) 3.906ms
[2021-08-17T02:02:17.819+0000][6][gc,cpu       ] GC(56) User=0.01s Sys=0.00s Real=0.00s
[2021-08-17T02:02:17.819+0000][6][safepoint    ] Safepoint "G1CollectForAllocation", Time since last: 162563239 ns, Reaching safepoint: 259391 ns, At safepoint: 3989336 ns, Total: 4248727 ns
[2021-08-17T02:02:17.979+0000][6][gc,start     ] GC(57) Pause Young (Normal) (G1 Evacuation Pause)
[2021-08-17T02:02:17.979+0000][6][gc,task      ] GC(57) Using 4 workers of 4 for evacuation
[2021-08-17T02:02:17.979+0000][6][gc,age       ] GC(57) Desired survivor size 27262976 bytes, new threshold 15 (max threshold 15)
[2021-08-17T02:02:17.982+0000][6][gc,age       ] GC(57) Age table with threshold 15 (max threshold 15)
[2021-08-17T02:02:17.982+0000][6][gc,age       ] GC(57) - age   1:       1544 bytes,       1544 total
[2021-08-17T02:02:17.982+0000][6][gc,age       ] GC(57) - age   3:     129368 bytes,     130912 total
[2021-08-17T02:02:17.982+0000][6][gc,age       ] GC(57) - age   5:      29040 bytes,     159952 total
[2021-08-17T02:02:17.982+0000][6][gc,age       ] GC(57) - age   7:         32 bytes,     159984 total
[2021-08-17T02:02:17.982+0000][6][gc,age       ] GC(57) - age  12:       1200 bytes,     161184 total
[2021-08-17T02:02:17.982+0000][6][gc,age       ] GC(57) - age  13:      72960 bytes,     234144 total
[2021-08-17T02:02:17.982+0000][6][gc,age       ] GC(57) - age  14:       9880 bytes,     244024 total
[2021-08-17T02:02:17.982+0000][6][gc,age       ] GC(57) - age  15:     304096 bytes,     548120 total
[2021-08-17T02:02:17.982+0000][6][gc,phases    ] GC(57)   Pre Evacuate Collection Set: 0.3ms
[2021-08-17T02:02:17.982+0000][6][gc,phases    ] GC(57)   Merge Heap Roots: 0.3ms
[2021-08-17T02:02:17.982+0000][6][gc,phases    ] GC(57)   Evacuate Collection Set: 1.3ms
[2021-08-17T02:02:17.982+0000][6][gc,phases    ] GC(57)   Post Evacuate Collection Set: 1.6ms
[2021-08-17T02:02:17.983+0000][6][gc,phases    ] GC(57)   Other: 0.2ms
[2021-08-17T02:02:17.983+0000][6][gc,heap      ] GC(57) Eden regions: 410->0(410)
[2021-08-17T02:02:17.983+0000][6][gc,heap      ] GC(57) Survivor regions: 1->1(52)
[2021-08-17T02:02:17.983+0000][6][gc,heap      ] GC(57) Old regions: 115->115
[2021-08-17T02:02:17.983+0000][6][gc,heap      ] GC(57) Archive regions: 2->2
[2021-08-17T02:02:17.983+0000][6][gc,heap      ] GC(57) Humongous regions: 49->49
[2021-08-17T02:02:17.983+0000][6][gc,metaspace ] GC(57) Metaspace: 62046K(66384K)->62046K(66384K) NonClass: 53787K(56272K)->53787K(56272K) Class: 8259K(10112K)->8259K(10112K)
[2021-08-17T02:02:17.983+0000][6][gc           ] GC(57) Pause Young (Normal) (G1 Evacuation Pause) 573M->163M(772M) 3.741ms
[2021-08-17T02:02:17.983+0000][6][gc,cpu       ] GC(57) User=0.01s Sys=0.00s Real=0.01s
[2021-08-17T02:02:17.983+0000][6][safepoint    ] Safepoint "G1CollectForAllocation", Time since last: 159581688 ns, Reaching safepoint: 234751 ns, At safepoint: 3823037 ns, Total: 4057788 ns
[2021-08-17T02:02:18.220+0000][6][gc,start     ] GC(58) Pause Young (Normal) (G1 Evacuation Pause)
[2021-08-17T02:02:18.220+0000][6][gc,task      ] GC(58) Using 4 workers of 4 for evacuation
[2021-08-17T02:02:18.220+0000][6][gc,age       ] GC(58) Desired survivor size 27262976 bytes, new threshold 15 (max threshold 15)
[2021-08-17T02:02:18.223+0000][6][gc,age       ] GC(58) Age table with threshold 15 (max threshold 15)
[2021-08-17T02:02:18.223+0000][6][gc,age       ] GC(58) - age   1:     114736 bytes,     114736 total
[2021-08-17T02:02:18.223+0000][6][gc,age       ] GC(58) - age   2:       1312 bytes,     116048 total
[2021-08-17T02:02:18.223+0000][6][gc,age       ] GC(58) - age   4:     129368 bytes,     245416 total
[2021-08-17T02:02:18.223+0000][6][gc,age       ] GC(58) - age   6:      29040 bytes,     274456 total
[2021-08-17T02:02:18.223+0000][6][gc,age       ] GC(58) - age   8:         32 bytes,     274488 total
[2021-08-17T02:02:18.223+0000][6][gc,age       ] GC(58) - age  13:        120 bytes,     274608 total
[2021-08-17T02:02:18.223+0000][6][gc,age       ] GC(58) - age  14:      72960 bytes,     347568 total
[2021-08-17T02:02:18.223+0000][6][gc,age       ] GC(58) - age  15:       9752 bytes,     357320 total
[2021-08-17T02:02:18.223+0000][6][gc,phases    ] GC(58)   Pre Evacuate Collection Set: 0.3ms
[2021-08-17T02:02:18.223+0000][6][gc,phases    ] GC(58)   Merge Heap Roots: 0.1ms
[2021-08-17T02:02:18.223+0000][6][gc,phases    ] GC(58)   Evacuate Collection Set: 1.3ms
[2021-08-17T02:02:18.223+0000][6][gc,phases    ] GC(58)   Post Evacuate Collection Set: 1.0ms
[2021-08-17T02:02:18.223+0000][6][gc,phases    ] GC(58)   Other: 0.2ms
[2021-08-17T02:02:18.223+0000][6][gc,heap      ] GC(58) Eden regions: 410->0(408)
[2021-08-17T02:02:18.223+0000][6][gc,heap      ] GC(58) Survivor regions: 1->1(52)
[2021-08-17T02:02:18.223+0000][6][gc,heap      ] GC(58) Old regions: 115->115
[2021-08-17T02:02:18.223+0000][6][gc,heap      ] GC(58) Archive regions: 2->2
[2021-08-17T02:02:18.223+0000][6][gc,heap      ] GC(58) Humongous regions: 51->51
[2021-08-17T02:02:18.223+0000][6][gc,metaspace ] GC(58) Metaspace: 62063K(66384K)->62063K(66384K) NonClass: 53803K(56272K)->53803K(56272K) Class: 8259K(10112K)->8259K(10112K)
[2021-08-17T02:02:18.223+0000][6][gc           ] GC(58) Pause Young (Normal) (G1 Evacuation Pause) 575M->165M(772M) 3.026ms
[2021-08-17T02:02:18.223+0000][6][gc,cpu       ] GC(58) User=0.01s Sys=0.00s Real=0.01s
[2021-08-17T02:02:18.223+0000][6][safepoint    ] Safepoint "G1CollectForAllocation", Time since last: 237380461 ns, Reaching safepoint: 187250 ns, At safepoint: 3087910 ns, Total: 3275160 ns
[2021-08-17T02:02:18.527+0000][6][gc,start     ] GC(59) Pause Young (Normal) (G1 Evacuation Pause)
[2021-08-17T02:02:18.527+0000][6][gc,task      ] GC(59) Using 4 workers of 4 for evacuation
[2021-08-17T02:02:18.527+0000][6][gc,age       ] GC(59) Desired survivor size 27262976 bytes, new threshold 15 (max threshold 15)
[2021-08-17T02:02:18.530+0000][6][gc,age       ] GC(59) Age table with threshold 15 (max threshold 15)
[2021-08-17T02:02:18.530+0000][6][gc,age       ] GC(59) - age   1:        160 bytes,        160 total
[2021-08-17T02:02:18.530+0000][6][gc,age       ] GC(59) - age   2:     114576 bytes,     114736 total
[2021-08-17T02:02:18.530+0000][6][gc,age       ] GC(59) - age   3:       1312 bytes,     116048 total
[2021-08-17T02:02:18.530+0000][6][gc,age       ] GC(59) - age   5:     129368 bytes,     245416 total
[2021-08-17T02:02:18.530+0000][6][gc,age       ] GC(59) - age   7:      29040 bytes,     274456 total
[2021-08-17T02:02:18.530+0000][6][gc,age       ] GC(59) - age   9:         32 bytes,     274488 total
[2021-08-17T02:02:18.530+0000][6][gc,age       ] GC(59) - age  14:        120 bytes,     274608 total
[2021-08-17T02:02:18.530+0000][6][gc,age       ] GC(59) - age  15:      72960 bytes,     347568 total
[2021-08-17T02:02:18.530+0000][6][gc,phases    ] GC(59)   Pre Evacuate Collection Set: 0.3ms
[2021-08-17T02:02:18.530+0000][6][gc,phases    ] GC(59)   Merge Heap Roots: 0.1ms
[2021-08-17T02:02:18.530+0000][6][gc,phases    ] GC(59)   Evacuate Collection Set: 1.2ms
[2021-08-17T02:02:18.530+0000][6][gc,phases    ] GC(59)   Post Evacuate Collection Set: 1.1ms
[2021-08-17T02:02:18.530+0000][6][gc,phases    ] GC(59)   Other: 0.3ms
[2021-08-17T02:02:18.530+0000][6][gc,heap      ] GC(59) Eden regions: 408->0(409)
[2021-08-17T02:02:18.530+0000][6][gc,heap      ] GC(59) Survivor regions: 1->1(52)
[2021-08-17T02:02:18.530+0000][6][gc,heap      ] GC(59) Old regions: 115->115
[2021-08-17T02:02:18.530+0000][6][gc,heap      ] GC(59) Archive regions: 2->2
[2021-08-17T02:02:18.530+0000][6][gc,heap      ] GC(59) Humongous regions: 51->51
[2021-08-17T02:02:18.530+0000][6][gc,metaspace ] GC(59) Metaspace: 62066K(66384K)->62066K(66384K) NonClass: 53807K(56272K)->53807K(56272K) Class: 8259K(10112K)->8259K(10112K)
[2021-08-17T02:02:18.530+0000][6][gc           ] GC(59) Pause Young (Normal) (G1 Evacuation Pause) 573M->165M(772M) 3.061ms
[2021-08-17T02:02:18.530+0000][6][gc,cpu       ] GC(59) User=0.01s Sys=0.00s Real=0.00s
[2021-08-17T02:02:18.530+0000][6][safepoint    ] Safepoint "G1CollectForAllocation", Time since last: 303863034 ns, Reaching safepoint: 133866 ns, At safepoint: 3141085 ns, Total: 3274951 ns
[2021-08-17T02:02:18.692+0000][6][gc,start     ] GC(60) Pause Young (Normal) (G1 Evacuation Pause)
[2021-08-17T02:02:18.692+0000][6][gc,task      ] GC(60) Using 4 workers of 4 for evacuation
[2021-08-17T02:02:18.692+0000][6][gc,age       ] GC(60) Desired survivor size 27262976 bytes, new threshold 15 (max threshold 15)
[2021-08-17T02:02:18.695+0000][6][gc,age       ] GC(60) Age table with threshold 15 (max threshold 15)
[2021-08-17T02:02:18.695+0000][6][gc,age       ] GC(60) - age   3:     114576 bytes,     114576 total
[2021-08-17T02:02:18.695+0000][6][gc,age       ] GC(60) - age   4:       1312 bytes,     115888 total
[2021-08-17T02:02:18.695+0000][6][gc,age       ] GC(60) - age   6:     129368 bytes,     245256 total
[2021-08-17T02:02:18.695+0000][6][gc,age       ] GC(60) - age   8:      29040 bytes,     274296 total
[2021-08-17T02:02:18.695+0000][6][gc,age       ] GC(60) - age  10:         32 bytes,     274328 total
[2021-08-17T02:02:18.695+0000][6][gc,age       ] GC(60) - age  15:        120 bytes,     274448 total
[2021-08-17T02:02:18.695+0000][6][gc,phases    ] GC(60)   Pre Evacuate Collection Set: 0.3ms
[2021-08-17T02:02:18.695+0000][6][gc,phases    ] GC(60)   Merge Heap Roots: 0.4ms
[2021-08-17T02:02:18.695+0000][6][gc,phases    ] GC(60)   Evacuate Collection Set: 1.4ms
[2021-08-17T02:02:18.695+0000][6][gc,phases    ] GC(60)   Post Evacuate Collection Set: 1.1ms
[2021-08-17T02:02:18.695+0000][6][gc,phases    ] GC(60)   Other: 0.2ms
[2021-08-17T02:02:18.695+0000][6][gc,heap      ] GC(60) Eden regions: 409->0(406)
[2021-08-17T02:02:18.695+0000][6][gc,heap      ] GC(60) Survivor regions: 1->1(52)
[2021-08-17T02:02:18.695+0000][6][gc,heap      ] GC(60) Old regions: 115->115
[2021-08-17T02:02:18.695+0000][6][gc,heap      ] GC(60) Archive regions: 2->2
[2021-08-17T02:02:18.695+0000][6][gc,heap      ] GC(60) Humongous regions: 54->54
[2021-08-17T02:02:18.695+0000][6][gc,metaspace ] GC(60) Metaspace: 62066K(66384K)->62066K(66384K) NonClass: 53807K(56272K)->53807K(56272K) Class: 8259K(10112K)->8259K(10112K)
[2021-08-17T02:02:18.695+0000][6][gc           ] GC(60) Pause Young (Normal) (G1 Evacuation Pause) 577M->168M(772M) 3.473ms
[2021-08-17T02:02:18.695+0000][6][gc,cpu       ] GC(60) User=0.01s Sys=0.00s Real=0.01s
[2021-08-17T02:02:18.695+0000][6][safepoint    ] Safepoint "G1CollectForAllocation", Time since last: 161033896 ns, Reaching safepoint: 276710 ns, At safepoint: 3540687 ns, Total: 3817397 ns
[2021-08-17T02:02:18.856+0000][6][gc,start     ] GC(61) Pause Young (Normal) (G1 Evacuation Pause)
[2021-08-17T02:02:18.856+0000][6][gc,task      ] GC(61) Using 4 workers of 4 for evacuation
[2021-08-17T02:02:18.856+0000][6][gc,age       ] GC(61) Desired survivor size 26738688 bytes, new threshold 15 (max threshold 15)
[2021-08-17T02:02:18.859+0000][6][gc,age       ] GC(61) Age table with threshold 15 (max threshold 15)
[2021-08-17T02:02:18.859+0000][6][gc,age       ] GC(61) - age   1:       1896 bytes,       1896 total
[2021-08-17T02:02:18.859+0000][6][gc,age       ] GC(61) - age   4:     114576 bytes,     116472 total
[2021-08-17T02:02:18.859+0000][6][gc,age       ] GC(61) - age   5:         32 bytes,     116504 total
[2021-08-17T02:02:18.859+0000][6][gc,age       ] GC(61) - age   7:     129368 bytes,     245872 total
[2021-08-17T02:02:18.859+0000][6][gc,age       ] GC(61) - age   9:      29040 bytes,     274912 total
[2021-08-17T02:02:18.859+0000][6][gc,phases    ] GC(61)   Pre Evacuate Collection Set: 0.2ms
[2021-08-17T02:02:18.859+0000][6][gc,phases    ] GC(61)   Merge Heap Roots: 0.1ms
[2021-08-17T02:02:18.859+0000][6][gc,phases    ] GC(61)   Evacuate Collection Set: 1.0ms
[2021-08-17T02:02:18.859+0000][6][gc,phases    ] GC(61)   Post Evacuate Collection Set: 1.6ms
[2021-08-17T02:02:18.859+0000][6][gc,phases    ] GC(61)   Other: 0.2ms
[2021-08-17T02:02:18.859+0000][6][gc,heap      ] GC(61) Eden regions: 406->0(406)
[2021-08-17T02:02:18.859+0000][6][gc,heap      ] GC(61) Survivor regions: 1->1(51)
[2021-08-17T02:02:18.859+0000][6][gc,heap      ] GC(61) Old regions: 115->115
[2021-08-17T02:02:18.859+0000][6][gc,heap      ] GC(61) Archive regions: 2->2
[2021-08-17T02:02:18.859+0000][6][gc,heap      ] GC(61) Humongous regions: 54->54
[2021-08-17T02:02:18.859+0000][6][gc,metaspace ] GC(61) Metaspace: 62067K(66384K)->62067K(66384K) NonClass: 53808K(56272K)->53808K(56272K) Class: 8259K(10112K)->8259K(10112K)
[2021-08-17T02:02:18.859+0000][6][gc           ] GC(61) Pause Young (Normal) (G1 Evacuation Pause) 574M->168M(772M) 3.083ms
[2021-08-17T02:02:18.859+0000][6][gc,cpu       ] GC(61) User=0.01s Sys=0.00s Real=0.00s
[2021-08-17T02:02:18.859+0000][6][safepoint    ] Safepoint "G1CollectForAllocation", Time since last: 160421470 ns, Reaching safepoint: 105232 ns, At safepoint: 3163100 ns, Total: 3268332 ns
[2021-08-17T02:02:19.011+0000][6][gc,start     ] GC(62) Pause Young (Normal) (G1 Evacuation Pause)
[2021-08-17T02:02:19.011+0000][6][gc,task      ] GC(62) Using 4 workers of 4 for evacuation
[2021-08-17T02:02:19.011+0000][6][gc,age       ] GC(62) Desired survivor size 26738688 bytes, new threshold 15 (max threshold 15)
[2021-08-17T02:02:19.014+0000][6][gc,age       ] GC(62) Age table with threshold 15 (max threshold 15)
[2021-08-17T02:02:19.014+0000][6][gc,age       ] GC(62) - age   1:        232 bytes,        232 total
[2021-08-17T02:02:19.014+0000][6][gc,age       ] GC(62) - age   2:       1664 bytes,       1896 total
[2021-08-17T02:02:19.014+0000][6][gc,age       ] GC(62) - age   5:     114576 bytes,     116472 total
[2021-08-17T02:02:19.014+0000][6][gc,age       ] GC(62) - age   6:         32 bytes,     116504 total
[2021-08-17T02:02:19.014+0000][6][gc,age       ] GC(62) - age   8:     129368 bytes,     245872 total
[2021-08-17T02:02:19.014+0000][6][gc,age       ] GC(62) - age  10:      29040 bytes,     274912 total
[2021-08-17T02:02:19.014+0000][6][gc,phases    ] GC(62)   Pre Evacuate Collection Set: 0.3ms
[2021-08-17T02:02:19.014+0000][6][gc,phases    ] GC(62)   Merge Heap Roots: 0.3ms
[2021-08-17T02:02:19.014+0000][6][gc,phases    ] GC(62)   Evacuate Collection Set: 1.1ms
[2021-08-17T02:02:19.014+0000][6][gc,phases    ] GC(62)   Post Evacuate Collection Set: 1.1ms
[2021-08-17T02:02:19.014+0000][6][gc,phases    ] GC(62)   Other: 0.2ms
[2021-08-17T02:02:19.014+0000][6][gc,heap      ] GC(62) Eden regions: 406->0(406)
[2021-08-17T02:02:19.014+0000][6][gc,heap      ] GC(62) Survivor regions: 1->1(51)
[2021-08-17T02:02:19.014+0000][6][gc,heap      ] GC(62) Old regions: 115->115
[2021-08-17T02:02:19.014+0000][6][gc,heap      ] GC(62) Archive regions: 2->2
[2021-08-17T02:02:19.014+0000][6][gc,heap      ] GC(62) Humongous regions: 54->54
[2021-08-17T02:02:19.014+0000][6][gc,metaspace ] GC(62) Metaspace: 62067K(66384K)->62067K(66384K) NonClass: 53808K(56272K)->53808K(56272K) Class: 8259K(10112K)->8259K(10112K)
[2021-08-17T02:02:19.015+0000][6][gc           ] GC(62) Pause Young (Normal) (G1 Evacuation Pause) 574M->168M(772M) 3.160ms
[2021-08-17T02:02:19.015+0000][6][gc,cpu       ] GC(62) User=0.01s Sys=0.01s Real=0.01s
[2021-08-17T02:02:19.015+0000][6][safepoint    ] Safepoint "G1CollectForAllocation", Time since last: 152169087 ns, Reaching safepoint: 134775 ns, At safepoint: 3287726 ns, Total: 3422501 ns
[2021-08-17T02:02:19.850+0000][6][safepoint    ] Safepoint "ICBufferFull", Time since last: 835259155 ns, Reaching safepoint: 355093 ns, At safepoint: 43021 ns, Total: 398114 ns
[2021-08-17T02:02:20.174+0000][6][gc,start     ] GC(63) Pause Young (Normal) (G1 Evacuation Pause)
[2021-08-17T02:02:20.174+0000][6][gc,task      ] GC(63) Using 4 workers of 4 for evacuation
[2021-08-17T02:02:20.174+0000][6][gc,age       ] GC(63) Desired survivor size 26738688 bytes, new threshold 15 (max threshold 15)
[2021-08-17T02:02:20.220+0000][6][gc,age       ] GC(63) Age table with threshold 15 (max threshold 15)
[2021-08-17T02:02:20.220+0000][6][gc,age       ] GC(63) - age   1:    9497416 bytes,    9497416 total
[2021-08-17T02:02:20.220+0000][6][gc,age       ] GC(63) - age   3:        384 bytes,    9497800 total
[2021-08-17T02:02:20.220+0000][6][gc,age       ] GC(63) - age   6:     114576 bytes,    9612376 total
[2021-08-17T02:02:20.220+0000][6][gc,age       ] GC(63) - age   9:     129368 bytes,    9741744 total
[2021-08-17T02:02:20.220+0000][6][gc,age       ] GC(63) - age  11:      29040 bytes,    9770784 total
[2021-08-17T02:02:20.220+0000][6][gc,phases    ] GC(63)   Pre Evacuate Collection Set: 0.3ms
[2021-08-17T02:02:20.220+0000][6][gc,phases    ] GC(63)   Merge Heap Roots: 0.1ms
[2021-08-17T02:02:20.220+0000][6][gc,phases    ] GC(63)   Evacuate Collection Set: 44.0ms
[2021-08-17T02:02:20.220+0000][6][gc,phases    ] GC(63)   Post Evacuate Collection Set: 2.0ms
[2021-08-17T02:02:20.220+0000][6][gc,phases    ] GC(63)   Other: 0.2ms
[2021-08-17T02:02:20.220+0000][6][gc,heap      ] GC(63) Eden regions: 406->0(380)
[2021-08-17T02:02:20.220+0000][6][gc,heap      ] GC(63) Survivor regions: 1->10(51)
[2021-08-17T02:02:20.220+0000][6][gc,heap      ] GC(63) Old regions: 115->115
[2021-08-17T02:02:20.220+0000][6][gc,heap      ] GC(63) Archive regions: 2->2
[2021-08-17T02:02:20.220+0000][6][gc,heap      ] GC(63) Humongous regions: 62->62
[2021-08-17T02:02:20.220+0000][6][gc,metaspace ] GC(63) Metaspace: 62176K(66384K)->62176K(66384K) NonClass: 53917K(56272K)->53917K(56272K) Class: 8259K(10112K)->8259K(10112K)
[2021-08-17T02:02:20.220+0000][6][gc           ] GC(63) Pause Young (Normal) (G1 Evacuation Pause) 582M->185M(772M) 46.625ms
[2021-08-17T02:02:20.220+0000][6][gc,cpu       ] GC(63) User=0.10s Sys=0.00s Real=0.04s
[2021-08-17T02:02:20.220+0000][6][safepoint    ] Safepoint "G1CollectForAllocation", Time since last: 323419181 ns, Reaching safepoint: 121374 ns, At safepoint: 46720723 ns, Total: 46842097 ns
[2021-08-17T02:02:21.354+0000][6][gc,start     ] GC(64) Pause Young (Normal) (G1 Evacuation Pause)
[2021-08-17T02:02:21.354+0000][6][gc,task      ] GC(64) Using 4 workers of 4 for evacuation
[2021-08-17T02:02:21.354+0000][6][gc,age       ] GC(64) Desired survivor size 25690112 bytes, new threshold 15 (max threshold 15)
[2021-08-17T02:02:21.379+0000][6][gc,age       ] GC(64) Age table with threshold 15 (max threshold 15)
[2021-08-17T02:02:21.379+0000][6][gc,age       ] GC(64) - age   1:    9475672 bytes,    9475672 total
[2021-08-17T02:02:21.379+0000][6][gc,age       ] GC(64) - age   2:    9065816 bytes,   18541488 total
[2021-08-17T02:02:21.379+0000][6][gc,age       ] GC(64) - age   4:        352 bytes,   18541840 total
[2021-08-17T02:02:21.379+0000][6][gc,age       ] GC(64) - age   7:      46384 bytes,   18588224 total
[2021-08-17T02:02:21.379+0000][6][gc,age       ] GC(64) - age  10:     129368 bytes,   18717592 total
[2021-08-17T02:02:21.379+0000][6][gc,age       ] GC(64) - age  12:      29040 bytes,   18746632 total
[2021-08-17T02:02:21.379+0000][6][gc,phases    ] GC(64)   Pre Evacuate Collection Set: 0.2ms
[2021-08-17T02:02:21.379+0000][6][gc,phases    ] GC(64)   Merge Heap Roots: 0.1ms
[2021-08-17T02:02:21.379+0000][6][gc,phases    ] GC(64)   Evacuate Collection Set: 23.2ms
[2021-08-17T02:02:21.379+0000][6][gc,phases    ] GC(64)   Post Evacuate Collection Set: 1.4ms
[2021-08-17T02:02:21.379+0000][6][gc,phases    ] GC(64)   Other: 0.2ms
[2021-08-17T02:02:21.379+0000][6][gc,heap      ] GC(64) Eden regions: 380->0(361)
[2021-08-17T02:02:21.379+0000][6][gc,heap      ] GC(64) Survivor regions: 10->19(49)
[2021-08-17T02:02:21.379+0000][6][gc,heap      ] GC(64) Old regions: 115->115
[2021-08-17T02:02:21.379+0000][6][gc,heap      ] GC(64) Archive regions: 2->2
[2021-08-17T02:02:21.379+0000][6][gc,heap      ] GC(64) Humongous regions: 65->63
[2021-08-17T02:02:21.379+0000][6][gc,metaspace ] GC(64) Metaspace: 62198K(66384K)->62198K(66384K) NonClass: 53939K(56272K)->53939K(56272K) Class: 8259K(10112K)->8259K(10112K)
[2021-08-17T02:02:21.379+0000][6][gc           ] GC(64) Pause Young (Normal) (G1 Evacuation Pause) 568M->195M(772M) 25.137ms
[2021-08-17T02:02:21.379+0000][6][gc,cpu       ] GC(64) User=0.07s Sys=0.00s Real=0.02s
[2021-08-17T02:02:21.379+0000][6][safepoint    ] Safepoint "G1CollectForAllocation", Time since last: 1133058749 ns, Reaching safepoint: 137064 ns, At safepoint: 25242619 ns, Total: 25379683 ns
[2021-08-17T02:02:21.628+0000][6][safepoint    ] Safepoint "BulkRevokeBias", Time since last: 248925804 ns, Reaching safepoint: 377827 ns, At safepoint: 260998 ns, Total: 638825 ns
[2021-08-17T02:02:21.856+0000][6][safepoint    ] Safepoint "ICBufferFull", Time since last: 227200044 ns, Reaching safepoint: 258738 ns, At safepoint: 31168 ns, Total: 289906 ns
[2021-08-17T02:02:22.174+0000][6][safepoint    ] Safepoint "ICBufferFull", Time since last: 317611942 ns, Reaching safepoint: 226679 ns, At safepoint: 40190 ns, Total: 266869 ns
[2021-08-17T02:02:22.548+0000][6][safepoint    ] Safepoint "ICBufferFull", Time since last: 374368023 ns, Reaching safepoint: 145602 ns, At safepoint: 6494 ns, Total: 152096 ns
[2021-08-17T02:02:22.768+0000][6][safepoint    ] Safepoint "ICBufferFull", Time since last: 219586270 ns, Reaching safepoint: 146037 ns, At safepoint: 5736 ns, Total: 151773 ns
[2021-08-17T02:02:22.956+0000][6][safepoint    ] Safepoint "ICBufferFull", Time since last: 187355667 ns, Reaching safepoint: 455017 ns, At safepoint: 43141 ns, Total: 498158 ns
[2021-08-17T02:02:22.980+0000][6][safepoint    ] Safepoint "BulkRevokeBias", Time since last: 23407187 ns, Reaching safepoint: 190149 ns, At safepoint: 171459 ns, Total: 361608 ns
[2021-08-17T02:02:23.085+0000][6][safepoint    ] Safepoint "BulkRevokeBias", Time since last: 104597536 ns, Reaching safepoint: 135748 ns, At safepoint: 178857 ns, Total: 314605 ns
[2021-08-17T02:02:23.232+0000][6][safepoint    ] Safepoint "BulkRevokeBias", Time since last: 147094956 ns, Reaching safepoint: 528977 ns, At safepoint: 174665 ns, Total: 703642 ns
[2021-08-17T02:02:24.864+0000][6][safepoint    ] Safepoint "Cleanup", Time since last: 1631490633 ns, Reaching safepoint: 242991 ns, At safepoint: 8258 ns, Total: 251249 ns
[2021-08-17T02:02:26.637+0000][6][safepoint    ] Safepoint "Cleanup", Time since last: 1772479749 ns, Reaching safepoint: 194380 ns, At safepoint: 7423 ns, Total: 201803 ns
[2021-08-17T02:02:27.868+0000][6][safepoint    ] Safepoint "Cleanup", Time since last: 1230560019 ns, Reaching safepoint: 186075 ns, At safepoint: 5600 ns, Total: 191675 ns
[2021-08-17T02:02:29.138+0000][6][safepoint    ] Safepoint "Cleanup", Time since last: 1270226093 ns, Reaching safepoint: 180833 ns, At safepoint: 5605 ns, Total: 186438 ns
[2021-08-17T02:02:30.139+0000][6][safepoint    ] Safepoint "Cleanup", Time since last: 1000382079 ns, Reaching safepoint: 201365 ns, At safepoint: 8365 ns, Total: 209730 ns
[2021-08-17T02:02:31.734+0000][6][safepoint    ] Safepoint "Cleanup", Time since last: 1595471651 ns, Reaching safepoint: 136859 ns, At safepoint: 38190 ns, Total: 175049 ns
[2021-08-17T02:02:32.792+0000][6][safepoint    ] Safepoint "Cleanup", Time since last: 1057496520 ns, Reaching safepoint: 191137 ns, At safepoint: 5257 ns, Total: 196394 ns
[2021-08-17T02:02:34.144+0000][6][safepoint    ] Safepoint "Cleanup", Time since last: 1352125564 ns, Reaching safepoint: 150367 ns, At safepoint: 6000 ns, Total: 156367 ns
[2021-08-17T02:02:35.146+0000][6][safepoint    ] Safepoint "Cleanup", Time since last: 1001782424 ns, Reaching safepoint: 158051 ns, At safepoint: 6585 ns, Total: 164636 ns
[2021-08-17T02:02:36.646+0000][6][safepoint    ] Safepoint "Cleanup", Time since last: 1499314706 ns, Reaching safepoint: 250232 ns, At safepoint: 10180 ns, Total: 260412 ns
[2021-08-17T02:02:37.647+0000][6][safepoint    ] Safepoint "Cleanup", Time since last: 1001024871 ns, Reaching safepoint: 198820 ns, At safepoint: 8716 ns, Total: 207536 ns
[2021-08-17T02:02:39.148+0000][6][safepoint    ] Safepoint "Cleanup", Time since last: 1501097419 ns, Reaching safepoint: 219198 ns, At safepoint: 8402 ns, Total: 227600 ns
[2021-08-17T02:02:40.151+0000][6][safepoint    ] Safepoint "Cleanup", Time since last: 1002269675 ns, Reaching safepoint: 216933 ns, At safepoint: 10939 ns, Total: 227872 ns
[2021-08-17T02:02:41.652+0000][6][safepoint    ] Safepoint "Cleanup", Time since last: 1500859734 ns, Reaching safepoint: 182808 ns, At safepoint: 7237 ns, Total: 190045 ns
[2021-08-17T02:02:42.652+0000][6][safepoint    ] Safepoint "Cleanup", Time since last: 1000230303 ns, Reaching safepoint: 133052 ns, At safepoint: 5043 ns, Total: 138095 ns
[2021-08-17T02:02:44.154+0000][6][safepoint    ] Safepoint "Cleanup", Time since last: 1501320362 ns, Reaching safepoint: 149454 ns, At safepoint: 6683 ns, Total: 156137 ns
[2021-08-17T02:02:45.156+0000][6][safepoint    ] Safepoint "Cleanup", Time since last: 1001716520 ns, Reaching safepoint: 183963 ns, At safepoint: 8632 ns, Total: 192595 ns
[2021-08-17T02:02:46.658+0000][6][safepoint    ] Safepoint "Cleanup", Time since last: 1501801396 ns, Reaching safepoint: 146628 ns, At safepoint: 5968 ns, Total: 152596 ns
[2021-08-17T02:02:47.658+0000][6][safepoint    ] Safepoint "Cleanup", Time since last: 1000373265 ns, Reaching safepoint: 128516 ns, At safepoint: 5732 ns, Total: 134248 ns
[2021-08-17T02:02:49.162+0000][6][safepoint    ] Safepoint "Cleanup", Time since last: 1503462215 ns, Reaching safepoint: 125135 ns, At safepoint: 4969 ns, Total: 130104 ns
[2021-08-17T02:02:50.164+0000][6][safepoint    ] Safepoint "Cleanup", Time since last: 1001918084 ns, Reaching safepoint: 188090 ns, At safepoint: 7597 ns, Total: 195687 ns
[2021-08-17T02:02:51.534+0000][6][safepoint    ] Safepoint "Cleanup", Time since last: 1370450829 ns, Reaching safepoint: 150921 ns, At safepoint: 6830 ns, Total: 157751 ns
[2021-08-17T02:02:52.536+0000][6][safepoint    ] Safepoint "Cleanup", Time since last: 1001958120 ns, Reaching safepoint: 145900 ns, At safepoint: 5994 ns, Total: 151894 ns
[2021-08-17T02:02:54.168+0000][6][safepoint    ] Safepoint "Cleanup", Time since last: 1631212065 ns, Reaching safepoint: 128809 ns, At safepoint: 5196 ns, Total: 134005 ns
[2021-08-17T02:02:55.168+0000][6][safepoint    ] Safepoint "Cleanup", Time since last: 1000368843 ns, Reaching safepoint: 182928 ns, At safepoint: 8640 ns, Total: 191568 ns
[2021-08-17T02:02:56.667+0000][6][safepoint    ] Safepoint "Cleanup", Time since last: 1498818606 ns, Reaching safepoint: 118455 ns, At safepoint: 5464 ns, Total: 123919 ns
[2021-08-17T02:02:57.671+0000][6][safepoint    ] Safepoint "Cleanup", Time since last: 1003801208 ns, Reaching safepoint: 163730 ns, At safepoint: 6412 ns, Total: 170142 ns
[2021-08-17T02:02:59.175+0000][6][safepoint    ] Safepoint "Cleanup", Time since last: 1503567606 ns, Reaching safepoint: 163808 ns, At safepoint: 7924 ns, Total: 171732 ns
[2021-08-17T02:03:00.179+0000][6][safepoint    ] Safepoint "Cleanup", Time since last: 1003920435 ns, Reaching safepoint: 145990 ns, At safepoint: 7160 ns, Total: 153150 ns
[2021-08-17T02:03:02.101+0000][6][safepoint    ] Safepoint "Cleanup", Time since last: 1922007009 ns, Reaching safepoint: 136362 ns, At safepoint: 5180 ns, Total: 141542 ns
[2021-08-17T02:03:03.102+0000][6][safepoint    ] Safepoint "Cleanup", Time since last: 1000169329 ns, Reaching safepoint: 110139 ns, At safepoint: 4486 ns, Total: 114625 ns
[2021-08-17T02:03:04.190+0000][6][safepoint    ] Safepoint "Cleanup", Time since last: 1088661418 ns, Reaching safepoint: 139862 ns, At safepoint: 4765 ns, Total: 144627 ns
[2021-08-17T02:03:05.191+0000][6][safepoint    ] Safepoint "Cleanup", Time since last: 1000824321 ns, Reaching safepoint: 162906 ns, At safepoint: 7705 ns, Total: 170611 ns
[2021-08-17T02:03:06.682+0000][6][safepoint    ] Safepoint "Cleanup", Time since last: 1490238284 ns, Reaching safepoint: 167166 ns, At safepoint: 6386 ns, Total: 173552 ns
[2021-08-17T02:03:07.683+0000][6][safepoint    ] Safepoint "Cleanup", Time since last: 1001031250 ns, Reaching safepoint: 147020 ns, At safepoint: 6420 ns, Total: 153440 ns
[2021-08-17T02:03:09.183+0000][6][safepoint    ] Safepoint "Cleanup", Time since last: 1499607647 ns, Reaching safepoint: 122054 ns, At safepoint: 4840 ns, Total: 126894 ns
[2021-08-17T02:03:10.184+0000][6][safepoint    ] Safepoint "Cleanup", Time since last: 1000720757 ns, Reaching safepoint: 138141 ns, At safepoint: 5180 ns, Total: 143321 ns
[2021-08-17T02:03:11.686+0000][6][safepoint    ] Safepoint "Cleanup", Time since last: 1502219640 ns, Reaching safepoint: 149275 ns, At safepoint: 5945 ns, Total: 155220 ns
[2021-08-17T02:03:12.687+0000][6][safepoint    ] Safepoint "Cleanup", Time since last: 1001050877 ns, Reaching safepoint: 135636 ns, At safepoint: 5748 ns, Total: 141384 ns
[2021-08-17T02:03:14.190+0000][6][safepoint    ] Safepoint "Cleanup", Time since last: 1502877230 ns, Reaching safepoint: 178483 ns, At safepoint: 5282 ns, Total: 183765 ns
[2021-08-17T02:03:15.191+0000][6][safepoint    ] Safepoint "Cleanup", Time since last: 1000542509 ns, Reaching safepoint: 111646 ns, At safepoint: 4848 ns, Total: 116494 ns
[2021-08-17T02:03:16.691+0000][6][safepoint    ] Safepoint "Cleanup", Time since last: 1499808663 ns, Reaching safepoint: 111519 ns, At safepoint: 4667 ns, Total: 116186 ns
[2021-08-17T02:03:17.692+0000][6][safepoint    ] Safepoint "Cleanup", Time since last: 1000871611 ns, Reaching safepoint: 132410 ns, At safepoint: 4707 ns, Total: 137117 ns
[2021-08-17T02:03:19.194+0000][6][safepoint    ] Safepoint "Cleanup", Time since last: 1501953664 ns, Reaching safepoint: 149494 ns, At safepoint: 6072 ns, Total: 155566 ns
[2021-08-17T02:03:20.195+0000][6][safepoint    ] Safepoint "Cleanup", Time since last: 1000945803 ns, Reaching safepoint: 173352 ns, At safepoint: 8399 ns, Total: 181751 ns
[2021-08-17T02:03:21.695+0000][6][safepoint    ] Safepoint "Cleanup", Time since last: 1499578514 ns, Reaching safepoint: 136473 ns, At safepoint: 4868 ns, Total: 141341 ns
[2021-08-17T02:03:22.696+0000][6][safepoint    ] Safepoint "Cleanup", Time since last: 1000784090 ns, Reaching safepoint: 136280 ns, At safepoint: 4925 ns, Total: 141205 ns
[2021-08-17T02:03:23.630+0000][6][safepoint    ] Safepoint "BulkRevokeBias", Time since last: 933189009 ns, Reaching safepoint: 705744 ns, At safepoint: 243100 ns, Total: 948844 ns
[2021-08-17T02:03:24.649+0000][6][safepoint    ] Safepoint "Cleanup", Time since last: 1018741192 ns, Reaching safepoint: 150920 ns, At safepoint: 7018 ns, Total: 157938 ns
[2021-08-17T02:03:25.650+0000][6][safepoint    ] Safepoint "Cleanup", Time since last: 1000813870 ns, Reaching safepoint: 132586 ns, At safepoint: 4939 ns, Total: 137525 ns
[2021-08-17T02:03:26.701+0000][6][safepoint    ] Safepoint "Cleanup", Time since last: 1050851680 ns, Reaching safepoint: 133288 ns, At safepoint: 5375 ns, Total: 138663 ns
[2021-08-17T02:03:27.964+0000][6][safepoint    ] Safepoint "Cleanup", Time since last: 1262990840 ns, Reaching safepoint: 185487 ns, At safepoint: 7407 ns, Total: 192894 ns
[2021-08-17T02:03:29.204+0000][6][safepoint    ] Safepoint "Cleanup", Time since last: 1240243574 ns, Reaching safepoint: 195308 ns, At safepoint: 7857 ns, Total: 203165 ns
[2021-08-17T02:03:30.206+0000][6][safepoint    ] Safepoint "Cleanup", Time since last: 1001982331 ns, Reaching safepoint: 235051 ns, At safepoint: 8039 ns, Total: 243090 ns
[2021-08-17T02:03:31.707+0000][6][safepoint    ] Safepoint "Cleanup", Time since last: 1500892463 ns, Reaching safepoint: 102137 ns, At safepoint: 5720 ns, Total: 107857 ns
[2021-08-17T02:03:32.710+0000][6][safepoint    ] Safepoint "Cleanup", Time since last: 1002058265 ns, Reaching safepoint: 379199 ns, At safepoint: 8414 ns, Total: 387613 ns
[2021-08-17T02:03:34.209+0000][6][safepoint    ] Safepoint "Cleanup", Time since last: 1499107880 ns, Reaching safepoint: 226885 ns, At safepoint: 8444 ns, Total: 235329 ns
[2021-08-17T02:03:35.210+0000][6][safepoint    ] Safepoint "Cleanup", Time since last: 1000680007 ns, Reaching safepoint: 135983 ns, At safepoint: 5680 ns, Total: 141663 ns
[2021-08-17T02:03:36.712+0000][6][safepoint    ] Safepoint "Cleanup", Time since last: 1501896674 ns, Reaching safepoint: 213549 ns, At safepoint: 5948 ns, Total: 219497 ns
[2021-08-17T02:03:37.713+0000][6][safepoint    ] Safepoint "Cleanup", Time since last: 1000882180 ns, Reaching safepoint: 124238 ns, At safepoint: 4911 ns, Total: 129149 ns
[2021-08-17T02:03:39.217+0000][6][safepoint    ] Safepoint "Cleanup", Time since last: 1503904630 ns, Reaching safepoint: 128404 ns, At safepoint: 4511 ns, Total: 132915 ns
[2021-08-17T02:03:40.218+0000][6][safepoint    ] Safepoint "Cleanup", Time since last: 1001001272 ns, Reaching safepoint: 204378 ns, At safepoint: 4993 ns, Total: 209371 ns
[2021-08-17T02:03:41.718+0000][6][safepoint    ] Safepoint "Cleanup", Time since last: 1499777744 ns, Reaching safepoint: 146596 ns, At safepoint: 5252 ns, Total: 151848 ns
[2021-08-17T02:03:42.720+0000][6][safepoint    ] Safepoint "Cleanup", Time since last: 1001024069 ns, Reaching safepoint: 126883 ns, At safepoint: 5012 ns, Total: 131895 ns
[2021-08-17T02:03:44.220+0000][6][safepoint    ] Safepoint "Cleanup", Time since last: 1500570612 ns, Reaching safepoint: 181695 ns, At safepoint: 5745 ns, Total: 187440 ns
[2021-08-17T02:03:45.221+0000][6][safepoint    ] Safepoint "Cleanup", Time since last: 1000956473 ns, Reaching safepoint: 206908 ns, At safepoint: 5057 ns, Total: 211965 ns
[2021-08-17T02:03:46.722+0000][6][safepoint    ] Safepoint "Cleanup", Time since last: 1500006373 ns, Reaching safepoint: 216161 ns, At safepoint: 10959 ns, Total: 227120 ns
[2021-08-17T02:03:47.722+0000][6][safepoint    ] Safepoint "Cleanup", Time since last: 1000491583 ns, Reaching safepoint: 136104 ns, At safepoint: 5522 ns, Total: 141626 ns
[2021-08-17T02:03:49.224+0000][6][safepoint    ] Safepoint "Cleanup", Time since last: 1501929812 ns, Reaching safepoint: 137723 ns, At safepoint: 4701 ns, Total: 142424 ns
[2021-08-17T02:03:50.225+0000][6][safepoint    ] Safepoint "Cleanup", Time since last: 1000842027 ns, Reaching safepoint: 148529 ns, At safepoint: 9955 ns, Total: 158484 ns
[2021-08-17T02:03:51.731+0000][6][safepoint    ] Safepoint "Cleanup", Time since last: 1505342096 ns, Reaching safepoint: 168098 ns, At safepoint: 6548 ns, Total: 174646 ns
[2021-08-17T02:03:53.232+0000][6][safepoint    ] Safepoint "Cleanup", Time since last: 1500535249 ns, Reaching safepoint: 139312 ns, At safepoint: 29436 ns, Total: 168748 ns
[2021-08-17T02:03:58.234+0000][6][safepoint    ] Safepoint "Cleanup", Time since last: 5001735174 ns, Reaching safepoint: 849116 ns, At safepoint: 28057 ns, Total: 877173 ns
[2021-08-17T02:03:59.235+0000][6][safepoint    ] Safepoint "Cleanup", Time since last: 1000956612 ns, Reaching safepoint: 251079 ns, At safepoint: 8277 ns, Total: 259356 ns
[2021-08-17T02:04:00.734+0000][6][safepoint    ] Safepoint "Cleanup", Time since last: 1498644560 ns, Reaching safepoint: 119502 ns, At safepoint: 4627 ns, Total: 124129 ns
[2021-08-17T02:04:01.735+0000][6][safepoint    ] Safepoint "Cleanup", Time since last: 1000934778 ns, Reaching safepoint: 147254 ns, At safepoint: 5020 ns, Total: 152274 ns
[2021-08-17T02:04:05.737+0000][6][safepoint    ] Safepoint "Cleanup", Time since last: 4001359648 ns, Reaching safepoint: 108428 ns, At safepoint: 38394 ns, Total: 146822 ns
[2021-08-17T02:04:08.240+0000][6][safepoint    ] Safepoint "Cleanup", Time since last: 2502435670 ns, Reaching safepoint: 245988 ns, At safepoint: 25579 ns, Total: 271567 ns
[2021-08-17T02:04:13.265+0000][6][safepoint    ] Safepoint "Cleanup", Time since last: 5025025995 ns, Reaching safepoint: 73329 ns, At safepoint: 20953 ns, Total: 94282 ns
[2021-08-17T02:04:15.746+0000][6][safepoint    ] Safepoint "Cleanup", Time since last: 2480927515 ns, Reaching safepoint: 119202 ns, At safepoint: 4763 ns, Total: 123965 ns
[2021-08-17T02:04:18.245+0000][6][safepoint    ] Safepoint "Cleanup", Time since last: 2499124811 ns, Reaching safepoint: 126178 ns, At safepoint: 22618 ns, Total: 148796 ns
[2021-08-17T02:04:20.246+0000][6][safepoint    ] Safepoint "Cleanup", Time since last: 2000886081 ns, Reaching safepoint: 218909 ns, At safepoint: 9195 ns, Total: 228104 ns
[2021-08-17T02:04:21.748+0000][6][safepoint    ] Safepoint "Cleanup", Time since last: 1501303627 ns, Reaching safepoint: 195680 ns, At safepoint: 7649 ns, Total: 203329 ns
[2021-08-17T02:04:23.250+0000][6][safepoint    ] Safepoint "Cleanup", Time since last: 1502043521 ns, Reaching safepoint: 449808 ns, At safepoint: 55779 ns, Total: 505587 ns
[2021-08-17T02:04:23.729+0000][6][safepoint    ] Safepoint "BulkRevokeBias", Time since last: 478025151 ns, Reaching safepoint: 330475 ns, At safepoint: 259100 ns, Total: 589575 ns
[2021-08-17T02:04:23.757+0000][6][safepoint    ] Safepoint "BulkRevokeBias", Time since last: 27368341 ns, Reaching safepoint: 225648 ns, At safepoint: 429405 ns, Total: 655053 ns
[2021-08-17T02:04:24.774+0000][6][safepoint    ] Safepoint "Cleanup", Time since last: 1017103023 ns, Reaching safepoint: 132584 ns, At safepoint: 5427 ns, Total: 138011 ns
[2021-08-17T02:04:26.752+0000][6][safepoint    ] Safepoint "Cleanup", Time since last: 1977387100 ns, Reaching safepoint: 227011 ns, At safepoint: 10091 ns, Total: 237102 ns
[2021-08-17T02:04:28.060+0000][6][safepoint    ] Safepoint "Cleanup", Time since last: 1307762382 ns, Reaching safepoint: 207569 ns, At safepoint: 7590 ns, Total: 215159 ns
[2021-08-17T02:04:28.081+0000][6][safepoint    ] Safepoint "BulkRevokeBias", Time since last: 20441396 ns, Reaching safepoint: 138988 ns, At safepoint: 346350 ns, Total: 485338 ns
[2021-08-17T02:04:28.088+0000][6][safepoint    ] Safepoint "BulkRevokeBias", Time since last: 6221484 ns, Reaching safepoint: 88476 ns, At safepoint: 724003 ns, Total: 812479 ns
[2021-08-17T02:04:29.256+0000][6][safepoint    ] Safepoint "Cleanup", Time since last: 1167790453 ns, Reaching safepoint: 202459 ns, At safepoint: 8106 ns, Total: 210565 ns
[2021-08-17T02:04:30.757+0000][6][safepoint    ] Safepoint "Cleanup", Time since last: 1501042888 ns, Reaching safepoint: 106630 ns, At safepoint: 4439 ns, Total: 111069 ns
[2021-08-17T02:04:31.759+0000][6][safepoint    ] Safepoint "Cleanup", Time since last: 1001960278 ns, Reaching safepoint: 203535 ns, At safepoint: 8125 ns, Total: 211660 ns
[2021-08-17T02:04:32.762+0000][6][safepoint    ] Safepoint "Cleanup", Time since last: 1002965377 ns, Reaching safepoint: 138880 ns, At safepoint: 5326 ns, Total: 144206 ns
[2021-08-17T02:04:34.264+0000][6][safepoint    ] Safepoint "Cleanup", Time since last: 1501589878 ns, Reaching safepoint: 154368 ns, At safepoint: 4943 ns, Total: 159311 ns
[2021-08-17T02:04:43.268+0000][6][safepoint    ] Safepoint "Cleanup", Time since last: 9003902095 ns, Reaching safepoint: 154609 ns, At safepoint: 23527 ns, Total: 178136 ns
[2021-08-17T02:04:45.771+0000][6][safepoint    ] Safepoint "Cleanup", Time since last: 2502882278 ns, Reaching safepoint: 131785 ns, At safepoint: 4740 ns, Total: 136525 ns
[2021-08-17T02:04:48.271+0000][6][safepoint    ] Safepoint "Cleanup", Time since last: 2500193347 ns, Reaching safepoint: 171783 ns, At safepoint: 5617 ns, Total: 177400 ns
[2021-08-17T02:04:49.272+0000][6][safepoint    ] Safepoint "Cleanup", Time since last: 1000749595 ns, Reaching safepoint: 227078 ns, At safepoint: 10979 ns, Total: 238057 ns
[2021-08-17T02:04:50.772+0000][6][safepoint    ] Safepoint "Cleanup", Time since last: 1499593045 ns, Reaching safepoint: 86214 ns, At safepoint: 39262 ns, Total: 125476 ns
[2021-08-17T02:04:53.274+0000][6][safepoint    ] Safepoint "Cleanup", Time since last: 2501793281 ns, Reaching safepoint: 209435 ns, At safepoint: 5265 ns, Total: 214700 ns
[2021-08-17T02:04:58.282+0000][6][safepoint    ] Safepoint "Cleanup", Time since last: 5007964225 ns, Reaching safepoint: 121414 ns, At safepoint: 10714 ns, Total: 132128 ns
[2021-08-17T02:05:01.783+0000][6][safepoint    ] Safepoint "Cleanup", Time since last: 3500849599 ns, Reaching safepoint: 208628 ns, At safepoint: 20593 ns, Total: 229221 ns
[2021-08-17T02:05:03.285+0000][6][safepoint    ] Safepoint "Cleanup", Time since last: 1501949072 ns, Reaching safepoint: 169214 ns, At safepoint: 6505 ns, Total: 175719 ns
[2021-08-17T02:05:04.286+0000][6][safepoint    ] Safepoint "Cleanup", Time since last: 1000254336 ns, Reaching safepoint: 199551 ns, At safepoint: 7725 ns, Total: 207276 ns
[2021-08-17T02:05:05.786+0000][6][safepoint    ] Safepoint "Cleanup", Time since last: 1500019277 ns, Reaching safepoint: 127846 ns, At safepoint: 46443 ns, Total: 174289 ns
[2021-08-17T02:05:09.292+0000][6][safepoint    ] Safepoint "Cleanup", Time since last: 3505683563 ns, Reaching safepoint: 173590 ns, At safepoint: 5478 ns, Total: 179068 ns
[2021-08-17T02:05:13.296+0000][6][safepoint    ] Safepoint "Cleanup", Time since last: 4004251881 ns, Reaching safepoint: 354571 ns, At safepoint: 6240 ns, Total: 360811 ns
[2021-08-17T02:05:15.801+0000][6][safepoint    ] Safepoint "Cleanup", Time since last: 2504758632 ns, Reaching safepoint: 168748 ns, At safepoint: 24817 ns, Total: 193565 ns
[2021-08-17T02:05:22.813+0000][6][safepoint    ] Safepoint "Cleanup", Time since last: 7011343578 ns, Reaching safepoint: 101790 ns, At safepoint: 5821 ns, Total: 107611 ns
[2021-08-17T02:05:23.819+0000][6][safepoint    ] Safepoint "Cleanup", Time since last: 1006209441 ns, Reaching safepoint: 74143 ns, At safepoint: 25689 ns, Total: 99832 ns
[2021-08-17T02:05:23.884+0000][6][safepoint    ] Safepoint "BulkRevokeBias", Time since last: 64490678 ns, Reaching safepoint: 301799 ns, At safepoint: 269718 ns, Total: 571517 ns
[2021-08-17T02:05:24.908+0000][6][safepoint    ] Safepoint "Cleanup", Time since last: 1023208477 ns, Reaching safepoint: 187080 ns, At safepoint: 5189 ns, Total: 192269 ns
[2021-08-17T02:05:25.837+0000][6][safepoint    ] Safepoint "ICBufferFull", Time since last: 928937111 ns, Reaching safepoint: 420991 ns, At safepoint: 9081 ns, Total: 430072 ns
[2021-08-17T02:05:26.840+0000][6][safepoint    ] Safepoint "Cleanup", Time since last: 1003118168 ns, Reaching safepoint: 280880 ns, At safepoint: 31267 ns, Total: 312147 ns
[2021-08-17T02:05:27.473+0000][6][safepoint    ] Safepoint "BulkRevokeBias", Time since last: 631850152 ns, Reaching safepoint: 251391 ns, At safepoint: 318623 ns, Total: 570014 ns
[2021-08-17T02:05:28.251+0000][6][safepoint    ] Safepoint "BulkRevokeBias", Time since last: 777275779 ns, Reaching safepoint: 152619 ns, At safepoint: 592254 ns, Total: 744873 ns
[2021-08-17T02:05:29.322+0000][6][safepoint    ] Safepoint "Cleanup", Time since last: 1070972774 ns, Reaching safepoint: 146256 ns, At safepoint: 6248 ns, Total: 152504 ns
[2021-08-17T02:05:30.823+0000][6][safepoint    ] Safepoint "Cleanup", Time since last: 1501141491 ns, Reaching safepoint: 115372 ns, At safepoint: 9186 ns, Total: 124558 ns
[2021-08-17T02:05:31.824+0000][6][safepoint    ] Safepoint "Cleanup", Time since last: 1000406972 ns, Reaching safepoint: 155441 ns, At safepoint: 6117 ns, Total: 161558 ns
[2021-08-17T02:05:33.324+0000][6][safepoint    ] Safepoint "Cleanup", Time since last: 1500351785 ns, Reaching safepoint: 130953 ns, At safepoint: 22840 ns, Total: 153793 ns
[2021-08-17T02:05:36.829+0000][6][safepoint    ] Safepoint "Cleanup", Time since last: 3504389296 ns, Reaching safepoint: 226339 ns, At safepoint: 10244 ns, Total: 236583 ns
[2021-08-17T02:05:40.833+0000][6][safepoint    ] Safepoint "Cleanup", Time since last: 4003919760 ns, Reaching safepoint: 492807 ns, At safepoint: 4655 ns, Total: 497462 ns
[2021-08-17T02:05:45.839+0000][6][safepoint    ] Safepoint "Cleanup", Time since last: 5005317549 ns, Reaching safepoint: 320460 ns, At safepoint: 24732 ns, Total: 345192 ns
[2021-08-17T02:05:50.844+0000][6][safepoint    ] Safepoint "Cleanup", Time since last: 5004640733 ns, Reaching safepoint: 183986 ns, At safepoint: 8519 ns, Total: 192505 ns
[2021-08-17T02:05:58.352+0000][6][safepoint    ] Safepoint "Cleanup", Time since last: 7507576503 ns, Reaching safepoint: 106990 ns, At safepoint: 23111 ns, Total: 130101 ns
[2021-08-17T02:06:01.852+0000][6][safepoint    ] Safepoint "Cleanup", Time since last: 3500361875 ns, Reaching safepoint: 145383 ns, At safepoint: 5442 ns, Total: 150825 ns
[2021-08-17T02:06:03.353+0000][6][safepoint    ] Safepoint "Cleanup", Time since last: 1500643638 ns, Reaching safepoint: 85306 ns, At safepoint: 5992 ns, Total: 91298 ns
[2021-08-17T02:06:10.856+0000][6][safepoint    ] Safepoint "Cleanup", Time since last: 7503353450 ns, Reaching safepoint: 307159 ns, At safepoint: 27563 ns, Total: 334722 ns
[2021-08-17T02:06:13.356+0000][6][safepoint    ] Safepoint "Cleanup", Time since last: 2499309422 ns, Reaching safepoint: 184353 ns, At safepoint: 5355 ns, Total: 189708 ns
[2021-08-17T02:06:15.860+0000][6][safepoint    ] Safepoint "Cleanup", Time since last: 2503463514 ns, Reaching safepoint: 210563 ns, At safepoint: 7490 ns, Total: 218053 ns
[2021-08-17T02:06:23.945+0000][6][safepoint    ] Safepoint "Cleanup", Time since last: 8085335697 ns, Reaching safepoint: 186332 ns, At safepoint: 34828 ns, Total: 221160 ns
[2021-08-17T02:06:24.004+0000][6][safepoint    ] Safepoint "BulkRevokeBias", Time since last: 58148199 ns, Reaching safepoint: 153817 ns, At safepoint: 233775 ns, Total: 387592 ns
[2021-08-17T02:06:25.021+0000][6][safepoint    ] Safepoint "Cleanup", Time since last: 1016914297 ns, Reaching safepoint: 170059 ns, At safepoint: 7231 ns, Total: 177290 ns
[2021-08-17T02:06:27.498+0000][6][safepoint    ] Safepoint "Cleanup", Time since last: 2476836456 ns, Reaching safepoint: 153104 ns, At safepoint: 6266 ns, Total: 159370 ns
[2021-08-17T02:06:28.381+0000][6][safepoint    ] Safepoint "BulkRevokeBias", Time since last: 882375294 ns, Reaching safepoint: 645725 ns, At safepoint: 223399 ns, Total: 869124 ns
[2021-08-17T02:06:31.874+0000][6][safepoint    ] Safepoint "Cleanup", Time since last: 3492416647 ns, Reaching safepoint: 148515 ns, At safepoint: 5099 ns, Total: 153614 ns
[2021-08-17T02:06:33.370+0000][6][safepoint    ] Safepoint "Cleanup", Time since last: 1495913674 ns, Reaching safepoint: 234492 ns, At safepoint: 6459 ns, Total: 240951 ns
[2021-08-17T02:06:38.373+0000][6][safepoint    ] Safepoint "Cleanup", Time since last: 5003020921 ns, Reaching safepoint: 94039 ns, At safepoint: 5629 ns, Total: 99668 ns
[2021-08-17T02:06:40.876+0000][6][safepoint    ] Safepoint "Cleanup", Time since last: 2502742245 ns, Reaching safepoint: 591794 ns, At safepoint: 40303 ns, Total: 632097 ns
[2021-08-17T02:06:43.382+0000][6][safepoint    ] Safepoint "Cleanup", Time since last: 2505437462 ns, Reaching safepoint: 349524 ns, At safepoint: 7935 ns, Total: 357459 ns
[2021-08-17T02:06:48.382+0000][6][safepoint    ] Safepoint "Cleanup", Time since last: 4999786805 ns, Reaching safepoint: 338646 ns, At safepoint: 9697 ns, Total: 348343 ns
[2021-08-17T02:06:57.899+0000][6][safepoint    ] Safepoint "Cleanup", Time since last: 9515667196 ns, Reaching safepoint: 586323 ns, At safepoint: 99389 ns, Total: 685712 ns
[2021-08-17T02:06:58.151+0000][6][safepoint    ] Safepoint "BulkRevokeBias", Time since last: 250855522 ns, Reaching safepoint: 722353 ns, At safepoint: 623234 ns, Total: 1345587 ns
[2021-08-17T02:06:58.153+0000][6][safepoint    ] Safepoint "BulkRevokeBias", Time since last: 1964507 ns, Reaching safepoint: 249041 ns, At safepoint: 325756 ns, Total: 574797 ns
[2021-08-17T02:06:58.261+0000][6][safepoint    ] Safepoint "BulkRevokeBias", Time since last: 106516940 ns, Reaching safepoint: 313120 ns, At safepoint: 394048 ns, Total: 707168 ns
[2021-08-17T02:06:58.262+0000][6][safepoint    ] Safepoint "BulkRevokeBias", Time since last: 326174 ns, Reaching safepoint: 764770 ns, At safepoint: 701259 ns, Total: 1466029 ns
[2021-08-17T02:06:58.287+0000][6][safepoint    ] Safepoint "BulkRevokeBias", Time since last: 22846109 ns, Reaching safepoint: 1623981 ns, At safepoint: 299630 ns, Total: 1923611 ns
[2021-08-17T02:06:58.350+0000][6][safepoint    ] Safepoint "BulkRevokeBias", Time since last: 62746547 ns, Reaching safepoint: 157423 ns, At safepoint: 240580 ns, Total: 398003 ns
[2021-08-17T02:06:58.367+0000][6][safepoint    ] Safepoint "BulkRevokeBias", Time since last: 16892209 ns, Reaching safepoint: 138373 ns, At safepoint: 224829 ns, Total: 363202 ns
[2021-08-17T02:06:58.415+0000][6][safepoint    ] Safepoint "BulkRevokeBias", Time since last: 46698100 ns, Reaching safepoint: 349347 ns, At safepoint: 265951 ns, Total: 615298 ns
[2021-08-17T02:06:58.422+0000][6][safepoint    ] Safepoint "BulkRevokeBias", Time since last: 6259953 ns, Reaching safepoint: 330519 ns, At safepoint: 272081 ns, Total: 602600 ns
[2021-08-17T02:06:59.463+0000][6][safepoint    ] Safepoint "Cleanup", Time since last: 1040921012 ns, Reaching safepoint: 291405 ns, At safepoint: 27721 ns, Total: 319126 ns
[2021-08-17T02:07:00.492+0000][6][safepoint    ] Safepoint "Cleanup", Time since last: 1029130644 ns, Reaching safepoint: 320676 ns, At safepoint: 7744 ns, Total: 328420 ns
[2021-08-17T02:07:01.493+0000][6][safepoint    ] Safepoint "Cleanup", Time since last: 1000436437 ns, Reaching safepoint: 143938 ns, At safepoint: 5167 ns, Total: 149105 ns
[2021-08-17T02:07:02.494+0000][6][safepoint    ] Safepoint "Cleanup", Time since last: 1000736464 ns, Reaching safepoint: 154186 ns, At safepoint: 5308 ns, Total: 159494 ns
[2021-08-17T02:07:03.495+0000][6][safepoint    ] Safepoint "Cleanup", Time since last: 1001139967 ns, Reaching safepoint: 144667 ns, At safepoint: 5374 ns, Total: 150041 ns
[2021-08-17T02:07:04.496+0000][6][safepoint    ] Safepoint "Cleanup", Time since last: 1000512687 ns, Reaching safepoint: 192417 ns, At safepoint: 4979 ns, Total: 197396 ns
[2021-08-17T02:07:05.496+0000][6][safepoint    ] Safepoint "Cleanup", Time since last: 1000212899 ns, Reaching safepoint: 139188 ns, At safepoint: 5084 ns, Total: 144272 ns
[2021-08-17T02:07:06.497+0000][6][safepoint    ] Safepoint "Cleanup", Time since last: 1000422646 ns, Reaching safepoint: 142289 ns, At safepoint: 4870 ns, Total: 147159 ns
[2021-08-17T02:07:07.498+0000][6][safepoint    ] Safepoint "Cleanup", Time since last: 1000984114 ns, Reaching safepoint: 142825 ns, At safepoint: 5625 ns, Total: 148450 ns
[2021-08-17T02:07:08.499+0000][6][safepoint    ] Safepoint "Cleanup", Time since last: 1000859068 ns, Reaching safepoint: 106618 ns, At safepoint: 4515 ns, Total: 111133 ns
[2021-08-17T02:07:09.500+0000][6][safepoint    ] Safepoint "Cleanup", Time since last: 1000637263 ns, Reaching safepoint: 147400 ns, At safepoint: 5521 ns, Total: 152921 ns
[2021-08-17T02:07:10.501+0000][6][safepoint    ] Safepoint "Cleanup", Time since last: 1000936372 ns, Reaching safepoint: 120289 ns, At safepoint: 4743 ns, Total: 125032 ns
[2021-08-17T02:07:11.501+0000][6][safepoint    ] Safepoint "Cleanup", Time since last: 1000459351 ns, Reaching safepoint: 157473 ns, At safepoint: 4831 ns, Total: 162304 ns
[2021-08-17T02:07:12.503+0000][6][safepoint    ] Safepoint "Cleanup", Time since last: 1001013497 ns, Reaching safepoint: 143479 ns, At safepoint: 5216 ns, Total: 148695 ns
[2021-08-17T02:07:13.503+0000][6][safepoint    ] Safepoint "Cleanup", Time since last: 1000664245 ns, Reaching safepoint: 146377 ns, At safepoint: 5086 ns, Total: 151463 ns
[2021-08-17T02:07:14.505+0000][6][safepoint    ] Safepoint "Cleanup", Time since last: 1001045700 ns, Reaching safepoint: 137539 ns, At safepoint: 5207 ns, Total: 142746 ns
[2021-08-17T02:07:15.505+0000][6][safepoint    ] Safepoint "Cleanup", Time since last: 1000292599 ns, Reaching safepoint: 137683 ns, At safepoint: 5400 ns, Total: 143083 ns
[2021-08-17T02:07:16.506+0000][6][safepoint    ] Safepoint "Cleanup", Time since last: 1000987969 ns, Reaching safepoint: 112273 ns, At safepoint: 4960 ns, Total: 117233 ns
[2021-08-17T02:07:17.507+0000][6][safepoint    ] Safepoint "Cleanup", Time since last: 1000307885 ns, Reaching safepoint: 135959 ns, At safepoint: 4889 ns, Total: 140848 ns
[2021-08-17T02:07:18.507+0000][6][safepoint    ] Safepoint "Cleanup", Time since last: 1000293126 ns, Reaching safepoint: 139827 ns, At safepoint: 4883 ns, Total: 144710 ns
[2021-08-17T02:07:19.507+0000][6][safepoint    ] Safepoint "Cleanup", Time since last: 1000210278 ns, Reaching safepoint: 301399 ns, At safepoint: 7577 ns, Total: 308976 ns
[2021-08-17T02:07:20.508+0000][6][safepoint    ] Safepoint "Cleanup", Time since last: 1000529963 ns, Reaching safepoint: 145914 ns, At safepoint: 5348 ns, Total: 151262 ns
[2021-08-17T02:07:21.509+0000][6][safepoint    ] Safepoint "Cleanup", Time since last: 1000794512 ns, Reaching safepoint: 131620 ns, At safepoint: 4363 ns, Total: 135983 ns
[2021-08-17T02:07:22.510+0000][6][safepoint    ] Safepoint "Cleanup", Time since last: 1000839409 ns, Reaching safepoint: 232847 ns, At safepoint: 7772 ns, Total: 240619 ns
[2021-08-17T02:07:23.384+0000][6][safepoint    ] Safepoint "BulkRevokeBias", Time since last: 868282060 ns, Reaching safepoint: 5166312 ns, At safepoint: 367500 ns, Total: 5533812 ns
[2021-08-17T02:07:25.142+0000][6][safepoint    ] Safepoint "Cleanup", Time since last: 1757289856 ns, Reaching safepoint: 369914 ns, At safepoint: 9256 ns, Total: 379170 ns
[2021-08-17T02:07:25.555+0000][6][safepoint    ] Safepoint "BulkRevokeBias", Time since last: 412085216 ns, Reaching safepoint: 264543 ns, At safepoint: 618568 ns, Total: 883111 ns
[2021-08-17T02:07:26.555+0000][6][safepoint    ] Safepoint "Cleanup", Time since last: 1000500891 ns, Reaching safepoint: 204125 ns, At safepoint: 8639 ns, Total: 212764 ns
[2021-08-17T02:07:27.557+0000][6][safepoint    ] Safepoint "Cleanup", Time since last: 1001134120 ns, Reaching safepoint: 188534 ns, At safepoint: 5906 ns, Total: 194440 ns
[2021-08-17T02:07:29.488+0000][6][safepoint    ] Safepoint "Cleanup", Time since last: 1931530854 ns, Reaching safepoint: 166737 ns, At safepoint: 5305 ns, Total: 172042 ns
[2021-08-17T02:07:31.490+0000][6][safepoint    ] Safepoint "Cleanup", Time since last: 2001760075 ns, Reaching safepoint: 169423 ns, At safepoint: 5500 ns, Total: 174923 ns
[2021-08-17T02:07:32.492+0000][6][safepoint    ] Safepoint "Cleanup", Time since last: 1001219797 ns, Reaching safepoint: 147348 ns, At safepoint: 5414 ns, Total: 152762 ns
[2021-08-17T02:07:36.495+0000][6][safepoint    ] Safepoint "Cleanup", Time since last: 4003310804 ns, Reaching safepoint: 151380 ns, At safepoint: 5644 ns, Total: 157024 ns
[2021-08-17T02:07:38.500+0000][6][safepoint    ] Safepoint "Cleanup", Time since last: 2004858114 ns, Reaching safepoint: 332232 ns, At safepoint: 24043 ns, Total: 356275 ns
[2021-08-17T02:07:41.506+0000][6][safepoint    ] Safepoint "Cleanup", Time since last: 3005395411 ns, Reaching safepoint: 153188 ns, At safepoint: 5470 ns, Total: 158658 ns
[2021-08-17T02:07:43.507+0000][6][safepoint    ] Safepoint "Cleanup", Time since last: 2001005904 ns, Reaching safepoint: 109829 ns, At safepoint: 4614 ns, Total: 114443 ns
[2021-08-17T02:07:54.524+0000][6][safepoint    ] Safepoint "Cleanup", Time since last: 11017003613 ns, Reaching safepoint: 133936 ns, At safepoint: 5509 ns, Total: 139445 ns
[2021-08-17T02:07:56.527+0000][6][safepoint    ] Safepoint "Cleanup", Time since last: 2002968654 ns, Reaching safepoint: 183390 ns, At safepoint: 5806 ns, Total: 189196 ns
[2021-08-17T02:07:58.529+0000][6][safepoint    ] Safepoint "Cleanup", Time since last: 2001886122 ns, Reaching safepoint: 161221 ns, At safepoint: 5039 ns, Total: 166260 ns
[2021-08-17T02:08:00.536+0000][6][safepoint    ] Safepoint "Cleanup", Time since last: 2006528925 ns, Reaching safepoint: 441731 ns, At safepoint: 17174 ns, Total: 458905 ns
[2021-08-17T02:08:01.540+0000][6][safepoint    ] Safepoint "Cleanup", Time since last: 1003397731 ns, Reaching safepoint: 120557 ns, At safepoint: 4943 ns, Total: 125500 ns
[2021-08-17T02:08:03.545+0000][6][safepoint    ] Safepoint "Cleanup", Time since last: 2005224594 ns, Reaching safepoint: 211439 ns, At safepoint: 8105 ns, Total: 219544 ns
[2021-08-17T02:08:06.553+0000][6][safepoint    ] Safepoint "Cleanup", Time since last: 3007561897 ns, Reaching safepoint: 209876 ns, At safepoint: 8802 ns, Total: 218678 ns
[2021-08-17T02:08:08.556+0000][6][safepoint    ] Safepoint "Cleanup", Time since last: 2002444453 ns, Reaching safepoint: 147698 ns, At safepoint: 4951 ns, Total: 152649 ns
[2021-08-17T02:08:21.577+0000][6][safepoint    ] Safepoint "Cleanup", Time since last: 13020906922 ns, Reaching safepoint: 201561 ns, At safepoint: 9007 ns, Total: 210568 ns
[2021-08-17T02:08:22.581+0000][6][safepoint    ] Safepoint "Cleanup", Time since last: 1004097960 ns, Reaching safepoint: 171867 ns, At safepoint: 7453 ns, Total: 179320 ns
[2021-08-17T02:08:23.585+0000][6][safepoint    ] Safepoint "Cleanup", Time since last: 1004011063 ns, Reaching safepoint: 216032 ns, At safepoint: 9093 ns, Total: 225125 ns
[2021-08-17T02:08:25.225+0000][6][safepoint    ] Safepoint "Cleanup", Time since last: 1639467812 ns, Reaching safepoint: 418832 ns, At safepoint: 8706 ns, Total: 427538 ns
[2021-08-17T02:08:26.227+0000][6][safepoint    ] Safepoint "Cleanup", Time since last: 1001839326 ns, Reaching safepoint: 197648 ns, At safepoint: 5249 ns, Total: 202897 ns
[2021-08-17T02:08:27.230+0000][6][safepoint    ] Safepoint "Cleanup", Time since last: 1002234165 ns, Reaching safepoint: 102104 ns, At safepoint: 5352 ns, Total: 107456 ns
[2021-08-17T02:08:27.529+0000][6][gc,start     ] GC(65) Pause Young (Normal) (G1 Evacuation Pause)
[2021-08-17T02:08:27.529+0000][6][gc,task      ] GC(65) Using 4 workers of 4 for evacuation
[2021-08-17T02:08:27.529+0000][6][gc,age       ] GC(65) Desired survivor size 25165824 bytes, new threshold 15 (max threshold 15)
[2021-08-17T02:08:27.553+0000][6][gc,age       ] GC(65) Age table with threshold 15 (max threshold 15)
[2021-08-17T02:08:27.553+0000][6][gc,age       ] GC(65) - age   1:    7492616 bytes,    7492616 total
[2021-08-17T02:08:27.553+0000][6][gc,age       ] GC(65) - age   2:    9186464 bytes,   16679080 total
[2021-08-17T02:08:27.553+0000][6][gc,age       ] GC(65) - age   3:    8903576 bytes,   25582656 total
[2021-08-17T02:08:27.553+0000][6][gc,age       ] GC(65) - age   5:         48 bytes,   25582704 total
[2021-08-17T02:08:27.553+0000][6][gc,age       ] GC(65) - age   8:      46352 bytes,   25629056 total
[2021-08-17T02:08:27.553+0000][6][gc,age       ] GC(65) - age  11:      26096 bytes,   25655152 total
[2021-08-17T02:08:27.553+0000][6][gc,age       ] GC(65) - age  13:      28656 bytes,   25683808 total
[2021-08-17T02:08:27.553+0000][6][gc,phases    ] GC(65)   Pre Evacuate Collection Set: 0.3ms
[2021-08-17T02:08:27.553+0000][6][gc,phases    ] GC(65)   Merge Heap Roots: 0.5ms
[2021-08-17T02:08:27.553+0000][6][gc,phases    ] GC(65)   Evacuate Collection Set: 19.7ms
[2021-08-17T02:08:27.553+0000][6][gc,phases    ] GC(65)   Post Evacuate Collection Set: 2.8ms
[2021-08-17T02:08:27.553+0000][6][gc,phases    ] GC(65)   Other: 0.4ms
[2021-08-17T02:08:27.553+0000][6][gc,heap      ] GC(65) Eden regions: 361->0(342)
[2021-08-17T02:08:27.553+0000][6][gc,heap      ] GC(65) Survivor regions: 19->26(48)
[2021-08-17T02:08:27.553+0000][6][gc,heap      ] GC(65) Old regions: 115->115
[2021-08-17T02:08:27.553+0000][6][gc,heap      ] GC(65) Archive regions: 2->2
[2021-08-17T02:08:27.553+0000][6][gc,heap      ] GC(65) Humongous regions: 69->68
[2021-08-17T02:08:27.553+0000][6][gc,metaspace ] GC(65) Metaspace: 70599K(75088K)->70599K(75088K) NonClass: 61460K(63952K)->61460K(63952K) Class: 9139K(11136K)->9139K(11136K)
[2021-08-17T02:08:27.553+0000][6][gc           ] GC(65) Pause Young (Normal) (G1 Evacuation Pause) 562M->207M(772M) 23.694ms
[2021-08-17T02:08:27.553+0000][6][gc,cpu       ] GC(65) User=0.07s Sys=0.01s Real=0.03s
[2021-08-17T02:08:27.553+0000][6][safepoint    ] Safepoint "G1CollectForAllocation", Time since last: 299168344 ns, Reaching safepoint: 198978 ns, At safepoint: 23876793 ns, Total: 24075771 ns
[2021-08-17T02:08:27.653+0000][6][safepoint    ] Safepoint "BulkRevokeBias", Time since last: 99546167 ns, Reaching safepoint: 325246 ns, At safepoint: 256251 ns, Total: 581497 ns
[2021-08-17T02:08:28.660+0000][6][safepoint    ] Safepoint "Cleanup", Time since last: 1006460760 ns, Reaching safepoint: 635512 ns, At safepoint: 46991 ns, Total: 682503 ns
[2021-08-17T02:08:29.663+0000][6][safepoint    ] Safepoint "Cleanup", Time since last: 1002129144 ns, Reaching safepoint: 327624 ns, At safepoint: 11006 ns, Total: 338630 ns
[2021-08-17T02:08:30.663+0000][6][safepoint    ] Safepoint "Cleanup", Time since last: 1000450832 ns, Reaching safepoint: 220531 ns, At safepoint: 7601 ns, Total: 228132 ns
[2021-08-17T02:08:31.667+0000][6][safepoint    ] Safepoint "Cleanup", Time since last: 1003196836 ns, Reaching safepoint: 419167 ns, At safepoint: 11509 ns, Total: 430676 ns
[2021-08-17T02:08:32.670+0000][6][safepoint    ] Safepoint "Cleanup", Time since last: 1003047752 ns, Reaching safepoint: 419950 ns, At safepoint: 11363 ns, Total: 431313 ns
[2021-08-17T02:08:33.673+0000][6][safepoint    ] Safepoint "Cleanup", Time since last: 1002859445 ns, Reaching safepoint: 116182 ns, At safepoint: 4406 ns, Total: 120588 ns
[2021-08-17T02:08:34.677+0000][6][safepoint    ] Safepoint "Cleanup", Time since last: 1003001573 ns, Reaching safepoint: 131379 ns, At safepoint: 9002 ns, Total: 140381 ns
[2021-08-17T02:08:35.678+0000][6][safepoint    ] Safepoint "Cleanup", Time since last: 1000656975 ns, Reaching safepoint: 405396 ns, At safepoint: 13140 ns, Total: 418536 ns
[2021-08-17T02:08:36.679+0000][6][safepoint    ] Safepoint "Cleanup", Time since last: 1001507565 ns, Reaching safepoint: 196868 ns, At safepoint: 7440 ns, Total: 204308 ns
[2021-08-17T02:08:37.681+0000][6][safepoint    ] Safepoint "Cleanup", Time since last: 1001134822 ns, Reaching safepoint: 366723 ns, At safepoint: 10495 ns, Total: 377218 ns
[2021-08-17T02:08:38.685+0000][6][safepoint    ] Safepoint "Cleanup", Time since last: 1003961825 ns, Reaching safepoint: 167853 ns, At safepoint: 11483 ns, Total: 179336 ns
[2021-08-17T02:08:39.688+0000][6][safepoint    ] Safepoint "Cleanup", Time since last: 1002189770 ns, Reaching safepoint: 464817 ns, At safepoint: 5800 ns, Total: 470617 ns
[2021-08-17T02:08:40.690+0000][6][safepoint    ] Safepoint "Cleanup", Time since last: 1001197261 ns, Reaching safepoint: 133938 ns, At safepoint: 8027 ns, Total: 141965 ns
[2021-08-17T02:08:41.693+0000][6][safepoint    ] Safepoint "Cleanup", Time since last: 1003965201 ns, Reaching safepoint: 152071 ns, At safepoint: 7274 ns, Total: 159345 ns
[2021-08-17T02:08:42.695+0000][6][safepoint    ] Safepoint "Cleanup", Time since last: 1002257730 ns, Reaching safepoint: 125774 ns, At safepoint: 8291 ns, Total: 134065 ns
[2021-08-17T02:08:43.698+0000][6][safepoint    ] Safepoint "Cleanup", Time since last: 1002027468 ns, Reaching safepoint: 128292 ns, At safepoint: 5098 ns, Total: 133390 ns
[2021-08-17T02:08:44.702+0000][6][safepoint    ] Safepoint "Cleanup", Time since last: 1003736466 ns, Reaching safepoint: 406665 ns, At safepoint: 9776 ns, Total: 416441 ns
[2021-08-17T02:08:45.706+0000][6][safepoint    ] Safepoint "Cleanup", Time since last: 1004103105 ns, Reaching safepoint: 113396 ns, At safepoint: 5701 ns, Total: 119097 ns
[2021-08-17T02:08:46.708+0000][6][safepoint    ] Safepoint "Cleanup", Time since last: 1001749190 ns, Reaching safepoint: 291094 ns, At safepoint: 8876 ns, Total: 299970 ns
[2021-08-17T02:08:47.711+0000][6][safepoint    ] Safepoint "Cleanup", Time since last: 1002790026 ns, Reaching safepoint: 391336 ns, At safepoint: 9961 ns, Total: 401297 ns
[2021-08-17T02:08:48.712+0000][6][safepoint    ] Safepoint "Cleanup", Time since last: 1000246605 ns, Reaching safepoint: 155165 ns, At safepoint: 9714 ns, Total: 164879 ns
[2021-08-17T02:08:49.714+0000][6][safepoint    ] Safepoint "Cleanup", Time since last: 1002128476 ns, Reaching safepoint: 142583 ns, At safepoint: 10304 ns, Total: 152887 ns
[2021-08-17T02:08:50.716+0000][6][safepoint    ] Safepoint "Cleanup", Time since last: 1001745482 ns, Reaching safepoint: 177098 ns, At safepoint: 8141 ns, Total: 185239 ns
[2021-08-17T02:08:51.716+0000][6][safepoint    ] Safepoint "Cleanup", Time since last: 1000325503 ns, Reaching safepoint: 209119 ns, At safepoint: 7489 ns, Total: 216608 ns
[2021-08-17T02:08:52.719+0000][6][safepoint    ] Safepoint "Cleanup", Time since last: 1002478492 ns, Reaching safepoint: 101376 ns, At safepoint: 5211 ns, Total: 106587 ns
[2021-08-17T02:08:53.722+0000][6][safepoint    ] Safepoint "Cleanup", Time since last: 1003226219 ns, Reaching safepoint: 101814 ns, At safepoint: 6130 ns, Total: 107944 ns
[2021-08-17T02:08:54.726+0000][6][safepoint    ] Safepoint "Cleanup", Time since last: 1003187399 ns, Reaching safepoint: 357525 ns, At safepoint: 10354 ns, Total: 367879 ns
[2021-08-17T02:08:55.730+0000][6][safepoint    ] Safepoint "Cleanup", Time since last: 1003853220 ns, Reaching safepoint: 149629 ns, At safepoint: 6597 ns, Total: 156226 ns
[2021-08-17T02:08:56.731+0000][6][safepoint    ] Safepoint "Cleanup", Time since last: 1000531584 ns, Reaching safepoint: 448402 ns, At safepoint: 14213 ns, Total: 462615 ns
[2021-08-17T02:08:57.734+0000][6][safepoint    ] Safepoint "Cleanup", Time since last: 1003392151 ns, Reaching safepoint: 192558 ns, At safepoint: 6258 ns, Total: 198816 ns
[2021-08-17T02:08:58.738+0000][6][safepoint    ] Safepoint "Cleanup", Time since last: 1003204262 ns, Reaching safepoint: 316016 ns, At safepoint: 9296 ns, Total: 325312 ns
[2021-08-17T02:08:59.740+0000][6][safepoint    ] Safepoint "Cleanup", Time since last: 1002142993 ns, Reaching safepoint: 202561 ns, At safepoint: 7591 ns, Total: 210152 ns
[2021-08-17T02:09:00.743+0000][6][safepoint    ] Safepoint "Cleanup", Time since last: 1002701626 ns, Reaching safepoint: 290735 ns, At safepoint: 6385 ns, Total: 297120 ns
[2021-08-17T02:09:01.745+0000][6][safepoint    ] Safepoint "Cleanup", Time since last: 1001611229 ns, Reaching safepoint: 113544 ns, At safepoint: 5449 ns, Total: 118993 ns
[2021-08-17T02:09:02.747+0000][6][safepoint    ] Safepoint "Cleanup", Time since last: 1001501278 ns, Reaching safepoint: 154378 ns, At safepoint: 4513 ns, Total: 158891 ns
[2021-08-17T02:09:03.750+0000][6][safepoint    ] Safepoint "Cleanup", Time since last: 1002687788 ns, Reaching safepoint: 377752 ns, At safepoint: 10318 ns, Total: 388070 ns
[2021-08-17T02:09:04.755+0000][6][safepoint    ] Safepoint "Cleanup", Time since last: 1002624850 ns, Reaching safepoint: 3005162 ns, At safepoint: 6200 ns, Total: 3011362 ns
[2021-08-17T02:09:05.757+0000][6][safepoint    ] Safepoint "Cleanup", Time since last: 1000932169 ns, Reaching safepoint: 168975 ns, At safepoint: 10777 ns, Total: 179752 ns
[2021-08-17T02:09:06.757+0000][6][safepoint    ] Safepoint "Cleanup", Time since last: 1000810425 ns, Reaching safepoint: 111791 ns, At safepoint: 6091 ns, Total: 117882 ns
[2021-08-17T02:09:07.758+0000][6][safepoint    ] Safepoint "Cleanup", Time since last: 1000188787 ns, Reaching safepoint: 143397 ns, At safepoint: 5465 ns, Total: 148862 ns
[2021-08-17T02:09:08.760+0000][6][safepoint    ] Safepoint "Cleanup", Time since last: 1001226300 ns, Reaching safepoint: 500186 ns, At safepoint: 14056 ns, Total: 514242 ns
[2021-08-17T02:09:09.762+0000][6][safepoint    ] Safepoint "Cleanup", Time since last: 1002231498 ns, Reaching safepoint: 191914 ns, At safepoint: 47401 ns, Total: 239315 ns
[2021-08-17T02:09:10.766+0000][6][safepoint    ] Safepoint "Cleanup", Time since last: 1003340582 ns, Reaching safepoint: 213093 ns, At safepoint: 56507 ns, Total: 269600 ns
[2021-08-17T02:09:11.769+0000][6][safepoint    ] Safepoint "Cleanup", Time since last: 1002697562 ns, Reaching safepoint: 270466 ns, At safepoint: 5557 ns, Total: 276023 ns
[2021-08-17T02:09:12.772+0000][6][safepoint    ] Safepoint "Cleanup", Time since last: 1003000228 ns, Reaching safepoint: 135232 ns, At safepoint: 7928 ns, Total: 143160 ns
[2021-08-17T02:09:13.776+0000][6][safepoint    ] Safepoint "Cleanup", Time since last: 1003606304 ns, Reaching safepoint: 131733 ns, At safepoint: 8154 ns, Total: 139887 ns
[2021-08-17T02:09:14.777+0000][6][safepoint    ] Safepoint "Cleanup", Time since last: 1000879761 ns, Reaching safepoint: 282055 ns, At safepoint: 36070 ns, Total: 318125 ns
[2021-08-17T02:09:15.779+0000][6][safepoint    ] Safepoint "Cleanup", Time since last: 1001904358 ns, Reaching safepoint: 276381 ns, At safepoint: 6369 ns, Total: 282750 ns
[2021-08-17T02:09:16.783+0000][6][safepoint    ] Safepoint "Cleanup", Time since last: 1003543812 ns, Reaching safepoint: 103286 ns, At safepoint: 5734 ns, Total: 109020 ns
[2021-08-17T02:09:17.783+0000][6][safepoint    ] Safepoint "Cleanup", Time since last: 1000140051 ns, Reaching safepoint: 158530 ns, At safepoint: 5831 ns, Total: 164361 ns
[2021-08-17T02:09:18.784+0000][6][safepoint    ] Safepoint "Cleanup", Time since last: 1000329467 ns, Reaching safepoint: 384542 ns, At safepoint: 10604 ns, Total: 395146 ns
[2021-08-17T02:09:19.785+0000][6][safepoint    ] Safepoint "Cleanup", Time since last: 1000799206 ns, Reaching safepoint: 114363 ns, At safepoint: 5245 ns, Total: 119608 ns
[2021-08-17T02:09:20.785+0000][6][safepoint    ] Safepoint "Cleanup", Time since last: 1000512478 ns, Reaching safepoint: 130518 ns, At safepoint: 9432 ns, Total: 139950 ns
[2021-08-17T02:09:21.789+0000][6][safepoint    ] Safepoint "Cleanup", Time since last: 1003055648 ns, Reaching safepoint: 300984 ns, At safepoint: 46488 ns, Total: 347472 ns
[2021-08-17T02:09:22.794+0000][6][safepoint    ] Safepoint "Cleanup", Time since last: 1002327566 ns, Reaching safepoint: 3341282 ns, At safepoint: 25705 ns, Total: 3366987 ns
[2021-08-17T02:09:23.796+0000][6][safepoint    ] Safepoint "Cleanup", Time since last: 1001160481 ns, Reaching safepoint: 476779 ns, At safepoint: 12427 ns, Total: 489206 ns
[2021-08-17T02:09:24.327+0000][6][safepoint    ] Safepoint "BulkRevokeBias", Time since last: 531018358 ns, Reaching safepoint: 109188 ns, At safepoint: 283078 ns, Total: 392266 ns
[2021-08-17T02:09:25.405+0000][6][safepoint    ] Safepoint "Cleanup", Time since last: 1077373051 ns, Reaching safepoint: 211817 ns, At safepoint: 9840 ns, Total: 221657 ns
[2021-08-17T02:09:26.408+0000][6][safepoint    ] Safepoint "Cleanup", Time since last: 1002558373 ns, Reaching safepoint: 198540 ns, At safepoint: 8031 ns, Total: 206571 ns
[2021-08-17T02:09:27.409+0000][6][safepoint    ] Safepoint "Cleanup", Time since last: 1001258210 ns, Reaching safepoint: 172117 ns, At safepoint: 4999 ns, Total: 177116 ns
[2021-08-17T02:09:27.829+0000][6][safepoint    ] Safepoint "BulkRevokeBias", Time since last: 418857688 ns, Reaching safepoint: 526612 ns, At safepoint: 288899 ns, Total: 815511 ns
[2021-08-17T02:09:28.829+0000][6][safepoint    ] Safepoint "Cleanup", Time since last: 1000428990 ns, Reaching safepoint: 202048 ns, At safepoint: 7420 ns, Total: 209468 ns
[2021-08-17T02:09:29.831+0000][6][safepoint    ] Safepoint "Cleanup", Time since last: 1001637521 ns, Reaching safepoint: 157289 ns, At safepoint: 8550 ns, Total: 165839 ns
[2021-08-17T02:09:30.834+0000][6][safepoint    ] Safepoint "Cleanup", Time since last: 1002308827 ns, Reaching safepoint: 434606 ns, At safepoint: 12319 ns, Total: 446925 ns
[2021-08-17T02:09:31.837+0000][6][safepoint    ] Safepoint "Cleanup", Time since last: 1002608578 ns, Reaching safepoint: 430164 ns, At safepoint: 11040 ns, Total: 441204 ns
[2021-08-17T02:09:32.837+0000][6][safepoint    ] Safepoint "Cleanup", Time since last: 1000299434 ns, Reaching safepoint: 131176 ns, At safepoint: 5007 ns, Total: 136183 ns
[2021-08-17T02:09:33.838+0000][6][safepoint    ] Safepoint "Cleanup", Time since last: 1000554336 ns, Reaching safepoint: 224781 ns, At safepoint: 10428 ns, Total: 235209 ns
[2021-08-17T02:09:34.840+0000][6][safepoint    ] Safepoint "Cleanup", Time since last: 1001544013 ns, Reaching safepoint: 156365 ns, At safepoint: 5254 ns, Total: 161619 ns
[2021-08-17T02:09:35.842+0000][6][safepoint    ] Safepoint "Cleanup", Time since last: 1001573884 ns, Reaching safepoint: 248456 ns, At safepoint: 10820 ns, Total: 259276 ns
[2021-08-17T02:09:36.843+0000][6][safepoint    ] Safepoint "Cleanup", Time since last: 1001030765 ns, Reaching safepoint: 172803 ns, At safepoint: 7547 ns, Total: 180350 ns
[2021-08-17T02:09:37.844+0000][6][safepoint    ] Safepoint "Cleanup", Time since last: 1000807238 ns, Reaching safepoint: 305694 ns, At safepoint: 15270 ns, Total: 320964 ns
[2021-08-17T02:09:38.845+0000][6][safepoint    ] Safepoint "Cleanup", Time since last: 1000423058 ns, Reaching safepoint: 171389 ns, At safepoint: 6346 ns, Total: 177735 ns
[2021-08-17T02:09:39.848+0000][6][safepoint    ] Safepoint "Cleanup", Time since last: 1003425972 ns, Reaching safepoint: 231002 ns, At safepoint: 10872 ns, Total: 241874 ns
[2021-08-17T02:09:40.849+0000][6][safepoint    ] Safepoint "Cleanup", Time since last: 1000482447 ns, Reaching safepoint: 212447 ns, At safepoint: 9419 ns, Total: 221866 ns
[2021-08-17T02:09:41.851+0000][6][safepoint    ] Safepoint "Cleanup", Time since last: 1001871251 ns, Reaching safepoint: 160392 ns, At safepoint: 5676 ns, Total: 166068 ns
[2021-08-17T02:09:42.855+0000][6][safepoint    ] Safepoint "Cleanup", Time since last: 1003530383 ns, Reaching safepoint: 196704 ns, At safepoint: 9538 ns, Total: 206242 ns
[2021-08-17T02:09:43.857+0000][6][safepoint    ] Safepoint "Cleanup", Time since last: 1001631736 ns, Reaching safepoint: 148451 ns, At safepoint: 5011 ns, Total: 153462 ns
[2021-08-17T02:09:44.858+0000][6][safepoint    ] Safepoint "Cleanup", Time since last: 1000976233 ns, Reaching safepoint: 148689 ns, At safepoint: 4836 ns, Total: 153525 ns
[2021-08-17T02:09:45.861+0000][6][safepoint    ] Safepoint "Cleanup", Time since last: 1002885794 ns, Reaching safepoint: 138653 ns, At safepoint: 5688 ns, Total: 144341 ns
[2021-08-17T02:09:46.864+0000][6][safepoint    ] Safepoint "Cleanup", Time since last: 1002651329 ns, Reaching safepoint: 265352 ns, At safepoint: 9926 ns, Total: 275278 ns
[2021-08-17T02:09:47.866+0000][6][safepoint    ] Safepoint "Cleanup", Time since last: 1002403078 ns, Reaching safepoint: 111155 ns, At safepoint: 4252 ns, Total: 115407 ns
[2021-08-17T02:09:48.867+0000][6][safepoint    ] Safepoint "Cleanup", Time since last: 1000267910 ns, Reaching safepoint: 172389 ns, At safepoint: 6273 ns, Total: 178662 ns
[2021-08-17T02:09:49.870+0000][6][safepoint    ] Safepoint "Cleanup", Time since last: 1003053330 ns, Reaching safepoint: 201640 ns, At safepoint: 7246 ns, Total: 208886 ns
[2021-08-17T02:09:50.871+0000][6][safepoint    ] Safepoint "Cleanup", Time since last: 1001237010 ns, Reaching safepoint: 190644 ns, At safepoint: 7593 ns, Total: 198237 ns
[2021-08-17T02:09:51.875+0000][6][safepoint    ] Safepoint "Cleanup", Time since last: 1003671071 ns, Reaching safepoint: 236023 ns, At safepoint: 10811 ns, Total: 246834 ns
[2021-08-17T02:09:52.879+0000][6][safepoint    ] Safepoint "Cleanup", Time since last: 1003156860 ns, Reaching safepoint: 139084 ns, At safepoint: 5234 ns, Total: 144318 ns
[2021-08-17T02:09:53.881+0000][6][safepoint    ] Safepoint "Cleanup", Time since last: 1001843819 ns, Reaching safepoint: 179031 ns, At safepoint: 4739 ns, Total: 183770 ns
[2021-08-17T02:09:54.881+0000][6][safepoint    ] Safepoint "Cleanup", Time since last: 1000412802 ns, Reaching safepoint: 217073 ns, At safepoint: 10473 ns, Total: 227546 ns
[2021-08-17T02:09:55.884+0000][6][safepoint    ] Safepoint "Cleanup", Time since last: 1002737144 ns, Reaching safepoint: 99885 ns, At safepoint: 4384 ns, Total: 104269 ns
[2021-08-17T02:09:56.887+0000][6][safepoint    ] Safepoint "Cleanup", Time since last: 1002979439 ns, Reaching safepoint: 224394 ns, At safepoint: 10085 ns, Total: 234479 ns
[2021-08-17T02:09:57.891+0000][6][safepoint    ] Safepoint "Cleanup", Time since last: 1003063400 ns, Reaching safepoint: 140350 ns, At safepoint: 5252 ns, Total: 145602 ns
[2021-08-17T02:09:58.892+0000][6][safepoint    ] Safepoint "Cleanup", Time since last: 1001501351 ns, Reaching safepoint: 136791 ns, At safepoint: 5246 ns, Total: 142037 ns
[2021-08-17T02:09:59.894+0000][6][safepoint    ] Safepoint "Cleanup", Time since last: 1001926758 ns, Reaching safepoint: 113495 ns, At safepoint: 4720 ns, Total: 118215 ns
[2021-08-17T02:10:00.896+0000][6][safepoint    ] Safepoint "Cleanup", Time since last: 1001812789 ns, Reaching safepoint: 208926 ns, At safepoint: 8100 ns, Total: 217026 ns
[2021-08-17T02:10:01.897+0000][6][safepoint    ] Safepoint "Cleanup", Time since last: 1000235784 ns, Reaching safepoint: 135260 ns, At safepoint: 4521 ns, Total: 139781 ns
[2021-08-17T02:10:02.899+0000][6][safepoint    ] Safepoint "Cleanup", Time since last: 1001851995 ns, Reaching safepoint: 235415 ns, At safepoint: 9621 ns, Total: 245036 ns
[2021-08-17T02:10:03.902+0000][6][safepoint    ] Safepoint "Cleanup", Time since last: 1003099846 ns, Reaching safepoint: 211244 ns, At safepoint: 9483 ns, Total: 220727 ns
[2021-08-17T02:10:04.904+0000][6][safepoint    ] Safepoint "Cleanup", Time since last: 1001737719 ns, Reaching safepoint: 187057 ns, At safepoint: 6608 ns, Total: 193665 ns
[2021-08-17T02:10:05.906+0000][6][safepoint    ] Safepoint "Cleanup", Time since last: 1001932202 ns, Reaching safepoint: 221116 ns, At safepoint: 7613 ns, Total: 228729 ns
[2021-08-17T02:10:06.908+0000][6][safepoint    ] Safepoint "Cleanup", Time since last: 1001654840 ns, Reaching safepoint: 154700 ns, At safepoint: 5646 ns, Total: 160346 ns
[2021-08-17T02:10:07.909+0000][6][safepoint    ] Safepoint "Cleanup", Time since last: 1000689864 ns, Reaching safepoint: 218176 ns, At safepoint: 9694 ns, Total: 227870 ns
[2021-08-17T02:10:08.911+0000][6][safepoint    ] Safepoint "Cleanup", Time since last: 1002421829 ns, Reaching safepoint: 141386 ns, At safepoint: 4865 ns, Total: 146251 ns
[2021-08-17T02:10:09.915+0000][6][safepoint    ] Safepoint "Cleanup", Time since last: 1002884075 ns, Reaching safepoint: 252429 ns, At safepoint: 10438 ns, Total: 262867 ns
[2021-08-17T02:10:10.916+0000][6][safepoint    ] Safepoint "Cleanup", Time since last: 1000841007 ns, Reaching safepoint: 201139 ns, At safepoint: 8339 ns, Total: 209478 ns
[2021-08-17T02:10:11.918+0000][6][safepoint    ] Safepoint "Cleanup", Time since last: 1001934312 ns, Reaching safepoint: 221107 ns, At safepoint: 7330 ns, Total: 228437 ns
[2021-08-17T02:10:12.922+0000][6][safepoint    ] Safepoint "Cleanup", Time since last: 1004213812 ns, Reaching safepoint: 217313 ns, At safepoint: 9972 ns, Total: 227285 ns
[2021-08-17T02:10:13.925+0000][6][safepoint    ] Safepoint "Cleanup", Time since last: 1002349959 ns, Reaching safepoint: 240131 ns, At safepoint: 11294 ns, Total: 251425 ns
[2021-08-17T02:10:14.927+0000][6][safepoint    ] Safepoint "Cleanup", Time since last: 1001861626 ns, Reaching safepoint: 142602 ns, At safepoint: 5503 ns, Total: 148105 ns
[2021-08-17T02:10:15.927+0000][6][safepoint    ] Safepoint "Cleanup", Time since last: 1000298447 ns, Reaching safepoint: 274339 ns, At safepoint: 5590 ns, Total: 279929 ns
[2021-08-17T02:10:16.930+0000][6][safepoint    ] Safepoint "Cleanup", Time since last: 1002518608 ns, Reaching safepoint: 103951 ns, At safepoint: 4396 ns, Total: 108347 ns
[2021-08-17T02:10:17.934+0000][6][safepoint    ] Safepoint "Cleanup", Time since last: 1003174037 ns, Reaching safepoint: 332713 ns, At safepoint: 10004 ns, Total: 342717 ns
[2021-08-17T02:10:18.935+0000][6][safepoint    ] Safepoint "Cleanup", Time since last: 1001128754 ns, Reaching safepoint: 203107 ns, At safepoint: 7960 ns, Total: 211067 ns
[2021-08-17T02:10:19.937+0000][6][safepoint    ] Safepoint "Cleanup", Time since last: 1001448181 ns, Reaching safepoint: 140853 ns, At safepoint: 32401 ns, Total: 173254 ns
[2021-08-17T02:10:20.939+0000][6][safepoint    ] Safepoint "Cleanup", Time since last: 1002777672 ns, Reaching safepoint: 145269 ns, At safepoint: 5739 ns, Total: 151008 ns
[2021-08-17T02:10:21.943+0000][6][safepoint    ] Safepoint "Cleanup", Time since last: 1002968183 ns, Reaching safepoint: 106468 ns, At safepoint: 4531 ns, Total: 110999 ns
[2021-08-17T02:10:22.945+0000][6][safepoint    ] Safepoint "Cleanup", Time since last: 1002596208 ns, Reaching safepoint: 140413 ns, At safepoint: 5002 ns, Total: 145415 ns
[2021-08-17T02:10:23.947+0000][6][safepoint    ] Safepoint "Cleanup", Time since last: 1001660420 ns, Reaching safepoint: 206052 ns, At safepoint: 10091 ns, Total: 216143 ns
[2021-08-17T02:10:24.461+0000][6][safepoint    ] Safepoint "BulkRevokeBias", Time since last: 513224397 ns, Reaching safepoint: 244078 ns, At safepoint: 556174 ns, Total: 800252 ns
[2021-08-17T02:10:25.496+0000][6][safepoint    ] Safepoint "Cleanup", Time since last: 1034946675 ns, Reaching safepoint: 164895 ns, At safepoint: 6606 ns, Total: 171501 ns
[2021-08-17T02:10:26.497+0000][6][safepoint    ] Safepoint "Cleanup", Time since last: 1000417257 ns, Reaching safepoint: 290206 ns, At safepoint: 10198 ns, Total: 300404 ns
[2021-08-17T02:10:27.499+0000][6][safepoint    ] Safepoint "Cleanup", Time since last: 1002081516 ns, Reaching safepoint: 144176 ns, At safepoint: 5604 ns, Total: 149780 ns
[2021-08-17T02:10:28.973+0000][6][safepoint    ] Safepoint "Cleanup", Time since last: 1473192146 ns, Reaching safepoint: 181427 ns, At safepoint: 7210 ns, Total: 188637 ns
[2021-08-17T02:10:29.976+0000][6][safepoint    ] Safepoint "Cleanup", Time since last: 1003301396 ns, Reaching safepoint: 159761 ns, At safepoint: 5279 ns, Total: 165040 ns
[2021-08-17T02:10:30.977+0000][6][safepoint    ] Safepoint "Cleanup", Time since last: 1000293042 ns, Reaching safepoint: 202767 ns, At safepoint: 8039 ns, Total: 210806 ns
[2021-08-17T02:10:31.978+0000][6][safepoint    ] Safepoint "Cleanup", Time since last: 1000878383 ns, Reaching safepoint: 195896 ns, At safepoint: 7470 ns, Total: 203366 ns
[2021-08-17T02:10:32.980+0000][6][safepoint    ] Safepoint "Cleanup", Time since last: 1001862324 ns, Reaching safepoint: 224483 ns, At safepoint: 9957 ns, Total: 234440 ns
[2021-08-17T02:10:33.981+0000][6][safepoint    ] Safepoint "Cleanup", Time since last: 1001305792 ns, Reaching safepoint: 216544 ns, At safepoint: 7834 ns, Total: 224378 ns
[2021-08-17T02:10:34.984+0000][6][safepoint    ] Safepoint "Cleanup", Time since last: 1002265994 ns, Reaching safepoint: 171857 ns, At safepoint: 7957 ns, Total: 179814 ns
[2021-08-17T02:10:35.985+0000][6][safepoint    ] Safepoint "Cleanup", Time since last: 1001256619 ns, Reaching safepoint: 206670 ns, At safepoint: 8239 ns, Total: 214909 ns
[2021-08-17T02:10:36.986+0000][6][safepoint    ] Safepoint "Cleanup", Time since last: 1000541830 ns, Reaching safepoint: 353419 ns, At safepoint: 23740 ns, Total: 377159 ns
[2021-08-17T02:10:37.988+0000][6][safepoint    ] Safepoint "Cleanup", Time since last: 1001340248 ns, Reaching safepoint: 138360 ns, At safepoint: 6210 ns, Total: 144570 ns
[2021-08-17T02:10:38.990+0000][6][safepoint    ] Safepoint "Cleanup", Time since last: 1002166767 ns, Reaching safepoint: 128282 ns, At safepoint: 7101 ns, Total: 135383 ns
[2021-08-17T02:10:39.993+0000][6][safepoint    ] Safepoint "Cleanup", Time since last: 1003026084 ns, Reaching safepoint: 101346 ns, At safepoint: 5918 ns, Total: 107264 ns
[2021-08-17T02:10:40.994+0000][6][safepoint    ] Safepoint "Cleanup", Time since last: 1000970893 ns, Reaching safepoint: 268429 ns, At safepoint: 6439 ns, Total: 274868 ns
[2021-08-17T02:10:41.997+0000][6][safepoint    ] Safepoint "Cleanup", Time since last: 1002026312 ns, Reaching safepoint: 229958 ns, At safepoint: 21091 ns, Total: 251049 ns
[2021-08-17T02:10:42.997+0000][6][safepoint    ] Safepoint "Cleanup", Time since last: 1000483013 ns, Reaching safepoint: 185124 ns, At safepoint: 7309 ns, Total: 192433 ns
[2021-08-17T02:10:43.998+0000][6][safepoint    ] Safepoint "Cleanup", Time since last: 1000320174 ns, Reaching safepoint: 182472 ns, At safepoint: 4451 ns, Total: 186923 ns
[2021-08-17T02:10:44.999+0000][6][safepoint    ] Safepoint "Cleanup", Time since last: 1001250201 ns, Reaching safepoint: 153359 ns, At safepoint: 5854 ns, Total: 159213 ns
[2021-08-17T02:10:46.000+0000][6][safepoint    ] Safepoint "Cleanup", Time since last: 1000472736 ns, Reaching safepoint: 156292 ns, At safepoint: 7890 ns, Total: 164182 ns
[2021-08-17T02:10:46.182+0000][6][safepoint    ] Safepoint "BulkRevokeBias", Time since last: 182108364 ns, Reaching safepoint: 147780 ns, At safepoint: 250925 ns, Total: 398705 ns
[2021-08-17T02:10:46.309+0000][6][safepoint    ] Safepoint "BulkRevokeBias", Time since last: 126640237 ns, Reaching safepoint: 181097 ns, At safepoint: 302102 ns, Total: 483199 ns
[2021-08-17T02:10:46.364+0000][6][gc,heap,exit ] Heap
[2021-08-17T02:10:46.364+0000][6][gc,heap,exit ]  garbage-first heap   total 790528K, used 266152K [0x00000000c0000000, 0x0000000100000000)
[2021-08-17T02:10:46.364+0000][6][gc,heap,exit ]   region size 1024K, 80 young (81920K), 26 survivors (26624K)
[2021-08-17T02:10:46.364+0000][6][gc,heap,exit ]  Metaspace       used 71104K, capacity 75543K, committed 75600K, reserved 1114112K
[2021-08-17T02:10:46.364+0000][6][gc,heap,exit ]   class space    used 9168K, capacity 11131K, committed 11136K, reserved 1048576K
