[2021-08-17T06:00:09.692+0000][6][gc,heap] Heap region size: 1M
[2021-08-17T06:00:09.692+0000][6][gc,heap,coops] Heap address: 0x00000000c0000000, size: 1024 MB, Compressed Oops mode: 32-bit
[2021-08-17T06:00:09.805+0000][6][gc           ] Using G1
[2021-08-17T06:00:09.805+0000][6][gc,cds       ] Mark closed archive regions in map: [0x00000000fff00000, 0x00000000fff7eff8]
[2021-08-17T06:00:09.805+0000][6][gc,cds       ] Mark open archive regions in map: [0x00000000ffe00000, 0x00000000ffe51ff8]
[2021-08-17T06:00:09.820+0000][6][gc           ] Periodic GC disabled
[2021-08-17T06:00:10.108+0000][6][gc,start     ] GC(0) Pause Young (Normal) (G1 Evacuation Pause)
[2021-08-17T06:00:10.109+0000][6][gc,task      ] GC(0) Using 4 workers of 4 for evacuation
[2021-08-17T06:00:10.109+0000][6][gc,age       ] GC(0) Desired survivor size 1048576 bytes, new threshold 15 (max threshold 15)
[2021-08-17T06:00:10.112+0000][6][gc,age       ] GC(0) Age table with threshold 15 (max threshold 15)
[2021-08-17T06:00:10.112+0000][6][gc,age       ] GC(0) - age   1:    2052936 bytes,    2052936 total
[2021-08-17T06:00:10.112+0000][6][gc,phases    ] GC(0)   Pre Evacuate Collection Set: 0.1ms
[2021-08-17T06:00:10.112+0000][6][gc,phases    ] GC(0)   Merge Heap Roots: 0.1ms
[2021-08-17T06:00:10.112+0000][6][gc,phases    ] GC(0)   Evacuate Collection Set: 1.7ms
[2021-08-17T06:00:10.112+0000][6][gc,phases    ] GC(0)   Post Evacuate Collection Set: 0.5ms
[2021-08-17T06:00:10.112+0000][6][gc,phases    ] GC(0)   Other: 0.8ms
[2021-08-17T06:00:10.112+0000][6][gc,heap      ] GC(0) Eden regions: 13->0(17)
[2021-08-17T06:00:10.112+0000][6][gc,heap      ] GC(0) Survivor regions: 0->2(2)
[2021-08-17T06:00:10.112+0000][6][gc,heap      ] GC(0) Old regions: 0->1
[2021-08-17T06:00:10.112+0000][6][gc,heap      ] GC(0) Archive regions: 2->2
[2021-08-17T06:00:10.112+0000][6][gc,heap      ] GC(0) Humongous regions: 1->1
[2021-08-17T06:00:10.112+0000][6][gc,metaspace ] GC(0) Metaspace: 3472K(6656K)->3472K(6656K) NonClass: 3112K(5888K)->3112K(5888K) Class: 360K(768K)->360K(768K)
[2021-08-17T06:00:10.112+0000][6][gc           ] GC(0) Pause Young (Normal) (G1 Evacuation Pause) 14M->3M(258M) 3.240ms
[2021-08-17T06:00:10.112+0000][6][gc,cpu       ] GC(0) User=0.00s Sys=0.00s Real=0.00s
[2021-08-17T06:00:10.112+0000][6][safepoint    ] Safepoint "G1CollectForAllocation", Time since last: 295112950 ns, Reaching safepoint: 168337 ns, At safepoint: 3305406 ns, Total: 3473743 ns
[2021-08-17T06:00:10.588+0000][6][gc,start     ] GC(1) Pause Young (Normal) (G1 Evacuation Pause)
[2021-08-17T06:00:10.588+0000][6][gc,task      ] GC(1) Using 4 workers of 4 for evacuation
[2021-08-17T06:00:10.588+0000][6][gc,age       ] GC(1) Desired survivor size 1572864 bytes, new threshold 1 (max threshold 15)
[2021-08-17T06:00:10.602+0000][6][gc,age       ] GC(1) Age table with threshold 1 (max threshold 15)
[2021-08-17T06:00:10.602+0000][6][gc,age       ] GC(1) - age   1:    1216296 bytes,    1216296 total
[2021-08-17T06:00:10.602+0000][6][gc,phases    ] GC(1)   Pre Evacuate Collection Set: 0.1ms
[2021-08-17T06:00:10.602+0000][6][gc,phases    ] GC(1)   Merge Heap Roots: 0.0ms
[2021-08-17T06:00:10.602+0000][6][gc,phases    ] GC(1)   Evacuate Collection Set: 9.2ms
[2021-08-17T06:00:10.602+0000][6][gc,phases    ] GC(1)   Post Evacuate Collection Set: 4.0ms
[2021-08-17T06:00:10.602+0000][6][gc,phases    ] GC(1)   Other: 0.1ms
[2021-08-17T06:00:10.602+0000][6][gc,heap      ] GC(1) Eden regions: 17->0(49)
[2021-08-17T06:00:10.602+0000][6][gc,heap      ] GC(1) Survivor regions: 2->2(3)
[2021-08-17T06:00:10.602+0000][6][gc,heap      ] GC(1) Old regions: 1->3
[2021-08-17T06:00:10.602+0000][6][gc,heap      ] GC(1) Archive regions: 2->2
[2021-08-17T06:00:10.602+0000][6][gc,heap      ] GC(1) Humongous regions: 1->1
[2021-08-17T06:00:10.602+0000][6][gc,metaspace ] GC(1) Metaspace: 8210K(9600K)->8210K(9600K) NonClass: 7252K(8448K)->7252K(8448K) Class: 957K(1152K)->957K(1152K)
[2021-08-17T06:00:10.602+0000][6][gc           ] GC(1) Pause Young (Normal) (G1 Evacuation Pause) 20M->5M(258M) 13.503ms
[2021-08-17T06:00:10.602+0000][6][gc,cpu       ] GC(1) User=0.02s Sys=0.00s Real=0.01s
[2021-08-17T06:00:10.602+0000][6][safepoint    ] Safepoint "G1CollectForAllocation", Time since last: 476467945 ns, Reaching safepoint: 130715 ns, At safepoint: 13579945 ns, Total: 13710660 ns
[2021-08-17T06:00:11.579+0000][6][safepoint    ] Safepoint "ICBufferFull", Time since last: 976730410 ns, Reaching safepoint: 165919 ns, At safepoint: 86446 ns, Total: 252365 ns
[2021-08-17T06:00:11.649+0000][6][gc,start     ] GC(2) Pause Young (Normal) (G1 Evacuation Pause)
[2021-08-17T06:00:11.649+0000][6][gc,task      ] GC(2) Using 4 workers of 4 for evacuation
[2021-08-17T06:00:11.649+0000][6][gc,age       ] GC(2) Desired survivor size 3670016 bytes, new threshold 15 (max threshold 15)
[2021-08-17T06:00:11.659+0000][6][gc,age       ] GC(2) Age table with threshold 15 (max threshold 15)
[2021-08-17T06:00:11.659+0000][6][gc,age       ] GC(2) - age   1:    3551184 bytes,    3551184 total
[2021-08-17T06:00:11.659+0000][6][gc,age       ] GC(2) - age   2:    1177360 bytes,    4728544 total
[2021-08-17T06:00:11.659+0000][6][gc,phases    ] GC(2)   Pre Evacuate Collection Set: 0.1ms
[2021-08-17T06:00:11.659+0000][6][gc,phases    ] GC(2)   Merge Heap Roots: 0.1ms
[2021-08-17T06:00:11.659+0000][6][gc,phases    ] GC(2)   Evacuate Collection Set: 7.8ms
[2021-08-17T06:00:11.659+0000][6][gc,phases    ] GC(2)   Post Evacuate Collection Set: 1.8ms
[2021-08-17T06:00:11.659+0000][6][gc,phases    ] GC(2)   Other: 0.1ms
[2021-08-17T06:00:11.659+0000][6][gc,heap      ] GC(2) Eden regions: 49->0(148)
[2021-08-17T06:00:11.659+0000][6][gc,heap      ] GC(2) Survivor regions: 2->5(7)
[2021-08-17T06:00:11.659+0000][6][gc,heap      ] GC(2) Old regions: 3->3
[2021-08-17T06:00:11.659+0000][6][gc,heap      ] GC(2) Archive regions: 2->2
[2021-08-17T06:00:11.659+0000][6][gc,heap      ] GC(2) Humongous regions: 1->1
[2021-08-17T06:00:11.659+0000][6][gc,metaspace ] GC(2) Metaspace: 14008K(14848K)->14008K(14848K) NonClass: 12298K(12800K)->12298K(12800K) Class: 1709K(2048K)->1709K(2048K)
[2021-08-17T06:00:11.659+0000][6][gc           ] GC(2) Pause Young (Normal) (G1 Evacuation Pause) 54M->8M(258M) 9.944ms
[2021-08-17T06:00:11.659+0000][6][gc,cpu       ] GC(2) User=0.02s Sys=0.00s Real=0.01s
[2021-08-17T06:00:11.659+0000][6][safepoint    ] Safepoint "G1CollectForAllocation", Time since last: 70415183 ns, Reaching safepoint: 67337 ns, At safepoint: 10030256 ns, Total: 10097593 ns
[2021-08-17T06:00:11.663+0000][6][safepoint    ] Safepoint "BulkRevokeBias", Time since last: 2875079 ns, Reaching safepoint: 422269 ns, At safepoint: 43801 ns, Total: 466070 ns
[2021-08-17T06:00:12.196+0000][6][gc,start     ] GC(3) Pause Young (Normal) (G1 Evacuation Pause)
[2021-08-17T06:00:12.196+0000][6][gc,task      ] GC(3) Using 4 workers of 4 for evacuation
[2021-08-17T06:00:12.196+0000][6][gc,age       ] GC(3) Desired survivor size 10485760 bytes, new threshold 15 (max threshold 15)
[2021-08-17T06:00:12.204+0000][6][gc,age       ] GC(3) Age table with threshold 15 (max threshold 15)
[2021-08-17T06:00:12.204+0000][6][gc,age       ] GC(3) - age   1:    3086960 bytes,    3086960 total
[2021-08-17T06:00:12.204+0000][6][gc,age       ] GC(3) - age   2:    1823096 bytes,    4910056 total
[2021-08-17T06:00:12.204+0000][6][gc,age       ] GC(3) - age   3:    1173680 bytes,    6083736 total
[2021-08-17T06:00:12.205+0000][6][gc,phases    ] GC(3)   Pre Evacuate Collection Set: 0.1ms
[2021-08-17T06:00:12.205+0000][6][gc,phases    ] GC(3)   Merge Heap Roots: 0.0ms
[2021-08-17T06:00:12.205+0000][6][gc,phases    ] GC(3)   Evacuate Collection Set: 7.3ms
[2021-08-17T06:00:12.205+0000][6][gc,phases    ] GC(3)   Post Evacuate Collection Set: 0.8ms
[2021-08-17T06:00:12.205+0000][6][gc,phases    ] GC(3)   Other: 0.2ms
[2021-08-17T06:00:12.205+0000][6][gc,heap      ] GC(3) Eden regions: 148->0(146)
[2021-08-17T06:00:12.205+0000][6][gc,heap      ] GC(3) Survivor regions: 5->7(20)
[2021-08-17T06:00:12.205+0000][6][gc,heap      ] GC(3) Old regions: 3->3
[2021-08-17T06:00:12.205+0000][6][gc,heap      ] GC(3) Archive regions: 2->2
[2021-08-17T06:00:12.205+0000][6][gc,heap      ] GC(3) Humongous regions: 2->1
[2021-08-17T06:00:12.205+0000][6][gc,metaspace ] GC(3) Metaspace: 16178K(17152K)->16178K(17152K) NonClass: 14176K(14848K)->14176K(14848K) Class: 2002K(2304K)->2002K(2304K)
[2021-08-17T06:00:12.205+0000][6][gc           ] GC(3) Pause Young (Normal) (G1 Evacuation Pause) 157M->10M(258M) 8.404ms
[2021-08-17T06:00:12.205+0000][6][gc,cpu       ] GC(3) User=0.01s Sys=0.00s Real=0.01s
[2021-08-17T06:00:12.205+0000][6][safepoint    ] Safepoint "G1CollectForAllocation", Time since last: 533242560 ns, Reaching safepoint: 190851 ns, At safepoint: 8457925 ns, Total: 8648776 ns
[2021-08-17T06:00:12.208+0000][6][safepoint    ] Safepoint "BulkRevokeBias", Time since last: 3058221 ns, Reaching safepoint: 343499 ns, At safepoint: 32024 ns, Total: 375523 ns
[2021-08-17T06:00:12.208+0000][6][safepoint    ] Safepoint "BulkRevokeBias", Time since last: 85442 ns, Reaching safepoint: 276184 ns, At safepoint: 53330 ns, Total: 329514 ns
[2021-08-17T06:00:12.677+0000][6][gc,start     ] GC(4) Pause Young (Normal) (G1 Evacuation Pause)
[2021-08-17T06:00:12.677+0000][6][gc,task      ] GC(4) Using 4 workers of 4 for evacuation
[2021-08-17T06:00:12.677+0000][6][gc,age       ] GC(4) Desired survivor size 10485760 bytes, new threshold 15 (max threshold 15)
[2021-08-17T06:00:12.688+0000][6][gc,age       ] GC(4) Age table with threshold 15 (max threshold 15)
[2021-08-17T06:00:12.688+0000][6][gc,age       ] GC(4) - age   1:    2956632 bytes,    2956632 total
[2021-08-17T06:00:12.688+0000][6][gc,age       ] GC(4) - age   2:    2140464 bytes,    5097096 total
[2021-08-17T06:00:12.688+0000][6][gc,age       ] GC(4) - age   3:    1822640 bytes,    6919736 total
[2021-08-17T06:00:12.688+0000][6][gc,age       ] GC(4) - age   4:    1173680 bytes,    8093416 total
[2021-08-17T06:00:12.688+0000][6][gc,phases    ] GC(4)   Pre Evacuate Collection Set: 0.1ms
[2021-08-17T06:00:12.688+0000][6][gc,phases    ] GC(4)   Merge Heap Roots: 0.0ms
[2021-08-17T06:00:12.688+0000][6][gc,phases    ] GC(4)   Evacuate Collection Set: 9.8ms
[2021-08-17T06:00:12.688+0000][6][gc,phases    ] GC(4)   Post Evacuate Collection Set: 1.1ms
[2021-08-17T06:00:12.688+0000][6][gc,phases    ] GC(4)   Other: 0.2ms
[2021-08-17T06:00:12.688+0000][6][gc,heap      ] GC(4) Eden regions: 146->0(145)
[2021-08-17T06:00:12.688+0000][6][gc,heap      ] GC(4) Survivor regions: 7->8(20)
[2021-08-17T06:00:12.688+0000][6][gc,heap      ] GC(4) Old regions: 3->3
[2021-08-17T06:00:12.688+0000][6][gc,heap      ] GC(4) Archive regions: 2->2
[2021-08-17T06:00:12.688+0000][6][gc,heap      ] GC(4) Humongous regions: 1->1
[2021-08-17T06:00:12.688+0000][6][gc,metaspace ] GC(4) Metaspace: 17692K(18688K)->17692K(18688K) NonClass: 15545K(16128K)->15545K(16128K) Class: 2147K(2560K)->2147K(2560K)
[2021-08-17T06:00:12.688+0000][6][gc           ] GC(4) Pause Young (Normal) (G1 Evacuation Pause) 156M->11M(258M) 11.230ms
[2021-08-17T06:00:12.688+0000][6][gc,cpu       ] GC(4) User=0.02s Sys=0.00s Real=0.01s
[2021-08-17T06:00:12.688+0000][6][safepoint    ] Safepoint "G1CollectForAllocation", Time since last: 464710764 ns, Reaching safepoint: 3774828 ns, At safepoint: 11287061 ns, Total: 15061889 ns
[2021-08-17T06:00:12.697+0000][6][safepoint    ] Safepoint "BulkRevokeBias", Time since last: 8056551 ns, Reaching safepoint: 492417 ns, At safepoint: 107734 ns, Total: 600151 ns
[2021-08-17T06:00:12.926+0000][6][gc,start     ] GC(5) Pause Young (Concurrent Start) (Metadata GC Threshold)
[2021-08-17T06:00:12.926+0000][6][gc,task      ] GC(5) Using 4 workers of 4 for evacuation
[2021-08-17T06:00:12.926+0000][6][gc,age       ] GC(5) Desired survivor size 10485760 bytes, new threshold 15 (max threshold 15)
[2021-08-17T06:00:12.941+0000][6][gc,age       ] GC(5) Age table with threshold 15 (max threshold 15)
[2021-08-17T06:00:12.941+0000][6][gc,age       ] GC(5) - age   1:     438096 bytes,     438096 total
[2021-08-17T06:00:12.941+0000][6][gc,age       ] GC(5) - age   2:    2608544 bytes,    3046640 total
[2021-08-17T06:00:12.941+0000][6][gc,age       ] GC(5) - age   3:    2136864 bytes,    5183504 total
[2021-08-17T06:00:12.941+0000][6][gc,age       ] GC(5) - age   4:    1813864 bytes,    6997368 total
[2021-08-17T06:00:12.941+0000][6][gc,age       ] GC(5) - age   5:    1171720 bytes,    8169088 total
[2021-08-17T06:00:12.941+0000][6][gc,phases    ] GC(5)   Pre Evacuate Collection Set: 0.1ms
[2021-08-17T06:00:12.941+0000][6][gc,phases    ] GC(5)   Merge Heap Roots: 0.0ms
[2021-08-17T06:00:12.941+0000][6][gc,phases    ] GC(5)   Evacuate Collection Set: 12.3ms
[2021-08-17T06:00:12.941+0000][6][gc,phases    ] GC(5)   Post Evacuate Collection Set: 2.3ms
[2021-08-17T06:00:12.941+0000][6][gc,phases    ] GC(5)   Other: 0.2ms
[2021-08-17T06:00:12.941+0000][6][gc,heap      ] GC(5) Eden regions: 24->0(144)
[2021-08-17T06:00:12.941+0000][6][gc,heap      ] GC(5) Survivor regions: 8->9(20)
[2021-08-17T06:00:12.941+0000][6][gc,heap      ] GC(5) Old regions: 3->3
[2021-08-17T06:00:12.941+0000][6][gc,heap      ] GC(5) Archive regions: 2->2
[2021-08-17T06:00:12.941+0000][6][gc,heap      ] GC(5) Humongous regions: 1->1
[2021-08-17T06:00:12.941+0000][6][gc,metaspace ] GC(5) Metaspace: 20126K(21248K)->20126K(21248K) NonClass: 17688K(18432K)->17688K(18432K) Class: 2438K(2816K)->2438K(2816K)
[2021-08-17T06:00:12.941+0000][6][gc           ] GC(5) Pause Young (Concurrent Start) (Metadata GC Threshold) 35M->12M(258M) 14.987ms
[2021-08-17T06:00:12.941+0000][6][gc,cpu       ] GC(5) User=0.03s Sys=0.00s Real=0.02s
[2021-08-17T06:00:12.941+0000][6][safepoint    ] Safepoint "CollectForMetadataAllocation", Time since last: 229013866 ns, Reaching safepoint: 146863 ns, At safepoint: 15106370 ns, Total: 15253233 ns
[2021-08-17T06:00:12.941+0000][6][gc           ] GC(6) Concurrent Cycle
[2021-08-17T06:00:12.941+0000][6][gc,marking   ] GC(6) Concurrent Clear Claimed Marks
[2021-08-17T06:00:12.941+0000][6][gc,marking   ] GC(6) Concurrent Clear Claimed Marks 0.061ms
[2021-08-17T06:00:12.941+0000][6][gc,marking   ] GC(6) Concurrent Scan Root Regions
[2021-08-17T06:00:12.945+0000][6][gc,marking   ] GC(6) Concurrent Scan Root Regions 3.772ms
[2021-08-17T06:00:12.945+0000][6][gc,marking   ] GC(6) Concurrent Mark (3.265s)
[2021-08-17T06:00:12.945+0000][6][gc,marking   ] GC(6) Concurrent Mark From Roots
[2021-08-17T06:00:12.945+0000][6][gc,task      ] GC(6) Using 1 workers of 1 for marking
[2021-08-17T06:00:12.945+0000][6][safepoint    ] Safepoint "BulkRevokeBias", Time since last: 3974384 ns, Reaching safepoint: 171979 ns, At safepoint: 41615 ns, Total: 213594 ns
[2021-08-17T06:00:12.949+0000][6][gc,marking   ] GC(6) Concurrent Mark From Roots 3.547ms
[2021-08-17T06:00:12.949+0000][6][gc,marking   ] GC(6) Concurrent Preclean
[2021-08-17T06:00:12.949+0000][6][gc,marking   ] GC(6) Concurrent Preclean 0.135ms
[2021-08-17T06:00:12.949+0000][6][gc,marking   ] GC(6) Concurrent Mark (3.265s, 3.268s) 3.724ms
[2021-08-17T06:00:12.949+0000][6][gc,start     ] GC(6) Pause Remark
[2021-08-17T06:00:12.958+0000][6][gc           ] GC(6) Pause Remark 12M->12M(256M) 8.834ms
[2021-08-17T06:00:12.958+0000][6][gc,cpu       ] GC(6) User=0.00s Sys=0.00s Real=0.01s
[2021-08-17T06:00:12.958+0000][6][safepoint    ] Safepoint "BulkRevokeBias", Time since last: 3518458 ns, Reaching safepoint: 192167 ns, At safepoint: 8968909 ns, Total: 9161076 ns
[2021-08-17T06:00:12.959+0000][6][gc,marking   ] GC(6) Concurrent Rebuild Remembered Sets
[2021-08-17T06:00:12.979+0000][6][gc,marking   ] GC(6) Concurrent Rebuild Remembered Sets 19.875ms
[2021-08-17T06:00:12.996+0000][6][gc,start     ] GC(6) Pause Cleanup
[2021-08-17T06:00:12.996+0000][6][gc           ] GC(6) Pause Cleanup 12M->12M(256M) 0.470ms
[2021-08-17T06:00:12.996+0000][6][gc,cpu       ] GC(6) User=0.00s Sys=0.00s Real=0.00s
[2021-08-17T06:00:12.996+0000][6][safepoint    ] Safepoint "G1Concurrent", Time since last: 20934331 ns, Reaching safepoint: 16529852 ns, At safepoint: 520647 ns, Total: 17050499 ns
[2021-08-17T06:00:12.996+0000][6][gc,marking   ] GC(6) Concurrent Cleanup for Next Mark
[2021-08-17T06:00:12.996+0000][6][gc,marking   ] GC(6) Concurrent Cleanup for Next Mark 0.377ms
[2021-08-17T06:00:12.996+0000][6][gc           ] GC(6) Concurrent Cycle 55.221ms
[2021-08-17T06:00:14.197+0000][6][safepoint    ] Safepoint "ICBufferFull", Time since last: 1199663272 ns, Reaching safepoint: 1303433 ns, At safepoint: 26681 ns, Total: 1330114 ns
[2021-08-17T06:00:14.984+0000][6][gc,start     ] GC(7) Pause Young (Normal) (G1 Evacuation Pause)
[2021-08-17T06:00:14.984+0000][6][gc,task      ] GC(7) Using 4 workers of 4 for evacuation
[2021-08-17T06:00:14.984+0000][6][gc,age       ] GC(7) Desired survivor size 10485760 bytes, new threshold 15 (max threshold 15)
[2021-08-17T06:00:15.025+0000][6][gc,age       ] GC(7) Age table with threshold 15 (max threshold 15)
[2021-08-17T06:00:15.025+0000][6][gc,age       ] GC(7) - age   1:   12774216 bytes,   12774216 total
[2021-08-17T06:00:15.025+0000][6][gc,age       ] GC(7) - age   2:     409528 bytes,   13183744 total
[2021-08-17T06:00:15.025+0000][6][gc,age       ] GC(7) - age   3:    2601160 bytes,   15784904 total
[2021-08-17T06:00:15.025+0000][6][gc,age       ] GC(7) - age   4:    2133280 bytes,   17918184 total
[2021-08-17T06:00:15.025+0000][6][gc,age       ] GC(7) - age   5:    1780416 bytes,   19698600 total
[2021-08-17T06:00:15.025+0000][6][gc,age       ] GC(7) - age   6:    1148184 bytes,   20846784 total
[2021-08-17T06:00:15.025+0000][6][gc,phases    ] GC(7)   Pre Evacuate Collection Set: 0.1ms
[2021-08-17T06:00:15.025+0000][6][gc,phases    ] GC(7)   Merge Heap Roots: 0.0ms
[2021-08-17T06:00:15.025+0000][6][gc,phases    ] GC(7)   Evacuate Collection Set: 36.3ms
[2021-08-17T06:00:15.025+0000][6][gc,phases    ] GC(7)   Post Evacuate Collection Set: 4.6ms
[2021-08-17T06:00:15.025+0000][6][gc,phases    ] GC(7)   Other: 0.2ms
[2021-08-17T06:00:15.025+0000][6][gc,heap      ] GC(7) Eden regions: 144->0(133)
[2021-08-17T06:00:15.025+0000][6][gc,heap      ] GC(7) Survivor regions: 9->20(20)
[2021-08-17T06:00:15.025+0000][6][gc,heap      ] GC(7) Old regions: 3->9
[2021-08-17T06:00:15.025+0000][6][gc,heap      ] GC(7) Archive regions: 2->2
[2021-08-17T06:00:15.025+0000][6][gc,heap      ] GC(7) Humongous regions: 1->1
[2021-08-17T06:00:15.025+0000][6][gc,metaspace ] GC(7) Metaspace: 24651K(26112K)->24651K(26112K) NonClass: 21563K(22528K)->21563K(22528K) Class: 3087K(3584K)->3087K(3584K)
[2021-08-17T06:00:15.025+0000][6][gc           ] GC(7) Pause Young (Normal) (G1 Evacuation Pause) 156M->29M(256M) 41.362ms
[2021-08-17T06:00:15.025+0000][6][gc,cpu       ] GC(7) User=0.10s Sys=0.00s Real=0.04s
[2021-08-17T06:00:15.026+0000][6][safepoint    ] Safepoint "G1CollectForAllocation", Time since last: 786928924 ns, Reaching safepoint: 120814 ns, At safepoint: 41437375 ns, Total: 41558189 ns
[2021-08-17T06:00:16.028+0000][6][safepoint    ] Safepoint "Cleanup", Time since last: 1001318084 ns, Reaching safepoint: 1133635 ns, At safepoint: 19964 ns, Total: 1153599 ns
[2021-08-17T06:00:16.101+0000][6][gc,start     ] GC(8) Pause Young (Concurrent Start) (Metadata GC Threshold)
[2021-08-17T06:00:16.101+0000][6][gc,task      ] GC(8) Using 4 workers of 4 for evacuation
[2021-08-17T06:00:16.101+0000][6][gc,age       ] GC(8) Desired survivor size 10485760 bytes, new threshold 1 (max threshold 15)
[2021-08-17T06:00:16.157+0000][6][gc,age       ] GC(8) Age table with threshold 1 (max threshold 15)
[2021-08-17T06:00:16.157+0000][6][gc,age       ] GC(8) - age   1:   10141696 bytes,   10141696 total
[2021-08-17T06:00:16.157+0000][6][gc,phases    ] GC(8)   Pre Evacuate Collection Set: 0.3ms
[2021-08-17T06:00:16.157+0000][6][gc,phases    ] GC(8)   Merge Heap Roots: 0.6ms
[2021-08-17T06:00:16.157+0000][6][gc,phases    ] GC(8)   Evacuate Collection Set: 53.7ms
[2021-08-17T06:00:16.157+0000][6][gc,phases    ] GC(8)   Post Evacuate Collection Set: 1.4ms
[2021-08-17T06:00:16.158+0000][6][gc,phases    ] GC(8)   Other: 0.3ms
[2021-08-17T06:00:16.158+0000][6][gc,heap      ] GC(8) Eden regions: 101->0(123)
[2021-08-17T06:00:16.158+0000][6][gc,heap      ] GC(8) Survivor regions: 20->11(20)
[2021-08-17T06:00:16.158+0000][6][gc,heap      ] GC(8) Old regions: 9->29
[2021-08-17T06:00:16.158+0000][6][gc,heap      ] GC(8) Archive regions: 2->2
[2021-08-17T06:00:16.158+0000][6][gc,heap      ] GC(8) Humongous regions: 1->1
[2021-08-17T06:00:16.158+0000][6][gc,metaspace ] GC(8) Metaspace: 33365K(35628K)->33365K(35628K) NonClass: 28964K(30380K)->28964K(30380K) Class: 4400K(5248K)->4400K(5248K)
[2021-08-17T06:00:16.158+0000][6][gc           ] GC(8) Pause Young (Concurrent Start) (Metadata GC Threshold) 130M->40M(256M) 56.378ms
[2021-08-17T06:00:16.158+0000][6][gc,cpu       ] GC(8) User=0.09s Sys=0.00s Real=0.06s
[2021-08-17T06:00:16.158+0000][6][safepoint    ] Safepoint "CollectForMetadataAllocation", Time since last: 68405438 ns, Reaching safepoint: 4761613 ns, At safepoint: 56537317 ns, Total: 61298930 ns
[2021-08-17T06:00:16.159+0000][6][gc           ] GC(9) Concurrent Cycle
[2021-08-17T06:00:16.159+0000][6][gc,marking   ] GC(9) Concurrent Clear Claimed Marks
[2021-08-17T06:00:16.159+0000][6][gc,marking   ] GC(9) Concurrent Clear Claimed Marks 0.129ms
[2021-08-17T06:00:16.159+0000][6][gc,marking   ] GC(9) Concurrent Scan Root Regions
[2021-08-17T06:00:16.182+0000][6][safepoint    ] Safepoint "CollectForMetadataAllocation", Time since last: 23704701 ns, Reaching safepoint: 102990 ns, At safepoint: 70390 ns, Total: 173380 ns
[2021-08-17T06:00:16.203+0000][6][safepoint    ] Safepoint "CollectForMetadataAllocation", Time since last: 21526722 ns, Reaching safepoint: 114940 ns, At safepoint: 186443 ns, Total: 301383 ns
[2021-08-17T06:00:16.205+0000][6][gc,marking   ] GC(9) Concurrent Scan Root Regions 45.953ms
[2021-08-17T06:00:16.205+0000][6][gc,marking   ] GC(9) Concurrent Mark (6.524s)
[2021-08-17T06:00:16.205+0000][6][gc,marking   ] GC(9) Concurrent Mark From Roots
[2021-08-17T06:00:16.205+0000][6][gc,task      ] GC(9) Using 1 workers of 1 for marking
[2021-08-17T06:00:16.228+0000][6][safepoint    ] Safepoint "CollectForMetadataAllocation", Time since last: 19920472 ns, Reaching safepoint: 4305347 ns, At safepoint: 120330 ns, Total: 4425677 ns
[2021-08-17T06:00:16.231+0000][6][safepoint    ] Safepoint "CollectForMetadataAllocation", Time since last: 1931117 ns, Reaching safepoint: 1502086 ns, At safepoint: 42209 ns, Total: 1544295 ns
[2021-08-17T06:00:16.245+0000][6][gc,marking   ] GC(9) Concurrent Mark From Roots 40.068ms
[2021-08-17T06:00:16.245+0000][6][gc,marking   ] GC(9) Concurrent Preclean
[2021-08-17T06:00:16.245+0000][6][gc,marking   ] GC(9) Concurrent Preclean 0.128ms
[2021-08-17T06:00:16.245+0000][6][gc,marking   ] GC(9) Concurrent Mark (6.524s, 6.565s) 40.238ms
[2021-08-17T06:00:16.246+0000][6][gc,start     ] GC(9) Pause Remark
[2021-08-17T06:00:16.252+0000][6][gc           ] GC(9) Pause Remark 44M->44M(256M) 5.501ms
[2021-08-17T06:00:16.252+0000][6][gc,cpu       ] GC(9) User=0.00s Sys=0.00s Real=0.01s
[2021-08-17T06:00:16.252+0000][6][safepoint    ] Safepoint "G1Concurrent", Time since last: 13934831 ns, Reaching safepoint: 964248 ns, At safepoint: 5558480 ns, Total: 6522728 ns
[2021-08-17T06:00:16.252+0000][6][gc,marking   ] GC(9) Concurrent Rebuild Remembered Sets
[2021-08-17T06:00:16.285+0000][6][gc,marking   ] GC(9) Concurrent Rebuild Remembered Sets 33.061ms
[2021-08-17T06:00:16.286+0000][6][gc,start     ] GC(9) Pause Cleanup
[2021-08-17T06:00:16.286+0000][6][gc           ] GC(9) Pause Cleanup 45M->45M(256M) 0.086ms
[2021-08-17T06:00:16.286+0000][6][gc,cpu       ] GC(9) User=0.00s Sys=0.00s Real=0.00s
[2021-08-17T06:00:16.286+0000][6][safepoint    ] Safepoint "G1Concurrent", Time since last: 33874142 ns, Reaching safepoint: 558575 ns, At safepoint: 120108 ns, Total: 678683 ns
[2021-08-17T06:00:16.287+0000][6][gc,marking   ] GC(9) Concurrent Cleanup for Next Mark
[2021-08-17T06:00:16.287+0000][6][gc,marking   ] GC(9) Concurrent Cleanup for Next Mark 0.448ms
[2021-08-17T06:00:16.287+0000][6][gc           ] GC(9) Concurrent Cycle 128.267ms
[2021-08-17T06:00:17.293+0000][6][safepoint    ] Safepoint "Cleanup", Time since last: 1000426828 ns, Reaching safepoint: 6682432 ns, At safepoint: 34628 ns, Total: 6717060 ns
[2021-08-17T06:00:18.000+0000][6][safepoint    ] Safepoint "ICBufferFull", Time since last: 706305106 ns, Reaching safepoint: 548801 ns, At safepoint: 5620 ns, Total: 554421 ns
[2021-08-17T06:00:18.129+0000][6][safepoint    ] Safepoint "BulkRevokeBias", Time since last: 128744557 ns, Reaching safepoint: 221926 ns, At safepoint: 62957 ns, Total: 284883 ns
[2021-08-17T06:00:18.156+0000][6][safepoint    ] Safepoint "BulkRevokeBias", Time since last: 26913335 ns, Reaching safepoint: 105802 ns, At safepoint: 50058 ns, Total: 155860 ns
[2021-08-17T06:00:18.382+0000][6][safepoint    ] Safepoint "BulkRevokeBias", Time since last: 225167392 ns, Reaching safepoint: 167990 ns, At safepoint: 170122 ns, Total: 338112 ns
[2021-08-17T06:00:18.670+0000][6][gc,start     ] GC(10) Pause Young (Concurrent Start) (G1 Evacuation Pause)
[2021-08-17T06:00:18.670+0000][6][gc,task      ] GC(10) Using 4 workers of 4 for evacuation
[2021-08-17T06:00:18.670+0000][6][gc,age       ] GC(10) Desired survivor size 8912896 bytes, new threshold 1 (max threshold 15)
[2021-08-17T06:00:18.690+0000][6][gc,age       ] GC(10) Age table with threshold 1 (max threshold 15)
[2021-08-17T06:00:18.690+0000][6][gc,age       ] GC(10) - age   1:    7215104 bytes,    7215104 total
[2021-08-17T06:00:18.690+0000][6][gc,phases    ] GC(10)   Pre Evacuate Collection Set: 0.5ms
[2021-08-17T06:00:18.690+0000][6][gc,phases    ] GC(10)   Merge Heap Roots: 0.2ms
[2021-08-17T06:00:18.690+0000][6][gc,phases    ] GC(10)   Evacuate Collection Set: 13.8ms
[2021-08-17T06:00:18.690+0000][6][gc,phases    ] GC(10)   Post Evacuate Collection Set: 4.6ms
[2021-08-17T06:00:18.690+0000][6][gc,phases    ] GC(10)   Other: 0.2ms
[2021-08-17T06:00:18.690+0000][6][gc,heap      ] GC(10) Eden regions: 123->0(117)
[2021-08-17T06:00:18.690+0000][6][gc,heap      ] GC(10) Survivor regions: 11->8(17)
[2021-08-17T06:00:18.690+0000][6][gc,heap      ] GC(10) Old regions: 29->39
[2021-08-17T06:00:18.690+0000][6][gc,heap      ] GC(10) Archive regions: 2->2
[2021-08-17T06:00:18.690+0000][6][gc,heap      ] GC(10) Humongous regions: 1->1
[2021-08-17T06:00:18.690+0000][6][gc,metaspace ] GC(10) Metaspace: 56511K(60304K)->56511K(60304K) NonClass: 48983K(51140K)->48983K(51140K) Class: 7527K(9164K)->7527K(9164K)
[2021-08-17T06:00:18.690+0000][6][gc           ] GC(10) Pause Young (Concurrent Start) (G1 Evacuation Pause) 163M->47M(256M) 19.460ms
[2021-08-17T06:00:18.690+0000][6][gc,cpu       ] GC(10) User=0.05s Sys=0.00s Real=0.02s
[2021-08-17T06:00:18.690+0000][6][safepoint    ] Safepoint "G1CollectForAllocation", Time since last: 288320152 ns, Reaching safepoint: 180455 ns, At safepoint: 19531167 ns, Total: 19711622 ns
[2021-08-17T06:00:18.690+0000][6][gc           ] GC(11) Concurrent Cycle
[2021-08-17T06:00:18.690+0000][6][gc,marking   ] GC(11) Concurrent Clear Claimed Marks
[2021-08-17T06:00:18.690+0000][6][gc,marking   ] GC(11) Concurrent Clear Claimed Marks 0.277ms
[2021-08-17T06:00:18.690+0000][6][gc,marking   ] GC(11) Concurrent Scan Root Regions
[2021-08-17T06:00:18.697+0000][6][safepoint    ] Safepoint "BulkRevokeBias", Time since last: 5808144 ns, Reaching safepoint: 896406 ns, At safepoint: 129712 ns, Total: 1026118 ns
[2021-08-17T06:00:18.704+0000][6][gc,marking   ] GC(11) Concurrent Scan Root Regions 13.338ms
[2021-08-17T06:00:18.704+0000][6][gc,marking   ] GC(11) Concurrent Mark (9.023s)
[2021-08-17T06:00:18.704+0000][6][gc,marking   ] GC(11) Concurrent Mark From Roots
[2021-08-17T06:00:18.704+0000][6][gc,task      ] GC(11) Using 1 workers of 1 for marking
[2021-08-17T06:00:18.754+0000][6][gc,marking   ] GC(11) Concurrent Mark From Roots 50.583ms
[2021-08-17T06:00:18.754+0000][6][gc,marking   ] GC(11) Concurrent Preclean
[2021-08-17T06:00:18.754+0000][6][gc,marking   ] GC(11) Concurrent Preclean 0.173ms
[2021-08-17T06:00:18.754+0000][6][gc,marking   ] GC(11) Concurrent Mark (9.023s, 9.074s) 50.800ms
[2021-08-17T06:00:18.755+0000][6][gc,start     ] GC(11) Pause Remark
[2021-08-17T06:00:18.759+0000][6][gc           ] GC(11) Pause Remark 51M->51M(256M) 4.545ms
[2021-08-17T06:00:18.759+0000][6][gc,cpu       ] GC(11) User=0.01s Sys=0.00s Real=0.01s
[2021-08-17T06:00:18.759+0000][6][safepoint    ] Safepoint "BulkRevokeBias", Time since last: 57713563 ns, Reaching safepoint: 108454 ns, At safepoint: 4732185 ns, Total: 4840639 ns
[2021-08-17T06:00:18.760+0000][6][gc,marking   ] GC(11) Concurrent Rebuild Remembered Sets
[2021-08-17T06:00:18.829+0000][6][gc,marking   ] GC(11) Concurrent Rebuild Remembered Sets 69.441ms
[2021-08-17T06:00:18.833+0000][6][gc,start     ] GC(11) Pause Cleanup
[2021-08-17T06:00:18.833+0000][6][gc           ] GC(11) Pause Cleanup 55M->55M(256M) 0.147ms
[2021-08-17T06:00:18.833+0000][6][gc,cpu       ] GC(11) User=0.00s Sys=0.00s Real=0.00s
[2021-08-17T06:00:18.833+0000][6][safepoint    ] Safepoint "G1Concurrent", Time since last: 73061011 ns, Reaching safepoint: 885873 ns, At safepoint: 187931 ns, Total: 1073804 ns
[2021-08-17T06:00:18.845+0000][6][gc,marking   ] GC(11) Concurrent Cleanup for Next Mark
[2021-08-17T06:00:18.846+0000][6][gc,marking   ] GC(11) Concurrent Cleanup for Next Mark 0.361ms
[2021-08-17T06:00:18.846+0000][6][gc           ] GC(11) Concurrent Cycle 155.797ms
[2021-08-17T06:00:19.481+0000][6][safepoint    ] Safepoint "BulkRevokeBias", Time since last: 647431613 ns, Reaching safepoint: 409253 ns, At safepoint: 174343 ns, Total: 583596 ns
[2021-08-17T06:00:19.542+0000][6][safepoint    ] Safepoint "BulkRevokeBias", Time since last: 59992315 ns, Reaching safepoint: 537601 ns, At safepoint: 182892 ns, Total: 720493 ns
[2021-08-17T06:00:19.808+0000][6][gc,start     ] GC(12) Pause Young (Concurrent Start) (G1 Humongous Allocation)
[2021-08-17T06:00:19.808+0000][6][gc,task      ] GC(12) Using 4 workers of 4 for evacuation
[2021-08-17T06:00:19.808+0000][6][gc,age       ] GC(12) Desired survivor size 8388608 bytes, new threshold 15 (max threshold 15)
[2021-08-17T06:00:19.857+0000][6][gc,age       ] GC(12) Age table with threshold 15 (max threshold 15)
[2021-08-17T06:00:19.857+0000][6][gc,age       ] GC(12) - age   1:   10403056 bytes,   10403056 total
[2021-08-17T06:00:19.857+0000][6][gc,age       ] GC(12) - age   2:    6370992 bytes,   16774048 total
[2021-08-17T06:00:19.857+0000][6][gc,phases    ] GC(12)   Pre Evacuate Collection Set: 0.6ms
[2021-08-17T06:00:19.857+0000][6][gc,phases    ] GC(12)   Merge Heap Roots: 0.3ms
[2021-08-17T06:00:19.857+0000][6][gc,phases    ] GC(12)   Evacuate Collection Set: 45.8ms
[2021-08-17T06:00:19.857+0000][6][gc,phases    ] GC(12)   Post Evacuate Collection Set: 2.0ms
[2021-08-17T06:00:19.857+0000][6][gc,phases    ] GC(12)   Other: 0.2ms
[2021-08-17T06:00:19.857+0000][6][gc,heap      ] GC(12) Eden regions: 110->0(33)
[2021-08-17T06:00:19.857+0000][6][gc,heap      ] GC(12) Survivor regions: 8->16(16)
[2021-08-17T06:00:19.857+0000][6][gc,heap      ] GC(12) Old regions: 39->78
[2021-08-17T06:00:19.857+0000][6][gc,heap      ] GC(12) Archive regions: 2->2
[2021-08-17T06:00:19.857+0000][6][gc,heap      ] GC(12) Humongous regions: 36->36
[2021-08-17T06:00:19.857+0000][6][gc,metaspace ] GC(12) Metaspace: 61724K(66064K)->61724K(66064K) NonClass: 53481K(56004K)->53481K(56004K) Class: 8242K(10060K)->8242K(10060K)
[2021-08-17T06:00:19.857+0000][6][gc           ] GC(12) Pause Young (Concurrent Start) (G1 Humongous Allocation) 191M->129M(256M) 49.005ms
[2021-08-17T06:00:19.857+0000][6][gc,cpu       ] GC(12) User=0.19s Sys=0.00s Real=0.05s
[2021-08-17T06:00:19.858+0000][6][safepoint    ] Safepoint "G1TryInitiateConcMark", Time since last: 266094988 ns, Reaching safepoint: 157532 ns, At safepoint: 49128245 ns, Total: 49285777 ns
[2021-08-17T06:00:19.858+0000][6][gc           ] GC(13) Concurrent Cycle
[2021-08-17T06:00:19.858+0000][6][gc,marking   ] GC(13) Concurrent Clear Claimed Marks
[2021-08-17T06:00:19.858+0000][6][gc,marking   ] GC(13) Concurrent Clear Claimed Marks 0.412ms
[2021-08-17T06:00:19.858+0000][6][gc,marking   ] GC(13) Concurrent Scan Root Regions
[2021-08-17T06:00:19.877+0000][6][gc,marking   ] GC(13) Concurrent Scan Root Regions 19.137ms
[2021-08-17T06:00:19.877+0000][6][gc,marking   ] GC(13) Concurrent Mark (10.197s)
[2021-08-17T06:00:19.877+0000][6][gc,marking   ] GC(13) Concurrent Mark From Roots
[2021-08-17T06:00:19.877+0000][6][gc,task      ] GC(13) Using 1 workers of 1 for marking
[2021-08-17T06:00:19.948+0000][6][gc,start     ] GC(14) Pause Young (Normal) (G1 Evacuation Pause)
[2021-08-17T06:00:19.948+0000][6][gc,task      ] GC(14) Using 4 workers of 4 for evacuation
[2021-08-17T06:00:19.948+0000][6][gc,age       ] GC(14) Desired survivor size 3670016 bytes, new threshold 1 (max threshold 15)
[2021-08-17T06:00:19.963+0000][6][gc,age       ] GC(14) Age table with threshold 1 (max threshold 15)
[2021-08-17T06:00:19.963+0000][6][gc,age       ] GC(14) - age   1:    2111848 bytes,    2111848 total
[2021-08-17T06:00:19.983+0000][6][gc,phases    ] GC(14)   Pre Evacuate Collection Set: 0.1ms
[2021-08-17T06:00:19.983+0000][6][gc,phases    ] GC(14)   Merge Heap Roots: 0.1ms
[2021-08-17T06:00:19.983+0000][6][gc,phases    ] GC(14)   Evacuate Collection Set: 13.8ms
[2021-08-17T06:00:19.983+0000][6][gc,phases    ] GC(14)   Post Evacuate Collection Set: 20.6ms
[2021-08-17T06:00:19.983+0000][6][gc,phases    ] GC(14)   Other: 0.2ms
[2021-08-17T06:00:19.983+0000][6][gc,heap      ] GC(14) Eden regions: 33->0(39)
[2021-08-17T06:00:19.983+0000][6][gc,heap      ] GC(14) Survivor regions: 16->3(7)
[2021-08-17T06:00:19.983+0000][6][gc,heap      ] GC(14) Old regions: 78->95
[2021-08-17T06:00:19.983+0000][6][gc,heap      ] GC(14) Archive regions: 2->2
[2021-08-17T06:00:19.983+0000][6][gc,heap      ] GC(14) Humongous regions: 71->55
[2021-08-17T06:00:19.983+0000][6][gc,metaspace ] GC(14) Metaspace: 61740K(66064K)->61740K(66064K) NonClass: 53497K(56004K)->53497K(56004K) Class: 8243K(10060K)->8243K(10060K)
[2021-08-17T06:00:19.983+0000][6][gc           ] GC(14) Pause Young (Normal) (G1 Evacuation Pause) 197M->151M(296M) 34.915ms
[2021-08-17T06:00:19.983+0000][6][gc,cpu       ] GC(14) User=0.06s Sys=0.02s Real=0.03s
[2021-08-17T06:00:19.983+0000][6][safepoint    ] Safepoint "G1CollectForAllocation", Time since last: 90296386 ns, Reaching safepoint: 132128 ns, At safepoint: 35032195 ns, Total: 35164323 ns
[2021-08-17T06:00:19.988+0000][6][gc,marking   ] GC(13) Concurrent Mark From Roots 111.089ms
[2021-08-17T06:00:19.988+0000][6][gc,marking   ] GC(13) Concurrent Preclean
[2021-08-17T06:00:19.988+0000][6][gc,marking   ] GC(13) Concurrent Preclean 0.217ms
[2021-08-17T06:00:19.989+0000][6][gc,marking   ] GC(13) Concurrent Mark (10.197s, 10.308s) 111.349ms
[2021-08-17T06:00:19.989+0000][6][gc,start     ] GC(13) Pause Remark
[2021-08-17T06:00:19.994+0000][6][gc           ] GC(13) Pause Remark 155M->144M(296M) 4.486ms
[2021-08-17T06:00:19.994+0000][6][gc,cpu       ] GC(13) User=0.01s Sys=0.00s Real=0.00s
[2021-08-17T06:00:19.994+0000][6][safepoint    ] Safepoint "G1Concurrent", Time since last: 5998024 ns, Reaching safepoint: 323751 ns, At safepoint: 4544178 ns, Total: 4867929 ns
[2021-08-17T06:00:19.994+0000][6][gc,marking   ] GC(13) Concurrent Rebuild Remembered Sets
[2021-08-17T06:00:20.060+0000][6][gc,start     ] GC(15) Pause Young (Normal) (G1 Evacuation Pause)
[2021-08-17T06:00:20.060+0000][6][gc,task      ] GC(15) Using 4 workers of 4 for evacuation
[2021-08-17T06:00:20.060+0000][6][gc,age       ] GC(15) Desired survivor size 3145728 bytes, new threshold 15 (max threshold 15)
[2021-08-17T06:00:20.072+0000][6][gc,age       ] GC(15) Age table with threshold 15 (max threshold 15)
[2021-08-17T06:00:20.072+0000][6][gc,age       ] GC(15) - age   1:    2758528 bytes,    2758528 total
[2021-08-17T06:00:20.072+0000][6][gc,age       ] GC(15) - age   2:    1921848 bytes,    4680376 total
[2021-08-17T06:00:20.072+0000][6][gc,phases    ] GC(15)   Pre Evacuate Collection Set: 0.5ms
[2021-08-17T06:00:20.072+0000][6][gc,phases    ] GC(15)   Merge Heap Roots: 0.3ms
[2021-08-17T06:00:20.072+0000][6][gc,phases    ] GC(15)   Evacuate Collection Set: 9.3ms
[2021-08-17T06:00:20.072+0000][6][gc,phases    ] GC(15)   Post Evacuate Collection Set: 1.3ms
[2021-08-17T06:00:20.072+0000][6][gc,phases    ] GC(15)   Other: 0.1ms
[2021-08-17T06:00:20.072+0000][6][gc,heap      ] GC(15) Eden regions: 39->0(47)
[2021-08-17T06:00:20.072+0000][6][gc,heap      ] GC(15) Survivor regions: 3->5(6)
[2021-08-17T06:00:20.072+0000][6][gc,heap      ] GC(15) Old regions: 95->95
[2021-08-17T06:00:20.072+0000][6][gc,heap      ] GC(15) Archive regions: 2->2
[2021-08-17T06:00:20.072+0000][6][gc,heap      ] GC(15) Humongous regions: 44->44
[2021-08-17T06:00:20.072+0000][6][gc,metaspace ] GC(15) Metaspace: 61745K(66064K)->61745K(66064K) NonClass: 53502K(56004K)->53502K(56004K) Class: 8243K(10060K)->8243K(10060K)
[2021-08-17T06:00:20.072+0000][6][gc           ] GC(15) Pause Young (Normal) (G1 Evacuation Pause) 179M->143M(296M) 11.516ms
[2021-08-17T06:00:20.072+0000][6][gc,cpu       ] GC(15) User=0.02s Sys=0.00s Real=0.01s
[2021-08-17T06:00:20.072+0000][6][safepoint    ] Safepoint "G1CollectForAllocation", Time since last: 63900345 ns, Reaching safepoint: 2647480 ns, At safepoint: 11617150 ns, Total: 14264630 ns
[2021-08-17T06:00:20.097+0000][6][gc,start     ] GC(16) Pause Young (Normal) (G1 Evacuation Pause)
[2021-08-17T06:00:20.097+0000][6][gc,task      ] GC(16) Using 4 workers of 4 for evacuation
[2021-08-17T06:00:20.097+0000][6][gc,age       ] GC(16) Desired survivor size 3670016 bytes, new threshold 2 (max threshold 15)
[2021-08-17T06:00:20.105+0000][6][gc,age       ] GC(16) Age table with threshold 2 (max threshold 15)
[2021-08-17T06:00:20.105+0000][6][gc,age       ] GC(16) - age   1:    2878752 bytes,    2878752 total
[2021-08-17T06:00:20.105+0000][6][gc,age       ] GC(16) - age   2:    2331584 bytes,    5210336 total
[2021-08-17T06:00:20.105+0000][6][gc,phases    ] GC(16)   Pre Evacuate Collection Set: 0.2ms
[2021-08-17T06:00:20.105+0000][6][gc,phases    ] GC(16)   Merge Heap Roots: 0.2ms
[2021-08-17T06:00:20.105+0000][6][gc,phases    ] GC(16)   Evacuate Collection Set: 7.0ms
[2021-08-17T06:00:20.105+0000][6][gc,phases    ] GC(16)   Post Evacuate Collection Set: 1.1ms
[2021-08-17T06:00:20.105+0000][6][gc,phases    ] GC(16)   Other: 0.2ms
[2021-08-17T06:00:20.105+0000][6][gc,heap      ] GC(16) Eden regions: 47->0(47)
[2021-08-17T06:00:20.105+0000][6][gc,heap      ] GC(16) Survivor regions: 5->6(7)
[2021-08-17T06:00:20.105+0000][6][gc,heap      ] GC(16) Old regions: 95->97
[2021-08-17T06:00:20.105+0000][6][gc,heap      ] GC(16) Archive regions: 2->2
[2021-08-17T06:00:20.105+0000][6][gc,heap      ] GC(16) Humongous regions: 45->45
[2021-08-17T06:00:20.105+0000][6][gc,metaspace ] GC(16) Metaspace: 61745K(66064K)->61745K(66064K) NonClass: 53502K(56004K)->53502K(56004K) Class: 8243K(10060K)->8243K(10060K)
[2021-08-17T06:00:20.105+0000][6][gc           ] GC(16) Pause Young (Normal) (G1 Evacuation Pause) 191M->147M(296M) 8.609ms
[2021-08-17T06:00:20.105+0000][6][gc,cpu       ] GC(16) User=0.02s Sys=0.00s Real=0.01s
[2021-08-17T06:00:20.105+0000][6][safepoint    ] Safepoint "G1CollectForAllocation", Time since last: 24160381 ns, Reaching safepoint: 366902 ns, At safepoint: 8718488 ns, Total: 9085390 ns
[2021-08-17T06:00:20.123+0000][6][gc,marking   ] GC(13) Concurrent Rebuild Remembered Sets 128.621ms
[2021-08-17T06:00:20.123+0000][6][gc,start     ] GC(13) Pause Cleanup
[2021-08-17T06:00:20.123+0000][6][gc           ] GC(13) Pause Cleanup 190M->190M(296M) 0.156ms
[2021-08-17T06:00:20.123+0000][6][gc,cpu       ] GC(13) User=0.00s Sys=0.00s Real=0.00s
[2021-08-17T06:00:20.123+0000][6][safepoint    ] Safepoint "G1Concurrent", Time since last: 17486669 ns, Reaching safepoint: 559076 ns, At safepoint: 214619 ns, Total: 773695 ns
[2021-08-17T06:00:20.124+0000][6][gc,marking   ] GC(13) Concurrent Cleanup for Next Mark
[2021-08-17T06:00:20.124+0000][6][gc,marking   ] GC(13) Concurrent Cleanup for Next Mark 0.600ms
[2021-08-17T06:00:20.124+0000][6][gc           ] GC(13) Concurrent Cycle 266.716ms
[2021-08-17T06:00:20.126+0000][6][gc,start     ] GC(17) Pause Young (Normal) (G1 Evacuation Pause)
[2021-08-17T06:00:20.126+0000][6][gc,task      ] GC(17) Using 4 workers of 4 for evacuation
[2021-08-17T06:00:20.126+0000][6][gc,age       ] GC(17) Desired survivor size 3670016 bytes, new threshold 2 (max threshold 15)
[2021-08-17T06:00:20.136+0000][6][gc,age       ] GC(17) Age table with threshold 2 (max threshold 15)
[2021-08-17T06:00:20.136+0000][6][gc,age       ] GC(17) - age   1:    2883648 bytes,    2883648 total
[2021-08-17T06:00:20.136+0000][6][gc,age       ] GC(17) - age   2:    2878752 bytes,    5762400 total
[2021-08-17T06:00:20.136+0000][6][gc,phases    ] GC(17)   Pre Evacuate Collection Set: 0.2ms
[2021-08-17T06:00:20.136+0000][6][gc,phases    ] GC(17)   Merge Heap Roots: 0.2ms
[2021-08-17T06:00:20.136+0000][6][gc,phases    ] GC(17)   Evacuate Collection Set: 8.8ms
[2021-08-17T06:00:20.136+0000][6][gc,phases    ] GC(17)   Post Evacuate Collection Set: 1.1ms
[2021-08-17T06:00:20.136+0000][6][gc,phases    ] GC(17)   Other: 0.2ms
[2021-08-17T06:00:20.136+0000][6][gc,heap      ] GC(17) Eden regions: 47->0(47)
[2021-08-17T06:00:20.136+0000][6][gc,heap      ] GC(17) Survivor regions: 6->6(7)
[2021-08-17T06:00:20.136+0000][6][gc,heap      ] GC(17) Old regions: 97->100
[2021-08-17T06:00:20.136+0000][6][gc,heap      ] GC(17) Archive regions: 2->2
[2021-08-17T06:00:20.136+0000][6][gc,heap      ] GC(17) Humongous regions: 46->46
[2021-08-17T06:00:20.136+0000][6][gc,metaspace ] GC(17) Metaspace: 61745K(66064K)->61745K(66064K) NonClass: 53502K(56004K)->53502K(56004K) Class: 8243K(10060K)->8243K(10060K)
[2021-08-17T06:00:20.136+0000][6][gc           ] GC(17) Pause Young (Normal) (G1 Evacuation Pause) 195M->151M(296M) 10.433ms
[2021-08-17T06:00:20.136+0000][6][gc,cpu       ] GC(17) User=0.02s Sys=0.00s Real=0.01s
[2021-08-17T06:00:20.137+0000][6][safepoint    ] Safepoint "G1CollectForAllocation", Time since last: 2336394 ns, Reaching safepoint: 161513 ns, At safepoint: 10531214 ns, Total: 10692727 ns
[2021-08-17T06:00:20.148+0000][6][gc,start     ] GC(18) Pause Young (Concurrent Start) (G1 Humongous Allocation)
[2021-08-17T06:00:20.148+0000][6][gc,task      ] GC(18) Using 4 workers of 4 for evacuation
[2021-08-17T06:00:20.148+0000][6][gc,age       ] GC(18) Desired survivor size 3670016 bytes, new threshold 2 (max threshold 15)
[2021-08-17T06:00:20.158+0000][6][gc,age       ] GC(18) Age table with threshold 2 (max threshold 15)
[2021-08-17T06:00:20.158+0000][6][gc,age       ] GC(18) - age   1:    1813888 bytes,    1813888 total
[2021-08-17T06:00:20.158+0000][6][gc,age       ] GC(18) - age   2:    2883560 bytes,    4697448 total
[2021-08-17T06:00:20.158+0000][6][gc,phases    ] GC(18)   Pre Evacuate Collection Set: 0.4ms
[2021-08-17T06:00:20.158+0000][6][gc,phases    ] GC(18)   Merge Heap Roots: 0.2ms
[2021-08-17T06:00:20.158+0000][6][gc,phases    ] GC(18)   Evacuate Collection Set: 8.0ms
[2021-08-17T06:00:20.158+0000][6][gc,phases    ] GC(18)   Post Evacuate Collection Set: 0.9ms
[2021-08-17T06:00:20.158+0000][6][gc,phases    ] GC(18)   Other: 0.1ms
[2021-08-17T06:00:20.158+0000][6][gc,heap      ] GC(18) Eden regions: 30->0(47)
[2021-08-17T06:00:20.158+0000][6][gc,heap      ] GC(18) Survivor regions: 6->6(7)
[2021-08-17T06:00:20.158+0000][6][gc,heap      ] GC(18) Old regions: 100->103
[2021-08-17T06:00:20.158+0000][6][gc,heap      ] GC(18) Archive regions: 2->2
[2021-08-17T06:00:20.158+0000][6][gc,heap      ] GC(18) Humongous regions: 46->46
[2021-08-17T06:00:20.158+0000][6][gc,metaspace ] GC(18) Metaspace: 61745K(66064K)->61745K(66064K) NonClass: 53502K(56004K)->53502K(56004K) Class: 8243K(10060K)->8243K(10060K)
[2021-08-17T06:00:20.158+0000][6][gc           ] GC(18) Pause Young (Concurrent Start) (G1 Humongous Allocation) 181M->153M(296M) 9.677ms
[2021-08-17T06:00:20.158+0000][6][gc,cpu       ] GC(18) User=0.02s Sys=0.00s Real=0.01s
[2021-08-17T06:00:20.158+0000][6][safepoint    ] Safepoint "G1TryInitiateConcMark", Time since last: 11811392 ns, Reaching safepoint: 94326 ns, At safepoint: 9750507 ns, Total: 9844833 ns
[2021-08-17T06:00:20.158+0000][6][gc           ] GC(19) Concurrent Cycle
[2021-08-17T06:00:20.158+0000][6][gc,marking   ] GC(19) Concurrent Clear Claimed Marks
[2021-08-17T06:00:20.159+0000][6][gc,marking   ] GC(19) Concurrent Clear Claimed Marks 0.407ms
[2021-08-17T06:00:20.159+0000][6][gc,marking   ] GC(19) Concurrent Scan Root Regions
[2021-08-17T06:00:20.161+0000][6][gc,marking   ] GC(19) Concurrent Scan Root Regions 2.786ms
[2021-08-17T06:00:20.161+0000][6][gc,marking   ] GC(19) Concurrent Mark (10.481s)
[2021-08-17T06:00:20.162+0000][6][gc,marking   ] GC(19) Concurrent Mark From Roots
[2021-08-17T06:00:20.162+0000][6][gc,task      ] GC(19) Using 1 workers of 1 for marking
[2021-08-17T06:00:20.180+0000][6][gc,start     ] GC(20) Pause Young (Normal) (G1 Evacuation Pause)
[2021-08-17T06:00:20.180+0000][6][gc,task      ] GC(20) Using 4 workers of 4 for evacuation
[2021-08-17T06:00:20.180+0000][6][gc,age       ] GC(20) Desired survivor size 3670016 bytes, new threshold 2 (max threshold 15)
[2021-08-17T06:00:20.190+0000][6][gc,age       ] GC(20) Age table with threshold 2 (max threshold 15)
[2021-08-17T06:00:20.190+0000][6][gc,age       ] GC(20) - age   1:    2873856 bytes,    2873856 total
[2021-08-17T06:00:20.190+0000][6][gc,age       ] GC(20) - age   2:    1813888 bytes,    4687744 total
[2021-08-17T06:00:20.190+0000][6][gc,phases    ] GC(20)   Pre Evacuate Collection Set: 0.2ms
[2021-08-17T06:00:20.190+0000][6][gc,phases    ] GC(20)   Merge Heap Roots: 0.2ms
[2021-08-17T06:00:20.190+0000][6][gc,phases    ] GC(20)   Evacuate Collection Set: 8.3ms
[2021-08-17T06:00:20.190+0000][6][gc,phases    ] GC(20)   Post Evacuate Collection Set: 1.2ms
[2021-08-17T06:00:20.190+0000][6][gc,phases    ] GC(20)   Other: 0.1ms
[2021-08-17T06:00:20.190+0000][6][gc,heap      ] GC(20) Eden regions: 47->0(46)
[2021-08-17T06:00:20.190+0000][6][gc,heap      ] GC(20) Survivor regions: 6->5(7)
[2021-08-17T06:00:20.190+0000][6][gc,heap      ] GC(20) Old regions: 103->106
[2021-08-17T06:00:20.190+0000][6][gc,heap      ] GC(20) Archive regions: 2->2
[2021-08-17T06:00:20.190+0000][6][gc,heap      ] GC(20) Humongous regions: 48->48
[2021-08-17T06:00:20.190+0000][6][gc,metaspace ] GC(20) Metaspace: 61745K(66064K)->61745K(66064K) NonClass: 53502K(56004K)->53502K(56004K) Class: 8243K(10060K)->8243K(10060K)
[2021-08-17T06:00:20.190+0000][6][gc           ] GC(20) Pause Young (Normal) (G1 Evacuation Pause) 202M->157M(296M) 10.156ms
[2021-08-17T06:00:20.190+0000][6][gc,cpu       ] GC(20) User=0.03s Sys=0.00s Real=0.01s
[2021-08-17T06:00:20.190+0000][6][safepoint    ] Safepoint "G1CollectForAllocation", Time since last: 21874124 ns, Reaching safepoint: 185783 ns, At safepoint: 10239536 ns, Total: 10425319 ns
[2021-08-17T06:00:20.211+0000][6][gc,start     ] GC(21) Pause Young (Normal) (G1 Evacuation Pause)
[2021-08-17T06:00:20.211+0000][6][gc,task      ] GC(21) Using 4 workers of 4 for evacuation
[2021-08-17T06:00:20.211+0000][6][gc,age       ] GC(21) Desired survivor size 3670016 bytes, new threshold 2 (max threshold 15)
[2021-08-17T06:00:20.221+0000][6][gc,age       ] GC(21) Age table with threshold 2 (max threshold 15)
[2021-08-17T06:00:20.221+0000][6][gc,age       ] GC(21) - age   1:    2837872 bytes,    2837872 total
[2021-08-17T06:00:20.221+0000][6][gc,age       ] GC(21) - age   2:    2873504 bytes,    5711376 total
[2021-08-17T06:00:20.221+0000][6][gc,phases    ] GC(21)   Pre Evacuate Collection Set: 0.2ms
[2021-08-17T06:00:20.221+0000][6][gc,phases    ] GC(21)   Merge Heap Roots: 0.1ms
[2021-08-17T06:00:20.221+0000][6][gc,phases    ] GC(21)   Evacuate Collection Set: 8.2ms
[2021-08-17T06:00:20.221+0000][6][gc,phases    ] GC(21)   Post Evacuate Collection Set: 1.2ms
[2021-08-17T06:00:20.221+0000][6][gc,phases    ] GC(21)   Other: 0.2ms
[2021-08-17T06:00:20.221+0000][6][gc,heap      ] GC(21) Eden regions: 46->0(45)
[2021-08-17T06:00:20.221+0000][6][gc,heap      ] GC(21) Survivor regions: 5->6(7)
[2021-08-17T06:00:20.221+0000][6][gc,heap      ] GC(21) Old regions: 106->108
[2021-08-17T06:00:20.221+0000][6][gc,heap      ] GC(21) Archive regions: 2->2
[2021-08-17T06:00:20.221+0000][6][gc,heap      ] GC(21) Humongous regions: 48->48
[2021-08-17T06:00:20.221+0000][6][gc,metaspace ] GC(21) Metaspace: 61746K(66064K)->61746K(66064K) NonClass: 53503K(56004K)->53503K(56004K) Class: 8243K(10060K)->8243K(10060K)
[2021-08-17T06:00:20.221+0000][6][gc           ] GC(21) Pause Young (Normal) (G1 Evacuation Pause) 203M->160M(296M) 10.034ms
[2021-08-17T06:00:20.221+0000][6][gc,cpu       ] GC(21) User=0.03s Sys=0.00s Real=0.01s
[2021-08-17T06:00:20.222+0000][6][safepoint    ] Safepoint "G1CollectForAllocation", Time since last: 20773508 ns, Reaching safepoint: 163726 ns, At safepoint: 10113033 ns, Total: 10276759 ns
[2021-08-17T06:00:20.243+0000][6][gc,start     ] GC(22) Pause Young (Normal) (G1 Evacuation Pause)
[2021-08-17T06:00:20.243+0000][6][gc,task      ] GC(22) Using 4 workers of 4 for evacuation
[2021-08-17T06:00:20.243+0000][6][gc,age       ] GC(22) Desired survivor size 3670016 bytes, new threshold 2 (max threshold 15)
[2021-08-17T06:00:20.255+0000][6][gc,age       ] GC(22) Age table with threshold 2 (max threshold 15)
[2021-08-17T06:00:20.255+0000][6][gc,age       ] GC(22) - age   1:    2748168 bytes,    2748168 total
[2021-08-17T06:00:20.255+0000][6][gc,age       ] GC(22) - age   2:    2837520 bytes,    5585688 total
[2021-08-17T06:00:20.255+0000][6][gc,phases    ] GC(22)   Pre Evacuate Collection Set: 0.2ms
[2021-08-17T06:00:20.255+0000][6][gc,phases    ] GC(22)   Merge Heap Roots: 0.2ms
[2021-08-17T06:00:20.255+0000][6][gc,phases    ] GC(22)   Evacuate Collection Set: 10.0ms
[2021-08-17T06:00:20.255+0000][6][gc,phases    ] GC(22)   Post Evacuate Collection Set: 1.2ms
[2021-08-17T06:00:20.255+0000][6][gc,phases    ] GC(22)   Other: 0.1ms
[2021-08-17T06:00:20.255+0000][6][gc,heap      ] GC(22) Eden regions: 45->0(42)
[2021-08-17T06:00:20.255+0000][6][gc,heap      ] GC(22) Survivor regions: 6->6(7)
[2021-08-17T06:00:20.255+0000][6][gc,heap      ] GC(22) Old regions: 108->110
[2021-08-17T06:00:20.255+0000][6][gc,heap      ] GC(22) Archive regions: 2->2
[2021-08-17T06:00:20.255+0000][6][gc,heap      ] GC(22) Humongous regions: 51->51
[2021-08-17T06:00:20.255+0000][6][gc,metaspace ] GC(22) Metaspace: 61746K(66064K)->61746K(66064K) NonClass: 53503K(56004K)->53503K(56004K) Class: 8243K(10060K)->8243K(10060K)
[2021-08-17T06:00:20.255+0000][6][gc           ] GC(22) Pause Young (Normal) (G1 Evacuation Pause) 208M->166M(296M) 11.821ms
[2021-08-17T06:00:20.255+0000][6][gc,cpu       ] GC(22) User=0.02s Sys=0.00s Real=0.01s
[2021-08-17T06:00:20.255+0000][6][safepoint    ] Safepoint "G1CollectForAllocation", Time since last: 21395972 ns, Reaching safepoint: 185151 ns, At safepoint: 11903266 ns, Total: 12088417 ns
[2021-08-17T06:00:20.275+0000][6][gc,start     ] GC(23) Pause Young (Normal) (G1 Evacuation Pause)
[2021-08-17T06:00:20.275+0000][6][gc,task      ] GC(23) Using 4 workers of 4 for evacuation
[2021-08-17T06:00:20.275+0000][6][gc,age       ] GC(23) Desired survivor size 3145728 bytes, new threshold 2 (max threshold 15)
[2021-08-17T06:00:20.286+0000][6][gc,age       ] GC(23) Age table with threshold 2 (max threshold 15)
[2021-08-17T06:00:20.286+0000][6][gc,age       ] GC(23) - age   1:    2558808 bytes,    2558808 total
[2021-08-17T06:00:20.286+0000][6][gc,age       ] GC(23) - age   2:    2748040 bytes,    5306848 total
[2021-08-17T06:00:20.286+0000][6][gc,phases    ] GC(23)   Pre Evacuate Collection Set: 0.2ms
[2021-08-17T06:00:20.286+0000][6][gc,phases    ] GC(23)   Merge Heap Roots: 0.2ms
[2021-08-17T06:00:20.286+0000][6][gc,phases    ] GC(23)   Evacuate Collection Set: 9.6ms
[2021-08-17T06:00:20.286+0000][6][gc,phases    ] GC(23)   Post Evacuate Collection Set: 1.1ms
[2021-08-17T06:00:20.286+0000][6][gc,phases    ] GC(23)   Other: 0.2ms
[2021-08-17T06:00:20.286+0000][6][gc,heap      ] GC(23) Eden regions: 42->0(40)
[2021-08-17T06:00:20.286+0000][6][gc,heap      ] GC(23) Survivor regions: 6->6(6)
[2021-08-17T06:00:20.286+0000][6][gc,heap      ] GC(23) Old regions: 110->113
[2021-08-17T06:00:20.286+0000][6][gc,heap      ] GC(23) Archive regions: 2->2
[2021-08-17T06:00:20.286+0000][6][gc,heap      ] GC(23) Humongous regions: 51->51
[2021-08-17T06:00:20.286+0000][6][gc,metaspace ] GC(23) Metaspace: 61746K(66064K)->61746K(66064K) NonClass: 53503K(56004K)->53503K(56004K) Class: 8243K(10060K)->8243K(10060K)
[2021-08-17T06:00:20.286+0000][6][gc           ] GC(23) Pause Young (Normal) (G1 Evacuation Pause) 208M->169M(296M) 11.339ms
[2021-08-17T06:00:20.286+0000][6][gc,cpu       ] GC(23) User=0.02s Sys=0.00s Real=0.01s
[2021-08-17T06:00:20.286+0000][6][safepoint    ] Safepoint "G1CollectForAllocation", Time since last: 19180170 ns, Reaching safepoint: 297202 ns, At safepoint: 11422085 ns, Total: 11719287 ns
[2021-08-17T06:00:20.301+0000][6][gc,marking   ] GC(19) Concurrent Mark From Roots 139.316ms
[2021-08-17T06:00:20.301+0000][6][gc,marking   ] GC(19) Concurrent Preclean
[2021-08-17T06:00:20.301+0000][6][gc,marking   ] GC(19) Concurrent Preclean 0.162ms
[2021-08-17T06:00:20.301+0000][6][gc,marking   ] GC(19) Concurrent Mark (10.481s, 10.621s) 139.527ms
[2021-08-17T06:00:20.301+0000][6][gc,start     ] GC(19) Pause Remark
[2021-08-17T06:00:20.308+0000][6][gc           ] GC(19) Pause Remark 199M->159M(296M) 6.888ms
[2021-08-17T06:00:20.308+0000][6][gc,cpu       ] GC(19) User=0.02s Sys=0.00s Real=0.01s
[2021-08-17T06:00:20.308+0000][6][safepoint    ] Safepoint "G1Concurrent", Time since last: 15192452 ns, Reaching safepoint: 227873 ns, At safepoint: 6988449 ns, Total: 7216322 ns
[2021-08-17T06:00:20.308+0000][6][gc,marking   ] GC(19) Concurrent Rebuild Remembered Sets
[2021-08-17T06:00:20.316+0000][6][gc,start     ] GC(24) Pause Young (Normal) (G1 Evacuation Pause)
[2021-08-17T06:00:20.316+0000][6][gc,task      ] GC(24) Using 4 workers of 4 for evacuation
[2021-08-17T06:00:20.316+0000][6][gc,age       ] GC(24) Desired survivor size 3145728 bytes, new threshold 2 (max threshold 15)
[2021-08-17T06:00:20.326+0000][6][gc,age       ] GC(24) Age table with threshold 2 (max threshold 15)
[2021-08-17T06:00:20.326+0000][6][gc,age       ] GC(24) - age   1:    2445488 bytes,    2445488 total
[2021-08-17T06:00:20.326+0000][6][gc,age       ] GC(24) - age   2:    2558808 bytes,    5004296 total
[2021-08-17T06:00:20.326+0000][6][gc,phases    ] GC(24)   Pre Evacuate Collection Set: 0.1ms
[2021-08-17T06:00:20.326+0000][6][gc,phases    ] GC(24)   Merge Heap Roots: 0.2ms
[2021-08-17T06:00:20.326+0000][6][gc,phases    ] GC(24)   Evacuate Collection Set: 7.9ms
[2021-08-17T06:00:20.326+0000][6][gc,phases    ] GC(24)   Post Evacuate Collection Set: 0.9ms
[2021-08-17T06:00:20.326+0000][6][gc,phases    ] GC(24)   Other: 0.1ms
[2021-08-17T06:00:20.326+0000][6][gc,heap      ] GC(24) Eden regions: 40->0(67)
[2021-08-17T06:00:20.326+0000][6][gc,heap      ] GC(24) Survivor regions: 6->5(6)
[2021-08-17T06:00:20.326+0000][6][gc,heap      ] GC(24) Old regions: 79->82
[2021-08-17T06:00:20.326+0000][6][gc,heap      ] GC(24) Archive regions: 2->2
[2021-08-17T06:00:20.326+0000][6][gc,heap      ] GC(24) Humongous regions: 45->45
[2021-08-17T06:00:20.326+0000][6][gc,metaspace ] GC(24) Metaspace: 61739K(66064K)->61739K(66064K) NonClass: 53498K(56004K)->53498K(56004K) Class: 8240K(10060K)->8240K(10060K)
[2021-08-17T06:00:20.326+0000][6][gc           ] GC(24) Pause Young (Normal) (G1 Evacuation Pause) 169M->131M(296M) 9.280ms
[2021-08-17T06:00:20.326+0000][6][gc,cpu       ] GC(24) User=0.02s Sys=0.00s Real=0.01s
[2021-08-17T06:00:20.326+0000][6][safepoint    ] Safepoint "G1CollectForAllocation", Time since last: 6874590 ns, Reaching safepoint: 1202681 ns, At safepoint: 9378488 ns, Total: 10581169 ns
[2021-08-17T06:00:20.353+0000][6][gc,start     ] GC(25) Pause Young (Normal) (G1 Evacuation Pause)
[2021-08-17T06:00:20.353+0000][6][gc,task      ] GC(25) Using 4 workers of 4 for evacuation
[2021-08-17T06:00:20.353+0000][6][gc,age       ] GC(25) Desired survivor size 4718592 bytes, new threshold 2 (max threshold 15)
[2021-08-17T06:00:20.369+0000][6][gc,age       ] GC(25) Age table with threshold 2 (max threshold 15)
[2021-08-17T06:00:20.369+0000][6][gc,age       ] GC(25) - age   1:    4153984 bytes,    4153984 total
[2021-08-17T06:00:20.369+0000][6][gc,age       ] GC(25) - age   2:    2445016 bytes,    6599000 total
[2021-08-17T06:00:20.369+0000][6][gc,phases    ] GC(25)   Pre Evacuate Collection Set: 0.2ms
[2021-08-17T06:00:20.369+0000][6][gc,phases    ] GC(25)   Merge Heap Roots: 0.2ms
[2021-08-17T06:00:20.369+0000][6][gc,phases    ] GC(25)   Evacuate Collection Set: 14.4ms
[2021-08-17T06:00:20.369+0000][6][gc,phases    ] GC(25)   Post Evacuate Collection Set: 1.1ms
[2021-08-17T06:00:20.369+0000][6][gc,phases    ] GC(25)   Other: 0.2ms
[2021-08-17T06:00:20.369+0000][6][gc,heap      ] GC(25) Eden regions: 67->0(62)
[2021-08-17T06:00:20.369+0000][6][gc,heap      ] GC(25) Survivor regions: 5->7(9)
[2021-08-17T06:00:20.369+0000][6][gc,heap      ] GC(25) Old regions: 82->85
[2021-08-17T06:00:20.369+0000][6][gc,heap      ] GC(25) Archive regions: 2->2
[2021-08-17T06:00:20.369+0000][6][gc,heap      ] GC(25) Humongous regions: 49->49
[2021-08-17T06:00:20.369+0000][6][gc,metaspace ] GC(25) Metaspace: 61739K(66064K)->61739K(66064K) NonClass: 53498K(56004K)->53498K(56004K) Class: 8240K(10060K)->8240K(10060K)
[2021-08-17T06:00:20.369+0000][6][gc           ] GC(25) Pause Young (Normal) (G1 Evacuation Pause) 202M->139M(296M) 16.085ms
[2021-08-17T06:00:20.369+0000][6][gc,cpu       ] GC(25) User=0.04s Sys=0.00s Real=0.02s
[2021-08-17T06:00:20.369+0000][6][safepoint    ] Safepoint "G1CollectForAllocation", Time since last: 27001836 ns, Reaching safepoint: 438021 ns, At safepoint: 16193042 ns, Total: 16631063 ns
[2021-08-17T06:00:20.396+0000][6][gc,start     ] GC(26) Pause Young (Normal) (G1 Evacuation Pause)
[2021-08-17T06:00:20.396+0000][6][gc,task      ] GC(26) Using 4 workers of 4 for evacuation
[2021-08-17T06:00:20.396+0000][6][gc,age       ] GC(26) Desired survivor size 4718592 bytes, new threshold 2 (max threshold 15)
[2021-08-17T06:00:20.409+0000][6][gc,age       ] GC(26) Age table with threshold 2 (max threshold 15)
[2021-08-17T06:00:20.409+0000][6][gc,age       ] GC(26) - age   1:    4160552 bytes,    4160552 total
[2021-08-17T06:00:20.409+0000][6][gc,age       ] GC(26) - age   2:    4153896 bytes,    8314448 total
[2021-08-17T06:00:20.409+0000][6][gc,phases    ] GC(26)   Pre Evacuate Collection Set: 0.2ms
[2021-08-17T06:00:20.409+0000][6][gc,phases    ] GC(26)   Merge Heap Roots: 0.2ms
[2021-08-17T06:00:20.409+0000][6][gc,phases    ] GC(26)   Evacuate Collection Set: 11.8ms
[2021-08-17T06:00:20.409+0000][6][gc,phases    ] GC(26)   Post Evacuate Collection Set: 0.6ms
[2021-08-17T06:00:20.409+0000][6][gc,phases    ] GC(26)   Other: 0.1ms
[2021-08-17T06:00:20.409+0000][6][gc,heap      ] GC(26) Eden regions: 62->0(60)
[2021-08-17T06:00:20.409+0000][6][gc,heap      ] GC(26) Survivor regions: 7->9(9)
[2021-08-17T06:00:20.409+0000][6][gc,heap      ] GC(26) Old regions: 85->87
[2021-08-17T06:00:20.409+0000][6][gc,heap      ] GC(26) Archive regions: 2->2
[2021-08-17T06:00:20.409+0000][6][gc,heap      ] GC(26) Humongous regions: 49->49
[2021-08-17T06:00:20.409+0000][6][gc,metaspace ] GC(26) Metaspace: 61739K(66064K)->61739K(66064K) NonClass: 53498K(56004K)->53498K(56004K) Class: 8240K(10060K)->8240K(10060K)
[2021-08-17T06:00:20.409+0000][6][gc           ] GC(26) Pause Young (Normal) (G1 Evacuation Pause) 201M->144M(296M) 13.038ms
[2021-08-17T06:00:20.409+0000][6][gc,cpu       ] GC(26) User=0.03s Sys=0.00s Real=0.02s
[2021-08-17T06:00:20.409+0000][6][safepoint    ] Safepoint "G1CollectForAllocation", Time since last: 26153067 ns, Reaching safepoint: 468759 ns, At safepoint: 13118937 ns, Total: 13587696 ns
[2021-08-17T06:00:20.421+0000][6][gc,marking   ] GC(19) Concurrent Rebuild Remembered Sets 112.947ms
[2021-08-17T06:00:20.422+0000][6][gc,start     ] GC(19) Pause Cleanup
[2021-08-17T06:00:20.422+0000][6][gc           ] GC(19) Pause Cleanup 176M->176M(296M) 0.165ms
[2021-08-17T06:00:20.422+0000][6][gc,cpu       ] GC(19) User=0.00s Sys=0.00s Real=0.00s
[2021-08-17T06:00:20.422+0000][6][safepoint    ] Safepoint "G1Concurrent", Time since last: 12331472 ns, Reaching safepoint: 638599 ns, At safepoint: 237444 ns, Total: 876043 ns
[2021-08-17T06:00:20.422+0000][6][gc,marking   ] GC(19) Concurrent Cleanup for Next Mark
[2021-08-17T06:00:20.423+0000][6][gc,marking   ] GC(19) Concurrent Cleanup for Next Mark 0.604ms
[2021-08-17T06:00:20.423+0000][6][gc           ] GC(19) Concurrent Cycle 264.839ms
[2021-08-17T06:00:20.433+0000][6][gc,start     ] GC(27) Pause Young (Normal) (G1 Evacuation Pause)
[2021-08-17T06:00:20.433+0000][6][gc,task      ] GC(27) Using 4 workers of 4 for evacuation
[2021-08-17T06:00:20.433+0000][6][gc,age       ] GC(27) Desired survivor size 4718592 bytes, new threshold 2 (max threshold 15)
[2021-08-17T06:00:20.444+0000][6][gc,age       ] GC(27) Age table with threshold 2 (max threshold 15)
[2021-08-17T06:00:20.444+0000][6][gc,age       ] GC(27) - age   1:    3662016 bytes,    3662016 total
[2021-08-17T06:00:20.444+0000][6][gc,age       ] GC(27) - age   2:    4160280 bytes,    7822296 total
[2021-08-17T06:00:20.553+0000][6][gc,phases    ] GC(27)   Pre Evacuate Collection Set: 0.2ms
[2021-08-17T06:00:20.553+0000][6][gc,phases    ] GC(27)   Merge Heap Roots: 0.2ms
[2021-08-17T06:00:20.553+0000][6][gc,phases    ] GC(27)   Evacuate Collection Set: 10.4ms
[2021-08-17T06:00:20.553+0000][6][gc,phases    ] GC(27)   Post Evacuate Collection Set: 109.5ms
[2021-08-17T06:00:20.553+0000][6][gc,phases    ] GC(27)   Other: 0.2ms
[2021-08-17T06:00:20.553+0000][6][gc,heap      ] GC(27) Eden regions: 60->0(217)
[2021-08-17T06:00:20.553+0000][6][gc,heap      ] GC(27) Survivor regions: 9->8(9)
[2021-08-17T06:00:20.553+0000][6][gc,heap      ] GC(27) Old regions: 87->91
[2021-08-17T06:00:20.553+0000][6][gc,heap      ] GC(27) Archive regions: 2->2
[2021-08-17T06:00:20.553+0000][6][gc,heap      ] GC(27) Humongous regions: 49->49
[2021-08-17T06:00:20.553+0000][6][gc,metaspace ] GC(27) Metaspace: 61739K(66064K)->61739K(66064K) NonClass: 53498K(56004K)->53498K(56004K) Class: 8240K(10060K)->8240K(10060K)
[2021-08-17T06:00:20.553+0000][6][gc           ] GC(27) Pause Young (Normal) (G1 Evacuation Pause) 204M->147M(542M) 120.496ms
[2021-08-17T06:00:20.553+0000][6][gc,cpu       ] GC(27) User=0.05s Sys=0.09s Real=0.12s
[2021-08-17T06:00:20.553+0000][6][safepoint    ] Safepoint "G1CollectForAllocation", Time since last: 10213707 ns, Reaching safepoint: 97409 ns, At safepoint: 120682788 ns, Total: 120780197 ns
[2021-08-17T06:00:20.656+0000][6][gc,start     ] GC(28) Pause Young (Normal) (G1 Evacuation Pause)
[2021-08-17T06:00:20.656+0000][6][gc,task      ] GC(28) Using 4 workers of 4 for evacuation
[2021-08-17T06:00:20.656+0000][6][gc,age       ] GC(28) Desired survivor size 15204352 bytes, new threshold 15 (max threshold 15)
[2021-08-17T06:00:20.677+0000][6][gc,age       ] GC(28) Age table with threshold 15 (max threshold 15)
[2021-08-17T06:00:20.677+0000][6][gc,age       ] GC(28) - age   1:    9459080 bytes,    9459080 total
[2021-08-17T06:00:20.677+0000][6][gc,age       ] GC(28) - age   2:    3661928 bytes,   13121008 total
[2021-08-17T06:00:20.677+0000][6][gc,age       ] GC(28) - age   3:    4160280 bytes,   17281288 total
[2021-08-17T06:00:20.677+0000][6][gc,phases    ] GC(28)   Pre Evacuate Collection Set: 0.2ms
[2021-08-17T06:00:20.677+0000][6][gc,phases    ] GC(28)   Merge Heap Roots: 0.3ms
[2021-08-17T06:00:20.677+0000][6][gc,phases    ] GC(28)   Evacuate Collection Set: 18.8ms
[2021-08-17T06:00:20.677+0000][6][gc,phases    ] GC(28)   Post Evacuate Collection Set: 1.0ms
[2021-08-17T06:00:20.677+0000][6][gc,phases    ] GC(28)   Other: 0.3ms
[2021-08-17T06:00:20.677+0000][6][gc,heap      ] GC(28) Eden regions: 217->0(201)
[2021-08-17T06:00:20.677+0000][6][gc,heap      ] GC(28) Survivor regions: 8->17(29)
[2021-08-17T06:00:20.677+0000][6][gc,heap      ] GC(28) Old regions: 91->91
[2021-08-17T06:00:20.677+0000][6][gc,heap      ] GC(28) Archive regions: 2->2
[2021-08-17T06:00:20.677+0000][6][gc,heap      ] GC(28) Humongous regions: 54->54
[2021-08-17T06:00:20.677+0000][6][gc,metaspace ] GC(28) Metaspace: 61755K(66064K)->61755K(66064K) NonClass: 53513K(56004K)->53513K(56004K) Class: 8241K(10060K)->8241K(10060K)
[2021-08-17T06:00:20.677+0000][6][gc           ] GC(28) Pause Young (Normal) (G1 Evacuation Pause) 369M->161M(542M) 20.659ms
[2021-08-17T06:00:20.677+0000][6][gc,cpu       ] GC(28) User=0.08s Sys=0.00s Real=0.03s
[2021-08-17T06:00:20.677+0000][6][safepoint    ] Safepoint "G1CollectForAllocation", Time since last: 102911703 ns, Reaching safepoint: 109659 ns, At safepoint: 20741436 ns, Total: 20851095 ns
[2021-08-17T06:00:20.815+0000][6][gc,start     ] GC(29) Pause Young (Normal) (G1 Evacuation Pause)
[2021-08-17T06:00:20.815+0000][6][gc,task      ] GC(29) Using 4 workers of 4 for evacuation
[2021-08-17T06:00:20.815+0000][6][gc,age       ] GC(29) Desired survivor size 14680064 bytes, new threshold 3 (max threshold 15)
[2021-08-17T06:00:20.826+0000][6][gc,age       ] GC(29) Age table with threshold 3 (max threshold 15)
[2021-08-17T06:00:20.826+0000][6][gc,age       ] GC(29) - age   1:      31600 bytes,      31600 total
[2021-08-17T06:00:20.826+0000][6][gc,age       ] GC(29) - age   2:    9458840 bytes,    9490440 total
[2021-08-17T06:00:20.826+0000][6][gc,age       ] GC(29) - age   3:    3661928 bytes,   13152368 total
[2021-08-17T06:00:20.826+0000][6][gc,phases    ] GC(29)   Pre Evacuate Collection Set: 0.2ms
[2021-08-17T06:00:20.826+0000][6][gc,phases    ] GC(29)   Merge Heap Roots: 0.3ms
[2021-08-17T06:00:20.826+0000][6][gc,phases    ] GC(29)   Evacuate Collection Set: 9.8ms
[2021-08-17T06:00:20.826+0000][6][gc,phases    ] GC(29)   Post Evacuate Collection Set: 1.1ms
[2021-08-17T06:00:20.826+0000][6][gc,phases    ] GC(29)   Other: 0.2ms
[2021-08-17T06:00:20.826+0000][6][gc,heap      ] GC(29) Eden regions: 201->0(209)
[2021-08-17T06:00:20.826+0000][6][gc,heap      ] GC(29) Survivor regions: 17->14(28)
[2021-08-17T06:00:20.826+0000][6][gc,heap      ] GC(29) Old regions: 91->96
[2021-08-17T06:00:20.826+0000][6][gc,heap      ] GC(29) Archive regions: 2->2
[2021-08-17T06:00:20.826+0000][6][gc,heap      ] GC(29) Humongous regions: 54->54
[2021-08-17T06:00:20.826+0000][6][gc,metaspace ] GC(29) Metaspace: 61763K(66064K)->61763K(66064K) NonClass: 53521K(56004K)->53521K(56004K) Class: 8242K(10060K)->8242K(10060K)
[2021-08-17T06:00:20.826+0000][6][gc           ] GC(29) Pause Young (Normal) (G1 Evacuation Pause) 362M->162M(542M) 11.623ms
[2021-08-17T06:00:20.826+0000][6][gc,cpu       ] GC(29) User=0.04s Sys=0.00s Real=0.01s
[2021-08-17T06:00:20.826+0000][6][safepoint    ] Safepoint "G1CollectForAllocation", Time since last: 137204231 ns, Reaching safepoint: 164015 ns, At safepoint: 11710321 ns, Total: 11874336 ns
[2021-08-17T06:00:20.964+0000][6][gc,start     ] GC(30) Pause Young (Normal) (G1 Evacuation Pause)
[2021-08-17T06:00:20.964+0000][6][gc,task      ] GC(30) Using 4 workers of 4 for evacuation
[2021-08-17T06:00:20.964+0000][6][gc,age       ] GC(30) Desired survivor size 14680064 bytes, new threshold 15 (max threshold 15)
[2021-08-17T06:00:20.976+0000][6][gc,age       ] GC(30) Age table with threshold 15 (max threshold 15)
[2021-08-17T06:00:20.976+0000][6][gc,age       ] GC(30) - age   1:        128 bytes,        128 total
[2021-08-17T06:00:20.976+0000][6][gc,age       ] GC(30) - age   2:      31472 bytes,      31600 total
[2021-08-17T06:00:20.976+0000][6][gc,age       ] GC(30) - age   3:    9458840 bytes,    9490440 total
[2021-08-17T06:00:20.976+0000][6][gc,age       ] GC(30) - age   4:    3661928 bytes,   13152368 total
[2021-08-17T06:00:20.976+0000][6][gc,phases    ] GC(30)   Pre Evacuate Collection Set: 0.2ms
[2021-08-17T06:00:20.976+0000][6][gc,phases    ] GC(30)   Merge Heap Roots: 0.2ms
[2021-08-17T06:00:20.976+0000][6][gc,phases    ] GC(30)   Evacuate Collection Set: 10.3ms
[2021-08-17T06:00:20.976+0000][6][gc,phases    ] GC(30)   Post Evacuate Collection Set: 1.2ms
[2021-08-17T06:00:20.976+0000][6][gc,phases    ] GC(30)   Other: 0.2ms
[2021-08-17T06:00:20.976+0000][6][gc,heap      ] GC(30) Eden regions: 209->0(217)
[2021-08-17T06:00:20.976+0000][6][gc,heap      ] GC(30) Survivor regions: 14->14(28)
[2021-08-17T06:00:20.976+0000][6][gc,heap      ] GC(30) Old regions: 96->96
[2021-08-17T06:00:20.976+0000][6][gc,heap      ] GC(30) Archive regions: 2->2
[2021-08-17T06:00:20.976+0000][6][gc,heap      ] GC(30) Humongous regions: 54->54
[2021-08-17T06:00:20.976+0000][6][gc,metaspace ] GC(30) Metaspace: 61763K(66064K)->61763K(66064K) NonClass: 53521K(56004K)->53521K(56004K) Class: 8242K(10060K)->8242K(10060K)
[2021-08-17T06:00:20.976+0000][6][gc           ] GC(30) Pause Young (Normal) (G1 Evacuation Pause) 371M->162M(542M) 12.100ms
[2021-08-17T06:00:20.976+0000][6][gc,cpu       ] GC(30) User=0.04s Sys=0.00s Real=0.01s
[2021-08-17T06:00:20.977+0000][6][safepoint    ] Safepoint "G1CollectForAllocation", Time since last: 137947230 ns, Reaching safepoint: 210603 ns, At safepoint: 12195349 ns, Total: 12405952 ns
[2021-08-17T06:00:21.056+0000][6][gc,start     ] GC(31) Pause Young (Normal) (G1 Evacuation Pause)
[2021-08-17T06:00:21.056+0000][6][gc,task      ] GC(31) Using 4 workers of 4 for evacuation
[2021-08-17T06:00:21.056+0000][6][gc,age       ] GC(31) Desired survivor size 15204352 bytes, new threshold 15 (max threshold 15)
[2021-08-17T06:00:21.068+0000][6][gc,age       ] GC(31) Age table with threshold 15 (max threshold 15)
[2021-08-17T06:00:21.068+0000][6][gc,age       ] GC(31) - age   1:        160 bytes,        160 total
[2021-08-17T06:00:21.068+0000][6][gc,age       ] GC(31) - age   3:      31472 bytes,      31632 total
[2021-08-17T06:00:21.068+0000][6][gc,age       ] GC(31) - age   4:    9458840 bytes,    9490472 total
[2021-08-17T06:00:21.068+0000][6][gc,age       ] GC(31) - age   5:    3661928 bytes,   13152400 total
[2021-08-17T06:00:21.171+0000][6][gc,phases    ] GC(31)   Pre Evacuate Collection Set: 0.3ms
[2021-08-17T06:00:21.171+0000][6][gc,phases    ] GC(31)   Merge Heap Roots: 0.3ms
[2021-08-17T06:00:21.171+0000][6][gc,phases    ] GC(31)   Evacuate Collection Set: 10.0ms
[2021-08-17T06:00:21.171+0000][6][gc,phases    ] GC(31)   Post Evacuate Collection Set: 104.4ms
[2021-08-17T06:00:21.171+0000][6][gc,phases    ] GC(31)   Other: 0.2ms
[2021-08-17T06:00:21.172+0000][6][gc,heap      ] GC(31) Eden regions: 217->0(360)
[2021-08-17T06:00:21.172+0000][6][gc,heap      ] GC(31) Survivor regions: 14->13(29)
[2021-08-17T06:00:21.172+0000][6][gc,heap      ] GC(31) Old regions: 96->96
[2021-08-17T06:00:21.172+0000][6][gc,heap      ] GC(31) Archive regions: 2->2
[2021-08-17T06:00:21.172+0000][6][gc,heap      ] GC(31) Humongous regions: 54->54
[2021-08-17T06:00:21.172+0000][6][gc,metaspace ] GC(31) Metaspace: 61763K(66064K)->61763K(66064K) NonClass: 53521K(56004K)->53521K(56004K) Class: 8242K(10060K)->8242K(10060K)
[2021-08-17T06:00:21.172+0000][6][gc           ] GC(31) Pause Young (Normal) (G1 Evacuation Pause) 379M->161M(735M) 115.163ms
[2021-08-17T06:00:21.172+0000][6][gc,cpu       ] GC(31) User=0.07s Sys=0.08s Real=0.12s
[2021-08-17T06:00:21.172+0000][6][safepoint    ] Safepoint "G1CollectForAllocation", Time since last: 79664469 ns, Reaching safepoint: 135847 ns, At safepoint: 115271259 ns, Total: 115407106 ns
[2021-08-17T06:00:21.300+0000][6][gc,start     ] GC(32) Pause Young (Normal) (G1 Evacuation Pause)
[2021-08-17T06:00:21.301+0000][6][gc,task      ] GC(32) Using 4 workers of 4 for evacuation
[2021-08-17T06:00:21.301+0000][6][gc,age       ] GC(32) Desired survivor size 24641536 bytes, new threshold 15 (max threshold 15)
[2021-08-17T06:00:21.314+0000][6][gc,age       ] GC(32) Age table with threshold 15 (max threshold 15)
[2021-08-17T06:00:21.314+0000][6][gc,age       ] GC(32) - age   1:        160 bytes,        160 total
[2021-08-17T06:00:21.314+0000][6][gc,age       ] GC(32) - age   4:      31472 bytes,      31632 total
[2021-08-17T06:00:21.314+0000][6][gc,age       ] GC(32) - age   5:    9458840 bytes,    9490472 total
[2021-08-17T06:00:21.314+0000][6][gc,age       ] GC(32) - age   6:    3661928 bytes,   13152400 total
[2021-08-17T06:00:21.314+0000][6][gc,phases    ] GC(32)   Pre Evacuate Collection Set: 0.3ms
[2021-08-17T06:00:21.314+0000][6][gc,phases    ] GC(32)   Merge Heap Roots: 0.3ms
[2021-08-17T06:00:21.314+0000][6][gc,phases    ] GC(32)   Evacuate Collection Set: 11.4ms
[2021-08-17T06:00:21.314+0000][6][gc,phases    ] GC(32)   Post Evacuate Collection Set: 1.5ms
[2021-08-17T06:00:21.314+0000][6][gc,phases    ] GC(32)   Other: 0.3ms
[2021-08-17T06:00:21.314+0000][6][gc,heap      ] GC(32) Eden regions: 360->0(371)
[2021-08-17T06:00:21.314+0000][6][gc,heap      ] GC(32) Survivor regions: 13->14(47)
[2021-08-17T06:00:21.314+0000][6][gc,heap      ] GC(32) Old regions: 96->96
[2021-08-17T06:00:21.314+0000][6][gc,heap      ] GC(32) Archive regions: 2->2
[2021-08-17T06:00:21.314+0000][6][gc,heap      ] GC(32) Humongous regions: 54->54
[2021-08-17T06:00:21.314+0000][6][gc,metaspace ] GC(32) Metaspace: 61763K(66064K)->61763K(66064K) NonClass: 53521K(56004K)->53521K(56004K) Class: 8242K(10060K)->8242K(10060K)
[2021-08-17T06:00:21.314+0000][6][gc           ] GC(32) Pause Young (Normal) (G1 Evacuation Pause) 521M->162M(735M) 13.900ms
[2021-08-17T06:00:21.314+0000][6][gc,cpu       ] GC(32) User=0.05s Sys=0.00s Real=0.01s
[2021-08-17T06:00:21.314+0000][6][safepoint    ] Safepoint "G1CollectForAllocation", Time since last: 128692028 ns, Reaching safepoint: 110090 ns, At safepoint: 14013072 ns, Total: 14123162 ns
[2021-08-17T06:00:21.449+0000][6][gc,start     ] GC(33) Pause Young (Normal) (G1 Evacuation Pause)
[2021-08-17T06:00:21.449+0000][6][gc,task      ] GC(33) Using 4 workers of 4 for evacuation
[2021-08-17T06:00:21.449+0000][6][gc,age       ] GC(33) Desired survivor size 25690112 bytes, new threshold 15 (max threshold 15)
[2021-08-17T06:00:21.458+0000][6][gc,age       ] GC(33) Age table with threshold 15 (max threshold 15)
[2021-08-17T06:00:21.458+0000][6][gc,age       ] GC(33) - age   5:      31472 bytes,      31472 total
[2021-08-17T06:00:21.458+0000][6][gc,age       ] GC(33) - age   6:    9458840 bytes,    9490312 total
[2021-08-17T06:00:21.458+0000][6][gc,age       ] GC(33) - age   7:    3661928 bytes,   13152240 total
[2021-08-17T06:00:21.458+0000][6][gc,phases    ] GC(33)   Pre Evacuate Collection Set: 0.2ms
[2021-08-17T06:00:21.458+0000][6][gc,phases    ] GC(33)   Merge Heap Roots: 0.2ms
[2021-08-17T06:00:21.458+0000][6][gc,phases    ] GC(33)   Evacuate Collection Set: 7.7ms
[2021-08-17T06:00:21.458+0000][6][gc,phases    ] GC(33)   Post Evacuate Collection Set: 1.3ms
[2021-08-17T06:00:21.458+0000][6][gc,phases    ] GC(33)   Other: 0.2ms
[2021-08-17T06:00:21.458+0000][6][gc,heap      ] GC(33) Eden regions: 371->0(371)
[2021-08-17T06:00:21.458+0000][6][gc,heap      ] GC(33) Survivor regions: 14->14(49)
[2021-08-17T06:00:21.458+0000][6][gc,heap      ] GC(33) Old regions: 96->96
[2021-08-17T06:00:21.458+0000][6][gc,heap      ] GC(33) Archive regions: 2->2
[2021-08-17T06:00:21.458+0000][6][gc,heap      ] GC(33) Humongous regions: 54->54
[2021-08-17T06:00:21.458+0000][6][gc,metaspace ] GC(33) Metaspace: 61763K(66064K)->61763K(66064K) NonClass: 53521K(56004K)->53521K(56004K) Class: 8242K(10060K)->8242K(10060K)
[2021-08-17T06:00:21.458+0000][6][gc           ] GC(33) Pause Young (Normal) (G1 Evacuation Pause) 533M->162M(735M) 9.582ms
[2021-08-17T06:00:21.458+0000][6][gc,cpu       ] GC(33) User=0.03s Sys=0.00s Real=0.01s
[2021-08-17T06:00:21.458+0000][6][safepoint    ] Safepoint "G1CollectForAllocation", Time since last: 134064808 ns, Reaching safepoint: 126340 ns, At safepoint: 9664957 ns, Total: 9791297 ns
[2021-08-17T06:00:21.672+0000][6][gc,start     ] GC(34) Pause Young (Normal) (G1 Evacuation Pause)
[2021-08-17T06:00:21.672+0000][6][gc,task      ] GC(34) Using 4 workers of 4 for evacuation
[2021-08-17T06:00:21.672+0000][6][gc,age       ] GC(34) Desired survivor size 25690112 bytes, new threshold 15 (max threshold 15)
[2021-08-17T06:00:21.686+0000][6][gc,age       ] GC(34) Age table with threshold 15 (max threshold 15)
[2021-08-17T06:00:21.686+0000][6][gc,age       ] GC(34) - age   1:        376 bytes,        376 total
[2021-08-17T06:00:21.686+0000][6][gc,age       ] GC(34) - age   6:      31440 bytes,      31816 total
[2021-08-17T06:00:21.686+0000][6][gc,age       ] GC(34) - age   7:    9458656 bytes,    9490472 total
[2021-08-17T06:00:21.686+0000][6][gc,age       ] GC(34) - age   8:    3661928 bytes,   13152400 total
[2021-08-17T06:00:21.686+0000][6][gc,phases    ] GC(34)   Pre Evacuate Collection Set: 0.3ms
[2021-08-17T06:00:21.686+0000][6][gc,phases    ] GC(34)   Merge Heap Roots: 0.3ms
[2021-08-17T06:00:21.686+0000][6][gc,phases    ] GC(34)   Evacuate Collection Set: 11.1ms
[2021-08-17T06:00:21.686+0000][6][gc,phases    ] GC(34)   Post Evacuate Collection Set: 2.5ms
[2021-08-17T06:00:21.686+0000][6][gc,phases    ] GC(34)   Other: 0.2ms
[2021-08-17T06:00:21.686+0000][6][gc,heap      ] GC(34) Eden regions: 371->0(371)
[2021-08-17T06:00:21.686+0000][6][gc,heap      ] GC(34) Survivor regions: 14->14(49)
[2021-08-17T06:00:21.686+0000][6][gc,heap      ] GC(34) Old regions: 96->96
[2021-08-17T06:00:21.686+0000][6][gc,heap      ] GC(34) Archive regions: 2->2
[2021-08-17T06:00:21.686+0000][6][gc,heap      ] GC(34) Humongous regions: 54->54
[2021-08-17T06:00:21.686+0000][6][gc,metaspace ] GC(34) Metaspace: 61763K(66064K)->61763K(66064K) NonClass: 53521K(56004K)->53521K(56004K) Class: 8242K(10060K)->8242K(10060K)
[2021-08-17T06:00:21.686+0000][6][gc           ] GC(34) Pause Young (Normal) (G1 Evacuation Pause) 533M->162M(735M) 14.523ms
[2021-08-17T06:00:21.686+0000][6][gc,cpu       ] GC(34) User=0.03s Sys=0.00s Real=0.01s
[2021-08-17T06:00:21.686+0000][6][safepoint    ] Safepoint "G1CollectForAllocation", Time since last: 213000723 ns, Reaching safepoint: 284092 ns, At safepoint: 14608882 ns, Total: 14892974 ns
[2021-08-17T06:00:21.815+0000][6][gc,start     ] GC(35) Pause Young (Normal) (G1 Evacuation Pause)
[2021-08-17T06:00:21.816+0000][6][gc,task      ] GC(35) Using 4 workers of 4 for evacuation
[2021-08-17T06:00:21.816+0000][6][gc,age       ] GC(35) Desired survivor size 25690112 bytes, new threshold 15 (max threshold 15)
[2021-08-17T06:00:21.830+0000][6][gc,age       ] GC(35) Age table with threshold 15 (max threshold 15)
[2021-08-17T06:00:21.831+0000][6][gc,age       ] GC(35) - age   1:       1112 bytes,       1112 total
[2021-08-17T06:00:21.831+0000][6][gc,age       ] GC(35) - age   2:        216 bytes,       1328 total
[2021-08-17T06:00:21.831+0000][6][gc,age       ] GC(35) - age   7:      30592 bytes,      31920 total
[2021-08-17T06:00:21.831+0000][6][gc,age       ] GC(35) - age   8:    9458656 bytes,    9490576 total
[2021-08-17T06:00:21.831+0000][6][gc,age       ] GC(35) - age   9:    3661928 bytes,   13152504 total
[2021-08-17T06:00:22.068+0000][6][gc,mmu       ] GC(35) MMU target violated: 201.0ms (200.0ms/201.0ms)
[2021-08-17T06:00:22.068+0000][6][gc,phases    ] GC(35)   Pre Evacuate Collection Set: 0.2ms
[2021-08-17T06:00:22.068+0000][6][gc,phases    ] GC(35)   Merge Heap Roots: 0.2ms
[2021-08-17T06:00:22.068+0000][6][gc,phases    ] GC(35)   Evacuate Collection Set: 11.6ms
[2021-08-17T06:00:22.068+0000][6][gc,phases    ] GC(35)   Post Evacuate Collection Set: 239.7ms
[2021-08-17T06:00:22.068+0000][6][gc,phases    ] GC(35)   Other: 0.8ms
[2021-08-17T06:00:22.068+0000][6][gc,heap      ] GC(35) Eden regions: 371->0(460)
[2021-08-17T06:00:22.068+0000][6][gc,heap      ] GC(35) Survivor regions: 14->13(49)
[2021-08-17T06:00:22.068+0000][6][gc,heap      ] GC(35) Old regions: 96->96
[2021-08-17T06:00:22.068+0000][6][gc,heap      ] GC(35) Archive regions: 2->2
[2021-08-17T06:00:22.068+0000][6][gc,heap      ] GC(35) Humongous regions: 54->54
[2021-08-17T06:00:22.068+0000][6][gc,metaspace ] GC(35) Metaspace: 61765K(66064K)->61765K(66064K) NonClass: 53522K(56004K)->53522K(56004K) Class: 8242K(10060K)->8242K(10060K)
[2021-08-17T06:00:22.069+0000][6][gc           ] GC(35) Pause Young (Normal) (G1 Evacuation Pause) 533M->161M(851M) 253.075ms
[2021-08-17T06:00:22.069+0000][6][gc,cpu       ] GC(35) User=0.07s Sys=0.21s Real=0.26s
[2021-08-17T06:00:22.069+0000][6][safepoint    ] Safepoint "G1CollectForAllocation", Time since last: 129124793 ns, Reaching safepoint: 114394 ns, At safepoint: 253444471 ns, Total: 253558865 ns
[2021-08-17T06:00:22.320+0000][6][gc,start     ] GC(36) Pause Young (Normal) (G1 Evacuation Pause)
[2021-08-17T06:00:22.320+0000][6][gc,task      ] GC(36) Using 4 workers of 4 for evacuation
[2021-08-17T06:00:22.320+0000][6][gc,age       ] GC(36) Desired survivor size 31457280 bytes, new threshold 15 (max threshold 15)
[2021-08-17T06:00:22.334+0000][6][gc,age       ] GC(36) Age table with threshold 15 (max threshold 15)
[2021-08-17T06:00:22.334+0000][6][gc,age       ] GC(36) - age   1:     132728 bytes,     132728 total
[2021-08-17T06:00:22.334+0000][6][gc,age       ] GC(36) - age   2:        848 bytes,     133576 total
[2021-08-17T06:00:22.334+0000][6][gc,age       ] GC(36) - age   3:        216 bytes,     133792 total
[2021-08-17T06:00:22.334+0000][6][gc,age       ] GC(36) - age   8:      30488 bytes,     164280 total
[2021-08-17T06:00:22.334+0000][6][gc,age       ] GC(36) - age   9:    9458656 bytes,    9622936 total
[2021-08-17T06:00:22.334+0000][6][gc,age       ] GC(36) - age  10:    3661928 bytes,   13284864 total
[2021-08-17T06:00:22.335+0000][6][gc,phases    ] GC(36)   Pre Evacuate Collection Set: 0.2ms
[2021-08-17T06:00:22.335+0000][6][gc,phases    ] GC(36)   Merge Heap Roots: 0.1ms
[2021-08-17T06:00:22.335+0000][6][gc,phases    ] GC(36)   Evacuate Collection Set: 12.5ms
[2021-08-17T06:00:22.335+0000][6][gc,phases    ] GC(36)   Post Evacuate Collection Set: 1.3ms
[2021-08-17T06:00:22.335+0000][6][gc,phases    ] GC(36)   Other: 0.3ms
[2021-08-17T06:00:22.335+0000][6][gc,heap      ] GC(36) Eden regions: 460->0(458)
[2021-08-17T06:00:22.335+0000][6][gc,heap      ] GC(36) Survivor regions: 13->14(60)
[2021-08-17T06:00:22.335+0000][6][gc,heap      ] GC(36) Old regions: 96->96
[2021-08-17T06:00:22.335+0000][6][gc,heap      ] GC(36) Archive regions: 2->2
[2021-08-17T06:00:22.335+0000][6][gc,heap      ] GC(36) Humongous regions: 54->54
[2021-08-17T06:00:22.335+0000][6][gc,metaspace ] GC(36) Metaspace: 61784K(66064K)->61784K(66064K) NonClass: 53540K(56004K)->53540K(56004K) Class: 8243K(10060K)->8243K(10060K)
[2021-08-17T06:00:22.335+0000][6][gc           ] GC(36) Pause Young (Normal) (G1 Evacuation Pause) 621M->162M(851M) 14.366ms
[2021-08-17T06:00:22.335+0000][6][gc,cpu       ] GC(36) User=0.03s Sys=0.00s Real=0.01s
[2021-08-17T06:00:22.335+0000][6][safepoint    ] Safepoint "G1CollectForAllocation", Time since last: 251235433 ns, Reaching safepoint: 110508 ns, At safepoint: 14451135 ns, Total: 14561643 ns
[2021-08-17T06:00:22.516+0000][6][gc,start     ] GC(37) Pause Young (Normal) (G1 Evacuation Pause)
[2021-08-17T06:00:22.516+0000][6][gc,task      ] GC(37) Using 4 workers of 4 for evacuation
[2021-08-17T06:00:22.516+0000][6][gc,age       ] GC(37) Desired survivor size 30932992 bytes, new threshold 15 (max threshold 15)
[2021-08-17T06:00:22.530+0000][6][gc,age       ] GC(37) Age table with threshold 15 (max threshold 15)
[2021-08-17T06:00:22.530+0000][6][gc,age       ] GC(37) - age   1:     131248 bytes,     131248 total
[2021-08-17T06:00:22.530+0000][6][gc,age       ] GC(37) - age   2:     132416 bytes,     263664 total
[2021-08-17T06:00:22.530+0000][6][gc,age       ] GC(37) - age   3:        848 bytes,     264512 total
[2021-08-17T06:00:22.530+0000][6][gc,age       ] GC(37) - age   4:        216 bytes,     264728 total
[2021-08-17T06:00:22.530+0000][6][gc,age       ] GC(37) - age   9:      30488 bytes,     295216 total
[2021-08-17T06:00:22.530+0000][6][gc,age       ] GC(37) - age  10:    9442256 bytes,    9737472 total
[2021-08-17T06:00:22.530+0000][6][gc,age       ] GC(37) - age  11:    3661928 bytes,   13399400 total
[2021-08-17T06:00:22.530+0000][6][gc,phases    ] GC(37)   Pre Evacuate Collection Set: 0.2ms
[2021-08-17T06:00:22.530+0000][6][gc,phases    ] GC(37)   Merge Heap Roots: 0.2ms
[2021-08-17T06:00:22.530+0000][6][gc,phases    ] GC(37)   Evacuate Collection Set: 12.3ms
[2021-08-17T06:00:22.530+0000][6][gc,phases    ] GC(37)   Post Evacuate Collection Set: 1.4ms
[2021-08-17T06:00:22.530+0000][6][gc,phases    ] GC(37)   Other: 0.2ms
[2021-08-17T06:00:22.530+0000][6][gc,heap      ] GC(37) Eden regions: 458->0(458)
[2021-08-17T06:00:22.530+0000][6][gc,heap      ] GC(37) Survivor regions: 14->14(59)
[2021-08-17T06:00:22.530+0000][6][gc,heap      ] GC(37) Old regions: 96->96
[2021-08-17T06:00:22.530+0000][6][gc,heap      ] GC(37) Archive regions: 2->2
[2021-08-17T06:00:22.530+0000][6][gc,heap      ] GC(37) Humongous regions: 54->54
[2021-08-17T06:00:22.530+0000][6][gc,metaspace ] GC(37) Metaspace: 61784K(66064K)->61784K(66064K) NonClass: 53540K(56004K)->53540K(56004K) Class: 8243K(10060K)->8243K(10060K)
[2021-08-17T06:00:22.530+0000][6][gc           ] GC(37) Pause Young (Normal) (G1 Evacuation Pause) 620M->162M(851M) 14.391ms
[2021-08-17T06:00:22.530+0000][6][gc,cpu       ] GC(37) User=0.04s Sys=0.00s Real=0.02s
[2021-08-17T06:00:22.530+0000][6][safepoint    ] Safepoint "G1CollectForAllocation", Time since last: 180876198 ns, Reaching safepoint: 111866 ns, At safepoint: 14477417 ns, Total: 14589283 ns
[2021-08-17T06:00:22.701+0000][6][gc,start     ] GC(38) Pause Young (Normal) (G1 Evacuation Pause)
[2021-08-17T06:00:22.701+0000][6][gc,task      ] GC(38) Using 4 workers of 4 for evacuation
[2021-08-17T06:00:22.701+0000][6][gc,age       ] GC(38) Desired survivor size 30932992 bytes, new threshold 15 (max threshold 15)
[2021-08-17T06:00:22.711+0000][6][gc,age       ] GC(38) Age table with threshold 15 (max threshold 15)
[2021-08-17T06:00:22.711+0000][6][gc,age       ] GC(38) - age   1:        408 bytes,        408 total
[2021-08-17T06:00:22.711+0000][6][gc,age       ] GC(38) - age   3:     132384 bytes,     132792 total
[2021-08-17T06:00:22.711+0000][6][gc,age       ] GC(38) - age   4:        848 bytes,     133640 total
[2021-08-17T06:00:22.711+0000][6][gc,age       ] GC(38) - age   5:         32 bytes,     133672 total
[2021-08-17T06:00:22.711+0000][6][gc,age       ] GC(38) - age  10:      30488 bytes,     164160 total
[2021-08-17T06:00:22.711+0000][6][gc,age       ] GC(38) - age  11:    9442224 bytes,    9606384 total
[2021-08-17T06:00:22.711+0000][6][gc,age       ] GC(38) - age  12:    3661928 bytes,   13268312 total
[2021-08-17T06:00:22.711+0000][6][gc,phases    ] GC(38)   Pre Evacuate Collection Set: 0.4ms
[2021-08-17T06:00:22.711+0000][6][gc,phases    ] GC(38)   Merge Heap Roots: 0.3ms
[2021-08-17T06:00:22.711+0000][6][gc,phases    ] GC(38)   Evacuate Collection Set: 8.3ms
[2021-08-17T06:00:22.711+0000][6][gc,phases    ] GC(38)   Post Evacuate Collection Set: 1.4ms
[2021-08-17T06:00:22.711+0000][6][gc,phases    ] GC(38)   Other: 0.3ms
[2021-08-17T06:00:22.711+0000][6][gc,heap      ] GC(38) Eden regions: 458->0(457)
[2021-08-17T06:00:22.711+0000][6][gc,heap      ] GC(38) Survivor regions: 14->14(59)
[2021-08-17T06:00:22.712+0000][6][gc,heap      ] GC(38) Old regions: 96->96
[2021-08-17T06:00:22.712+0000][6][gc,heap      ] GC(38) Archive regions: 2->2
[2021-08-17T06:00:22.712+0000][6][gc,heap      ] GC(38) Humongous regions: 55->55
[2021-08-17T06:00:22.712+0000][6][gc,metaspace ] GC(38) Metaspace: 61784K(66064K)->61784K(66064K) NonClass: 53540K(56004K)->53540K(56004K) Class: 8243K(10060K)->8243K(10060K)
[2021-08-17T06:00:22.712+0000][6][gc           ] GC(38) Pause Young (Normal) (G1 Evacuation Pause) 621M->163M(851M) 10.855ms
[2021-08-17T06:00:22.712+0000][6][gc,cpu       ] GC(38) User=0.03s Sys=0.00s Real=0.01s
[2021-08-17T06:00:22.712+0000][6][safepoint    ] Safepoint "G1CollectForAllocation", Time since last: 170385521 ns, Reaching safepoint: 128731 ns, At safepoint: 10936520 ns, Total: 11065251 ns
[2021-08-17T06:00:22.874+0000][6][gc,start     ] GC(39) Pause Young (Normal) (G1 Evacuation Pause)
[2021-08-17T06:00:22.874+0000][6][gc,task      ] GC(39) Using 4 workers of 4 for evacuation
[2021-08-17T06:00:22.874+0000][6][gc,age       ] GC(39) Desired survivor size 30932992 bytes, new threshold 15 (max threshold 15)
[2021-08-17T06:00:22.887+0000][6][gc,age       ] GC(39) Age table with threshold 15 (max threshold 15)
[2021-08-17T06:00:22.887+0000][6][gc,age       ] GC(39) - age   1:       1008 bytes,       1008 total
[2021-08-17T06:00:22.887+0000][6][gc,age       ] GC(39) - age   2:        216 bytes,       1224 total
[2021-08-17T06:00:22.887+0000][6][gc,age       ] GC(39) - age   4:     132384 bytes,     133608 total
[2021-08-17T06:00:22.887+0000][6][gc,age       ] GC(39) - age   6:         32 bytes,     133640 total
[2021-08-17T06:00:22.887+0000][6][gc,age       ] GC(39) - age  11:      30488 bytes,     164128 total
[2021-08-17T06:00:22.887+0000][6][gc,age       ] GC(39) - age  12:    9442224 bytes,    9606352 total
[2021-08-17T06:00:22.887+0000][6][gc,age       ] GC(39) - age  13:    3661928 bytes,   13268280 total
[2021-08-17T06:00:22.887+0000][6][gc,phases    ] GC(39)   Pre Evacuate Collection Set: 0.3ms
[2021-08-17T06:00:22.887+0000][6][gc,phases    ] GC(39)   Merge Heap Roots: 0.3ms
[2021-08-17T06:00:22.887+0000][6][gc,phases    ] GC(39)   Evacuate Collection Set: 10.2ms
[2021-08-17T06:00:22.887+0000][6][gc,phases    ] GC(39)   Post Evacuate Collection Set: 1.6ms
[2021-08-17T06:00:22.887+0000][6][gc,phases    ] GC(39)   Other: 0.2ms
[2021-08-17T06:00:22.887+0000][6][gc,heap      ] GC(39) Eden regions: 457->0(457)
[2021-08-17T06:00:22.887+0000][6][gc,heap      ] GC(39) Survivor regions: 14->14(59)
[2021-08-17T06:00:22.887+0000][6][gc,heap      ] GC(39) Old regions: 96->96
[2021-08-17T06:00:22.887+0000][6][gc,heap      ] GC(39) Archive regions: 2->2
[2021-08-17T06:00:22.887+0000][6][gc,heap      ] GC(39) Humongous regions: 55->55
[2021-08-17T06:00:22.887+0000][6][gc,metaspace ] GC(39) Metaspace: 61784K(66064K)->61784K(66064K) NonClass: 53540K(56004K)->53540K(56004K) Class: 8243K(10060K)->8243K(10060K)
[2021-08-17T06:00:22.887+0000][6][gc           ] GC(39) Pause Young (Normal) (G1 Evacuation Pause) 620M->163M(851M) 12.774ms
[2021-08-17T06:00:22.887+0000][6][gc,cpu       ] GC(39) User=0.04s Sys=0.00s Real=0.02s
[2021-08-17T06:00:22.887+0000][6][safepoint    ] Safepoint "G1CollectForAllocation", Time since last: 162200268 ns, Reaching safepoint: 125901 ns, At safepoint: 12853433 ns, Total: 12979334 ns
[2021-08-17T06:00:23.051+0000][6][gc,start     ] GC(40) Pause Young (Normal) (G1 Evacuation Pause)
[2021-08-17T06:00:23.051+0000][6][gc,task      ] GC(40) Using 4 workers of 4 for evacuation
[2021-08-17T06:00:23.051+0000][6][gc,age       ] GC(40) Desired survivor size 30932992 bytes, new threshold 15 (max threshold 15)
[2021-08-17T06:00:23.061+0000][6][gc,age       ] GC(40) Age table with threshold 15 (max threshold 15)
[2021-08-17T06:00:23.061+0000][6][gc,age       ] GC(40) - age   1:        336 bytes,        336 total
[2021-08-17T06:00:23.061+0000][6][gc,age       ] GC(40) - age   2:        848 bytes,       1184 total
[2021-08-17T06:00:23.061+0000][6][gc,age       ] GC(40) - age   3:        216 bytes,       1400 total
[2021-08-17T06:00:23.061+0000][6][gc,age       ] GC(40) - age   5:     132384 bytes,     133784 total
[2021-08-17T06:00:23.061+0000][6][gc,age       ] GC(40) - age   7:         32 bytes,     133816 total
[2021-08-17T06:00:23.061+0000][6][gc,age       ] GC(40) - age  12:      30488 bytes,     164304 total
[2021-08-17T06:00:23.061+0000][6][gc,age       ] GC(40) - age  13:    9442224 bytes,    9606528 total
[2021-08-17T06:00:23.061+0000][6][gc,age       ] GC(40) - age  14:    3661928 bytes,   13268456 total
[2021-08-17T06:00:23.061+0000][6][gc,phases    ] GC(40)   Pre Evacuate Collection Set: 0.2ms
[2021-08-17T06:00:23.061+0000][6][gc,phases    ] GC(40)   Merge Heap Roots: 0.2ms
[2021-08-17T06:00:23.061+0000][6][gc,phases    ] GC(40)   Evacuate Collection Set: 8.4ms
[2021-08-17T06:00:23.061+0000][6][gc,phases    ] GC(40)   Post Evacuate Collection Set: 1.3ms
[2021-08-17T06:00:23.061+0000][6][gc,phases    ] GC(40)   Other: 0.3ms
[2021-08-17T06:00:23.061+0000][6][gc,heap      ] GC(40) Eden regions: 457->0(457)
[2021-08-17T06:00:23.061+0000][6][gc,heap      ] GC(40) Survivor regions: 14->14(59)
[2021-08-17T06:00:23.061+0000][6][gc,heap      ] GC(40) Old regions: 96->96
[2021-08-17T06:00:23.061+0000][6][gc,heap      ] GC(40) Archive regions: 2->2
[2021-08-17T06:00:23.061+0000][6][gc,heap      ] GC(40) Humongous regions: 55->55
[2021-08-17T06:00:23.061+0000][6][gc,metaspace ] GC(40) Metaspace: 61784K(66064K)->61784K(66064K) NonClass: 53540K(56004K)->53540K(56004K) Class: 8243K(10060K)->8243K(10060K)
[2021-08-17T06:00:23.061+0000][6][gc           ] GC(40) Pause Young (Normal) (G1 Evacuation Pause) 620M->163M(851M) 10.528ms
[2021-08-17T06:00:23.061+0000][6][gc,cpu       ] GC(40) User=0.03s Sys=0.00s Real=0.01s
[2021-08-17T06:00:23.061+0000][6][safepoint    ] Safepoint "G1CollectForAllocation", Time since last: 163724508 ns, Reaching safepoint: 168469 ns, At safepoint: 10609411 ns, Total: 10777880 ns
[2021-08-17T06:00:23.225+0000][6][gc,start     ] GC(41) Pause Young (Normal) (G1 Evacuation Pause)
[2021-08-17T06:00:23.225+0000][6][gc,task      ] GC(41) Using 4 workers of 4 for evacuation
[2021-08-17T06:00:23.225+0000][6][gc,age       ] GC(41) Desired survivor size 30932992 bytes, new threshold 15 (max threshold 15)
[2021-08-17T06:00:23.235+0000][6][gc,age       ] GC(41) Age table with threshold 15 (max threshold 15)
[2021-08-17T06:00:23.235+0000][6][gc,age       ] GC(41) - age   1:        128 bytes,        128 total
[2021-08-17T06:00:23.235+0000][6][gc,age       ] GC(41) - age   2:        208 bytes,        336 total
[2021-08-17T06:00:23.235+0000][6][gc,age       ] GC(41) - age   3:        848 bytes,       1184 total
[2021-08-17T06:00:23.235+0000][6][gc,age       ] GC(41) - age   4:        216 bytes,       1400 total
[2021-08-17T06:00:23.235+0000][6][gc,age       ] GC(41) - age   6:     132384 bytes,     133784 total
[2021-08-17T06:00:23.235+0000][6][gc,age       ] GC(41) - age   8:         32 bytes,     133816 total
[2021-08-17T06:00:23.235+0000][6][gc,age       ] GC(41) - age  13:      30488 bytes,     164304 total
[2021-08-17T06:00:23.235+0000][6][gc,age       ] GC(41) - age  14:    9442224 bytes,    9606528 total
[2021-08-17T06:00:23.235+0000][6][gc,age       ] GC(41) - age  15:    3661928 bytes,   13268456 total
[2021-08-17T06:00:23.235+0000][6][gc,phases    ] GC(41)   Pre Evacuate Collection Set: 0.3ms
[2021-08-17T06:00:23.235+0000][6][gc,phases    ] GC(41)   Merge Heap Roots: 0.4ms
[2021-08-17T06:00:23.235+0000][6][gc,phases    ] GC(41)   Evacuate Collection Set: 8.1ms
[2021-08-17T06:00:23.235+0000][6][gc,phases    ] GC(41)   Post Evacuate Collection Set: 1.3ms
[2021-08-17T06:00:23.235+0000][6][gc,phases    ] GC(41)   Other: 0.2ms
[2021-08-17T06:00:23.235+0000][6][gc,heap      ] GC(41) Eden regions: 457->0(457)
[2021-08-17T06:00:23.235+0000][6][gc,heap      ] GC(41) Survivor regions: 14->14(59)
[2021-08-17T06:00:23.235+0000][6][gc,heap      ] GC(41) Old regions: 96->96
[2021-08-17T06:00:23.235+0000][6][gc,heap      ] GC(41) Archive regions: 2->2
[2021-08-17T06:00:23.235+0000][6][gc,heap      ] GC(41) Humongous regions: 55->55
[2021-08-17T06:00:23.235+0000][6][gc,metaspace ] GC(41) Metaspace: 61784K(66064K)->61784K(66064K) NonClass: 53540K(56004K)->53540K(56004K) Class: 8243K(10060K)->8243K(10060K)
[2021-08-17T06:00:23.235+0000][6][gc           ] GC(41) Pause Young (Normal) (G1 Evacuation Pause) 620M->163M(851M) 10.325ms
[2021-08-17T06:00:23.235+0000][6][gc,cpu       ] GC(41) User=0.03s Sys=0.00s Real=0.01s
[2021-08-17T06:00:23.235+0000][6][safepoint    ] Safepoint "G1CollectForAllocation", Time since last: 163560606 ns, Reaching safepoint: 133107 ns, At safepoint: 10385381 ns, Total: 10518488 ns
[2021-08-17T06:00:23.402+0000][6][gc,start     ] GC(42) Pause Young (Normal) (G1 Evacuation Pause)
[2021-08-17T06:00:23.402+0000][6][gc,task      ] GC(42) Using 4 workers of 4 for evacuation
[2021-08-17T06:00:23.402+0000][6][gc,age       ] GC(42) Desired survivor size 30932992 bytes, new threshold 15 (max threshold 15)
[2021-08-17T06:00:23.413+0000][6][gc,age       ] GC(42) Age table with threshold 15 (max threshold 15)
[2021-08-17T06:00:23.413+0000][6][gc,age       ] GC(42) - age   1:        128 bytes,        128 total
[2021-08-17T06:00:23.413+0000][6][gc,age       ] GC(42) - age   3:        208 bytes,        336 total
[2021-08-17T06:00:23.413+0000][6][gc,age       ] GC(42) - age   4:        848 bytes,       1184 total
[2021-08-17T06:00:23.413+0000][6][gc,age       ] GC(42) - age   5:        216 bytes,       1400 total
[2021-08-17T06:00:23.413+0000][6][gc,age       ] GC(42) - age   7:     132384 bytes,     133784 total
[2021-08-17T06:00:23.413+0000][6][gc,age       ] GC(42) - age   9:         32 bytes,     133816 total
[2021-08-17T06:00:23.413+0000][6][gc,age       ] GC(42) - age  14:      30488 bytes,     164304 total
[2021-08-17T06:00:23.413+0000][6][gc,age       ] GC(42) - age  15:    9442224 bytes,    9606528 total
[2021-08-17T06:00:23.413+0000][6][gc,phases    ] GC(42)   Pre Evacuate Collection Set: 0.3ms
[2021-08-17T06:00:23.413+0000][6][gc,phases    ] GC(42)   Merge Heap Roots: 0.3ms
[2021-08-17T06:00:23.413+0000][6][gc,phases    ] GC(42)   Evacuate Collection Set: 9.2ms
[2021-08-17T06:00:23.413+0000][6][gc,phases    ] GC(42)   Post Evacuate Collection Set: 1.0ms
[2021-08-17T06:00:23.413+0000][6][gc,phases    ] GC(42)   Other: 0.2ms
[2021-08-17T06:00:23.413+0000][6][gc,heap      ] GC(42) Eden regions: 457->0(462)
[2021-08-17T06:00:23.413+0000][6][gc,heap      ] GC(42) Survivor regions: 14->10(59)
[2021-08-17T06:00:23.413+0000][6][gc,heap      ] GC(42) Old regions: 96->99
[2021-08-17T06:00:23.413+0000][6][gc,heap      ] GC(42) Archive regions: 2->2
[2021-08-17T06:00:23.413+0000][6][gc,heap      ] GC(42) Humongous regions: 55->55
[2021-08-17T06:00:23.413+0000][6][gc,metaspace ] GC(42) Metaspace: 61784K(66064K)->61784K(66064K) NonClass: 53540K(56004K)->53540K(56004K) Class: 8243K(10060K)->8243K(10060K)
[2021-08-17T06:00:23.413+0000][6][gc           ] GC(42) Pause Young (Normal) (G1 Evacuation Pause) 620M->163M(851M) 11.088ms
[2021-08-17T06:00:23.413+0000][6][gc,cpu       ] GC(42) User=0.04s Sys=0.00s Real=0.01s
[2021-08-17T06:00:23.413+0000][6][safepoint    ] Safepoint "G1CollectForAllocation", Time since last: 166664571 ns, Reaching safepoint: 136662 ns, At safepoint: 11146093 ns, Total: 11282755 ns
[2021-08-17T06:00:23.584+0000][6][gc,start     ] GC(43) Pause Young (Normal) (G1 Evacuation Pause)
[2021-08-17T06:00:23.584+0000][6][gc,task      ] GC(43) Using 4 workers of 4 for evacuation
[2021-08-17T06:00:23.584+0000][6][gc,age       ] GC(43) Desired survivor size 30932992 bytes, new threshold 15 (max threshold 15)
[2021-08-17T06:00:23.593+0000][6][gc,age       ] GC(43) Age table with threshold 15 (max threshold 15)
[2021-08-17T06:00:23.593+0000][6][gc,age       ] GC(43) - age   1:        376 bytes,        376 total
[2021-08-17T06:00:23.593+0000][6][gc,age       ] GC(43) - age   4:        176 bytes,        552 total
[2021-08-17T06:00:23.593+0000][6][gc,age       ] GC(43) - age   5:        848 bytes,       1400 total
[2021-08-17T06:00:23.593+0000][6][gc,age       ] GC(43) - age   6:         32 bytes,       1432 total
[2021-08-17T06:00:23.593+0000][6][gc,age       ] GC(43) - age   8:     132384 bytes,     133816 total
[2021-08-17T06:00:23.593+0000][6][gc,age       ] GC(43) - age  10:         32 bytes,     133848 total
[2021-08-17T06:00:23.593+0000][6][gc,age       ] GC(43) - age  15:      30488 bytes,     164336 total
[2021-08-17T06:00:23.593+0000][6][gc,phases    ] GC(43)   Pre Evacuate Collection Set: 0.2ms
[2021-08-17T06:00:23.593+0000][6][gc,phases    ] GC(43)   Merge Heap Roots: 0.2ms
[2021-08-17T06:00:23.593+0000][6][gc,phases    ] GC(43)   Evacuate Collection Set: 7.0ms
[2021-08-17T06:00:23.593+0000][6][gc,phases    ] GC(43)   Post Evacuate Collection Set: 1.4ms
[2021-08-17T06:00:23.593+0000][6][gc,phases    ] GC(43)   Other: 0.2ms
[2021-08-17T06:00:23.593+0000][6][gc,heap      ] GC(43) Eden regions: 462->0(467)
[2021-08-17T06:00:23.593+0000][6][gc,heap      ] GC(43) Survivor regions: 10->2(59)
[2021-08-17T06:00:23.593+0000][6][gc,heap      ] GC(43) Old regions: 99->108
[2021-08-17T06:00:23.593+0000][6][gc,heap      ] GC(43) Archive regions: 2->2
[2021-08-17T06:00:23.593+0000][6][gc,heap      ] GC(43) Humongous regions: 57->57
[2021-08-17T06:00:23.593+0000][6][gc,metaspace ] GC(43) Metaspace: 61784K(66064K)->61784K(66064K) NonClass: 53540K(56004K)->53540K(56004K) Class: 8243K(10060K)->8243K(10060K)
[2021-08-17T06:00:23.593+0000][6][gc           ] GC(43) Pause Young (Normal) (G1 Evacuation Pause) 627M->166M(851M) 9.084ms
[2021-08-17T06:00:23.593+0000][6][gc,cpu       ] GC(43) User=0.02s Sys=0.00s Real=0.01s
[2021-08-17T06:00:23.593+0000][6][safepoint    ] Safepoint "G1CollectForAllocation", Time since last: 170819676 ns, Reaching safepoint: 108969 ns, At safepoint: 9164572 ns, Total: 9273541 ns
[2021-08-17T06:00:23.765+0000][6][gc,start     ] GC(44) Pause Young (Normal) (G1 Evacuation Pause)
[2021-08-17T06:00:23.765+0000][6][gc,task      ] GC(44) Using 4 workers of 4 for evacuation
[2021-08-17T06:00:23.765+0000][6][gc,age       ] GC(44) Desired survivor size 30932992 bytes, new threshold 15 (max threshold 15)
[2021-08-17T06:00:23.769+0000][6][gc,age       ] GC(44) Age table with threshold 15 (max threshold 15)
[2021-08-17T06:00:23.769+0000][6][gc,age       ] GC(44) - age   1:        232 bytes,        232 total
[2021-08-17T06:00:23.769+0000][6][gc,age       ] GC(44) - age   2:        248 bytes,        480 total
[2021-08-17T06:00:23.769+0000][6][gc,age       ] GC(44) - age   5:        176 bytes,        656 total
[2021-08-17T06:00:23.769+0000][6][gc,age       ] GC(44) - age   6:        848 bytes,       1504 total
[2021-08-17T06:00:23.769+0000][6][gc,age       ] GC(44) - age   7:         32 bytes,       1536 total
[2021-08-17T06:00:23.769+0000][6][gc,age       ] GC(44) - age   9:     132384 bytes,     133920 total
[2021-08-17T06:00:23.769+0000][6][gc,age       ] GC(44) - age  11:         32 bytes,     133952 total
[2021-08-17T06:00:23.769+0000][6][gc,phases    ] GC(44)   Pre Evacuate Collection Set: 0.2ms
[2021-08-17T06:00:23.769+0000][6][gc,phases    ] GC(44)   Merge Heap Roots: 0.3ms
[2021-08-17T06:00:23.769+0000][6][gc,phases    ] GC(44)   Evacuate Collection Set: 1.6ms
[2021-08-17T06:00:23.769+0000][6][gc,phases    ] GC(44)   Post Evacuate Collection Set: 1.2ms
[2021-08-17T06:00:23.769+0000][6][gc,phases    ] GC(44)   Other: 0.2ms
[2021-08-17T06:00:23.769+0000][6][gc,heap      ] GC(44) Eden regions: 467->0(464)
[2021-08-17T06:00:23.769+0000][6][gc,heap      ] GC(44) Survivor regions: 2->1(59)
[2021-08-17T06:00:23.769+0000][6][gc,heap      ] GC(44) Old regions: 108->109
[2021-08-17T06:00:23.769+0000][6][gc,heap      ] GC(44) Archive regions: 2->2
[2021-08-17T06:00:23.769+0000][6][gc,heap      ] GC(44) Humongous regions: 60->60
[2021-08-17T06:00:23.769+0000][6][gc,metaspace ] GC(44) Metaspace: 61784K(66064K)->61784K(66064K) NonClass: 53540K(56004K)->53540K(56004K) Class: 8243K(10060K)->8243K(10060K)
[2021-08-17T06:00:23.769+0000][6][gc           ] GC(44) Pause Young (Normal) (G1 Evacuation Pause) 636M->169M(851M) 3.523ms
[2021-08-17T06:00:23.769+0000][6][gc,cpu       ] GC(44) User=0.00s Sys=0.00s Real=0.01s
[2021-08-17T06:00:23.769+0000][6][safepoint    ] Safepoint "G1CollectForAllocation", Time since last: 171695988 ns, Reaching safepoint: 120001 ns, At safepoint: 3574662 ns, Total: 3694663 ns
[2021-08-17T06:00:23.933+0000][6][gc,start     ] GC(45) Pause Young (Normal) (G1 Evacuation Pause)
[2021-08-17T06:00:23.933+0000][6][gc,task      ] GC(45) Using 4 workers of 4 for evacuation
[2021-08-17T06:00:23.933+0000][6][gc,age       ] GC(45) Desired survivor size 30932992 bytes, new threshold 15 (max threshold 15)
[2021-08-17T06:00:23.936+0000][6][gc,age       ] GC(45) Age table with threshold 15 (max threshold 15)
[2021-08-17T06:00:23.936+0000][6][gc,age       ] GC(45) - age   1:       1008 bytes,       1008 total
[2021-08-17T06:00:23.936+0000][6][gc,age       ] GC(45) - age   3:        216 bytes,       1224 total
[2021-08-17T06:00:23.936+0000][6][gc,age       ] GC(45) - age   6:        176 bytes,       1400 total
[2021-08-17T06:00:23.936+0000][6][gc,age       ] GC(45) - age   8:         32 bytes,       1432 total
[2021-08-17T06:00:23.936+0000][6][gc,age       ] GC(45) - age  10:     132384 bytes,     133816 total
[2021-08-17T06:00:23.936+0000][6][gc,age       ] GC(45) - age  12:         32 bytes,     133848 total
[2021-08-17T06:00:23.936+0000][6][gc,phases    ] GC(45)   Pre Evacuate Collection Set: 0.2ms
[2021-08-17T06:00:23.936+0000][6][gc,phases    ] GC(45)   Merge Heap Roots: 0.1ms
[2021-08-17T06:00:23.936+0000][6][gc,phases    ] GC(45)   Evacuate Collection Set: 1.3ms
[2021-08-17T06:00:23.936+0000][6][gc,phases    ] GC(45)   Post Evacuate Collection Set: 1.2ms
[2021-08-17T06:00:23.936+0000][6][gc,phases    ] GC(45)   Other: 0.2ms
[2021-08-17T06:00:23.936+0000][6][gc,heap      ] GC(45) Eden regions: 464->0(465)
[2021-08-17T06:00:23.936+0000][6][gc,heap      ] GC(45) Survivor regions: 1->1(59)
[2021-08-17T06:00:23.936+0000][6][gc,heap      ] GC(45) Old regions: 109->109
[2021-08-17T06:00:23.936+0000][6][gc,heap      ] GC(45) Archive regions: 2->2
[2021-08-17T06:00:23.936+0000][6][gc,heap      ] GC(45) Humongous regions: 60->60
[2021-08-17T06:00:23.936+0000][6][gc,metaspace ] GC(45) Metaspace: 61790K(66064K)->61790K(66064K) NonClass: 53546K(56004K)->53546K(56004K) Class: 8243K(10060K)->8243K(10060K)
[2021-08-17T06:00:23.936+0000][6][gc           ] GC(45) Pause Young (Normal) (G1 Evacuation Pause) 633M->168M(851M) 3.003ms
[2021-08-17T06:00:23.936+0000][6][gc,cpu       ] GC(45) User=0.00s Sys=0.00s Real=0.00s
[2021-08-17T06:00:23.936+0000][6][safepoint    ] Safepoint "G1CollectForAllocation", Time since last: 164396204 ns, Reaching safepoint: 126072 ns, At safepoint: 3062662 ns, Total: 3188734 ns
[2021-08-17T06:00:24.099+0000][6][gc,start     ] GC(46) Pause Young (Normal) (G1 Evacuation Pause)
[2021-08-17T06:00:24.099+0000][6][gc,task      ] GC(46) Using 4 workers of 4 for evacuation
[2021-08-17T06:00:24.099+0000][6][gc,age       ] GC(46) Desired survivor size 30932992 bytes, new threshold 15 (max threshold 15)
[2021-08-17T06:00:24.103+0000][6][gc,age       ] GC(46) Age table with threshold 15 (max threshold 15)
[2021-08-17T06:00:24.103+0000][6][gc,age       ] GC(46) - age   1:        160 bytes,        160 total
[2021-08-17T06:00:24.103+0000][6][gc,age       ] GC(46) - age   2:        880 bytes,       1040 total
[2021-08-17T06:00:24.103+0000][6][gc,age       ] GC(46) - age   4:        216 bytes,       1256 total
[2021-08-17T06:00:24.103+0000][6][gc,age       ] GC(46) - age   7:        176 bytes,       1432 total
[2021-08-17T06:00:24.103+0000][6][gc,age       ] GC(46) - age   9:         32 bytes,       1464 total
[2021-08-17T06:00:24.103+0000][6][gc,age       ] GC(46) - age  11:     132384 bytes,     133848 total
[2021-08-17T06:00:24.103+0000][6][gc,age       ] GC(46) - age  13:         32 bytes,     133880 total
[2021-08-17T06:00:24.103+0000][6][gc,phases    ] GC(46)   Pre Evacuate Collection Set: 0.3ms
[2021-08-17T06:00:24.103+0000][6][gc,phases    ] GC(46)   Merge Heap Roots: 0.3ms
[2021-08-17T06:00:24.103+0000][6][gc,phases    ] GC(46)   Evacuate Collection Set: 1.3ms
[2021-08-17T06:00:24.103+0000][6][gc,phases    ] GC(46)   Post Evacuate Collection Set: 2.0ms
[2021-08-17T06:00:24.103+0000][6][gc,phases    ] GC(46)   Other: 0.3ms
[2021-08-17T06:00:24.103+0000][6][gc,heap      ] GC(46) Eden regions: 465->0(465)
[2021-08-17T06:00:24.103+0000][6][gc,heap      ] GC(46) Survivor regions: 1->1(59)
[2021-08-17T06:00:24.103+0000][6][gc,heap      ] GC(46) Old regions: 109->109
[2021-08-17T06:00:24.103+0000][6][gc,heap      ] GC(46) Archive regions: 2->2
[2021-08-17T06:00:24.103+0000][6][gc,heap      ] GC(46) Humongous regions: 60->60
[2021-08-17T06:00:24.103+0000][6][gc,metaspace ] GC(46) Metaspace: 61790K(66064K)->61790K(66064K) NonClass: 53546K(56004K)->53546K(56004K) Class: 8243K(10060K)->8243K(10060K)
[2021-08-17T06:00:24.103+0000][6][gc           ] GC(46) Pause Young (Normal) (G1 Evacuation Pause) 633M->168M(851M) 4.196ms
[2021-08-17T06:00:24.103+0000][6][gc,cpu       ] GC(46) User=0.00s Sys=0.00s Real=0.00s
[2021-08-17T06:00:24.103+0000][6][safepoint    ] Safepoint "G1CollectForAllocation", Time since last: 162263820 ns, Reaching safepoint: 135244 ns, At safepoint: 4272950 ns, Total: 4408194 ns
[2021-08-17T06:00:25.357+0000][6][gc,start     ] GC(47) Pause Young (Normal) (G1 Evacuation Pause)
[2021-08-17T06:00:25.357+0000][6][gc,task      ] GC(47) Using 4 workers of 4 for evacuation
[2021-08-17T06:00:25.357+0000][6][gc,age       ] GC(47) Desired survivor size 30932992 bytes, new threshold 15 (max threshold 15)
[2021-08-17T06:00:25.373+0000][6][gc,age       ] GC(47) Age table with threshold 15 (max threshold 15)
[2021-08-17T06:00:25.373+0000][6][gc,age       ] GC(47) - age   1:    9484016 bytes,    9484016 total
[2021-08-17T06:00:25.373+0000][6][gc,age       ] GC(47) - age   5:         32 bytes,    9484048 total
[2021-08-17T06:00:25.373+0000][6][gc,age       ] GC(47) - age   8:        176 bytes,    9484224 total
[2021-08-17T06:00:25.373+0000][6][gc,age       ] GC(47) - age  12:      64192 bytes,    9548416 total
[2021-08-17T06:00:25.373+0000][6][gc,phases    ] GC(47)   Pre Evacuate Collection Set: 0.3ms
[2021-08-17T06:00:25.373+0000][6][gc,phases    ] GC(47)   Merge Heap Roots: 0.3ms
[2021-08-17T06:00:25.373+0000][6][gc,phases    ] GC(47)   Evacuate Collection Set: 13.6ms
[2021-08-17T06:00:25.373+0000][6][gc,phases    ] GC(47)   Post Evacuate Collection Set: 2.4ms
[2021-08-17T06:00:25.373+0000][6][gc,phases    ] GC(47)   Other: 0.2ms
[2021-08-17T06:00:25.373+0000][6][gc,heap      ] GC(47) Eden regions: 465->0(438)
[2021-08-17T06:00:25.373+0000][6][gc,heap      ] GC(47) Survivor regions: 1->10(59)
[2021-08-17T06:00:25.373+0000][6][gc,heap      ] GC(47) Old regions: 109->109
[2021-08-17T06:00:25.373+0000][6][gc,heap      ] GC(47) Archive regions: 2->2
[2021-08-17T06:00:25.373+0000][6][gc,heap      ] GC(47) Humongous regions: 70->69
[2021-08-17T06:00:25.373+0000][6][gc,metaspace ] GC(47) Metaspace: 61915K(66320K)->61915K(66320K) NonClass: 53671K(56260K)->53671K(56260K) Class: 8243K(10060K)->8243K(10060K)
[2021-08-17T06:00:25.374+0000][6][gc           ] GC(47) Pause Young (Normal) (G1 Evacuation Pause) 643M->186M(851M) 16.953ms
[2021-08-17T06:00:25.374+0000][6][gc,cpu       ] GC(47) User=0.05s Sys=0.00s Real=0.02s
[2021-08-17T06:00:25.374+0000][6][safepoint    ] Safepoint "G1CollectForAllocation", Time since last: 1253182999 ns, Reaching safepoint: 306152 ns, At safepoint: 17054251 ns, Total: 17360403 ns
[2021-08-17T06:00:26.374+0000][6][safepoint    ] Safepoint "Cleanup", Time since last: 1000796019 ns, Reaching safepoint: 96876 ns, At safepoint: 4832 ns, Total: 101708 ns
[2021-08-17T06:00:26.522+0000][6][safepoint    ] Safepoint "BulkRevokeBias", Time since last: 147167536 ns, Reaching safepoint: 283055 ns, At safepoint: 209404 ns, Total: 492459 ns
[2021-08-17T06:00:26.571+0000][6][gc,start     ] GC(48) Pause Young (Normal) (G1 Evacuation Pause)
[2021-08-17T06:00:26.571+0000][6][gc,task      ] GC(48) Using 4 workers of 4 for evacuation
[2021-08-17T06:00:26.571+0000][6][gc,age       ] GC(48) Desired survivor size 29360128 bytes, new threshold 15 (max threshold 15)
[2021-08-17T06:00:26.606+0000][6][gc,age       ] GC(48) Age table with threshold 15 (max threshold 15)
[2021-08-17T06:00:26.606+0000][6][gc,age       ] GC(48) - age   1:   11685800 bytes,   11685800 total
[2021-08-17T06:00:26.606+0000][6][gc,age       ] GC(48) - age   2:    9243136 bytes,   20928936 total
[2021-08-17T06:00:26.606+0000][6][gc,age       ] GC(48) - age   6:         32 bytes,   20928968 total
[2021-08-17T06:00:26.606+0000][6][gc,age       ] GC(48) - age   9:        176 bytes,   20929144 total
[2021-08-17T06:00:26.606+0000][6][gc,age       ] GC(48) - age  13:      64072 bytes,   20993216 total
[2021-08-17T06:00:26.606+0000][6][gc,phases    ] GC(48)   Pre Evacuate Collection Set: 0.2ms
[2021-08-17T06:00:26.606+0000][6][gc,phases    ] GC(48)   Merge Heap Roots: 2.0ms
[2021-08-17T06:00:26.606+0000][6][gc,phases    ] GC(48)   Evacuate Collection Set: 30.6ms
[2021-08-17T06:00:26.606+0000][6][gc,phases    ] GC(48)   Post Evacuate Collection Set: 1.5ms
[2021-08-17T06:00:26.606+0000][6][gc,phases    ] GC(48)   Other: 0.2ms
[2021-08-17T06:00:26.606+0000][6][gc,heap      ] GC(48) Eden regions: 438->0(411)
[2021-08-17T06:00:26.606+0000][6][gc,heap      ] GC(48) Survivor regions: 10->21(56)
[2021-08-17T06:00:26.606+0000][6][gc,heap      ] GC(48) Old regions: 109->109
[2021-08-17T06:00:26.606+0000][6][gc,heap      ] GC(48) Archive regions: 2->2
[2021-08-17T06:00:26.606+0000][6][gc,heap      ] GC(48) Humongous regions: 76->74
[2021-08-17T06:00:26.606+0000][6][gc,metaspace ] GC(48) Metaspace: 63464K(67856K)->63464K(67856K) NonClass: 55028K(57540K)->55028K(57540K) Class: 8435K(10316K)->8435K(10316K)
[2021-08-17T06:00:26.606+0000][6][gc           ] GC(48) Pause Young (Normal) (G1 Evacuation Pause) 631M->203M(851M) 34.541ms
[2021-08-17T06:00:26.606+0000][6][gc,cpu       ] GC(48) User=0.10s Sys=0.00s Real=0.03s
[2021-08-17T06:00:26.606+0000][6][safepoint    ] Safepoint "G1CollectForAllocation", Time since last: 48589303 ns, Reaching safepoint: 488333 ns, At safepoint: 34655007 ns, Total: 35143340 ns
[2021-08-17T06:00:26.638+0000][6][safepoint    ] Safepoint "BulkRevokeBias", Time since last: 31487550 ns, Reaching safepoint: 519786 ns, At safepoint: 265763 ns, Total: 785549 ns
[2021-08-17T06:00:27.022+0000][6][safepoint    ] Safepoint "BulkRevokeBias", Time since last: 383094892 ns, Reaching safepoint: 1065456 ns, At safepoint: 180337 ns, Total: 1245793 ns
[2021-08-17T06:00:28.643+0000][6][safepoint    ] Safepoint "Cleanup", Time since last: 1620385686 ns, Reaching safepoint: 210961 ns, At safepoint: 6962 ns, Total: 217923 ns
[2021-08-17T06:00:29.501+0000][6][safepoint    ] Safepoint "BulkRevokeBias", Time since last: 856799129 ns, Reaching safepoint: 554704 ns, At safepoint: 211524 ns, Total: 766228 ns
[2021-08-17T06:00:30.509+0000][6][safepoint    ] Safepoint "Cleanup", Time since last: 1005648184 ns, Reaching safepoint: 2471128 ns, At safepoint: 18430 ns, Total: 2489558 ns
[2021-08-17T06:00:31.510+0000][6][safepoint    ] Safepoint "Cleanup", Time since last: 1001439064 ns, Reaching safepoint: 162808 ns, At safepoint: 7823 ns, Total: 170631 ns
[2021-08-17T06:00:32.963+0000][6][safepoint    ] Safepoint "Cleanup", Time since last: 1451810899 ns, Reaching safepoint: 347681 ns, At safepoint: 11859 ns, Total: 359540 ns
[2021-08-17T06:00:34.463+0000][6][safepoint    ] Safepoint "Cleanup", Time since last: 1500611663 ns, Reaching safepoint: 200811 ns, At safepoint: 37081 ns, Total: 237892 ns
[2021-08-17T06:00:36.962+0000][6][safepoint    ] Safepoint "Cleanup", Time since last: 2498601530 ns, Reaching safepoint: 112870 ns, At safepoint: 5045 ns, Total: 117915 ns
[2021-08-17T06:00:39.462+0000][6][safepoint    ] Safepoint "Cleanup", Time since last: 2499764737 ns, Reaching safepoint: 130542 ns, At safepoint: 4452 ns, Total: 134994 ns
[2021-08-17T06:00:41.464+0000][6][safepoint    ] Safepoint "Cleanup", Time since last: 2001496263 ns, Reaching safepoint: 167808 ns, At safepoint: 7290 ns, Total: 175098 ns
[2021-08-17T06:00:43.172+0000][6][safepoint    ] Safepoint "Cleanup", Time since last: 1707659953 ns, Reaching safepoint: 147319 ns, At safepoint: 4778 ns, Total: 152097 ns
[2021-08-17T06:00:44.469+0000][6][safepoint    ] Safepoint "Cleanup", Time since last: 1296528536 ns, Reaching safepoint: 593888 ns, At safepoint: 24414 ns, Total: 618302 ns
[2021-08-17T06:00:47.289+0000][6][safepoint    ] Safepoint "Cleanup", Time since last: 2819920060 ns, Reaching safepoint: 265211 ns, At safepoint: 7233 ns, Total: 272444 ns
[2021-08-17T06:00:48.290+0000][6][safepoint    ] Safepoint "Cleanup", Time since last: 1000660821 ns, Reaching safepoint: 133067 ns, At safepoint: 4663 ns, Total: 137730 ns
[2021-08-17T06:00:49.448+0000][6][safepoint    ] Safepoint "Cleanup", Time since last: 1157630617 ns, Reaching safepoint: 250956 ns, At safepoint: 5244 ns, Total: 256200 ns
[2021-08-17T06:00:50.471+0000][6][safepoint    ] Safepoint "Cleanup", Time since last: 1023465311 ns, Reaching safepoint: 203164 ns, At safepoint: 4902 ns, Total: 208066 ns
[2021-08-17T06:00:54.479+0000][6][safepoint    ] Safepoint "Cleanup", Time since last: 4007630110 ns, Reaching safepoint: 320934 ns, At safepoint: 39395 ns, Total: 360329 ns
[2021-08-17T06:00:56.408+0000][6][safepoint    ] Safepoint "Cleanup", Time since last: 1928727777 ns, Reaching safepoint: 226781 ns, At safepoint: 8502 ns, Total: 235283 ns
[2021-08-17T06:00:57.984+0000][6][safepoint    ] Safepoint "Cleanup", Time since last: 1575356381 ns, Reaching safepoint: 198306 ns, At safepoint: 6614 ns, Total: 204920 ns
[2021-08-17T06:00:59.485+0000][6][safepoint    ] Safepoint "Cleanup", Time since last: 1501135921 ns, Reaching safepoint: 247992 ns, At safepoint: 39272 ns, Total: 287264 ns
[2021-08-17T06:01:01.487+0000][6][safepoint    ] Safepoint "Cleanup", Time since last: 2001633133 ns, Reaching safepoint: 226271 ns, At safepoint: 7362 ns, Total: 233633 ns
[2021-08-17T06:01:02.994+0000][6][safepoint    ] Safepoint "Cleanup", Time since last: 1506893910 ns, Reaching safepoint: 214662 ns, At safepoint: 8556 ns, Total: 223218 ns
[2021-08-17T06:01:04.490+0000][6][safepoint    ] Safepoint "Cleanup", Time since last: 1496129643 ns, Reaching safepoint: 127423 ns, At safepoint: 20070 ns, Total: 147493 ns
[2021-08-17T06:01:05.493+0000][6][safepoint    ] Safepoint "Cleanup", Time since last: 1001968821 ns, Reaching safepoint: 198725 ns, At safepoint: 6912 ns, Total: 205637 ns
[2021-08-17T06:01:06.993+0000][6][safepoint    ] Safepoint "Cleanup", Time since last: 1500078849 ns, Reaching safepoint: 146346 ns, At safepoint: 28009 ns, Total: 174355 ns
[2021-08-17T06:01:07.995+0000][6][safepoint    ] Safepoint "Cleanup", Time since last: 1001529445 ns, Reaching safepoint: 154158 ns, At safepoint: 5878 ns, Total: 160036 ns
[2021-08-17T06:01:08.998+0000][6][safepoint    ] Safepoint "Cleanup", Time since last: 1003217630 ns, Reaching safepoint: 192752 ns, At safepoint: 5893 ns, Total: 198645 ns
[2021-08-17T06:01:10.499+0000][6][safepoint    ] Safepoint "Cleanup", Time since last: 1501044860 ns, Reaching safepoint: 191693 ns, At safepoint: 5102 ns, Total: 196795 ns
[2021-08-17T06:01:11.998+0000][6][safepoint    ] Safepoint "Cleanup", Time since last: 1498441197 ns, Reaching safepoint: 171097 ns, At safepoint: 5257 ns, Total: 176354 ns
[2021-08-17T06:01:14.502+0000][6][safepoint    ] Safepoint "Cleanup", Time since last: 2503728538 ns, Reaching safepoint: 196868 ns, At safepoint: 6628 ns, Total: 203496 ns
[2021-08-17T06:01:15.641+0000][6][safepoint    ] Safepoint "Cleanup", Time since last: 1138756759 ns, Reaching safepoint: 79818 ns, At safepoint: 3985 ns, Total: 83803 ns
[2021-08-17T06:01:16.762+0000][6][safepoint    ] Safepoint "Cleanup", Time since last: 1121301366 ns, Reaching safepoint: 217236 ns, At safepoint: 26318 ns, Total: 243554 ns
[2021-08-17T06:01:18.012+0000][6][safepoint    ] Safepoint "Cleanup", Time since last: 1249545043 ns, Reaching safepoint: 166248 ns, At safepoint: 5415 ns, Total: 171663 ns
[2021-08-17T06:01:19.511+0000][6][safepoint    ] Safepoint "Cleanup", Time since last: 1494576795 ns, Reaching safepoint: 4819888 ns, At safepoint: 25243 ns, Total: 4845131 ns
[2021-08-17T06:01:22.012+0000][6][safepoint    ] Safepoint "Cleanup", Time since last: 2500461066 ns, Reaching safepoint: 87603 ns, At safepoint: 5020 ns, Total: 92623 ns
[2021-08-17T06:01:23.012+0000][6][safepoint    ] Safepoint "Cleanup", Time since last: 1000185959 ns, Reaching safepoint: 165130 ns, At safepoint: 8746 ns, Total: 173876 ns
[2021-08-17T06:01:24.514+0000][6][safepoint    ] Safepoint "Cleanup", Time since last: 1500445989 ns, Reaching safepoint: 937053 ns, At safepoint: 28978 ns, Total: 966031 ns
[2021-08-17T06:01:27.189+0000][6][safepoint    ] Safepoint "Cleanup", Time since last: 2672648651 ns, Reaching safepoint: 3122268 ns, At safepoint: 16020 ns, Total: 3138288 ns
[2021-08-17T06:01:27.237+0000][6][safepoint    ] Safepoint "BulkRevokeBias", Time since last: 46357975 ns, Reaching safepoint: 239591 ns, At safepoint: 739484 ns, Total: 979075 ns
[2021-08-17T06:01:28.263+0000][6][safepoint    ] Safepoint "Cleanup", Time since last: 1026578021 ns, Reaching safepoint: 148144 ns, At safepoint: 5367 ns, Total: 153511 ns
[2021-08-17T06:01:29.264+0000][6][safepoint    ] Safepoint "Cleanup", Time since last: 1000549094 ns, Reaching safepoint: 133763 ns, At safepoint: 5886 ns, Total: 139649 ns
[2021-08-17T06:01:30.630+0000][6][safepoint    ] Safepoint "Cleanup", Time since last: 1365405269 ns, Reaching safepoint: 380716 ns, At safepoint: 32159 ns, Total: 412875 ns
[2021-08-17T06:01:32.027+0000][6][safepoint    ] Safepoint "Cleanup", Time since last: 1395807911 ns, Reaching safepoint: 848814 ns, At safepoint: 7202 ns, Total: 856016 ns
[2021-08-17T06:01:33.027+0000][6][safepoint    ] Safepoint "Cleanup", Time since last: 1000189622 ns, Reaching safepoint: 125392 ns, At safepoint: 4810 ns, Total: 130202 ns
[2021-08-17T06:01:34.028+0000][6][safepoint    ] Safepoint "Cleanup", Time since last: 1000523167 ns, Reaching safepoint: 188099 ns, At safepoint: 27787 ns, Total: 215886 ns
[2021-08-17T06:01:35.522+0000][6][safepoint    ] Safepoint "Cleanup", Time since last: 1494151498 ns, Reaching safepoint: 117265 ns, At safepoint: 4374 ns, Total: 121639 ns
[2021-08-17T06:01:36.404+0000][6][safepoint    ] Safepoint "BulkRevokeBias", Time since last: 881913050 ns, Reaching safepoint: 103630 ns, At safepoint: 179959 ns, Total: 283589 ns
[2021-08-17T06:01:38.026+0000][6][safepoint    ] Safepoint "Cleanup", Time since last: 1621590963 ns, Reaching safepoint: 137059 ns, At safepoint: 4927 ns, Total: 141986 ns
[2021-08-17T06:01:39.288+0000][6][safepoint    ] Safepoint "Cleanup", Time since last: 1261765295 ns, Reaching safepoint: 175820 ns, At safepoint: 38935 ns, Total: 214755 ns
[2021-08-17T06:01:40.525+0000][6][safepoint    ] Safepoint "Cleanup", Time since last: 1237214151 ns, Reaching safepoint: 160628 ns, At safepoint: 7143 ns, Total: 167771 ns
[2021-08-17T06:01:42.606+0000][6][safepoint    ] Safepoint "Cleanup", Time since last: 2080649369 ns, Reaching safepoint: 253768 ns, At safepoint: 39081 ns, Total: 292849 ns
[2021-08-17T06:01:43.613+0000][6][safepoint    ] Safepoint "Cleanup", Time since last: 1006558832 ns, Reaching safepoint: 196131 ns, At safepoint: 7942 ns, Total: 204073 ns
[2021-08-17T06:01:45.532+0000][6][safepoint    ] Safepoint "Cleanup", Time since last: 1918865996 ns, Reaching safepoint: 143146 ns, At safepoint: 5428 ns, Total: 148574 ns
[2021-08-17T06:01:46.534+0000][6][safepoint    ] Safepoint "Cleanup", Time since last: 1001612833 ns, Reaching safepoint: 137877 ns, At safepoint: 4958 ns, Total: 142835 ns
[2021-08-17T06:01:48.038+0000][6][safepoint    ] Safepoint "Cleanup", Time since last: 1503796297 ns, Reaching safepoint: 122771 ns, At safepoint: 4292 ns, Total: 127063 ns
[2021-08-17T06:01:49.542+0000][6][safepoint    ] Safepoint "Cleanup", Time since last: 1504210148 ns, Reaching safepoint: 137806 ns, At safepoint: 6282 ns, Total: 144088 ns
[2021-08-17T06:01:52.046+0000][6][safepoint    ] Safepoint "Cleanup", Time since last: 2503859106 ns, Reaching safepoint: 180306 ns, At safepoint: 36627 ns, Total: 216933 ns
[2021-08-17T06:01:53.048+0000][6][safepoint    ] Safepoint "Cleanup", Time since last: 1002037602 ns, Reaching safepoint: 202416 ns, At safepoint: 9232 ns, Total: 211648 ns
[2021-08-17T06:01:56.549+0000][6][safepoint    ] Safepoint "Cleanup", Time since last: 3500743207 ns, Reaching safepoint: 147248 ns, At safepoint: 7229 ns, Total: 154477 ns
[2021-08-17T06:01:58.050+0000][6][safepoint    ] Safepoint "Cleanup", Time since last: 1500376673 ns, Reaching safepoint: 112389 ns, At safepoint: 5268 ns, Total: 117657 ns
[2021-08-17T06:01:59.551+0000][6][safepoint    ] Safepoint "Cleanup", Time since last: 1501309741 ns, Reaching safepoint: 202558 ns, At safepoint: 28922 ns, Total: 231480 ns
[2021-08-17T06:02:08.064+0000][6][safepoint    ] Safepoint "Cleanup", Time since last: 8512727172 ns, Reaching safepoint: 411301 ns, At safepoint: 14113 ns, Total: 425414 ns
[2021-08-17T06:02:09.566+0000][6][safepoint    ] Safepoint "Cleanup", Time since last: 1500647436 ns, Reaching safepoint: 734569 ns, At safepoint: 40935 ns, Total: 775504 ns
[2021-08-17T06:02:15.573+0000][6][safepoint    ] Safepoint "Cleanup", Time since last: 6006549246 ns, Reaching safepoint: 217499 ns, At safepoint: 4790 ns, Total: 222289 ns
[2021-08-17T06:02:18.074+0000][6][safepoint    ] Safepoint "Cleanup", Time since last: 2501344630 ns, Reaching safepoint: 221175 ns, At safepoint: 8228 ns, Total: 229403 ns
[2021-08-17T06:02:19.076+0000][6][safepoint    ] Safepoint "Cleanup", Time since last: 1001229981 ns, Reaching safepoint: 235818 ns, At safepoint: 9183 ns, Total: 245001 ns
[2021-08-17T06:02:20.582+0000][6][safepoint    ] Safepoint "Cleanup", Time since last: 1506111891 ns, Reaching safepoint: 122790 ns, At safepoint: 4713 ns, Total: 127503 ns
[2021-08-17T06:02:22.584+0000][6][safepoint    ] Safepoint "Cleanup", Time since last: 2001204748 ns, Reaching safepoint: 1247446 ns, At safepoint: 50426 ns, Total: 1297872 ns
[2021-08-17T06:02:22.659+0000][6][safepoint    ] Safepoint "BulkRevokeBias", Time since last: 74367967 ns, Reaching safepoint: 136742 ns, At safepoint: 182737 ns, Total: 319479 ns
[2021-08-17T06:02:22.664+0000][6][safepoint    ] Safepoint "BulkRevokeBias", Time since last: 4001091 ns, Reaching safepoint: 384719 ns, At safepoint: 220265 ns, Total: 604984 ns
[2021-08-17T06:02:22.677+0000][6][safepoint    ] Safepoint "BulkRevokeBias", Time since last: 12995882 ns, Reaching safepoint: 192778 ns, At safepoint: 457856 ns, Total: 650634 ns
[2021-08-17T06:02:22.715+0000][6][safepoint    ] Safepoint "BulkRevokeBias", Time since last: 37553093 ns, Reaching safepoint: 135659 ns, At safepoint: 175875 ns, Total: 311534 ns
[2021-08-17T06:02:22.728+0000][6][gc,heap,exit ] Heap
[2021-08-17T06:02:22.728+0000][6][gc,heap,exit ]  garbage-first heap   total 871424K, used 297285K [0x00000000c0000000, 0x0000000100000000)
[2021-08-17T06:02:22.728+0000][6][gc,heap,exit ]   region size 1024K, 110 young (112640K), 21 survivors (21504K)
[2021-08-17T06:02:22.728+0000][6][gc,heap,exit ]  Metaspace       used 68315K, capacity 72697K, committed 72976K, reserved 1112064K
[2021-08-17T06:02:22.729+0000][6][gc,heap,exit ]   class space    used 9058K, capacity 10972K, committed 11084K, reserved 1048576K
