[2021-08-17T05:53:48.696+0000][6][gc,heap] Heap region size: 1M
[2021-08-17T05:53:48.697+0000][6][gc,heap,coops] Heap address: 0x00000000c0000000, size: 1024 MB, Compressed Oops mode: 32-bit
[2021-08-17T05:53:48.814+0000][6][gc           ] Using G1
[2021-08-17T05:53:48.815+0000][6][gc,cds       ] Mark closed archive regions in map: [0x00000000fff00000, 0x00000000fff7eff8]
[2021-08-17T05:53:48.815+0000][6][gc,cds       ] Mark open archive regions in map: [0x00000000ffe00000, 0x00000000ffe51ff8]
[2021-08-17T05:53:48.829+0000][6][gc           ] Periodic GC disabled
[2021-08-17T05:53:49.174+0000][6][gc,start     ] GC(0) Pause Young (Normal) (G1 Evacuation Pause)
[2021-08-17T05:53:49.175+0000][6][gc,task      ] GC(0) Using 4 workers of 4 for evacuation
[2021-08-17T05:53:49.175+0000][6][gc,age       ] GC(0) Desired survivor size 1048576 bytes, new threshold 15 (max threshold 15)
[2021-08-17T05:53:49.178+0000][6][gc,age       ] GC(0) Age table with threshold 15 (max threshold 15)
[2021-08-17T05:53:49.178+0000][6][gc,age       ] GC(0) - age   1:    2090728 bytes,    2090728 total
[2021-08-17T05:53:49.178+0000][6][gc,phases    ] GC(0)   Pre Evacuate Collection Set: 0.2ms
[2021-08-17T05:53:49.178+0000][6][gc,phases    ] GC(0)   Merge Heap Roots: 0.1ms
[2021-08-17T05:53:49.178+0000][6][gc,phases    ] GC(0)   Evacuate Collection Set: 3.0ms
[2021-08-17T05:53:49.178+0000][6][gc,phases    ] GC(0)   Post Evacuate Collection Set: 0.5ms
[2021-08-17T05:53:49.178+0000][6][gc,phases    ] GC(0)   Other: 0.9ms
[2021-08-17T05:53:49.179+0000][6][gc,heap      ] GC(0) Eden regions: 13->0(16)
[2021-08-17T05:53:49.179+0000][6][gc,heap      ] GC(0) Survivor regions: 0->2(2)
[2021-08-17T05:53:49.179+0000][6][gc,heap      ] GC(0) Old regions: 0->1
[2021-08-17T05:53:49.179+0000][6][gc,heap      ] GC(0) Archive regions: 2->2
[2021-08-17T05:53:49.179+0000][6][gc,heap      ] GC(0) Humongous regions: 1->1
[2021-08-17T05:53:49.179+0000][6][gc,metaspace ] GC(0) Metaspace: 3471K(6656K)->3471K(6656K) NonClass: 3111K(5888K)->3111K(5888K) Class: 360K(768K)->360K(768K)
[2021-08-17T05:53:49.179+0000][6][gc           ] GC(0) Pause Young (Normal) (G1 Evacuation Pause) 14M->3M(258M) 4.696ms
[2021-08-17T05:53:49.179+0000][6][gc,cpu       ] GC(0) User=0.00s Sys=0.00s Real=0.01s
[2021-08-17T05:53:49.179+0000][6][safepoint    ] Safepoint "G1CollectForAllocation", Time since last: 351158552 ns, Reaching safepoint: 370047 ns, At safepoint: 4762638 ns, Total: 5132685 ns
[2021-08-17T05:53:49.582+0000][6][gc,start     ] GC(1) Pause Young (Normal) (G1 Evacuation Pause)
[2021-08-17T05:53:49.582+0000][6][gc,task      ] GC(1) Using 4 workers of 4 for evacuation
[2021-08-17T05:53:49.582+0000][6][gc,age       ] GC(1) Desired survivor size 1572864 bytes, new threshold 1 (max threshold 15)
[2021-08-17T05:53:49.587+0000][6][gc,age       ] GC(1) Age table with threshold 1 (max threshold 15)
[2021-08-17T05:53:49.587+0000][6][gc,age       ] GC(1) - age   1:    1251360 bytes,    1251360 total
[2021-08-17T05:53:49.587+0000][6][gc,phases    ] GC(1)   Pre Evacuate Collection Set: 0.1ms
[2021-08-17T05:53:49.587+0000][6][gc,phases    ] GC(1)   Merge Heap Roots: 0.0ms
[2021-08-17T05:53:49.587+0000][6][gc,phases    ] GC(1)   Evacuate Collection Set: 4.0ms
[2021-08-17T05:53:49.587+0000][6][gc,phases    ] GC(1)   Post Evacuate Collection Set: 0.6ms
[2021-08-17T05:53:49.587+0000][6][gc,phases    ] GC(1)   Other: 0.1ms
[2021-08-17T05:53:49.587+0000][6][gc,heap      ] GC(1) Eden regions: 16->0(49)
[2021-08-17T05:53:49.587+0000][6][gc,heap      ] GC(1) Survivor regions: 2->2(3)
[2021-08-17T05:53:49.587+0000][6][gc,heap      ] GC(1) Old regions: 1->3
[2021-08-17T05:53:49.587+0000][6][gc,heap      ] GC(1) Archive regions: 2->2
[2021-08-17T05:53:49.587+0000][6][gc,heap      ] GC(1) Humongous regions: 1->1
[2021-08-17T05:53:49.587+0000][6][gc,metaspace ] GC(1) Metaspace: 8046K(9600K)->8046K(9600K) NonClass: 7095K(8448K)->7095K(8448K) Class: 950K(1152K)->950K(1152K)
[2021-08-17T05:53:49.587+0000][6][gc           ] GC(1) Pause Young (Normal) (G1 Evacuation Pause) 19M->5M(258M) 4.916ms
[2021-08-17T05:53:49.587+0000][6][gc,cpu       ] GC(1) User=0.01s Sys=0.00s Real=0.01s
[2021-08-17T05:53:49.587+0000][6][safepoint    ] Safepoint "G1CollectForAllocation", Time since last: 403598798 ns, Reaching safepoint: 266727 ns, At safepoint: 4973140 ns, Total: 5239867 ns
[2021-08-17T05:53:50.304+0000][6][safepoint    ] Safepoint "ICBufferFull", Time since last: 715997076 ns, Reaching safepoint: 428872 ns, At safepoint: 25537 ns, Total: 454409 ns
[2021-08-17T05:53:50.492+0000][6][gc,start     ] GC(2) Pause Young (Normal) (G1 Evacuation Pause)
[2021-08-17T05:53:50.492+0000][6][gc,task      ] GC(2) Using 4 workers of 4 for evacuation
[2021-08-17T05:53:50.492+0000][6][gc,age       ] GC(2) Desired survivor size 3670016 bytes, new threshold 15 (max threshold 15)
[2021-08-17T05:53:50.501+0000][6][gc,age       ] GC(2) Age table with threshold 15 (max threshold 15)
[2021-08-17T05:53:50.501+0000][6][gc,age       ] GC(2) - age   1:    3001288 bytes,    3001288 total
[2021-08-17T05:53:50.502+0000][6][gc,age       ] GC(2) - age   2:    1171016 bytes,    4172304 total
[2021-08-17T05:53:50.502+0000][6][gc,phases    ] GC(2)   Pre Evacuate Collection Set: 0.2ms
[2021-08-17T05:53:50.502+0000][6][gc,phases    ] GC(2)   Merge Heap Roots: 0.0ms
[2021-08-17T05:53:50.502+0000][6][gc,phases    ] GC(2)   Evacuate Collection Set: 8.1ms
[2021-08-17T05:53:50.502+0000][6][gc,phases    ] GC(2)   Post Evacuate Collection Set: 1.5ms
[2021-08-17T05:53:50.502+0000][6][gc,phases    ] GC(2)   Other: 0.1ms
[2021-08-17T05:53:50.502+0000][6][gc,heap      ] GC(2) Eden regions: 49->0(148)
[2021-08-17T05:53:50.502+0000][6][gc,heap      ] GC(2) Survivor regions: 2->5(7)
[2021-08-17T05:53:50.502+0000][6][gc,heap      ] GC(2) Old regions: 3->3
[2021-08-17T05:53:50.502+0000][6][gc,heap      ] GC(2) Archive regions: 2->2
[2021-08-17T05:53:50.502+0000][6][gc,heap      ] GC(2) Humongous regions: 1->1
[2021-08-17T05:53:50.502+0000][6][gc,metaspace ] GC(2) Metaspace: 13940K(14848K)->13940K(14848K) NonClass: 12231K(12800K)->12231K(12800K) Class: 1708K(2048K)->1708K(2048K)
[2021-08-17T05:53:50.502+0000][6][gc           ] GC(2) Pause Young (Normal) (G1 Evacuation Pause) 54M->8M(258M) 10.037ms
[2021-08-17T05:53:50.502+0000][6][gc,cpu       ] GC(2) User=0.01s Sys=0.00s Real=0.01s
[2021-08-17T05:53:50.502+0000][6][safepoint    ] Safepoint "G1CollectForAllocation", Time since last: 185084562 ns, Reaching safepoint: 2596446 ns, At safepoint: 10113521 ns, Total: 12709967 ns
[2021-08-17T05:53:50.517+0000][6][safepoint    ] Safepoint "BulkRevokeBias", Time since last: 10026625 ns, Reaching safepoint: 5661231 ns, At safepoint: 57085 ns, Total: 5718316 ns
[2021-08-17T05:53:51.019+0000][6][gc,start     ] GC(3) Pause Young (Normal) (G1 Evacuation Pause)
[2021-08-17T05:53:51.019+0000][6][gc,task      ] GC(3) Using 4 workers of 4 for evacuation
[2021-08-17T05:53:51.019+0000][6][gc,age       ] GC(3) Desired survivor size 10485760 bytes, new threshold 15 (max threshold 15)
[2021-08-17T05:53:51.025+0000][6][gc,age       ] GC(3) Age table with threshold 15 (max threshold 15)
[2021-08-17T05:53:51.025+0000][6][gc,age       ] GC(3) - age   1:    2878088 bytes,    2878088 total
[2021-08-17T05:53:51.025+0000][6][gc,age       ] GC(3) - age   2:    1826056 bytes,    4704144 total
[2021-08-17T05:53:51.025+0000][6][gc,age       ] GC(3) - age   3:    1167272 bytes,    5871416 total
[2021-08-17T05:53:51.025+0000][6][gc,phases    ] GC(3)   Pre Evacuate Collection Set: 0.1ms
[2021-08-17T05:53:51.025+0000][6][gc,phases    ] GC(3)   Merge Heap Roots: 0.1ms
[2021-08-17T05:53:51.025+0000][6][gc,phases    ] GC(3)   Evacuate Collection Set: 4.9ms
[2021-08-17T05:53:51.025+0000][6][gc,phases    ] GC(3)   Post Evacuate Collection Set: 1.0ms
[2021-08-17T05:53:51.025+0000][6][gc,phases    ] GC(3)   Other: 0.2ms
[2021-08-17T05:53:51.025+0000][6][gc,heap      ] GC(3) Eden regions: 148->0(147)
[2021-08-17T05:53:51.025+0000][6][gc,heap      ] GC(3) Survivor regions: 5->6(20)
[2021-08-17T05:53:51.025+0000][6][gc,heap      ] GC(3) Old regions: 3->3
[2021-08-17T05:53:51.025+0000][6][gc,heap      ] GC(3) Archive regions: 2->2
[2021-08-17T05:53:51.025+0000][6][gc,heap      ] GC(3) Humongous regions: 2->1
[2021-08-17T05:53:51.025+0000][6][gc,metaspace ] GC(3) Metaspace: 16122K(16896K)->16122K(16896K) NonClass: 14122K(14592K)->14122K(14592K) Class: 2000K(2304K)->2000K(2304K)
[2021-08-17T05:53:51.025+0000][6][gc           ] GC(3) Pause Young (Normal) (G1 Evacuation Pause) 157M->9M(258M) 6.300ms
[2021-08-17T05:53:51.025+0000][6][gc,cpu       ] GC(3) User=0.02s Sys=0.00s Real=0.00s
[2021-08-17T05:53:51.025+0000][6][safepoint    ] Safepoint "G1CollectForAllocation", Time since last: 501371372 ns, Reaching safepoint: 128236 ns, At safepoint: 6350925 ns, Total: 6479161 ns
[2021-08-17T05:53:51.028+0000][6][safepoint    ] Safepoint "BulkRevokeBias", Time since last: 2148693 ns, Reaching safepoint: 230837 ns, At safepoint: 143874 ns, Total: 374711 ns
[2021-08-17T05:53:51.028+0000][6][safepoint    ] Safepoint "BulkRevokeBias", Time since last: 58576 ns, Reaching safepoint: 349372 ns, At safepoint: 67327 ns, Total: 416699 ns
[2021-08-17T05:53:51.578+0000][6][gc,start     ] GC(4) Pause Young (Normal) (G1 Evacuation Pause)
[2021-08-17T05:53:51.578+0000][6][gc,task      ] GC(4) Using 4 workers of 4 for evacuation
[2021-08-17T05:53:51.578+0000][6][gc,age       ] GC(4) Desired survivor size 10485760 bytes, new threshold 15 (max threshold 15)
[2021-08-17T05:53:51.585+0000][6][gc,age       ] GC(4) Age table with threshold 15 (max threshold 15)
[2021-08-17T05:53:51.585+0000][6][gc,age       ] GC(4) - age   1:    2807136 bytes,    2807136 total
[2021-08-17T05:53:51.586+0000][6][gc,age       ] GC(4) - age   2:    2140448 bytes,    4947584 total
[2021-08-17T05:53:51.586+0000][6][gc,age       ] GC(4) - age   3:    1825600 bytes,    6773184 total
[2021-08-17T05:53:51.586+0000][6][gc,age       ] GC(4) - age   4:    1167272 bytes,    7940456 total
[2021-08-17T05:53:51.586+0000][6][gc,phases    ] GC(4)   Pre Evacuate Collection Set: 0.2ms
[2021-08-17T05:53:51.586+0000][6][gc,phases    ] GC(4)   Merge Heap Roots: 0.2ms
[2021-08-17T05:53:51.586+0000][6][gc,phases    ] GC(4)   Evacuate Collection Set: 5.9ms
[2021-08-17T05:53:51.586+0000][6][gc,phases    ] GC(4)   Post Evacuate Collection Set: 1.4ms
[2021-08-17T05:53:51.586+0000][6][gc,phases    ] GC(4)   Other: 0.1ms
[2021-08-17T05:53:51.586+0000][6][gc,heap      ] GC(4) Eden regions: 147->0(145)
[2021-08-17T05:53:51.586+0000][6][gc,heap      ] GC(4) Survivor regions: 6->8(20)
[2021-08-17T05:53:51.586+0000][6][gc,heap      ] GC(4) Old regions: 3->3
[2021-08-17T05:53:51.586+0000][6][gc,heap      ] GC(4) Archive regions: 2->2
[2021-08-17T05:53:51.586+0000][6][gc,heap      ] GC(4) Humongous regions: 1->1
[2021-08-17T05:53:51.586+0000][6][gc,metaspace ] GC(4) Metaspace: 17640K(18688K)->17640K(18688K) NonClass: 15493K(16128K)->15493K(16128K) Class: 2147K(2560K)->2147K(2560K)
[2021-08-17T05:53:51.586+0000][6][gc           ] GC(4) Pause Young (Normal) (G1 Evacuation Pause) 156M->11M(258M) 7.820ms
[2021-08-17T05:53:51.586+0000][6][gc,cpu       ] GC(4) User=0.03s Sys=0.00s Real=0.00s
[2021-08-17T05:53:51.586+0000][6][safepoint    ] Safepoint "G1CollectForAllocation", Time since last: 549238153 ns, Reaching safepoint: 275247 ns, At safepoint: 7969481 ns, Total: 8244728 ns
[2021-08-17T05:53:51.591+0000][6][safepoint    ] Safepoint "BulkRevokeBias", Time since last: 1215714 ns, Reaching safepoint: 3980628 ns, At safepoint: 95663 ns, Total: 4076291 ns
[2021-08-17T05:53:51.755+0000][6][gc,start     ] GC(5) Pause Young (Concurrent Start) (Metadata GC Threshold)
[2021-08-17T05:53:51.756+0000][6][gc,task      ] GC(5) Using 4 workers of 4 for evacuation
[2021-08-17T05:53:51.756+0000][6][gc,age       ] GC(5) Desired survivor size 10485760 bytes, new threshold 15 (max threshold 15)
[2021-08-17T05:53:51.765+0000][6][gc,age       ] GC(5) Age table with threshold 15 (max threshold 15)
[2021-08-17T05:53:51.765+0000][6][gc,age       ] GC(5) - age   1:     443552 bytes,     443552 total
[2021-08-17T05:53:51.765+0000][6][gc,age       ] GC(5) - age   2:    2608888 bytes,    3052440 total
[2021-08-17T05:53:51.765+0000][6][gc,age       ] GC(5) - age   3:    2136848 bytes,    5189288 total
[2021-08-17T05:53:51.765+0000][6][gc,age       ] GC(5) - age   4:    1816344 bytes,    7005632 total
[2021-08-17T05:53:51.765+0000][6][gc,age       ] GC(5) - age   5:    1165184 bytes,    8170816 total
[2021-08-17T05:53:51.765+0000][6][gc,phases    ] GC(5)   Pre Evacuate Collection Set: 0.2ms
[2021-08-17T05:53:51.765+0000][6][gc,phases    ] GC(5)   Merge Heap Roots: 0.2ms
[2021-08-17T05:53:51.765+0000][6][gc,phases    ] GC(5)   Evacuate Collection Set: 8.1ms
[2021-08-17T05:53:51.765+0000][6][gc,phases    ] GC(5)   Post Evacuate Collection Set: 0.8ms
[2021-08-17T05:53:51.765+0000][6][gc,phases    ] GC(5)   Other: 0.3ms
[2021-08-17T05:53:51.765+0000][6][gc,heap      ] GC(5) Eden regions: 25->0(144)
[2021-08-17T05:53:51.765+0000][6][gc,heap      ] GC(5) Survivor regions: 8->9(20)
[2021-08-17T05:53:51.765+0000][6][gc,heap      ] GC(5) Old regions: 3->3
[2021-08-17T05:53:51.765+0000][6][gc,heap      ] GC(5) Archive regions: 2->2
[2021-08-17T05:53:51.765+0000][6][gc,heap      ] GC(5) Humongous regions: 1->1
[2021-08-17T05:53:51.765+0000][6][gc,metaspace ] GC(5) Metaspace: 20161K(21248K)->20161K(21248K) NonClass: 17719K(18432K)->17719K(18432K) Class: 2441K(2816K)->2441K(2816K)
[2021-08-17T05:53:51.765+0000][6][gc           ] GC(5) Pause Young (Concurrent Start) (Metadata GC Threshold) 36M->12M(258M) 9.687ms
[2021-08-17T05:53:51.765+0000][6][gc,cpu       ] GC(5) User=0.03s Sys=0.00s Real=0.01s
[2021-08-17T05:53:51.765+0000][6][safepoint    ] Safepoint "CollectForMetadataAllocation", Time since last: 164273357 ns, Reaching safepoint: 168965 ns, At safepoint: 9853412 ns, Total: 10022377 ns
[2021-08-17T05:53:51.771+0000][6][safepoint    ] Safepoint "BulkRevokeBias", Time since last: 5588863 ns, Reaching safepoint: 271426 ns, At safepoint: 79144 ns, Total: 350570 ns
[2021-08-17T05:53:51.772+0000][6][safepoint    ] Safepoint "BulkRevokeBias", Time since last: 71086 ns, Reaching safepoint: 243529 ns, At safepoint: 311443 ns, Total: 554972 ns
[2021-08-17T05:53:51.774+0000][6][gc           ] GC(6) Concurrent Cycle
[2021-08-17T05:53:51.774+0000][6][gc,marking   ] GC(6) Concurrent Clear Claimed Marks
[2021-08-17T05:53:51.774+0000][6][gc,marking   ] GC(6) Concurrent Clear Claimed Marks 0.064ms
[2021-08-17T05:53:51.774+0000][6][gc,marking   ] GC(6) Concurrent Scan Root Regions
[2021-08-17T05:53:51.777+0000][6][gc,marking   ] GC(6) Concurrent Scan Root Regions 3.554ms
[2021-08-17T05:53:51.777+0000][6][gc,marking   ] GC(6) Concurrent Mark (3.092s)
[2021-08-17T05:53:51.777+0000][6][gc,marking   ] GC(6) Concurrent Mark From Roots
[2021-08-17T05:53:51.777+0000][6][gc,task      ] GC(6) Using 1 workers of 1 for marking
[2021-08-17T05:53:51.781+0000][6][gc,marking   ] GC(6) Concurrent Mark From Roots 3.315ms
[2021-08-17T05:53:51.781+0000][6][gc,marking   ] GC(6) Concurrent Preclean
[2021-08-17T05:53:51.781+0000][6][gc,marking   ] GC(6) Concurrent Preclean 0.197ms
[2021-08-17T05:53:51.781+0000][6][gc,marking   ] GC(6) Concurrent Mark (3.092s, 3.095s) 3.593ms
[2021-08-17T05:53:51.782+0000][6][gc,start     ] GC(6) Pause Remark
[2021-08-17T05:53:51.788+0000][6][gc           ] GC(6) Pause Remark 13M->13M(256M) 6.179ms
[2021-08-17T05:53:51.788+0000][6][gc,cpu       ] GC(6) User=0.02s Sys=0.00s Real=0.01s
[2021-08-17T05:53:51.788+0000][6][safepoint    ] Safepoint "G1Concurrent", Time since last: 9189696 ns, Reaching safepoint: 423803 ns, At safepoint: 6243085 ns, Total: 6666888 ns
[2021-08-17T05:53:51.788+0000][6][gc,marking   ] GC(6) Concurrent Rebuild Remembered Sets
[2021-08-17T05:53:51.789+0000][6][gc,marking   ] GC(6) Concurrent Rebuild Remembered Sets 1.351ms
[2021-08-17T05:53:51.791+0000][6][gc,start     ] GC(6) Pause Cleanup
[2021-08-17T05:53:51.791+0000][6][gc           ] GC(6) Pause Cleanup 13M->13M(256M) 0.180ms
[2021-08-17T05:53:51.791+0000][6][gc,cpu       ] GC(6) User=0.00s Sys=0.00s Real=0.00s
[2021-08-17T05:53:51.791+0000][6][safepoint    ] Safepoint "G1Concurrent", Time since last: 2560292 ns, Reaching safepoint: 898454 ns, At safepoint: 237514 ns, Total: 1135968 ns
[2021-08-17T05:53:51.793+0000][6][gc,marking   ] GC(6) Concurrent Cleanup for Next Mark
[2021-08-17T05:53:51.800+0000][6][gc,marking   ] GC(6) Concurrent Cleanup for Next Mark 6.720ms
[2021-08-17T05:53:51.800+0000][6][gc           ] GC(6) Concurrent Cycle 25.783ms
[2021-08-17T05:53:52.294+0000][6][safepoint    ] Safepoint "ICBufferFull", Time since last: 501909869 ns, Reaching safepoint: 286363 ns, At safepoint: 39785 ns, Total: 326148 ns
[2021-08-17T05:53:52.856+0000][6][gc,start     ] GC(7) Pause Young (Normal) (G1 Evacuation Pause)
[2021-08-17T05:53:52.856+0000][6][gc,task      ] GC(7) Using 4 workers of 4 for evacuation
[2021-08-17T05:53:52.856+0000][6][gc,age       ] GC(7) Desired survivor size 10485760 bytes, new threshold 15 (max threshold 15)
[2021-08-17T05:53:52.907+0000][6][gc,age       ] GC(7) Age table with threshold 15 (max threshold 15)
[2021-08-17T05:53:52.907+0000][6][gc,age       ] GC(7) - age   1:   12620120 bytes,   12620120 total
[2021-08-17T05:53:52.907+0000][6][gc,age       ] GC(7) - age   2:     416752 bytes,   13036872 total
[2021-08-17T05:53:52.907+0000][6][gc,age       ] GC(7) - age   3:    2601472 bytes,   15638344 total
[2021-08-17T05:53:52.907+0000][6][gc,age       ] GC(7) - age   4:    2133168 bytes,   17771512 total
[2021-08-17T05:53:52.907+0000][6][gc,age       ] GC(7) - age   5:    1783024 bytes,   19554536 total
[2021-08-17T05:53:52.907+0000][6][gc,age       ] GC(7) - age   6:    1141888 bytes,   20696424 total
[2021-08-17T05:53:52.907+0000][6][gc,phases    ] GC(7)   Pre Evacuate Collection Set: 0.1ms
[2021-08-17T05:53:52.907+0000][6][gc,phases    ] GC(7)   Merge Heap Roots: 0.1ms
[2021-08-17T05:53:52.907+0000][6][gc,phases    ] GC(7)   Evacuate Collection Set: 49.2ms
[2021-08-17T05:53:52.907+0000][6][gc,phases    ] GC(7)   Post Evacuate Collection Set: 1.5ms
[2021-08-17T05:53:52.907+0000][6][gc,phases    ] GC(7)   Other: 0.2ms
[2021-08-17T05:53:52.907+0000][6][gc,heap      ] GC(7) Eden regions: 144->0(133)
[2021-08-17T05:53:52.907+0000][6][gc,heap      ] GC(7) Survivor regions: 9->20(20)
[2021-08-17T05:53:52.907+0000][6][gc,heap      ] GC(7) Old regions: 3->9
[2021-08-17T05:53:52.907+0000][6][gc,heap      ] GC(7) Archive regions: 2->2
[2021-08-17T05:53:52.907+0000][6][gc,heap      ] GC(7) Humongous regions: 1->1
[2021-08-17T05:53:52.907+0000][6][gc,metaspace ] GC(7) Metaspace: 24619K(26108K)->24619K(26108K) NonClass: 21542K(22524K)->21542K(22524K) Class: 3076K(3584K)->3076K(3584K)
[2021-08-17T05:53:52.908+0000][6][gc           ] GC(7) Pause Young (Normal) (G1 Evacuation Pause) 156M->29M(256M) 51.134ms
[2021-08-17T05:53:52.908+0000][6][gc,cpu       ] GC(7) User=0.13s Sys=0.00s Real=0.06s
[2021-08-17T05:53:52.908+0000][6][safepoint    ] Safepoint "G1CollectForAllocation", Time since last: 562604103 ns, Reaching safepoint: 71165 ns, At safepoint: 51186590 ns, Total: 51257755 ns
[2021-08-17T05:53:53.719+0000][6][safepoint    ] Safepoint "ICBufferFull", Time since last: 810754769 ns, Reaching safepoint: 523323 ns, At safepoint: 5910 ns, Total: 529233 ns
[2021-08-17T05:53:53.801+0000][6][gc,start     ] GC(8) Pause Young (Concurrent Start) (Metadata GC Threshold)
[2021-08-17T05:53:53.801+0000][6][gc,task      ] GC(8) Using 4 workers of 4 for evacuation
[2021-08-17T05:53:53.801+0000][6][gc,age       ] GC(8) Desired survivor size 10485760 bytes, new threshold 1 (max threshold 15)
[2021-08-17T05:53:53.833+0000][6][gc,age       ] GC(8) Age table with threshold 1 (max threshold 15)
[2021-08-17T05:53:53.833+0000][6][gc,age       ] GC(8) - age   1:   10205240 bytes,   10205240 total
[2021-08-17T05:53:53.833+0000][6][gc,phases    ] GC(8)   Pre Evacuate Collection Set: 0.3ms
[2021-08-17T05:53:53.833+0000][6][gc,phases    ] GC(8)   Merge Heap Roots: 0.2ms
[2021-08-17T05:53:53.833+0000][6][gc,phases    ] GC(8)   Evacuate Collection Set: 28.9ms
[2021-08-17T05:53:53.833+0000][6][gc,phases    ] GC(8)   Post Evacuate Collection Set: 2.5ms
[2021-08-17T05:53:53.833+0000][6][gc,phases    ] GC(8)   Other: 0.2ms
[2021-08-17T05:53:53.833+0000][6][gc,heap      ] GC(8) Eden regions: 103->0(124)
[2021-08-17T05:53:53.833+0000][6][gc,heap      ] GC(8) Survivor regions: 20->11(20)
[2021-08-17T05:53:53.833+0000][6][gc,heap      ] GC(8) Old regions: 9->29
[2021-08-17T05:53:53.833+0000][6][gc,heap      ] GC(8) Archive regions: 2->2
[2021-08-17T05:53:53.833+0000][6][gc,heap      ] GC(8) Humongous regions: 1->1
[2021-08-17T05:53:53.833+0000][6][gc,metaspace ] GC(8) Metaspace: 33722K(36048K)->33722K(36048K) NonClass: 29276K(30672K)->29276K(30672K) Class: 4446K(5376K)->4446K(5376K)
[2021-08-17T05:53:53.833+0000][6][gc           ] GC(8) Pause Young (Concurrent Start) (Metadata GC Threshold) 132M->40M(256M) 32.145ms
[2021-08-17T05:53:53.834+0000][6][gc,cpu       ] GC(8) User=0.10s Sys=0.00s Real=0.03s
[2021-08-17T05:53:53.834+0000][6][gc           ] GC(9) Concurrent Cycle
[2021-08-17T05:53:53.834+0000][6][gc,marking   ] GC(9) Concurrent Clear Claimed Marks
[2021-08-17T05:53:53.834+0000][6][safepoint    ] Safepoint "CollectForMetadataAllocation", Time since last: 82431174 ns, Reaching safepoint: 72240 ns, At safepoint: 32473923 ns, Total: 32546163 ns
[2021-08-17T05:53:53.834+0000][6][gc,marking   ] GC(9) Concurrent Clear Claimed Marks 0.262ms
[2021-08-17T05:53:53.834+0000][6][gc,marking   ] GC(9) Concurrent Scan Root Regions
[2021-08-17T05:53:53.846+0000][6][safepoint    ] Safepoint "CollectForMetadataAllocation", Time since last: 10999145 ns, Reaching safepoint: 1018503 ns, At safepoint: 156520 ns, Total: 1175023 ns
[2021-08-17T05:53:53.858+0000][6][gc,marking   ] GC(9) Concurrent Scan Root Regions 24.364ms
[2021-08-17T05:53:53.858+0000][6][gc,marking   ] GC(9) Concurrent Mark (5.173s)
[2021-08-17T05:53:53.858+0000][6][gc,marking   ] GC(9) Concurrent Mark From Roots
[2021-08-17T05:53:53.858+0000][6][gc,task      ] GC(9) Using 1 workers of 1 for marking
[2021-08-17T05:53:53.867+0000][6][safepoint    ] Safepoint "CollectForMetadataAllocation", Time since last: 19655333 ns, Reaching safepoint: 1221254 ns, At safepoint: 158499 ns, Total: 1379753 ns
[2021-08-17T05:53:53.879+0000][6][safepoint    ] Safepoint "CollectForMetadataAllocation", Time since last: 8518365 ns, Reaching safepoint: 2827733 ns, At safepoint: 149737 ns, Total: 2977470 ns
[2021-08-17T05:53:53.886+0000][6][gc,marking   ] GC(9) Concurrent Mark From Roots 27.956ms
[2021-08-17T05:53:53.886+0000][6][gc,marking   ] GC(9) Concurrent Preclean
[2021-08-17T05:53:53.886+0000][6][gc,marking   ] GC(9) Concurrent Preclean 0.129ms
[2021-08-17T05:53:53.886+0000][6][gc,marking   ] GC(9) Concurrent Mark (5.173s, 5.201s) 28.122ms
[2021-08-17T05:53:53.887+0000][6][gc,start     ] GC(9) Pause Remark
[2021-08-17T05:53:53.889+0000][6][gc           ] GC(9) Pause Remark 43M->43M(256M) 2.725ms
[2021-08-17T05:53:53.889+0000][6][gc,cpu       ] GC(9) User=0.00s Sys=0.00s Real=0.00s
[2021-08-17T05:53:53.890+0000][6][safepoint    ] Safepoint "G1Concurrent", Time since last: 7957050 ns, Reaching safepoint: 251360 ns, At safepoint: 2808555 ns, Total: 3059915 ns
[2021-08-17T05:53:53.890+0000][6][gc,marking   ] GC(9) Concurrent Rebuild Remembered Sets
[2021-08-17T05:53:53.915+0000][6][gc,marking   ] GC(9) Concurrent Rebuild Remembered Sets 25.561ms
[2021-08-17T05:53:53.917+0000][6][gc,start     ] GC(9) Pause Cleanup
[2021-08-17T05:53:53.917+0000][6][gc           ] GC(9) Pause Cleanup 44M->44M(256M) 0.122ms
[2021-08-17T05:53:53.917+0000][6][gc,cpu       ] GC(9) User=0.00s Sys=0.00s Real=0.01s
[2021-08-17T05:53:53.917+0000][6][safepoint    ] Safepoint "G1Concurrent", Time since last: 26763572 ns, Reaching safepoint: 620161 ns, At safepoint: 162633 ns, Total: 782794 ns
[2021-08-17T05:53:53.917+0000][6][gc,marking   ] GC(9) Concurrent Cleanup for Next Mark
[2021-08-17T05:53:53.918+0000][6][gc,marking   ] GC(9) Concurrent Cleanup for Next Mark 0.400ms
[2021-08-17T05:53:53.918+0000][6][gc           ] GC(9) Concurrent Cycle 83.939ms
[2021-08-17T05:53:54.701+0000][6][safepoint    ] Safepoint "ICBufferFull", Time since last: 782156600 ns, Reaching safepoint: 1402166 ns, At safepoint: 33798 ns, Total: 1435964 ns
[2021-08-17T05:53:55.172+0000][6][safepoint    ] Safepoint "ICBufferFull", Time since last: 470152852 ns, Reaching safepoint: 970581 ns, At safepoint: 8109 ns, Total: 978690 ns
[2021-08-17T05:53:55.216+0000][6][safepoint    ] Safepoint "BulkRevokeBias", Time since last: 43130379 ns, Reaching safepoint: 1419179 ns, At safepoint: 61661 ns, Total: 1480840 ns
[2021-08-17T05:53:55.224+0000][6][safepoint    ] Safepoint "BulkRevokeBias", Time since last: 7174237 ns, Reaching safepoint: 150548 ns, At safepoint: 49512 ns, Total: 200060 ns
[2021-08-17T05:53:55.464+0000][6][safepoint    ] Safepoint "BulkRevokeBias", Time since last: 239977995 ns, Reaching safepoint: 518309 ns, At safepoint: 47109 ns, Total: 565418 ns
[2021-08-17T05:53:55.674+0000][6][gc,start     ] GC(10) Pause Young (Concurrent Start) (G1 Evacuation Pause)
[2021-08-17T05:53:55.674+0000][6][gc,task      ] GC(10) Using 4 workers of 4 for evacuation
[2021-08-17T05:53:55.674+0000][6][gc,age       ] GC(10) Desired survivor size 8912896 bytes, new threshold 1 (max threshold 15)
[2021-08-17T05:53:55.693+0000][6][gc,age       ] GC(10) Age table with threshold 1 (max threshold 15)
[2021-08-17T05:53:55.693+0000][6][gc,age       ] GC(10) - age   1:    7259696 bytes,    7259696 total
[2021-08-17T05:53:55.693+0000][6][gc,phases    ] GC(10)   Pre Evacuate Collection Set: 0.4ms
[2021-08-17T05:53:55.693+0000][6][gc,phases    ] GC(10)   Merge Heap Roots: 0.2ms
[2021-08-17T05:53:55.693+0000][6][gc,phases    ] GC(10)   Evacuate Collection Set: 16.0ms
[2021-08-17T05:53:55.693+0000][6][gc,phases    ] GC(10)   Post Evacuate Collection Set: 2.2ms
[2021-08-17T05:53:55.693+0000][6][gc,phases    ] GC(10)   Other: 0.2ms
[2021-08-17T05:53:55.693+0000][6][gc,heap      ] GC(10) Eden regions: 124->0(118)
[2021-08-17T05:53:55.693+0000][6][gc,heap      ] GC(10) Survivor regions: 11->8(17)
[2021-08-17T05:53:55.693+0000][6][gc,heap      ] GC(10) Old regions: 29->39
[2021-08-17T05:53:55.693+0000][6][gc,heap      ] GC(10) Archive regions: 2->2
[2021-08-17T05:53:55.693+0000][6][gc,heap      ] GC(10) Humongous regions: 1->1
[2021-08-17T05:53:55.693+0000][6][gc,metaspace ] GC(10) Metaspace: 56901K(60928K)->56901K(60928K) NonClass: 49309K(51584K)->49309K(51584K) Class: 7591K(9344K)->7591K(9344K)
[2021-08-17T05:53:55.693+0000][6][gc           ] GC(10) Pause Young (Concurrent Start) (G1 Evacuation Pause) 164M->47M(256M) 19.014ms
[2021-08-17T05:53:55.693+0000][6][gc,cpu       ] GC(10) User=0.04s Sys=0.00s Real=0.02s
[2021-08-17T05:53:55.693+0000][6][safepoint    ] Safepoint "G1CollectForAllocation", Time since last: 209344026 ns, Reaching safepoint: 243307 ns, At safepoint: 19117361 ns, Total: 19360668 ns
[2021-08-17T05:53:55.695+0000][6][gc           ] GC(11) Concurrent Cycle
[2021-08-17T05:53:55.695+0000][6][gc,marking   ] GC(11) Concurrent Clear Claimed Marks
[2021-08-17T05:53:55.696+0000][6][gc,marking   ] GC(11) Concurrent Clear Claimed Marks 0.304ms
[2021-08-17T05:53:55.696+0000][6][gc,marking   ] GC(11) Concurrent Scan Root Regions
[2021-08-17T05:53:55.707+0000][6][gc,marking   ] GC(11) Concurrent Scan Root Regions 11.426ms
[2021-08-17T05:53:55.707+0000][6][gc,marking   ] GC(11) Concurrent Mark (7.022s)
[2021-08-17T05:53:55.707+0000][6][gc,marking   ] GC(11) Concurrent Mark From Roots
[2021-08-17T05:53:55.707+0000][6][gc,task      ] GC(11) Using 1 workers of 1 for marking
[2021-08-17T05:53:55.717+0000][6][safepoint    ] Safepoint "BulkRevokeBias", Time since last: 23483088 ns, Reaching safepoint: 362014 ns, At safepoint: 138297 ns, Total: 500311 ns
[2021-08-17T05:53:55.826+0000][6][gc,marking   ] GC(11) Concurrent Mark From Roots 118.267ms
[2021-08-17T05:53:55.826+0000][6][gc,marking   ] GC(11) Concurrent Preclean
[2021-08-17T05:53:55.826+0000][6][gc,marking   ] GC(11) Concurrent Preclean 0.184ms
[2021-08-17T05:53:55.826+0000][6][gc,marking   ] GC(11) Concurrent Mark (7.022s, 7.140s) 118.497ms
[2021-08-17T05:53:55.829+0000][6][gc,start     ] GC(11) Pause Remark
[2021-08-17T05:53:55.832+0000][6][gc           ] GC(11) Pause Remark 60M->60M(256M) 2.961ms
[2021-08-17T05:53:55.832+0000][6][gc,cpu       ] GC(11) User=0.00s Sys=0.00s Real=0.00s
[2021-08-17T05:53:55.832+0000][6][safepoint    ] Safepoint "G1Concurrent", Time since last: 111503269 ns, Reaching safepoint: 352126 ns, At safepoint: 3026751 ns, Total: 3378877 ns
[2021-08-17T05:53:55.832+0000][6][gc,marking   ] GC(11) Concurrent Rebuild Remembered Sets
[2021-08-17T05:53:55.876+0000][6][gc,marking   ] GC(11) Concurrent Rebuild Remembered Sets 43.549ms
[2021-08-17T05:53:55.878+0000][6][gc,start     ] GC(11) Pause Cleanup
[2021-08-17T05:53:55.878+0000][6][gc           ] GC(11) Pause Cleanup 62M->62M(256M) 0.135ms
[2021-08-17T05:53:55.878+0000][6][gc,cpu       ] GC(11) User=0.00s Sys=0.00s Real=0.00s
[2021-08-17T05:53:55.878+0000][6][safepoint    ] Safepoint "G1Concurrent", Time since last: 45154987 ns, Reaching safepoint: 672238 ns, At safepoint: 196828 ns, Total: 869066 ns
[2021-08-17T05:53:55.878+0000][6][gc,marking   ] GC(11) Concurrent Cleanup for Next Mark
[2021-08-17T05:53:55.878+0000][6][gc,marking   ] GC(11) Concurrent Cleanup for Next Mark 0.399ms
[2021-08-17T05:53:55.878+0000][6][gc           ] GC(11) Concurrent Cycle 183.107ms
[2021-08-17T05:53:55.943+0000][6][safepoint    ] Safepoint "BulkRevokeBias", Time since last: 64624668 ns, Reaching safepoint: 277632 ns, At safepoint: 156708 ns, Total: 434340 ns
[2021-08-17T05:53:56.459+0000][6][safepoint    ] Safepoint "BulkRevokeBias", Time since last: 515299150 ns, Reaching safepoint: 296350 ns, At safepoint: 96845 ns, Total: 393195 ns
[2021-08-17T05:53:56.786+0000][6][safepoint    ] Safepoint "BulkRevokeBias", Time since last: 326959990 ns, Reaching safepoint: 245220 ns, At safepoint: 153922 ns, Total: 399142 ns
[2021-08-17T05:53:56.836+0000][6][gc,start     ] GC(12) Pause Young (Concurrent Start) (G1 Humongous Allocation)
[2021-08-17T05:53:56.836+0000][6][gc,task      ] GC(12) Using 4 workers of 4 for evacuation
[2021-08-17T05:53:56.836+0000][6][gc,age       ] GC(12) Desired survivor size 8388608 bytes, new threshold 15 (max threshold 15)
[2021-08-17T05:53:56.886+0000][6][gc,age       ] GC(12) Age table with threshold 15 (max threshold 15)
[2021-08-17T05:53:56.886+0000][6][gc,age       ] GC(12) - age   1:    9996424 bytes,    9996424 total
[2021-08-17T05:53:56.886+0000][6][gc,age       ] GC(12) - age   2:    6729784 bytes,   16726208 total
[2021-08-17T05:53:56.886+0000][6][gc,phases    ] GC(12)   Pre Evacuate Collection Set: 0.5ms
[2021-08-17T05:53:56.886+0000][6][gc,phases    ] GC(12)   Merge Heap Roots: 0.4ms
[2021-08-17T05:53:56.886+0000][6][gc,phases    ] GC(12)   Evacuate Collection Set: 46.2ms
[2021-08-17T05:53:56.886+0000][6][gc,phases    ] GC(12)   Post Evacuate Collection Set: 2.1ms
[2021-08-17T05:53:56.886+0000][6][gc,phases    ] GC(12)   Other: 0.2ms
[2021-08-17T05:53:56.886+0000][6][gc,heap      ] GC(12) Eden regions: 108->0(33)
[2021-08-17T05:53:56.886+0000][6][gc,heap      ] GC(12) Survivor regions: 8->16(16)
[2021-08-17T05:53:56.886+0000][6][gc,heap      ] GC(12) Old regions: 39->79
[2021-08-17T05:53:56.886+0000][6][gc,heap      ] GC(12) Archive regions: 2->2
[2021-08-17T05:53:56.886+0000][6][gc,heap      ] GC(12) Humongous regions: 36->36
[2021-08-17T05:53:56.886+0000][6][gc,metaspace ] GC(12) Metaspace: 61797K(66048K)->61797K(66048K) NonClass: 53549K(55936K)->53549K(55936K) Class: 8248K(10112K)->8248K(10112K)
[2021-08-17T05:53:56.886+0000][6][gc           ] GC(12) Pause Young (Concurrent Start) (G1 Humongous Allocation) 190M->130M(256M) 49.486ms
[2021-08-17T05:53:56.886+0000][6][gc,cpu       ] GC(12) User=0.18s Sys=0.00s Real=0.05s
[2021-08-17T05:53:56.886+0000][6][safepoint    ] Safepoint "G1TryInitiateConcMark", Time since last: 49926907 ns, Reaching safepoint: 199964 ns, At safepoint: 49608961 ns, Total: 49808925 ns
[2021-08-17T05:53:56.886+0000][6][gc           ] GC(13) Concurrent Cycle
[2021-08-17T05:53:56.886+0000][6][gc,marking   ] GC(13) Concurrent Clear Claimed Marks
[2021-08-17T05:53:56.886+0000][6][gc,marking   ] GC(13) Concurrent Clear Claimed Marks 0.322ms
[2021-08-17T05:53:56.886+0000][6][gc,marking   ] GC(13) Concurrent Scan Root Regions
[2021-08-17T05:53:56.906+0000][6][gc,marking   ] GC(13) Concurrent Scan Root Regions 19.591ms
[2021-08-17T05:53:56.906+0000][6][gc,marking   ] GC(13) Concurrent Mark (8.220s)
[2021-08-17T05:53:56.906+0000][6][gc,marking   ] GC(13) Concurrent Mark From Roots
[2021-08-17T05:53:56.906+0000][6][gc,task      ] GC(13) Using 1 workers of 1 for marking
[2021-08-17T05:53:56.981+0000][6][gc,start     ] GC(14) Pause Young (Normal) (G1 Evacuation Pause)
[2021-08-17T05:53:56.981+0000][6][gc,task      ] GC(14) Using 4 workers of 4 for evacuation
[2021-08-17T05:53:56.981+0000][6][gc,age       ] GC(14) Desired survivor size 3670016 bytes, new threshold 1 (max threshold 15)
[2021-08-17T05:53:56.997+0000][6][gc,age       ] GC(14) Age table with threshold 1 (max threshold 15)
[2021-08-17T05:53:56.997+0000][6][gc,age       ] GC(14) - age   1:    2111896 bytes,    2111896 total
[2021-08-17T05:53:56.997+0000][6][gc,phases    ] GC(14)   Pre Evacuate Collection Set: 0.1ms
[2021-08-17T05:53:56.997+0000][6][gc,phases    ] GC(14)   Merge Heap Roots: 0.2ms
[2021-08-17T05:53:56.997+0000][6][gc,phases    ] GC(14)   Evacuate Collection Set: 14.1ms
[2021-08-17T05:53:56.997+0000][6][gc,phases    ] GC(14)   Post Evacuate Collection Set: 1.6ms
[2021-08-17T05:53:56.997+0000][6][gc,phases    ] GC(14)   Other: 0.2ms
[2021-08-17T05:53:56.997+0000][6][gc,heap      ] GC(14) Eden regions: 33->0(22)
[2021-08-17T05:53:56.997+0000][6][gc,heap      ] GC(14) Survivor regions: 16->3(7)
[2021-08-17T05:53:56.997+0000][6][gc,heap      ] GC(14) Old regions: 79->95
[2021-08-17T05:53:56.997+0000][6][gc,heap      ] GC(14) Archive regions: 2->2
[2021-08-17T05:53:56.997+0000][6][gc,heap      ] GC(14) Humongous regions: 71->55
[2021-08-17T05:53:56.997+0000][6][gc,metaspace ] GC(14) Metaspace: 61814K(66048K)->61814K(66048K) NonClass: 53566K(55936K)->53566K(55936K) Class: 8248K(10112K)->8248K(10112K)
[2021-08-17T05:53:56.997+0000][6][gc           ] GC(14) Pause Young (Normal) (G1 Evacuation Pause) 198M->152M(256M) 16.226ms
[2021-08-17T05:53:56.997+0000][6][gc,cpu       ] GC(14) User=0.06s Sys=0.00s Real=0.01s
[2021-08-17T05:53:56.997+0000][6][safepoint    ] Safepoint "G1CollectForAllocation", Time since last: 94573621 ns, Reaching safepoint: 152872 ns, At safepoint: 16329389 ns, Total: 16482261 ns
[2021-08-17T05:53:57.001+0000][6][gc,marking   ] GC(13) Concurrent Mark From Roots 95.436ms
[2021-08-17T05:53:57.001+0000][6][gc,marking   ] GC(13) Concurrent Preclean
[2021-08-17T05:53:57.001+0000][6][gc,marking   ] GC(13) Concurrent Preclean 0.180ms
[2021-08-17T05:53:57.001+0000][6][gc,marking   ] GC(13) Concurrent Mark (8.220s, 8.316s) 95.659ms
[2021-08-17T05:53:57.003+0000][6][gc,start     ] GC(13) Pause Remark
[2021-08-17T05:53:57.006+0000][6][gc           ] GC(13) Pause Remark 154M->143M(256M) 3.314ms
[2021-08-17T05:53:57.006+0000][6][gc,cpu       ] GC(13) User=0.01s Sys=0.00s Real=0.00s
[2021-08-17T05:53:57.006+0000][6][safepoint    ] Safepoint "G1Concurrent", Time since last: 5586407 ns, Reaching safepoint: 89512 ns, At safepoint: 3381607 ns, Total: 3471119 ns
[2021-08-17T05:53:57.006+0000][6][gc,marking   ] GC(13) Concurrent Rebuild Remembered Sets
[2021-08-17T05:53:57.024+0000][6][gc,start     ] GC(15) Pause Young (Normal) (G1 Evacuation Pause)
[2021-08-17T05:53:57.024+0000][6][gc,task      ] GC(15) Using 4 workers of 4 for evacuation
[2021-08-17T05:53:57.024+0000][6][gc,age       ] GC(15) Desired survivor size 2097152 bytes, new threshold 1 (max threshold 15)
[2021-08-17T05:53:57.029+0000][6][gc,age       ] GC(15) Age table with threshold 1 (max threshold 15)
[2021-08-17T05:53:57.029+0000][6][gc,age       ] GC(15) - age   1:    1588600 bytes,    1588600 total
[2021-08-17T05:53:57.029+0000][6][gc,phases    ] GC(15)   Pre Evacuate Collection Set: 0.1ms
[2021-08-17T05:53:57.029+0000][6][gc,phases    ] GC(15)   Merge Heap Roots: 0.0ms
[2021-08-17T05:53:57.029+0000][6][gc,phases    ] GC(15)   Evacuate Collection Set: 4.1ms
[2021-08-17T05:53:57.029+0000][6][gc,phases    ] GC(15)   Post Evacuate Collection Set: 0.6ms
[2021-08-17T05:53:57.029+0000][6][gc,phases    ] GC(15)   Other: 0.1ms
[2021-08-17T05:53:57.029+0000][6][gc,heap      ] GC(15) Eden regions: 22->0(30)
[2021-08-17T05:53:57.029+0000][6][gc,heap      ] GC(15) Survivor regions: 3->2(4)
[2021-08-17T05:53:57.029+0000][6][gc,heap      ] GC(15) Old regions: 95->97
[2021-08-17T05:53:57.029+0000][6][gc,heap      ] GC(15) Archive regions: 2->2
[2021-08-17T05:53:57.029+0000][6][gc,heap      ] GC(15) Humongous regions: 44->44
[2021-08-17T05:53:57.029+0000][6][gc,metaspace ] GC(15) Metaspace: 61819K(66048K)->61819K(66048K) NonClass: 53570K(55936K)->53570K(55936K) Class: 8248K(10112K)->8248K(10112K)
[2021-08-17T05:53:57.029+0000][6][gc           ] GC(15) Pause Young (Normal) (G1 Evacuation Pause) 163M->142M(256M) 5.046ms
[2021-08-17T05:53:57.029+0000][6][gc,cpu       ] GC(15) User=0.02s Sys=0.00s Real=0.01s
[2021-08-17T05:53:57.029+0000][6][safepoint    ] Safepoint "G1CollectForAllocation", Time since last: 17301768 ns, Reaching safepoint: 645353 ns, At safepoint: 5127852 ns, Total: 5773205 ns
[2021-08-17T05:53:57.048+0000][6][gc,start     ] GC(16) Pause Young (Normal) (G1 Evacuation Pause)
[2021-08-17T05:53:57.048+0000][6][gc,task      ] GC(16) Using 4 workers of 4 for evacuation
[2021-08-17T05:53:57.048+0000][6][gc,age       ] GC(16) Desired survivor size 2097152 bytes, new threshold 15 (max threshold 15)
[2021-08-17T05:53:57.052+0000][6][gc,age       ] GC(16) Age table with threshold 15 (max threshold 15)
[2021-08-17T05:53:57.052+0000][6][gc,age       ] GC(16) - age   1:    2241968 bytes,    2241968 total
[2021-08-17T05:53:57.052+0000][6][gc,age       ] GC(16) - age   2:    1303896 bytes,    3545864 total
[2021-08-17T05:53:57.052+0000][6][gc,phases    ] GC(16)   Pre Evacuate Collection Set: 0.1ms
[2021-08-17T05:53:57.052+0000][6][gc,phases    ] GC(16)   Merge Heap Roots: 0.0ms
[2021-08-17T05:53:57.052+0000][6][gc,phases    ] GC(16)   Evacuate Collection Set: 3.5ms
[2021-08-17T05:53:57.052+0000][6][gc,phases    ] GC(16)   Post Evacuate Collection Set: 0.9ms
[2021-08-17T05:53:57.053+0000][6][gc,phases    ] GC(16)   Other: 0.2ms
[2021-08-17T05:53:57.053+0000][6][gc,heap      ] GC(16) Eden regions: 30->0(30)
[2021-08-17T05:53:57.053+0000][6][gc,heap      ] GC(16) Survivor regions: 2->4(4)
[2021-08-17T05:53:57.053+0000][6][gc,heap      ] GC(16) Old regions: 97->97
[2021-08-17T05:53:57.053+0000][6][gc,heap      ] GC(16) Archive regions: 2->2
[2021-08-17T05:53:57.053+0000][6][gc,heap      ] GC(16) Humongous regions: 44->44
[2021-08-17T05:53:57.053+0000][6][gc,metaspace ] GC(16) Metaspace: 61819K(66048K)->61819K(66048K) NonClass: 53570K(55936K)->53570K(55936K) Class: 8248K(10112K)->8248K(10112K)
[2021-08-17T05:53:57.053+0000][6][gc           ] GC(16) Pause Young (Normal) (G1 Evacuation Pause) 172M->144M(256M) 4.809ms
[2021-08-17T05:53:57.053+0000][6][gc,cpu       ] GC(16) User=0.02s Sys=0.00s Real=0.00s
[2021-08-17T05:53:57.053+0000][6][safepoint    ] Safepoint "G1CollectForAllocation", Time since last: 18258143 ns, Reaching safepoint: 530452 ns, At safepoint: 4929118 ns, Total: 5459570 ns
[2021-08-17T05:53:57.069+0000][6][gc,start     ] GC(17) Pause Young (Normal) (G1 Evacuation Pause)
[2021-08-17T05:53:57.069+0000][6][gc,task      ] GC(17) Using 4 workers of 4 for evacuation
[2021-08-17T05:53:57.069+0000][6][gc,age       ] GC(17) Desired survivor size 2621440 bytes, new threshold 2 (max threshold 15)
[2021-08-17T05:53:57.076+0000][6][gc,age       ] GC(17) Age table with threshold 2 (max threshold 15)
[2021-08-17T05:53:57.076+0000][6][gc,age       ] GC(17) - age   1:    1835456 bytes,    1835456 total
[2021-08-17T05:53:57.076+0000][6][gc,age       ] GC(17) - age   2:    1814688 bytes,    3650144 total
[2021-08-17T05:53:57.076+0000][6][gc,phases    ] GC(17)   Pre Evacuate Collection Set: 0.3ms
[2021-08-17T05:53:57.076+0000][6][gc,phases    ] GC(17)   Merge Heap Roots: 0.2ms
[2021-08-17T05:53:57.076+0000][6][gc,phases    ] GC(17)   Evacuate Collection Set: 5.5ms
[2021-08-17T05:53:57.076+0000][6][gc,phases    ] GC(17)   Post Evacuate Collection Set: 0.7ms
[2021-08-17T05:53:57.076+0000][6][gc,phases    ] GC(17)   Other: 0.1ms
[2021-08-17T05:53:57.076+0000][6][gc,heap      ] GC(17) Eden regions: 30->0(29)
[2021-08-17T05:53:57.076+0000][6][gc,heap      ] GC(17) Survivor regions: 4->4(5)
[2021-08-17T05:53:57.076+0000][6][gc,heap      ] GC(17) Old regions: 97->99
[2021-08-17T05:53:57.076+0000][6][gc,heap      ] GC(17) Archive regions: 2->2
[2021-08-17T05:53:57.076+0000][6][gc,heap      ] GC(17) Humongous regions: 45->45
[2021-08-17T05:53:57.076+0000][6][gc,metaspace ] GC(17) Metaspace: 61819K(66048K)->61819K(66048K) NonClass: 53570K(55936K)->53570K(55936K) Class: 8248K(10112K)->8248K(10112K)
[2021-08-17T05:53:57.076+0000][6][gc           ] GC(17) Pause Young (Normal) (G1 Evacuation Pause) 175M->146M(256M) 6.922ms
[2021-08-17T05:53:57.076+0000][6][gc,cpu       ] GC(17) User=0.02s Sys=0.00s Real=0.00s
[2021-08-17T05:53:57.076+0000][6][safepoint    ] Safepoint "G1CollectForAllocation", Time since last: 16513713 ns, Reaching safepoint: 154525 ns, At safepoint: 7033430 ns, Total: 7187955 ns
[2021-08-17T05:53:57.089+0000][6][gc,start     ] GC(18) Pause Young (Normal) (G1 Evacuation Pause)
[2021-08-17T05:53:57.089+0000][6][gc,task      ] GC(18) Using 4 workers of 4 for evacuation
[2021-08-17T05:53:57.089+0000][6][gc,age       ] GC(18) Desired survivor size 2621440 bytes, new threshold 2 (max threshold 15)
[2021-08-17T05:53:57.096+0000][6][gc,age       ] GC(18) Age table with threshold 2 (max threshold 15)
[2021-08-17T05:53:57.096+0000][6][gc,age       ] GC(18) - age   1:    1780872 bytes,    1780872 total
[2021-08-17T05:53:57.096+0000][6][gc,age       ] GC(18) - age   2:    1835328 bytes,    3616200 total
[2021-08-17T05:53:57.096+0000][6][gc,phases    ] GC(18)   Pre Evacuate Collection Set: 0.2ms
[2021-08-17T05:53:57.096+0000][6][gc,phases    ] GC(18)   Merge Heap Roots: 0.2ms
[2021-08-17T05:53:57.096+0000][6][gc,phases    ] GC(18)   Evacuate Collection Set: 5.7ms
[2021-08-17T05:53:57.096+0000][6][gc,phases    ] GC(18)   Post Evacuate Collection Set: 0.9ms
[2021-08-17T05:53:57.096+0000][6][gc,phases    ] GC(18)   Other: 0.2ms
[2021-08-17T05:53:57.096+0000][6][gc,heap      ] GC(18) Eden regions: 29->0(28)
[2021-08-17T05:53:57.096+0000][6][gc,heap      ] GC(18) Survivor regions: 4->4(5)
[2021-08-17T05:53:57.096+0000][6][gc,heap      ] GC(18) Old regions: 99->101
[2021-08-17T05:53:57.096+0000][6][gc,heap      ] GC(18) Archive regions: 2->2
[2021-08-17T05:53:57.096+0000][6][gc,heap      ] GC(18) Humongous regions: 46->46
[2021-08-17T05:53:57.096+0000][6][gc,metaspace ] GC(18) Metaspace: 61821K(66048K)->61821K(66048K) NonClass: 53572K(55936K)->53572K(55936K) Class: 8248K(10112K)->8248K(10112K)
[2021-08-17T05:53:57.097+0000][6][gc           ] GC(18) Pause Young (Normal) (G1 Evacuation Pause) 176M->149M(256M) 7.223ms
[2021-08-17T05:53:57.097+0000][6][gc,cpu       ] GC(18) User=0.02s Sys=0.00s Real=0.00s
[2021-08-17T05:53:57.097+0000][6][safepoint    ] Safepoint "G1CollectForAllocation", Time since last: 12601853 ns, Reaching safepoint: 279974 ns, At safepoint: 7324429 ns, Total: 7604403 ns
[2021-08-17T05:53:57.109+0000][6][gc,start     ] GC(19) Pause Young (Normal) (G1 Evacuation Pause)
[2021-08-17T05:53:57.109+0000][6][gc,task      ] GC(19) Using 4 workers of 4 for evacuation
[2021-08-17T05:53:57.109+0000][6][gc,age       ] GC(19) Desired survivor size 2097152 bytes, new threshold 2 (max threshold 15)
[2021-08-17T05:53:57.115+0000][6][gc,age       ] GC(19) Age table with threshold 2 (max threshold 15)
[2021-08-17T05:53:57.115+0000][6][gc,age       ] GC(19) - age   1:    1719776 bytes,    1719776 total
[2021-08-17T05:53:57.115+0000][6][gc,age       ] GC(19) - age   2:    1780872 bytes,    3500648 total
[2021-08-17T05:53:57.115+0000][6][gc,phases    ] GC(19)   Pre Evacuate Collection Set: 0.2ms
[2021-08-17T05:53:57.115+0000][6][gc,phases    ] GC(19)   Merge Heap Roots: 0.1ms
[2021-08-17T05:53:57.115+0000][6][gc,phases    ] GC(19)   Evacuate Collection Set: 5.5ms
[2021-08-17T05:53:57.115+0000][6][gc,phases    ] GC(19)   Post Evacuate Collection Set: 0.9ms
[2021-08-17T05:53:57.115+0000][6][gc,phases    ] GC(19)   Other: 0.1ms
[2021-08-17T05:53:57.115+0000][6][gc,heap      ] GC(19) Eden regions: 28->0(28)
[2021-08-17T05:53:57.115+0000][6][gc,heap      ] GC(19) Survivor regions: 4->4(4)
[2021-08-17T05:53:57.115+0000][6][gc,heap      ] GC(19) Old regions: 101->103
[2021-08-17T05:53:57.115+0000][6][gc,heap      ] GC(19) Archive regions: 2->2
[2021-08-17T05:53:57.115+0000][6][gc,heap      ] GC(19) Humongous regions: 46->46
[2021-08-17T05:53:57.115+0000][6][gc,metaspace ] GC(19) Metaspace: 61821K(66048K)->61821K(66048K) NonClass: 53572K(55936K)->53572K(55936K) Class: 8248K(10112K)->8248K(10112K)
[2021-08-17T05:53:57.115+0000][6][gc           ] GC(19) Pause Young (Normal) (G1 Evacuation Pause) 177M->151M(256M) 6.799ms
[2021-08-17T05:53:57.115+0000][6][gc,cpu       ] GC(19) User=0.02s Sys=0.00s Real=0.00s
[2021-08-17T05:53:57.115+0000][6][safepoint    ] Safepoint "G1CollectForAllocation", Time since last: 11743818 ns, Reaching safepoint: 289788 ns, At safepoint: 6879770 ns, Total: 7169558 ns
[2021-08-17T05:53:57.127+0000][6][gc,start     ] GC(20) Pause Young (Normal) (G1 Evacuation Pause)
[2021-08-17T05:53:57.127+0000][6][gc,task      ] GC(20) Using 4 workers of 4 for evacuation
[2021-08-17T05:53:57.127+0000][6][gc,age       ] GC(20) Desired survivor size 2097152 bytes, new threshold 2 (max threshold 15)
[2021-08-17T05:53:57.136+0000][6][gc,age       ] GC(20) Age table with threshold 2 (max threshold 15)
[2021-08-17T05:53:57.136+0000][6][gc,age       ] GC(20) - age   1:    1709264 bytes,    1709264 total
[2021-08-17T05:53:57.136+0000][6][gc,age       ] GC(20) - age   2:    1719504 bytes,    3428768 total
[2021-08-17T05:53:57.136+0000][6][gc,phases    ] GC(20)   Pre Evacuate Collection Set: 0.2ms
[2021-08-17T05:53:57.136+0000][6][gc,phases    ] GC(20)   Merge Heap Roots: 0.2ms
[2021-08-17T05:53:57.136+0000][6][gc,phases    ] GC(20)   Evacuate Collection Set: 7.0ms
[2021-08-17T05:53:57.136+0000][6][gc,phases    ] GC(20)   Post Evacuate Collection Set: 0.9ms
[2021-08-17T05:53:57.136+0000][6][gc,phases    ] GC(20)   Other: 0.1ms
[2021-08-17T05:53:57.136+0000][6][gc,heap      ] GC(20) Eden regions: 28->0(26)
[2021-08-17T05:53:57.136+0000][6][gc,heap      ] GC(20) Survivor regions: 4->4(4)
[2021-08-17T05:53:57.136+0000][6][gc,heap      ] GC(20) Old regions: 103->104
[2021-08-17T05:53:57.136+0000][6][gc,heap      ] GC(20) Archive regions: 2->2
[2021-08-17T05:53:57.136+0000][6][gc,heap      ] GC(20) Humongous regions: 48->48
[2021-08-17T05:53:57.136+0000][6][gc,metaspace ] GC(20) Metaspace: 61821K(66048K)->61821K(66048K) NonClass: 53572K(55936K)->53572K(55936K) Class: 8248K(10112K)->8248K(10112K)
[2021-08-17T05:53:57.136+0000][6][gc           ] GC(20) Pause Young (Normal) (G1 Evacuation Pause) 181M->155M(256M) 8.476ms
[2021-08-17T05:53:57.136+0000][6][gc,cpu       ] GC(20) User=0.03s Sys=0.00s Real=0.00s
[2021-08-17T05:53:57.136+0000][6][safepoint    ] Safepoint "G1CollectForAllocation", Time since last: 11522225 ns, Reaching safepoint: 346428 ns, At safepoint: 8554010 ns, Total: 8900438 ns
[2021-08-17T05:53:57.142+0000][6][gc,marking   ] GC(13) Concurrent Rebuild Remembered Sets 135.798ms
[2021-08-17T05:53:57.143+0000][6][gc,start     ] GC(13) Pause Cleanup
[2021-08-17T05:53:57.143+0000][6][gc           ] GC(13) Pause Cleanup 172M->172M(256M) 0.204ms
[2021-08-17T05:53:57.143+0000][6][gc,cpu       ] GC(13) User=0.00s Sys=0.00s Real=0.00s
[2021-08-17T05:53:57.143+0000][6][safepoint    ] Safepoint "G1Concurrent", Time since last: 6232875 ns, Reaching safepoint: 678017 ns, At safepoint: 277263 ns, Total: 955280 ns
[2021-08-17T05:53:57.143+0000][6][gc,marking   ] GC(13) Concurrent Cleanup for Next Mark
[2021-08-17T05:53:57.144+0000][6][gc,marking   ] GC(13) Concurrent Cleanup for Next Mark 0.522ms
[2021-08-17T05:53:57.144+0000][6][gc           ] GC(13) Concurrent Cycle 257.959ms
[2021-08-17T05:53:57.147+0000][6][gc,start     ] GC(21) Pause Young (Normal) (G1 Evacuation Pause)
[2021-08-17T05:53:57.147+0000][6][gc,task      ] GC(21) Using 4 workers of 4 for evacuation
[2021-08-17T05:53:57.147+0000][6][gc,age       ] GC(21) Desired survivor size 2097152 bytes, new threshold 2 (max threshold 15)
[2021-08-17T05:53:57.155+0000][6][gc,age       ] GC(21) Age table with threshold 2 (max threshold 15)
[2021-08-17T05:53:57.155+0000][6][gc,age       ] GC(21) - age   1:    1594048 bytes,    1594048 total
[2021-08-17T05:53:57.155+0000][6][gc,age       ] GC(21) - age   2:    1709176 bytes,    3303224 total
[2021-08-17T05:53:57.155+0000][6][gc,phases    ] GC(21)   Pre Evacuate Collection Set: 0.2ms
[2021-08-17T05:53:57.155+0000][6][gc,phases    ] GC(21)   Merge Heap Roots: 0.2ms
[2021-08-17T05:53:57.155+0000][6][gc,phases    ] GC(21)   Evacuate Collection Set: 6.3ms
[2021-08-17T05:53:57.155+0000][6][gc,phases    ] GC(21)   Post Evacuate Collection Set: 1.0ms
[2021-08-17T05:53:57.155+0000][6][gc,phases    ] GC(21)   Other: 0.1ms
[2021-08-17T05:53:57.155+0000][6][gc,heap      ] GC(21) Eden regions: 26->0(25)
[2021-08-17T05:53:57.155+0000][6][gc,heap      ] GC(21) Survivor regions: 4->4(4)
[2021-08-17T05:53:57.155+0000][6][gc,heap      ] GC(21) Old regions: 104->106
[2021-08-17T05:53:57.155+0000][6][gc,heap      ] GC(21) Archive regions: 2->2
[2021-08-17T05:53:57.155+0000][6][gc,heap      ] GC(21) Humongous regions: 48->48
[2021-08-17T05:53:57.155+0000][6][gc,metaspace ] GC(21) Metaspace: 61821K(66048K)->61821K(66048K) NonClass: 53572K(55936K)->53572K(55936K) Class: 8248K(10112K)->8248K(10112K)
[2021-08-17T05:53:57.155+0000][6][gc           ] GC(21) Pause Young (Normal) (G1 Evacuation Pause) 181M->157M(256M) 7.859ms
[2021-08-17T05:53:57.155+0000][6][gc,cpu       ] GC(21) User=0.02s Sys=0.00s Real=0.00s
[2021-08-17T05:53:57.155+0000][6][safepoint    ] Safepoint "G1CollectForAllocation", Time since last: 3852710 ns, Reaching safepoint: 177385 ns, At safepoint: 7939107 ns, Total: 8116492 ns
[2021-08-17T05:53:57.165+0000][6][gc,start     ] GC(22) Pause Young (Concurrent Start) (G1 Evacuation Pause)
[2021-08-17T05:53:57.165+0000][6][gc,task      ] GC(22) Using 4 workers of 4 for evacuation
[2021-08-17T05:53:57.165+0000][6][gc,age       ] GC(22) Desired survivor size 2097152 bytes, new threshold 2 (max threshold 15)
[2021-08-17T05:53:57.172+0000][6][gc,age       ] GC(22) Age table with threshold 2 (max threshold 15)
[2021-08-17T05:53:57.172+0000][6][gc,age       ] GC(22) - age   1:    1522368 bytes,    1522368 total
[2021-08-17T05:53:57.172+0000][6][gc,age       ] GC(22) - age   2:    1593920 bytes,    3116288 total
[2021-08-17T05:53:57.172+0000][6][gc,phases    ] GC(22)   Pre Evacuate Collection Set: 0.5ms
[2021-08-17T05:53:57.172+0000][6][gc,phases    ] GC(22)   Merge Heap Roots: 0.2ms
[2021-08-17T05:53:57.172+0000][6][gc,phases    ] GC(22)   Evacuate Collection Set: 5.1ms
[2021-08-17T05:53:57.172+0000][6][gc,phases    ] GC(22)   Post Evacuate Collection Set: 1.0ms
[2021-08-17T05:53:57.172+0000][6][gc,phases    ] GC(22)   Other: 0.1ms
[2021-08-17T05:53:57.172+0000][6][gc,heap      ] GC(22) Eden regions: 25->0(24)
[2021-08-17T05:53:57.172+0000][6][gc,heap      ] GC(22) Survivor regions: 4->4(4)
[2021-08-17T05:53:57.172+0000][6][gc,heap      ] GC(22) Old regions: 106->108
[2021-08-17T05:53:57.172+0000][6][gc,heap      ] GC(22) Archive regions: 2->2
[2021-08-17T05:53:57.172+0000][6][gc,heap      ] GC(22) Humongous regions: 48->48
[2021-08-17T05:53:57.172+0000][6][gc,metaspace ] GC(22) Metaspace: 61821K(66048K)->61821K(66048K) NonClass: 53572K(55936K)->53572K(55936K) Class: 8248K(10112K)->8248K(10112K)
[2021-08-17T05:53:57.172+0000][6][gc           ] GC(22) Pause Young (Concurrent Start) (G1 Evacuation Pause) 182M->158M(256M) 6.996ms
[2021-08-17T05:53:57.172+0000][6][gc,cpu       ] GC(22) User=0.02s Sys=0.00s Real=0.01s
[2021-08-17T05:53:57.172+0000][6][safepoint    ] Safepoint "G1CollectForAllocation", Time since last: 9480426 ns, Reaching safepoint: 104650 ns, At safepoint: 7069150 ns, Total: 7173800 ns
[2021-08-17T05:53:57.172+0000][6][gc           ] GC(23) Concurrent Cycle
[2021-08-17T05:53:57.172+0000][6][gc,marking   ] GC(23) Concurrent Clear Claimed Marks
[2021-08-17T05:53:57.172+0000][6][gc,marking   ] GC(23) Concurrent Clear Claimed Marks 0.295ms
[2021-08-17T05:53:57.172+0000][6][gc,marking   ] GC(23) Concurrent Scan Root Regions
[2021-08-17T05:53:57.174+0000][6][gc,marking   ] GC(23) Concurrent Scan Root Regions 1.464ms
[2021-08-17T05:53:57.174+0000][6][gc,marking   ] GC(23) Concurrent Mark (8.488s)
[2021-08-17T05:53:57.174+0000][6][gc,marking   ] GC(23) Concurrent Mark From Roots
[2021-08-17T05:53:57.174+0000][6][gc,task      ] GC(23) Using 1 workers of 1 for marking
[2021-08-17T05:53:57.183+0000][6][gc,start     ] GC(24) Pause Young (Normal) (G1 Evacuation Pause)
[2021-08-17T05:53:57.183+0000][6][gc,task      ] GC(24) Using 4 workers of 4 for evacuation
[2021-08-17T05:53:57.183+0000][6][gc,age       ] GC(24) Desired survivor size 2097152 bytes, new threshold 2 (max threshold 15)
[2021-08-17T05:53:57.189+0000][6][gc,age       ] GC(24) Age table with threshold 2 (max threshold 15)
[2021-08-17T05:53:57.189+0000][6][gc,age       ] GC(24) - age   1:    1479400 bytes,    1479400 total
[2021-08-17T05:53:57.189+0000][6][gc,age       ] GC(24) - age   2:    1522368 bytes,    3001768 total
[2021-08-17T05:53:57.189+0000][6][gc,phases    ] GC(24)   Pre Evacuate Collection Set: 0.2ms
[2021-08-17T05:53:57.189+0000][6][gc,phases    ] GC(24)   Merge Heap Roots: 0.2ms
[2021-08-17T05:53:57.189+0000][6][gc,phases    ] GC(24)   Evacuate Collection Set: 4.6ms
[2021-08-17T05:53:57.189+0000][6][gc,phases    ] GC(24)   Post Evacuate Collection Set: 1.1ms
[2021-08-17T05:53:57.189+0000][6][gc,phases    ] GC(24)   Other: 0.1ms
[2021-08-17T05:53:57.189+0000][6][gc,heap      ] GC(24) Eden regions: 24->0(23)
[2021-08-17T05:53:57.189+0000][6][gc,heap      ] GC(24) Survivor regions: 4->4(4)
[2021-08-17T05:53:57.189+0000][6][gc,heap      ] GC(24) Old regions: 108->110
[2021-08-17T05:53:57.189+0000][6][gc,heap      ] GC(24) Archive regions: 2->2
[2021-08-17T05:53:57.189+0000][6][gc,heap      ] GC(24) Humongous regions: 48->48
[2021-08-17T05:53:57.189+0000][6][gc,metaspace ] GC(24) Metaspace: 61822K(66048K)->61822K(66048K) NonClass: 53574K(55936K)->53574K(55936K) Class: 8248K(10112K)->8248K(10112K)
[2021-08-17T05:53:57.189+0000][6][gc           ] GC(24) Pause Young (Normal) (G1 Evacuation Pause) 182M->160M(256M) 6.338ms
[2021-08-17T05:53:57.189+0000][6][gc,cpu       ] GC(24) User=0.02s Sys=0.00s Real=0.01s
[2021-08-17T05:53:57.189+0000][6][safepoint    ] Safepoint "G1CollectForAllocation", Time since last: 10735420 ns, Reaching safepoint: 296895 ns, At safepoint: 6418523 ns, Total: 6715418 ns
[2021-08-17T05:53:57.200+0000][6][gc,start     ] GC(25) Pause Young (Normal) (G1 Evacuation Pause)
[2021-08-17T05:53:57.200+0000][6][gc,task      ] GC(25) Using 4 workers of 4 for evacuation
[2021-08-17T05:53:57.200+0000][6][gc,age       ] GC(25) Desired survivor size 2097152 bytes, new threshold 2 (max threshold 15)
[2021-08-17T05:53:57.206+0000][6][gc,age       ] GC(25) Age table with threshold 2 (max threshold 15)
[2021-08-17T05:53:57.206+0000][6][gc,age       ] GC(25) - age   1:    1413680 bytes,    1413680 total
[2021-08-17T05:53:57.206+0000][6][gc,age       ] GC(25) - age   2:    1478904 bytes,    2892584 total
[2021-08-17T05:53:57.206+0000][6][gc,phases    ] GC(25)   Pre Evacuate Collection Set: 0.2ms
[2021-08-17T05:53:57.206+0000][6][gc,phases    ] GC(25)   Merge Heap Roots: 0.2ms
[2021-08-17T05:53:57.206+0000][6][gc,phases    ] GC(25)   Evacuate Collection Set: 5.0ms
[2021-08-17T05:53:57.206+0000][6][gc,phases    ] GC(25)   Post Evacuate Collection Set: 0.9ms
[2021-08-17T05:53:57.206+0000][6][gc,phases    ] GC(25)   Other: 0.2ms
[2021-08-17T05:53:57.206+0000][6][gc,heap      ] GC(25) Eden regions: 23->0(21)
[2021-08-17T05:53:57.206+0000][6][gc,heap      ] GC(25) Survivor regions: 4->3(4)
[2021-08-17T05:53:57.206+0000][6][gc,heap      ] GC(25) Old regions: 110->111
[2021-08-17T05:53:57.206+0000][6][gc,heap      ] GC(25) Archive regions: 2->2
[2021-08-17T05:53:57.206+0000][6][gc,heap      ] GC(25) Humongous regions: 51->51
[2021-08-17T05:53:57.206+0000][6][gc,metaspace ] GC(25) Metaspace: 61822K(66048K)->61822K(66048K) NonClass: 53574K(55936K)->53574K(55936K) Class: 8248K(10112K)->8248K(10112K)
[2021-08-17T05:53:57.206+0000][6][gc           ] GC(25) Pause Young (Normal) (G1 Evacuation Pause) 186M->164M(256M) 6.645ms
[2021-08-17T05:53:57.206+0000][6][gc,cpu       ] GC(25) User=0.02s Sys=0.00s Real=0.00s
[2021-08-17T05:53:57.206+0000][6][safepoint    ] Safepoint "G1CollectForAllocation", Time since last: 10301197 ns, Reaching safepoint: 274570 ns, At safepoint: 6723635 ns, Total: 6998205 ns
[2021-08-17T05:53:57.216+0000][6][gc,start     ] GC(26) Pause Young (Normal) (G1 Evacuation Pause)
[2021-08-17T05:53:57.216+0000][6][gc,task      ] GC(26) Using 4 workers of 4 for evacuation
[2021-08-17T05:53:57.216+0000][6][gc,age       ] GC(26) Desired survivor size 1572864 bytes, new threshold 2 (max threshold 15)
[2021-08-17T05:53:57.223+0000][6][gc,age       ] GC(26) Age table with threshold 2 (max threshold 15)
[2021-08-17T05:53:57.223+0000][6][gc,age       ] GC(26) - age   1:    1285464 bytes,    1285464 total
[2021-08-17T05:53:57.223+0000][6][gc,age       ] GC(26) - age   2:    1413328 bytes,    2698792 total
[2021-08-17T05:53:57.223+0000][6][gc,phases    ] GC(26)   Pre Evacuate Collection Set: 0.2ms
[2021-08-17T05:53:57.223+0000][6][gc,phases    ] GC(26)   Merge Heap Roots: 0.2ms
[2021-08-17T05:53:57.223+0000][6][gc,phases    ] GC(26)   Evacuate Collection Set: 6.0ms
[2021-08-17T05:53:57.223+0000][6][gc,phases    ] GC(26)   Post Evacuate Collection Set: 0.9ms
[2021-08-17T05:53:57.223+0000][6][gc,phases    ] GC(26)   Other: 0.1ms
[2021-08-17T05:53:57.223+0000][6][gc,heap      ] GC(26) Eden regions: 21->0(19)
[2021-08-17T05:53:57.223+0000][6][gc,heap      ] GC(26) Survivor regions: 3->3(3)
[2021-08-17T05:53:57.223+0000][6][gc,heap      ] GC(26) Old regions: 111->113
[2021-08-17T05:53:57.223+0000][6][gc,heap      ] GC(26) Archive regions: 2->2
[2021-08-17T05:53:57.223+0000][6][gc,heap      ] GC(26) Humongous regions: 51->51
[2021-08-17T05:53:57.223+0000][6][gc,metaspace ] GC(26) Metaspace: 61822K(66048K)->61822K(66048K) NonClass: 53574K(55936K)->53574K(55936K) Class: 8248K(10112K)->8248K(10112K)
[2021-08-17T05:53:57.223+0000][6][gc           ] GC(26) Pause Young (Normal) (G1 Evacuation Pause) 185M->166M(256M) 7.462ms
[2021-08-17T05:53:57.223+0000][6][gc,cpu       ] GC(26) User=0.02s Sys=0.00s Real=0.01s
[2021-08-17T05:53:57.223+0000][6][safepoint    ] Safepoint "G1CollectForAllocation", Time since last: 9058049 ns, Reaching safepoint: 277886 ns, At safepoint: 7536030 ns, Total: 7813916 ns
[2021-08-17T05:53:57.232+0000][6][gc,start     ] GC(27) Pause Young (Normal) (G1 Evacuation Pause)
[2021-08-17T05:53:57.232+0000][6][gc,task      ] GC(27) Using 4 workers of 4 for evacuation
[2021-08-17T05:53:57.232+0000][6][gc,age       ] GC(27) Desired survivor size 1572864 bytes, new threshold 2 (max threshold 15)
[2021-08-17T05:53:57.237+0000][6][gc,age       ] GC(27) Age table with threshold 2 (max threshold 15)
[2021-08-17T05:53:57.237+0000][6][gc,age       ] GC(27) - age   1:    1160232 bytes,    1160232 total
[2021-08-17T05:53:57.237+0000][6][gc,age       ] GC(27) - age   2:    1285336 bytes,    2445568 total
[2021-08-17T05:53:57.333+0000][6][gc,phases    ] GC(27)   Pre Evacuate Collection Set: 0.1ms
[2021-08-17T05:53:57.333+0000][6][gc,phases    ] GC(27)   Merge Heap Roots: 0.2ms
[2021-08-17T05:53:57.333+0000][6][gc,phases    ] GC(27)   Evacuate Collection Set: 4.1ms
[2021-08-17T05:53:57.333+0000][6][gc,phases    ] GC(27)   Post Evacuate Collection Set: 96.5ms
[2021-08-17T05:53:57.333+0000][6][gc,phases    ] GC(27)   Other: 0.1ms
[2021-08-17T05:53:57.333+0000][6][gc,heap      ] GC(27) Eden regions: 19->0(157)
[2021-08-17T05:53:57.333+0000][6][gc,heap      ] GC(27) Survivor regions: 3->3(3)
[2021-08-17T05:53:57.333+0000][6][gc,heap      ] GC(27) Old regions: 113->114
[2021-08-17T05:53:57.333+0000][6][gc,heap      ] GC(27) Archive regions: 2->2
[2021-08-17T05:53:57.333+0000][6][gc,heap      ] GC(27) Humongous regions: 51->51
[2021-08-17T05:53:57.333+0000][6][gc,metaspace ] GC(27) Metaspace: 61822K(66048K)->61822K(66048K) NonClass: 53574K(55936K)->53574K(55936K) Class: 8248K(10112K)->8248K(10112K)
[2021-08-17T05:53:57.333+0000][6][gc           ] GC(27) Pause Young (Normal) (G1 Evacuation Pause) 185M->167M(491M) 101.106ms
[2021-08-17T05:53:57.333+0000][6][gc,cpu       ] GC(27) User=0.04s Sys=0.07s Real=0.10s
[2021-08-17T05:53:57.333+0000][6][safepoint    ] Safepoint "G1CollectForAllocation", Time since last: 8204885 ns, Reaching safepoint: 159765 ns, At safepoint: 101201613 ns, Total: 101361378 ns
[2021-08-17T05:53:57.381+0000][6][gc,marking   ] GC(23) Concurrent Mark From Roots 207.644ms
[2021-08-17T05:53:57.381+0000][6][gc,marking   ] GC(23) Concurrent Preclean
[2021-08-17T05:53:57.381+0000][6][gc,marking   ] GC(23) Concurrent Preclean 0.160ms
[2021-08-17T05:53:57.381+0000][6][gc,marking   ] GC(23) Concurrent Mark (8.488s, 8.696s) 207.855ms
[2021-08-17T05:53:57.382+0000][6][gc,start     ] GC(23) Pause Remark
[2021-08-17T05:53:57.392+0000][6][gc           ] GC(23) Pause Remark 287M->241M(491M) 10.005ms
[2021-08-17T05:53:57.392+0000][6][gc,cpu       ] GC(23) User=0.04s Sys=0.00s Real=0.01s
[2021-08-17T05:53:57.392+0000][6][safepoint    ] Safepoint "G1Concurrent", Time since last: 48687507 ns, Reaching safepoint: 768641 ns, At safepoint: 10098817 ns, Total: 10867458 ns
[2021-08-17T05:53:57.393+0000][6][gc,marking   ] GC(23) Concurrent Rebuild Remembered Sets
[2021-08-17T05:53:57.408+0000][6][gc,start     ] GC(28) Pause Young (Normal) (G1 Evacuation Pause)
[2021-08-17T05:53:57.408+0000][6][gc,task      ] GC(28) Using 4 workers of 4 for evacuation
[2021-08-17T05:53:57.408+0000][6][gc,age       ] GC(28) Desired survivor size 10485760 bytes, new threshold 15 (max threshold 15)
[2021-08-17T05:53:57.423+0000][6][gc,age       ] GC(28) Age table with threshold 15 (max threshold 15)
[2021-08-17T05:53:57.423+0000][6][gc,age       ] GC(28) - age   1:    9743544 bytes,    9743544 total
[2021-08-17T05:53:57.423+0000][6][gc,age       ] GC(28) - age   2:    1160032 bytes,   10903576 total
[2021-08-17T05:53:57.423+0000][6][gc,age       ] GC(28) - age   3:    1285336 bytes,   12188912 total
[2021-08-17T05:53:57.423+0000][6][gc,phases    ] GC(28)   Pre Evacuate Collection Set: 0.1ms
[2021-08-17T05:53:57.423+0000][6][gc,phases    ] GC(28)   Merge Heap Roots: 0.2ms
[2021-08-17T05:53:57.423+0000][6][gc,phases    ] GC(28)   Evacuate Collection Set: 13.7ms
[2021-08-17T05:53:57.423+0000][6][gc,phases    ] GC(28)   Post Evacuate Collection Set: 1.2ms
[2021-08-17T05:53:57.423+0000][6][gc,phases    ] GC(28)   Other: 0.2ms
[2021-08-17T05:53:57.423+0000][6][gc,heap      ] GC(28) Eden regions: 157->0(185)
[2021-08-17T05:53:57.423+0000][6][gc,heap      ] GC(28) Survivor regions: 3->12(20)
[2021-08-17T05:53:57.423+0000][6][gc,heap      ] GC(28) Old regions: 75->75
[2021-08-17T05:53:57.423+0000][6][gc,heap      ] GC(28) Archive regions: 2->2
[2021-08-17T05:53:57.423+0000][6][gc,heap      ] GC(28) Humongous regions: 48->48
[2021-08-17T05:53:57.423+0000][6][gc,metaspace ] GC(28) Metaspace: 61822K(66048K)->61822K(66048K) NonClass: 53574K(55936K)->53574K(55936K) Class: 8248K(10112K)->8248K(10112K)
[2021-08-17T05:53:57.423+0000][6][gc           ] GC(28) Pause Young (Normal) (G1 Evacuation Pause) 282M->134M(491M) 15.473ms
[2021-08-17T05:53:57.423+0000][6][gc,cpu       ] GC(28) User=0.05s Sys=0.00s Real=0.01s
[2021-08-17T05:53:57.423+0000][6][safepoint    ] Safepoint "G1CollectForAllocation", Time since last: 14901410 ns, Reaching safepoint: 356322 ns, At safepoint: 15573943 ns, Total: 15930265 ns
[2021-08-17T05:53:57.484+0000][6][gc,marking   ] GC(23) Concurrent Rebuild Remembered Sets 90.875ms
[2021-08-17T05:53:57.485+0000][6][gc,start     ] GC(23) Pause Cleanup
[2021-08-17T05:53:57.486+0000][6][gc           ] GC(23) Pause Cleanup 300M->300M(491M) 0.185ms
[2021-08-17T05:53:57.486+0000][6][gc,cpu       ] GC(23) User=0.00s Sys=0.00s Real=0.00s
[2021-08-17T05:53:57.486+0000][6][safepoint    ] Safepoint "G1Concurrent", Time since last: 62072503 ns, Reaching safepoint: 75770 ns, At safepoint: 244726 ns, Total: 320496 ns
[2021-08-17T05:53:57.486+0000][6][gc,marking   ] GC(23) Concurrent Cleanup for Next Mark
[2021-08-17T05:53:57.486+0000][6][gc,marking   ] GC(23) Concurrent Cleanup for Next Mark 0.713ms
[2021-08-17T05:53:57.486+0000][6][gc           ] GC(23) Concurrent Cycle 314.690ms
[2021-08-17T05:53:57.495+0000][6][gc,start     ] GC(29) Pause Young (Normal) (G1 Evacuation Pause)
[2021-08-17T05:53:57.495+0000][6][gc,task      ] GC(29) Using 4 workers of 4 for evacuation
[2021-08-17T05:53:57.495+0000][6][gc,age       ] GC(29) Desired survivor size 13107200 bytes, new threshold 15 (max threshold 15)
[2021-08-17T05:53:57.519+0000][6][gc,age       ] GC(29) Age table with threshold 15 (max threshold 15)
[2021-08-17T05:53:57.519+0000][6][gc,age       ] GC(29) - age   1:   11759784 bytes,   11759784 total
[2021-08-17T05:53:57.519+0000][6][gc,age       ] GC(29) - age   2:    9743272 bytes,   21503056 total
[2021-08-17T05:53:57.519+0000][6][gc,age       ] GC(29) - age   3:    1160032 bytes,   22663088 total
[2021-08-17T05:53:57.519+0000][6][gc,age       ] GC(29) - age   4:    1285336 bytes,   23948424 total
[2021-08-17T05:53:57.519+0000][6][gc,phases    ] GC(29)   Pre Evacuate Collection Set: 0.2ms
[2021-08-17T05:53:57.519+0000][6][gc,phases    ] GC(29)   Merge Heap Roots: 0.2ms
[2021-08-17T05:53:57.519+0000][6][gc,phases    ] GC(29)   Evacuate Collection Set: 22.1ms
[2021-08-17T05:53:57.519+0000][6][gc,phases    ] GC(29)   Post Evacuate Collection Set: 1.3ms
[2021-08-17T05:53:57.519+0000][6][gc,phases    ] GC(29)   Other: 0.2ms
[2021-08-17T05:53:57.519+0000][6][gc,heap      ] GC(29) Eden regions: 185->0(174)
[2021-08-17T05:53:57.519+0000][6][gc,heap      ] GC(29) Survivor regions: 12->24(25)
[2021-08-17T05:53:57.519+0000][6][gc,heap      ] GC(29) Old regions: 75->75
[2021-08-17T05:53:57.519+0000][6][gc,heap      ] GC(29) Archive regions: 2->2
[2021-08-17T05:53:57.519+0000][6][gc,heap      ] GC(29) Humongous regions: 53->53
[2021-08-17T05:53:57.519+0000][6][gc,metaspace ] GC(29) Metaspace: 61823K(66048K)->61823K(66048K) NonClass: 53575K(55936K)->53575K(55936K) Class: 8248K(10112K)->8248K(10112K)
[2021-08-17T05:53:57.519+0000][6][gc           ] GC(29) Pause Young (Normal) (G1 Evacuation Pause) 324M->151M(491M) 24.156ms
[2021-08-17T05:53:57.519+0000][6][gc,cpu       ] GC(29) User=0.09s Sys=0.00s Real=0.03s
[2021-08-17T05:53:57.519+0000][6][safepoint    ] Safepoint "G1CollectForAllocation", Time since last: 9288995 ns, Reaching safepoint: 104705 ns, At safepoint: 24232093 ns, Total: 24336798 ns
[2021-08-17T05:53:57.624+0000][6][gc,start     ] GC(30) Pause Young (Normal) (G1 Evacuation Pause)
[2021-08-17T05:53:57.624+0000][6][gc,task      ] GC(30) Using 4 workers of 4 for evacuation
[2021-08-17T05:53:57.624+0000][6][gc,age       ] GC(30) Desired survivor size 13107200 bytes, new threshold 2 (max threshold 15)
[2021-08-17T05:53:57.646+0000][6][gc,age       ] GC(30) Age table with threshold 2 (max threshold 15)
[2021-08-17T05:53:57.646+0000][6][gc,age       ] GC(30) - age   1:    4686624 bytes,    4686624 total
[2021-08-17T05:53:57.646+0000][6][gc,age       ] GC(30) - age   2:   11759784 bytes,   16446408 total
[2021-08-17T05:53:57.646+0000][6][gc,phases    ] GC(30)   Pre Evacuate Collection Set: 0.2ms
[2021-08-17T05:53:57.646+0000][6][gc,phases    ] GC(30)   Merge Heap Roots: 0.2ms
[2021-08-17T05:53:57.646+0000][6][gc,phases    ] GC(30)   Evacuate Collection Set: 19.7ms
[2021-08-17T05:53:57.646+0000][6][gc,phases    ] GC(30)   Post Evacuate Collection Set: 1.9ms
[2021-08-17T05:53:57.646+0000][6][gc,phases    ] GC(30)   Other: 0.2ms
[2021-08-17T05:53:57.646+0000][6][gc,heap      ] GC(30) Eden regions: 174->0(175)
[2021-08-17T05:53:57.646+0000][6][gc,heap      ] GC(30) Survivor regions: 24->17(25)
[2021-08-17T05:53:57.646+0000][6][gc,heap      ] GC(30) Old regions: 75->87
[2021-08-17T05:53:57.646+0000][6][gc,heap      ] GC(30) Archive regions: 2->2
[2021-08-17T05:53:57.646+0000][6][gc,heap      ] GC(30) Humongous regions: 53->53
[2021-08-17T05:53:57.646+0000][6][gc,metaspace ] GC(30) Metaspace: 61842K(66048K)->61842K(66048K) NonClass: 53592K(55936K)->53592K(55936K) Class: 8249K(10112K)->8249K(10112K)
[2021-08-17T05:53:57.646+0000][6][gc           ] GC(30) Pause Young (Normal) (G1 Evacuation Pause) 325M->156M(491M) 22.161ms
[2021-08-17T05:53:57.646+0000][6][gc,cpu       ] GC(30) User=0.08s Sys=0.00s Real=0.02s
[2021-08-17T05:53:57.646+0000][6][safepoint    ] Safepoint "G1CollectForAllocation", Time since last: 104554636 ns, Reaching safepoint: 136131 ns, At safepoint: 22259405 ns, Total: 22395536 ns
[2021-08-17T05:53:57.773+0000][6][gc,start     ] GC(31) Pause Young (Normal) (G1 Evacuation Pause)
[2021-08-17T05:53:57.774+0000][6][gc,task      ] GC(31) Using 4 workers of 4 for evacuation
[2021-08-17T05:53:57.774+0000][6][gc,age       ] GC(31) Desired survivor size 12582912 bytes, new threshold 2 (max threshold 15)
[2021-08-17T05:53:57.785+0000][6][gc,age       ] GC(31) Age table with threshold 2 (max threshold 15)
[2021-08-17T05:53:57.785+0000][6][gc,age       ] GC(31) - age   1:        128 bytes,        128 total
[2021-08-17T05:53:57.785+0000][6][gc,age       ] GC(31) - age   2:    4686312 bytes,    4686440 total
[2021-08-17T05:53:58.031+0000][6][gc,mmu       ] GC(31) MMU target violated: 201.0ms (200.0ms/201.0ms)
[2021-08-17T05:53:58.031+0000][6][gc,phases    ] GC(31)   Pre Evacuate Collection Set: 0.2ms
[2021-08-17T05:53:58.031+0000][6][gc,phases    ] GC(31)   Merge Heap Roots: 0.1ms
[2021-08-17T05:53:58.031+0000][6][gc,phases    ] GC(31)   Evacuate Collection Set: 9.4ms
[2021-08-17T05:53:58.031+0000][6][gc,phases    ] GC(31)   Post Evacuate Collection Set: 247.5ms
[2021-08-17T05:53:58.031+0000][6][gc,phases    ] GC(31)   Other: 0.2ms
[2021-08-17T05:53:58.031+0000][6][gc,heap      ] GC(31) Eden regions: 175->0(322)
[2021-08-17T05:53:58.031+0000][6][gc,heap      ] GC(31) Survivor regions: 17->6(24)
[2021-08-17T05:53:58.031+0000][6][gc,heap      ] GC(31) Old regions: 87->99
[2021-08-17T05:53:58.031+0000][6][gc,heap      ] GC(31) Archive regions: 2->2
[2021-08-17T05:53:58.031+0000][6][gc,heap      ] GC(31) Humongous regions: 53->53
[2021-08-17T05:53:58.031+0000][6][gc,metaspace ] GC(31) Metaspace: 61842K(66048K)->61842K(66048K) NonClass: 53592K(55936K)->53592K(55936K) Class: 8249K(10112K)->8249K(10112K)
[2021-08-17T05:53:58.031+0000][6][gc           ] GC(31) Pause Young (Normal) (G1 Evacuation Pause) 331M->157M(705M) 257.467ms
[2021-08-17T05:53:58.031+0000][6][gc,cpu       ] GC(31) User=0.06s Sys=0.21s Real=0.26s
[2021-08-17T05:53:58.031+0000][6][safepoint    ] Safepoint "G1CollectForAllocation", Time since last: 126819962 ns, Reaching safepoint: 359627 ns, At safepoint: 257623612 ns, Total: 257983239 ns
[2021-08-17T05:53:58.167+0000][6][gc,start     ] GC(32) Pause Young (Normal) (G1 Evacuation Pause)
[2021-08-17T05:53:58.167+0000][6][gc,task      ] GC(32) Using 4 workers of 4 for evacuation
[2021-08-17T05:53:58.167+0000][6][gc,age       ] GC(32) Desired survivor size 21495808 bytes, new threshold 15 (max threshold 15)
[2021-08-17T05:53:58.173+0000][6][gc,age       ] GC(32) Age table with threshold 15 (max threshold 15)
[2021-08-17T05:53:58.173+0000][6][gc,age       ] GC(32) - age   1:      31600 bytes,      31600 total
[2021-08-17T05:53:58.173+0000][6][gc,age       ] GC(32) - age   3:    4686312 bytes,    4717912 total
[2021-08-17T05:53:58.173+0000][6][gc,phases    ] GC(32)   Pre Evacuate Collection Set: 0.2ms
[2021-08-17T05:53:58.173+0000][6][gc,phases    ] GC(32)   Merge Heap Roots: 0.2ms
[2021-08-17T05:53:58.173+0000][6][gc,phases    ] GC(32)   Evacuate Collection Set: 4.2ms
[2021-08-17T05:53:58.173+0000][6][gc,phases    ] GC(32)   Post Evacuate Collection Set: 1.3ms
[2021-08-17T05:53:58.173+0000][6][gc,phases    ] GC(32)   Other: 0.2ms
[2021-08-17T05:53:58.173+0000][6][gc,heap      ] GC(32) Eden regions: 322->0(348)
[2021-08-17T05:53:58.173+0000][6][gc,heap      ] GC(32) Survivor regions: 6->5(41)
[2021-08-17T05:53:58.173+0000][6][gc,heap      ] GC(32) Old regions: 99->99
[2021-08-17T05:53:58.173+0000][6][gc,heap      ] GC(32) Archive regions: 2->2
[2021-08-17T05:53:58.173+0000][6][gc,heap      ] GC(32) Humongous regions: 53->53
[2021-08-17T05:53:58.173+0000][6][gc,metaspace ] GC(32) Metaspace: 61852K(66048K)->61852K(66048K) NonClass: 53601K(55936K)->53601K(55936K) Class: 8250K(10112K)->8250K(10112K)
[2021-08-17T05:53:58.173+0000][6][gc           ] GC(32) Pause Young (Normal) (G1 Evacuation Pause) 479M->156M(705M) 6.022ms
[2021-08-17T05:53:58.173+0000][6][gc,cpu       ] GC(32) User=0.01s Sys=0.00s Real=0.00s
[2021-08-17T05:53:58.173+0000][6][safepoint    ] Safepoint "G1CollectForAllocation", Time since last: 136082423 ns, Reaching safepoint: 120607 ns, At safepoint: 6100970 ns, Total: 6221577 ns
[2021-08-17T05:53:58.288+0000][6][gc,start     ] GC(33) Pause Young (Normal) (G1 Evacuation Pause)
[2021-08-17T05:53:58.288+0000][6][gc,task      ] GC(33) Using 4 workers of 4 for evacuation
[2021-08-17T05:53:58.288+0000][6][gc,age       ] GC(33) Desired survivor size 23592960 bytes, new threshold 15 (max threshold 15)
[2021-08-17T05:53:58.294+0000][6][gc,age       ] GC(33) Age table with threshold 15 (max threshold 15)
[2021-08-17T05:53:58.294+0000][6][gc,age       ] GC(33) - age   1:        128 bytes,        128 total
[2021-08-17T05:53:58.294+0000][6][gc,age       ] GC(33) - age   2:      31472 bytes,      31600 total
[2021-08-17T05:53:58.294+0000][6][gc,age       ] GC(33) - age   4:    4686312 bytes,    4717912 total
[2021-08-17T05:53:58.294+0000][6][gc,phases    ] GC(33)   Pre Evacuate Collection Set: 0.1ms
[2021-08-17T05:53:58.294+0000][6][gc,phases    ] GC(33)   Merge Heap Roots: 0.2ms
[2021-08-17T05:53:58.294+0000][6][gc,phases    ] GC(33)   Evacuate Collection Set: 4.3ms
[2021-08-17T05:53:58.294+0000][6][gc,phases    ] GC(33)   Post Evacuate Collection Set: 1.1ms
[2021-08-17T05:53:58.294+0000][6][gc,phases    ] GC(33)   Other: 0.2ms
[2021-08-17T05:53:58.294+0000][6][gc,heap      ] GC(33) Eden regions: 348->0(353)
[2021-08-17T05:53:58.294+0000][6][gc,heap      ] GC(33) Survivor regions: 5->5(45)
[2021-08-17T05:53:58.294+0000][6][gc,heap      ] GC(33) Old regions: 99->99
[2021-08-17T05:53:58.294+0000][6][gc,heap      ] GC(33) Archive regions: 2->2
[2021-08-17T05:53:58.294+0000][6][gc,heap      ] GC(33) Humongous regions: 53->53
[2021-08-17T05:53:58.294+0000][6][gc,metaspace ] GC(33) Metaspace: 61852K(66048K)->61852K(66048K) NonClass: 53601K(55936K)->53601K(55936K) Class: 8250K(10112K)->8250K(10112K)
[2021-08-17T05:53:58.294+0000][6][gc           ] GC(33) Pause Young (Normal) (G1 Evacuation Pause) 504M->156M(705M) 5.887ms
[2021-08-17T05:53:58.294+0000][6][gc,cpu       ] GC(33) User=0.02s Sys=0.00s Real=0.00s
[2021-08-17T05:53:58.294+0000][6][safepoint    ] Safepoint "G1CollectForAllocation", Time since last: 114886783 ns, Reaching safepoint: 107363 ns, At safepoint: 5975605 ns, Total: 6082968 ns
[2021-08-17T05:53:58.411+0000][6][gc,start     ] GC(34) Pause Young (Normal) (G1 Evacuation Pause)
[2021-08-17T05:53:58.411+0000][6][gc,task      ] GC(34) Using 4 workers of 4 for evacuation
[2021-08-17T05:53:58.411+0000][6][gc,age       ] GC(34) Desired survivor size 23592960 bytes, new threshold 15 (max threshold 15)
[2021-08-17T05:53:58.417+0000][6][gc,age       ] GC(34) Age table with threshold 15 (max threshold 15)
[2021-08-17T05:53:58.417+0000][6][gc,age       ] GC(34) - age   3:      31472 bytes,      31472 total
[2021-08-17T05:53:58.417+0000][6][gc,age       ] GC(34) - age   5:    4686312 bytes,    4717784 total
[2021-08-17T05:53:58.417+0000][6][gc,phases    ] GC(34)   Pre Evacuate Collection Set: 0.3ms
[2021-08-17T05:53:58.417+0000][6][gc,phases    ] GC(34)   Merge Heap Roots: 0.3ms
[2021-08-17T05:53:58.417+0000][6][gc,phases    ] GC(34)   Evacuate Collection Set: 4.5ms
[2021-08-17T05:53:58.417+0000][6][gc,phases    ] GC(34)   Post Evacuate Collection Set: 1.1ms
[2021-08-17T05:53:58.417+0000][6][gc,phases    ] GC(34)   Other: 0.2ms
[2021-08-17T05:53:58.417+0000][6][gc,heap      ] GC(34) Eden regions: 353->0(356)
[2021-08-17T05:53:58.417+0000][6][gc,heap      ] GC(34) Survivor regions: 5->5(45)
[2021-08-17T05:53:58.417+0000][6][gc,heap      ] GC(34) Old regions: 99->99
[2021-08-17T05:53:58.417+0000][6][gc,heap      ] GC(34) Archive regions: 2->2
[2021-08-17T05:53:58.417+0000][6][gc,heap      ] GC(34) Humongous regions: 53->53
[2021-08-17T05:53:58.417+0000][6][gc,metaspace ] GC(34) Metaspace: 61852K(66048K)->61852K(66048K) NonClass: 53601K(55936K)->53601K(55936K) Class: 8250K(10112K)->8250K(10112K)
[2021-08-17T05:53:58.417+0000][6][gc           ] GC(34) Pause Young (Normal) (G1 Evacuation Pause) 509M->156M(705M) 6.358ms
[2021-08-17T05:53:58.417+0000][6][gc,cpu       ] GC(34) User=0.02s Sys=0.00s Real=0.01s
[2021-08-17T05:53:58.417+0000][6][safepoint    ] Safepoint "G1CollectForAllocation", Time since last: 116543553 ns, Reaching safepoint: 148109 ns, At safepoint: 6415468 ns, Total: 6563577 ns
[2021-08-17T05:53:58.533+0000][6][gc,start     ] GC(35) Pause Young (Normal) (G1 Evacuation Pause)
[2021-08-17T05:53:58.533+0000][6][gc,task      ] GC(35) Using 4 workers of 4 for evacuation
[2021-08-17T05:53:58.533+0000][6][gc,age       ] GC(35) Desired survivor size 24117248 bytes, new threshold 15 (max threshold 15)
[2021-08-17T05:53:58.539+0000][6][gc,age       ] GC(35) Age table with threshold 15 (max threshold 15)
[2021-08-17T05:53:58.539+0000][6][gc,age       ] GC(35) - age   1:        592 bytes,        592 total
[2021-08-17T05:53:58.539+0000][6][gc,age       ] GC(35) - age   4:      31440 bytes,      32032 total
[2021-08-17T05:53:58.539+0000][6][gc,age       ] GC(35) - age   6:    4686312 bytes,    4718344 total
[2021-08-17T05:53:58.539+0000][6][gc,phases    ] GC(35)   Pre Evacuate Collection Set: 0.3ms
[2021-08-17T05:53:58.539+0000][6][gc,phases    ] GC(35)   Merge Heap Roots: 0.2ms
[2021-08-17T05:53:58.539+0000][6][gc,phases    ] GC(35)   Evacuate Collection Set: 4.3ms
[2021-08-17T05:53:58.539+0000][6][gc,phases    ] GC(35)   Post Evacuate Collection Set: 1.3ms
[2021-08-17T05:53:58.539+0000][6][gc,phases    ] GC(35)   Other: 0.2ms
[2021-08-17T05:53:58.539+0000][6][gc,heap      ] GC(35) Eden regions: 356->0(359)
[2021-08-17T05:53:58.539+0000][6][gc,heap      ] GC(35) Survivor regions: 5->5(46)
[2021-08-17T05:53:58.539+0000][6][gc,heap      ] GC(35) Old regions: 99->99
[2021-08-17T05:53:58.539+0000][6][gc,heap      ] GC(35) Archive regions: 2->2
[2021-08-17T05:53:58.539+0000][6][gc,heap      ] GC(35) Humongous regions: 53->53
[2021-08-17T05:53:58.539+0000][6][gc,metaspace ] GC(35) Metaspace: 61853K(66048K)->61853K(66048K) NonClass: 53602K(55936K)->53602K(55936K) Class: 8250K(10112K)->8250K(10112K)
[2021-08-17T05:53:58.539+0000][6][gc           ] GC(35) Pause Young (Normal) (G1 Evacuation Pause) 512M->156M(705M) 6.350ms
[2021-08-17T05:53:58.539+0000][6][gc,cpu       ] GC(35) User=0.02s Sys=0.00s Real=0.01s
[2021-08-17T05:53:58.539+0000][6][safepoint    ] Safepoint "G1CollectForAllocation", Time since last: 115074339 ns, Reaching safepoint: 194385 ns, At safepoint: 6412623 ns, Total: 6607008 ns
[2021-08-17T05:53:58.655+0000][6][gc,start     ] GC(36) Pause Young (Normal) (G1 Evacuation Pause)
[2021-08-17T05:53:58.655+0000][6][gc,task      ] GC(36) Using 4 workers of 4 for evacuation
[2021-08-17T05:53:58.655+0000][6][gc,age       ] GC(36) Desired survivor size 24117248 bytes, new threshold 15 (max threshold 15)
[2021-08-17T05:53:58.661+0000][6][gc,age       ] GC(36) Age table with threshold 15 (max threshold 15)
[2021-08-17T05:53:58.661+0000][6][gc,age       ] GC(36) - age   1:        128 bytes,        128 total
[2021-08-17T05:53:58.661+0000][6][gc,age       ] GC(36) - age   2:        464 bytes,        592 total
[2021-08-17T05:53:58.661+0000][6][gc,age       ] GC(36) - age   5:      31440 bytes,      32032 total
[2021-08-17T05:53:58.661+0000][6][gc,age       ] GC(36) - age   7:    4686312 bytes,    4718344 total
[2021-08-17T05:53:58.661+0000][6][gc,phases    ] GC(36)   Pre Evacuate Collection Set: 0.3ms
[2021-08-17T05:53:58.661+0000][6][gc,phases    ] GC(36)   Merge Heap Roots: 0.3ms
[2021-08-17T05:53:58.661+0000][6][gc,phases    ] GC(36)   Evacuate Collection Set: 4.0ms
[2021-08-17T05:53:58.661+0000][6][gc,phases    ] GC(36)   Post Evacuate Collection Set: 1.1ms
[2021-08-17T05:53:58.661+0000][6][gc,phases    ] GC(36)   Other: 0.2ms
[2021-08-17T05:53:58.661+0000][6][gc,heap      ] GC(36) Eden regions: 359->0(361)
[2021-08-17T05:53:58.661+0000][6][gc,heap      ] GC(36) Survivor regions: 5->5(46)
[2021-08-17T05:53:58.661+0000][6][gc,heap      ] GC(36) Old regions: 99->99
[2021-08-17T05:53:58.661+0000][6][gc,heap      ] GC(36) Archive regions: 2->2
[2021-08-17T05:53:58.661+0000][6][gc,heap      ] GC(36) Humongous regions: 53->53
[2021-08-17T05:53:58.661+0000][6][gc,metaspace ] GC(36) Metaspace: 61853K(66048K)->61853K(66048K) NonClass: 53602K(55936K)->53602K(55936K) Class: 8250K(10112K)->8250K(10112K)
[2021-08-17T05:53:58.661+0000][6][gc           ] GC(36) Pause Young (Normal) (G1 Evacuation Pause) 515M->156M(705M) 5.894ms
[2021-08-17T05:53:58.661+0000][6][gc,cpu       ] GC(36) User=0.01s Sys=0.00s Real=0.01s
[2021-08-17T05:53:58.661+0000][6][safepoint    ] Safepoint "G1CollectForAllocation", Time since last: 115830220 ns, Reaching safepoint: 203890 ns, At safepoint: 5958595 ns, Total: 6162485 ns
[2021-08-17T05:53:58.779+0000][6][gc,start     ] GC(37) Pause Young (Normal) (G1 Evacuation Pause)
[2021-08-17T05:53:58.779+0000][6][gc,task      ] GC(37) Using 4 workers of 4 for evacuation
[2021-08-17T05:53:58.779+0000][6][gc,age       ] GC(37) Desired survivor size 24117248 bytes, new threshold 15 (max threshold 15)
[2021-08-17T05:53:58.785+0000][6][gc,age       ] GC(37) Age table with threshold 15 (max threshold 15)
[2021-08-17T05:53:58.785+0000][6][gc,age       ] GC(37) - age   1:        160 bytes,        160 total
[2021-08-17T05:53:58.785+0000][6][gc,age       ] GC(37) - age   3:        464 bytes,        624 total
[2021-08-17T05:53:58.785+0000][6][gc,age       ] GC(37) - age   6:      31440 bytes,      32064 total
[2021-08-17T05:53:58.785+0000][6][gc,age       ] GC(37) - age   8:    4686312 bytes,    4718376 total
[2021-08-17T05:53:58.785+0000][6][gc,phases    ] GC(37)   Pre Evacuate Collection Set: 0.3ms
[2021-08-17T05:53:58.785+0000][6][gc,phases    ] GC(37)   Merge Heap Roots: 0.3ms
[2021-08-17T05:53:58.785+0000][6][gc,phases    ] GC(37)   Evacuate Collection Set: 4.0ms
[2021-08-17T05:53:58.785+0000][6][gc,phases    ] GC(37)   Post Evacuate Collection Set: 1.3ms
[2021-08-17T05:53:58.785+0000][6][gc,phases    ] GC(37)   Other: 0.2ms
[2021-08-17T05:53:58.785+0000][6][gc,heap      ] GC(37) Eden regions: 361->0(363)
[2021-08-17T05:53:58.785+0000][6][gc,heap      ] GC(37) Survivor regions: 5->5(46)
[2021-08-17T05:53:58.785+0000][6][gc,heap      ] GC(37) Old regions: 99->99
[2021-08-17T05:53:58.785+0000][6][gc,heap      ] GC(37) Archive regions: 2->2
[2021-08-17T05:53:58.785+0000][6][gc,heap      ] GC(37) Humongous regions: 53->53
[2021-08-17T05:53:58.785+0000][6][gc,metaspace ] GC(37) Metaspace: 61853K(66048K)->61853K(66048K) NonClass: 53602K(55936K)->53602K(55936K) Class: 8250K(10112K)->8250K(10112K)
[2021-08-17T05:53:58.785+0000][6][gc           ] GC(37) Pause Young (Normal) (G1 Evacuation Pause) 517M->156M(705M) 5.966ms
[2021-08-17T05:53:58.785+0000][6][gc,cpu       ] GC(37) User=0.01s Sys=0.00s Real=0.00s
[2021-08-17T05:53:58.785+0000][6][safepoint    ] Safepoint "G1CollectForAllocation", Time since last: 117424397 ns, Reaching safepoint: 116110 ns, At safepoint: 6102823 ns, Total: 6218933 ns
[2021-08-17T05:53:58.906+0000][6][gc,start     ] GC(38) Pause Young (Normal) (G1 Evacuation Pause)
[2021-08-17T05:53:58.906+0000][6][gc,task      ] GC(38) Using 4 workers of 4 for evacuation
[2021-08-17T05:53:58.906+0000][6][gc,age       ] GC(38) Desired survivor size 24117248 bytes, new threshold 15 (max threshold 15)
[2021-08-17T05:53:58.913+0000][6][gc,age       ] GC(38) Age table with threshold 15 (max threshold 15)
[2021-08-17T05:53:58.913+0000][6][gc,age       ] GC(38) - age   1:        160 bytes,        160 total
[2021-08-17T05:53:58.913+0000][6][gc,age       ] GC(38) - age   4:        464 bytes,        624 total
[2021-08-17T05:53:58.913+0000][6][gc,age       ] GC(38) - age   7:      31440 bytes,      32064 total
[2021-08-17T05:53:58.913+0000][6][gc,age       ] GC(38) - age   9:    4686312 bytes,    4718376 total
[2021-08-17T05:53:58.913+0000][6][gc,phases    ] GC(38)   Pre Evacuate Collection Set: 0.3ms
[2021-08-17T05:53:58.913+0000][6][gc,phases    ] GC(38)   Merge Heap Roots: 0.3ms
[2021-08-17T05:53:58.913+0000][6][gc,phases    ] GC(38)   Evacuate Collection Set: 4.0ms
[2021-08-17T05:53:58.913+0000][6][gc,phases    ] GC(38)   Post Evacuate Collection Set: 1.6ms
[2021-08-17T05:53:58.913+0000][6][gc,phases    ] GC(38)   Other: 0.2ms
[2021-08-17T05:53:58.913+0000][6][gc,heap      ] GC(38) Eden regions: 363->0(364)
[2021-08-17T05:53:58.913+0000][6][gc,heap      ] GC(38) Survivor regions: 5->5(46)
[2021-08-17T05:53:58.913+0000][6][gc,heap      ] GC(38) Old regions: 99->99
[2021-08-17T05:53:58.913+0000][6][gc,heap      ] GC(38) Archive regions: 2->2
[2021-08-17T05:53:58.913+0000][6][gc,heap      ] GC(38) Humongous regions: 53->53
[2021-08-17T05:53:58.913+0000][6][gc,metaspace ] GC(38) Metaspace: 61853K(66048K)->61853K(66048K) NonClass: 53602K(55936K)->53602K(55936K) Class: 8250K(10112K)->8250K(10112K)
[2021-08-17T05:53:58.913+0000][6][gc           ] GC(38) Pause Young (Normal) (G1 Evacuation Pause) 519M->156M(705M) 6.402ms
[2021-08-17T05:53:58.913+0000][6][gc,cpu       ] GC(38) User=0.01s Sys=0.00s Real=0.01s
[2021-08-17T05:53:58.913+0000][6][safepoint    ] Safepoint "G1CollectForAllocation", Time since last: 121260862 ns, Reaching safepoint: 231316 ns, At safepoint: 6459879 ns, Total: 6691195 ns
[2021-08-17T05:53:59.046+0000][6][gc,start     ] GC(39) Pause Young (Normal) (G1 Evacuation Pause)
[2021-08-17T05:53:59.046+0000][6][gc,task      ] GC(39) Using 4 workers of 4 for evacuation
[2021-08-17T05:53:59.046+0000][6][gc,age       ] GC(39) Desired survivor size 24641536 bytes, new threshold 15 (max threshold 15)
[2021-08-17T05:53:59.053+0000][6][gc,age       ] GC(39) Age table with threshold 15 (max threshold 15)
[2021-08-17T05:53:59.053+0000][6][gc,age       ] GC(39) - age   1:     131248 bytes,     131248 total
[2021-08-17T05:53:59.053+0000][6][gc,age       ] GC(39) - age   5:        464 bytes,     131712 total
[2021-08-17T05:53:59.053+0000][6][gc,age       ] GC(39) - age   8:      31440 bytes,     163152 total
[2021-08-17T05:53:59.053+0000][6][gc,age       ] GC(39) - age  10:    4669912 bytes,    4833064 total
[2021-08-17T05:53:59.053+0000][6][gc,phases    ] GC(39)   Pre Evacuate Collection Set: 0.2ms
[2021-08-17T05:53:59.053+0000][6][gc,phases    ] GC(39)   Merge Heap Roots: 0.2ms
[2021-08-17T05:53:59.053+0000][6][gc,phases    ] GC(39)   Evacuate Collection Set: 5.4ms
[2021-08-17T05:53:59.053+0000][6][gc,phases    ] GC(39)   Post Evacuate Collection Set: 1.5ms
[2021-08-17T05:53:59.054+0000][6][gc,phases    ] GC(39)   Other: 0.2ms
[2021-08-17T05:53:59.054+0000][6][gc,heap      ] GC(39) Eden regions: 364->0(364)
[2021-08-17T05:53:59.054+0000][6][gc,heap      ] GC(39) Survivor regions: 5->5(47)
[2021-08-17T05:53:59.054+0000][6][gc,heap      ] GC(39) Old regions: 99->99
[2021-08-17T05:53:59.054+0000][6][gc,heap      ] GC(39) Archive regions: 2->2
[2021-08-17T05:53:59.054+0000][6][gc,heap      ] GC(39) Humongous regions: 53->53
[2021-08-17T05:53:59.054+0000][6][gc,metaspace ] GC(39) Metaspace: 61853K(66048K)->61853K(66048K) NonClass: 53602K(55936K)->53602K(55936K) Class: 8250K(10112K)->8250K(10112K)
[2021-08-17T05:53:59.054+0000][6][gc           ] GC(39) Pause Young (Normal) (G1 Evacuation Pause) 520M->156M(705M) 7.382ms
[2021-08-17T05:53:59.054+0000][6][gc,cpu       ] GC(39) User=0.01s Sys=0.00s Real=0.01s
[2021-08-17T05:53:59.054+0000][6][safepoint    ] Safepoint "G1CollectForAllocation", Time since last: 133300676 ns, Reaching safepoint: 117296 ns, At safepoint: 7462511 ns, Total: 7579807 ns
[2021-08-17T05:53:59.186+0000][6][gc,start     ] GC(40) Pause Young (Normal) (G1 Evacuation Pause)
[2021-08-17T05:53:59.186+0000][6][gc,task      ] GC(40) Using 4 workers of 4 for evacuation
[2021-08-17T05:53:59.186+0000][6][gc,age       ] GC(40) Desired survivor size 24641536 bytes, new threshold 15 (max threshold 15)
[2021-08-17T05:53:59.193+0000][6][gc,age       ] GC(40) Age table with threshold 15 (max threshold 15)
[2021-08-17T05:53:59.193+0000][6][gc,age       ] GC(40) - age   1:       1992 bytes,       1992 total
[2021-08-17T05:53:59.193+0000][6][gc,age       ] GC(40) - age   6:        432 bytes,       2424 total
[2021-08-17T05:53:59.193+0000][6][gc,age       ] GC(40) - age   9:      30592 bytes,      33016 total
[2021-08-17T05:53:59.193+0000][6][gc,age       ] GC(40) - age  11:    4669912 bytes,    4702928 total
[2021-08-17T05:53:59.193+0000][6][gc,phases    ] GC(40)   Pre Evacuate Collection Set: 0.3ms
[2021-08-17T05:53:59.193+0000][6][gc,phases    ] GC(40)   Merge Heap Roots: 0.3ms
[2021-08-17T05:53:59.193+0000][6][gc,phases    ] GC(40)   Evacuate Collection Set: 4.8ms
[2021-08-17T05:53:59.193+0000][6][gc,phases    ] GC(40)   Post Evacuate Collection Set: 1.8ms
[2021-08-17T05:53:59.193+0000][6][gc,phases    ] GC(40)   Other: 0.2ms
[2021-08-17T05:53:59.193+0000][6][gc,heap      ] GC(40) Eden regions: 364->0(363)
[2021-08-17T05:53:59.193+0000][6][gc,heap      ] GC(40) Survivor regions: 5->5(47)
[2021-08-17T05:53:59.193+0000][6][gc,heap      ] GC(40) Old regions: 99->99
[2021-08-17T05:53:59.193+0000][6][gc,heap      ] GC(40) Archive regions: 2->2
[2021-08-17T05:53:59.193+0000][6][gc,heap      ] GC(40) Humongous regions: 54->54
[2021-08-17T05:53:59.193+0000][6][gc,metaspace ] GC(40) Metaspace: 61869K(66048K)->61869K(66048K) NonClass: 53618K(55936K)->53618K(55936K) Class: 8250K(10112K)->8250K(10112K)
[2021-08-17T05:53:59.193+0000][6][gc           ] GC(40) Pause Young (Normal) (G1 Evacuation Pause) 521M->157M(705M) 7.331ms
[2021-08-17T05:53:59.193+0000][6][gc,cpu       ] GC(40) User=0.02s Sys=0.00s Real=0.01s
[2021-08-17T05:53:59.193+0000][6][safepoint    ] Safepoint "G1CollectForAllocation", Time since last: 132125726 ns, Reaching safepoint: 163450 ns, At safepoint: 7391585 ns, Total: 7555035 ns
[2021-08-17T05:53:59.313+0000][6][gc,start     ] GC(41) Pause Young (Normal) (G1 Evacuation Pause)
[2021-08-17T05:53:59.314+0000][6][gc,task      ] GC(41) Using 4 workers of 4 for evacuation
[2021-08-17T05:53:59.314+0000][6][gc,age       ] GC(41) Desired survivor size 24117248 bytes, new threshold 15 (max threshold 15)
[2021-08-17T05:53:59.320+0000][6][gc,age       ] GC(41) Age table with threshold 15 (max threshold 15)
[2021-08-17T05:53:59.320+0000][6][gc,age       ] GC(41) - age   1:       1752 bytes,       1752 total
[2021-08-17T05:53:59.320+0000][6][gc,age       ] GC(41) - age   2:       1960 bytes,       3712 total
[2021-08-17T05:53:59.320+0000][6][gc,age       ] GC(41) - age   7:        432 bytes,       4144 total
[2021-08-17T05:53:59.320+0000][6][gc,age       ] GC(41) - age  10:      30488 bytes,      34632 total
[2021-08-17T05:53:59.320+0000][6][gc,age       ] GC(41) - age  12:    4669912 bytes,    4704544 total
[2021-08-17T05:53:59.320+0000][6][gc,phases    ] GC(41)   Pre Evacuate Collection Set: 0.4ms
[2021-08-17T05:53:59.320+0000][6][gc,phases    ] GC(41)   Merge Heap Roots: 0.6ms
[2021-08-17T05:53:59.320+0000][6][gc,phases    ] GC(41)   Evacuate Collection Set: 4.4ms
[2021-08-17T05:53:59.320+0000][6][gc,phases    ] GC(41)   Post Evacuate Collection Set: 1.3ms
[2021-08-17T05:53:59.320+0000][6][gc,phases    ] GC(41)   Other: 0.2ms
[2021-08-17T05:53:59.320+0000][6][gc,heap      ] GC(41) Eden regions: 363->0(363)
[2021-08-17T05:53:59.320+0000][6][gc,heap      ] GC(41) Survivor regions: 5->5(46)
[2021-08-17T05:53:59.320+0000][6][gc,heap      ] GC(41) Old regions: 99->99
[2021-08-17T05:53:59.320+0000][6][gc,heap      ] GC(41) Archive regions: 2->2
[2021-08-17T05:53:59.320+0000][6][gc,heap      ] GC(41) Humongous regions: 54->54
[2021-08-17T05:53:59.320+0000][6][gc,metaspace ] GC(41) Metaspace: 61875K(66048K)->61875K(66048K) NonClass: 53623K(55936K)->53623K(55936K) Class: 8252K(10112K)->8252K(10112K)
[2021-08-17T05:53:59.320+0000][6][gc           ] GC(41) Pause Young (Normal) (G1 Evacuation Pause) 520M->157M(705M) 6.938ms
[2021-08-17T05:53:59.320+0000][6][gc,cpu       ] GC(41) User=0.02s Sys=0.00s Real=0.01s
[2021-08-17T05:53:59.320+0000][6][safepoint    ] Safepoint "G1CollectForAllocation", Time since last: 120047148 ns, Reaching safepoint: 137791 ns, At safepoint: 6995910 ns, Total: 7133701 ns
[2021-08-17T05:53:59.444+0000][6][gc,start     ] GC(42) Pause Young (Normal) (G1 Evacuation Pause)
[2021-08-17T05:53:59.444+0000][6][gc,task      ] GC(42) Using 4 workers of 4 for evacuation
[2021-08-17T05:53:59.444+0000][6][gc,age       ] GC(42) Desired survivor size 24117248 bytes, new threshold 15 (max threshold 15)
[2021-08-17T05:53:59.450+0000][6][gc,age       ] GC(42) Age table with threshold 15 (max threshold 15)
[2021-08-17T05:53:59.450+0000][6][gc,age       ] GC(42) - age   1:     113840 bytes,     113840 total
[2021-08-17T05:53:59.450+0000][6][gc,age       ] GC(42) - age   2:       1408 bytes,     115248 total
[2021-08-17T05:53:59.450+0000][6][gc,age       ] GC(42) - age   3:       1960 bytes,     117208 total
[2021-08-17T05:53:59.450+0000][6][gc,age       ] GC(42) - age   8:        216 bytes,     117424 total
[2021-08-17T05:53:59.450+0000][6][gc,age       ] GC(42) - age  11:      30488 bytes,     147912 total
[2021-08-17T05:53:59.450+0000][6][gc,age       ] GC(42) - age  13:    4669912 bytes,    4817824 total
[2021-08-17T05:53:59.450+0000][6][gc,phases    ] GC(42)   Pre Evacuate Collection Set: 0.3ms
[2021-08-17T05:53:59.450+0000][6][gc,phases    ] GC(42)   Merge Heap Roots: 0.3ms
[2021-08-17T05:53:59.450+0000][6][gc,phases    ] GC(42)   Evacuate Collection Set: 4.4ms
[2021-08-17T05:53:59.450+0000][6][gc,phases    ] GC(42)   Post Evacuate Collection Set: 1.1ms
[2021-08-17T05:53:59.450+0000][6][gc,phases    ] GC(42)   Other: 0.2ms
[2021-08-17T05:53:59.450+0000][6][gc,heap      ] GC(42) Eden regions: 363->0(363)
[2021-08-17T05:53:59.450+0000][6][gc,heap      ] GC(42) Survivor regions: 5->5(46)
[2021-08-17T05:53:59.450+0000][6][gc,heap      ] GC(42) Old regions: 99->99
[2021-08-17T05:53:59.450+0000][6][gc,heap      ] GC(42) Archive regions: 2->2
[2021-08-17T05:53:59.450+0000][6][gc,heap      ] GC(42) Humongous regions: 54->54
[2021-08-17T05:53:59.450+0000][6][gc,metaspace ] GC(42) Metaspace: 61877K(66048K)->61877K(66048K) NonClass: 53625K(55936K)->53625K(55936K) Class: 8252K(10112K)->8252K(10112K)
[2021-08-17T05:53:59.450+0000][6][gc           ] GC(42) Pause Young (Normal) (G1 Evacuation Pause) 520M->157M(705M) 6.331ms
[2021-08-17T05:53:59.450+0000][6][gc,cpu       ] GC(42) User=0.02s Sys=0.00s Real=0.01s
[2021-08-17T05:53:59.450+0000][6][safepoint    ] Safepoint "G1CollectForAllocation", Time since last: 123445335 ns, Reaching safepoint: 163285 ns, At safepoint: 6397182 ns, Total: 6560467 ns
[2021-08-17T05:53:59.577+0000][6][gc,start     ] GC(43) Pause Young (Normal) (G1 Evacuation Pause)
[2021-08-17T05:53:59.577+0000][6][gc,task      ] GC(43) Using 4 workers of 4 for evacuation
[2021-08-17T05:53:59.577+0000][6][gc,age       ] GC(43) Desired survivor size 24117248 bytes, new threshold 15 (max threshold 15)
[2021-08-17T05:53:59.582+0000][6][gc,age       ] GC(43) Age table with threshold 15 (max threshold 15)
[2021-08-17T05:53:59.582+0000][6][gc,age       ] GC(43) - age   1:        408 bytes,        408 total
[2021-08-17T05:53:59.582+0000][6][gc,age       ] GC(43) - age   2:     113680 bytes,     114088 total
[2021-08-17T05:53:59.582+0000][6][gc,age       ] GC(43) - age   3:       1408 bytes,     115496 total
[2021-08-17T05:53:59.582+0000][6][gc,age       ] GC(43) - age   4:       1960 bytes,     117456 total
[2021-08-17T05:53:59.582+0000][6][gc,age       ] GC(43) - age   9:         32 bytes,     117488 total
[2021-08-17T05:53:59.582+0000][6][gc,age       ] GC(43) - age  12:      30488 bytes,     147976 total
[2021-08-17T05:53:59.582+0000][6][gc,age       ] GC(43) - age  14:    4669912 bytes,    4817888 total
[2021-08-17T05:53:59.582+0000][6][gc,phases    ] GC(43)   Pre Evacuate Collection Set: 0.3ms
[2021-08-17T05:53:59.582+0000][6][gc,phases    ] GC(43)   Merge Heap Roots: 0.2ms
[2021-08-17T05:53:59.582+0000][6][gc,phases    ] GC(43)   Evacuate Collection Set: 3.9ms
[2021-08-17T05:53:59.582+0000][6][gc,phases    ] GC(43)   Post Evacuate Collection Set: 1.2ms
[2021-08-17T05:53:59.582+0000][6][gc,phases    ] GC(43)   Other: 0.2ms
[2021-08-17T05:53:59.582+0000][6][gc,heap      ] GC(43) Eden regions: 363->0(363)
[2021-08-17T05:53:59.582+0000][6][gc,heap      ] GC(43) Survivor regions: 5->5(46)
[2021-08-17T05:53:59.582+0000][6][gc,heap      ] GC(43) Old regions: 99->99
[2021-08-17T05:53:59.582+0000][6][gc,heap      ] GC(43) Archive regions: 2->2
[2021-08-17T05:53:59.582+0000][6][gc,heap      ] GC(43) Humongous regions: 54->54
[2021-08-17T05:53:59.582+0000][6][gc,metaspace ] GC(43) Metaspace: 61877K(66048K)->61877K(66048K) NonClass: 53625K(55936K)->53625K(55936K) Class: 8252K(10112K)->8252K(10112K)
[2021-08-17T05:53:59.582+0000][6][gc           ] GC(43) Pause Young (Normal) (G1 Evacuation Pause) 520M->157M(705M) 5.801ms
[2021-08-17T05:53:59.582+0000][6][gc,cpu       ] GC(43) User=0.01s Sys=0.00s Real=0.01s
[2021-08-17T05:53:59.582+0000][6][safepoint    ] Safepoint "G1CollectForAllocation", Time since last: 125942249 ns, Reaching safepoint: 139754 ns, At safepoint: 5866417 ns, Total: 6006171 ns
[2021-08-17T05:53:59.708+0000][6][gc,start     ] GC(44) Pause Young (Normal) (G1 Evacuation Pause)
[2021-08-17T05:53:59.708+0000][6][gc,task      ] GC(44) Using 4 workers of 4 for evacuation
[2021-08-17T05:53:59.708+0000][6][gc,age       ] GC(44) Desired survivor size 24117248 bytes, new threshold 15 (max threshold 15)
[2021-08-17T05:53:59.714+0000][6][gc,age       ] GC(44) Age table with threshold 15 (max threshold 15)
[2021-08-17T05:53:59.714+0000][6][gc,age       ] GC(44) - age   1:        160 bytes,        160 total
[2021-08-17T05:53:59.714+0000][6][gc,age       ] GC(44) - age   2:        248 bytes,        408 total
[2021-08-17T05:53:59.714+0000][6][gc,age       ] GC(44) - age   3:     113680 bytes,     114088 total
[2021-08-17T05:53:59.714+0000][6][gc,age       ] GC(44) - age   4:       1408 bytes,     115496 total
[2021-08-17T05:53:59.714+0000][6][gc,age       ] GC(44) - age   5:       1960 bytes,     117456 total
[2021-08-17T05:53:59.714+0000][6][gc,age       ] GC(44) - age  10:         32 bytes,     117488 total
[2021-08-17T05:53:59.714+0000][6][gc,age       ] GC(44) - age  13:      30488 bytes,     147976 total
[2021-08-17T05:53:59.714+0000][6][gc,age       ] GC(44) - age  15:    4669912 bytes,    4817888 total
[2021-08-17T05:53:59.714+0000][6][gc,phases    ] GC(44)   Pre Evacuate Collection Set: 0.3ms
[2021-08-17T05:53:59.714+0000][6][gc,phases    ] GC(44)   Merge Heap Roots: 0.4ms
[2021-08-17T05:53:59.714+0000][6][gc,phases    ] GC(44)   Evacuate Collection Set: 4.3ms
[2021-08-17T05:53:59.714+0000][6][gc,phases    ] GC(44)   Post Evacuate Collection Set: 1.5ms
[2021-08-17T05:53:59.714+0000][6][gc,phases    ] GC(44)   Other: 0.2ms
[2021-08-17T05:53:59.714+0000][6][gc,heap      ] GC(44) Eden regions: 363->0(363)
[2021-08-17T05:53:59.714+0000][6][gc,heap      ] GC(44) Survivor regions: 5->5(46)
[2021-08-17T05:53:59.714+0000][6][gc,heap      ] GC(44) Old regions: 99->99
[2021-08-17T05:53:59.714+0000][6][gc,heap      ] GC(44) Archive regions: 2->2
[2021-08-17T05:53:59.714+0000][6][gc,heap      ] GC(44) Humongous regions: 54->54
[2021-08-17T05:53:59.714+0000][6][gc,metaspace ] GC(44) Metaspace: 61877K(66048K)->61877K(66048K) NonClass: 53625K(55936K)->53625K(55936K) Class: 8252K(10112K)->8252K(10112K)
[2021-08-17T05:53:59.714+0000][6][gc           ] GC(44) Pause Young (Normal) (G1 Evacuation Pause) 520M->157M(705M) 6.699ms
[2021-08-17T05:53:59.714+0000][6][gc,cpu       ] GC(44) User=0.02s Sys=0.00s Real=0.00s
[2021-08-17T05:53:59.714+0000][6][safepoint    ] Safepoint "G1CollectForAllocation", Time since last: 125133917 ns, Reaching safepoint: 148725 ns, At safepoint: 6763913 ns, Total: 6912638 ns
[2021-08-17T05:53:59.844+0000][6][gc,start     ] GC(45) Pause Young (Normal) (G1 Evacuation Pause)
[2021-08-17T05:53:59.844+0000][6][gc,task      ] GC(45) Using 4 workers of 4 for evacuation
[2021-08-17T05:53:59.844+0000][6][gc,age       ] GC(45) Desired survivor size 24117248 bytes, new threshold 15 (max threshold 15)
[2021-08-17T05:53:59.850+0000][6][gc,age       ] GC(45) Age table with threshold 15 (max threshold 15)
[2021-08-17T05:53:59.850+0000][6][gc,age       ] GC(45) - age   1:        160 bytes,        160 total
[2021-08-17T05:53:59.850+0000][6][gc,age       ] GC(45) - age   3:        248 bytes,        408 total
[2021-08-17T05:53:59.850+0000][6][gc,age       ] GC(45) - age   4:     113680 bytes,     114088 total
[2021-08-17T05:53:59.850+0000][6][gc,age       ] GC(45) - age   5:       1408 bytes,     115496 total
[2021-08-17T05:53:59.850+0000][6][gc,age       ] GC(45) - age   6:       1960 bytes,     117456 total
[2021-08-17T05:53:59.850+0000][6][gc,age       ] GC(45) - age  11:         32 bytes,     117488 total
[2021-08-17T05:53:59.850+0000][6][gc,age       ] GC(45) - age  14:      30488 bytes,     147976 total
[2021-08-17T05:53:59.850+0000][6][gc,phases    ] GC(45)   Pre Evacuate Collection Set: 0.2ms
[2021-08-17T05:53:59.850+0000][6][gc,phases    ] GC(45)   Merge Heap Roots: 0.2ms
[2021-08-17T05:53:59.850+0000][6][gc,phases    ] GC(45)   Evacuate Collection Set: 4.3ms
[2021-08-17T05:53:59.850+0000][6][gc,phases    ] GC(45)   Post Evacuate Collection Set: 1.4ms
[2021-08-17T05:53:59.850+0000][6][gc,phases    ] GC(45)   Other: 0.2ms
[2021-08-17T05:53:59.850+0000][6][gc,heap      ] GC(45) Eden regions: 363->0(365)
[2021-08-17T05:53:59.850+0000][6][gc,heap      ] GC(45) Survivor regions: 5->1(46)
[2021-08-17T05:53:59.850+0000][6][gc,heap      ] GC(45) Old regions: 99->104
[2021-08-17T05:53:59.850+0000][6][gc,heap      ] GC(45) Archive regions: 2->2
[2021-08-17T05:53:59.850+0000][6][gc,heap      ] GC(45) Humongous regions: 54->54
[2021-08-17T05:53:59.850+0000][6][gc,metaspace ] GC(45) Metaspace: 61877K(66048K)->61877K(66048K) NonClass: 53625K(55936K)->53625K(55936K) Class: 8252K(10112K)->8252K(10112K)
[2021-08-17T05:53:59.850+0000][6][gc           ] GC(45) Pause Young (Normal) (G1 Evacuation Pause) 520M->158M(705M) 6.426ms
[2021-08-17T05:53:59.850+0000][6][gc,cpu       ] GC(45) User=0.02s Sys=0.00s Real=0.01s
[2021-08-17T05:53:59.850+0000][6][safepoint    ] Safepoint "G1CollectForAllocation", Time since last: 129359147 ns, Reaching safepoint: 125923 ns, At safepoint: 6509077 ns, Total: 6635000 ns
[2021-08-17T05:53:59.986+0000][6][gc,start     ] GC(46) Pause Young (Normal) (G1 Evacuation Pause)
[2021-08-17T05:53:59.986+0000][6][gc,task      ] GC(46) Using 4 workers of 4 for evacuation
[2021-08-17T05:53:59.986+0000][6][gc,age       ] GC(46) Desired survivor size 24117248 bytes, new threshold 15 (max threshold 15)
[2021-08-17T05:53:59.989+0000][6][gc,age       ] GC(46) Age table with threshold 15 (max threshold 15)
[2021-08-17T05:53:59.989+0000][6][gc,age       ] GC(46) - age   1:        160 bytes,        160 total
[2021-08-17T05:53:59.989+0000][6][gc,age       ] GC(46) - age   4:        248 bytes,        408 total
[2021-08-17T05:53:59.989+0000][6][gc,age       ] GC(46) - age   5:     113680 bytes,     114088 total
[2021-08-17T05:53:59.989+0000][6][gc,age       ] GC(46) - age   6:       1408 bytes,     115496 total
[2021-08-17T05:53:59.989+0000][6][gc,age       ] GC(46) - age   7:       1960 bytes,     117456 total
[2021-08-17T05:53:59.990+0000][6][gc,age       ] GC(46) - age  12:         32 bytes,     117488 total
[2021-08-17T05:53:59.990+0000][6][gc,age       ] GC(46) - age  15:      30488 bytes,     147976 total
[2021-08-17T05:53:59.990+0000][6][gc,phases    ] GC(46)   Pre Evacuate Collection Set: 0.4ms
[2021-08-17T05:53:59.990+0000][6][gc,phases    ] GC(46)   Merge Heap Roots: 0.3ms
[2021-08-17T05:53:59.990+0000][6][gc,phases    ] GC(46)   Evacuate Collection Set: 1.5ms
[2021-08-17T05:53:59.990+0000][6][gc,phases    ] GC(46)   Post Evacuate Collection Set: 1.5ms
[2021-08-17T05:53:59.990+0000][6][gc,phases    ] GC(46)   Other: 0.3ms
[2021-08-17T05:53:59.990+0000][6][gc,heap      ] GC(46) Eden regions: 365->0(364)
[2021-08-17T05:53:59.990+0000][6][gc,heap      ] GC(46) Survivor regions: 1->1(46)
[2021-08-17T05:53:59.990+0000][6][gc,heap      ] GC(46) Old regions: 104->104
[2021-08-17T05:53:59.990+0000][6][gc,heap      ] GC(46) Archive regions: 2->2
[2021-08-17T05:53:59.990+0000][6][gc,heap      ] GC(46) Humongous regions: 56->56
[2021-08-17T05:53:59.990+0000][6][gc,metaspace ] GC(46) Metaspace: 61877K(66048K)->61877K(66048K) NonClass: 53625K(55936K)->53625K(55936K) Class: 8252K(10112K)->8252K(10112K)
[2021-08-17T05:53:59.990+0000][6][gc           ] GC(46) Pause Young (Normal) (G1 Evacuation Pause) 525M->159M(705M) 4.121ms
[2021-08-17T05:53:59.990+0000][6][gc,cpu       ] GC(46) User=0.01s Sys=0.00s Real=0.01s
[2021-08-17T05:53:59.990+0000][6][safepoint    ] Safepoint "G1CollectForAllocation", Time since last: 134734345 ns, Reaching safepoint: 280196 ns, At safepoint: 4184261 ns, Total: 4464457 ns
[2021-08-17T05:54:00.131+0000][6][gc,start     ] GC(47) Pause Young (Normal) (G1 Evacuation Pause)
[2021-08-17T05:54:00.131+0000][6][gc,task      ] GC(47) Using 4 workers of 4 for evacuation
[2021-08-17T05:54:00.131+0000][6][gc,age       ] GC(47) Desired survivor size 24117248 bytes, new threshold 15 (max threshold 15)
[2021-08-17T05:54:00.134+0000][6][gc,age       ] GC(47) Age table with threshold 15 (max threshold 15)
[2021-08-17T05:54:00.134+0000][6][gc,age       ] GC(47) - age   1:       1008 bytes,       1008 total
[2021-08-17T05:54:00.134+0000][6][gc,age       ] GC(47) - age   5:        216 bytes,       1224 total
[2021-08-17T05:54:00.134+0000][6][gc,age       ] GC(47) - age   6:     113680 bytes,     114904 total
[2021-08-17T05:54:00.134+0000][6][gc,age       ] GC(47) - age   7:       1408 bytes,     116312 total
[2021-08-17T05:54:00.134+0000][6][gc,age       ] GC(47) - age   8:       1112 bytes,     117424 total
[2021-08-17T05:54:00.134+0000][6][gc,age       ] GC(47) - age  13:         32 bytes,     117456 total
[2021-08-17T05:54:00.134+0000][6][gc,phases    ] GC(47)   Pre Evacuate Collection Set: 0.2ms
[2021-08-17T05:54:00.134+0000][6][gc,phases    ] GC(47)   Merge Heap Roots: 0.1ms
[2021-08-17T05:54:00.134+0000][6][gc,phases    ] GC(47)   Evacuate Collection Set: 1.2ms
[2021-08-17T05:54:00.134+0000][6][gc,phases    ] GC(47)   Post Evacuate Collection Set: 1.6ms
[2021-08-17T05:54:00.134+0000][6][gc,phases    ] GC(47)   Other: 0.2ms
[2021-08-17T05:54:00.134+0000][6][gc,heap      ] GC(47) Eden regions: 364->0(364)
[2021-08-17T05:54:00.134+0000][6][gc,heap      ] GC(47) Survivor regions: 1->1(46)
[2021-08-17T05:54:00.134+0000][6][gc,heap      ] GC(47) Old regions: 104->104
[2021-08-17T05:54:00.134+0000][6][gc,heap      ] GC(47) Archive regions: 2->2
[2021-08-17T05:54:00.134+0000][6][gc,heap      ] GC(47) Humongous regions: 56->56
[2021-08-17T05:54:00.134+0000][6][gc,metaspace ] GC(47) Metaspace: 61877K(66048K)->61877K(66048K) NonClass: 53625K(55936K)->53625K(55936K) Class: 8252K(10112K)->8252K(10112K)
[2021-08-17T05:54:00.134+0000][6][gc           ] GC(47) Pause Young (Normal) (G1 Evacuation Pause) 523M->159M(705M) 3.295ms
[2021-08-17T05:54:00.134+0000][6][gc,cpu       ] GC(47) User=0.00s Sys=0.00s Real=0.00s
[2021-08-17T05:54:00.134+0000][6][safepoint    ] Safepoint "G1CollectForAllocation", Time since last: 140779312 ns, Reaching safepoint: 292296 ns, At safepoint: 3359283 ns, Total: 3651579 ns
[2021-08-17T05:54:00.308+0000][6][gc,start     ] GC(48) Pause Young (Normal) (G1 Evacuation Pause)
[2021-08-17T05:54:00.308+0000][6][gc,task      ] GC(48) Using 4 workers of 4 for evacuation
[2021-08-17T05:54:00.308+0000][6][gc,age       ] GC(48) Desired survivor size 24117248 bytes, new threshold 15 (max threshold 15)
[2021-08-17T05:54:00.312+0000][6][gc,age       ] GC(48) Age table with threshold 15 (max threshold 15)
[2021-08-17T05:54:00.312+0000][6][gc,age       ] GC(48) - age   1:        232 bytes,        232 total
[2021-08-17T05:54:00.312+0000][6][gc,age       ] GC(48) - age   2:        880 bytes,       1112 total
[2021-08-17T05:54:00.312+0000][6][gc,age       ] GC(48) - age   6:        216 bytes,       1328 total
[2021-08-17T05:54:00.312+0000][6][gc,age       ] GC(48) - age   7:     113680 bytes,     115008 total
[2021-08-17T05:54:00.312+0000][6][gc,age       ] GC(48) - age   8:       1408 bytes,     116416 total
[2021-08-17T05:54:00.312+0000][6][gc,age       ] GC(48) - age   9:       1112 bytes,     117528 total
[2021-08-17T05:54:00.312+0000][6][gc,age       ] GC(48) - age  14:         32 bytes,     117560 total
[2021-08-17T05:54:00.312+0000][6][gc,phases    ] GC(48)   Pre Evacuate Collection Set: 0.3ms
[2021-08-17T05:54:00.312+0000][6][gc,phases    ] GC(48)   Merge Heap Roots: 0.6ms
[2021-08-17T05:54:00.312+0000][6][gc,phases    ] GC(48)   Evacuate Collection Set: 1.7ms
[2021-08-17T05:54:00.312+0000][6][gc,phases    ] GC(48)   Post Evacuate Collection Set: 1.4ms
[2021-08-17T05:54:00.312+0000][6][gc,phases    ] GC(48)   Other: 0.2ms
[2021-08-17T05:54:00.312+0000][6][gc,heap      ] GC(48) Eden regions: 364->0(361)
[2021-08-17T05:54:00.312+0000][6][gc,heap      ] GC(48) Survivor regions: 1->1(46)
[2021-08-17T05:54:00.312+0000][6][gc,heap      ] GC(48) Old regions: 104->104
[2021-08-17T05:54:00.312+0000][6][gc,heap      ] GC(48) Archive regions: 2->2
[2021-08-17T05:54:00.312+0000][6][gc,heap      ] GC(48) Humongous regions: 59->59
[2021-08-17T05:54:00.312+0000][6][gc,metaspace ] GC(48) Metaspace: 61877K(66048K)->61877K(66048K) NonClass: 53625K(55936K)->53625K(55936K) Class: 8252K(10112K)->8252K(10112K)
[2021-08-17T05:54:00.312+0000][6][gc           ] GC(48) Pause Young (Normal) (G1 Evacuation Pause) 526M->162M(705M) 4.200ms
[2021-08-17T05:54:00.312+0000][6][gc,cpu       ] GC(48) User=0.00s Sys=0.00s Real=0.00s
[2021-08-17T05:54:00.312+0000][6][safepoint    ] Safepoint "G1CollectForAllocation", Time since last: 174012220 ns, Reaching safepoint: 121149 ns, At safepoint: 4261642 ns, Total: 4382791 ns
[2021-08-17T05:54:00.467+0000][6][gc,start     ] GC(49) Pause Young (Normal) (G1 Evacuation Pause)
[2021-08-17T05:54:00.467+0000][6][gc,task      ] GC(49) Using 4 workers of 4 for evacuation
[2021-08-17T05:54:00.467+0000][6][gc,age       ] GC(49) Desired survivor size 24117248 bytes, new threshold 15 (max threshold 15)
[2021-08-17T05:54:00.471+0000][6][gc,age       ] GC(49) Age table with threshold 15 (max threshold 15)
[2021-08-17T05:54:00.471+0000][6][gc,age       ] GC(49) - age   1:        408 bytes,        408 total
[2021-08-17T05:54:00.471+0000][6][gc,age       ] GC(49) - age   3:        848 bytes,       1256 total
[2021-08-17T05:54:00.471+0000][6][gc,age       ] GC(49) - age   7:        216 bytes,       1472 total
[2021-08-17T05:54:00.471+0000][6][gc,age       ] GC(49) - age   8:     113464 bytes,     114936 total
[2021-08-17T05:54:00.471+0000][6][gc,age       ] GC(49) - age   9:       1408 bytes,     116344 total
[2021-08-17T05:54:00.471+0000][6][gc,age       ] GC(49) - age  10:       1112 bytes,     117456 total
[2021-08-17T05:54:00.471+0000][6][gc,phases    ] GC(49)   Pre Evacuate Collection Set: 0.4ms
[2021-08-17T05:54:00.471+0000][6][gc,phases    ] GC(49)   Merge Heap Roots: 0.2ms
[2021-08-17T05:54:00.471+0000][6][gc,phases    ] GC(49)   Evacuate Collection Set: 1.5ms
[2021-08-17T05:54:00.471+0000][6][gc,phases    ] GC(49)   Post Evacuate Collection Set: 1.4ms
[2021-08-17T05:54:00.471+0000][6][gc,phases    ] GC(49)   Other: 0.2ms
[2021-08-17T05:54:00.471+0000][6][gc,heap      ] GC(49) Eden regions: 361->0(361)
[2021-08-17T05:54:00.471+0000][6][gc,heap      ] GC(49) Survivor regions: 1->1(46)
[2021-08-17T05:54:00.471+0000][6][gc,heap      ] GC(49) Old regions: 104->104
[2021-08-17T05:54:00.471+0000][6][gc,heap      ] GC(49) Archive regions: 2->2
[2021-08-17T05:54:00.471+0000][6][gc,heap      ] GC(49) Humongous regions: 59->59
[2021-08-17T05:54:00.471+0000][6][gc,metaspace ] GC(49) Metaspace: 61877K(66048K)->61877K(66048K) NonClass: 53625K(55936K)->53625K(55936K) Class: 8252K(10112K)->8252K(10112K)
[2021-08-17T05:54:00.471+0000][6][gc           ] GC(49) Pause Young (Normal) (G1 Evacuation Pause) 523M->162M(705M) 3.738ms
[2021-08-17T05:54:00.471+0000][6][gc,cpu       ] GC(49) User=0.01s Sys=0.00s Real=0.00s
[2021-08-17T05:54:00.471+0000][6][safepoint    ] Safepoint "G1CollectForAllocation", Time since last: 154734255 ns, Reaching safepoint: 120900 ns, At safepoint: 3800658 ns, Total: 3921558 ns
[2021-08-17T05:54:00.596+0000][6][gc,start     ] GC(50) Pause Young (Normal) (G1 Evacuation Pause)
[2021-08-17T05:54:00.596+0000][6][gc,task      ] GC(50) Using 4 workers of 4 for evacuation
[2021-08-17T05:54:00.596+0000][6][gc,age       ] GC(50) Desired survivor size 24117248 bytes, new threshold 15 (max threshold 15)
[2021-08-17T05:54:00.600+0000][6][gc,age       ] GC(50) Age table with threshold 15 (max threshold 15)
[2021-08-17T05:54:00.600+0000][6][gc,age       ] GC(50) - age   1:        376 bytes,        376 total
[2021-08-17T05:54:00.600+0000][6][gc,age       ] GC(50) - age   2:        216 bytes,        592 total
[2021-08-17T05:54:00.600+0000][6][gc,age       ] GC(50) - age   4:        848 bytes,       1440 total
[2021-08-17T05:54:00.600+0000][6][gc,age       ] GC(50) - age   8:         32 bytes,       1472 total
[2021-08-17T05:54:00.600+0000][6][gc,age       ] GC(50) - age   9:     113464 bytes,     114936 total
[2021-08-17T05:54:00.600+0000][6][gc,age       ] GC(50) - age  10:       1408 bytes,     116344 total
[2021-08-17T05:54:00.600+0000][6][gc,age       ] GC(50) - age  11:       1112 bytes,     117456 total
[2021-08-17T05:54:00.600+0000][6][gc,phases    ] GC(50)   Pre Evacuate Collection Set: 0.4ms
[2021-08-17T05:54:00.600+0000][6][gc,phases    ] GC(50)   Merge Heap Roots: 0.3ms
[2021-08-17T05:54:00.600+0000][6][gc,phases    ] GC(50)   Evacuate Collection Set: 1.7ms
[2021-08-17T05:54:00.600+0000][6][gc,phases    ] GC(50)   Post Evacuate Collection Set: 1.4ms
[2021-08-17T05:54:00.600+0000][6][gc,phases    ] GC(50)   Other: 0.3ms
[2021-08-17T05:54:00.600+0000][6][gc,heap      ] GC(50) Eden regions: 361->0(361)
[2021-08-17T05:54:00.600+0000][6][gc,heap      ] GC(50) Survivor regions: 1->1(46)
[2021-08-17T05:54:00.600+0000][6][gc,heap      ] GC(50) Old regions: 104->104
[2021-08-17T05:54:00.600+0000][6][gc,heap      ] GC(50) Archive regions: 2->2
[2021-08-17T05:54:00.600+0000][6][gc,heap      ] GC(50) Humongous regions: 59->59
[2021-08-17T05:54:00.600+0000][6][gc,metaspace ] GC(50) Metaspace: 61878K(66048K)->61878K(66048K) NonClass: 53625K(55936K)->53625K(55936K) Class: 8252K(10112K)->8252K(10112K)
[2021-08-17T05:54:00.600+0000][6][gc           ] GC(50) Pause Young (Normal) (G1 Evacuation Pause) 523M->162M(705M) 4.036ms
[2021-08-17T05:54:00.600+0000][6][gc,cpu       ] GC(50) User=0.01s Sys=0.00s Real=0.01s
[2021-08-17T05:54:00.600+0000][6][safepoint    ] Safepoint "G1CollectForAllocation", Time since last: 124928594 ns, Reaching safepoint: 124118 ns, At safepoint: 4094021 ns, Total: 4218139 ns
[2021-08-17T05:54:01.147+0000][6][gc,start     ] GC(51) Pause Young (Normal) (G1 Evacuation Pause)
[2021-08-17T05:54:01.147+0000][6][gc,task      ] GC(51) Using 4 workers of 4 for evacuation
[2021-08-17T05:54:01.147+0000][6][gc,age       ] GC(51) Desired survivor size 24117248 bytes, new threshold 15 (max threshold 15)
[2021-08-17T05:54:01.156+0000][6][gc,age       ] GC(51) Age table with threshold 15 (max threshold 15)
[2021-08-17T05:54:01.156+0000][6][gc,age       ] GC(51) - age   1:    3821560 bytes,    3821560 total
[2021-08-17T05:54:01.156+0000][6][gc,age       ] GC(51) - age   2:        216 bytes,    3821776 total
[2021-08-17T05:54:01.156+0000][6][gc,age       ] GC(51) - age   3:        216 bytes,    3821992 total
[2021-08-17T05:54:01.156+0000][6][gc,age       ] GC(51) - age   9:         32 bytes,    3822024 total
[2021-08-17T05:54:01.156+0000][6][gc,age       ] GC(51) - age  10:     113464 bytes,    3935488 total
[2021-08-17T05:54:01.156+0000][6][gc,age       ] GC(51) - age  11:       1408 bytes,    3936896 total
[2021-08-17T05:54:01.156+0000][6][gc,age       ] GC(51) - age  12:       1112 bytes,    3938008 total
[2021-08-17T05:54:01.156+0000][6][gc,phases    ] GC(51)   Pre Evacuate Collection Set: 0.3ms
[2021-08-17T05:54:01.156+0000][6][gc,phases    ] GC(51)   Merge Heap Roots: 0.3ms
[2021-08-17T05:54:01.156+0000][6][gc,phases    ] GC(51)   Evacuate Collection Set: 7.0ms
[2021-08-17T05:54:01.156+0000][6][gc,phases    ] GC(51)   Post Evacuate Collection Set: 1.5ms
[2021-08-17T05:54:01.156+0000][6][gc,phases    ] GC(51)   Other: 0.2ms
[2021-08-17T05:54:01.156+0000][6][gc,heap      ] GC(51) Eden regions: 361->0(346)
[2021-08-17T05:54:01.156+0000][6][gc,heap      ] GC(51) Survivor regions: 1->4(46)
[2021-08-17T05:54:01.156+0000][6][gc,heap      ] GC(51) Old regions: 104->104
[2021-08-17T05:54:01.156+0000][6][gc,heap      ] GC(51) Archive regions: 2->2
[2021-08-17T05:54:01.156+0000][6][gc,heap      ] GC(51) Humongous regions: 67->67
[2021-08-17T05:54:01.156+0000][6][gc,metaspace ] GC(51) Metaspace: 61990K(66304K)->61990K(66304K) NonClass: 53738K(56192K)->53738K(56192K) Class: 8252K(10112K)->8252K(10112K)
[2021-08-17T05:54:01.156+0000][6][gc           ] GC(51) Pause Young (Normal) (G1 Evacuation Pause) 531M->174M(705M) 9.407ms
[2021-08-17T05:54:01.156+0000][6][gc,cpu       ] GC(51) User=0.03s Sys=0.00s Real=0.01s
[2021-08-17T05:54:01.156+0000][6][safepoint    ] Safepoint "G1CollectForAllocation", Time since last: 546026576 ns, Reaching safepoint: 218608 ns, At safepoint: 9496559 ns, Total: 9715167 ns
[2021-08-17T05:54:02.165+0000][6][gc,start     ] GC(52) Pause Young (Normal) (G1 Evacuation Pause)
[2021-08-17T05:54:02.165+0000][6][gc,task      ] GC(52) Using 4 workers of 4 for evacuation
[2021-08-17T05:54:02.165+0000][6][gc,age       ] GC(52) Desired survivor size 23068672 bytes, new threshold 15 (max threshold 15)
[2021-08-17T05:54:02.184+0000][6][gc,age       ] GC(52) Age table with threshold 15 (max threshold 15)
[2021-08-17T05:54:02.184+0000][6][gc,age       ] GC(52) - age   1:    8619256 bytes,    8619256 total
[2021-08-17T05:54:02.184+0000][6][gc,age       ] GC(52) - age   2:    3593448 bytes,   12212704 total
[2021-08-17T05:54:02.184+0000][6][gc,age       ] GC(52) - age   3:         32 bytes,   12212736 total
[2021-08-17T05:54:02.184+0000][6][gc,age       ] GC(52) - age  11:      46352 bytes,   12259088 total
[2021-08-17T05:54:02.184+0000][6][gc,age       ] GC(52) - age  12:       1408 bytes,   12260496 total
[2021-08-17T05:54:02.184+0000][6][gc,age       ] GC(52) - age  13:         32 bytes,   12260528 total
[2021-08-17T05:54:02.184+0000][6][gc,phases    ] GC(52)   Pre Evacuate Collection Set: 0.2ms
[2021-08-17T05:54:02.184+0000][6][gc,phases    ] GC(52)   Merge Heap Roots: 0.1ms
[2021-08-17T05:54:02.184+0000][6][gc,phases    ] GC(52)   Evacuate Collection Set: 17.1ms
[2021-08-17T05:54:02.184+0000][6][gc,phases    ] GC(52)   Post Evacuate Collection Set: 1.1ms
[2021-08-17T05:54:02.184+0000][6][gc,phases    ] GC(52)   Other: 0.2ms
[2021-08-17T05:54:02.184+0000][6][gc,heap      ] GC(52) Eden regions: 346->0(330)
[2021-08-17T05:54:02.184+0000][6][gc,heap      ] GC(52) Survivor regions: 4->12(44)
[2021-08-17T05:54:02.184+0000][6][gc,heap      ] GC(52) Old regions: 104->104
[2021-08-17T05:54:02.184+0000][6][gc,heap      ] GC(52) Archive regions: 2->2
[2021-08-17T05:54:02.184+0000][6][gc,heap      ] GC(52) Humongous regions: 69->68
[2021-08-17T05:54:02.184+0000][6][gc,metaspace ] GC(52) Metaspace: 62004K(66304K)->62004K(66304K) NonClass: 53752K(56192K)->53752K(56192K) Class: 8252K(10112K)->8252K(10112K)
[2021-08-17T05:54:02.184+0000][6][gc           ] GC(52) Pause Young (Normal) (G1 Evacuation Pause) 522M->183M(705M) 18.670ms
[2021-08-17T05:54:02.184+0000][6][gc,cpu       ] GC(52) User=0.08s Sys=0.00s Real=0.02s
[2021-08-17T05:54:02.184+0000][6][safepoint    ] Safepoint "G1CollectForAllocation", Time since last: 1009065203 ns, Reaching safepoint: 134224 ns, At safepoint: 18757592 ns, Total: 18891816 ns
[2021-08-17T05:54:02.976+0000][6][safepoint    ] Safepoint "BulkRevokeBias", Time since last: 789427177 ns, Reaching safepoint: 2930899 ns, At safepoint: 155678 ns, Total: 3086577 ns
[2021-08-17T05:54:03.056+0000][6][gc,start     ] GC(53) Pause Young (Normal) (G1 Evacuation Pause)
[2021-08-17T05:54:03.056+0000][6][gc,task      ] GC(53) Using 4 workers of 4 for evacuation
[2021-08-17T05:54:03.056+0000][6][gc,age       ] GC(53) Desired survivor size 22544384 bytes, new threshold 15 (max threshold 15)
[2021-08-17T05:54:03.078+0000][6][gc,age       ] GC(53) Age table with threshold 15 (max threshold 15)
[2021-08-17T05:54:03.078+0000][6][gc,age       ] GC(53) - age   1:    9048440 bytes,    9048440 total
[2021-08-17T05:54:03.078+0000][6][gc,age       ] GC(53) - age   2:    8397160 bytes,   17445600 total
[2021-08-17T05:54:03.078+0000][6][gc,age       ] GC(53) - age   3:    3507040 bytes,   20952640 total
[2021-08-17T05:54:03.078+0000][6][gc,age       ] GC(53) - age  12:      46352 bytes,   20998992 total
[2021-08-17T05:54:03.078+0000][6][gc,age       ] GC(53) - age  13:       1288 bytes,   21000280 total
[2021-08-17T05:54:03.078+0000][6][gc,age       ] GC(53) - age  14:         32 bytes,   21000312 total
[2021-08-17T05:54:03.078+0000][6][gc,phases    ] GC(53)   Pre Evacuate Collection Set: 0.3ms
[2021-08-17T05:54:03.078+0000][6][gc,phases    ] GC(53)   Merge Heap Roots: 0.2ms
[2021-08-17T05:54:03.078+0000][6][gc,phases    ] GC(53)   Evacuate Collection Set: 19.9ms
[2021-08-17T05:54:03.078+0000][6][gc,phases    ] GC(53)   Post Evacuate Collection Set: 1.7ms
[2021-08-17T05:54:03.078+0000][6][gc,phases    ] GC(53)   Other: 0.2ms
[2021-08-17T05:54:03.078+0000][6][gc,heap      ] GC(53) Eden regions: 330->0(307)
[2021-08-17T05:54:03.078+0000][6][gc,heap      ] GC(53) Survivor regions: 12->21(43)
[2021-08-17T05:54:03.078+0000][6][gc,heap      ] GC(53) Old regions: 104->104
[2021-08-17T05:54:03.078+0000][6][gc,heap      ] GC(53) Archive regions: 2->2
[2021-08-17T05:54:03.078+0000][6][gc,heap      ] GC(53) Humongous regions: 75->73
[2021-08-17T05:54:03.078+0000][6][gc,metaspace ] GC(53) Metaspace: 63619K(67968K)->63619K(67968K) NonClass: 55166K(57728K)->55166K(57728K) Class: 8453K(10240K)->8453K(10240K)
[2021-08-17T05:54:03.078+0000][6][gc           ] GC(53) Pause Young (Normal) (G1 Evacuation Pause) 520M->197M(705M) 22.317ms
[2021-08-17T05:54:03.078+0000][6][gc,cpu       ] GC(53) User=0.08s Sys=0.00s Real=0.03s
[2021-08-17T05:54:03.078+0000][6][safepoint    ] Safepoint "G1CollectForAllocation", Time since last: 78568294 ns, Reaching safepoint: 526287 ns, At safepoint: 22433983 ns, Total: 22960270 ns
[2021-08-17T05:54:03.289+0000][6][safepoint    ] Safepoint "BulkRevokeBias", Time since last: 210584449 ns, Reaching safepoint: 163557 ns, At safepoint: 278970 ns, Total: 442527 ns
[2021-08-17T05:54:03.469+0000][6][safepoint    ] Safepoint "BulkRevokeBias", Time since last: 179966543 ns, Reaching safepoint: 164135 ns, At safepoint: 190012 ns, Total: 354147 ns
[2021-08-17T05:54:05.403+0000][6][safepoint    ] Safepoint "Cleanup", Time since last: 1933769781 ns, Reaching safepoint: 173548 ns, At safepoint: 4706 ns, Total: 178254 ns
[2021-08-17T05:54:06.490+0000][6][safepoint    ] Safepoint "Cleanup", Time since last: 1086633845 ns, Reaching safepoint: 119340 ns, At safepoint: 4582 ns, Total: 123922 ns
[2021-08-17T05:54:06.533+0000][6][safepoint    ] Safepoint "BulkRevokeBias", Time since last: 42368296 ns, Reaching safepoint: 366944 ns, At safepoint: 196427 ns, Total: 563371 ns
[2021-08-17T05:54:07.536+0000][6][safepoint    ] Safepoint "Cleanup", Time since last: 1002310009 ns, Reaching safepoint: 268938 ns, At safepoint: 8121 ns, Total: 277059 ns
[2021-08-17T05:54:08.538+0000][6][safepoint    ] Safepoint "Cleanup", Time since last: 1002261656 ns, Reaching safepoint: 95268 ns, At safepoint: 4117 ns, Total: 99385 ns
[2021-08-17T05:54:10.065+0000][6][safepoint    ] Safepoint "Cleanup", Time since last: 1526460718 ns, Reaching safepoint: 127598 ns, At safepoint: 5112 ns, Total: 132710 ns
[2021-08-17T05:54:11.065+0000][6][safepoint    ] Safepoint "Cleanup", Time since last: 1000288535 ns, Reaching safepoint: 150839 ns, At safepoint: 5070 ns, Total: 155909 ns
[2021-08-17T05:54:12.567+0000][6][safepoint    ] Safepoint "Cleanup", Time since last: 1501901580 ns, Reaching safepoint: 115010 ns, At safepoint: 4547 ns, Total: 119557 ns
[2021-08-17T05:54:13.568+0000][6][safepoint    ] Safepoint "Cleanup", Time since last: 1000581784 ns, Reaching safepoint: 126672 ns, At safepoint: 5443 ns, Total: 132115 ns
[2021-08-17T05:54:15.071+0000][6][safepoint    ] Safepoint "Cleanup", Time since last: 1502982011 ns, Reaching safepoint: 117457 ns, At safepoint: 5112 ns, Total: 122569 ns
[2021-08-17T05:54:16.071+0000][6][safepoint    ] Safepoint "Cleanup", Time since last: 1000278874 ns, Reaching safepoint: 165470 ns, At safepoint: 7211 ns, Total: 172681 ns
[2021-08-17T05:54:17.575+0000][6][safepoint    ] Safepoint "Cleanup", Time since last: 1503827633 ns, Reaching safepoint: 149225 ns, At safepoint: 4878 ns, Total: 154103 ns
[2021-08-17T05:54:18.576+0000][6][safepoint    ] Safepoint "Cleanup", Time since last: 1000497718 ns, Reaching safepoint: 194004 ns, At safepoint: 7711 ns, Total: 201715 ns
[2021-08-17T05:54:20.079+0000][6][safepoint    ] Safepoint "Cleanup", Time since last: 1502485124 ns, Reaching safepoint: 113529 ns, At safepoint: 5371 ns, Total: 118900 ns
[2021-08-17T05:54:21.080+0000][6][safepoint    ] Safepoint "Cleanup", Time since last: 1000856395 ns, Reaching safepoint: 132888 ns, At safepoint: 5009 ns, Total: 137897 ns
[2021-08-17T05:54:22.581+0000][6][safepoint    ] Safepoint "Cleanup", Time since last: 1500826560 ns, Reaching safepoint: 106560 ns, At safepoint: 4938 ns, Total: 111498 ns
[2021-08-17T05:54:23.582+0000][6][safepoint    ] Safepoint "Cleanup", Time since last: 1001107900 ns, Reaching safepoint: 150781 ns, At safepoint: 4810 ns, Total: 155591 ns
[2021-08-17T05:54:25.081+0000][6][safepoint    ] Safepoint "Cleanup", Time since last: 1498849207 ns, Reaching safepoint: 182616 ns, At safepoint: 4752 ns, Total: 187368 ns
[2021-08-17T05:54:26.418+0000][6][safepoint    ] Safepoint "Cleanup", Time since last: 1337341007 ns, Reaching safepoint: 136050 ns, At safepoint: 9170 ns, Total: 145220 ns
[2021-08-17T05:54:27.582+0000][6][safepoint    ] Safepoint "Cleanup", Time since last: 1163984827 ns, Reaching safepoint: 161607 ns, At safepoint: 4696 ns, Total: 166303 ns
[2021-08-17T05:54:29.086+0000][6][safepoint    ] Safepoint "Cleanup", Time since last: 1503565076 ns, Reaching safepoint: 105539 ns, At safepoint: 5315 ns, Total: 110854 ns
[2021-08-17T05:54:31.588+0000][6][safepoint    ] Safepoint "Cleanup", Time since last: 2501835222 ns, Reaching safepoint: 204347 ns, At safepoint: 39683 ns, Total: 244030 ns
[2021-08-17T05:54:33.881+0000][6][safepoint    ] Safepoint "Cleanup", Time since last: 2292741897 ns, Reaching safepoint: 136300 ns, At safepoint: 5035 ns, Total: 141335 ns
[2021-08-17T05:54:35.093+0000][6][safepoint    ] Safepoint "Cleanup", Time since last: 1211722770 ns, Reaching safepoint: 149689 ns, At safepoint: 6818 ns, Total: 156507 ns
[2021-08-17T05:54:36.594+0000][6][safepoint    ] Safepoint "Cleanup", Time since last: 1501191775 ns, Reaching safepoint: 81184 ns, At safepoint: 3992 ns, Total: 85176 ns
[2021-08-17T05:54:38.597+0000][6][safepoint    ] Safepoint "Cleanup", Time since last: 2002775168 ns, Reaching safepoint: 178750 ns, At safepoint: 9209 ns, Total: 187959 ns
[2021-08-17T05:54:40.100+0000][6][safepoint    ] Safepoint "Cleanup", Time since last: 1502577689 ns, Reaching safepoint: 135960 ns, At safepoint: 4892 ns, Total: 140852 ns
[2021-08-17T05:54:41.602+0000][6][safepoint    ] Safepoint "Cleanup", Time since last: 1502428818 ns, Reaching safepoint: 111793 ns, At safepoint: 6348 ns, Total: 118141 ns
[2021-08-17T05:54:42.605+0000][6][safepoint    ] Safepoint "Cleanup", Time since last: 1001969609 ns, Reaching safepoint: 163827 ns, At safepoint: 7158 ns, Total: 170985 ns
[2021-08-17T05:54:46.107+0000][6][safepoint    ] Safepoint "Cleanup", Time since last: 3502227134 ns, Reaching safepoint: 137067 ns, At safepoint: 6246 ns, Total: 143313 ns
[2021-08-17T05:54:47.608+0000][6][safepoint    ] Safepoint "Cleanup", Time since last: 1500485191 ns, Reaching safepoint: 99536 ns, At safepoint: 5267 ns, Total: 104803 ns
[2021-08-17T05:54:49.110+0000][6][safepoint    ] Safepoint "Cleanup", Time since last: 1502189497 ns, Reaching safepoint: 109218 ns, At safepoint: 4606 ns, Total: 113824 ns
[2021-08-17T05:54:51.221+0000][6][safepoint    ] Safepoint "Cleanup", Time since last: 2111046824 ns, Reaching safepoint: 186479 ns, At safepoint: 7740 ns, Total: 194219 ns
[2021-08-17T05:54:52.615+0000][6][safepoint    ] Safepoint "Cleanup", Time since last: 1394043929 ns, Reaching safepoint: 208271 ns, At safepoint: 9803 ns, Total: 218074 ns
[2021-08-17T05:54:53.945+0000][6][safepoint    ] Safepoint "Cleanup", Time since last: 1329288914 ns, Reaching safepoint: 176571 ns, At safepoint: 31204 ns, Total: 207775 ns
[2021-08-17T05:54:55.118+0000][6][safepoint    ] Safepoint "Cleanup", Time since last: 1173010113 ns, Reaching safepoint: 125609 ns, At safepoint: 4344 ns, Total: 129953 ns
[2021-08-17T05:54:56.620+0000][6][safepoint    ] Safepoint "Cleanup", Time since last: 1501725950 ns, Reaching safepoint: 306183 ns, At safepoint: 5980 ns, Total: 312163 ns
[2021-08-17T05:54:58.217+0000][6][safepoint    ] Safepoint "Cleanup", Time since last: 1596491429 ns, Reaching safepoint: 91249 ns, At safepoint: 4289 ns, Total: 95538 ns
[2021-08-17T05:55:00.126+0000][6][safepoint    ] Safepoint "Cleanup", Time since last: 1909448218 ns, Reaching safepoint: 158247 ns, At safepoint: 4633 ns, Total: 162880 ns
[2021-08-17T05:55:01.624+0000][6][safepoint    ] Safepoint "Cleanup", Time since last: 1497014321 ns, Reaching safepoint: 234584 ns, At safepoint: 7971 ns, Total: 242555 ns
[2021-08-17T05:55:03.548+0000][6][safepoint    ] Safepoint "Cleanup", Time since last: 1924159742 ns, Reaching safepoint: 149747 ns, At safepoint: 5034 ns, Total: 154781 ns
[2021-08-17T05:55:03.586+0000][6][safepoint    ] Safepoint "BulkRevokeBias", Time since last: 36672674 ns, Reaching safepoint: 107497 ns, At safepoint: 1032139 ns, Total: 1139636 ns
[2021-08-17T05:55:05.124+0000][6][safepoint    ] Safepoint "Cleanup", Time since last: 1538116516 ns, Reaching safepoint: 343145 ns, At safepoint: 15046 ns, Total: 358191 ns
[2021-08-17T05:55:05.958+0000][6][safepoint    ] Safepoint "BulkRevokeBias", Time since last: 833742089 ns, Reaching safepoint: 278766 ns, At safepoint: 220337 ns, Total: 499103 ns
[2021-08-17T05:55:07.632+0000][6][safepoint    ] Safepoint "Cleanup", Time since last: 1672802632 ns, Reaching safepoint: 623627 ns, At safepoint: 81081 ns, Total: 704708 ns
[2021-08-17T05:55:10.131+0000][6][safepoint    ] Safepoint "Cleanup", Time since last: 2499180418 ns, Reaching safepoint: 150897 ns, At safepoint: 9592 ns, Total: 160489 ns
[2021-08-17T05:55:14.135+0000][6][safepoint    ] Safepoint "Cleanup", Time since last: 4003738154 ns, Reaching safepoint: 135788 ns, At safepoint: 28375 ns, Total: 164163 ns
[2021-08-17T05:55:16.639+0000][6][safepoint    ] Safepoint "Cleanup", Time since last: 2503570924 ns, Reaching safepoint: 140767 ns, At safepoint: 4497 ns, Total: 145264 ns
[2021-08-17T05:55:17.642+0000][6][safepoint    ] Safepoint "Cleanup", Time since last: 1003004959 ns, Reaching safepoint: 124466 ns, At safepoint: 4677 ns, Total: 129143 ns
[2021-08-17T05:55:18.644+0000][6][safepoint    ] Safepoint "Cleanup", Time since last: 1002264403 ns, Reaching safepoint: 217097 ns, At safepoint: 8803 ns, Total: 225900 ns
[2021-08-17T05:55:20.140+0000][6][safepoint    ] Safepoint "Cleanup", Time since last: 1495609912 ns, Reaching safepoint: 146220 ns, At safepoint: 6345 ns, Total: 152565 ns
[2021-08-17T05:55:21.143+0000][6][safepoint    ] Safepoint "Cleanup", Time since last: 1002677598 ns, Reaching safepoint: 171650 ns, At safepoint: 7761 ns, Total: 179411 ns
[2021-08-17T05:55:22.643+0000][6][safepoint    ] Safepoint "Cleanup", Time since last: 1500147093 ns, Reaching safepoint: 129987 ns, At safepoint: 4608 ns, Total: 134595 ns
[2021-08-17T05:55:24.147+0000][6][safepoint    ] Safepoint "Cleanup", Time since last: 1502884960 ns, Reaching safepoint: 434107 ns, At safepoint: 24054 ns, Total: 458161 ns
[2021-08-17T05:55:25.147+0000][6][safepoint    ] Safepoint "Cleanup", Time since last: 1000420305 ns, Reaching safepoint: 119301 ns, At safepoint: 4298 ns, Total: 123599 ns
[2021-08-17T05:55:26.149+0000][6][safepoint    ] Safepoint "Cleanup", Time since last: 1001823330 ns, Reaching safepoint: 154129 ns, At safepoint: 6113 ns, Total: 160242 ns
[2021-08-17T05:55:27.651+0000][6][safepoint    ] Safepoint "Cleanup", Time since last: 1501277798 ns, Reaching safepoint: 136971 ns, At safepoint: 4557 ns, Total: 141528 ns
[2021-08-17T05:55:28.711+0000][6][safepoint    ] Safepoint "Cleanup", Time since last: 1060369878 ns, Reaching safepoint: 126074 ns, At safepoint: 25255 ns, Total: 151329 ns
[2021-08-17T05:55:30.155+0000][6][safepoint    ] Safepoint "Cleanup", Time since last: 1443352921 ns, Reaching safepoint: 213450 ns, At safepoint: 9991 ns, Total: 223441 ns
[2021-08-17T05:55:31.654+0000][6][safepoint    ] Safepoint "Cleanup", Time since last: 1498994536 ns, Reaching safepoint: 112527 ns, At safepoint: 30258 ns, Total: 142785 ns
[2021-08-17T05:55:34.157+0000][6][safepoint    ] Safepoint "Cleanup", Time since last: 2502911656 ns, Reaching safepoint: 110744 ns, At safepoint: 20187 ns, Total: 130931 ns
[2021-08-17T05:55:39.168+0000][6][safepoint    ] Safepoint "Cleanup", Time since last: 5010323875 ns, Reaching safepoint: 425296 ns, At safepoint: 9509 ns, Total: 434805 ns
[2021-08-17T05:55:40.820+0000][6][safepoint    ] Safepoint "Cleanup", Time since last: 1652556277 ns, Reaching safepoint: 256384 ns, At safepoint: 8101 ns, Total: 264485 ns
[2021-08-17T05:55:42.671+0000][6][safepoint    ] Safepoint "Cleanup", Time since last: 1850601809 ns, Reaching safepoint: 210098 ns, At safepoint: 8604 ns, Total: 218702 ns
[2021-08-17T05:55:44.085+0000][6][safepoint    ] Safepoint "Cleanup", Time since last: 1413432646 ns, Reaching safepoint: 178163 ns, At safepoint: 7174 ns, Total: 185337 ns
[2021-08-17T05:55:45.175+0000][6][safepoint    ] Safepoint "Cleanup", Time since last: 1089507229 ns, Reaching safepoint: 99207 ns, At safepoint: 8269 ns, Total: 107476 ns
[2021-08-17T05:55:51.682+0000][6][safepoint    ] Safepoint "Cleanup", Time since last: 6506851326 ns, Reaching safepoint: 109869 ns, At safepoint: 6463 ns, Total: 116332 ns
[2021-08-17T05:55:53.682+0000][6][safepoint    ] Safepoint "Cleanup", Time since last: 2000438571 ns, Reaching safepoint: 118485 ns, At safepoint: 4313 ns, Total: 122798 ns
[2021-08-17T05:55:55.184+0000][6][safepoint    ] Safepoint "Cleanup", Time since last: 1501720999 ns, Reaching safepoint: 203210 ns, At safepoint: 8317 ns, Total: 211527 ns
[2021-08-17T05:55:56.185+0000][6][safepoint    ] Safepoint "Cleanup", Time since last: 1000907191 ns, Reaching safepoint: 137078 ns, At safepoint: 5272 ns, Total: 142350 ns
[2021-08-17T05:55:57.685+0000][6][safepoint    ] Safepoint "Cleanup", Time since last: 1500147222 ns, Reaching safepoint: 127189 ns, At safepoint: 4582 ns, Total: 131771 ns
[2021-08-17T05:56:01.686+0000][6][safepoint    ] Safepoint "Cleanup", Time since last: 4000952267 ns, Reaching safepoint: 94073 ns, At safepoint: 5676 ns, Total: 99749 ns
[2021-08-17T05:56:02.687+0000][6][safepoint    ] Safepoint "Cleanup", Time since last: 1000955178 ns, Reaching safepoint: 126829 ns, At safepoint: 5189 ns, Total: 132018 ns
[2021-08-17T05:56:03.689+0000][6][safepoint    ] Safepoint "Cleanup", Time since last: 1001601213 ns, Reaching safepoint: 112388 ns, At safepoint: 4012 ns, Total: 116400 ns
[2021-08-17T05:56:03.694+0000][6][safepoint    ] Safepoint "BulkRevokeBias", Time since last: 3936533 ns, Reaching safepoint: 167049 ns, At safepoint: 252217 ns, Total: 419266 ns
[2021-08-17T05:56:05.189+0000][6][safepoint    ] Safepoint "Cleanup", Time since last: 1495454760 ns, Reaching safepoint: 208724 ns, At safepoint: 7582 ns, Total: 216306 ns
[2021-08-17T05:56:06.220+0000][6][safepoint    ] Safepoint "Cleanup", Time since last: 1030855845 ns, Reaching safepoint: 171044 ns, At safepoint: 6318 ns, Total: 177362 ns
[2021-08-17T05:56:07.738+0000][6][safepoint    ] Safepoint "Cleanup", Time since last: 1518082100 ns, Reaching safepoint: 158422 ns, At safepoint: 6554 ns, Total: 164976 ns
[2021-08-17T05:56:14.198+0000][6][safepoint    ] Safepoint "Cleanup", Time since last: 6459849606 ns, Reaching safepoint: 128420 ns, At safepoint: 4544 ns, Total: 132964 ns
[2021-08-17T05:56:15.199+0000][6][safepoint    ] Safepoint "Cleanup", Time since last: 1000675260 ns, Reaching safepoint: 207670 ns, At safepoint: 8607 ns, Total: 216277 ns
[2021-08-17T05:56:19.210+0000][6][safepoint    ] Safepoint "Cleanup", Time since last: 4009213582 ns, Reaching safepoint: 957125 ns, At safepoint: 38078 ns, Total: 995203 ns
[2021-08-17T05:56:21.712+0000][6][safepoint    ] Safepoint "Cleanup", Time since last: 2502077109 ns, Reaching safepoint: 287196 ns, At safepoint: 47111 ns, Total: 334307 ns
[2021-08-17T05:56:26.218+0000][6][safepoint    ] Safepoint "Cleanup", Time since last: 4505861488 ns, Reaching safepoint: 454643 ns, At safepoint: 19948 ns, Total: 474591 ns
[2021-08-17T05:56:27.722+0000][6][safepoint    ] Safepoint "Cleanup", Time since last: 1503775796 ns, Reaching safepoint: 201466 ns, At safepoint: 7369 ns, Total: 208835 ns
[2021-08-17T05:56:29.221+0000][6][safepoint    ] Safepoint "Cleanup", Time since last: 1498930448 ns, Reaching safepoint: 142907 ns, At safepoint: 8824 ns, Total: 151731 ns
[2021-08-17T05:56:32.725+0000][6][safepoint    ] Safepoint "Cleanup", Time since last: 3503543374 ns, Reaching safepoint: 128434 ns, At safepoint: 6579 ns, Total: 135013 ns
[2021-08-17T05:56:34.228+0000][6][safepoint    ] Safepoint "Cleanup", Time since last: 1502473734 ns, Reaching safepoint: 203617 ns, At safepoint: 29071 ns, Total: 232688 ns
[2021-08-17T05:56:36.732+0000][6][safepoint    ] Safepoint "Cleanup", Time since last: 2503734756 ns, Reaching safepoint: 242713 ns, At safepoint: 158046 ns, Total: 400759 ns
[2021-08-17T05:56:44.243+0000][6][safepoint    ] Safepoint "Cleanup", Time since last: 7510882434 ns, Reaching safepoint: 101099 ns, At safepoint: 22811 ns, Total: 123910 ns
[2021-08-17T05:56:45.245+0000][6][safepoint    ] Safepoint "Cleanup", Time since last: 1001817728 ns, Reaching safepoint: 153139 ns, At safepoint: 12935 ns, Total: 166074 ns
[2021-08-17T05:56:49.246+0000][6][safepoint    ] Safepoint "Cleanup", Time since last: 4001275504 ns, Reaching safepoint: 152784 ns, At safepoint: 54878 ns, Total: 207662 ns
[2021-08-17T05:56:52.752+0000][6][safepoint    ] Safepoint "Cleanup", Time since last: 3505688654 ns, Reaching safepoint: 171719 ns, At safepoint: 5854 ns, Total: 177573 ns
[2021-08-17T05:56:54.256+0000][6][safepoint    ] Safepoint "Cleanup", Time since last: 1503145531 ns, Reaching safepoint: 166517 ns, At safepoint: 36059 ns, Total: 202576 ns
[2021-08-17T05:56:55.257+0000][6][safepoint    ] Safepoint "Cleanup", Time since last: 1001364267 ns, Reaching safepoint: 195433 ns, At safepoint: 7568 ns, Total: 203001 ns
[2021-08-17T05:56:56.259+0000][6][safepoint    ] Safepoint "Cleanup", Time since last: 1001382368 ns, Reaching safepoint: 95838 ns, At safepoint: 5177 ns, Total: 101015 ns
[2021-08-17T05:56:57.262+0000][6][safepoint    ] Safepoint "Cleanup", Time since last: 1002836515 ns, Reaching safepoint: 118129 ns, At safepoint: 4472 ns, Total: 122601 ns
[2021-08-17T05:56:57.453+0000][6][safepoint    ] Safepoint "BulkRevokeBias", Time since last: 191494780 ns, Reaching safepoint: 140999 ns, At safepoint: 226953 ns, Total: 367952 ns
[2021-08-17T05:56:57.465+0000][6][safepoint    ] Safepoint "BulkRevokeBias", Time since last: 11092797 ns, Reaching safepoint: 235921 ns, At safepoint: 214912 ns, Total: 450833 ns
[2021-08-17T05:56:57.482+0000][6][safepoint    ] Safepoint "BulkRevokeBias", Time since last: 15502324 ns, Reaching safepoint: 451435 ns, At safepoint: 627857 ns, Total: 1079292 ns
[2021-08-17T05:56:57.502+0000][6][safepoint    ] Safepoint "BulkRevokeBias", Time since last: 19376349 ns, Reaching safepoint: 304143 ns, At safepoint: 233937 ns, Total: 538080 ns
[2021-08-17T05:56:57.525+0000][6][gc,heap,exit ] Heap
[2021-08-17T05:56:57.526+0000][6][gc,heap,exit ]  garbage-first heap   total 721920K, used 313836K [0x00000000c0000000, 0x0000000100000000)
[2021-08-17T05:56:57.526+0000][6][gc,heap,exit ]   region size 1024K, 132 young (135168K), 21 survivors (21504K)
[2021-08-17T05:56:57.526+0000][6][gc,heap,exit ]  Metaspace       used 69069K, capacity 73479K, committed 73728K, reserved 1112064K
[2021-08-17T05:56:57.526+0000][6][gc,heap,exit ]   class space    used 9124K, capacity 11060K, committed 11136K, reserved 1048576K
