[2020-12-10T05:23:16.019+0000][6][gc,heap] Heap region size: 1M
[2020-12-10T05:23:16.020+0000][6][gc,heap,coops] Heap address: 0x00000000c0000000, size: 1024 MB, Compressed Oops mode: 32-bit
[2020-12-10T05:23:16.046+0000][6][gc           ] Using G1
[2020-12-10T05:23:16.047+0000][6][gc,cds       ] Mark closed archive regions in map: [0x00000000fff00000, 0x00000000fff7eff8]
[2020-12-10T05:23:16.047+0000][6][gc,cds       ] Mark open archive regions in map: [0x00000000ffe00000, 0x00000000ffe51ff8]
[2020-12-10T05:23:16.058+0000][6][gc           ] Periodic GC disabled
[2020-12-10T05:23:16.422+0000][6][gc,start     ] GC(0) Pause Young (Normal) (G1 Evacuation Pause)
[2020-12-10T05:23:16.422+0000][6][gc,task      ] GC(0) Using 6 workers of 10 for evacuation
[2020-12-10T05:23:16.422+0000][6][gc,age       ] GC(0) Desired survivor size 1572864 bytes, new threshold 15 (max threshold 15)
[2020-12-10T05:23:16.424+0000][6][gc,age       ] GC(0) Age table with threshold 15 (max threshold 15)
[2020-12-10T05:23:16.424+0000][6][gc,age       ] GC(0) - age   1:    2775256 bytes,    2775256 total
[2020-12-10T05:23:16.424+0000][6][gc,phases    ] GC(0)   Pre Evacuate Collection Set: 0.1ms
[2020-12-10T05:23:16.424+0000][6][gc,phases    ] GC(0)   Merge Heap Roots: 0.0ms
[2020-12-10T05:23:16.424+0000][6][gc,phases    ] GC(0)   Evacuate Collection Set: 1.8ms
[2020-12-10T05:23:16.424+0000][6][gc,phases    ] GC(0)   Post Evacuate Collection Set: 0.3ms
[2020-12-10T05:23:16.424+0000][6][gc,phases    ] GC(0)   Other: 0.6ms
[2020-12-10T05:23:16.424+0000][6][gc,heap      ] GC(0) Eden regions: 23->0(35)
[2020-12-10T05:23:16.424+0000][6][gc,heap      ] GC(0) Survivor regions: 0->3(3)
[2020-12-10T05:23:16.424+0000][6][gc,heap      ] GC(0) Old regions: 0->0
[2020-12-10T05:23:16.424+0000][6][gc,heap      ] GC(0) Archive regions: 2->2
[2020-12-10T05:23:16.424+0000][6][gc,heap      ] GC(0) Humongous regions: 1->1
[2020-12-10T05:23:16.424+0000][6][gc,metaspace ] GC(0) Metaspace: 6202K(8704K)->6202K(8704K) NonClass: 5498K(7680K)->5498K(7680K) Class: 704K(1024K)->704K(1024K)
[2020-12-10T05:23:16.425+0000][6][gc           ] GC(0) Pause Young (Normal) (G1 Evacuation Pause) 24M->4M(258M) 2.867ms
[2020-12-10T05:23:16.425+0000][6][gc,cpu       ] GC(0) User=0.01s Sys=0.00s Real=0.01s
[2020-12-10T05:23:16.425+0000][6][safepoint    ] Safepoint "G1CollectForAllocation", Time since last: 368490905 ns, Reaching safepoint: 100074 ns, At safepoint: 2937144 ns, Total: 3037218 ns
[2020-12-10T05:23:17.122+0000][6][safepoint    ] Safepoint "ICBufferFull", Time since last: 697785234 ns, Reaching safepoint: 109362 ns, At safepoint: 6683 ns, Total: 116045 ns
[2020-12-10T05:23:17.262+0000][6][gc,start     ] GC(1) Pause Young (Normal) (G1 Evacuation Pause)
[2020-12-10T05:23:17.262+0000][6][gc,task      ] GC(1) Using 6 workers of 10 for evacuation
[2020-12-10T05:23:17.262+0000][6][gc,age       ] GC(1) Desired survivor size 2621440 bytes, new threshold 1 (max threshold 15)
[2020-12-10T05:23:17.268+0000][6][gc,age       ] GC(1) Age table with threshold 1 (max threshold 15)
[2020-12-10T05:23:17.268+0000][6][gc,age       ] GC(1) - age   1:    3314136 bytes,    3314136 total
[2020-12-10T05:23:17.268+0000][6][gc,phases    ] GC(1)   Pre Evacuate Collection Set: 0.1ms
[2020-12-10T05:23:17.268+0000][6][gc,phases    ] GC(1)   Merge Heap Roots: 0.0ms
[2020-12-10T05:23:17.268+0000][6][gc,phases    ] GC(1)   Evacuate Collection Set: 5.4ms
[2020-12-10T05:23:17.268+0000][6][gc,phases    ] GC(1)   Post Evacuate Collection Set: 0.6ms
[2020-12-10T05:23:17.268+0000][6][gc,phases    ] GC(1)   Other: 0.2ms
[2020-12-10T05:23:17.268+0000][6][gc,heap      ] GC(1) Eden regions: 35->0(85)
[2020-12-10T05:23:17.268+0000][6][gc,heap      ] GC(1) Survivor regions: 3->4(5)
[2020-12-10T05:23:17.268+0000][6][gc,heap      ] GC(1) Old regions: 0->3
[2020-12-10T05:23:17.268+0000][6][gc,heap      ] GC(1) Archive regions: 2->2
[2020-12-10T05:23:17.268+0000][6][gc,heap      ] GC(1) Humongous regions: 1->1
[2020-12-10T05:23:17.268+0000][6][gc,metaspace ] GC(1) Metaspace: 13483K(14208K)->13483K(14208K) NonClass: 11830K(12288K)->11830K(12288K) Class: 1652K(1920K)->1652K(1920K)
[2020-12-10T05:23:17.268+0000][6][gc           ] GC(1) Pause Young (Normal) (G1 Evacuation Pause) 39M->7M(258M) 6.372ms
[2020-12-10T05:23:17.268+0000][6][gc,cpu       ] GC(1) User=0.03s Sys=0.00s Real=0.01s
[2020-12-10T05:23:17.268+0000][6][safepoint    ] Safepoint "G1CollectForAllocation", Time since last: 139236378 ns, Reaching safepoint: 120307 ns, At safepoint: 6440737 ns, Total: 6561044 ns
[2020-12-10T05:23:17.637+0000][6][gc,start     ] GC(2) Pause Young (Normal) (G1 Evacuation Pause)
[2020-12-10T05:23:17.637+0000][6][gc,task      ] GC(2) Using 6 workers of 10 for evacuation
[2020-12-10T05:23:17.637+0000][6][gc,age       ] GC(2) Desired survivor size 6291456 bytes, new threshold 15 (max threshold 15)
[2020-12-10T05:23:17.640+0000][6][gc,age       ] GC(2) Age table with threshold 15 (max threshold 15)
[2020-12-10T05:23:17.640+0000][6][gc,age       ] GC(2) - age   1:    2815320 bytes,    2815320 total
[2020-12-10T05:23:17.640+0000][6][gc,age       ] GC(2) - age   2:    1996168 bytes,    4811488 total
[2020-12-10T05:23:17.640+0000][6][gc,phases    ] GC(2)   Pre Evacuate Collection Set: 0.1ms
[2020-12-10T05:23:17.640+0000][6][gc,phases    ] GC(2)   Merge Heap Roots: 0.0ms
[2020-12-10T05:23:17.640+0000][6][gc,phases    ] GC(2)   Evacuate Collection Set: 2.3ms
[2020-12-10T05:23:17.640+0000][6][gc,phases    ] GC(2)   Post Evacuate Collection Set: 0.3ms
[2020-12-10T05:23:17.640+0000][6][gc,phases    ] GC(2)   Other: 0.1ms
[2020-12-10T05:23:17.640+0000][6][gc,heap      ] GC(2) Eden regions: 85->0(148)
[2020-12-10T05:23:17.640+0000][6][gc,heap      ] GC(2) Survivor regions: 4->5(12)
[2020-12-10T05:23:17.640+0000][6][gc,heap      ] GC(2) Old regions: 3->3
[2020-12-10T05:23:17.640+0000][6][gc,heap      ] GC(2) Archive regions: 2->2
[2020-12-10T05:23:17.640+0000][6][gc,heap      ] GC(2) Humongous regions: 2->1
[2020-12-10T05:23:17.640+0000][6][gc,metaspace ] GC(2) Metaspace: 15923K(16640K)->15923K(16640K) NonClass: 13948K(14336K)->13948K(14336K) Class: 1975K(2304K)->1975K(2304K)
[2020-12-10T05:23:17.640+0000][6][gc           ] GC(2) Pause Young (Normal) (G1 Evacuation Pause) 93M->9M(258M) 2.985ms
[2020-12-10T05:23:17.640+0000][6][gc,cpu       ] GC(2) User=0.02s Sys=0.00s Real=0.00s
[2020-12-10T05:23:17.640+0000][6][safepoint    ] Safepoint "G1CollectForAllocation", Time since last: 368443262 ns, Reaching safepoint: 143937 ns, At safepoint: 3040224 ns, Total: 3184161 ns
[2020-12-10T05:23:17.640+0000][6][safepoint    ] Safepoint "BulkRevokeBias", Time since last: 75854 ns, Reaching safepoint: 94013 ns, At safepoint: 67367 ns, Total: 161380 ns
[2020-12-10T05:23:17.641+0000][6][safepoint    ] Safepoint "BulkRevokeBias", Time since last: 446771 ns, Reaching safepoint: 90668 ns, At safepoint: 46887 ns, Total: 137555 ns
[2020-12-10T05:23:17.641+0000][6][safepoint    ] Safepoint "BulkRevokeBias", Time since last: 28670 ns, Reaching safepoint: 88290 ns, At safepoint: 30547 ns, Total: 118837 ns
[2020-12-10T05:23:17.990+0000][6][gc,start     ] GC(3) Pause Young (Normal) (G1 Evacuation Pause)
[2020-12-10T05:23:17.990+0000][6][gc,task      ] GC(3) Using 6 workers of 10 for evacuation
[2020-12-10T05:23:17.990+0000][6][gc,age       ] GC(3) Desired survivor size 10485760 bytes, new threshold 15 (max threshold 15)
[2020-12-10T05:23:17.993+0000][6][gc,age       ] GC(3) Age table with threshold 15 (max threshold 15)
[2020-12-10T05:23:17.993+0000][6][gc,age       ] GC(3) - age   1:    2145888 bytes,    2145888 total
[2020-12-10T05:23:17.993+0000][6][gc,age       ] GC(3) - age   2:    1928256 bytes,    4074144 total
[2020-12-10T05:23:17.993+0000][6][gc,age       ] GC(3) - age   3:    1996112 bytes,    6070256 total
[2020-12-10T05:23:17.994+0000][6][gc,phases    ] GC(3)   Pre Evacuate Collection Set: 0.1ms
[2020-12-10T05:23:17.994+0000][6][gc,phases    ] GC(3)   Merge Heap Roots: 0.0ms
[2020-12-10T05:23:17.994+0000][6][gc,phases    ] GC(3)   Evacuate Collection Set: 2.4ms
[2020-12-10T05:23:17.994+0000][6][gc,phases    ] GC(3)   Post Evacuate Collection Set: 0.4ms
[2020-12-10T05:23:17.994+0000][6][gc,phases    ] GC(3)   Other: 0.2ms
[2020-12-10T05:23:17.994+0000][6][gc,heap      ] GC(3) Eden regions: 148->0(146)
[2020-12-10T05:23:17.994+0000][6][gc,heap      ] GC(3) Survivor regions: 5->7(20)
[2020-12-10T05:23:17.994+0000][6][gc,heap      ] GC(3) Old regions: 3->3
[2020-12-10T05:23:17.994+0000][6][gc,heap      ] GC(3) Archive regions: 2->2
[2020-12-10T05:23:17.994+0000][6][gc,heap      ] GC(3) Humongous regions: 1->1
[2020-12-10T05:23:17.994+0000][6][gc,metaspace ] GC(3) Metaspace: 16630K(17536K)->16630K(17536K) NonClass: 14585K(15104K)->14585K(15104K) Class: 2044K(2432K)->2044K(2432K)
[2020-12-10T05:23:17.994+0000][6][gc           ] GC(3) Pause Young (Normal) (G1 Evacuation Pause) 157M->10M(258M) 3.178ms
[2020-12-10T05:23:17.994+0000][6][gc,cpu       ] GC(3) User=0.02s Sys=0.00s Real=0.00s
[2020-12-10T05:23:17.994+0000][6][safepoint    ] Safepoint "G1CollectForAllocation", Time since last: 349436732 ns, Reaching safepoint: 123329 ns, At safepoint: 3235841 ns, Total: 3359170 ns
[2020-12-10T05:23:18.322+0000][6][gc,start     ] GC(4) Pause Young (Normal) (G1 Evacuation Pause)
[2020-12-10T05:23:18.322+0000][6][gc,task      ] GC(4) Using 6 workers of 10 for evacuation
[2020-12-10T05:23:18.322+0000][6][gc,age       ] GC(4) Desired survivor size 10485760 bytes, new threshold 15 (max threshold 15)
[2020-12-10T05:23:18.327+0000][6][gc,age       ] GC(4) Age table with threshold 15 (max threshold 15)
[2020-12-10T05:23:18.327+0000][6][gc,age       ] GC(4) - age   1:    2775728 bytes,    2775728 total
[2020-12-10T05:23:18.327+0000][6][gc,age       ] GC(4) - age   2:    2108392 bytes,    4884120 total
[2020-12-10T05:23:18.327+0000][6][gc,age       ] GC(4) - age   3:    1926648 bytes,    6810768 total
[2020-12-10T05:23:18.327+0000][6][gc,age       ] GC(4) - age   4:    1995920 bytes,    8806688 total
[2020-12-10T05:23:18.327+0000][6][gc,phases    ] GC(4)   Pre Evacuate Collection Set: 0.1ms
[2020-12-10T05:23:18.327+0000][6][gc,phases    ] GC(4)   Merge Heap Roots: 0.0ms
[2020-12-10T05:23:18.327+0000][6][gc,phases    ] GC(4)   Evacuate Collection Set: 4.2ms
[2020-12-10T05:23:18.327+0000][6][gc,phases    ] GC(4)   Post Evacuate Collection Set: 0.4ms
[2020-12-10T05:23:18.327+0000][6][gc,phases    ] GC(4)   Other: 0.2ms
[2020-12-10T05:23:18.327+0000][6][gc,heap      ] GC(4) Eden regions: 146->0(144)
[2020-12-10T05:23:18.327+0000][6][gc,heap      ] GC(4) Survivor regions: 7->9(20)
[2020-12-10T05:23:18.327+0000][6][gc,heap      ] GC(4) Old regions: 3->3
[2020-12-10T05:23:18.327+0000][6][gc,heap      ] GC(4) Archive regions: 2->2
[2020-12-10T05:23:18.327+0000][6][gc,heap      ] GC(4) Humongous regions: 1->1
[2020-12-10T05:23:18.327+0000][6][gc,metaspace ] GC(4) Metaspace: 17771K(18944K)->17771K(18944K) NonClass: 15624K(16384K)->15624K(16384K) Class: 2146K(2560K)->2146K(2560K)
[2020-12-10T05:23:18.327+0000][6][gc           ] GC(4) Pause Young (Normal) (G1 Evacuation Pause) 156M->13M(258M) 4.966ms
[2020-12-10T05:23:18.327+0000][6][gc,cpu       ] GC(4) User=0.03s Sys=0.00s Real=0.01s
[2020-12-10T05:23:18.327+0000][6][safepoint    ] Safepoint "G1CollectForAllocation", Time since last: 328577911 ns, Reaching safepoint: 102878 ns, At safepoint: 5028520 ns, Total: 5131398 ns
[2020-12-10T05:23:18.328+0000][6][safepoint    ] Safepoint "BulkRevokeBias", Time since last: 144289 ns, Reaching safepoint: 96461 ns, At safepoint: 52404 ns, Total: 148865 ns
[2020-12-10T05:23:18.329+0000][6][safepoint    ] Safepoint "BulkRevokeBias", Time since last: 837502 ns, Reaching safepoint: 93626 ns, At safepoint: 28762 ns, Total: 122388 ns
[2020-12-10T05:23:18.329+0000][6][safepoint    ] Safepoint "BulkRevokeBias", Time since last: 32015 ns, Reaching safepoint: 91603 ns, At safepoint: 29933 ns, Total: 121536 ns
[2020-12-10T05:23:18.494+0000][6][gc,start     ] GC(5) Pause Young (Concurrent Start) (Metadata GC Threshold)
[2020-12-10T05:23:18.495+0000][6][gc,task      ] GC(5) Using 6 workers of 10 for evacuation
[2020-12-10T05:23:18.495+0000][6][gc,age       ] GC(5) Desired survivor size 10485760 bytes, new threshold 15 (max threshold 15)
[2020-12-10T05:23:18.500+0000][6][gc,age       ] GC(5) Age table with threshold 15 (max threshold 15)
[2020-12-10T05:23:18.500+0000][6][gc,age       ] GC(5) - age   1:     425952 bytes,     425952 total
[2020-12-10T05:23:18.500+0000][6][gc,age       ] GC(5) - age   2:    1113336 bytes,    1539288 total
[2020-12-10T05:23:18.500+0000][6][gc,age       ] GC(5) - age   3:    2105392 bytes,    3644680 total
[2020-12-10T05:23:18.500+0000][6][gc,age       ] GC(5) - age   4:    1917680 bytes,    5562360 total
[2020-12-10T05:23:18.500+0000][6][gc,age       ] GC(5) - age   5:    1994904 bytes,    7557264 total
[2020-12-10T05:23:18.500+0000][6][gc,phases    ] GC(5)   Pre Evacuate Collection Set: 0.1ms
[2020-12-10T05:23:18.500+0000][6][gc,phases    ] GC(5)   Merge Heap Roots: 0.0ms
[2020-12-10T05:23:18.500+0000][6][gc,phases    ] GC(5)   Evacuate Collection Set: 4.9ms
[2020-12-10T05:23:18.500+0000][6][gc,phases    ] GC(5)   Post Evacuate Collection Set: 0.6ms
[2020-12-10T05:23:18.500+0000][6][gc,phases    ] GC(5)   Other: 0.3ms
[2020-12-10T05:23:18.500+0000][6][gc,heap      ] GC(5) Eden regions: 19->0(145)
[2020-12-10T05:23:18.500+0000][6][gc,heap      ] GC(5) Survivor regions: 9->8(20)
[2020-12-10T05:23:18.500+0000][6][gc,heap      ] GC(5) Old regions: 3->3
[2020-12-10T05:23:18.501+0000][6][gc,heap      ] GC(5) Archive regions: 2->2
[2020-12-10T05:23:18.501+0000][6][gc,heap      ] GC(5) Humongous regions: 1->1
[2020-12-10T05:23:18.501+0000][6][gc,metaspace ] GC(5) Metaspace: 20226K(21248K)->20226K(21248K) NonClass: 17793K(18432K)->17793K(18432K) Class: 2432K(2816K)->2432K(2816K)
[2020-12-10T05:23:18.501+0000][6][gc           ] GC(5) Pause Young (Concurrent Start) (Metadata GC Threshold) 31M->12M(258M) 6.041ms
[2020-12-10T05:23:18.501+0000][6][gc,cpu       ] GC(5) User=0.04s Sys=0.00s Real=0.00s
[2020-12-10T05:23:18.501+0000][6][gc           ] GC(6) Concurrent Cycle
[2020-12-10T05:23:18.501+0000][6][gc,marking   ] GC(6) Concurrent Clear Claimed Marks
[2020-12-10T05:23:18.501+0000][6][gc,marking   ] GC(6) Concurrent Clear Claimed Marks 0.072ms
[2020-12-10T05:23:18.501+0000][6][gc,marking   ] GC(6) Concurrent Scan Root Regions
[2020-12-10T05:23:18.501+0000][6][safepoint    ] Safepoint "CollectForMetadataAllocation", Time since last: 165619942 ns, Reaching safepoint: 87356 ns, At safepoint: 6324040 ns, Total: 6411396 ns
[2020-12-10T05:23:18.503+0000][6][gc,marking   ] GC(6) Concurrent Scan Root Regions 2.220ms
[2020-12-10T05:23:18.503+0000][6][gc,marking   ] GC(6) Concurrent Mark (2.490s)
[2020-12-10T05:23:18.503+0000][6][gc,marking   ] GC(6) Concurrent Mark From Roots
[2020-12-10T05:23:18.503+0000][6][gc,task      ] GC(6) Using 3 workers of 3 for marking
[2020-12-10T05:23:18.506+0000][6][gc,marking   ] GC(6) Concurrent Mark From Roots 3.240ms
[2020-12-10T05:23:18.506+0000][6][gc,marking   ] GC(6) Concurrent Preclean
[2020-12-10T05:23:18.507+0000][6][gc,marking   ] GC(6) Concurrent Preclean 0.430ms
[2020-12-10T05:23:18.507+0000][6][gc,marking   ] GC(6) Concurrent Mark (2.490s, 2.494s) 3.725ms
[2020-12-10T05:23:18.507+0000][6][gc,start     ] GC(6) Pause Remark
[2020-12-10T05:23:18.509+0000][6][gc           ] GC(6) Pause Remark 12M->12M(256M) 1.824ms
[2020-12-10T05:23:18.509+0000][6][gc,cpu       ] GC(6) User=0.01s Sys=0.00s Real=0.00s
[2020-12-10T05:23:18.509+0000][6][safepoint    ] Safepoint "G1Concurrent", Time since last: 5920532 ns, Reaching safepoint: 115991 ns, At safepoint: 1883084 ns, Total: 1999075 ns
[2020-12-10T05:23:18.509+0000][6][gc,marking   ] GC(6) Concurrent Rebuild Remembered Sets
[2020-12-10T05:23:18.510+0000][6][gc,marking   ] GC(6) Concurrent Rebuild Remembered Sets 1.382ms
[2020-12-10T05:23:18.511+0000][6][gc,start     ] GC(6) Pause Cleanup
[2020-12-10T05:23:18.511+0000][6][gc           ] GC(6) Pause Cleanup 12M->12M(256M) 0.081ms
[2020-12-10T05:23:18.511+0000][6][gc,cpu       ] GC(6) User=0.00s Sys=0.00s Real=0.00s
[2020-12-10T05:23:18.511+0000][6][safepoint    ] Safepoint "G1Concurrent", Time since last: 1467952 ns, Reaching safepoint: 440655 ns, At safepoint: 120397 ns, Total: 561052 ns
[2020-12-10T05:23:18.511+0000][6][gc,marking   ] GC(6) Concurrent Cleanup for Next Mark
[2020-12-10T05:23:18.511+0000][6][gc,marking   ] GC(6) Concurrent Cleanup for Next Mark 0.290ms
[2020-12-10T05:23:18.511+0000][6][gc           ] GC(6) Concurrent Cycle 10.502ms
[2020-12-10T05:23:19.066+0000][6][safepoint    ] Safepoint "ICBufferFull", Time since last: 554945392 ns, Reaching safepoint: 313657 ns, At safepoint: 12509 ns, Total: 326166 ns
[2020-12-10T05:23:19.956+0000][6][gc,start     ] GC(7) Pause Young (Normal) (G1 Evacuation Pause)
[2020-12-10T05:23:19.956+0000][6][gc,task      ] GC(7) Using 6 workers of 10 for evacuation
[2020-12-10T05:23:19.956+0000][6][gc,age       ] GC(7) Desired survivor size 10485760 bytes, new threshold 15 (max threshold 15)
[2020-12-10T05:23:19.978+0000][6][gc,age       ] GC(7) Age table with threshold 15 (max threshold 15)
[2020-12-10T05:23:19.978+0000][6][gc,age       ] GC(7) - age   1:   13425416 bytes,   13425416 total
[2020-12-10T05:23:19.978+0000][6][gc,age       ] GC(7) - age   2:     403704 bytes,   13829120 total
[2020-12-10T05:23:19.978+0000][6][gc,age       ] GC(7) - age   3:    1107752 bytes,   14936872 total
[2020-12-10T05:23:19.978+0000][6][gc,age       ] GC(7) - age   4:    2103312 bytes,   17040184 total
[2020-12-10T05:23:19.978+0000][6][gc,age       ] GC(7) - age   5:    1912760 bytes,   18952944 total
[2020-12-10T05:23:19.978+0000][6][gc,age       ] GC(7) - age   6:    1963688 bytes,   20916632 total
[2020-12-10T05:23:19.978+0000][6][gc,phases    ] GC(7)   Pre Evacuate Collection Set: 0.1ms
[2020-12-10T05:23:19.978+0000][6][gc,phases    ] GC(7)   Merge Heap Roots: 0.1ms
[2020-12-10T05:23:19.978+0000][6][gc,phases    ] GC(7)   Evacuate Collection Set: 20.2ms
[2020-12-10T05:23:19.978+0000][6][gc,phases    ] GC(7)   Post Evacuate Collection Set: 1.1ms
[2020-12-10T05:23:19.978+0000][6][gc,phases    ] GC(7)   Other: 0.4ms
[2020-12-10T05:23:19.978+0000][6][gc,heap      ] GC(7) Eden regions: 145->0(133)
[2020-12-10T05:23:19.978+0000][6][gc,heap      ] GC(7) Survivor regions: 8->20(20)
[2020-12-10T05:23:19.978+0000][6][gc,heap      ] GC(7) Old regions: 3->9
[2020-12-10T05:23:19.978+0000][6][gc,heap      ] GC(7) Archive regions: 2->2
[2020-12-10T05:23:19.978+0000][6][gc,heap      ] GC(7) Humongous regions: 1->1
[2020-12-10T05:23:19.978+0000][6][gc,metaspace ] GC(7) Metaspace: 24748K(26108K)->24748K(26108K) NonClass: 21671K(22528K)->21671K(22528K) Class: 3076K(3580K)->3076K(3580K)
[2020-12-10T05:23:19.978+0000][6][gc           ] GC(7) Pause Young (Normal) (G1 Evacuation Pause) 157M->29M(256M) 22.033ms
[2020-12-10T05:23:19.978+0000][6][gc,cpu       ] GC(7) User=0.16s Sys=0.00s Real=0.02s
[2020-12-10T05:23:19.978+0000][6][safepoint    ] Safepoint "G1CollectForAllocation", Time since last: 889901421 ns, Reaching safepoint: 102072 ns, At safepoint: 22174180 ns, Total: 22276252 ns
[2020-12-10T05:23:20.411+0000][6][safepoint    ] Safepoint "ICBufferFull", Time since last: 432556358 ns, Reaching safepoint: 157463 ns, At safepoint: 17654 ns, Total: 175117 ns
[2020-12-10T05:23:20.675+0000][6][gc,start     ] GC(8) Pause Young (Concurrent Start) (Metadata GC Threshold)
[2020-12-10T05:23:20.675+0000][6][gc,task      ] GC(8) Using 6 workers of 10 for evacuation
[2020-12-10T05:23:20.675+0000][6][gc,age       ] GC(8) Desired survivor size 10485760 bytes, new threshold 1 (max threshold 15)
[2020-12-10T05:23:20.697+0000][6][gc,age       ] GC(8) Age table with threshold 1 (max threshold 15)
[2020-12-10T05:23:20.697+0000][6][gc,age       ] GC(8) - age   1:   10210872 bytes,   10210872 total
[2020-12-10T05:23:20.697+0000][6][gc,phases    ] GC(8)   Pre Evacuate Collection Set: 0.3ms
[2020-12-10T05:23:20.697+0000][6][gc,phases    ] GC(8)   Merge Heap Roots: 0.2ms
[2020-12-10T05:23:20.697+0000][6][gc,phases    ] GC(8)   Evacuate Collection Set: 20.4ms
[2020-12-10T05:23:20.697+0000][6][gc,phases    ] GC(8)   Post Evacuate Collection Set: 0.9ms
[2020-12-10T05:23:20.697+0000][6][gc,phases    ] GC(8)   Other: 0.4ms
[2020-12-10T05:23:20.697+0000][6][gc,heap      ] GC(8) Eden regions: 103->0(122)
[2020-12-10T05:23:20.697+0000][6][gc,heap      ] GC(8) Survivor regions: 20->12(20)
[2020-12-10T05:23:20.697+0000][6][gc,heap      ] GC(8) Old regions: 9->29
[2020-12-10T05:23:20.697+0000][6][gc,heap      ] GC(8) Archive regions: 2->2
[2020-12-10T05:23:20.697+0000][6][gc,heap      ] GC(8) Humongous regions: 1->1
[2020-12-10T05:23:20.697+0000][6][gc,metaspace ] GC(8) Metaspace: 33816K(36048K)->33816K(36048K) NonClass: 29371K(30676K)->29371K(30676K) Class: 4445K(5372K)->4445K(5372K)
[2020-12-10T05:23:20.697+0000][6][gc           ] GC(8) Pause Young (Concurrent Start) (Metadata GC Threshold) 132M->41M(256M) 22.183ms
[2020-12-10T05:23:20.697+0000][6][gc,cpu       ] GC(8) User=0.15s Sys=0.00s Real=0.02s
[2020-12-10T05:23:20.697+0000][6][gc           ] GC(9) Concurrent Cycle
[2020-12-10T05:23:20.697+0000][6][gc,marking   ] GC(9) Concurrent Clear Claimed Marks
[2020-12-10T05:23:20.697+0000][6][gc,marking   ] GC(9) Concurrent Clear Claimed Marks 0.134ms
[2020-12-10T05:23:20.697+0000][6][gc,marking   ] GC(9) Concurrent Scan Root Regions
[2020-12-10T05:23:20.697+0000][6][safepoint    ] Safepoint "CollectForMetadataAllocation", Time since last: 263831629 ns, Reaching safepoint: 191950 ns, At safepoint: 22489029 ns, Total: 22680979 ns
[2020-12-10T05:23:20.707+0000][6][gc,marking   ] GC(9) Concurrent Scan Root Regions 9.962ms
[2020-12-10T05:23:20.707+0000][6][gc,marking   ] GC(9) Concurrent Mark (4.695s)
[2020-12-10T05:23:20.707+0000][6][gc,marking   ] GC(9) Concurrent Mark From Roots
[2020-12-10T05:23:20.707+0000][6][gc,task      ] GC(9) Using 3 workers of 3 for marking
[2020-12-10T05:23:20.717+0000][6][gc,marking   ] GC(9) Concurrent Mark From Roots 9.737ms
[2020-12-10T05:23:20.717+0000][6][gc,marking   ] GC(9) Concurrent Preclean
[2020-12-10T05:23:20.717+0000][6][gc,marking   ] GC(9) Concurrent Preclean 0.328ms
[2020-12-10T05:23:20.717+0000][6][gc,marking   ] GC(9) Concurrent Mark (4.695s, 4.705s) 10.104ms
[2020-12-10T05:23:20.718+0000][6][gc,start     ] GC(9) Pause Remark
[2020-12-10T05:23:20.720+0000][6][gc           ] GC(9) Pause Remark 42M->42M(256M) 1.850ms
[2020-12-10T05:23:20.720+0000][6][gc,cpu       ] GC(9) User=0.01s Sys=0.01s Real=0.00s
[2020-12-10T05:23:20.720+0000][6][safepoint    ] Safepoint "G1Concurrent", Time since last: 20119343 ns, Reaching safepoint: 409663 ns, At safepoint: 1896548 ns, Total: 2306211 ns
[2020-12-10T05:23:20.720+0000][6][gc,marking   ] GC(9) Concurrent Rebuild Remembered Sets
[2020-12-10T05:23:20.736+0000][6][gc,marking   ] GC(9) Concurrent Rebuild Remembered Sets 16.393ms
[2020-12-10T05:23:20.737+0000][6][gc,start     ] GC(9) Pause Cleanup
[2020-12-10T05:23:20.737+0000][6][gc           ] GC(9) Pause Cleanup 43M->43M(256M) 0.125ms
[2020-12-10T05:23:20.737+0000][6][gc,cpu       ] GC(9) User=0.00s Sys=0.00s Real=0.00s
[2020-12-10T05:23:20.737+0000][6][safepoint    ] Safepoint "G1Concurrent", Time since last: 16489745 ns, Reaching safepoint: 371513 ns, At safepoint: 162990 ns, Total: 534503 ns
[2020-12-10T05:23:20.737+0000][6][gc,marking   ] GC(9) Concurrent Cleanup for Next Mark
[2020-12-10T05:23:20.737+0000][6][gc,marking   ] GC(9) Concurrent Cleanup for Next Mark 0.242ms
[2020-12-10T05:23:20.737+0000][6][gc           ] GC(9) Concurrent Cycle 39.921ms
[2020-12-10T05:23:21.373+0000][6][safepoint    ] Safepoint "ICBufferFull", Time since last: 635681564 ns, Reaching safepoint: 912441 ns, At safepoint: 10468 ns, Total: 922909 ns
[2020-12-10T05:23:21.720+0000][6][safepoint    ] Safepoint "ICBufferFull", Time since last: 346278612 ns, Reaching safepoint: 447389 ns, At safepoint: 6192 ns, Total: 453581 ns
[2020-12-10T05:23:21.737+0000][6][safepoint    ] Safepoint "BulkRevokeBias", Time since last: 16176453 ns, Reaching safepoint: 70053 ns, At safepoint: 46219 ns, Total: 116272 ns
[2020-12-10T05:23:21.740+0000][6][safepoint    ] Safepoint "BulkRevokeBias", Time since last: 2999040 ns, Reaching safepoint: 90559 ns, At safepoint: 58757 ns, Total: 149316 ns
[2020-12-10T05:23:22.606+0000][6][safepoint    ] Safepoint "BulkRevokeBias", Time since last: 866516550 ns, Reaching safepoint: 181572 ns, At safepoint: 130894 ns, Total: 312466 ns
[2020-12-10T05:23:22.746+0000][6][gc,start     ] GC(10) Pause Young (Normal) (G1 Evacuation Pause)
[2020-12-10T05:23:22.746+0000][6][gc,task      ] GC(10) Using 6 workers of 10 for evacuation
[2020-12-10T05:23:22.746+0000][6][gc,age       ] GC(10) Desired survivor size 8912896 bytes, new threshold 1 (max threshold 15)
[2020-12-10T05:23:22.766+0000][6][gc,age       ] GC(10) Age table with threshold 1 (max threshold 15)
[2020-12-10T05:23:22.766+0000][6][gc,age       ] GC(10) - age   1:    7153192 bytes,    7153192 total
[2020-12-10T05:23:22.766+0000][6][gc,phases    ] GC(10)   Pre Evacuate Collection Set: 0.2ms
[2020-12-10T05:23:22.766+0000][6][gc,phases    ] GC(10)   Merge Heap Roots: 0.1ms
[2020-12-10T05:23:22.766+0000][6][gc,phases    ] GC(10)   Evacuate Collection Set: 17.2ms
[2020-12-10T05:23:22.766+0000][6][gc,phases    ] GC(10)   Post Evacuate Collection Set: 1.5ms
[2020-12-10T05:23:22.766+0000][6][gc,phases    ] GC(10)   Other: 0.3ms
[2020-12-10T05:23:22.766+0000][6][gc,heap      ] GC(10) Eden regions: 122->0(116)
[2020-12-10T05:23:22.766+0000][6][gc,heap      ] GC(10) Survivor regions: 12->8(17)
[2020-12-10T05:23:22.766+0000][6][gc,heap      ] GC(10) Old regions: 29->40
[2020-12-10T05:23:22.766+0000][6][gc,heap      ] GC(10) Archive regions: 2->2
[2020-12-10T05:23:22.766+0000][6][gc,heap      ] GC(10) Humongous regions: 1->1
[2020-12-10T05:23:22.766+0000][6][gc,metaspace ] GC(10) Metaspace: 56610K(60368K)->56610K(60368K) NonClass: 49086K(51156K)->49086K(51156K) Class: 7524K(9212K)->7524K(9212K)
[2020-12-10T05:23:22.766+0000][6][gc           ] GC(10) Pause Young (Normal) (G1 Evacuation Pause) 163M->49M(256M) 19.517ms
[2020-12-10T05:23:22.766+0000][6][gc,cpu       ] GC(10) User=0.13s Sys=0.00s Real=0.02s
[2020-12-10T05:23:22.766+0000][6][safepoint    ] Safepoint "G1CollectForAllocation", Time since last: 139645672 ns, Reaching safepoint: 186424 ns, At safepoint: 19660721 ns, Total: 19847145 ns
[2020-12-10T05:23:22.973+0000][6][gc,start     ] GC(11) Pause Young (Concurrent Start) (Metadata GC Threshold)
[2020-12-10T05:23:22.973+0000][6][gc,task      ] GC(11) Using 6 workers of 10 for evacuation
[2020-12-10T05:23:22.973+0000][6][gc,age       ] GC(11) Desired survivor size 8388608 bytes, new threshold 15 (max threshold 15)
[2020-12-10T05:23:22.984+0000][6][gc,age       ] GC(11) Age table with threshold 15 (max threshold 15)
[2020-12-10T05:23:22.984+0000][6][gc,age       ] GC(11) - age   1:     166960 bytes,     166960 total
[2020-12-10T05:23:22.984+0000][6][gc,age       ] GC(11) - age   2:    6993984 bytes,    7160944 total
[2020-12-10T05:23:22.984+0000][6][gc,phases    ] GC(11)   Pre Evacuate Collection Set: 0.5ms
[2020-12-10T05:23:22.984+0000][6][gc,phases    ] GC(11)   Merge Heap Roots: 0.1ms
[2020-12-10T05:23:22.984+0000][6][gc,phases    ] GC(11)   Evacuate Collection Set: 9.5ms
[2020-12-10T05:23:22.985+0000][6][gc,phases    ] GC(11)   Post Evacuate Collection Set: 1.1ms
[2020-12-10T05:23:22.985+0000][6][gc,phases    ] GC(11)   Other: 0.4ms
[2020-12-10T05:23:22.985+0000][6][gc,heap      ] GC(11) Eden regions: 6->0(114)
[2020-12-10T05:23:22.985+0000][6][gc,heap      ] GC(11) Survivor regions: 8->8(16)
[2020-12-10T05:23:22.985+0000][6][gc,heap      ] GC(11) Old regions: 40->40
[2020-12-10T05:23:22.985+0000][6][gc,heap      ] GC(11) Archive regions: 2->2
[2020-12-10T05:23:22.985+0000][6][gc,heap      ] GC(11) Humongous regions: 1->1
[2020-12-10T05:23:22.985+0000][6][gc,metaspace ] GC(11) Metaspace: 56776K(60508K)->56776K(60508K) NonClass: 49229K(51296K)->49229K(51296K) Class: 7547K(9212K)->7547K(9212K)
[2020-12-10T05:23:22.985+0000][6][gc           ] GC(11) Pause Young (Concurrent Start) (Metadata GC Threshold) 54M->49M(256M) 11.758ms
[2020-12-10T05:23:22.985+0000][6][gc,cpu       ] GC(11) User=0.06s Sys=0.01s Real=0.02s
[2020-12-10T05:23:22.985+0000][6][gc           ] GC(12) Concurrent Cycle
[2020-12-10T05:23:22.985+0000][6][gc,marking   ] GC(12) Concurrent Clear Claimed Marks
[2020-12-10T05:23:22.985+0000][6][safepoint    ] Safepoint "CollectForMetadataAllocation", Time since last: 206679175 ns, Reaching safepoint: 166456 ns, At safepoint: 12120829 ns, Total: 12287285 ns
[2020-12-10T05:23:22.985+0000][6][gc,marking   ] GC(12) Concurrent Clear Claimed Marks 0.445ms
[2020-12-10T05:23:22.985+0000][6][gc,marking   ] GC(12) Concurrent Scan Root Regions
[2020-12-10T05:23:22.989+0000][6][gc,marking   ] GC(12) Concurrent Scan Root Regions 3.893ms
[2020-12-10T05:23:22.989+0000][6][gc,marking   ] GC(12) Concurrent Mark (6.976s)
[2020-12-10T05:23:22.989+0000][6][gc,marking   ] GC(12) Concurrent Mark From Roots
[2020-12-10T05:23:22.989+0000][6][gc,task      ] GC(12) Using 3 workers of 3 for marking
[2020-12-10T05:23:23.020+0000][6][safepoint    ] Safepoint "CollectForMetadataAllocation", Time since last: 34979563 ns, Reaching safepoint: 152805 ns, At safepoint: 257869 ns, Total: 410674 ns
[2020-12-10T05:23:23.036+0000][6][gc,marking   ] GC(12) Concurrent Mark From Roots 47.244ms
[2020-12-10T05:23:23.037+0000][6][gc,marking   ] GC(12) Concurrent Preclean
[2020-12-10T05:23:23.037+0000][6][gc,marking   ] GC(12) Concurrent Preclean 0.957ms
[2020-12-10T05:23:23.038+0000][6][gc,marking   ] GC(12) Concurrent Mark (6.976s, 7.025s) 48.305ms
[2020-12-10T05:23:23.038+0000][6][gc,start     ] GC(12) Pause Remark
[2020-12-10T05:23:23.041+0000][6][gc           ] GC(12) Pause Remark 53M->53M(256M) 2.871ms
[2020-12-10T05:23:23.041+0000][6][gc,cpu       ] GC(12) User=0.01s Sys=0.00s Real=0.00s
[2020-12-10T05:23:23.041+0000][6][safepoint    ] Safepoint "G1Concurrent", Time since last: 17260263 ns, Reaching safepoint: 510068 ns, At safepoint: 2970829 ns, Total: 3480897 ns
[2020-12-10T05:23:23.041+0000][6][gc,marking   ] GC(12) Concurrent Rebuild Remembered Sets
[2020-12-10T05:23:23.043+0000][6][safepoint    ] Safepoint "BulkRevokeBias", Time since last: 264672 ns, Reaching safepoint: 1398160 ns, At safepoint: 173174 ns, Total: 1571334 ns
[2020-12-10T05:23:23.073+0000][6][gc,marking   ] GC(12) Concurrent Rebuild Remembered Sets 32.317ms
[2020-12-10T05:23:23.074+0000][6][gc,start     ] GC(12) Pause Cleanup
[2020-12-10T05:23:23.074+0000][6][gc           ] GC(12) Pause Cleanup 60M->60M(256M) 0.156ms
[2020-12-10T05:23:23.074+0000][6][gc,cpu       ] GC(12) User=0.00s Sys=0.00s Real=0.00s
[2020-12-10T05:23:23.074+0000][6][safepoint    ] Safepoint "G1Concurrent", Time since last: 30629554 ns, Reaching safepoint: 96267 ns, At safepoint: 208934 ns, Total: 305201 ns
[2020-12-10T05:23:23.074+0000][6][gc,marking   ] GC(12) Concurrent Cleanup for Next Mark
[2020-12-10T05:23:23.074+0000][6][gc,marking   ] GC(12) Concurrent Cleanup for Next Mark 0.288ms
[2020-12-10T05:23:23.074+0000][6][gc           ] GC(12) Concurrent Cycle 89.454ms
[2020-12-10T05:23:23.777+0000][6][safepoint    ] Safepoint "BulkRevokeBias", Time since last: 702942306 ns, Reaching safepoint: 187205 ns, At safepoint: 247942 ns, Total: 435147 ns
[2020-12-10T05:23:24.034+0000][6][safepoint    ] Safepoint "BulkRevokeBias", Time since last: 256308227 ns, Reaching safepoint: 153260 ns, At safepoint: 215506 ns, Total: 368766 ns
[2020-12-10T05:23:24.082+0000][6][safepoint    ] Safepoint "BulkRevokeBias", Time since last: 47150247 ns, Reaching safepoint: 196904 ns, At safepoint: 253798 ns, Total: 450702 ns
[2020-12-10T05:23:24.297+0000][6][gc,start     ] GC(13) Pause Young (Concurrent Start) (G1 Humongous Allocation)
[2020-12-10T05:23:24.297+0000][6][gc,task      ] GC(13) Using 6 workers of 10 for evacuation
[2020-12-10T05:23:24.297+0000][6][gc,age       ] GC(13) Desired survivor size 8388608 bytes, new threshold 15 (max threshold 15)
[2020-12-10T05:23:24.330+0000][6][gc,age       ] GC(13) Age table with threshold 15 (max threshold 15)
[2020-12-10T05:23:24.330+0000][6][gc,age       ] GC(13) - age   1:   10034704 bytes,   10034704 total
[2020-12-10T05:23:24.330+0000][6][gc,age       ] GC(13) - age   2:      48520 bytes,   10083224 total
[2020-12-10T05:23:24.330+0000][6][gc,age       ] GC(13) - age   3:    6683464 bytes,   16766688 total
[2020-12-10T05:23:24.330+0000][6][gc,phases    ] GC(13)   Pre Evacuate Collection Set: 0.5ms
[2020-12-10T05:23:24.330+0000][6][gc,phases    ] GC(13)   Merge Heap Roots: 0.1ms
[2020-12-10T05:23:24.330+0000][6][gc,phases    ] GC(13)   Evacuate Collection Set: 31.3ms
[2020-12-10T05:23:24.330+0000][6][gc,phases    ] GC(13)   Post Evacuate Collection Set: 0.9ms
[2020-12-10T05:23:24.330+0000][6][gc,phases    ] GC(13)   Other: 0.4ms
[2020-12-10T05:23:24.330+0000][6][gc,heap      ] GC(13) Eden regions: 106->0(38)
[2020-12-10T05:23:24.330+0000][6][gc,heap      ] GC(13) Survivor regions: 8->16(16)
[2020-12-10T05:23:24.330+0000][6][gc,heap      ] GC(13) Old regions: 40->73
[2020-12-10T05:23:24.330+0000][6][gc,heap      ] GC(13) Archive regions: 2->2
[2020-12-10T05:23:24.330+0000][6][gc,heap      ] GC(13) Humongous regions: 31->31
[2020-12-10T05:23:24.330+0000][6][gc,metaspace ] GC(13) Metaspace: 61849K(65960K)->61849K(65960K) NonClass: 53608K(55904K)->53608K(55904K) Class: 8240K(10056K)->8240K(10056K)
[2020-12-10T05:23:24.331+0000][6][gc           ] GC(13) Pause Young (Concurrent Start) (G1 Humongous Allocation) 184M->119M(256M) 33.360ms
[2020-12-10T05:23:24.331+0000][6][gc,cpu       ] GC(13) User=0.18s Sys=0.00s Real=0.03s
[2020-12-10T05:23:24.331+0000][6][safepoint    ] Safepoint "G1TryInitiateConcMark", Time since last: 215439356 ns, Reaching safepoint: 152345 ns, At safepoint: 33489995 ns, Total: 33642340 ns
[2020-12-10T05:23:24.331+0000][6][gc           ] GC(14) Concurrent Cycle
[2020-12-10T05:23:24.331+0000][6][gc,marking   ] GC(14) Concurrent Clear Claimed Marks
[2020-12-10T05:23:24.331+0000][6][gc,marking   ] GC(14) Concurrent Clear Claimed Marks 0.380ms
[2020-12-10T05:23:24.331+0000][6][gc,marking   ] GC(14) Concurrent Scan Root Regions
[2020-12-10T05:23:24.341+0000][6][gc,marking   ] GC(14) Concurrent Scan Root Regions 9.737ms
[2020-12-10T05:23:24.341+0000][6][gc,marking   ] GC(14) Concurrent Mark (8.328s)
[2020-12-10T05:23:24.341+0000][6][gc,marking   ] GC(14) Concurrent Mark From Roots
[2020-12-10T05:23:24.341+0000][6][gc,task      ] GC(14) Using 3 workers of 3 for marking
[2020-12-10T05:23:24.374+0000][6][gc,marking   ] GC(14) Concurrent Mark From Roots 33.005ms
[2020-12-10T05:23:24.374+0000][6][gc,marking   ] GC(14) Concurrent Preclean
[2020-12-10T05:23:24.374+0000][6][gc,marking   ] GC(14) Concurrent Preclean 0.413ms
[2020-12-10T05:23:24.374+0000][6][gc,marking   ] GC(14) Concurrent Mark (8.328s, 8.361s) 33.480ms
[2020-12-10T05:23:24.375+0000][6][gc,start     ] GC(14) Pause Remark
[2020-12-10T05:23:24.377+0000][6][gc           ] GC(14) Pause Remark 137M->130M(256M) 2.362ms
[2020-12-10T05:23:24.377+0000][6][gc,cpu       ] GC(14) User=0.01s Sys=0.01s Real=0.00s
[2020-12-10T05:23:24.377+0000][6][safepoint    ] Safepoint "G1Concurrent", Time since last: 43775046 ns, Reaching safepoint: 137206 ns, At safepoint: 2433581 ns, Total: 2570787 ns
[2020-12-10T05:23:24.377+0000][6][gc,marking   ] GC(14) Concurrent Rebuild Remembered Sets
[2020-12-10T05:23:24.412+0000][6][gc,marking   ] GC(14) Concurrent Rebuild Remembered Sets 34.704ms
[2020-12-10T05:23:24.412+0000][6][gc,start     ] GC(14) Pause Cleanup
[2020-12-10T05:23:24.412+0000][6][gc           ] GC(14) Pause Cleanup 148M->148M(256M) 0.177ms
[2020-12-10T05:23:24.412+0000][6][gc,cpu       ] GC(14) User=0.00s Sys=0.00s Real=0.00s
[2020-12-10T05:23:24.413+0000][6][safepoint    ] Safepoint "G1Concurrent", Time since last: 34829113 ns, Reaching safepoint: 520227 ns, At safepoint: 228360 ns, Total: 748587 ns
[2020-12-10T05:23:24.413+0000][6][gc,marking   ] GC(14) Concurrent Cleanup for Next Mark
[2020-12-10T05:23:24.413+0000][6][gc,marking   ] GC(14) Concurrent Cleanup for Next Mark 0.236ms
[2020-12-10T05:23:24.413+0000][6][gc           ] GC(14) Concurrent Cycle 82.207ms
[2020-12-10T05:23:24.417+0000][6][gc,start     ] GC(15) Pause Young (Concurrent Start) (G1 Humongous Allocation)
[2020-12-10T05:23:24.417+0000][6][gc,task      ] GC(15) Using 6 workers of 10 for evacuation
[2020-12-10T05:23:24.418+0000][6][gc,age       ] GC(15) Desired survivor size 3670016 bytes, new threshold 1 (max threshold 15)
[2020-12-10T05:23:24.432+0000][6][gc,age       ] GC(15) Age table with threshold 1 (max threshold 15)
[2020-12-10T05:23:24.432+0000][6][gc,age       ] GC(15) - age   1:    6266920 bytes,    6266920 total
[2020-12-10T05:23:24.432+0000][6][gc,phases    ] GC(15)   Pre Evacuate Collection Set: 0.4ms
[2020-12-10T05:23:24.432+0000][6][gc,phases    ] GC(15)   Merge Heap Roots: 0.1ms
[2020-12-10T05:23:24.432+0000][6][gc,phases    ] GC(15)   Evacuate Collection Set: 13.1ms
[2020-12-10T05:23:24.432+0000][6][gc,phases    ] GC(15)   Post Evacuate Collection Set: 0.4ms
[2020-12-10T05:23:24.432+0000][6][gc,phases    ] GC(15)   Other: 0.3ms
[2020-12-10T05:23:24.432+0000][6][gc,heap      ] GC(15) Eden regions: 10->0(25)
[2020-12-10T05:23:24.432+0000][6][gc,heap      ] GC(15) Survivor regions: 16->7(7)
[2020-12-10T05:23:24.432+0000][6][gc,heap      ] GC(15) Old regions: 73->90
[2020-12-10T05:23:24.432+0000][6][gc,heap      ] GC(15) Archive regions: 2->2
[2020-12-10T05:23:24.432+0000][6][gc,heap      ] GC(15) Humongous regions: 50->39
[2020-12-10T05:23:24.432+0000][6][gc,metaspace ] GC(15) Metaspace: 61862K(65960K)->61862K(65960K) NonClass: 53621K(55904K)->53621K(55904K) Class: 8241K(10056K)->8241K(10056K)
[2020-12-10T05:23:24.432+0000][6][gc           ] GC(15) Pause Young (Concurrent Start) (G1 Humongous Allocation) 148M->135M(256M) 14.339ms
[2020-12-10T05:23:24.432+0000][6][gc,cpu       ] GC(15) User=0.08s Sys=0.00s Real=0.01s
[2020-12-10T05:23:24.432+0000][6][safepoint    ] Safepoint "G1TryInitiateConcMark", Time since last: 4851855 ns, Reaching safepoint: 65277 ns, At safepoint: 14426225 ns, Total: 14491502 ns
[2020-12-10T05:23:24.432+0000][6][gc           ] GC(16) Concurrent Cycle
[2020-12-10T05:23:24.432+0000][6][gc,marking   ] GC(16) Concurrent Clear Claimed Marks
[2020-12-10T05:23:24.432+0000][6][gc,marking   ] GC(16) Concurrent Clear Claimed Marks 0.389ms
[2020-12-10T05:23:24.432+0000][6][gc,marking   ] GC(16) Concurrent Scan Root Regions
[2020-12-10T05:23:24.437+0000][6][gc,marking   ] GC(16) Concurrent Scan Root Regions 4.894ms
[2020-12-10T05:23:24.437+0000][6][gc,marking   ] GC(16) Concurrent Mark (8.424s)
[2020-12-10T05:23:24.437+0000][6][gc,marking   ] GC(16) Concurrent Mark From Roots
[2020-12-10T05:23:24.437+0000][6][gc,task      ] GC(16) Using 3 workers of 3 for marking
[2020-12-10T05:23:24.478+0000][6][gc,start     ] GC(17) Pause Young (Normal) (G1 Evacuation Pause)
[2020-12-10T05:23:24.478+0000][6][gc,task      ] GC(17) Using 6 workers of 10 for evacuation
[2020-12-10T05:23:24.478+0000][6][gc,age       ] GC(17) Desired survivor size 2097152 bytes, new threshold 1 (max threshold 15)
[2020-12-10T05:23:24.484+0000][6][gc,age       ] GC(17) Age table with threshold 1 (max threshold 15)
[2020-12-10T05:23:24.484+0000][6][gc,age       ] GC(17) - age   1:    1594320 bytes,    1594320 total
[2020-12-10T05:23:24.484+0000][6][gc,phases    ] GC(17)   Pre Evacuate Collection Set: 0.1ms
[2020-12-10T05:23:24.484+0000][6][gc,phases    ] GC(17)   Merge Heap Roots: 0.1ms
[2020-12-10T05:23:24.484+0000][6][gc,phases    ] GC(17)   Evacuate Collection Set: 5.3ms
[2020-12-10T05:23:24.484+0000][6][gc,phases    ] GC(17)   Post Evacuate Collection Set: 0.3ms
[2020-12-10T05:23:24.484+0000][6][gc,phases    ] GC(17)   Other: 0.2ms
[2020-12-10T05:23:24.484+0000][6][gc,heap      ] GC(17) Eden regions: 25->0(22)
[2020-12-10T05:23:24.484+0000][6][gc,heap      ] GC(17) Survivor regions: 7->2(4)
[2020-12-10T05:23:24.484+0000][6][gc,heap      ] GC(17) Old regions: 90->97
[2020-12-10T05:23:24.484+0000][6][gc,heap      ] GC(17) Archive regions: 2->2
[2020-12-10T05:23:24.484+0000][6][gc,heap      ] GC(17) Humongous regions: 53->48
[2020-12-10T05:23:24.484+0000][6][gc,metaspace ] GC(17) Metaspace: 61865K(65960K)->61865K(65960K) NonClass: 53624K(55904K)->53624K(55904K) Class: 8241K(10056K)->8241K(10056K)
[2020-12-10T05:23:24.484+0000][6][gc           ] GC(17) Pause Young (Normal) (G1 Evacuation Pause) 174M->147M(256M) 6.046ms
[2020-12-10T05:23:24.484+0000][6][gc,cpu       ] GC(17) User=0.05s Sys=0.00s Real=0.01s
[2020-12-10T05:23:24.484+0000][6][safepoint    ] Safepoint "G1CollectForAllocation", Time since last: 46060957 ns, Reaching safepoint: 178761 ns, At safepoint: 6154835 ns, Total: 6333596 ns
[2020-12-10T05:23:24.492+0000][6][gc,marking   ] GC(16) Concurrent Mark From Roots 54.465ms
[2020-12-10T05:23:24.492+0000][6][gc,marking   ] GC(16) Concurrent Preclean
[2020-12-10T05:23:24.492+0000][6][gc,marking   ] GC(16) Concurrent Preclean 0.693ms
[2020-12-10T05:23:24.492+0000][6][gc,marking   ] GC(16) Concurrent Mark (8.424s, 8.480s) 55.247ms
[2020-12-10T05:23:24.493+0000][6][gc,start     ] GC(16) Pause Remark
[2020-12-10T05:23:24.495+0000][6][gc           ] GC(16) Pause Remark 153M->149M(256M) 2.301ms
[2020-12-10T05:23:24.495+0000][6][gc,cpu       ] GC(16) User=0.02s Sys=0.01s Real=0.01s
[2020-12-10T05:23:24.495+0000][6][safepoint    ] Safepoint "G1Concurrent", Time since last: 8276001 ns, Reaching safepoint: 123493 ns, At safepoint: 2366787 ns, Total: 2490280 ns
[2020-12-10T05:23:24.495+0000][6][gc,marking   ] GC(16) Concurrent Rebuild Remembered Sets
[2020-12-10T05:23:24.515+0000][6][gc,start     ] GC(18) Pause Young (Normal) (G1 Evacuation Pause)
[2020-12-10T05:23:24.515+0000][6][gc,task      ] GC(18) Using 6 workers of 10 for evacuation
[2020-12-10T05:23:24.515+0000][6][gc,age       ] GC(18) Desired survivor size 1572864 bytes, new threshold 1 (max threshold 15)
[2020-12-10T05:23:24.517+0000][6][gc,age       ] GC(18) Age table with threshold 1 (max threshold 15)
[2020-12-10T05:23:24.517+0000][6][gc,age       ] GC(18) - age   1:    1544144 bytes,    1544144 total
[2020-12-10T05:23:24.517+0000][6][gc,phases    ] GC(18)   Pre Evacuate Collection Set: 0.1ms
[2020-12-10T05:23:24.517+0000][6][gc,phases    ] GC(18)   Merge Heap Roots: 0.0ms
[2020-12-10T05:23:24.517+0000][6][gc,phases    ] GC(18)   Evacuate Collection Set: 2.0ms
[2020-12-10T05:23:24.517+0000][6][gc,phases    ] GC(18)   Post Evacuate Collection Set: 0.2ms
[2020-12-10T05:23:24.517+0000][6][gc,phases    ] GC(18)   Other: 0.2ms
[2020-12-10T05:23:24.517+0000][6][gc,heap      ] GC(18) Eden regions: 22->0(25)
[2020-12-10T05:23:24.517+0000][6][gc,heap      ] GC(18) Survivor regions: 2->2(3)
[2020-12-10T05:23:24.517+0000][6][gc,heap      ] GC(18) Old regions: 97->99
[2020-12-10T05:23:24.517+0000][6][gc,heap      ] GC(18) Archive regions: 2->2
[2020-12-10T05:23:24.517+0000][6][gc,heap      ] GC(18) Humongous regions: 44->44
[2020-12-10T05:23:24.517+0000][6][gc,metaspace ] GC(18) Metaspace: 61865K(65960K)->61865K(65960K) NonClass: 53624K(55904K)->53624K(55904K) Class: 8241K(10056K)->8241K(10056K)
[2020-12-10T05:23:24.517+0000][6][gc           ] GC(18) Pause Young (Normal) (G1 Evacuation Pause) 165M->145M(256M) 2.522ms
[2020-12-10T05:23:24.517+0000][6][gc,cpu       ] GC(18) User=0.02s Sys=0.00s Real=0.00s
[2020-12-10T05:23:24.517+0000][6][safepoint    ] Safepoint "G1CollectForAllocation", Time since last: 19450494 ns, Reaching safepoint: 193851 ns, At safepoint: 2592033 ns, Total: 2785884 ns
[2020-12-10T05:23:24.541+0000][6][gc,start     ] GC(19) Pause Young (Normal) (G1 Evacuation Pause)
[2020-12-10T05:23:24.541+0000][6][gc,task      ] GC(19) Using 6 workers of 10 for evacuation
[2020-12-10T05:23:24.541+0000][6][gc,age       ] GC(19) Desired survivor size 2097152 bytes, new threshold 15 (max threshold 15)
[2020-12-10T05:23:24.544+0000][6][gc,age       ] GC(19) Age table with threshold 15 (max threshold 15)
[2020-12-10T05:23:24.544+0000][6][gc,age       ] GC(19) - age   1:    1918776 bytes,    1918776 total
[2020-12-10T05:23:24.544+0000][6][gc,age       ] GC(19) - age   2:    1259480 bytes,    3178256 total
[2020-12-10T05:23:24.544+0000][6][gc,phases    ] GC(19)   Pre Evacuate Collection Set: 0.1ms
[2020-12-10T05:23:24.544+0000][6][gc,phases    ] GC(19)   Merge Heap Roots: 0.0ms
[2020-12-10T05:23:24.544+0000][6][gc,phases    ] GC(19)   Evacuate Collection Set: 2.9ms
[2020-12-10T05:23:24.544+0000][6][gc,phases    ] GC(19)   Post Evacuate Collection Set: 0.3ms
[2020-12-10T05:23:24.544+0000][6][gc,phases    ] GC(19)   Other: 0.2ms
[2020-12-10T05:23:24.544+0000][6][gc,heap      ] GC(19) Eden regions: 25->0(25)
[2020-12-10T05:23:24.544+0000][6][gc,heap      ] GC(19) Survivor regions: 2->4(4)
[2020-12-10T05:23:24.544+0000][6][gc,heap      ] GC(19) Old regions: 99->99
[2020-12-10T05:23:24.544+0000][6][gc,heap      ] GC(19) Archive regions: 2->2
[2020-12-10T05:23:24.544+0000][6][gc,heap      ] GC(19) Humongous regions: 44->44
[2020-12-10T05:23:24.544+0000][6][gc,metaspace ] GC(19) Metaspace: 61870K(65960K)->61870K(65960K) NonClass: 53628K(55904K)->53628K(55904K) Class: 8241K(10056K)->8241K(10056K)
[2020-12-10T05:23:24.544+0000][6][gc           ] GC(19) Pause Young (Normal) (G1 Evacuation Pause) 170M->146M(256M) 3.451ms
[2020-12-10T05:23:24.544+0000][6][gc,cpu       ] GC(19) User=0.02s Sys=0.00s Real=0.01s
[2020-12-10T05:23:24.544+0000][6][safepoint    ] Safepoint "G1CollectForAllocation", Time since last: 23279819 ns, Reaching safepoint: 412728 ns, At safepoint: 3518807 ns, Total: 3931535 ns
[2020-12-10T05:23:24.554+0000][6][gc,marking   ] GC(16) Concurrent Rebuild Remembered Sets 59.080ms
[2020-12-10T05:23:24.554+0000][6][gc,start     ] GC(16) Pause Cleanup
[2020-12-10T05:23:24.554+0000][6][gc           ] GC(16) Pause Cleanup 159M->159M(256M) 0.133ms
[2020-12-10T05:23:24.554+0000][6][gc,cpu       ] GC(16) User=0.00s Sys=0.00s Real=0.00s
[2020-12-10T05:23:24.554+0000][6][safepoint    ] Safepoint "G1Concurrent", Time since last: 9726622 ns, Reaching safepoint: 124340 ns, At safepoint: 175265 ns, Total: 299605 ns
[2020-12-10T05:23:24.554+0000][6][gc,marking   ] GC(16) Concurrent Cleanup for Next Mark
[2020-12-10T05:23:24.555+0000][6][gc,marking   ] GC(16) Concurrent Cleanup for Next Mark 0.223ms
[2020-12-10T05:23:24.555+0000][6][gc           ] GC(16) Concurrent Cycle 122.878ms
[2020-12-10T05:23:24.557+0000][6][gc,start     ] GC(20) Pause Young (Concurrent Start) (G1 Humongous Allocation)
[2020-12-10T05:23:24.557+0000][6][gc,task      ] GC(20) Using 6 workers of 10 for evacuation
[2020-12-10T05:23:24.557+0000][6][gc,age       ] GC(20) Desired survivor size 2097152 bytes, new threshold 2 (max threshold 15)
[2020-12-10T05:23:24.562+0000][6][gc,age       ] GC(20) Age table with threshold 2 (max threshold 15)
[2020-12-10T05:23:24.562+0000][6][gc,age       ] GC(20) - age   1:    1042304 bytes,    1042304 total
[2020-12-10T05:23:24.562+0000][6][gc,age       ] GC(20) - age   2:    1918256 bytes,    2960560 total
[2020-12-10T05:23:24.562+0000][6][gc,phases    ] GC(20)   Pre Evacuate Collection Set: 0.3ms
[2020-12-10T05:23:24.562+0000][6][gc,phases    ] GC(20)   Merge Heap Roots: 0.1ms
[2020-12-10T05:23:24.562+0000][6][gc,phases    ] GC(20)   Evacuate Collection Set: 3.8ms
[2020-12-10T05:23:24.562+0000][6][gc,phases    ] GC(20)   Post Evacuate Collection Set: 0.2ms
[2020-12-10T05:23:24.562+0000][6][gc,phases    ] GC(20)   Other: 0.2ms
[2020-12-10T05:23:24.562+0000][6][gc,heap      ] GC(20) Eden regions: 18->0(27)
[2020-12-10T05:23:24.562+0000][6][gc,heap      ] GC(20) Survivor regions: 4->3(4)
[2020-12-10T05:23:24.562+0000][6][gc,heap      ] GC(20) Old regions: 99->101
[2020-12-10T05:23:24.562+0000][6][gc,heap      ] GC(20) Archive regions: 2->2
[2020-12-10T05:23:24.562+0000][6][gc,heap      ] GC(20) Humongous regions: 44->44
[2020-12-10T05:23:24.562+0000][6][gc,metaspace ] GC(20) Metaspace: 61870K(65960K)->61870K(65960K) NonClass: 53628K(55904K)->53628K(55904K) Class: 8241K(10056K)->8241K(10056K)
[2020-12-10T05:23:24.562+0000][6][gc           ] GC(20) Pause Young (Concurrent Start) (G1 Humongous Allocation) 164M->147M(256M) 4.718ms
[2020-12-10T05:23:24.562+0000][6][gc,cpu       ] GC(20) User=0.02s Sys=0.00s Real=0.00s
[2020-12-10T05:23:24.562+0000][6][safepoint    ] Safepoint "G1TryInitiateConcMark", Time since last: 2369556 ns, Reaching safepoint: 110823 ns, At safepoint: 4776382 ns, Total: 4887205 ns
[2020-12-10T05:23:24.562+0000][6][gc           ] GC(21) Concurrent Cycle
[2020-12-10T05:23:24.562+0000][6][gc,marking   ] GC(21) Concurrent Clear Claimed Marks
[2020-12-10T05:23:24.562+0000][6][gc,marking   ] GC(21) Concurrent Clear Claimed Marks 0.157ms
[2020-12-10T05:23:24.562+0000][6][gc,marking   ] GC(21) Concurrent Scan Root Regions
[2020-12-10T05:23:24.563+0000][6][gc,marking   ] GC(21) Concurrent Scan Root Regions 1.108ms
[2020-12-10T05:23:24.563+0000][6][gc,marking   ] GC(21) Concurrent Mark (8.550s)
[2020-12-10T05:23:24.563+0000][6][gc,marking   ] GC(21) Concurrent Mark From Roots
[2020-12-10T05:23:24.563+0000][6][gc,task      ] GC(21) Using 3 workers of 3 for marking
[2020-12-10T05:23:24.585+0000][6][gc,start     ] GC(22) Pause Young (Normal) (G1 Evacuation Pause)
[2020-12-10T05:23:24.585+0000][6][gc,task      ] GC(22) Using 6 workers of 10 for evacuation
[2020-12-10T05:23:24.585+0000][6][gc,age       ] GC(22) Desired survivor size 2097152 bytes, new threshold 2 (max threshold 15)
[2020-12-10T05:23:24.592+0000][6][gc,age       ] GC(22) Age table with threshold 2 (max threshold 15)
[2020-12-10T05:23:24.592+0000][6][gc,age       ] GC(22) - age   1:    1651424 bytes,    1651424 total
[2020-12-10T05:23:24.592+0000][6][gc,age       ] GC(22) - age   2:    1042304 bytes,    2693728 total
[2020-12-10T05:23:24.592+0000][6][gc,phases    ] GC(22)   Pre Evacuate Collection Set: 0.1ms
[2020-12-10T05:23:24.592+0000][6][gc,phases    ] GC(22)   Merge Heap Roots: 0.0ms
[2020-12-10T05:23:24.592+0000][6][gc,phases    ] GC(22)   Evacuate Collection Set: 5.8ms
[2020-12-10T05:23:24.592+0000][6][gc,phases    ] GC(22)   Post Evacuate Collection Set: 0.3ms
[2020-12-10T05:23:24.592+0000][6][gc,phases    ] GC(22)   Other: 0.2ms
[2020-12-10T05:23:24.592+0000][6][gc,heap      ] GC(22) Eden regions: 27->0(27)
[2020-12-10T05:23:24.592+0000][6][gc,heap      ] GC(22) Survivor regions: 3->3(4)
[2020-12-10T05:23:24.592+0000][6][gc,heap      ] GC(22) Old regions: 101->102
[2020-12-10T05:23:24.592+0000][6][gc,heap      ] GC(22) Archive regions: 2->2
[2020-12-10T05:23:24.592+0000][6][gc,heap      ] GC(22) Humongous regions: 45->45
[2020-12-10T05:23:24.592+0000][6][gc,metaspace ] GC(22) Metaspace: 61870K(65960K)->61870K(65960K) NonClass: 53628K(55904K)->53628K(55904K) Class: 8241K(10056K)->8241K(10056K)
[2020-12-10T05:23:24.592+0000][6][gc           ] GC(22) Pause Young (Normal) (G1 Evacuation Pause) 175M->149M(256M) 6.405ms
[2020-12-10T05:23:24.592+0000][6][gc,cpu       ] GC(22) User=0.03s Sys=0.00s Real=0.00s
[2020-12-10T05:23:24.592+0000][6][safepoint    ] Safepoint "G1CollectForAllocation", Time since last: 23400792 ns, Reaching safepoint: 93792 ns, At safepoint: 6472265 ns, Total: 6566057 ns
[2020-12-10T05:23:24.611+0000][6][gc,marking   ] GC(21) Concurrent Mark From Roots 47.570ms
[2020-12-10T05:23:24.611+0000][6][gc,marking   ] GC(21) Concurrent Preclean
[2020-12-10T05:23:24.611+0000][6][gc,marking   ] GC(21) Concurrent Preclean 0.741ms
[2020-12-10T05:23:24.611+0000][6][gc,marking   ] GC(21) Concurrent Mark (8.550s, 8.599s) 48.389ms
[2020-12-10T05:23:24.612+0000][6][gc,start     ] GC(21) Pause Remark
[2020-12-10T05:23:24.617+0000][6][gc           ] GC(21) Pause Remark 175M->138M(256M) 5.622ms
[2020-12-10T05:23:24.617+0000][6][gc,cpu       ] GC(21) User=0.03s Sys=0.00s Real=0.01s
[2020-12-10T05:23:24.617+0000][6][safepoint    ] Safepoint "G1Concurrent", Time since last: 19789621 ns, Reaching safepoint: 122004 ns, At safepoint: 5699563 ns, Total: 5821567 ns
[2020-12-10T05:23:24.617+0000][6][gc,marking   ] GC(21) Concurrent Rebuild Remembered Sets
[2020-12-10T05:23:24.620+0000][6][gc,start     ] GC(23) Pause Young (Normal) (G1 Evacuation Pause)
[2020-12-10T05:23:24.620+0000][6][gc,task      ] GC(23) Using 6 workers of 10 for evacuation
[2020-12-10T05:23:24.620+0000][6][gc,age       ] GC(23) Desired survivor size 2097152 bytes, new threshold 2 (max threshold 15)
[2020-12-10T05:23:24.626+0000][6][gc,age       ] GC(23) Age table with threshold 2 (max threshold 15)
[2020-12-10T05:23:24.626+0000][6][gc,age       ] GC(23) - age   1:    1658616 bytes,    1658616 total
[2020-12-10T05:23:24.626+0000][6][gc,age       ] GC(23) - age   2:    1650952 bytes,    3309568 total
[2020-12-10T05:23:24.626+0000][6][gc,phases    ] GC(23)   Pre Evacuate Collection Set: 0.1ms
[2020-12-10T05:23:24.626+0000][6][gc,phases    ] GC(23)   Merge Heap Roots: 0.1ms
[2020-12-10T05:23:24.626+0000][6][gc,phases    ] GC(23)   Evacuate Collection Set: 5.9ms
[2020-12-10T05:23:24.626+0000][6][gc,phases    ] GC(23)   Post Evacuate Collection Set: 0.3ms
[2020-12-10T05:23:24.626+0000][6][gc,phases    ] GC(23)   Other: 0.1ms
[2020-12-10T05:23:24.626+0000][6][gc,heap      ] GC(23) Eden regions: 27->0(46)
[2020-12-10T05:23:24.626+0000][6][gc,heap      ] GC(23) Survivor regions: 3->4(4)
[2020-12-10T05:23:24.626+0000][6][gc,heap      ] GC(23) Old regions: 70->71
[2020-12-10T05:23:24.626+0000][6][gc,heap      ] GC(23) Archive regions: 2->2
[2020-12-10T05:23:24.626+0000][6][gc,heap      ] GC(23) Humongous regions: 41->41
[2020-12-10T05:23:24.626+0000][6][gc,metaspace ] GC(23) Metaspace: 61868K(65960K)->61868K(65960K) NonClass: 53627K(55904K)->53627K(55904K) Class: 8240K(10056K)->8240K(10056K)
[2020-12-10T05:23:24.626+0000][6][gc           ] GC(23) Pause Young (Normal) (G1 Evacuation Pause) 140M->115M(256M) 6.480ms
[2020-12-10T05:23:24.626+0000][6][gc,cpu       ] GC(23) User=0.04s Sys=0.01s Real=0.01s
[2020-12-10T05:23:24.626+0000][6][safepoint    ] Safepoint "G1CollectForAllocation", Time since last: 1629695 ns, Reaching safepoint: 657196 ns, At safepoint: 6546376 ns, Total: 7203572 ns
[2020-12-10T05:23:24.653+0000][6][gc,marking   ] GC(21) Concurrent Rebuild Remembered Sets 35.930ms
[2020-12-10T05:23:24.653+0000][6][gc,start     ] GC(21) Pause Cleanup
[2020-12-10T05:23:24.654+0000][6][gc           ] GC(21) Pause Cleanup 153M->153M(256M) 0.124ms
[2020-12-10T05:23:24.654+0000][6][gc,cpu       ] GC(21) User=0.00s Sys=0.00s Real=0.00s
[2020-12-10T05:23:24.654+0000][6][safepoint    ] Safepoint "G1Concurrent", Time since last: 27208502 ns, Reaching safepoint: 124814 ns, At safepoint: 162690 ns, Total: 287504 ns
[2020-12-10T05:23:24.654+0000][6][gc,marking   ] GC(21) Concurrent Cleanup for Next Mark
[2020-12-10T05:23:24.654+0000][6][gc,marking   ] GC(21) Concurrent Cleanup for Next Mark 0.270ms
[2020-12-10T05:23:24.654+0000][6][gc           ] GC(21) Concurrent Cycle 92.253ms
[2020-12-10T05:23:24.657+0000][6][gc,start     ] GC(24) Pause Young (Prepare Mixed) (G1 Evacuation Pause)
[2020-12-10T05:23:24.658+0000][6][gc,task      ] GC(24) Using 6 workers of 10 for evacuation
[2020-12-10T05:23:24.658+0000][6][gc,age       ] GC(24) Desired survivor size 3670016 bytes, new threshold 15 (max threshold 15)
[2020-12-10T05:23:24.665+0000][6][gc,age       ] GC(24) Age table with threshold 15 (max threshold 15)
[2020-12-10T05:23:24.665+0000][6][gc,age       ] GC(24) - age   1:    2816360 bytes,    2816360 total
[2020-12-10T05:23:24.665+0000][6][gc,age       ] GC(24) - age   2:    1658344 bytes,    4474704 total
[2020-12-10T05:23:24.665+0000][6][gc,age       ] GC(24) - age   3:    1650952 bytes,    6125656 total
[2020-12-10T05:23:24.665+0000][6][gc,phases    ] GC(24)   Pre Evacuate Collection Set: 0.1ms
[2020-12-10T05:23:24.665+0000][6][gc,phases    ] GC(24)   Merge Heap Roots: 0.1ms
[2020-12-10T05:23:24.665+0000][6][gc,phases    ] GC(24)   Evacuate Collection Set: 6.9ms
[2020-12-10T05:23:24.665+0000][6][gc,phases    ] GC(24)   Post Evacuate Collection Set: 0.3ms
[2020-12-10T05:23:24.665+0000][6][gc,phases    ] GC(24)   Other: 0.2ms
[2020-12-10T05:23:24.665+0000][6][gc,heap      ] GC(24) Eden regions: 46->0(5)
[2020-12-10T05:23:24.665+0000][6][gc,heap      ] GC(24) Survivor regions: 4->7(7)
[2020-12-10T05:23:24.665+0000][6][gc,heap      ] GC(24) Old regions: 71->71
[2020-12-10T05:23:24.665+0000][6][gc,heap      ] GC(24) Archive regions: 2->2
[2020-12-10T05:23:24.665+0000][6][gc,heap      ] GC(24) Humongous regions: 41->41
[2020-12-10T05:23:24.665+0000][6][gc,metaspace ] GC(24) Metaspace: 61872K(65960K)->61872K(65960K) NonClass: 53631K(55904K)->53631K(55904K) Class: 8240K(10056K)->8240K(10056K)
[2020-12-10T05:23:24.665+0000][6][gc           ] GC(24) Pause Young (Prepare Mixed) (G1 Evacuation Pause) 161M->118M(256M) 7.510ms
[2020-12-10T05:23:24.665+0000][6][gc,cpu       ] GC(24) User=0.05s Sys=0.00s Real=0.01s
[2020-12-10T05:23:24.665+0000][6][safepoint    ] Safepoint "G1CollectForAllocation", Time since last: 3750536 ns, Reaching safepoint: 58630 ns, At safepoint: 7581085 ns, Total: 7639715 ns
[2020-12-10T05:23:24.667+0000][6][gc,start     ] GC(25) Pause Young (Mixed) (G1 Evacuation Pause)
[2020-12-10T05:23:24.667+0000][6][gc,task      ] GC(25) Using 6 workers of 10 for evacuation
[2020-12-10T05:23:24.667+0000][6][gc,age       ] GC(25) Desired survivor size 1048576 bytes, new threshold 1 (max threshold 15)
[2020-12-10T05:23:24.682+0000][6][gc,age       ] GC(25) Age table with threshold 1 (max threshold 15)
[2020-12-10T05:23:24.682+0000][6][gc,age       ] GC(25) - age   1:     302528 bytes,     302528 total
[2020-12-10T05:23:24.682+0000][6][gc,phases    ] GC(25)   Pre Evacuate Collection Set: 0.1ms
[2020-12-10T05:23:24.682+0000][6][gc,phases    ] GC(25)   Merge Heap Roots: 0.1ms
[2020-12-10T05:23:24.682+0000][6][gc,phases    ] GC(25)   Evacuate Collection Set: 14.4ms
[2020-12-10T05:23:24.682+0000][6][gc,phases    ] GC(25)   Post Evacuate Collection Set: 0.3ms
[2020-12-10T05:23:24.682+0000][6][gc,phases    ] GC(25)   Other: 0.1ms
[2020-12-10T05:23:24.682+0000][6][gc,heap      ] GC(25) Eden regions: 5->0(58)
[2020-12-10T05:23:24.682+0000][6][gc,heap      ] GC(25) Survivor regions: 7->1(2)
[2020-12-10T05:23:24.682+0000][6][gc,heap      ] GC(25) Old regions: 71->59
[2020-12-10T05:23:24.682+0000][6][gc,heap      ] GC(25) Archive regions: 2->2
[2020-12-10T05:23:24.682+0000][6][gc,heap      ] GC(25) Humongous regions: 41->41
[2020-12-10T05:23:24.682+0000][6][gc,metaspace ] GC(25) Metaspace: 61872K(65960K)->61872K(65960K) NonClass: 53631K(55904K)->53631K(55904K) Class: 8240K(10056K)->8240K(10056K)
[2020-12-10T05:23:24.682+0000][6][gc           ] GC(25) Pause Young (Mixed) (G1 Evacuation Pause) 123M->100M(256M) 15.046ms
[2020-12-10T05:23:24.682+0000][6][gc,cpu       ] GC(25) User=0.08s Sys=0.00s Real=0.01s
[2020-12-10T05:23:24.682+0000][6][safepoint    ] Safepoint "G1CollectForAllocation", Time since last: 2165030 ns, Reaching safepoint: 42257 ns, At safepoint: 15098898 ns, Total: 15141155 ns
[2020-12-10T05:23:24.683+0000][6][gc,start     ] GC(26) Pause Young (Concurrent Start) (G1 Humongous Allocation)
[2020-12-10T05:23:24.683+0000][6][gc,task      ] GC(26) Using 6 workers of 10 for evacuation
[2020-12-10T05:23:24.683+0000][6][gc,age       ] GC(26) Desired survivor size 4194304 bytes, new threshold 15 (max threshold 15)
[2020-12-10T05:23:24.686+0000][6][gc,age       ] GC(26) Age table with threshold 15 (max threshold 15)
[2020-12-10T05:23:24.686+0000][6][gc,age       ] GC(26) - age   1:     141448 bytes,     141448 total
[2020-12-10T05:23:24.686+0000][6][gc,age       ] GC(26) - age   2:     302328 bytes,     443776 total
[2020-12-10T05:23:24.686+0000][6][gc,phases    ] GC(26)   Pre Evacuate Collection Set: 0.3ms
[2020-12-10T05:23:24.686+0000][6][gc,phases    ] GC(26)   Merge Heap Roots: 0.1ms
[2020-12-10T05:23:24.686+0000][6][gc,phases    ] GC(26)   Evacuate Collection Set: 1.4ms
[2020-12-10T05:23:24.686+0000][6][gc,phases    ] GC(26)   Post Evacuate Collection Set: 0.2ms
[2020-12-10T05:23:24.686+0000][6][gc,phases    ] GC(26)   Other: 0.1ms
[2020-12-10T05:23:24.686+0000][6][gc,heap      ] GC(26) Eden regions: 3->0(61)
[2020-12-10T05:23:24.686+0000][6][gc,heap      ] GC(26) Survivor regions: 1->1(8)
[2020-12-10T05:23:24.686+0000][6][gc,heap      ] GC(26) Old regions: 59->59
[2020-12-10T05:23:24.686+0000][6][gc,heap      ] GC(26) Archive regions: 2->2
[2020-12-10T05:23:24.686+0000][6][gc,heap      ] GC(26) Humongous regions: 41->41
[2020-12-10T05:23:24.686+0000][6][gc,metaspace ] GC(26) Metaspace: 61872K(65960K)->61872K(65960K) NonClass: 53631K(55904K)->53631K(55904K) Class: 8240K(10056K)->8240K(10056K)
[2020-12-10T05:23:24.686+0000][6][gc           ] GC(26) Pause Young (Concurrent Start) (G1 Humongous Allocation) 103M->100M(256M) 2.174ms
[2020-12-10T05:23:24.686+0000][6][gc,cpu       ] GC(26) User=0.01s Sys=0.00s Real=0.01s
[2020-12-10T05:23:24.686+0000][6][safepoint    ] Safepoint "G1TryInitiateConcMark", Time since last: 1055088 ns, Reaching safepoint: 44079 ns, At safepoint: 2221766 ns, Total: 2265845 ns
[2020-12-10T05:23:24.686+0000][6][gc           ] GC(27) Concurrent Cycle
[2020-12-10T05:23:24.686+0000][6][gc,marking   ] GC(27) Concurrent Clear Claimed Marks
[2020-12-10T05:23:24.686+0000][6][gc,marking   ] GC(27) Concurrent Clear Claimed Marks 0.088ms
[2020-12-10T05:23:24.686+0000][6][gc,marking   ] GC(27) Concurrent Scan Root Regions
[2020-12-10T05:23:24.686+0000][6][gc,marking   ] GC(27) Concurrent Scan Root Regions 0.230ms
[2020-12-10T05:23:24.686+0000][6][gc,marking   ] GC(27) Concurrent Mark (8.673s)
[2020-12-10T05:23:24.686+0000][6][gc,marking   ] GC(27) Concurrent Mark From Roots
[2020-12-10T05:23:24.686+0000][6][gc,task      ] GC(27) Using 3 workers of 3 for marking
[2020-12-10T05:23:24.725+0000][6][gc,marking   ] GC(27) Concurrent Mark From Roots 38.650ms
[2020-12-10T05:23:24.725+0000][6][gc,marking   ] GC(27) Concurrent Preclean
[2020-12-10T05:23:24.725+0000][6][gc,marking   ] GC(27) Concurrent Preclean 0.357ms
[2020-12-10T05:23:24.725+0000][6][gc,marking   ] GC(27) Concurrent Mark (8.673s, 8.712s) 39.068ms
[2020-12-10T05:23:24.725+0000][6][gc,start     ] GC(27) Pause Remark
[2020-12-10T05:23:24.728+0000][6][gc           ] GC(27) Pause Remark 152M->151M(257M) 2.925ms
[2020-12-10T05:23:24.728+0000][6][gc,cpu       ] GC(27) User=0.01s Sys=0.00s Real=0.00s
[2020-12-10T05:23:24.728+0000][6][safepoint    ] Safepoint "G1Concurrent", Time since last: 39520091 ns, Reaching safepoint: 147013 ns, At safepoint: 3000601 ns, Total: 3147614 ns
[2020-12-10T05:23:24.728+0000][6][gc,marking   ] GC(27) Concurrent Rebuild Remembered Sets
[2020-12-10T05:23:24.737+0000][6][gc,start     ] GC(28) Pause Young (Normal) (G1 Evacuation Pause)
[2020-12-10T05:23:24.737+0000][6][gc,task      ] GC(28) Using 6 workers of 10 for evacuation
[2020-12-10T05:23:24.737+0000][6][gc,age       ] GC(28) Desired survivor size 4194304 bytes, new threshold 15 (max threshold 15)
[2020-12-10T05:23:24.744+0000][6][gc,age       ] GC(28) Age table with threshold 15 (max threshold 15)
[2020-12-10T05:23:24.744+0000][6][gc,age       ] GC(28) - age   1:    3730568 bytes,    3730568 total
[2020-12-10T05:23:24.744+0000][6][gc,age       ] GC(28) - age   2:     141448 bytes,    3872016 total
[2020-12-10T05:23:24.744+0000][6][gc,age       ] GC(28) - age   3:     302328 bytes,    4174344 total
[2020-12-10T05:23:24.744+0000][6][gc,phases    ] GC(28)   Pre Evacuate Collection Set: 0.1ms
[2020-12-10T05:23:24.744+0000][6][gc,phases    ] GC(28)   Merge Heap Roots: 0.1ms
[2020-12-10T05:23:24.744+0000][6][gc,phases    ] GC(28)   Evacuate Collection Set: 5.9ms
[2020-12-10T05:23:24.744+0000][6][gc,phases    ] GC(28)   Post Evacuate Collection Set: 0.3ms
[2020-12-10T05:23:24.744+0000][6][gc,phases    ] GC(28)   Other: 0.2ms
[2020-12-10T05:23:24.744+0000][6][gc,heap      ] GC(28) Eden regions: 61->0(60)
[2020-12-10T05:23:24.744+0000][6][gc,heap      ] GC(28) Survivor regions: 1->5(8)
[2020-12-10T05:23:24.744+0000][6][gc,heap      ] GC(28) Old regions: 59->59
[2020-12-10T05:23:24.744+0000][6][gc,heap      ] GC(28) Archive regions: 2->2
[2020-12-10T05:23:24.744+0000][6][gc,heap      ] GC(28) Humongous regions: 42->42
[2020-12-10T05:23:24.744+0000][6][gc,metaspace ] GC(28) Metaspace: 61872K(65960K)->61872K(65960K) NonClass: 53631K(55904K)->53631K(55904K) Class: 8240K(10056K)->8240K(10056K)
[2020-12-10T05:23:24.744+0000][6][gc           ] GC(28) Pause Young (Normal) (G1 Evacuation Pause) 162M->105M(257M) 6.522ms
[2020-12-10T05:23:24.744+0000][6][gc,cpu       ] GC(28) User=0.04s Sys=0.00s Real=0.00s
[2020-12-10T05:23:24.744+0000][6][safepoint    ] Safepoint "G1CollectForAllocation", Time since last: 8602934 ns, Reaching safepoint: 220760 ns, At safepoint: 6601400 ns, Total: 6822160 ns
[2020-12-10T05:23:24.763+0000][6][gc,marking   ] GC(27) Concurrent Rebuild Remembered Sets 34.314ms
[2020-12-10T05:23:24.763+0000][6][gc,start     ] GC(27) Pause Cleanup
[2020-12-10T05:23:24.763+0000][6][gc           ] GC(27) Pause Cleanup 131M->131M(257M) 0.110ms
[2020-12-10T05:23:24.763+0000][6][gc,cpu       ] GC(27) User=0.00s Sys=0.00s Real=0.00s
[2020-12-10T05:23:24.763+0000][6][safepoint    ] Safepoint "G1Concurrent", Time since last: 19020762 ns, Reaching safepoint: 126239 ns, At safepoint: 145396 ns, Total: 271635 ns
[2020-12-10T05:23:24.763+0000][6][gc,marking   ] GC(27) Concurrent Cleanup for Next Mark
[2020-12-10T05:23:24.763+0000][6][gc,marking   ] GC(27) Concurrent Cleanup for Next Mark 0.200ms
[2020-12-10T05:23:24.763+0000][6][gc           ] GC(27) Concurrent Cycle 77.606ms
[2020-12-10T05:23:24.767+0000][6][gc,start     ] GC(29) Pause Young (Concurrent Start) (G1 Humongous Allocation)
[2020-12-10T05:23:24.767+0000][6][gc,task      ] GC(29) Using 6 workers of 10 for evacuation
[2020-12-10T05:23:24.767+0000][6][gc,age       ] GC(29) Desired survivor size 4718592 bytes, new threshold 15 (max threshold 15)
[2020-12-10T05:23:24.774+0000][6][gc,age       ] GC(29) Age table with threshold 15 (max threshold 15)
[2020-12-10T05:23:24.774+0000][6][gc,age       ] GC(29) - age   1:    2193232 bytes,    2193232 total
[2020-12-10T05:23:24.774+0000][6][gc,age       ] GC(29) - age   2:    3730568 bytes,    5923800 total
[2020-12-10T05:23:24.774+0000][6][gc,age       ] GC(29) - age   3:     141448 bytes,    6065248 total
[2020-12-10T05:23:24.774+0000][6][gc,age       ] GC(29) - age   4:     302328 bytes,    6367576 total
[2020-12-10T05:23:24.787+0000][6][gc,phases    ] GC(29)   Pre Evacuate Collection Set: 0.3ms
[2020-12-10T05:23:24.787+0000][6][gc,phases    ] GC(29)   Merge Heap Roots: 0.1ms
[2020-12-10T05:23:24.787+0000][6][gc,phases    ] GC(29)   Evacuate Collection Set: 5.6ms
[2020-12-10T05:23:24.787+0000][6][gc,phases    ] GC(29)   Post Evacuate Collection Set: 13.1ms
[2020-12-10T05:23:24.787+0000][6][gc,phases    ] GC(29)   Other: 0.2ms
[2020-12-10T05:23:24.787+0000][6][gc,heap      ] GC(29) Eden regions: 36->0(125)
[2020-12-10T05:23:24.787+0000][6][gc,heap      ] GC(29) Survivor regions: 5->7(9)
[2020-12-10T05:23:24.787+0000][6][gc,heap      ] GC(29) Old regions: 59->59
[2020-12-10T05:23:24.787+0000][6][gc,heap      ] GC(29) Archive regions: 2->2
[2020-12-10T05:23:24.787+0000][6][gc,heap      ] GC(29) Humongous regions: 42->42
[2020-12-10T05:23:24.787+0000][6][gc,metaspace ] GC(29) Metaspace: 61873K(65960K)->61873K(65960K) NonClass: 53632K(55904K)->53632K(55904K) Class: 8240K(10056K)->8240K(10056K)
[2020-12-10T05:23:24.787+0000][6][gc           ] GC(29) Pause Young (Concurrent Start) (G1 Humongous Allocation) 141M->107M(374M) 19.493ms
[2020-12-10T05:23:24.787+0000][6][gc,cpu       ] GC(29) User=0.04s Sys=0.01s Real=0.02s
[2020-12-10T05:23:24.787+0000][6][safepoint    ] Safepoint "G1TryInitiateConcMark", Time since last: 4080476 ns, Reaching safepoint: 60323 ns, At safepoint: 19560180 ns, Total: 19620503 ns
[2020-12-10T05:23:24.787+0000][6][gc           ] GC(30) Concurrent Cycle
[2020-12-10T05:23:24.787+0000][6][gc,marking   ] GC(30) Concurrent Clear Claimed Marks
[2020-12-10T05:23:24.787+0000][6][gc,marking   ] GC(30) Concurrent Clear Claimed Marks 0.371ms
[2020-12-10T05:23:24.787+0000][6][gc,marking   ] GC(30) Concurrent Scan Root Regions
[2020-12-10T05:23:24.788+0000][6][gc,marking   ] GC(30) Concurrent Scan Root Regions 1.022ms
[2020-12-10T05:23:24.788+0000][6][gc,marking   ] GC(30) Concurrent Mark (8.775s)
[2020-12-10T05:23:24.788+0000][6][gc,marking   ] GC(30) Concurrent Mark From Roots
[2020-12-10T05:23:24.788+0000][6][gc,task      ] GC(30) Using 3 workers of 3 for marking
[2020-12-10T05:23:24.831+0000][6][gc,marking   ] GC(30) Concurrent Mark From Roots 43.118ms
[2020-12-10T05:23:24.831+0000][6][gc,marking   ] GC(30) Concurrent Preclean
[2020-12-10T05:23:24.832+0000][6][gc,marking   ] GC(30) Concurrent Preclean 0.352ms
[2020-12-10T05:23:24.832+0000][6][gc,marking   ] GC(30) Concurrent Mark (8.775s, 8.819s) 43.524ms
[2020-12-10T05:23:24.832+0000][6][gc,start     ] GC(30) Pause Remark
[2020-12-10T05:23:24.834+0000][6][gc           ] GC(30) Pause Remark 166M->165M(374M) 2.372ms
[2020-12-10T05:23:24.834+0000][6][gc,cpu       ] GC(30) User=0.01s Sys=0.00s Real=0.01s
[2020-12-10T05:23:24.834+0000][6][safepoint    ] Safepoint "G1Concurrent", Time since last: 45039113 ns, Reaching safepoint: 139860 ns, At safepoint: 2447095 ns, Total: 2586955 ns
[2020-12-10T05:23:24.834+0000][6][gc,marking   ] GC(30) Concurrent Rebuild Remembered Sets
[2020-12-10T05:23:24.863+0000][6][gc,marking   ] GC(30) Concurrent Rebuild Remembered Sets 28.223ms
[2020-12-10T05:23:24.863+0000][6][gc,start     ] GC(30) Pause Cleanup
[2020-12-10T05:23:24.863+0000][6][gc           ] GC(30) Pause Cleanup 204M->204M(374M) 0.191ms
[2020-12-10T05:23:24.863+0000][6][gc,cpu       ] GC(30) User=0.00s Sys=0.00s Real=0.00s
[2020-12-10T05:23:24.863+0000][6][safepoint    ] Safepoint "G1Concurrent", Time since last: 28358563 ns, Reaching safepoint: 161549 ns, At safepoint: 268754 ns, Total: 430303 ns
[2020-12-10T05:23:24.863+0000][6][gc,marking   ] GC(30) Concurrent Cleanup for Next Mark
[2020-12-10T05:23:24.864+0000][6][gc,marking   ] GC(30) Concurrent Cleanup for Next Mark 0.315ms
[2020-12-10T05:23:24.864+0000][6][gc           ] GC(30) Concurrent Cycle 76.764ms
[2020-12-10T05:23:24.876+0000][6][gc,start     ] GC(31) Pause Young (Normal) (G1 Evacuation Pause)
[2020-12-10T05:23:24.876+0000][6][gc,task      ] GC(31) Using 8 workers of 10 for evacuation
[2020-12-10T05:23:24.876+0000][6][gc,age       ] GC(31) Desired survivor size 8912896 bytes, new threshold 15 (max threshold 15)
[2020-12-10T05:23:24.888+0000][6][gc,age       ] GC(31) Age table with threshold 15 (max threshold 15)
[2020-12-10T05:23:24.888+0000][6][gc,age       ] GC(31) - age   1:    7633712 bytes,    7633712 total
[2020-12-10T05:23:24.888+0000][6][gc,age       ] GC(31) - age   2:    2193232 bytes,    9826944 total
[2020-12-10T05:23:24.888+0000][6][gc,age       ] GC(31) - age   3:    3730568 bytes,   13557512 total
[2020-12-10T05:23:24.888+0000][6][gc,age       ] GC(31) - age   4:     141448 bytes,   13698960 total
[2020-12-10T05:23:24.888+0000][6][gc,age       ] GC(31) - age   5:     302328 bytes,   14001288 total
[2020-12-10T05:23:24.888+0000][6][gc,phases    ] GC(31)   Pre Evacuate Collection Set: 0.1ms
[2020-12-10T05:23:24.888+0000][6][gc,phases    ] GC(31)   Merge Heap Roots: 0.1ms
[2020-12-10T05:23:24.888+0000][6][gc,phases    ] GC(31)   Evacuate Collection Set: 11.5ms
[2020-12-10T05:23:24.888+0000][6][gc,phases    ] GC(31)   Post Evacuate Collection Set: 0.4ms
[2020-12-10T05:23:24.888+0000][6][gc,phases    ] GC(31)   Other: 0.6ms
[2020-12-10T05:23:24.888+0000][6][gc,heap      ] GC(31) Eden regions: 125->0(123)
[2020-12-10T05:23:24.888+0000][6][gc,heap      ] GC(31) Survivor regions: 7->14(17)
[2020-12-10T05:23:24.888+0000][6][gc,heap      ] GC(31) Old regions: 59->59
[2020-12-10T05:23:24.888+0000][6][gc,heap      ] GC(31) Archive regions: 2->2
[2020-12-10T05:23:24.889+0000][6][gc,heap      ] GC(31) Humongous regions: 44->44
[2020-12-10T05:23:24.889+0000][6][gc,metaspace ] GC(31) Metaspace: 61873K(65960K)->61873K(65960K) NonClass: 53632K(55904K)->53632K(55904K) Class: 8240K(10056K)->8240K(10056K)
[2020-12-10T05:23:24.889+0000][6][gc           ] GC(31) Pause Young (Normal) (G1 Evacuation Pause) 234M->116M(374M) 12.863ms
[2020-12-10T05:23:24.889+0000][6][gc,cpu       ] GC(31) User=0.09s Sys=0.01s Real=0.01s
[2020-12-10T05:23:24.889+0000][6][safepoint    ] Safepoint "G1CollectForAllocation", Time since last: 12394435 ns, Reaching safepoint: 80846 ns, At safepoint: 12961508 ns, Total: 13042354 ns
[2020-12-10T05:23:24.939+0000][6][gc,start     ] GC(32) Pause Young (Normal) (G1 Evacuation Pause)
[2020-12-10T05:23:24.939+0000][6][gc,task      ] GC(32) Using 8 workers of 10 for evacuation
[2020-12-10T05:23:24.939+0000][6][gc,age       ] GC(32) Desired survivor size 9437184 bytes, new threshold 2 (max threshold 15)
[2020-12-10T05:23:24.959+0000][6][gc,age       ] GC(32) Age table with threshold 2 (max threshold 15)
[2020-12-10T05:23:24.959+0000][6][gc,age       ] GC(32) - age   1:    7926288 bytes,    7926288 total
[2020-12-10T05:23:24.960+0000][6][gc,age       ] GC(32) - age   2:    7633360 bytes,   15559648 total
[2020-12-10T05:23:24.960+0000][6][gc,phases    ] GC(32)   Pre Evacuate Collection Set: 0.1ms
[2020-12-10T05:23:24.960+0000][6][gc,phases    ] GC(32)   Merge Heap Roots: 0.1ms
[2020-12-10T05:23:24.960+0000][6][gc,phases    ] GC(32)   Evacuate Collection Set: 20.1ms
[2020-12-10T05:23:24.960+0000][6][gc,phases    ] GC(32)   Post Evacuate Collection Set: 0.5ms
[2020-12-10T05:23:24.960+0000][6][gc,phases    ] GC(32)   Other: 0.3ms
[2020-12-10T05:23:24.960+0000][6][gc,heap      ] GC(32) Eden regions: 123->0(117)
[2020-12-10T05:23:24.960+0000][6][gc,heap      ] GC(32) Survivor regions: 14->16(18)
[2020-12-10T05:23:24.960+0000][6][gc,heap      ] GC(32) Old regions: 59->65
[2020-12-10T05:23:24.960+0000][6][gc,heap      ] GC(32) Archive regions: 2->2
[2020-12-10T05:23:24.960+0000][6][gc,heap      ] GC(32) Humongous regions: 48->48
[2020-12-10T05:23:24.960+0000][6][gc,metaspace ] GC(32) Metaspace: 61873K(65960K)->61873K(65960K) NonClass: 53632K(55904K)->53632K(55904K) Class: 8240K(10056K)->8240K(10056K)
[2020-12-10T05:23:24.960+0000][6][gc           ] GC(32) Pause Young (Normal) (G1 Evacuation Pause) 243M->128M(374M) 21.207ms
[2020-12-10T05:23:24.960+0000][6][gc,cpu       ] GC(32) User=0.15s Sys=0.00s Real=0.02s
[2020-12-10T05:23:24.960+0000][6][safepoint    ] Safepoint "G1CollectForAllocation", Time since last: 49838359 ns, Reaching safepoint: 69423 ns, At safepoint: 21328271 ns, Total: 21397694 ns
[2020-12-10T05:23:25.007+0000][6][gc,start     ] GC(33) Pause Young (Concurrent Start) (G1 Humongous Allocation)
[2020-12-10T05:23:25.007+0000][6][gc,task      ] GC(33) Using 8 workers of 10 for evacuation
[2020-12-10T05:23:25.007+0000][6][gc,age       ] GC(33) Desired survivor size 8912896 bytes, new threshold 2 (max threshold 15)
[2020-12-10T05:23:25.030+0000][6][gc,age       ] GC(33) Age table with threshold 2 (max threshold 15)
[2020-12-10T05:23:25.030+0000][6][gc,age       ] GC(33) - age   1:    7130152 bytes,    7130152 total
[2020-12-10T05:23:25.030+0000][6][gc,age       ] GC(33) - age   2:    7926016 bytes,   15056168 total
[2020-12-10T05:23:25.030+0000][6][gc,phases    ] GC(33)   Pre Evacuate Collection Set: 0.5ms
[2020-12-10T05:23:25.030+0000][6][gc,phases    ] GC(33)   Merge Heap Roots: 0.1ms
[2020-12-10T05:23:25.030+0000][6][gc,phases    ] GC(33)   Evacuate Collection Set: 21.4ms
[2020-12-10T05:23:25.030+0000][6][gc,phases    ] GC(33)   Post Evacuate Collection Set: 0.5ms
[2020-12-10T05:23:25.030+0000][6][gc,phases    ] GC(33)   Other: 0.4ms
[2020-12-10T05:23:25.030+0000][6][gc,heap      ] GC(33) Eden regions: 115->0(114)
[2020-12-10T05:23:25.030+0000][6][gc,heap      ] GC(33) Survivor regions: 16->16(17)
[2020-12-10T05:23:25.030+0000][6][gc,heap      ] GC(33) Old regions: 65->72
[2020-12-10T05:23:25.030+0000][6][gc,heap      ] GC(33) Archive regions: 2->2
[2020-12-10T05:23:25.030+0000][6][gc,heap      ] GC(33) Humongous regions: 48->48
[2020-12-10T05:23:25.030+0000][6][gc,metaspace ] GC(33) Metaspace: 61873K(65960K)->61873K(65960K) NonClass: 53632K(55904K)->53632K(55904K) Class: 8240K(10056K)->8240K(10056K)
[2020-12-10T05:23:25.030+0000][6][gc           ] GC(33) Pause Young (Concurrent Start) (G1 Humongous Allocation) 243M->136M(374M) 22.963ms
[2020-12-10T05:23:25.030+0000][6][gc,cpu       ] GC(33) User=0.17s Sys=0.00s Real=0.02s
[2020-12-10T05:23:25.030+0000][6][gc           ] GC(34) Concurrent Cycle
[2020-12-10T05:23:25.030+0000][6][safepoint    ] Safepoint "G1TryInitiateConcMark", Time since last: 46943401 ns, Reaching safepoint: 87637 ns, At safepoint: 23079296 ns, Total: 23166933 ns
[2020-12-10T05:23:25.030+0000][6][gc,marking   ] GC(34) Concurrent Clear Claimed Marks
[2020-12-10T05:23:25.030+0000][6][gc,marking   ] GC(34) Concurrent Clear Claimed Marks 0.372ms
[2020-12-10T05:23:25.030+0000][6][gc,marking   ] GC(34) Concurrent Scan Root Regions
[2020-12-10T05:23:25.035+0000][6][gc,marking   ] GC(34) Concurrent Scan Root Regions 4.547ms
[2020-12-10T05:23:25.035+0000][6][gc,marking   ] GC(34) Concurrent Mark (9.022s)
[2020-12-10T05:23:25.035+0000][6][gc,marking   ] GC(34) Concurrent Mark From Roots
[2020-12-10T05:23:25.035+0000][6][gc,task      ] GC(34) Using 3 workers of 3 for marking
[2020-12-10T05:23:25.096+0000][6][gc,marking   ] GC(34) Concurrent Mark From Roots 60.805ms
[2020-12-10T05:23:25.096+0000][6][gc,marking   ] GC(34) Concurrent Preclean
[2020-12-10T05:23:25.096+0000][6][gc,marking   ] GC(34) Concurrent Preclean 0.506ms
[2020-12-10T05:23:25.096+0000][6][gc,marking   ] GC(34) Concurrent Mark (9.022s, 9.083s) 61.376ms
[2020-12-10T05:23:25.097+0000][6][gc,start     ] GC(34) Pause Remark
[2020-12-10T05:23:25.099+0000][6][gc           ] GC(34) Pause Remark 221M->216M(374M) 2.601ms
[2020-12-10T05:23:25.099+0000][6][gc,cpu       ] GC(34) User=0.02s Sys=0.00s Real=0.00s
[2020-12-10T05:23:25.099+0000][6][safepoint    ] Safepoint "G1Concurrent", Time since last: 66456951 ns, Reaching safepoint: 155901 ns, At safepoint: 2734458 ns, Total: 2890359 ns
[2020-12-10T05:23:25.099+0000][6][gc,marking   ] GC(34) Concurrent Rebuild Remembered Sets
[2020-12-10T05:23:25.138+0000][6][gc,start     ] GC(35) Pause Young (Normal) (G1 Evacuation Pause)
[2020-12-10T05:23:25.138+0000][6][gc,task      ] GC(35) Using 8 workers of 10 for evacuation
[2020-12-10T05:23:25.138+0000][6][gc,age       ] GC(35) Desired survivor size 8912896 bytes, new threshold 2 (max threshold 15)
[2020-12-10T05:23:25.151+0000][6][gc,age       ] GC(35) Age table with threshold 2 (max threshold 15)
[2020-12-10T05:23:25.151+0000][6][gc,age       ] GC(35) - age   1:    6272672 bytes,    6272672 total
[2020-12-10T05:23:25.151+0000][6][gc,age       ] GC(35) - age   2:    7130152 bytes,   13402824 total
[2020-12-10T05:23:25.180+0000][6][gc,phases    ] GC(35)   Pre Evacuate Collection Set: 0.1ms
[2020-12-10T05:23:25.180+0000][6][gc,phases    ] GC(35)   Merge Heap Roots: 0.1ms
[2020-12-10T05:23:25.180+0000][6][gc,phases    ] GC(35)   Evacuate Collection Set: 12.4ms
[2020-12-10T05:23:25.180+0000][6][gc,phases    ] GC(35)   Post Evacuate Collection Set: 29.1ms
[2020-12-10T05:23:25.180+0000][6][gc,phases    ] GC(35)   Other: 0.3ms
[2020-12-10T05:23:25.180+0000][6][gc,heap      ] GC(35) Eden regions: 114->0(266)
[2020-12-10T05:23:25.180+0000][6][gc,heap      ] GC(35) Survivor regions: 16->15(17)
[2020-12-10T05:23:25.180+0000][6][gc,heap      ] GC(35) Old regions: 72->80
[2020-12-10T05:23:25.180+0000][6][gc,heap      ] GC(35) Archive regions: 2->2
[2020-12-10T05:23:25.180+0000][6][gc,heap      ] GC(35) Humongous regions: 48->48
[2020-12-10T05:23:25.180+0000][6][gc,metaspace ] GC(35) Metaspace: 61882K(65960K)->61882K(65960K) NonClass: 53641K(55904K)->53641K(55904K) Class: 8241K(10056K)->8241K(10056K)
[2020-12-10T05:23:25.180+0000][6][gc           ] GC(35) Pause Young (Normal) (G1 Evacuation Pause) 250M->143M(634M) 42.223ms
[2020-12-10T05:23:25.180+0000][6][gc,cpu       ] GC(35) User=0.11s Sys=0.03s Real=0.04s
[2020-12-10T05:23:25.180+0000][6][safepoint    ] Safepoint "G1CollectForAllocation", Time since last: 37986305 ns, Reaching safepoint: 250517 ns, At safepoint: 42351969 ns, Total: 42602486 ns
[2020-12-10T05:23:25.182+0000][6][gc,marking   ] GC(34) Concurrent Rebuild Remembered Sets 83.002ms
[2020-12-10T05:23:25.183+0000][6][gc,start     ] GC(34) Pause Cleanup
[2020-12-10T05:23:25.183+0000][6][gc           ] GC(34) Pause Cleanup 146M->146M(634M) 0.205ms
[2020-12-10T05:23:25.183+0000][6][gc,cpu       ] GC(34) User=0.00s Sys=0.00s Real=0.00s
[2020-12-10T05:23:25.183+0000][6][safepoint    ] Safepoint "G1Concurrent", Time since last: 2533091 ns, Reaching safepoint: 148633 ns, At safepoint: 276944 ns, Total: 425577 ns
[2020-12-10T05:23:25.183+0000][6][gc,marking   ] GC(34) Concurrent Cleanup for Next Mark
[2020-12-10T05:23:25.183+0000][6][gc,marking   ] GC(34) Concurrent Cleanup for Next Mark 0.457ms
[2020-12-10T05:23:25.183+0000][6][gc           ] GC(34) Concurrent Cycle 153.408ms
[2020-12-10T05:23:25.324+0000][6][gc,start     ] GC(36) Pause Young (Normal) (G1 Evacuation Pause)
[2020-12-10T05:23:25.325+0000][6][gc,task      ] GC(36) Using 10 workers of 10 for evacuation
[2020-12-10T05:23:25.325+0000][6][gc,age       ] GC(36) Desired survivor size 18874368 bytes, new threshold 15 (max threshold 15)
[2020-12-10T05:23:25.336+0000][6][gc,age       ] GC(36) Age table with threshold 15 (max threshold 15)
[2020-12-10T05:23:25.336+0000][6][gc,age       ] GC(36) - age   1:      16528 bytes,      16528 total
[2020-12-10T05:23:25.336+0000][6][gc,age       ] GC(36) - age   2:    6268352 bytes,    6284880 total
[2020-12-10T05:23:25.336+0000][6][gc,age       ] GC(36) - age   3:    7130152 bytes,   13415032 total
[2020-12-10T05:23:25.336+0000][6][gc,phases    ] GC(36)   Pre Evacuate Collection Set: 0.2ms
[2020-12-10T05:23:25.336+0000][6][gc,phases    ] GC(36)   Merge Heap Roots: 0.1ms
[2020-12-10T05:23:25.336+0000][6][gc,phases    ] GC(36)   Evacuate Collection Set: 10.6ms
[2020-12-10T05:23:25.336+0000][6][gc,phases    ] GC(36)   Post Evacuate Collection Set: 0.5ms
[2020-12-10T05:23:25.336+0000][6][gc,phases    ] GC(36)   Other: 0.7ms
[2020-12-10T05:23:25.336+0000][6][gc,heap      ] GC(36) Eden regions: 266->0(304)
[2020-12-10T05:23:25.336+0000][6][gc,heap      ] GC(36) Survivor regions: 15->15(36)
[2020-12-10T05:23:25.336+0000][6][gc,heap      ] GC(36) Old regions: 80->80
[2020-12-10T05:23:25.336+0000][6][gc,heap      ] GC(36) Archive regions: 2->2
[2020-12-10T05:23:25.336+0000][6][gc,heap      ] GC(36) Humongous regions: 48->48
[2020-12-10T05:23:25.336+0000][6][gc,metaspace ] GC(36) Metaspace: 61894K(65960K)->61894K(65960K) NonClass: 53652K(55904K)->53652K(55904K) Class: 8241K(10056K)->8241K(10056K)
[2020-12-10T05:23:25.336+0000][6][gc           ] GC(36) Pause Young (Normal) (G1 Evacuation Pause) 409M->143M(634M) 12.188ms
[2020-12-10T05:23:25.336+0000][6][gc,cpu       ] GC(36) User=0.12s Sys=0.01s Real=0.01s
[2020-12-10T05:23:25.336+0000][6][safepoint    ] Safepoint "G1CollectForAllocation", Time since last: 141191086 ns, Reaching safepoint: 130705 ns, At safepoint: 12290300 ns, Total: 12421005 ns
[2020-12-10T05:23:25.446+0000][6][gc,start     ] GC(37) Pause Young (Normal) (G1 Evacuation Pause)
[2020-12-10T05:23:25.446+0000][6][gc,task      ] GC(37) Using 10 workers of 10 for evacuation
[2020-12-10T05:23:25.446+0000][6][gc,age       ] GC(37) Desired survivor size 20971520 bytes, new threshold 15 (max threshold 15)
[2020-12-10T05:23:25.458+0000][6][gc,age       ] GC(37) Age table with threshold 15 (max threshold 15)
[2020-12-10T05:23:25.458+0000][6][gc,age       ] GC(37) - age   1:        160 bytes,        160 total
[2020-12-10T05:23:25.458+0000][6][gc,age       ] GC(37) - age   2:      16400 bytes,      16560 total
[2020-12-10T05:23:25.458+0000][6][gc,age       ] GC(37) - age   3:    6268352 bytes,    6284912 total
[2020-12-10T05:23:25.458+0000][6][gc,age       ] GC(37) - age   4:    7130152 bytes,   13415064 total
[2020-12-10T05:23:25.459+0000][6][gc,phases    ] GC(37)   Pre Evacuate Collection Set: 0.2ms
[2020-12-10T05:23:25.459+0000][6][gc,phases    ] GC(37)   Merge Heap Roots: 0.1ms
[2020-12-10T05:23:25.459+0000][6][gc,phases    ] GC(37)   Evacuate Collection Set: 11.1ms
[2020-12-10T05:23:25.459+0000][6][gc,phases    ] GC(37)   Post Evacuate Collection Set: 0.7ms
[2020-12-10T05:23:25.459+0000][6][gc,phases    ] GC(37)   Other: 0.4ms
[2020-12-10T05:23:25.459+0000][6][gc,heap      ] GC(37) Eden regions: 304->0(310)
[2020-12-10T05:23:25.459+0000][6][gc,heap      ] GC(37) Survivor regions: 15->15(40)
[2020-12-10T05:23:25.459+0000][6][gc,heap      ] GC(37) Old regions: 80->80
[2020-12-10T05:23:25.459+0000][6][gc,heap      ] GC(37) Archive regions: 2->2
[2020-12-10T05:23:25.459+0000][6][gc,heap      ] GC(37) Humongous regions: 48->48
[2020-12-10T05:23:25.459+0000][6][gc,metaspace ] GC(37) Metaspace: 61894K(65960K)->61894K(65960K) NonClass: 53652K(55904K)->53652K(55904K) Class: 8241K(10056K)->8241K(10056K)
[2020-12-10T05:23:25.459+0000][6][gc           ] GC(37) Pause Young (Normal) (G1 Evacuation Pause) 447M->143M(634M) 12.632ms
[2020-12-10T05:23:25.459+0000][6][gc,cpu       ] GC(37) User=0.12s Sys=0.00s Real=0.01s
[2020-12-10T05:23:25.459+0000][6][safepoint    ] Safepoint "G1CollectForAllocation", Time since last: 109420997 ns, Reaching safepoint: 132253 ns, At safepoint: 12789159 ns, Total: 12921412 ns
[2020-12-10T05:23:25.569+0000][6][gc,start     ] GC(38) Pause Young (Normal) (G1 Evacuation Pause)
[2020-12-10T05:23:25.569+0000][6][gc,task      ] GC(38) Using 10 workers of 10 for evacuation
[2020-12-10T05:23:25.569+0000][6][gc,age       ] GC(38) Desired survivor size 21495808 bytes, new threshold 15 (max threshold 15)
[2020-12-10T05:23:25.581+0000][6][gc,age       ] GC(38) Age table with threshold 15 (max threshold 15)
[2020-12-10T05:23:25.581+0000][6][gc,age       ] GC(38) - age   1:        160 bytes,        160 total
[2020-12-10T05:23:25.581+0000][6][gc,age       ] GC(38) - age   3:      16400 bytes,      16560 total
[2020-12-10T05:23:25.581+0000][6][gc,age       ] GC(38) - age   4:    6268352 bytes,    6284912 total
[2020-12-10T05:23:25.581+0000][6][gc,age       ] GC(38) - age   5:    7130152 bytes,   13415064 total
[2020-12-10T05:23:25.581+0000][6][gc,phases    ] GC(38)   Pre Evacuate Collection Set: 0.2ms
[2020-12-10T05:23:25.581+0000][6][gc,phases    ] GC(38)   Merge Heap Roots: 0.1ms
[2020-12-10T05:23:25.581+0000][6][gc,phases    ] GC(38)   Evacuate Collection Set: 11.1ms
[2020-12-10T05:23:25.581+0000][6][gc,phases    ] GC(38)   Post Evacuate Collection Set: 0.7ms
[2020-12-10T05:23:25.581+0000][6][gc,phases    ] GC(38)   Other: 0.4ms
[2020-12-10T05:23:25.581+0000][6][gc,heap      ] GC(38) Eden regions: 310->0(315)
[2020-12-10T05:23:25.581+0000][6][gc,heap      ] GC(38) Survivor regions: 15->14(41)
[2020-12-10T05:23:25.581+0000][6][gc,heap      ] GC(38) Old regions: 80->80
[2020-12-10T05:23:25.581+0000][6][gc,heap      ] GC(38) Archive regions: 2->2
[2020-12-10T05:23:25.581+0000][6][gc,heap      ] GC(38) Humongous regions: 48->48
[2020-12-10T05:23:25.581+0000][6][gc,metaspace ] GC(38) Metaspace: 61894K(65960K)->61894K(65960K) NonClass: 53652K(55904K)->53652K(55904K) Class: 8241K(10056K)->8241K(10056K)
[2020-12-10T05:23:25.581+0000][6][gc           ] GC(38) Pause Young (Normal) (G1 Evacuation Pause) 453M->142M(634M) 12.514ms
[2020-12-10T05:23:25.581+0000][6][gc,cpu       ] GC(38) User=0.11s Sys=0.00s Real=0.01s
[2020-12-10T05:23:25.581+0000][6][safepoint    ] Safepoint "G1CollectForAllocation", Time since last: 109513245 ns, Reaching safepoint: 142060 ns, At safepoint: 12659776 ns, Total: 12801836 ns
[2020-12-10T05:23:25.694+0000][6][gc,start     ] GC(39) Pause Young (Normal) (G1 Evacuation Pause)
[2020-12-10T05:23:25.694+0000][6][gc,task      ] GC(39) Using 10 workers of 10 for evacuation
[2020-12-10T05:23:25.694+0000][6][gc,age       ] GC(39) Desired survivor size 22020096 bytes, new threshold 15 (max threshold 15)
[2020-12-10T05:23:25.706+0000][6][gc,age       ] GC(39) Age table with threshold 15 (max threshold 15)
[2020-12-10T05:23:25.706+0000][6][gc,age       ] GC(39) - age   1:      31704 bytes,      31704 total
[2020-12-10T05:23:25.706+0000][6][gc,age       ] GC(39) - age   4:      16400 bytes,      48104 total
[2020-12-10T05:23:25.706+0000][6][gc,age       ] GC(39) - age   5:    6268320 bytes,    6316424 total
[2020-12-10T05:23:25.706+0000][6][gc,age       ] GC(39) - age   6:    7130152 bytes,   13446576 total
[2020-12-10T05:23:25.722+0000][6][gc,phases    ] GC(39)   Pre Evacuate Collection Set: 0.2ms
[2020-12-10T05:23:25.722+0000][6][gc,phases    ] GC(39)   Merge Heap Roots: 0.1ms
[2020-12-10T05:23:25.722+0000][6][gc,phases    ] GC(39)   Evacuate Collection Set: 11.6ms
[2020-12-10T05:23:25.722+0000][6][gc,phases    ] GC(39)   Post Evacuate Collection Set: 16.4ms
[2020-12-10T05:23:25.722+0000][6][gc,phases    ] GC(39)   Other: 0.4ms
[2020-12-10T05:23:25.722+0000][6][gc,heap      ] GC(39) Eden regions: 315->0(414)
[2020-12-10T05:23:25.722+0000][6][gc,heap      ] GC(39) Survivor regions: 14->14(42)
[2020-12-10T05:23:25.722+0000][6][gc,heap      ] GC(39) Old regions: 80->80
[2020-12-10T05:23:25.722+0000][6][gc,heap      ] GC(39) Archive regions: 2->2
[2020-12-10T05:23:25.722+0000][6][gc,heap      ] GC(39) Humongous regions: 48->48
[2020-12-10T05:23:25.722+0000][6][gc,metaspace ] GC(39) Metaspace: 61899K(65960K)->61899K(65960K) NonClass: 53655K(55904K)->53655K(55904K) Class: 8243K(10056K)->8243K(10056K)
[2020-12-10T05:23:25.723+0000][6][gc           ] GC(39) Pause Young (Normal) (G1 Evacuation Pause) 457M->142M(763M) 28.858ms
[2020-12-10T05:23:25.723+0000][6][gc,cpu       ] GC(39) User=0.12s Sys=0.02s Real=0.03s
[2020-12-10T05:23:25.723+0000][6][safepoint    ] Safepoint "G1CollectForAllocation", Time since last: 112378112 ns, Reaching safepoint: 126683 ns, At safepoint: 28978352 ns, Total: 29105035 ns
[2020-12-10T05:23:25.868+0000][6][gc,start     ] GC(40) Pause Young (Normal) (G1 Evacuation Pause)
[2020-12-10T05:23:25.868+0000][6][gc,task      ] GC(40) Using 10 workers of 10 for evacuation
[2020-12-10T05:23:25.868+0000][6][gc,age       ] GC(40) Desired survivor size 28311552 bytes, new threshold 15 (max threshold 15)
[2020-12-10T05:23:25.882+0000][6][gc,age       ] GC(40) Age table with threshold 15 (max threshold 15)
[2020-12-10T05:23:25.882+0000][6][gc,age       ] GC(40) - age   1:        232 bytes,        232 total
[2020-12-10T05:23:25.882+0000][6][gc,age       ] GC(40) - age   2:      31472 bytes,      31704 total
[2020-12-10T05:23:25.882+0000][6][gc,age       ] GC(40) - age   5:      16400 bytes,      48104 total
[2020-12-10T05:23:25.882+0000][6][gc,age       ] GC(40) - age   6:    6268320 bytes,    6316424 total
[2020-12-10T05:23:25.882+0000][6][gc,age       ] GC(40) - age   7:    7130152 bytes,   13446576 total
[2020-12-10T05:23:25.882+0000][6][gc,phases    ] GC(40)   Pre Evacuate Collection Set: 0.2ms
[2020-12-10T05:23:25.882+0000][6][gc,phases    ] GC(40)   Merge Heap Roots: 0.1ms
[2020-12-10T05:23:25.882+0000][6][gc,phases    ] GC(40)   Evacuate Collection Set: 12.3ms
[2020-12-10T05:23:25.882+0000][6][gc,phases    ] GC(40)   Post Evacuate Collection Set: 0.8ms
[2020-12-10T05:23:25.882+0000][6][gc,phases    ] GC(40)   Other: 0.5ms
[2020-12-10T05:23:25.882+0000][6][gc,heap      ] GC(40) Eden regions: 414->0(412)
[2020-12-10T05:23:25.882+0000][6][gc,heap      ] GC(40) Survivor regions: 14->15(54)
[2020-12-10T05:23:25.882+0000][6][gc,heap      ] GC(40) Old regions: 80->80
[2020-12-10T05:23:25.882+0000][6][gc,heap      ] GC(40) Archive regions: 2->2
[2020-12-10T05:23:25.882+0000][6][gc,heap      ] GC(40) Humongous regions: 48->48
[2020-12-10T05:23:25.882+0000][6][gc,metaspace ] GC(40) Metaspace: 61899K(65960K)->61899K(65960K) NonClass: 53655K(55904K)->53655K(55904K) Class: 8243K(10056K)->8243K(10056K)
[2020-12-10T05:23:25.882+0000][6][gc           ] GC(40) Pause Young (Normal) (G1 Evacuation Pause) 556M->143M(763M) 14.030ms
[2020-12-10T05:23:25.882+0000][6][gc,cpu       ] GC(40) User=0.12s Sys=0.00s Real=0.01s
[2020-12-10T05:23:25.882+0000][6][safepoint    ] Safepoint "G1CollectForAllocation", Time since last: 145119226 ns, Reaching safepoint: 145644 ns, At safepoint: 14176223 ns, Total: 14321867 ns
[2020-12-10T05:23:26.027+0000][6][gc,start     ] GC(41) Pause Young (Normal) (G1 Evacuation Pause)
[2020-12-10T05:23:26.027+0000][6][gc,task      ] GC(41) Using 10 workers of 10 for evacuation
[2020-12-10T05:23:26.027+0000][6][gc,age       ] GC(41) Desired survivor size 28311552 bytes, new threshold 15 (max threshold 15)
[2020-12-10T05:23:26.041+0000][6][gc,age       ] GC(41) Age table with threshold 15 (max threshold 15)
[2020-12-10T05:23:26.041+0000][6][gc,age       ] GC(41) - age   1:        232 bytes,        232 total
[2020-12-10T05:23:26.041+0000][6][gc,age       ] GC(41) - age   3:      31472 bytes,      31704 total
[2020-12-10T05:23:26.041+0000][6][gc,age       ] GC(41) - age   6:      16400 bytes,      48104 total
[2020-12-10T05:23:26.041+0000][6][gc,age       ] GC(41) - age   7:    6268320 bytes,    6316424 total
[2020-12-10T05:23:26.041+0000][6][gc,age       ] GC(41) - age   8:    7130152 bytes,   13446576 total
[2020-12-10T05:23:26.041+0000][6][gc,phases    ] GC(41)   Pre Evacuate Collection Set: 0.2ms
[2020-12-10T05:23:26.041+0000][6][gc,phases    ] GC(41)   Merge Heap Roots: 0.1ms
[2020-12-10T05:23:26.041+0000][6][gc,phases    ] GC(41)   Evacuate Collection Set: 13.3ms
[2020-12-10T05:23:26.041+0000][6][gc,phases    ] GC(41)   Post Evacuate Collection Set: 0.8ms
[2020-12-10T05:23:26.041+0000][6][gc,phases    ] GC(41)   Other: 0.4ms
[2020-12-10T05:23:26.041+0000][6][gc,heap      ] GC(41) Eden regions: 412->0(414)
[2020-12-10T05:23:26.041+0000][6][gc,heap      ] GC(41) Survivor regions: 15->14(54)
[2020-12-10T05:23:26.041+0000][6][gc,heap      ] GC(41) Old regions: 80->80
[2020-12-10T05:23:26.041+0000][6][gc,heap      ] GC(41) Archive regions: 2->2
[2020-12-10T05:23:26.041+0000][6][gc,heap      ] GC(41) Humongous regions: 48->48
[2020-12-10T05:23:26.041+0000][6][gc,metaspace ] GC(41) Metaspace: 61899K(65960K)->61899K(65960K) NonClass: 53655K(55904K)->53655K(55904K) Class: 8243K(10056K)->8243K(10056K)
[2020-12-10T05:23:26.041+0000][6][gc           ] GC(41) Pause Young (Normal) (G1 Evacuation Pause) 555M->142M(763M) 14.895ms
[2020-12-10T05:23:26.041+0000][6][gc,cpu       ] GC(41) User=0.11s Sys=0.01s Real=0.01s
[2020-12-10T05:23:26.042+0000][6][safepoint    ] Safepoint "G1CollectForAllocation", Time since last: 144344342 ns, Reaching safepoint: 118963 ns, At safepoint: 15030201 ns, Total: 15149164 ns
[2020-12-10T05:23:26.188+0000][6][gc,start     ] GC(42) Pause Young (Normal) (G1 Evacuation Pause)
[2020-12-10T05:23:26.188+0000][6][gc,task      ] GC(42) Using 10 workers of 10 for evacuation
[2020-12-10T05:23:26.188+0000][6][gc,age       ] GC(42) Desired survivor size 28311552 bytes, new threshold 15 (max threshold 15)
[2020-12-10T05:23:26.205+0000][6][gc,age       ] GC(42) Age table with threshold 15 (max threshold 15)
[2020-12-10T05:23:26.205+0000][6][gc,age       ] GC(42) - age   1:       2080 bytes,       2080 total
[2020-12-10T05:23:26.205+0000][6][gc,age       ] GC(42) - age   4:      31336 bytes,      33416 total
[2020-12-10T05:23:26.205+0000][6][gc,age       ] GC(42) - age   7:      16400 bytes,      49816 total
[2020-12-10T05:23:26.205+0000][6][gc,age       ] GC(42) - age   8:    6267920 bytes,    6317736 total
[2020-12-10T05:23:26.205+0000][6][gc,age       ] GC(42) - age   9:    7130152 bytes,   13447888 total
[2020-12-10T05:23:26.205+0000][6][gc,phases    ] GC(42)   Pre Evacuate Collection Set: 0.2ms
[2020-12-10T05:23:26.205+0000][6][gc,phases    ] GC(42)   Merge Heap Roots: 0.1ms
[2020-12-10T05:23:26.205+0000][6][gc,phases    ] GC(42)   Evacuate Collection Set: 15.3ms
[2020-12-10T05:23:26.205+0000][6][gc,phases    ] GC(42)   Post Evacuate Collection Set: 0.9ms
[2020-12-10T05:23:26.205+0000][6][gc,phases    ] GC(42)   Other: 0.4ms
[2020-12-10T05:23:26.205+0000][6][gc,heap      ] GC(42) Eden regions: 414->0(412)
[2020-12-10T05:23:26.205+0000][6][gc,heap      ] GC(42) Survivor regions: 14->15(54)
[2020-12-10T05:23:26.205+0000][6][gc,heap      ] GC(42) Old regions: 80->80
[2020-12-10T05:23:26.205+0000][6][gc,heap      ] GC(42) Archive regions: 2->2
[2020-12-10T05:23:26.205+0000][6][gc,heap      ] GC(42) Humongous regions: 48->48
[2020-12-10T05:23:26.205+0000][6][gc,metaspace ] GC(42) Metaspace: 61904K(65960K)->61904K(65960K) NonClass: 53660K(55904K)->53660K(55904K) Class: 8244K(10056K)->8244K(10056K)
[2020-12-10T05:23:26.205+0000][6][gc           ] GC(42) Pause Young (Normal) (G1 Evacuation Pause) 556M->143M(763M) 16.961ms
[2020-12-10T05:23:26.205+0000][6][gc,cpu       ] GC(42) User=0.13s Sys=0.01s Real=0.02s
[2020-12-10T05:23:26.205+0000][6][safepoint    ] Safepoint "G1CollectForAllocation", Time since last: 146270820 ns, Reaching safepoint: 118804 ns, At safepoint: 17084048 ns, Total: 17202852 ns
[2020-12-10T05:23:26.360+0000][6][gc,start     ] GC(43) Pause Young (Normal) (G1 Evacuation Pause)
[2020-12-10T05:23:26.360+0000][6][gc,task      ] GC(43) Using 10 workers of 10 for evacuation
[2020-12-10T05:23:26.360+0000][6][gc,age       ] GC(43) Desired survivor size 28311552 bytes, new threshold 15 (max threshold 15)
[2020-12-10T05:23:26.373+0000][6][gc,age       ] GC(43) Age table with threshold 15 (max threshold 15)
[2020-12-10T05:23:26.373+0000][6][gc,age       ] GC(43) - age   1:      66792 bytes,      66792 total
[2020-12-10T05:23:26.373+0000][6][gc,age       ] GC(43) - age   2:       1872 bytes,      68664 total
[2020-12-10T05:23:26.373+0000][6][gc,age       ] GC(43) - age   5:      31336 bytes,     100000 total
[2020-12-10T05:23:26.373+0000][6][gc,age       ] GC(43) - age   9:    6267920 bytes,    6367920 total
[2020-12-10T05:23:26.373+0000][6][gc,age       ] GC(43) - age  10:    7130152 bytes,   13498072 total
[2020-12-10T05:23:26.381+0000][6][gc,phases    ] GC(43)   Pre Evacuate Collection Set: 0.2ms
[2020-12-10T05:23:26.381+0000][6][gc,phases    ] GC(43)   Merge Heap Roots: 0.2ms
[2020-12-10T05:23:26.381+0000][6][gc,phases    ] GC(43)   Evacuate Collection Set: 11.8ms
[2020-12-10T05:23:26.381+0000][6][gc,phases    ] GC(43)   Post Evacuate Collection Set: 8.5ms
[2020-12-10T05:23:26.381+0000][6][gc,phases    ] GC(43)   Other: 0.4ms
[2020-12-10T05:23:26.381+0000][6][gc,heap      ] GC(43) Eden regions: 412->0(454)
[2020-12-10T05:23:26.381+0000][6][gc,heap      ] GC(43) Survivor regions: 15->14(54)
[2020-12-10T05:23:26.381+0000][6][gc,heap      ] GC(43) Old regions: 80->80
[2020-12-10T05:23:26.381+0000][6][gc,heap      ] GC(43) Archive regions: 2->2
[2020-12-10T05:23:26.381+0000][6][gc,heap      ] GC(43) Humongous regions: 48->48
[2020-12-10T05:23:26.381+0000][6][gc,metaspace ] GC(43) Metaspace: 61916K(66216K)->61916K(66216K) NonClass: 53671K(56160K)->53671K(56160K) Class: 8244K(10056K)->8244K(10056K)
[2020-12-10T05:23:26.381+0000][6][gc           ] GC(43) Pause Young (Normal) (G1 Evacuation Pause) 555M->142M(816M) 21.260ms
[2020-12-10T05:23:26.381+0000][6][gc,cpu       ] GC(43) User=0.12s Sys=0.01s Real=0.02s
[2020-12-10T05:23:26.381+0000][6][safepoint    ] Safepoint "G1CollectForAllocation", Time since last: 154316278 ns, Reaching safepoint: 133067 ns, At safepoint: 21395370 ns, Total: 21528437 ns
[2020-12-10T05:23:26.557+0000][6][gc,start     ] GC(44) Pause Young (Normal) (G1 Evacuation Pause)
[2020-12-10T05:23:26.557+0000][6][gc,task      ] GC(44) Using 10 workers of 10 for evacuation
[2020-12-10T05:23:26.557+0000][6][gc,age       ] GC(44) Desired survivor size 30932992 bytes, new threshold 15 (max threshold 15)
[2020-12-10T05:23:26.570+0000][6][gc,age       ] GC(44) Age table with threshold 15 (max threshold 15)
[2020-12-10T05:23:26.570+0000][6][gc,age       ] GC(44) - age   1:     130672 bytes,     130672 total
[2020-12-10T05:23:26.570+0000][6][gc,age       ] GC(44) - age   2:       1112 bytes,     131784 total
[2020-12-10T05:23:26.570+0000][6][gc,age       ] GC(44) - age   3:       1872 bytes,     133656 total
[2020-12-10T05:23:26.570+0000][6][gc,age       ] GC(44) - age   6:      31336 bytes,     164992 total
[2020-12-10T05:23:26.570+0000][6][gc,age       ] GC(44) - age  10:    6267920 bytes,    6432912 total
[2020-12-10T05:23:26.570+0000][6][gc,age       ] GC(44) - age  11:    7130152 bytes,   13563064 total
[2020-12-10T05:23:26.570+0000][6][gc,phases    ] GC(44)   Pre Evacuate Collection Set: 0.2ms
[2020-12-10T05:23:26.570+0000][6][gc,phases    ] GC(44)   Merge Heap Roots: 0.1ms
[2020-12-10T05:23:26.570+0000][6][gc,phases    ] GC(44)   Evacuate Collection Set: 11.1ms
[2020-12-10T05:23:26.570+0000][6][gc,phases    ] GC(44)   Post Evacuate Collection Set: 0.7ms
[2020-12-10T05:23:26.570+0000][6][gc,phases    ] GC(44)   Other: 0.5ms
[2020-12-10T05:23:26.570+0000][6][gc,heap      ] GC(44) Eden regions: 454->0(451)
[2020-12-10T05:23:26.570+0000][6][gc,heap      ] GC(44) Survivor regions: 14->15(59)
[2020-12-10T05:23:26.570+0000][6][gc,heap      ] GC(44) Old regions: 80->80
[2020-12-10T05:23:26.570+0000][6][gc,heap      ] GC(44) Archive regions: 2->2
[2020-12-10T05:23:26.570+0000][6][gc,heap      ] GC(44) Humongous regions: 49->49
[2020-12-10T05:23:26.570+0000][6][gc,metaspace ] GC(44) Metaspace: 61923K(66216K)->61923K(66216K) NonClass: 53679K(56160K)->53679K(56160K) Class: 8244K(10056K)->8244K(10056K)
[2020-12-10T05:23:26.570+0000][6][gc           ] GC(44) Pause Young (Normal) (G1 Evacuation Pause) 597M->144M(816M) 12.840ms
[2020-12-10T05:23:26.570+0000][6][gc,cpu       ] GC(44) User=0.11s Sys=0.00s Real=0.01s
[2020-12-10T05:23:26.570+0000][6][safepoint    ] Safepoint "G1CollectForAllocation", Time since last: 176108619 ns, Reaching safepoint: 168220 ns, At safepoint: 12986050 ns, Total: 13154270 ns
[2020-12-10T05:23:26.735+0000][6][gc,start     ] GC(45) Pause Young (Normal) (G1 Evacuation Pause)
[2020-12-10T05:23:26.735+0000][6][gc,task      ] GC(45) Using 10 workers of 10 for evacuation
[2020-12-10T05:23:26.735+0000][6][gc,age       ] GC(45) Desired survivor size 30932992 bytes, new threshold 15 (max threshold 15)
[2020-12-10T05:23:26.748+0000][6][gc,age       ] GC(45) Age table with threshold 15 (max threshold 15)
[2020-12-10T05:23:26.748+0000][6][gc,age       ] GC(45) - age   1:       1008 bytes,       1008 total
[2020-12-10T05:23:26.748+0000][6][gc,age       ] GC(45) - age   2:     130544 bytes,     131552 total
[2020-12-10T05:23:26.748+0000][6][gc,age       ] GC(45) - age   3:       1112 bytes,     132664 total
[2020-12-10T05:23:26.748+0000][6][gc,age       ] GC(45) - age   4:       1840 bytes,     134504 total
[2020-12-10T05:23:26.748+0000][6][gc,age       ] GC(45) - age   7:      30488 bytes,     164992 total
[2020-12-10T05:23:26.748+0000][6][gc,age       ] GC(45) - age  11:    6267920 bytes,    6432912 total
[2020-12-10T05:23:26.748+0000][6][gc,age       ] GC(45) - age  12:    7130152 bytes,   13563064 total
[2020-12-10T05:23:26.749+0000][6][gc,phases    ] GC(45)   Pre Evacuate Collection Set: 0.2ms
[2020-12-10T05:23:26.749+0000][6][gc,phases    ] GC(45)   Merge Heap Roots: 0.2ms
[2020-12-10T05:23:26.749+0000][6][gc,phases    ] GC(45)   Evacuate Collection Set: 12.3ms
[2020-12-10T05:23:26.749+0000][6][gc,phases    ] GC(45)   Post Evacuate Collection Set: 0.8ms
[2020-12-10T05:23:26.749+0000][6][gc,phases    ] GC(45)   Other: 0.4ms
[2020-12-10T05:23:26.749+0000][6][gc,heap      ] GC(45) Eden regions: 451->0(453)
[2020-12-10T05:23:26.749+0000][6][gc,heap      ] GC(45) Survivor regions: 15->14(59)
[2020-12-10T05:23:26.749+0000][6][gc,heap      ] GC(45) Old regions: 80->80
[2020-12-10T05:23:26.749+0000][6][gc,heap      ] GC(45) Archive regions: 2->2
[2020-12-10T05:23:26.749+0000][6][gc,heap      ] GC(45) Humongous regions: 49->49
[2020-12-10T05:23:26.749+0000][6][gc,metaspace ] GC(45) Metaspace: 61923K(66216K)->61923K(66216K) NonClass: 53679K(56160K)->53679K(56160K) Class: 8244K(10056K)->8244K(10056K)
[2020-12-10T05:23:26.749+0000][6][gc           ] GC(45) Pause Young (Normal) (G1 Evacuation Pause) 595M->143M(816M) 14.045ms
[2020-12-10T05:23:26.749+0000][6][gc,cpu       ] GC(45) User=0.13s Sys=0.01s Real=0.01s
[2020-12-10T05:23:26.749+0000][6][safepoint    ] Safepoint "G1CollectForAllocation", Time since last: 164377749 ns, Reaching safepoint: 125804 ns, At safepoint: 14178930 ns, Total: 14304734 ns
[2020-12-10T05:23:26.975+0000][6][gc,start     ] GC(46) Pause Young (Normal) (G1 Evacuation Pause)
[2020-12-10T05:23:26.975+0000][6][gc,task      ] GC(46) Using 10 workers of 10 for evacuation
[2020-12-10T05:23:26.975+0000][6][gc,age       ] GC(46) Desired survivor size 30932992 bytes, new threshold 15 (max threshold 15)
[2020-12-10T05:23:26.990+0000][6][gc,age       ] GC(46) Age table with threshold 15 (max threshold 15)
[2020-12-10T05:23:26.990+0000][6][gc,age       ] GC(46) - age   1:        128 bytes,        128 total
[2020-12-10T05:23:26.990+0000][6][gc,age       ] GC(46) - age   2:        880 bytes,       1008 total
[2020-12-10T05:23:26.990+0000][6][gc,age       ] GC(46) - age   3:     130544 bytes,     131552 total
[2020-12-10T05:23:26.990+0000][6][gc,age       ] GC(46) - age   4:       1112 bytes,     132664 total
[2020-12-10T05:23:26.990+0000][6][gc,age       ] GC(46) - age   5:       1840 bytes,     134504 total
[2020-12-10T05:23:26.990+0000][6][gc,age       ] GC(46) - age   8:      30488 bytes,     164992 total
[2020-12-10T05:23:26.990+0000][6][gc,age       ] GC(46) - age  12:    6267920 bytes,    6432912 total
[2020-12-10T05:23:26.990+0000][6][gc,age       ] GC(46) - age  13:    7130152 bytes,   13563064 total
[2020-12-10T05:23:26.990+0000][6][gc,phases    ] GC(46)   Pre Evacuate Collection Set: 0.2ms
[2020-12-10T05:23:26.990+0000][6][gc,phases    ] GC(46)   Merge Heap Roots: 0.2ms
[2020-12-10T05:23:26.990+0000][6][gc,phases    ] GC(46)   Evacuate Collection Set: 13.4ms
[2020-12-10T05:23:26.990+0000][6][gc,phases    ] GC(46)   Post Evacuate Collection Set: 0.8ms
[2020-12-10T05:23:26.990+0000][6][gc,phases    ] GC(46)   Other: 0.4ms
[2020-12-10T05:23:26.990+0000][6][gc,heap      ] GC(46) Eden regions: 453->0(453)
[2020-12-10T05:23:26.990+0000][6][gc,heap      ] GC(46) Survivor regions: 14->14(59)
[2020-12-10T05:23:26.990+0000][6][gc,heap      ] GC(46) Old regions: 80->80
[2020-12-10T05:23:26.990+0000][6][gc,heap      ] GC(46) Archive regions: 2->2
[2020-12-10T05:23:26.990+0000][6][gc,heap      ] GC(46) Humongous regions: 49->49
[2020-12-10T05:23:26.990+0000][6][gc,metaspace ] GC(46) Metaspace: 61923K(66216K)->61923K(66216K) NonClass: 53679K(56160K)->53679K(56160K) Class: 8244K(10056K)->8244K(10056K)
[2020-12-10T05:23:26.990+0000][6][gc           ] GC(46) Pause Young (Normal) (G1 Evacuation Pause) 596M->143M(816M) 15.198ms
[2020-12-10T05:23:26.990+0000][6][gc,cpu       ] GC(46) User=0.13s Sys=0.00s Real=0.01s
[2020-12-10T05:23:26.990+0000][6][safepoint    ] Safepoint "G1CollectForAllocation", Time since last: 225803648 ns, Reaching safepoint: 161532 ns, At safepoint: 15346443 ns, Total: 15507975 ns
[2020-12-10T05:23:27.169+0000][6][gc,start     ] GC(47) Pause Young (Normal) (G1 Evacuation Pause)
[2020-12-10T05:23:27.169+0000][6][gc,task      ] GC(47) Using 10 workers of 10 for evacuation
[2020-12-10T05:23:27.169+0000][6][gc,age       ] GC(47) Desired survivor size 30932992 bytes, new threshold 15 (max threshold 15)
[2020-12-10T05:23:27.183+0000][6][gc,age       ] GC(47) Age table with threshold 15 (max threshold 15)
[2020-12-10T05:23:27.183+0000][6][gc,age       ] GC(47) - age   1:        696 bytes,        696 total
[2020-12-10T05:23:27.183+0000][6][gc,age       ] GC(47) - age   3:        848 bytes,       1544 total
[2020-12-10T05:23:27.183+0000][6][gc,age       ] GC(47) - age   4:     130544 bytes,     132088 total
[2020-12-10T05:23:27.183+0000][6][gc,age       ] GC(47) - age   5:       1112 bytes,     133200 total
[2020-12-10T05:23:27.183+0000][6][gc,age       ] GC(47) - age   6:       1440 bytes,     134640 total
[2020-12-10T05:23:27.183+0000][6][gc,age       ] GC(47) - age   9:      30488 bytes,     165128 total
[2020-12-10T05:23:27.183+0000][6][gc,age       ] GC(47) - age  13:    6267888 bytes,    6433016 total
[2020-12-10T05:23:27.183+0000][6][gc,age       ] GC(47) - age  14:    7130152 bytes,   13563168 total
[2020-12-10T05:23:27.186+0000][6][gc,phases    ] GC(47)   Pre Evacuate Collection Set: 0.2ms
[2020-12-10T05:23:27.186+0000][6][gc,phases    ] GC(47)   Merge Heap Roots: 0.2ms
[2020-12-10T05:23:27.186+0000][6][gc,phases    ] GC(47)   Evacuate Collection Set: 12.6ms
[2020-12-10T05:23:27.186+0000][6][gc,phases    ] GC(47)   Post Evacuate Collection Set: 3.6ms
[2020-12-10T05:23:27.186+0000][6][gc,phases    ] GC(47)   Other: 0.5ms
[2020-12-10T05:23:27.186+0000][6][gc,heap      ] GC(47) Eden regions: 453->0(461)
[2020-12-10T05:23:27.186+0000][6][gc,heap      ] GC(47) Survivor regions: 14->15(59)
[2020-12-10T05:23:27.186+0000][6][gc,heap      ] GC(47) Old regions: 80->80
[2020-12-10T05:23:27.186+0000][6][gc,heap      ] GC(47) Archive regions: 2->2
[2020-12-10T05:23:27.186+0000][6][gc,heap      ] GC(47) Humongous regions: 49->49
[2020-12-10T05:23:27.186+0000][6][gc,metaspace ] GC(47) Metaspace: 61923K(66216K)->61923K(66216K) NonClass: 53679K(56160K)->53679K(56160K) Class: 8244K(10056K)->8244K(10056K)
[2020-12-10T05:23:27.186+0000][6][gc           ] GC(47) Pause Young (Normal) (G1 Evacuation Pause) 596M->144M(830M) 17.143ms
[2020-12-10T05:23:27.186+0000][6][gc,cpu       ] GC(47) User=0.13s Sys=0.01s Real=0.02s
[2020-12-10T05:23:27.186+0000][6][safepoint    ] Safepoint "G1CollectForAllocation", Time since last: 178396231 ns, Reaching safepoint: 139333 ns, At safepoint: 17281480 ns, Total: 17420813 ns
[2020-12-10T05:23:27.369+0000][6][gc,start     ] GC(48) Pause Young (Normal) (G1 Evacuation Pause)
[2020-12-10T05:23:27.369+0000][6][gc,task      ] GC(48) Using 10 workers of 10 for evacuation
[2020-12-10T05:23:27.369+0000][6][gc,age       ] GC(48) Desired survivor size 31457280 bytes, new threshold 15 (max threshold 15)
[2020-12-10T05:23:27.385+0000][6][gc,age       ] GC(48) Age table with threshold 15 (max threshold 15)
[2020-12-10T05:23:27.385+0000][6][gc,age       ] GC(48) - age   1:        232 bytes,        232 total
[2020-12-10T05:23:27.385+0000][6][gc,age       ] GC(48) - age   2:        464 bytes,        696 total
[2020-12-10T05:23:27.385+0000][6][gc,age       ] GC(48) - age   4:        848 bytes,       1544 total
[2020-12-10T05:23:27.385+0000][6][gc,age       ] GC(48) - age   5:     130544 bytes,     132088 total
[2020-12-10T05:23:27.385+0000][6][gc,age       ] GC(48) - age   6:       1112 bytes,     133200 total
[2020-12-10T05:23:27.385+0000][6][gc,age       ] GC(48) - age   7:       1440 bytes,     134640 total
[2020-12-10T05:23:27.385+0000][6][gc,age       ] GC(48) - age  10:      30488 bytes,     165128 total
[2020-12-10T05:23:27.385+0000][6][gc,age       ] GC(48) - age  14:    6267888 bytes,    6433016 total
[2020-12-10T05:23:27.385+0000][6][gc,age       ] GC(48) - age  15:    7130152 bytes,   13563168 total
[2020-12-10T05:23:27.385+0000][6][gc,phases    ] GC(48)   Pre Evacuate Collection Set: 0.2ms
[2020-12-10T05:23:27.385+0000][6][gc,phases    ] GC(48)   Merge Heap Roots: 0.1ms
[2020-12-10T05:23:27.385+0000][6][gc,phases    ] GC(48)   Evacuate Collection Set: 14.1ms
[2020-12-10T05:23:27.385+0000][6][gc,phases    ] GC(48)   Post Evacuate Collection Set: 0.8ms
[2020-12-10T05:23:27.385+0000][6][gc,phases    ] GC(48)   Other: 0.5ms
[2020-12-10T05:23:27.385+0000][6][gc,heap      ] GC(48) Eden regions: 461->0(461)
[2020-12-10T05:23:27.385+0000][6][gc,heap      ] GC(48) Survivor regions: 15->15(60)
[2020-12-10T05:23:27.385+0000][6][gc,heap      ] GC(48) Old regions: 80->80
[2020-12-10T05:23:27.385+0000][6][gc,heap      ] GC(48) Archive regions: 2->2
[2020-12-10T05:23:27.385+0000][6][gc,heap      ] GC(48) Humongous regions: 49->49
[2020-12-10T05:23:27.385+0000][6][gc,metaspace ] GC(48) Metaspace: 61923K(66216K)->61923K(66216K) NonClass: 53679K(56160K)->53679K(56160K) Class: 8244K(10056K)->8244K(10056K)
[2020-12-10T05:23:27.385+0000][6][gc           ] GC(48) Pause Young (Normal) (G1 Evacuation Pause) 605M->144M(830M) 15.884ms
[2020-12-10T05:23:27.385+0000][6][gc,cpu       ] GC(48) User=0.13s Sys=0.00s Real=0.02s
[2020-12-10T05:23:27.385+0000][6][safepoint    ] Safepoint "G1CollectForAllocation", Time since last: 183061857 ns, Reaching safepoint: 156272 ns, At safepoint: 16009064 ns, Total: 16165336 ns
[2020-12-10T05:23:27.584+0000][6][gc,start     ] GC(49) Pause Young (Normal) (G1 Evacuation Pause)
[2020-12-10T05:23:27.584+0000][6][gc,task      ] GC(49) Using 10 workers of 10 for evacuation
[2020-12-10T05:23:27.584+0000][6][gc,age       ] GC(49) Desired survivor size 31457280 bytes, new threshold 15 (max threshold 15)
[2020-12-10T05:23:27.600+0000][6][gc,age       ] GC(49) Age table with threshold 15 (max threshold 15)
[2020-12-10T05:23:27.600+0000][6][gc,age       ] GC(49) - age   1:        232 bytes,        232 total
[2020-12-10T05:23:27.600+0000][6][gc,age       ] GC(49) - age   3:        464 bytes,        696 total
[2020-12-10T05:23:27.600+0000][6][gc,age       ] GC(49) - age   5:        848 bytes,       1544 total
[2020-12-10T05:23:27.600+0000][6][gc,age       ] GC(49) - age   6:     130544 bytes,     132088 total
[2020-12-10T05:23:27.600+0000][6][gc,age       ] GC(49) - age   7:       1112 bytes,     133200 total
[2020-12-10T05:23:27.600+0000][6][gc,age       ] GC(49) - age   8:       1440 bytes,     134640 total
[2020-12-10T05:23:27.600+0000][6][gc,age       ] GC(49) - age  11:      30488 bytes,     165128 total
[2020-12-10T05:23:27.600+0000][6][gc,age       ] GC(49) - age  15:    6267888 bytes,    6433016 total
[2020-12-10T05:23:27.600+0000][6][gc,phases    ] GC(49)   Pre Evacuate Collection Set: 0.2ms
[2020-12-10T05:23:27.600+0000][6][gc,phases    ] GC(49)   Merge Heap Roots: 0.2ms
[2020-12-10T05:23:27.600+0000][6][gc,phases    ] GC(49)   Evacuate Collection Set: 14.9ms
[2020-12-10T05:23:27.600+0000][6][gc,phases    ] GC(49)   Post Evacuate Collection Set: 0.8ms
[2020-12-10T05:23:27.600+0000][6][gc,phases    ] GC(49)   Other: 0.4ms
[2020-12-10T05:23:27.600+0000][6][gc,heap      ] GC(49) Eden regions: 461->0(466)
[2020-12-10T05:23:27.600+0000][6][gc,heap      ] GC(49) Survivor regions: 15->8(60)
[2020-12-10T05:23:27.600+0000][6][gc,heap      ] GC(49) Old regions: 80->87
[2020-12-10T05:23:27.600+0000][6][gc,heap      ] GC(49) Archive regions: 2->2
[2020-12-10T05:23:27.600+0000][6][gc,heap      ] GC(49) Humongous regions: 51->51
[2020-12-10T05:23:27.600+0000][6][gc,metaspace ] GC(49) Metaspace: 61923K(66216K)->61923K(66216K) NonClass: 53679K(56160K)->53679K(56160K) Class: 8244K(10056K)->8244K(10056K)
[2020-12-10T05:23:27.600+0000][6][gc           ] GC(49) Pause Young (Normal) (G1 Evacuation Pause) 607M->146M(830M) 16.694ms
[2020-12-10T05:23:27.600+0000][6][gc,cpu       ] GC(49) User=0.15s Sys=0.00s Real=0.02s
[2020-12-10T05:23:27.600+0000][6][safepoint    ] Safepoint "G1CollectForAllocation", Time since last: 198350948 ns, Reaching safepoint: 144662 ns, At safepoint: 16823552 ns, Total: 16968214 ns
[2020-12-10T05:23:27.784+0000][6][gc,start     ] GC(50) Pause Young (Normal) (G1 Evacuation Pause)
[2020-12-10T05:23:27.784+0000][6][gc,task      ] GC(50) Using 10 workers of 10 for evacuation
[2020-12-10T05:23:27.784+0000][6][gc,age       ] GC(50) Desired survivor size 31457280 bytes, new threshold 15 (max threshold 15)
[2020-12-10T05:23:27.794+0000][6][gc,age       ] GC(50) Age table with threshold 15 (max threshold 15)
[2020-12-10T05:23:27.794+0000][6][gc,age       ] GC(50) - age   1:        880 bytes,        880 total
[2020-12-10T05:23:27.794+0000][6][gc,age       ] GC(50) - age   4:        432 bytes,       1312 total
[2020-12-10T05:23:27.794+0000][6][gc,age       ] GC(50) - age   7:     130544 bytes,     131856 total
[2020-12-10T05:23:27.794+0000][6][gc,age       ] GC(50) - age   8:       1112 bytes,     132968 total
[2020-12-10T05:23:27.794+0000][6][gc,age       ] GC(50) - age   9:       1440 bytes,     134408 total
[2020-12-10T05:23:27.794+0000][6][gc,age       ] GC(50) - age  12:      30488 bytes,     164896 total
[2020-12-10T05:23:27.794+0000][6][gc,phases    ] GC(50)   Pre Evacuate Collection Set: 0.2ms
[2020-12-10T05:23:27.794+0000][6][gc,phases    ] GC(50)   Merge Heap Roots: 0.1ms
[2020-12-10T05:23:27.794+0000][6][gc,phases    ] GC(50)   Evacuate Collection Set: 8.2ms
[2020-12-10T05:23:27.794+0000][6][gc,phases    ] GC(50)   Post Evacuate Collection Set: 0.9ms
[2020-12-10T05:23:27.794+0000][6][gc,phases    ] GC(50)   Other: 0.4ms
[2020-12-10T05:23:27.794+0000][6][gc,heap      ] GC(50) Eden regions: 466->0(472)
[2020-12-10T05:23:27.794+0000][6][gc,heap      ] GC(50) Survivor regions: 8->1(60)
[2020-12-10T05:23:27.794+0000][6][gc,heap      ] GC(50) Old regions: 87->94
[2020-12-10T05:23:27.794+0000][6][gc,heap      ] GC(50) Archive regions: 2->2
[2020-12-10T05:23:27.794+0000][6][gc,heap      ] GC(50) Humongous regions: 51->51
[2020-12-10T05:23:27.794+0000][6][gc,metaspace ] GC(50) Metaspace: 61930K(66216K)->61930K(66216K) NonClass: 53685K(56160K)->53685K(56160K) Class: 8244K(10056K)->8244K(10056K)
[2020-12-10T05:23:27.794+0000][6][gc           ] GC(50) Pause Young (Normal) (G1 Evacuation Pause) 612M->146M(830M) 9.992ms
[2020-12-10T05:23:27.794+0000][6][gc,cpu       ] GC(50) User=0.07s Sys=0.01s Real=0.01s
[2020-12-10T05:23:27.794+0000][6][safepoint    ] Safepoint "G1CollectForAllocation", Time since last: 183618376 ns, Reaching safepoint: 144988 ns, At safepoint: 10124385 ns, Total: 10269373 ns
[2020-12-10T05:23:27.971+0000][6][gc,start     ] GC(51) Pause Young (Normal) (G1 Evacuation Pause)
[2020-12-10T05:23:27.971+0000][6][gc,task      ] GC(51) Using 10 workers of 10 for evacuation
[2020-12-10T05:23:27.971+0000][6][gc,age       ] GC(51) Desired survivor size 31457280 bytes, new threshold 15 (max threshold 15)
[2020-12-10T05:23:27.975+0000][6][gc,age       ] GC(51) Age table with threshold 15 (max threshold 15)
[2020-12-10T05:23:27.975+0000][6][gc,age       ] GC(51) - age   1:        232 bytes,        232 total
[2020-12-10T05:23:27.975+0000][6][gc,age       ] GC(51) - age   2:        880 bytes,       1112 total
[2020-12-10T05:23:27.975+0000][6][gc,age       ] GC(51) - age   5:        432 bytes,       1544 total
[2020-12-10T05:23:27.975+0000][6][gc,age       ] GC(51) - age   8:     130544 bytes,     132088 total
[2020-12-10T05:23:27.975+0000][6][gc,age       ] GC(51) - age   9:       1112 bytes,     133200 total
[2020-12-10T05:23:27.975+0000][6][gc,age       ] GC(51) - age  10:       1440 bytes,     134640 total
[2020-12-10T05:23:27.975+0000][6][gc,age       ] GC(51) - age  13:      30488 bytes,     165128 total
[2020-12-10T05:23:27.975+0000][6][gc,phases    ] GC(51)   Pre Evacuate Collection Set: 0.2ms
[2020-12-10T05:23:27.975+0000][6][gc,phases    ] GC(51)   Merge Heap Roots: 0.1ms
[2020-12-10T05:23:27.975+0000][6][gc,phases    ] GC(51)   Evacuate Collection Set: 2.1ms
[2020-12-10T05:23:27.975+0000][6][gc,phases    ] GC(51)   Post Evacuate Collection Set: 0.6ms
[2020-12-10T05:23:27.975+0000][6][gc,phases    ] GC(51)   Other: 0.3ms
[2020-12-10T05:23:27.975+0000][6][gc,heap      ] GC(51) Eden regions: 472->0(470)
[2020-12-10T05:23:27.975+0000][6][gc,heap      ] GC(51) Survivor regions: 1->1(60)
[2020-12-10T05:23:27.975+0000][6][gc,heap      ] GC(51) Old regions: 94->94
[2020-12-10T05:23:27.975+0000][6][gc,heap      ] GC(51) Archive regions: 2->2
[2020-12-10T05:23:27.975+0000][6][gc,heap      ] GC(51) Humongous regions: 54->54
[2020-12-10T05:23:27.975+0000][6][gc,metaspace ] GC(51) Metaspace: 61930K(66216K)->61930K(66216K) NonClass: 53685K(56160K)->53685K(56160K) Class: 8244K(10056K)->8244K(10056K)
[2020-12-10T05:23:27.975+0000][6][gc           ] GC(51) Pause Young (Normal) (G1 Evacuation Pause) 621M->148M(830M) 3.441ms
[2020-12-10T05:23:27.975+0000][6][gc,cpu       ] GC(51) User=0.02s Sys=0.00s Real=0.01s
[2020-12-10T05:23:27.975+0000][6][safepoint    ] Safepoint "G1CollectForAllocation", Time since last: 176730301 ns, Reaching safepoint: 138387 ns, At safepoint: 3521361 ns, Total: 3659748 ns
[2020-12-10T05:23:28.221+0000][6][gc,start     ] GC(52) Pause Young (Normal) (G1 Evacuation Pause)
[2020-12-10T05:23:28.221+0000][6][gc,task      ] GC(52) Using 10 workers of 10 for evacuation
[2020-12-10T05:23:28.221+0000][6][gc,age       ] GC(52) Desired survivor size 30932992 bytes, new threshold 15 (max threshold 15)
[2020-12-10T05:23:28.223+0000][6][gc,age       ] GC(52) Age table with threshold 15 (max threshold 15)
[2020-12-10T05:23:28.223+0000][6][gc,age       ] GC(52) - age   1:        696 bytes,        696 total
[2020-12-10T05:23:28.223+0000][6][gc,age       ] GC(52) - age   3:        848 bytes,       1544 total
[2020-12-10T05:23:28.223+0000][6][gc,age       ] GC(52) - age   6:         32 bytes,       1576 total
[2020-12-10T05:23:28.223+0000][6][gc,age       ] GC(52) - age   9:     130544 bytes,     132120 total
[2020-12-10T05:23:28.223+0000][6][gc,age       ] GC(52) - age  10:       1112 bytes,     133232 total
[2020-12-10T05:23:28.223+0000][6][gc,age       ] GC(52) - age  11:       1408 bytes,     134640 total
[2020-12-10T05:23:28.223+0000][6][gc,age       ] GC(52) - age  14:      30488 bytes,     165128 total
[2020-12-10T05:23:28.223+0000][6][gc,phases    ] GC(52)   Pre Evacuate Collection Set: 0.2ms
[2020-12-10T05:23:28.223+0000][6][gc,phases    ] GC(52)   Merge Heap Roots: 0.1ms
[2020-12-10T05:23:28.223+0000][6][gc,phases    ] GC(52)   Evacuate Collection Set: 1.1ms
[2020-12-10T05:23:28.223+0000][6][gc,phases    ] GC(52)   Post Evacuate Collection Set: 0.9ms
[2020-12-10T05:23:28.223+0000][6][gc,phases    ] GC(52)   Other: 0.4ms
[2020-12-10T05:23:28.223+0000][6][gc,heap      ] GC(52) Eden regions: 470->0(470)
[2020-12-10T05:23:28.223+0000][6][gc,heap      ] GC(52) Survivor regions: 1->1(59)
[2020-12-10T05:23:28.223+0000][6][gc,heap      ] GC(52) Old regions: 94->94
[2020-12-10T05:23:28.223+0000][6][gc,heap      ] GC(52) Archive regions: 2->2
[2020-12-10T05:23:28.223+0000][6][gc,heap      ] GC(52) Humongous regions: 54->54
[2020-12-10T05:23:28.223+0000][6][gc,metaspace ] GC(52) Metaspace: 61931K(66216K)->61931K(66216K) NonClass: 53686K(56160K)->53686K(56160K) Class: 8244K(10056K)->8244K(10056K)
[2020-12-10T05:23:28.223+0000][6][gc           ] GC(52) Pause Young (Normal) (G1 Evacuation Pause) 618M->148M(830M) 2.877ms
[2020-12-10T05:23:28.223+0000][6][gc,cpu       ] GC(52) User=0.01s Sys=0.00s Real=0.00s
[2020-12-10T05:23:28.224+0000][6][safepoint    ] Safepoint "G1CollectForAllocation", Time since last: 245654426 ns, Reaching safepoint: 118048 ns, At safepoint: 2993234 ns, Total: 3111282 ns
[2020-12-10T05:23:28.841+0000][6][gc,start     ] GC(53) Pause Young (Normal) (G1 Evacuation Pause)
[2020-12-10T05:23:28.841+0000][6][gc,task      ] GC(53) Using 10 workers of 10 for evacuation
[2020-12-10T05:23:28.841+0000][6][gc,age       ] GC(53) Desired survivor size 30932992 bytes, new threshold 15 (max threshold 15)
[2020-12-10T05:23:28.847+0000][6][gc,age       ] GC(53) Age table with threshold 15 (max threshold 15)
[2020-12-10T05:23:28.847+0000][6][gc,age       ] GC(53) - age   1:    4214080 bytes,    4214080 total
[2020-12-10T05:23:28.847+0000][6][gc,age       ] GC(53) - age   2:        432 bytes,    4214512 total
[2020-12-10T05:23:28.847+0000][6][gc,age       ] GC(53) - age   7:         32 bytes,    4214544 total
[2020-12-10T05:23:28.847+0000][6][gc,age       ] GC(53) - age  10:     130544 bytes,    4345088 total
[2020-12-10T05:23:28.847+0000][6][gc,age       ] GC(53) - age  11:         32 bytes,    4345120 total
[2020-12-10T05:23:28.847+0000][6][gc,age       ] GC(53) - age  12:       1408 bytes,    4346528 total
[2020-12-10T05:23:28.847+0000][6][gc,age       ] GC(53) - age  15:      30488 bytes,    4377016 total
[2020-12-10T05:23:28.847+0000][6][gc,phases    ] GC(53)   Pre Evacuate Collection Set: 0.1ms
[2020-12-10T05:23:28.847+0000][6][gc,phases    ] GC(53)   Merge Heap Roots: 0.1ms
[2020-12-10T05:23:28.847+0000][6][gc,phases    ] GC(53)   Evacuate Collection Set: 4.9ms
[2020-12-10T05:23:28.847+0000][6][gc,phases    ] GC(53)   Post Evacuate Collection Set: 0.6ms
[2020-12-10T05:23:28.847+0000][6][gc,phases    ] GC(53)   Other: 0.3ms
[2020-12-10T05:23:28.847+0000][6][gc,heap      ] GC(53) Eden regions: 470->0(454)
[2020-12-10T05:23:28.847+0000][6][gc,heap      ] GC(53) Survivor regions: 1->5(59)
[2020-12-10T05:23:28.847+0000][6][gc,heap      ] GC(53) Old regions: 94->94
[2020-12-10T05:23:28.847+0000][6][gc,heap      ] GC(53) Archive regions: 2->2
[2020-12-10T05:23:28.847+0000][6][gc,heap      ] GC(53) Humongous regions: 62->62
[2020-12-10T05:23:28.847+0000][6][gc,metaspace ] GC(53) Metaspace: 62045K(66216K)->62045K(66216K) NonClass: 53801K(56160K)->53801K(56160K) Class: 8244K(10056K)->8244K(10056K)
[2020-12-10T05:23:28.847+0000][6][gc           ] GC(53) Pause Young (Normal) (G1 Evacuation Pause) 626M->160M(830M) 6.165ms
[2020-12-10T05:23:28.847+0000][6][gc,cpu       ] GC(53) User=0.05s Sys=0.01s Real=0.01s
[2020-12-10T05:23:28.847+0000][6][safepoint    ] Safepoint "G1CollectForAllocation", Time since last: 617491789 ns, Reaching safepoint: 162672 ns, At safepoint: 6257532 ns, Total: 6420204 ns
[2020-12-10T05:23:29.894+0000][6][gc,start     ] GC(54) Pause Young (Normal) (G1 Evacuation Pause)
[2020-12-10T05:23:29.894+0000][6][gc,task      ] GC(54) Using 10 workers of 10 for evacuation
[2020-12-10T05:23:29.894+0000][6][gc,age       ] GC(54) Desired survivor size 30408704 bytes, new threshold 15 (max threshold 15)
[2020-12-10T05:23:29.911+0000][6][gc,age       ] GC(54) Age table with threshold 15 (max threshold 15)
[2020-12-10T05:23:29.911+0000][6][gc,age       ] GC(54) - age   1:   11181032 bytes,   11181032 total
[2020-12-10T05:23:29.911+0000][6][gc,age       ] GC(54) - age   2:    3978528 bytes,   15159560 total
[2020-12-10T05:23:29.911+0000][6][gc,age       ] GC(54) - age   3:         32 bytes,   15159592 total
[2020-12-10T05:23:29.911+0000][6][gc,age       ] GC(54) - age  11:      63432 bytes,   15223024 total
[2020-12-10T05:23:29.911+0000][6][gc,age       ] GC(54) - age  12:         32 bytes,   15223056 total
[2020-12-10T05:23:29.911+0000][6][gc,age       ] GC(54) - age  13:       1408 bytes,   15224464 total
[2020-12-10T05:23:29.911+0000][6][gc,phases    ] GC(54)   Pre Evacuate Collection Set: 0.2ms
[2020-12-10T05:23:29.911+0000][6][gc,phases    ] GC(54)   Merge Heap Roots: 0.2ms
[2020-12-10T05:23:29.911+0000][6][gc,phases    ] GC(54)   Evacuate Collection Set: 15.3ms
[2020-12-10T05:23:29.911+0000][6][gc,phases    ] GC(54)   Post Evacuate Collection Set: 0.8ms
[2020-12-10T05:23:29.911+0000][6][gc,phases    ] GC(54)   Other: 0.5ms
[2020-12-10T05:23:29.911+0000][6][gc,heap      ] GC(54) Eden regions: 454->0(433)
[2020-12-10T05:23:29.911+0000][6][gc,heap      ] GC(54) Survivor regions: 5->15(58)
[2020-12-10T05:23:29.911+0000][6][gc,heap      ] GC(54) Old regions: 94->94
[2020-12-10T05:23:29.911+0000][6][gc,heap      ] GC(54) Archive regions: 2->2
[2020-12-10T05:23:29.911+0000][6][gc,heap      ] GC(54) Humongous regions: 65->63
[2020-12-10T05:23:29.911+0000][6][gc,metaspace ] GC(54) Metaspace: 62054K(66216K)->62054K(66216K) NonClass: 53809K(56160K)->53809K(56160K) Class: 8244K(10056K)->8244K(10056K)
[2020-12-10T05:23:29.911+0000][6][gc           ] GC(54) Pause Young (Normal) (G1 Evacuation Pause) 617M->172M(830M) 17.058ms
[2020-12-10T05:23:29.911+0000][6][gc,cpu       ] GC(54) User=0.14s Sys=0.00s Real=0.02s
[2020-12-10T05:23:29.911+0000][6][safepoint    ] Safepoint "G1CollectForAllocation", Time since last: 1046270625 ns, Reaching safepoint: 140201 ns, At safepoint: 17197219 ns, Total: 17337420 ns
[2020-12-10T05:23:30.433+0000][6][safepoint    ] Safepoint "ICBufferFull", Time since last: 522071082 ns, Reaching safepoint: 308353 ns, At safepoint: 9034 ns, Total: 317387 ns
[2020-12-10T05:23:30.704+0000][6][safepoint    ] Safepoint "BulkRevokeBias", Time since last: 270332070 ns, Reaching safepoint: 355749 ns, At safepoint: 201383 ns, Total: 557132 ns
[2020-12-10T05:23:30.707+0000][6][safepoint    ] Safepoint "BulkRevokeBias", Time since last: 2587877 ns, Reaching safepoint: 194130 ns, At safepoint: 251350 ns, Total: 445480 ns
[2020-12-10T05:23:31.106+0000][6][safepoint    ] Safepoint "BulkRevokeBias", Time since last: 396186874 ns, Reaching safepoint: 192928 ns, At safepoint: 1954732 ns, Total: 2147660 ns
[2020-12-10T05:23:32.584+0000][6][safepoint    ] Safepoint "Cleanup", Time since last: 1478652805 ns, Reaching safepoint: 149306 ns, At safepoint: 10441 ns, Total: 159747 ns
[2020-12-10T05:23:33.058+0000][6][safepoint    ] Safepoint "BulkRevokeBias", Time since last: 473186857 ns, Reaching safepoint: 83334 ns, At safepoint: 229134 ns, Total: 312468 ns
[2020-12-10T05:23:33.071+0000][6][safepoint    ] Safepoint "BulkRevokeBias", Time since last: 12482802 ns, Reaching safepoint: 65341 ns, At safepoint: 274456 ns, Total: 339797 ns
[2020-12-10T05:23:34.770+0000][6][safepoint    ] Safepoint "Cleanup", Time since last: 1699129797 ns, Reaching safepoint: 306979 ns, At safepoint: 16743 ns, Total: 323722 ns
[2020-12-10T05:23:35.771+0000][6][safepoint    ] Safepoint "Cleanup", Time since last: 1000186610 ns, Reaching safepoint: 165882 ns, At safepoint: 16466 ns, Total: 182348 ns
[2020-12-10T05:23:37.272+0000][6][safepoint    ] Safepoint "Cleanup", Time since last: 1501088731 ns, Reaching safepoint: 169307 ns, At safepoint: 15945 ns, Total: 185252 ns
[2020-12-10T05:23:38.773+0000][6][safepoint    ] Safepoint "Cleanup", Time since last: 1501074227 ns, Reaching safepoint: 288622 ns, At safepoint: 19088 ns, Total: 307710 ns
[2020-12-10T05:23:40.193+0000][6][safepoint    ] Safepoint "Cleanup", Time since last: 1419414100 ns, Reaching safepoint: 201122 ns, At safepoint: 14555 ns, Total: 215677 ns
[2020-12-10T05:23:41.193+0000][6][safepoint    ] Safepoint "Cleanup", Time since last: 1000189404 ns, Reaching safepoint: 159102 ns, At safepoint: 15935 ns, Total: 175037 ns
[2020-12-10T05:23:42.275+0000][6][safepoint    ] Safepoint "Cleanup", Time since last: 1081488577 ns, Reaching safepoint: 201449 ns, At safepoint: 15288 ns, Total: 216737 ns
[2020-12-10T05:23:43.275+0000][6][safepoint    ] Safepoint "Cleanup", Time since last: 1000190385 ns, Reaching safepoint: 153094 ns, At safepoint: 23793 ns, Total: 176887 ns
[2020-12-10T05:23:44.777+0000][6][safepoint    ] Safepoint "Cleanup", Time since last: 1501112840 ns, Reaching safepoint: 194228 ns, At safepoint: 16249 ns, Total: 210477 ns
[2020-12-10T05:23:45.777+0000][6][safepoint    ] Safepoint "Cleanup", Time since last: 1000187833 ns, Reaching safepoint: 167797 ns, At safepoint: 16349 ns, Total: 184146 ns
[2020-12-10T05:23:47.279+0000][6][safepoint    ] Safepoint "Cleanup", Time since last: 1502083725 ns, Reaching safepoint: 188365 ns, At safepoint: 15959 ns, Total: 204324 ns
[2020-12-10T05:23:48.280+0000][6][safepoint    ] Safepoint "Cleanup", Time since last: 1000193977 ns, Reaching safepoint: 166182 ns, At safepoint: 15529 ns, Total: 181711 ns
[2020-12-10T05:23:49.780+0000][6][safepoint    ] Safepoint "Cleanup", Time since last: 1499842636 ns, Reaching safepoint: 203231 ns, At safepoint: 16025 ns, Total: 219256 ns
[2020-12-10T05:23:50.780+0000][6][safepoint    ] Safepoint "Cleanup", Time since last: 1000182303 ns, Reaching safepoint: 179423 ns, At safepoint: 16740 ns, Total: 196163 ns
[2020-12-10T05:23:52.283+0000][6][safepoint    ] Safepoint "Cleanup", Time since last: 1502610718 ns, Reaching safepoint: 167306 ns, At safepoint: 17510 ns, Total: 184816 ns
[2020-12-10T05:23:53.784+0000][6][safepoint    ] Safepoint "Cleanup", Time since last: 1500366410 ns, Reaching safepoint: 159781 ns, At safepoint: 22554 ns, Total: 182335 ns
[2020-12-10T05:23:55.101+0000][6][safepoint    ] Safepoint "Cleanup", Time since last: 1317779463 ns, Reaching safepoint: 191020 ns, At safepoint: 15849 ns, Total: 206869 ns
[2020-12-10T05:23:56.288+0000][6][safepoint    ] Safepoint "Cleanup", Time since last: 1186336456 ns, Reaching safepoint: 164628 ns, At safepoint: 18021 ns, Total: 182649 ns
[2020-12-10T05:23:58.289+0000][6][safepoint    ] Safepoint "Cleanup", Time since last: 2000385245 ns, Reaching safepoint: 192000 ns, At safepoint: 16320 ns, Total: 208320 ns
[2020-12-10T05:23:59.790+0000][6][safepoint    ] Safepoint "Cleanup", Time since last: 1500926760 ns, Reaching safepoint: 152231 ns, At safepoint: 15695 ns, Total: 167926 ns
[2020-12-10T05:24:01.290+0000][6][safepoint    ] Safepoint "Cleanup", Time since last: 1500180268 ns, Reaching safepoint: 170927 ns, At safepoint: 26611 ns, Total: 197538 ns
[2020-12-10T05:24:02.296+0000][6][safepoint    ] Safepoint "Cleanup", Time since last: 1005742758 ns, Reaching safepoint: 187113 ns, At safepoint: 13848 ns, Total: 200961 ns
[2020-12-10T05:24:03.333+0000][6][safepoint    ] Safepoint "Cleanup", Time since last: 1036671384 ns, Reaching safepoint: 232601 ns, At safepoint: 18555 ns, Total: 251156 ns
[2020-12-10T05:24:04.792+0000][6][safepoint    ] Safepoint "Cleanup", Time since last: 1458932486 ns, Reaching safepoint: 180143 ns, At safepoint: 39299 ns, Total: 219442 ns
[2020-12-10T05:24:05.373+0000][6][safepoint    ] Safepoint "BulkRevokeBias", Time since last: 578460989 ns, Reaching safepoint: 215813 ns, At safepoint: 2122788 ns, Total: 2338601 ns
[2020-12-10T05:24:07.293+0000][6][safepoint    ] Safepoint "Cleanup", Time since last: 1919331584 ns, Reaching safepoint: 278876 ns, At safepoint: 15495 ns, Total: 294371 ns
[2020-12-10T05:24:08.792+0000][6][safepoint    ] Safepoint "Cleanup", Time since last: 1499707104 ns, Reaching safepoint: 153748 ns, At safepoint: 22716 ns, Total: 176464 ns
[2020-12-10T05:24:09.858+0000][6][safepoint    ] Safepoint "ICBufferFull", Time since last: 1064936295 ns, Reaching safepoint: 229017 ns, At safepoint: 21160 ns, Total: 250177 ns
[2020-12-10T05:24:10.886+0000][6][safepoint    ] Safepoint "Cleanup", Time since last: 1027971315 ns, Reaching safepoint: 239017 ns, At safepoint: 21329 ns, Total: 260346 ns
[2020-12-10T05:24:12.294+0000][6][safepoint    ] Safepoint "Cleanup", Time since last: 1407649924 ns, Reaching safepoint: 213095 ns, At safepoint: 16126 ns, Total: 229221 ns
[2020-12-10T05:24:13.794+0000][6][safepoint    ] Safepoint "Cleanup", Time since last: 1499902331 ns, Reaching safepoint: 230972 ns, At safepoint: 21927 ns, Total: 252899 ns
[2020-12-10T05:24:16.296+0000][6][safepoint    ] Safepoint "BulkRevokeBias", Time since last: 2500741324 ns, Reaching safepoint: 170153 ns, At safepoint: 1401395 ns, Total: 1571548 ns
[2020-12-10T05:24:18.796+0000][6][safepoint    ] Safepoint "Cleanup", Time since last: 2499629962 ns, Reaching safepoint: 178940 ns, At safepoint: 16427 ns, Total: 195367 ns
[2020-12-10T05:24:19.796+0000][6][safepoint    ] Safepoint "Cleanup", Time since last: 1000236904 ns, Reaching safepoint: 211372 ns, At safepoint: 27923 ns, Total: 239295 ns
[2020-12-10T05:24:21.299+0000][6][safepoint    ] Safepoint "Cleanup", Time since last: 1502476173 ns, Reaching safepoint: 194365 ns, At safepoint: 21146 ns, Total: 215511 ns
[2020-12-10T05:24:22.300+0000][6][safepoint    ] Safepoint "Cleanup", Time since last: 1000203665 ns, Reaching safepoint: 212162 ns, At safepoint: 16249 ns, Total: 228411 ns
[2020-12-10T05:24:23.799+0000][6][safepoint    ] Safepoint "Cleanup", Time since last: 1499380985 ns, Reaching safepoint: 197466 ns, At safepoint: 21803 ns, Total: 219269 ns
[2020-12-10T05:24:24.800+0000][6][safepoint    ] Safepoint "Cleanup", Time since last: 1000229047 ns, Reaching safepoint: 178993 ns, At safepoint: 17413 ns, Total: 196406 ns
[2020-12-10T05:24:26.142+0000][6][safepoint    ] Safepoint "Cleanup", Time since last: 1342649051 ns, Reaching safepoint: 198874 ns, At safepoint: 16858 ns, Total: 215732 ns
[2020-12-10T05:24:27.299+0000][6][safepoint    ] Safepoint "Cleanup", Time since last: 1156419799 ns, Reaching safepoint: 283340 ns, At safepoint: 16785 ns, Total: 300125 ns
[2020-12-10T05:24:28.801+0000][6][safepoint    ] Safepoint "Cleanup", Time since last: 1501398247 ns, Reaching safepoint: 197676 ns, At safepoint: 20079 ns, Total: 217755 ns
[2020-12-10T05:24:30.801+0000][6][safepoint    ] Safepoint "Cleanup", Time since last: 2000290600 ns, Reaching safepoint: 205902 ns, At safepoint: 18096 ns, Total: 223998 ns
[2020-12-10T05:24:33.194+0000][6][safepoint    ] Safepoint "Cleanup", Time since last: 2392986324 ns, Reaching safepoint: 151814 ns, At safepoint: 14663 ns, Total: 166477 ns
[2020-12-10T05:24:33.285+0000][6][safepoint    ] Safepoint "BulkRevokeBias", Time since last: 89904084 ns, Reaching safepoint: 120991 ns, At safepoint: 499935 ns, Total: 620926 ns
[2020-12-10T05:24:34.804+0000][6][safepoint    ] Safepoint "Cleanup", Time since last: 1518944915 ns, Reaching safepoint: 251105 ns, At safepoint: 16628 ns, Total: 267733 ns
[2020-12-10T05:24:35.805+0000][6][safepoint    ] Safepoint "Cleanup", Time since last: 1000155630 ns, Reaching safepoint: 268597 ns, At safepoint: 20098 ns, Total: 288695 ns
[2020-12-10T05:24:37.307+0000][6][safepoint    ] Safepoint "Cleanup", Time since last: 1501686731 ns, Reaching safepoint: 219247 ns, At safepoint: 16348 ns, Total: 235595 ns
[2020-12-10T05:24:38.806+0000][6][safepoint    ] Safepoint "Cleanup", Time since last: 1499650107 ns, Reaching safepoint: 239230 ns, At safepoint: 15944 ns, Total: 255174 ns
[2020-12-10T05:24:41.310+0000][6][safepoint    ] Safepoint "Cleanup", Time since last: 2503106976 ns, Reaching safepoint: 177102 ns, At safepoint: 15329 ns, Total: 192431 ns
[2020-12-10T05:24:42.310+0000][6][safepoint    ] Safepoint "Cleanup", Time since last: 1000227072 ns, Reaching safepoint: 238587 ns, At safepoint: 17373 ns, Total: 255960 ns
[2020-12-10T05:24:44.813+0000][6][safepoint    ] Safepoint "Cleanup", Time since last: 2502503166 ns, Reaching safepoint: 197296 ns, At safepoint: 16110 ns, Total: 213406 ns
[2020-12-10T05:24:45.813+0000][6][safepoint    ] Safepoint "Cleanup", Time since last: 1000211871 ns, Reaching safepoint: 217391 ns, At safepoint: 17220 ns, Total: 234611 ns
[2020-12-10T05:24:47.314+0000][6][safepoint    ] Safepoint "Cleanup", Time since last: 1500653263 ns, Reaching safepoint: 206675 ns, At safepoint: 28752 ns, Total: 235427 ns
[2020-12-10T05:24:48.315+0000][6][safepoint    ] Safepoint "Cleanup", Time since last: 1000187199 ns, Reaching safepoint: 196660 ns, At safepoint: 16409 ns, Total: 213069 ns
[2020-12-10T05:24:49.816+0000][6][safepoint    ] Safepoint "Cleanup", Time since last: 1500738733 ns, Reaching safepoint: 237449 ns, At safepoint: 19265 ns, Total: 256714 ns
[2020-12-10T05:24:51.319+0000][6][safepoint    ] Safepoint "Cleanup", Time since last: 1502826742 ns, Reaching safepoint: 264445 ns, At safepoint: 21772 ns, Total: 286217 ns
[2020-12-10T05:24:52.319+0000][6][safepoint    ] Safepoint "Cleanup", Time since last: 1000274163 ns, Reaching safepoint: 200783 ns, At safepoint: 15301 ns, Total: 216084 ns
[2020-12-10T05:24:53.820+0000][6][safepoint    ] Safepoint "Cleanup", Time since last: 1500778573 ns, Reaching safepoint: 187751 ns, At safepoint: 23510 ns, Total: 211261 ns
[2020-12-10T05:24:54.821+0000][6][safepoint    ] Safepoint "Cleanup", Time since last: 1000266402 ns, Reaching safepoint: 222968 ns, At safepoint: 16356 ns, Total: 239324 ns
[2020-12-10T05:24:57.322+0000][6][safepoint    ] Safepoint "Cleanup", Time since last: 2501457606 ns, Reaching safepoint: 196205 ns, At safepoint: 15181 ns, Total: 211386 ns
[2020-12-10T05:25:01.328+0000][6][safepoint    ] Safepoint "Cleanup", Time since last: 4004953848 ns, Reaching safepoint: 171345 ns, At safepoint: 21579 ns, Total: 192924 ns
[2020-12-10T05:25:02.328+0000][6][safepoint    ] Safepoint "Cleanup", Time since last: 1000267827 ns, Reaching safepoint: 239652 ns, At safepoint: 16357 ns, Total: 256009 ns
[2020-12-10T05:25:03.329+0000][6][safepoint    ] Safepoint "Cleanup", Time since last: 1000188464 ns, Reaching safepoint: 253279 ns, At safepoint: 19391 ns, Total: 272670 ns
[2020-12-10T05:25:04.834+0000][6][safepoint    ] Safepoint "Cleanup", Time since last: 1504756105 ns, Reaching safepoint: 226000 ns, At safepoint: 30170 ns, Total: 256170 ns
[2020-12-10T05:25:08.833+0000][6][safepoint    ] Safepoint "Cleanup", Time since last: 3999052430 ns, Reaching safepoint: 200591 ns, At safepoint: 18080 ns, Total: 218671 ns
[2020-12-10T05:25:11.335+0000][6][safepoint    ] Safepoint "Cleanup", Time since last: 2501933785 ns, Reaching safepoint: 184527 ns, At safepoint: 17903 ns, Total: 202430 ns
[2020-12-10T05:25:16.339+0000][6][safepoint    ] Safepoint "Cleanup", Time since last: 5003545361 ns, Reaching safepoint: 176741 ns, At safepoint: 17911 ns, Total: 194652 ns
[2020-12-10T05:25:21.342+0000][6][safepoint    ] Safepoint "Cleanup", Time since last: 5003316862 ns, Reaching safepoint: 192375 ns, At safepoint: 16933 ns, Total: 209308 ns
[2020-12-10T05:25:22.343+0000][6][safepoint    ] Safepoint "Cleanup", Time since last: 1000230644 ns, Reaching safepoint: 205141 ns, At safepoint: 17000 ns, Total: 222141 ns
[2020-12-10T05:25:23.343+0000][6][safepoint    ] Safepoint "Cleanup", Time since last: 1000183131 ns, Reaching safepoint: 217769 ns, At safepoint: 17800 ns, Total: 235569 ns
[2020-12-10T05:25:24.844+0000][6][safepoint    ] Safepoint "Cleanup", Time since last: 1500694481 ns, Reaching safepoint: 247679 ns, At safepoint: 18180 ns, Total: 265859 ns
[2020-12-10T05:25:26.346+0000][6][safepoint    ] Safepoint "Cleanup", Time since last: 1501522434 ns, Reaching safepoint: 180597 ns, At safepoint: 16346 ns, Total: 196943 ns
[2020-12-10T05:25:28.346+0000][6][safepoint    ] Safepoint "Cleanup", Time since last: 2000352176 ns, Reaching safepoint: 209194 ns, At safepoint: 16963 ns, Total: 226157 ns
[2020-12-10T05:25:28.848+0000][6][safepoint    ] Safepoint "BulkRevokeBias", Time since last: 500064761 ns, Reaching safepoint: 213053 ns, At safepoint: 844094 ns, Total: 1057147 ns
[2020-12-10T05:25:33.349+0000][6][safepoint    ] Safepoint "Cleanup", Time since last: 4501227260 ns, Reaching safepoint: 190436 ns, At safepoint: 17810 ns, Total: 208246 ns
[2020-12-10T05:25:34.851+0000][6][safepoint    ] Safepoint "Cleanup", Time since last: 1501288936 ns, Reaching safepoint: 234955 ns, At safepoint: 17534 ns, Total: 252489 ns
[2020-12-10T05:25:36.353+0000][6][safepoint    ] Safepoint "Cleanup", Time since last: 1502418087 ns, Reaching safepoint: 210431 ns, At safepoint: 19831 ns, Total: 230262 ns
[2020-12-10T05:25:37.748+0000][6][safepoint    ] Safepoint "Cleanup", Time since last: 1394711613 ns, Reaching safepoint: 185687 ns, At safepoint: 14928 ns, Total: 200615 ns
[2020-12-10T05:25:38.270+0000][6][safepoint    ] Safepoint "BulkRevokeBias", Time since last: 521192605 ns, Reaching safepoint: 216121 ns, At safepoint: 926554 ns, Total: 1142675 ns
[2020-12-10T05:25:38.295+0000][6][safepoint    ] Safepoint "BulkRevokeBias", Time since last: 23933432 ns, Reaching safepoint: 160169 ns, At safepoint: 852232 ns, Total: 1012401 ns
[2020-12-10T05:25:39.856+0000][6][safepoint    ] Safepoint "Cleanup", Time since last: 1560128355 ns, Reaching safepoint: 213870 ns, At safepoint: 17110 ns, Total: 230980 ns
[2020-12-10T05:25:54.870+0000][6][safepoint    ] Safepoint "Cleanup", Time since last: 15014163678 ns, Reaching safepoint: 268728 ns, At safepoint: 21072 ns, Total: 289800 ns
[2020-12-10T05:25:56.373+0000][6][safepoint    ] Safepoint "Cleanup", Time since last: 1502564404 ns, Reaching safepoint: 168487 ns, At safepoint: 20892 ns, Total: 189379 ns
[2020-12-10T05:25:58.872+0000][6][safepoint    ] Safepoint "Cleanup", Time since last: 2499018943 ns, Reaching safepoint: 210404 ns, At safepoint: 20768 ns, Total: 231172 ns
[2020-12-10T05:25:59.873+0000][6][safepoint    ] Safepoint "Cleanup", Time since last: 1000232749 ns, Reaching safepoint: 180043 ns, At safepoint: 17724 ns, Total: 197767 ns
[2020-12-10T05:26:01.373+0000][6][safepoint    ] Safepoint "Cleanup", Time since last: 1500216894 ns, Reaching safepoint: 191068 ns, At safepoint: 30775 ns, Total: 221843 ns
[2020-12-10T05:26:03.874+0000][6][safepoint    ] Safepoint "Cleanup", Time since last: 2500849281 ns, Reaching safepoint: 228473 ns, At safepoint: 18968 ns, Total: 247441 ns
[2020-12-10T05:26:06.377+0000][6][safepoint    ] Safepoint "Cleanup", Time since last: 2502835920 ns, Reaching safepoint: 196166 ns, At safepoint: 22829 ns, Total: 218995 ns
[2020-12-10T05:26:08.879+0000][6][safepoint    ] Safepoint "Cleanup", Time since last: 2501797793 ns, Reaching safepoint: 185418 ns, At safepoint: 25343 ns, Total: 210761 ns
[2020-12-10T05:26:11.380+0000][6][safepoint    ] Safepoint "Cleanup", Time since last: 2500595601 ns, Reaching safepoint: 212799 ns, At safepoint: 33416 ns, Total: 246215 ns
[2020-12-10T05:26:14.883+0000][6][safepoint    ] Safepoint "Cleanup", Time since last: 3502958042 ns, Reaching safepoint: 229892 ns, At safepoint: 17259 ns, Total: 247151 ns
[2020-12-10T05:26:16.383+0000][6][safepoint    ] Safepoint "Cleanup", Time since last: 1499821275 ns, Reaching safepoint: 204691 ns, At safepoint: 20502 ns, Total: 225193 ns
[2020-12-10T05:26:17.384+0000][6][safepoint    ] Safepoint "Cleanup", Time since last: 1000230997 ns, Reaching safepoint: 213839 ns, At safepoint: 17490 ns, Total: 231329 ns
[2020-12-10T05:26:18.886+0000][6][safepoint    ] Safepoint "Cleanup", Time since last: 1501482413 ns, Reaching safepoint: 232584 ns, At safepoint: 20031 ns, Total: 252615 ns
[2020-12-10T05:26:21.386+0000][6][safepoint    ] Safepoint "Cleanup", Time since last: 2500140867 ns, Reaching safepoint: 170214 ns, At safepoint: 19749 ns, Total: 189963 ns
[2020-12-10T05:26:23.386+0000][6][safepoint    ] Safepoint "Cleanup", Time since last: 2000313900 ns, Reaching safepoint: 209744 ns, At safepoint: 16913 ns, Total: 226657 ns
[2020-12-10T05:26:24.889+0000][6][safepoint    ] Safepoint "Cleanup", Time since last: 1502690501 ns, Reaching safepoint: 216271 ns, At safepoint: 16930 ns, Total: 233201 ns
[2020-12-10T05:26:26.389+0000][6][safepoint    ] Safepoint "Cleanup", Time since last: 1499316070 ns, Reaching safepoint: 183678 ns, At safepoint: 22430 ns, Total: 206108 ns
[2020-12-10T05:26:28.890+0000][6][safepoint    ] Safepoint "Cleanup", Time since last: 2501255364 ns, Reaching safepoint: 180306 ns, At safepoint: 18029 ns, Total: 198335 ns
[2020-12-10T05:26:33.483+0000][6][safepoint    ] Safepoint "Cleanup", Time since last: 4592325467 ns, Reaching safepoint: 153191 ns, At safepoint: 17515 ns, Total: 170706 ns
[2020-12-10T05:26:33.523+0000][6][safepoint    ] Safepoint "BulkRevokeBias", Time since last: 38837628 ns, Reaching safepoint: 140977 ns, At safepoint: 1191785 ns, Total: 1332762 ns
[2020-12-10T05:26:34.897+0000][6][safepoint    ] Safepoint "Cleanup", Time since last: 1373610061 ns, Reaching safepoint: 223435 ns, At safepoint: 16640 ns, Total: 240075 ns
[2020-12-10T05:26:36.400+0000][6][safepoint    ] Safepoint "Cleanup", Time since last: 1503427820 ns, Reaching safepoint: 184859 ns, At safepoint: 21216 ns, Total: 206075 ns
[2020-12-10T05:26:37.754+0000][6][safepoint    ] Safepoint "Cleanup", Time since last: 1353365729 ns, Reaching safepoint: 155730 ns, At safepoint: 21772 ns, Total: 177502 ns
[2020-12-10T05:26:38.317+0000][6][safepoint    ] Safepoint "BulkRevokeBias", Time since last: 562050955 ns, Reaching safepoint: 204824 ns, At safepoint: 864090 ns, Total: 1068914 ns
[2020-12-10T05:26:39.903+0000][6][safepoint    ] Safepoint "Cleanup", Time since last: 1585998120 ns, Reaching safepoint: 214744 ns, At safepoint: 17646 ns, Total: 232390 ns
[2020-12-10T05:26:51.418+0000][6][safepoint    ] Safepoint "Cleanup", Time since last: 11514593264 ns, Reaching safepoint: 284431 ns, At safepoint: 18601 ns, Total: 303032 ns
[2020-12-10T05:26:53.419+0000][6][safepoint    ] Safepoint "Cleanup", Time since last: 2000366864 ns, Reaching safepoint: 209694 ns, At safepoint: 16936 ns, Total: 226630 ns
[2020-12-10T05:26:54.917+0000][6][safepoint    ] Safepoint "Cleanup", Time since last: 1498098650 ns, Reaching safepoint: 234851 ns, At safepoint: 18024 ns, Total: 252875 ns
[2020-12-10T05:26:56.420+0000][6][safepoint    ] Safepoint "Cleanup", Time since last: 1502604537 ns, Reaching safepoint: 191643 ns, At safepoint: 15246 ns, Total: 206889 ns
[2020-12-10T05:26:58.921+0000][6][safepoint    ] Safepoint "Cleanup", Time since last: 2500844833 ns, Reaching safepoint: 212859 ns, At safepoint: 30768 ns, Total: 243627 ns
[2020-12-10T05:27:03.925+0000][6][safepoint    ] Safepoint "Cleanup", Time since last: 5004068614 ns, Reaching safepoint: 149806 ns, At safepoint: 19175 ns, Total: 168981 ns
[2020-12-10T05:27:18.938+0000][6][safepoint    ] Safepoint "Cleanup", Time since last: 15012516734 ns, Reaching safepoint: 219036 ns, At safepoint: 38452 ns, Total: 257488 ns
[2020-12-10T05:27:23.940+0000][6][safepoint    ] Safepoint "Cleanup", Time since last: 5001703458 ns, Reaching safepoint: 197707 ns, At safepoint: 19928 ns, Total: 217635 ns
[2020-12-10T05:27:24.940+0000][6][safepoint    ] Safepoint "Cleanup", Time since last: 1000257877 ns, Reaching safepoint: 205985 ns, At safepoint: 16776 ns, Total: 222761 ns
[2020-12-10T05:27:27.443+0000][6][safepoint    ] Safepoint "Cleanup", Time since last: 2501912889 ns, Reaching safepoint: 189838 ns, At safepoint: 16181 ns, Total: 206019 ns
[2020-12-10T05:27:33.615+0000][6][safepoint    ] Safepoint "Cleanup", Time since last: 6172123382 ns, Reaching safepoint: 163744 ns, At safepoint: 17430 ns, Total: 181174 ns
[2020-12-10T05:27:33.635+0000][6][safepoint    ] Safepoint "BulkRevokeBias", Time since last: 19272803 ns, Reaching safepoint: 325241 ns, At safepoint: 749363 ns, Total: 1074604 ns
[2020-12-10T05:27:33.653+0000][6][safepoint    ] Safepoint "BulkRevokeBias", Time since last: 16657957 ns, Reaching safepoint: 151863 ns, At safepoint: 683805 ns, Total: 835668 ns
[2020-12-10T05:27:33.671+0000][6][safepoint    ] Safepoint "BulkRevokeBias", Time since last: 17596691 ns, Reaching safepoint: 144523 ns, At safepoint: 873092 ns, Total: 1017615 ns
[2020-12-10T05:27:34.946+0000][6][safepoint    ] Safepoint "Cleanup", Time since last: 1273970482 ns, Reaching safepoint: 230716 ns, At safepoint: 16412 ns, Total: 247128 ns
[2020-12-10T05:27:37.449+0000][6][safepoint    ] Safepoint "Cleanup", Time since last: 2503655489 ns, Reaching safepoint: 228395 ns, At safepoint: 17710 ns, Total: 246105 ns
[2020-12-10T05:27:38.950+0000][6][safepoint    ] Safepoint "Cleanup", Time since last: 1499851998 ns, Reaching safepoint: 225640 ns, At safepoint: 23890 ns, Total: 249530 ns
[2020-12-10T05:27:41.452+0000][6][safepoint    ] Safepoint "Cleanup", Time since last: 2501728027 ns, Reaching safepoint: 196663 ns, At safepoint: 17667 ns, Total: 214330 ns
[2020-12-10T05:27:47.455+0000][6][safepoint    ] Safepoint "Cleanup", Time since last: 6003337304 ns, Reaching safepoint: 181821 ns, At safepoint: 24808 ns, Total: 206629 ns
[2020-12-10T05:27:53.106+0000][6][gc,start     ] GC(55) Pause Young (Normal) (G1 Evacuation Pause)
[2020-12-10T05:27:53.106+0000][6][gc,task      ] GC(55) Using 10 workers of 10 for evacuation
[2020-12-10T05:27:53.106+0000][6][gc,age       ] GC(55) Desired survivor size 29360128 bytes, new threshold 15 (max threshold 15)
[2020-12-10T05:27:53.129+0000][6][gc,age       ] GC(55) Age table with threshold 15 (max threshold 15)
[2020-12-10T05:27:53.130+0000][6][gc,age       ] GC(55) - age   1:   10377728 bytes,   10377728 total
[2020-12-10T05:27:53.130+0000][6][gc,age       ] GC(55) - age   2:   10876616 bytes,   21254344 total
[2020-12-10T05:27:53.130+0000][6][gc,age       ] GC(55) - age   3:    3885944 bytes,   25140288 total
[2020-12-10T05:27:53.130+0000][6][gc,age       ] GC(55) - age  12:      63432 bytes,   25203720 total
[2020-12-10T05:27:53.130+0000][6][gc,age       ] GC(55) - age  14:       1136 bytes,   25204856 total
[2020-12-10T05:27:53.130+0000][6][gc,phases    ] GC(55)   Pre Evacuate Collection Set: 0.2ms
[2020-12-10T05:27:53.130+0000][6][gc,phases    ] GC(55)   Merge Heap Roots: 0.3ms
[2020-12-10T05:27:53.130+0000][6][gc,phases    ] GC(55)   Evacuate Collection Set: 21.5ms
[2020-12-10T05:27:53.130+0000][6][gc,phases    ] GC(55)   Post Evacuate Collection Set: 1.5ms
[2020-12-10T05:27:53.130+0000][6][gc,phases    ] GC(55)   Other: 0.5ms
[2020-12-10T05:27:53.130+0000][6][gc,heap      ] GC(55) Eden regions: 433->0(408)
[2020-12-10T05:27:53.130+0000][6][gc,heap      ] GC(55) Survivor regions: 15->25(56)
[2020-12-10T05:27:53.130+0000][6][gc,heap      ] GC(55) Old regions: 94->94
[2020-12-10T05:27:53.130+0000][6][gc,heap      ] GC(55) Archive regions: 2->2
[2020-12-10T05:27:53.130+0000][6][gc,heap      ] GC(55) Humongous regions: 69->68
[2020-12-10T05:27:53.130+0000][6][gc,metaspace ] GC(55) Metaspace: 69467K(74152K)->69467K(74152K) NonClass: 60349K(63072K)->60349K(63072K) Class: 9117K(11080K)->9117K(11080K)
[2020-12-10T05:27:53.130+0000][6][gc           ] GC(55) Pause Young (Normal) (G1 Evacuation Pause) 611M->187M(830M) 24.081ms
[2020-12-10T05:27:53.130+0000][6][gc,cpu       ] GC(55) User=0.21s Sys=0.01s Real=0.02s
[2020-12-10T05:27:53.130+0000][6][safepoint    ] Safepoint "G1CollectForAllocation", Time since last: 5650401004 ns, Reaching safepoint: 202373 ns, At safepoint: 24234680 ns, Total: 24437053 ns
[2020-12-10T05:27:54.960+0000][6][safepoint    ] Safepoint "Cleanup", Time since last: 1830130876 ns, Reaching safepoint: 237864 ns, At safepoint: 17510 ns, Total: 255374 ns
[2020-12-10T05:28:01.469+0000][6][safepoint    ] Safepoint "Cleanup", Time since last: 6508192581 ns, Reaching safepoint: 172419 ns, At safepoint: 22553 ns, Total: 194972 ns
[2020-12-10T05:28:11.474+0000][6][safepoint    ] Safepoint "Cleanup", Time since last: 10004998526 ns, Reaching safepoint: 208012 ns, At safepoint: 29234 ns, Total: 237246 ns
[2020-12-10T05:28:13.975+0000][6][safepoint    ] Safepoint "Cleanup", Time since last: 2501280736 ns, Reaching safepoint: 204607 ns, At safepoint: 21144 ns, Total: 225751 ns
[2020-12-10T05:28:16.478+0000][6][safepoint    ] Safepoint "Cleanup", Time since last: 2502443957 ns, Reaching safepoint: 199294 ns, At safepoint: 19505 ns, Total: 218799 ns
[2020-12-10T05:28:18.583+0000][6][safepoint    ] Safepoint "Cleanup", Time since last: 2104335249 ns, Reaching safepoint: 214672 ns, At safepoint: 17644 ns, Total: 232316 ns
[2020-12-10T05:28:19.978+0000][6][safepoint    ] Safepoint "Cleanup", Time since last: 1395125880 ns, Reaching safepoint: 259789 ns, At safepoint: 32892 ns, Total: 292681 ns
[2020-12-10T05:28:26.482+0000][6][safepoint    ] Safepoint "Cleanup", Time since last: 6503627999 ns, Reaching safepoint: 186003 ns, At safepoint: 22230 ns, Total: 208233 ns
[2020-12-10T05:28:28.983+0000][6][safepoint    ] Safepoint "Cleanup", Time since last: 2500880460 ns, Reaching safepoint: 161326 ns, At safepoint: 23543 ns, Total: 184869 ns
[2020-12-10T05:28:31.597+0000][6][safepoint    ] Safepoint "Cleanup", Time since last: 2613559694 ns, Reaching safepoint: 173303 ns, At safepoint: 21716 ns, Total: 195019 ns
[2020-12-10T05:28:31.623+0000][6][safepoint    ] Safepoint "BulkRevokeBias", Time since last: 25802224 ns, Reaching safepoint: 141191 ns, At safepoint: 790478 ns, Total: 931669 ns
[2020-12-10T05:28:31.687+0000][6][safepoint    ] Safepoint "BulkRevokeBias", Time since last: 61431581 ns, Reaching safepoint: 316237 ns, At safepoint: 1897884 ns, Total: 2214121 ns
[2020-12-10T05:28:31.708+0000][6][safepoint    ] Safepoint "BulkRevokeBias", Time since last: 17287640 ns, Reaching safepoint: 284989 ns, At safepoint: 3487161 ns, Total: 3772150 ns
[2020-12-10T05:28:31.716+0000][6][safepoint    ] Safepoint "BulkRevokeBias", Time since last: 7007997 ns, Reaching safepoint: 194348 ns, At safepoint: 772425 ns, Total: 966773 ns
[2020-12-10T05:28:33.254+0000][6][safepoint    ] Safepoint "Cleanup", Time since last: 1537160939 ns, Reaching safepoint: 322449 ns, At safepoint: 22739 ns, Total: 345188 ns
[2020-12-10T05:28:33.286+0000][6][safepoint    ] Safepoint "BulkRevokeBias", Time since last: 31083672 ns, Reaching safepoint: 197269 ns, At safepoint: 1364621 ns, Total: 1561890 ns
[2020-12-10T05:28:34.291+0000][6][safepoint    ] Safepoint "Cleanup", Time since last: 1004193350 ns, Reaching safepoint: 354208 ns, At safepoint: 17549 ns, Total: 371757 ns
[2020-12-10T05:28:34.298+0000][6][safepoint    ] Safepoint "BulkRevokeBias", Time since last: 5537649 ns, Reaching safepoint: 167579 ns, At safepoint: 1019979 ns, Total: 1187558 ns
[2020-12-10T05:28:35.298+0000][6][safepoint    ] Safepoint "Cleanup", Time since last: 1000172410 ns, Reaching safepoint: 277232 ns, At safepoint: 34903 ns, Total: 312135 ns
[2020-12-10T05:28:36.299+0000][6][safepoint    ] Safepoint "Cleanup", Time since last: 1000198606 ns, Reaching safepoint: 222691 ns, At safepoint: 19074 ns, Total: 241765 ns
[2020-12-10T05:28:37.299+0000][6][safepoint    ] Safepoint "Cleanup", Time since last: 1000190698 ns, Reaching safepoint: 254363 ns, At safepoint: 17870 ns, Total: 272233 ns
[2020-12-10T05:28:38.407+0000][6][safepoint    ] Safepoint "Cleanup", Time since last: 1108252252 ns, Reaching safepoint: 220767 ns, At safepoint: 21609 ns, Total: 242376 ns
[2020-12-10T05:28:38.441+0000][6][safepoint    ] Safepoint "BulkRevokeBias", Time since last: 31497658 ns, Reaching safepoint: 188325 ns, At safepoint: 1988401 ns, Total: 2176726 ns
[2020-12-10T05:28:39.442+0000][6][safepoint    ] Safepoint "Cleanup", Time since last: 1000180709 ns, Reaching safepoint: 234014 ns, At safepoint: 19118 ns, Total: 253132 ns
[2020-12-10T05:28:40.442+0000][6][safepoint    ] Safepoint "Cleanup", Time since last: 1000202111 ns, Reaching safepoint: 224549 ns, At safepoint: 20372 ns, Total: 244921 ns
[2020-12-10T05:28:41.442+0000][6][safepoint    ] Safepoint "Cleanup", Time since last: 1000204109 ns, Reaching safepoint: 224939 ns, At safepoint: 19510 ns, Total: 244449 ns
[2020-12-10T05:28:42.443+0000][6][safepoint    ] Safepoint "Cleanup", Time since last: 1000194504 ns, Reaching safepoint: 214973 ns, At safepoint: 21383 ns, Total: 236356 ns
[2020-12-10T05:28:43.443+0000][6][safepoint    ] Safepoint "Cleanup", Time since last: 1000191049 ns, Reaching safepoint: 222401 ns, At safepoint: 21316 ns, Total: 243717 ns
[2020-12-10T05:28:44.444+0000][6][safepoint    ] Safepoint "Cleanup", Time since last: 1000198217 ns, Reaching safepoint: 225576 ns, At safepoint: 22886 ns, Total: 248462 ns
[2020-12-10T05:28:45.444+0000][6][safepoint    ] Safepoint "Cleanup", Time since last: 1000189427 ns, Reaching safepoint: 206295 ns, At safepoint: 24100 ns, Total: 230395 ns
[2020-12-10T05:28:46.445+0000][6][safepoint    ] Safepoint "Cleanup", Time since last: 1000200867 ns, Reaching safepoint: 211651 ns, At safepoint: 21426 ns, Total: 233077 ns
[2020-12-10T05:28:47.445+0000][6][safepoint    ] Safepoint "Cleanup", Time since last: 1000192127 ns, Reaching safepoint: 202079 ns, At safepoint: 42778 ns, Total: 244857 ns
[2020-12-10T05:28:48.446+0000][6][safepoint    ] Safepoint "Cleanup", Time since last: 1000204836 ns, Reaching safepoint: 223878 ns, At safepoint: 23000 ns, Total: 246878 ns
[2020-12-10T05:28:49.446+0000][6][safepoint    ] Safepoint "Cleanup", Time since last: 1000196695 ns, Reaching safepoint: 397098 ns, At safepoint: 24167 ns, Total: 421265 ns
[2020-12-10T05:28:50.447+0000][6][safepoint    ] Safepoint "Cleanup", Time since last: 1000199510 ns, Reaching safepoint: 214610 ns, At safepoint: 21129 ns, Total: 235739 ns
[2020-12-10T05:28:51.447+0000][6][safepoint    ] Safepoint "Cleanup", Time since last: 1000205080 ns, Reaching safepoint: 234241 ns, At safepoint: 19257 ns, Total: 253498 ns
[2020-12-10T05:28:52.448+0000][6][safepoint    ] Safepoint "Cleanup", Time since last: 1000226076 ns, Reaching safepoint: 344321 ns, At safepoint: 21232 ns, Total: 365553 ns
[2020-12-10T05:28:53.448+0000][6][safepoint    ] Safepoint "Cleanup", Time since last: 1000187339 ns, Reaching safepoint: 252955 ns, At safepoint: 23087 ns, Total: 276042 ns
[2020-12-10T05:28:54.449+0000][6][safepoint    ] Safepoint "Cleanup", Time since last: 1000217937 ns, Reaching safepoint: 244344 ns, At safepoint: 23083 ns, Total: 267427 ns
[2020-12-10T05:28:55.449+0000][6][safepoint    ] Safepoint "Cleanup", Time since last: 1000184741 ns, Reaching safepoint: 212279 ns, At safepoint: 24294 ns, Total: 236573 ns
[2020-12-10T05:28:56.449+0000][6][safepoint    ] Safepoint "Cleanup", Time since last: 1000212354 ns, Reaching safepoint: 224762 ns, At safepoint: 21686 ns, Total: 246448 ns
[2020-12-10T05:28:57.450+0000][6][safepoint    ] Safepoint "Cleanup", Time since last: 1000184451 ns, Reaching safepoint: 218593 ns, At safepoint: 21759 ns, Total: 240352 ns
[2020-12-10T05:28:58.450+0000][6][safepoint    ] Safepoint "Cleanup", Time since last: 1000223464 ns, Reaching safepoint: 220490 ns, At safepoint: 20958 ns, Total: 241448 ns
[2020-12-10T05:28:59.451+0000][6][safepoint    ] Safepoint "Cleanup", Time since last: 1000189878 ns, Reaching safepoint: 227607 ns, At safepoint: 21852 ns, Total: 249459 ns
[2020-12-10T05:29:00.451+0000][6][safepoint    ] Safepoint "Cleanup", Time since last: 1000197409 ns, Reaching safepoint: 256240 ns, At safepoint: 23250 ns, Total: 279490 ns
[2020-12-10T05:29:01.452+0000][6][safepoint    ] Safepoint "Cleanup", Time since last: 1000188584 ns, Reaching safepoint: 199314 ns, At safepoint: 25598 ns, Total: 224912 ns
[2020-12-10T05:29:02.452+0000][6][safepoint    ] Safepoint "Cleanup", Time since last: 1000164363 ns, Reaching safepoint: 196798 ns, At safepoint: 34837 ns, Total: 231635 ns
[2020-12-10T05:29:03.453+0000][6][safepoint    ] Safepoint "Cleanup", Time since last: 1000192354 ns, Reaching safepoint: 227681 ns, At safepoint: 21862 ns, Total: 249543 ns
[2020-12-10T05:29:04.453+0000][6][safepoint    ] Safepoint "Cleanup", Time since last: 1000208829 ns, Reaching safepoint: 214794 ns, At safepoint: 21769 ns, Total: 236563 ns
[2020-12-10T05:29:05.453+0000][6][safepoint    ] Safepoint "Cleanup", Time since last: 1000193072 ns, Reaching safepoint: 229595 ns, At safepoint: 22587 ns, Total: 252182 ns
[2020-12-10T05:29:06.454+0000][6][safepoint    ] Safepoint "Cleanup", Time since last: 1000199506 ns, Reaching safepoint: 221881 ns, At safepoint: 21709 ns, Total: 243590 ns
[2020-12-10T05:29:07.454+0000][6][safepoint    ] Safepoint "Cleanup", Time since last: 1000190586 ns, Reaching safepoint: 244066 ns, At safepoint: 20229 ns, Total: 264295 ns
[2020-12-10T05:29:08.455+0000][6][safepoint    ] Safepoint "Cleanup", Time since last: 1000195317 ns, Reaching safepoint: 237449 ns, At safepoint: 22116 ns, Total: 259565 ns
[2020-12-10T05:29:09.455+0000][6][safepoint    ] Safepoint "Cleanup", Time since last: 1000204039 ns, Reaching safepoint: 255870 ns, At safepoint: 22400 ns, Total: 278270 ns
[2020-12-10T05:29:10.456+0000][6][safepoint    ] Safepoint "Cleanup", Time since last: 1000192979 ns, Reaching safepoint: 222543 ns, At safepoint: 20920 ns, Total: 243463 ns
[2020-12-10T05:29:11.456+0000][6][safepoint    ] Safepoint "Cleanup", Time since last: 1000183573 ns, Reaching safepoint: 208689 ns, At safepoint: 20852 ns, Total: 229541 ns
[2020-12-10T05:29:12.456+0000][6][safepoint    ] Safepoint "Cleanup", Time since last: 1000153384 ns, Reaching safepoint: 205398 ns, At safepoint: 19183 ns, Total: 224581 ns
[2020-12-10T05:29:13.457+0000][6][safepoint    ] Safepoint "Cleanup", Time since last: 1000165553 ns, Reaching safepoint: 227805 ns, At safepoint: 22349 ns, Total: 250154 ns
[2020-12-10T05:29:14.457+0000][6][safepoint    ] Safepoint "Cleanup", Time since last: 1000211363 ns, Reaching safepoint: 208776 ns, At safepoint: 21363 ns, Total: 230139 ns
[2020-12-10T05:29:15.458+0000][6][safepoint    ] Safepoint "Cleanup", Time since last: 1000178615 ns, Reaching safepoint: 218806 ns, At safepoint: 21305 ns, Total: 240111 ns
[2020-12-10T05:29:16.458+0000][6][safepoint    ] Safepoint "Cleanup", Time since last: 1000192180 ns, Reaching safepoint: 266214 ns, At safepoint: 20498 ns, Total: 286712 ns
[2020-12-10T05:29:17.459+0000][6][safepoint    ] Safepoint "Cleanup", Time since last: 1000140061 ns, Reaching safepoint: 254999 ns, At safepoint: 19712 ns, Total: 274711 ns
[2020-12-10T05:29:18.459+0000][6][safepoint    ] Safepoint "Cleanup", Time since last: 1000200858 ns, Reaching safepoint: 208534 ns, At safepoint: 33491 ns, Total: 242025 ns
[2020-12-10T05:29:19.460+0000][6][safepoint    ] Safepoint "Cleanup", Time since last: 1000185058 ns, Reaching safepoint: 266163 ns, At safepoint: 24710 ns, Total: 290873 ns
[2020-12-10T05:29:20.460+0000][6][safepoint    ] Safepoint "Cleanup", Time since last: 1000180957 ns, Reaching safepoint: 220351 ns, At safepoint: 20070 ns, Total: 240421 ns
[2020-12-10T05:29:21.460+0000][6][safepoint    ] Safepoint "Cleanup", Time since last: 1000189347 ns, Reaching safepoint: 253983 ns, At safepoint: 22369 ns, Total: 276352 ns
[2020-12-10T05:29:22.461+0000][6][safepoint    ] Safepoint "Cleanup", Time since last: 1000159043 ns, Reaching safepoint: 217225 ns, At safepoint: 20368 ns, Total: 237593 ns
[2020-12-10T05:29:23.461+0000][6][safepoint    ] Safepoint "Cleanup", Time since last: 1000168596 ns, Reaching safepoint: 228898 ns, At safepoint: 21883 ns, Total: 250781 ns
[2020-12-10T05:29:24.462+0000][6][safepoint    ] Safepoint "Cleanup", Time since last: 1000187863 ns, Reaching safepoint: 230726 ns, At safepoint: 21275 ns, Total: 252001 ns
[2020-12-10T05:29:25.462+0000][6][safepoint    ] Safepoint "Cleanup", Time since last: 1000178051 ns, Reaching safepoint: 250324 ns, At safepoint: 23240 ns, Total: 273564 ns
[2020-12-10T05:29:26.463+0000][6][safepoint    ] Safepoint "Cleanup", Time since last: 1000168775 ns, Reaching safepoint: 251993 ns, At safepoint: 20523 ns, Total: 272516 ns
[2020-12-10T05:29:27.463+0000][6][safepoint    ] Safepoint "Cleanup", Time since last: 1000178719 ns, Reaching safepoint: 217374 ns, At safepoint: 32534 ns, Total: 249908 ns
[2020-12-10T05:29:28.463+0000][6][safepoint    ] Safepoint "Cleanup", Time since last: 1000183729 ns, Reaching safepoint: 230076 ns, At safepoint: 20615 ns, Total: 250691 ns
[2020-12-10T05:29:29.464+0000][6][safepoint    ] Safepoint "Cleanup", Time since last: 1000153044 ns, Reaching safepoint: 228524 ns, At safepoint: 21959 ns, Total: 250483 ns
[2020-12-10T05:29:30.464+0000][6][safepoint    ] Safepoint "Cleanup", Time since last: 1000207868 ns, Reaching safepoint: 221284 ns, At safepoint: 21025 ns, Total: 242309 ns
[2020-12-10T05:29:31.465+0000][6][safepoint    ] Safepoint "Cleanup", Time since last: 1000174716 ns, Reaching safepoint: 241098 ns, At safepoint: 22279 ns, Total: 263377 ns
[2020-12-10T05:29:32.465+0000][6][safepoint    ] Safepoint "Cleanup", Time since last: 1000174976 ns, Reaching safepoint: 217079 ns, At safepoint: 21135 ns, Total: 238214 ns
[2020-12-10T05:29:33.466+0000][6][safepoint    ] Safepoint "Cleanup", Time since last: 1000176203 ns, Reaching safepoint: 228621 ns, At safepoint: 21160 ns, Total: 249781 ns
[2020-12-10T05:29:33.871+0000][6][safepoint    ] Safepoint "BulkRevokeBias", Time since last: 404502890 ns, Reaching safepoint: 204950 ns, At safepoint: 1018745 ns, Total: 1223695 ns
[2020-12-10T05:29:34.910+0000][6][safepoint    ] Safepoint "Cleanup", Time since last: 1037911489 ns, Reaching safepoint: 321788 ns, At safepoint: 22713 ns, Total: 344501 ns
[2020-12-10T05:29:35.910+0000][6][safepoint    ] Safepoint "Cleanup", Time since last: 1000189378 ns, Reaching safepoint: 242490 ns, At safepoint: 17770 ns, Total: 260260 ns
[2020-12-10T05:29:36.910+0000][6][safepoint    ] Safepoint "Cleanup", Time since last: 1000208567 ns, Reaching safepoint: 237353 ns, At safepoint: 24514 ns, Total: 261867 ns
[2020-12-10T05:29:38.467+0000][6][safepoint    ] Safepoint "Cleanup", Time since last: 1556661774 ns, Reaching safepoint: 233102 ns, At safepoint: 17561 ns, Total: 250663 ns
[2020-12-10T05:29:39.474+0000][6][safepoint    ] Safepoint "Cleanup", Time since last: 1006364991 ns, Reaching safepoint: 259529 ns, At safepoint: 17797 ns, Total: 277326 ns
[2020-12-10T05:29:40.474+0000][6][safepoint    ] Safepoint "Cleanup", Time since last: 1000166515 ns, Reaching safepoint: 179392 ns, At safepoint: 14615 ns, Total: 194007 ns
[2020-12-10T05:29:41.475+0000][6][safepoint    ] Safepoint "Cleanup", Time since last: 1000173795 ns, Reaching safepoint: 234064 ns, At safepoint: 19545 ns, Total: 253609 ns
[2020-12-10T05:29:42.475+0000][6][safepoint    ] Safepoint "Cleanup", Time since last: 1000179624 ns, Reaching safepoint: 254423 ns, At safepoint: 23574 ns, Total: 277997 ns
[2020-12-10T05:29:43.476+0000][6][safepoint    ] Safepoint "Cleanup", Time since last: 1000184740 ns, Reaching safepoint: 220035 ns, At safepoint: 17176 ns, Total: 237211 ns
[2020-12-10T05:29:44.476+0000][6][safepoint    ] Safepoint "Cleanup", Time since last: 1000179285 ns, Reaching safepoint: 246105 ns, At safepoint: 19438 ns, Total: 265543 ns
[2020-12-10T05:29:45.477+0000][6][safepoint    ] Safepoint "Cleanup", Time since last: 1000177349 ns, Reaching safepoint: 234241 ns, At safepoint: 18874 ns, Total: 253115 ns
[2020-12-10T05:29:46.477+0000][6][safepoint    ] Safepoint "Cleanup", Time since last: 1000188090 ns, Reaching safepoint: 220921 ns, At safepoint: 17103 ns, Total: 238024 ns
[2020-12-10T05:29:47.477+0000][6][safepoint    ] Safepoint "Cleanup", Time since last: 1000176004 ns, Reaching safepoint: 233925 ns, At safepoint: 31332 ns, Total: 265257 ns
[2020-12-10T05:29:48.478+0000][6][safepoint    ] Safepoint "Cleanup", Time since last: 1000185347 ns, Reaching safepoint: 232110 ns, At safepoint: 31335 ns, Total: 263445 ns
[2020-12-10T05:29:49.478+0000][6][safepoint    ] Safepoint "Cleanup", Time since last: 1000187465 ns, Reaching safepoint: 248083 ns, At safepoint: 18570 ns, Total: 266653 ns
[2020-12-10T05:29:50.479+0000][6][safepoint    ] Safepoint "Cleanup", Time since last: 1000122940 ns, Reaching safepoint: 168134 ns, At safepoint: 10679 ns, Total: 178813 ns
[2020-12-10T05:29:51.479+0000][6][safepoint    ] Safepoint "Cleanup", Time since last: 1000171861 ns, Reaching safepoint: 239408 ns, At safepoint: 17263 ns, Total: 256671 ns
[2020-12-10T05:29:52.480+0000][6][safepoint    ] Safepoint "Cleanup", Time since last: 1000179968 ns, Reaching safepoint: 228998 ns, At safepoint: 16095 ns, Total: 245093 ns
[2020-12-10T05:29:53.480+0000][6][safepoint    ] Safepoint "Cleanup", Time since last: 1000140835 ns, Reaching safepoint: 253911 ns, At safepoint: 20873 ns, Total: 274784 ns
[2020-12-10T05:29:54.480+0000][6][safepoint    ] Safepoint "Cleanup", Time since last: 1000191492 ns, Reaching safepoint: 154843 ns, At safepoint: 14011 ns, Total: 168854 ns
[2020-12-10T05:29:55.481+0000][6][safepoint    ] Safepoint "Cleanup", Time since last: 1000146385 ns, Reaching safepoint: 218262 ns, At safepoint: 17614 ns, Total: 235876 ns
[2020-12-10T05:29:56.481+0000][6][safepoint    ] Safepoint "Cleanup", Time since last: 1000180860 ns, Reaching safepoint: 270356 ns, At safepoint: 19184 ns, Total: 289540 ns
[2020-12-10T05:29:57.482+0000][6][safepoint    ] Safepoint "Cleanup", Time since last: 1000183821 ns, Reaching safepoint: 238567 ns, At safepoint: 18867 ns, Total: 257434 ns
[2020-12-10T05:29:58.482+0000][6][safepoint    ] Safepoint "Cleanup", Time since last: 1000191745 ns, Reaching safepoint: 218652 ns, At safepoint: 17527 ns, Total: 236179 ns
[2020-12-10T05:29:59.482+0000][6][safepoint    ] Safepoint "Cleanup", Time since last: 1000206319 ns, Reaching safepoint: 226931 ns, At safepoint: 18904 ns, Total: 245835 ns
[2020-12-10T05:30:00.483+0000][6][safepoint    ] Safepoint "Cleanup", Time since last: 1000180323 ns, Reaching safepoint: 231416 ns, At safepoint: 17928 ns, Total: 249344 ns
[2020-12-10T05:30:01.483+0000][6][safepoint    ] Safepoint "Cleanup", Time since last: 1000188289 ns, Reaching safepoint: 226174 ns, At safepoint: 19278 ns, Total: 245452 ns
[2020-12-10T05:30:02.484+0000][6][safepoint    ] Safepoint "Cleanup", Time since last: 1000182889 ns, Reaching safepoint: 220260 ns, At safepoint: 19264 ns, Total: 239524 ns
[2020-12-10T05:30:03.484+0000][6][safepoint    ] Safepoint "Cleanup", Time since last: 1000194109 ns, Reaching safepoint: 271123 ns, At safepoint: 17536 ns, Total: 288659 ns
[2020-12-10T05:30:04.485+0000][6][safepoint    ] Safepoint "Cleanup", Time since last: 1000185825 ns, Reaching safepoint: 226703 ns, At safepoint: 19245 ns, Total: 245948 ns
[2020-12-10T05:30:05.485+0000][6][safepoint    ] Safepoint "Cleanup", Time since last: 1000166998 ns, Reaching safepoint: 200263 ns, At safepoint: 18534 ns, Total: 218797 ns
[2020-12-10T05:30:06.486+0000][6][safepoint    ] Safepoint "Cleanup", Time since last: 1000197672 ns, Reaching safepoint: 251246 ns, At safepoint: 17564 ns, Total: 268810 ns
[2020-12-10T05:30:07.486+0000][6][safepoint    ] Safepoint "Cleanup", Time since last: 1000185412 ns, Reaching safepoint: 239892 ns, At safepoint: 18017 ns, Total: 257909 ns
[2020-12-10T05:30:08.486+0000][6][safepoint    ] Safepoint "Cleanup", Time since last: 1000183448 ns, Reaching safepoint: 240345 ns, At safepoint: 18791 ns, Total: 259136 ns
[2020-12-10T05:30:09.487+0000][6][safepoint    ] Safepoint "Cleanup", Time since last: 1000193022 ns, Reaching safepoint: 235539 ns, At safepoint: 18700 ns, Total: 254239 ns
[2020-12-10T05:30:10.487+0000][6][safepoint    ] Safepoint "Cleanup", Time since last: 1000184360 ns, Reaching safepoint: 254230 ns, At safepoint: 19114 ns, Total: 273344 ns
[2020-12-10T05:30:11.488+0000][6][safepoint    ] Safepoint "Cleanup", Time since last: 1000176429 ns, Reaching safepoint: 231723 ns, At safepoint: 18688 ns, Total: 250411 ns
[2020-12-10T05:30:12.488+0000][6][safepoint    ] Safepoint "Cleanup", Time since last: 1000184389 ns, Reaching safepoint: 247072 ns, At safepoint: 18904 ns, Total: 265976 ns
[2020-12-10T05:30:13.489+0000][6][safepoint    ] Safepoint "Cleanup", Time since last: 1000149825 ns, Reaching safepoint: 246066 ns, At safepoint: 17392 ns, Total: 263458 ns
[2020-12-10T05:30:14.489+0000][6][safepoint    ] Safepoint "Cleanup", Time since last: 1000169028 ns, Reaching safepoint: 220350 ns, At safepoint: 17610 ns, Total: 237960 ns
[2020-12-10T05:30:15.489+0000][6][safepoint    ] Safepoint "Cleanup", Time since last: 1000198781 ns, Reaching safepoint: 247266 ns, At safepoint: 20178 ns, Total: 267444 ns
[2020-12-10T05:30:16.490+0000][6][safepoint    ] Safepoint "Cleanup", Time since last: 1000188169 ns, Reaching safepoint: 235718 ns, At safepoint: 18601 ns, Total: 254319 ns
[2020-12-10T05:30:17.490+0000][6][safepoint    ] Safepoint "Cleanup", Time since last: 1000204826 ns, Reaching safepoint: 223939 ns, At safepoint: 18664 ns, Total: 242603 ns
[2020-12-10T05:30:18.491+0000][6][safepoint    ] Safepoint "Cleanup", Time since last: 1000189496 ns, Reaching safepoint: 234068 ns, At safepoint: 19431 ns, Total: 253499 ns
[2020-12-10T05:30:19.491+0000][6][safepoint    ] Safepoint "Cleanup", Time since last: 1000189046 ns, Reaching safepoint: 277693 ns, At safepoint: 19498 ns, Total: 297191 ns
[2020-12-10T05:30:20.492+0000][6][safepoint    ] Safepoint "Cleanup", Time since last: 1000174054 ns, Reaching safepoint: 227064 ns, At safepoint: 19114 ns, Total: 246178 ns
[2020-12-10T05:30:21.492+0000][6][safepoint    ] Safepoint "Cleanup", Time since last: 1000185778 ns, Reaching safepoint: 300536 ns, At safepoint: 19124 ns, Total: 319660 ns
[2020-12-10T05:30:22.493+0000][6][safepoint    ] Safepoint "Cleanup", Time since last: 1000188156 ns, Reaching safepoint: 212969 ns, At safepoint: 16994 ns, Total: 229963 ns
[2020-12-10T05:30:23.493+0000][6][safepoint    ] Safepoint "Cleanup", Time since last: 1000185123 ns, Reaching safepoint: 272410 ns, At safepoint: 18924 ns, Total: 291334 ns
[2020-12-10T05:30:24.494+0000][6][safepoint    ] Safepoint "Cleanup", Time since last: 1000190384 ns, Reaching safepoint: 234525 ns, At safepoint: 18977 ns, Total: 253502 ns
[2020-12-10T05:30:25.494+0000][6][safepoint    ] Safepoint "Cleanup", Time since last: 1000186344 ns, Reaching safepoint: 226537 ns, At safepoint: 17624 ns, Total: 244161 ns
[2020-12-10T05:30:26.494+0000][6][safepoint    ] Safepoint "Cleanup", Time since last: 1000186861 ns, Reaching safepoint: 230226 ns, At safepoint: 18661 ns, Total: 248887 ns
[2020-12-10T05:30:27.495+0000][6][safepoint    ] Safepoint "Cleanup", Time since last: 1000183459 ns, Reaching safepoint: 238374 ns, At safepoint: 18557 ns, Total: 256931 ns
[2020-12-10T05:30:28.495+0000][6][safepoint    ] Safepoint "Cleanup", Time since last: 1000189537 ns, Reaching safepoint: 262084 ns, At safepoint: 18858 ns, Total: 280942 ns
[2020-12-10T05:30:29.496+0000][6][safepoint    ] Safepoint "Cleanup", Time since last: 1000200471 ns, Reaching safepoint: 247365 ns, At safepoint: 18634 ns, Total: 265999 ns
[2020-12-10T05:30:30.496+0000][6][safepoint    ] Safepoint "Cleanup", Time since last: 1000177933 ns, Reaching safepoint: 240526 ns, At safepoint: 17662 ns, Total: 258188 ns
[2020-12-10T05:30:31.497+0000][6][safepoint    ] Safepoint "Cleanup", Time since last: 1000174880 ns, Reaching safepoint: 233955 ns, At safepoint: 18851 ns, Total: 252806 ns
[2020-12-10T05:30:32.497+0000][6][safepoint    ] Safepoint "Cleanup", Time since last: 1000193508 ns, Reaching safepoint: 267524 ns, At safepoint: 19975 ns, Total: 287499 ns
[2020-12-10T05:30:33.498+0000][6][safepoint    ] Safepoint "Cleanup", Time since last: 1000199118 ns, Reaching safepoint: 232834 ns, At safepoint: 17620 ns, Total: 250454 ns
[2020-12-10T05:30:35.008+0000][6][safepoint    ] Safepoint "Cleanup", Time since last: 1510049301 ns, Reaching safepoint: 243253 ns, At safepoint: 24584 ns, Total: 267837 ns
[2020-12-10T05:30:36.008+0000][6][safepoint    ] Safepoint "Cleanup", Time since last: 1000183030 ns, Reaching safepoint: 224230 ns, At safepoint: 18069 ns, Total: 242299 ns
[2020-12-10T05:30:37.009+0000][6][safepoint    ] Safepoint "Cleanup", Time since last: 1000184487 ns, Reaching safepoint: 224786 ns, At safepoint: 18514 ns, Total: 243300 ns
[2020-12-10T05:30:38.009+0000][6][safepoint    ] Safepoint "Cleanup", Time since last: 1000158865 ns, Reaching safepoint: 243303 ns, At safepoint: 17819 ns, Total: 261122 ns
[2020-12-10T05:30:39.519+0000][6][safepoint    ] Safepoint "Cleanup", Time since last: 1509636081 ns, Reaching safepoint: 278934 ns, At safepoint: 21359 ns, Total: 300293 ns
[2020-12-10T05:30:40.520+0000][6][safepoint    ] Safepoint "Cleanup", Time since last: 1000188032 ns, Reaching safepoint: 230259 ns, At safepoint: 17577 ns, Total: 247836 ns
[2020-12-10T05:30:41.520+0000][6][safepoint    ] Safepoint "Cleanup", Time since last: 1000184824 ns, Reaching safepoint: 242179 ns, At safepoint: 16388 ns, Total: 258567 ns
[2020-12-10T05:30:42.520+0000][6][safepoint    ] Safepoint "Cleanup", Time since last: 1000203672 ns, Reaching safepoint: 230242 ns, At safepoint: 18627 ns, Total: 248869 ns
[2020-12-10T05:30:43.521+0000][6][safepoint    ] Safepoint "Cleanup", Time since last: 1000180683 ns, Reaching safepoint: 254016 ns, At safepoint: 18860 ns, Total: 272876 ns
[2020-12-10T05:30:44.521+0000][6][safepoint    ] Safepoint "Cleanup", Time since last: 1000188203 ns, Reaching safepoint: 247271 ns, At safepoint: 18105 ns, Total: 265376 ns
[2020-12-10T05:30:45.522+0000][6][safepoint    ] Safepoint "Cleanup", Time since last: 1000136502 ns, Reaching safepoint: 225393 ns, At safepoint: 18651 ns, Total: 244044 ns
[2020-12-10T05:30:46.522+0000][6][safepoint    ] Safepoint "Cleanup", Time since last: 1000187014 ns, Reaching safepoint: 250441 ns, At safepoint: 18704 ns, Total: 269145 ns
[2020-12-10T05:30:47.523+0000][6][safepoint    ] Safepoint "Cleanup", Time since last: 1000185398 ns, Reaching safepoint: 234631 ns, At safepoint: 16939 ns, Total: 251570 ns
[2020-12-10T05:30:48.523+0000][6][safepoint    ] Safepoint "Cleanup", Time since last: 1000183260 ns, Reaching safepoint: 233894 ns, At safepoint: 33613 ns, Total: 267507 ns
[2020-12-10T05:30:49.524+0000][6][safepoint    ] Safepoint "Cleanup", Time since last: 1000195947 ns, Reaching safepoint: 247463 ns, At safepoint: 19187 ns, Total: 266650 ns
[2020-12-10T05:30:50.524+0000][6][safepoint    ] Safepoint "Cleanup", Time since last: 1000188486 ns, Reaching safepoint: 226580 ns, At safepoint: 17497 ns, Total: 244077 ns
[2020-12-10T05:30:51.524+0000][6][safepoint    ] Safepoint "Cleanup", Time since last: 1000183483 ns, Reaching safepoint: 240845 ns, At safepoint: 17730 ns, Total: 258575 ns
[2020-12-10T05:30:52.525+0000][6][safepoint    ] Safepoint "Cleanup", Time since last: 1000187379 ns, Reaching safepoint: 238383 ns, At safepoint: 19265 ns, Total: 257648 ns
[2020-12-10T05:30:53.525+0000][6][safepoint    ] Safepoint "Cleanup", Time since last: 1000212746 ns, Reaching safepoint: 231681 ns, At safepoint: 18026 ns, Total: 249707 ns
[2020-12-10T05:30:54.526+0000][6][safepoint    ] Safepoint "Cleanup", Time since last: 1000183198 ns, Reaching safepoint: 254028 ns, At safepoint: 17708 ns, Total: 271736 ns
[2020-12-10T05:30:55.526+0000][6][safepoint    ] Safepoint "Cleanup", Time since last: 1000181267 ns, Reaching safepoint: 272483 ns, At safepoint: 20902 ns, Total: 293385 ns
[2020-12-10T05:30:56.527+0000][6][safepoint    ] Safepoint "Cleanup", Time since last: 1000184847 ns, Reaching safepoint: 231880 ns, At safepoint: 19174 ns, Total: 251054 ns
[2020-12-10T05:30:57.527+0000][6][safepoint    ] Safepoint "Cleanup", Time since last: 1000189357 ns, Reaching safepoint: 259245 ns, At safepoint: 19005 ns, Total: 278250 ns
[2020-12-10T05:30:58.528+0000][6][safepoint    ] Safepoint "Cleanup", Time since last: 1000150930 ns, Reaching safepoint: 233451 ns, At safepoint: 19004 ns, Total: 252455 ns
[2020-12-10T05:30:59.528+0000][6][safepoint    ] Safepoint "Cleanup", Time since last: 1000186616 ns, Reaching safepoint: 244473 ns, At safepoint: 17340 ns, Total: 261813 ns
[2020-12-10T05:31:00.528+0000][6][safepoint    ] Safepoint "Cleanup", Time since last: 1000204454 ns, Reaching safepoint: 230293 ns, At safepoint: 18720 ns, Total: 249013 ns
[2020-12-10T05:31:01.529+0000][6][safepoint    ] Safepoint "Cleanup", Time since last: 1000172584 ns, Reaching safepoint: 239971 ns, At safepoint: 18768 ns, Total: 258739 ns
[2020-12-10T05:31:02.529+0000][6][safepoint    ] Safepoint "Cleanup", Time since last: 1000189190 ns, Reaching safepoint: 223432 ns, At safepoint: 18797 ns, Total: 242229 ns
[2020-12-10T05:31:03.530+0000][6][safepoint    ] Safepoint "Cleanup", Time since last: 1000162664 ns, Reaching safepoint: 232411 ns, At safepoint: 18654 ns, Total: 251065 ns
[2020-12-10T05:31:04.530+0000][6][safepoint    ] Safepoint "Cleanup", Time since last: 1000184313 ns, Reaching safepoint: 264855 ns, At safepoint: 17933 ns, Total: 282788 ns
[2020-12-10T05:31:05.531+0000][6][safepoint    ] Safepoint "Cleanup", Time since last: 1000144677 ns, Reaching safepoint: 203028 ns, At safepoint: 16809 ns, Total: 219837 ns
[2020-12-10T05:31:06.531+0000][6][safepoint    ] Safepoint "Cleanup", Time since last: 1000184525 ns, Reaching safepoint: 231233 ns, At safepoint: 17736 ns, Total: 248969 ns
[2020-12-10T05:31:07.531+0000][6][safepoint    ] Safepoint "Cleanup", Time since last: 1000199329 ns, Reaching safepoint: 239977 ns, At safepoint: 17751 ns, Total: 257728 ns
[2020-12-10T05:31:08.532+0000][6][safepoint    ] Safepoint "Cleanup", Time since last: 1000182753 ns, Reaching safepoint: 241949 ns, At safepoint: 19021 ns, Total: 260970 ns
[2020-12-10T05:31:09.532+0000][6][safepoint    ] Safepoint "Cleanup", Time since last: 1000189885 ns, Reaching safepoint: 228282 ns, At safepoint: 18950 ns, Total: 247232 ns
[2020-12-10T05:31:10.533+0000][6][safepoint    ] Safepoint "Cleanup", Time since last: 1000192613 ns, Reaching safepoint: 238282 ns, At safepoint: 17916 ns, Total: 256198 ns
[2020-12-10T05:31:11.533+0000][6][safepoint    ] Safepoint "Cleanup", Time since last: 1000188157 ns, Reaching safepoint: 286108 ns, At safepoint: 17983 ns, Total: 304091 ns
[2020-12-10T05:31:12.534+0000][6][safepoint    ] Safepoint "Cleanup", Time since last: 1000183645 ns, Reaching safepoint: 219237 ns, At safepoint: 17607 ns, Total: 236844 ns
[2020-12-10T05:31:13.534+0000][6][safepoint    ] Safepoint "Cleanup", Time since last: 1000184198 ns, Reaching safepoint: 264112 ns, At safepoint: 19711 ns, Total: 283823 ns
[2020-12-10T05:31:14.535+0000][6][safepoint    ] Safepoint "Cleanup", Time since last: 1000190993 ns, Reaching safepoint: 238967 ns, At safepoint: 19171 ns, Total: 258138 ns
[2020-12-10T05:31:15.535+0000][6][safepoint    ] Safepoint "Cleanup", Time since last: 1000189005 ns, Reaching safepoint: 235585 ns, At safepoint: 42061 ns, Total: 277646 ns
[2020-12-10T05:31:16.536+0000][6][safepoint    ] Safepoint "Cleanup", Time since last: 1000191678 ns, Reaching safepoint: 245421 ns, At safepoint: 19347 ns, Total: 264768 ns
[2020-12-10T05:31:17.536+0000][6][safepoint    ] Safepoint "Cleanup", Time since last: 1000203384 ns, Reaching safepoint: 236410 ns, At safepoint: 17736 ns, Total: 254146 ns
[2020-12-10T05:31:18.536+0000][6][safepoint    ] Safepoint "Cleanup", Time since last: 1000203346 ns, Reaching safepoint: 220539 ns, At safepoint: 17580 ns, Total: 238119 ns
[2020-12-10T05:31:19.537+0000][6][safepoint    ] Safepoint "Cleanup", Time since last: 1000187062 ns, Reaching safepoint: 231288 ns, At safepoint: 13273 ns, Total: 244561 ns
[2020-12-10T05:31:20.537+0000][6][safepoint    ] Safepoint "Cleanup", Time since last: 1000160618 ns, Reaching safepoint: 268371 ns, At safepoint: 17790 ns, Total: 286161 ns
[2020-12-10T05:31:21.538+0000][6][safepoint    ] Safepoint "Cleanup", Time since last: 1000188918 ns, Reaching safepoint: 219152 ns, At safepoint: 19501 ns, Total: 238653 ns
[2020-12-10T05:31:22.538+0000][6][safepoint    ] Safepoint "Cleanup", Time since last: 1000191671 ns, Reaching safepoint: 246268 ns, At safepoint: 17957 ns, Total: 264225 ns
[2020-12-10T05:31:23.539+0000][6][safepoint    ] Safepoint "Cleanup", Time since last: 1000159091 ns, Reaching safepoint: 231200 ns, At safepoint: 19077 ns, Total: 250277 ns
[2020-12-10T05:31:24.539+0000][6][safepoint    ] Safepoint "Cleanup", Time since last: 1000192325 ns, Reaching safepoint: 272016 ns, At safepoint: 18060 ns, Total: 290076 ns
[2020-12-10T05:31:25.540+0000][6][safepoint    ] Safepoint "Cleanup", Time since last: 1000193177 ns, Reaching safepoint: 254340 ns, At safepoint: 19351 ns, Total: 273691 ns
[2020-12-10T05:31:26.540+0000][6][safepoint    ] Safepoint "Cleanup", Time since last: 1000187946 ns, Reaching safepoint: 252901 ns, At safepoint: 16840 ns, Total: 269741 ns
[2020-12-10T05:31:27.541+0000][6][safepoint    ] Safepoint "Cleanup", Time since last: 1000222019 ns, Reaching safepoint: 239369 ns, At safepoint: 18460 ns, Total: 257829 ns
[2020-12-10T05:31:28.541+0000][6][safepoint    ] Safepoint "Cleanup", Time since last: 1000193714 ns, Reaching safepoint: 242730 ns, At safepoint: 19384 ns, Total: 262114 ns
[2020-12-10T05:31:29.541+0000][6][safepoint    ] Safepoint "Cleanup", Time since last: 1000204336 ns, Reaching safepoint: 253025 ns, At safepoint: 19138 ns, Total: 272163 ns
[2020-12-10T05:31:30.542+0000][6][safepoint    ] Safepoint "Cleanup", Time since last: 1000197034 ns, Reaching safepoint: 245727 ns, At safepoint: 19578 ns, Total: 265305 ns
[2020-12-10T05:31:31.542+0000][6][safepoint    ] Safepoint "Cleanup", Time since last: 1000220995 ns, Reaching safepoint: 258752 ns, At safepoint: 19504 ns, Total: 278256 ns
[2020-12-10T05:31:32.543+0000][6][safepoint    ] Safepoint "Cleanup", Time since last: 1000161848 ns, Reaching safepoint: 243684 ns, At safepoint: 17040 ns, Total: 260724 ns
[2020-12-10T05:31:33.543+0000][6][safepoint    ] Safepoint "Cleanup", Time since last: 1000180109 ns, Reaching safepoint: 271275 ns, At safepoint: 17136 ns, Total: 288411 ns
[2020-12-10T05:31:35.103+0000][6][safepoint    ] Safepoint "Cleanup", Time since last: 1559718229 ns, Reaching safepoint: 271639 ns, At safepoint: 19275 ns, Total: 290914 ns
[2020-12-10T05:31:36.104+0000][6][safepoint    ] Safepoint "Cleanup", Time since last: 1000169765 ns, Reaching safepoint: 227891 ns, At safepoint: 18464 ns, Total: 246355 ns
[2020-12-10T05:31:37.104+0000][6][safepoint    ] Safepoint "Cleanup", Time since last: 1000187622 ns, Reaching safepoint: 265076 ns, At safepoint: 18894 ns, Total: 283970 ns
[2020-12-10T05:31:38.105+0000][6][safepoint    ] Safepoint "Cleanup", Time since last: 1000191578 ns, Reaching safepoint: 230185 ns, At safepoint: 20236 ns, Total: 250421 ns
[2020-12-10T05:31:38.566+0000][6][safepoint    ] Safepoint "BulkRevokeBias", Time since last: 459961285 ns, Reaching safepoint: 191929 ns, At safepoint: 1063214 ns, Total: 1255143 ns
[2020-12-10T05:31:39.566+0000][6][safepoint    ] Safepoint "Cleanup", Time since last: 1000185025 ns, Reaching safepoint: 249214 ns, At safepoint: 19201 ns, Total: 268415 ns
[2020-12-10T05:31:40.567+0000][6][safepoint    ] Safepoint "Cleanup", Time since last: 1000199709 ns, Reaching safepoint: 231390 ns, At safepoint: 16829 ns, Total: 248219 ns
[2020-12-10T05:31:41.567+0000][6][safepoint    ] Safepoint "Cleanup", Time since last: 1000180896 ns, Reaching safepoint: 248102 ns, At safepoint: 19161 ns, Total: 267263 ns
[2020-12-10T05:31:42.568+0000][6][safepoint    ] Safepoint "Cleanup", Time since last: 1000185351 ns, Reaching safepoint: 239614 ns, At safepoint: 20819 ns, Total: 260433 ns
[2020-12-10T05:31:43.568+0000][6][safepoint    ] Safepoint "Cleanup", Time since last: 1000183973 ns, Reaching safepoint: 213686 ns, At safepoint: 38095 ns, Total: 251781 ns
[2020-12-10T05:31:44.569+0000][6][safepoint    ] Safepoint "Cleanup", Time since last: 1000186575 ns, Reaching safepoint: 228518 ns, At safepoint: 18801 ns, Total: 247319 ns
[2020-12-10T05:31:45.569+0000][6][safepoint    ] Safepoint "Cleanup", Time since last: 1000177920 ns, Reaching safepoint: 242943 ns, At safepoint: 19334 ns, Total: 262277 ns
[2020-12-10T05:31:46.569+0000][6][safepoint    ] Safepoint "Cleanup", Time since last: 1000186954 ns, Reaching safepoint: 213219 ns, At safepoint: 19035 ns, Total: 232254 ns
[2020-12-10T05:31:47.570+0000][6][safepoint    ] Safepoint "Cleanup", Time since last: 1000185628 ns, Reaching safepoint: 262074 ns, At safepoint: 24064 ns, Total: 286138 ns
[2020-12-10T05:31:48.570+0000][6][safepoint    ] Safepoint "Cleanup", Time since last: 1000193615 ns, Reaching safepoint: 237520 ns, At safepoint: 17483 ns, Total: 255003 ns
[2020-12-10T05:31:49.571+0000][6][safepoint    ] Safepoint "Cleanup", Time since last: 1000143455 ns, Reaching safepoint: 301978 ns, At safepoint: 15236 ns, Total: 317214 ns
[2020-12-10T05:31:50.571+0000][6][safepoint    ] Safepoint "Cleanup", Time since last: 1000170445 ns, Reaching safepoint: 256477 ns, At safepoint: 17881 ns, Total: 274358 ns
[2020-12-10T05:31:51.572+0000][6][safepoint    ] Safepoint "Cleanup", Time since last: 1000189167 ns, Reaching safepoint: 233077 ns, At safepoint: 19104 ns, Total: 252181 ns
[2020-12-10T05:31:52.572+0000][6][safepoint    ] Safepoint "Cleanup", Time since last: 1000195153 ns, Reaching safepoint: 257580 ns, At safepoint: 18093 ns, Total: 275673 ns
[2020-12-10T05:31:53.573+0000][6][safepoint    ] Safepoint "Cleanup", Time since last: 1000183012 ns, Reaching safepoint: 230505 ns, At safepoint: 18958 ns, Total: 249463 ns
[2020-12-10T05:31:54.573+0000][6][safepoint    ] Safepoint "Cleanup", Time since last: 1000186221 ns, Reaching safepoint: 230229 ns, At safepoint: 19021 ns, Total: 249250 ns
[2020-12-10T05:31:55.573+0000][6][safepoint    ] Safepoint "Cleanup", Time since last: 1000173221 ns, Reaching safepoint: 246331 ns, At safepoint: 18945 ns, Total: 265276 ns
[2020-12-10T05:31:56.574+0000][6][safepoint    ] Safepoint "Cleanup", Time since last: 1000160593 ns, Reaching safepoint: 243760 ns, At safepoint: 18580 ns, Total: 262340 ns
[2020-12-10T05:31:57.574+0000][6][safepoint    ] Safepoint "Cleanup", Time since last: 1000202189 ns, Reaching safepoint: 274164 ns, At safepoint: 18651 ns, Total: 292815 ns
[2020-12-10T05:31:58.575+0000][6][safepoint    ] Safepoint "Cleanup", Time since last: 1000181290 ns, Reaching safepoint: 227537 ns, At safepoint: 18841 ns, Total: 246378 ns
[2020-12-10T05:31:59.575+0000][6][safepoint    ] Safepoint "Cleanup", Time since last: 1000181909 ns, Reaching safepoint: 246346 ns, At safepoint: 17715 ns, Total: 264061 ns
[2020-12-10T05:32:00.576+0000][6][safepoint    ] Safepoint "Cleanup", Time since last: 1000165668 ns, Reaching safepoint: 244643 ns, At safepoint: 19300 ns, Total: 263943 ns
[2020-12-10T05:32:01.576+0000][6][safepoint    ] Safepoint "Cleanup", Time since last: 1000167104 ns, Reaching safepoint: 220257 ns, At safepoint: 17727 ns, Total: 237984 ns
[2020-12-10T05:32:02.577+0000][6][safepoint    ] Safepoint "Cleanup", Time since last: 1000190613 ns, Reaching safepoint: 243070 ns, At safepoint: 20458 ns, Total: 263528 ns
[2020-12-10T05:32:03.577+0000][6][safepoint    ] Safepoint "Cleanup", Time since last: 1000200296 ns, Reaching safepoint: 291214 ns, At safepoint: 20469 ns, Total: 311683 ns
[2020-12-10T05:32:04.577+0000][6][safepoint    ] Safepoint "Cleanup", Time since last: 1000205976 ns, Reaching safepoint: 221170 ns, At safepoint: 18918 ns, Total: 240088 ns
[2020-12-10T05:32:05.578+0000][6][safepoint    ] Safepoint "Cleanup", Time since last: 1000169517 ns, Reaching safepoint: 257659 ns, At safepoint: 19535 ns, Total: 277194 ns
[2020-12-10T05:32:06.578+0000][6][safepoint    ] Safepoint "Cleanup", Time since last: 1000232136 ns, Reaching safepoint: 214111 ns, At safepoint: 17025 ns, Total: 231136 ns
[2020-12-10T05:32:07.579+0000][6][safepoint    ] Safepoint "Cleanup", Time since last: 1000186266 ns, Reaching safepoint: 233724 ns, At safepoint: 17937 ns, Total: 251661 ns
[2020-12-10T05:32:08.579+0000][6][safepoint    ] Safepoint "Cleanup", Time since last: 1000182031 ns, Reaching safepoint: 265637 ns, At safepoint: 18220 ns, Total: 283857 ns
[2020-12-10T05:32:09.580+0000][6][safepoint    ] Safepoint "Cleanup", Time since last: 1000182770 ns, Reaching safepoint: 236750 ns, At safepoint: 17919 ns, Total: 254669 ns
[2020-12-10T05:32:10.580+0000][6][safepoint    ] Safepoint "Cleanup", Time since last: 1000184315 ns, Reaching safepoint: 230560 ns, At safepoint: 18824 ns, Total: 249384 ns
[2020-12-10T05:32:11.581+0000][6][safepoint    ] Safepoint "Cleanup", Time since last: 1000203506 ns, Reaching safepoint: 225290 ns, At safepoint: 16545 ns, Total: 241835 ns
[2020-12-10T05:32:12.581+0000][6][safepoint    ] Safepoint "Cleanup", Time since last: 1000189624 ns, Reaching safepoint: 223945 ns, At safepoint: 17234 ns, Total: 241179 ns
[2020-12-10T05:32:13.581+0000][6][safepoint    ] Safepoint "Cleanup", Time since last: 1000212775 ns, Reaching safepoint: 239854 ns, At safepoint: 19068 ns, Total: 258922 ns
[2020-12-10T05:32:14.582+0000][6][safepoint    ] Safepoint "Cleanup", Time since last: 1000192176 ns, Reaching safepoint: 237960 ns, At safepoint: 19294 ns, Total: 257254 ns
[2020-12-10T05:32:15.582+0000][6][safepoint    ] Safepoint "Cleanup", Time since last: 1000192715 ns, Reaching safepoint: 239518 ns, At safepoint: 18928 ns, Total: 258446 ns
[2020-12-10T05:32:16.583+0000][6][safepoint    ] Safepoint "Cleanup", Time since last: 1000164217 ns, Reaching safepoint: 229946 ns, At safepoint: 19057 ns, Total: 249003 ns
[2020-12-10T05:32:17.583+0000][6][safepoint    ] Safepoint "Cleanup", Time since last: 1000199322 ns, Reaching safepoint: 238827 ns, At safepoint: 17906 ns, Total: 256733 ns
[2020-12-10T05:32:18.584+0000][6][safepoint    ] Safepoint "Cleanup", Time since last: 1000186289 ns, Reaching safepoint: 227238 ns, At safepoint: 18767 ns, Total: 246005 ns
[2020-12-10T05:32:19.584+0000][6][safepoint    ] Safepoint "Cleanup", Time since last: 1000193763 ns, Reaching safepoint: 269372 ns, At safepoint: 19361 ns, Total: 288733 ns
[2020-12-10T05:32:20.585+0000][6][safepoint    ] Safepoint "Cleanup", Time since last: 1000147701 ns, Reaching safepoint: 268681 ns, At safepoint: 17745 ns, Total: 286426 ns
[2020-12-10T05:32:21.585+0000][6][safepoint    ] Safepoint "Cleanup", Time since last: 1000180010 ns, Reaching safepoint: 319263 ns, At safepoint: 17894 ns, Total: 337157 ns
[2020-12-10T05:32:22.586+0000][6][safepoint    ] Safepoint "Cleanup", Time since last: 1000198772 ns, Reaching safepoint: 249477 ns, At safepoint: 17628 ns, Total: 267105 ns
[2020-12-10T05:32:23.586+0000][6][safepoint    ] Safepoint "Cleanup", Time since last: 1000182835 ns, Reaching safepoint: 213726 ns, At safepoint: 18327 ns, Total: 232053 ns
[2020-12-10T05:32:24.586+0000][6][safepoint    ] Safepoint "Cleanup", Time since last: 1000164958 ns, Reaching safepoint: 240370 ns, At safepoint: 16631 ns, Total: 257001 ns
[2020-12-10T05:32:25.587+0000][6][safepoint    ] Safepoint "Cleanup", Time since last: 1000187366 ns, Reaching safepoint: 258216 ns, At safepoint: 19094 ns, Total: 277310 ns
[2020-12-10T05:32:26.587+0000][6][safepoint    ] Safepoint "Cleanup", Time since last: 1000250885 ns, Reaching safepoint: 221988 ns, At safepoint: 19578 ns, Total: 241566 ns
[2020-12-10T05:32:27.588+0000][6][safepoint    ] Safepoint "Cleanup", Time since last: 1000198261 ns, Reaching safepoint: 239848 ns, At safepoint: 18984 ns, Total: 258832 ns
[2020-12-10T05:32:28.588+0000][6][safepoint    ] Safepoint "Cleanup", Time since last: 1000184253 ns, Reaching safepoint: 251041 ns, At safepoint: 18757 ns, Total: 269798 ns
[2020-12-10T05:32:29.589+0000][6][safepoint    ] Safepoint "Cleanup", Time since last: 1000198899 ns, Reaching safepoint: 242696 ns, At safepoint: 19148 ns, Total: 261844 ns
[2020-12-10T05:32:30.589+0000][6][safepoint    ] Safepoint "Cleanup", Time since last: 1000190510 ns, Reaching safepoint: 270112 ns, At safepoint: 19495 ns, Total: 289607 ns
[2020-12-10T05:32:31.590+0000][6][safepoint    ] Safepoint "Cleanup", Time since last: 1000191801 ns, Reaching safepoint: 237903 ns, At safepoint: 19291 ns, Total: 257194 ns
[2020-12-10T05:32:32.590+0000][6][safepoint    ] Safepoint "Cleanup", Time since last: 1000195463 ns, Reaching safepoint: 245968 ns, At safepoint: 19061 ns, Total: 265029 ns
[2020-12-10T05:32:33.591+0000][6][safepoint    ] Safepoint "Cleanup", Time since last: 1000187692 ns, Reaching safepoint: 238377 ns, At safepoint: 17490 ns, Total: 255867 ns
[2020-12-10T05:32:34.171+0000][6][safepoint    ] Safepoint "BulkRevokeBias", Time since last: 579240047 ns, Reaching safepoint: 191220 ns, At safepoint: 952658 ns, Total: 1143878 ns
[2020-12-10T05:32:35.197+0000][6][safepoint    ] Safepoint "Cleanup", Time since last: 1026020027 ns, Reaching safepoint: 238017 ns, At safepoint: 18954 ns, Total: 256971 ns
[2020-12-10T05:32:36.198+0000][6][safepoint    ] Safepoint "Cleanup", Time since last: 1000192499 ns, Reaching safepoint: 222181 ns, At safepoint: 18617 ns, Total: 240798 ns
[2020-12-10T05:32:37.198+0000][6][safepoint    ] Safepoint "Cleanup", Time since last: 1000186732 ns, Reaching safepoint: 291116 ns, At safepoint: 19519 ns, Total: 310635 ns
[2020-12-10T05:32:38.199+0000][6][safepoint    ] Safepoint "Cleanup", Time since last: 1000141656 ns, Reaching safepoint: 234164 ns, At safepoint: 18798 ns, Total: 252962 ns
[2020-12-10T05:32:38.617+0000][6][safepoint    ] Safepoint "BulkRevokeBias", Time since last: 416763316 ns, Reaching safepoint: 189324 ns, At safepoint: 1067931 ns, Total: 1257255 ns
[2020-12-10T05:32:39.619+0000][6][safepoint    ] Safepoint "Cleanup", Time since last: 1002386282 ns, Reaching safepoint: 277830 ns, At safepoint: 21149 ns, Total: 298979 ns
[2020-12-10T05:32:40.620+0000][6][safepoint    ] Safepoint "Cleanup", Time since last: 1000172780 ns, Reaching safepoint: 222158 ns, At safepoint: 18794 ns, Total: 240952 ns
[2020-12-10T05:32:41.620+0000][6][safepoint    ] Safepoint "Cleanup", Time since last: 1000186472 ns, Reaching safepoint: 274457 ns, At safepoint: 19328 ns, Total: 293785 ns
[2020-12-10T05:32:42.621+0000][6][safepoint    ] Safepoint "Cleanup", Time since last: 1000188096 ns, Reaching safepoint: 227030 ns, At safepoint: 18851 ns, Total: 245881 ns
[2020-12-10T05:32:43.621+0000][6][safepoint    ] Safepoint "Cleanup", Time since last: 1000195588 ns, Reaching safepoint: 223168 ns, At safepoint: 16862 ns, Total: 240030 ns
[2020-12-10T05:32:44.622+0000][6][safepoint    ] Safepoint "Cleanup", Time since last: 1000207133 ns, Reaching safepoint: 231950 ns, At safepoint: 19034 ns, Total: 250984 ns
[2020-12-10T05:32:45.622+0000][6][safepoint    ] Safepoint "Cleanup", Time since last: 1000181863 ns, Reaching safepoint: 228954 ns, At safepoint: 18941 ns, Total: 247895 ns
[2020-12-10T05:32:46.622+0000][6][safepoint    ] Safepoint "Cleanup", Time since last: 1000191077 ns, Reaching safepoint: 233405 ns, At safepoint: 18924 ns, Total: 252329 ns
[2020-12-10T05:32:47.623+0000][6][safepoint    ] Safepoint "Cleanup", Time since last: 1000189862 ns, Reaching safepoint: 245528 ns, At safepoint: 19148 ns, Total: 264676 ns
[2020-12-10T05:32:48.623+0000][6][safepoint    ] Safepoint "Cleanup", Time since last: 1000195569 ns, Reaching safepoint: 255954 ns, At safepoint: 18016 ns, Total: 273970 ns
[2020-12-10T05:32:49.624+0000][6][safepoint    ] Safepoint "Cleanup", Time since last: 1000168309 ns, Reaching safepoint: 255611 ns, At safepoint: 18657 ns, Total: 274268 ns
[2020-12-10T05:32:50.624+0000][6][safepoint    ] Safepoint "Cleanup", Time since last: 1000184537 ns, Reaching safepoint: 260136 ns, At safepoint: 17554 ns, Total: 277690 ns
[2020-12-10T05:32:51.625+0000][6][safepoint    ] Safepoint "Cleanup", Time since last: 1000176211 ns, Reaching safepoint: 247362 ns, At safepoint: 18100 ns, Total: 265462 ns
[2020-12-10T05:32:52.625+0000][6][safepoint    ] Safepoint "Cleanup", Time since last: 1000184852 ns, Reaching safepoint: 223112 ns, At safepoint: 37038 ns, Total: 260150 ns
[2020-12-10T05:32:53.626+0000][6][safepoint    ] Safepoint "Cleanup", Time since last: 1000183905 ns, Reaching safepoint: 225387 ns, At safepoint: 18313 ns, Total: 243700 ns
[2020-12-10T05:32:54.626+0000][6][safepoint    ] Safepoint "Cleanup", Time since last: 1000180061 ns, Reaching safepoint: 209597 ns, At safepoint: 19391 ns, Total: 228988 ns
[2020-12-10T05:32:55.626+0000][6][safepoint    ] Safepoint "Cleanup", Time since last: 1000186364 ns, Reaching safepoint: 226840 ns, At safepoint: 19855 ns, Total: 246695 ns
[2020-12-10T05:32:56.627+0000][6][safepoint    ] Safepoint "Cleanup", Time since last: 1000189337 ns, Reaching safepoint: 238587 ns, At safepoint: 21236 ns, Total: 259823 ns
[2020-12-10T05:32:57.627+0000][6][safepoint    ] Safepoint "Cleanup", Time since last: 1000168418 ns, Reaching safepoint: 257455 ns, At safepoint: 25461 ns, Total: 282916 ns
[2020-12-10T05:32:58.628+0000][6][safepoint    ] Safepoint "Cleanup", Time since last: 1000184100 ns, Reaching safepoint: 245671 ns, At safepoint: 20695 ns, Total: 266366 ns
[2020-12-10T05:32:59.628+0000][6][safepoint    ] Safepoint "Cleanup", Time since last: 1000190148 ns, Reaching safepoint: 267157 ns, At safepoint: 19294 ns, Total: 286451 ns
[2020-12-10T05:33:00.629+0000][6][safepoint    ] Safepoint "Cleanup", Time since last: 1000183850 ns, Reaching safepoint: 227287 ns, At safepoint: 18928 ns, Total: 246215 ns
[2020-12-10T05:33:01.629+0000][6][safepoint    ] Safepoint "Cleanup", Time since last: 1000174948 ns, Reaching safepoint: 227093 ns, At safepoint: 17787 ns, Total: 244880 ns
[2020-12-10T05:33:02.629+0000][6][safepoint    ] Safepoint "Cleanup", Time since last: 1000207410 ns, Reaching safepoint: 229011 ns, At safepoint: 18971 ns, Total: 247982 ns
[2020-12-10T05:33:03.630+0000][6][safepoint    ] Safepoint "Cleanup", Time since last: 1000195878 ns, Reaching safepoint: 234241 ns, At safepoint: 18998 ns, Total: 253239 ns
[2020-12-10T05:33:04.630+0000][6][safepoint    ] Safepoint "Cleanup", Time since last: 1000183743 ns, Reaching safepoint: 232874 ns, At safepoint: 19041 ns, Total: 251915 ns
[2020-12-10T05:33:05.631+0000][6][safepoint    ] Safepoint "Cleanup", Time since last: 1000179914 ns, Reaching safepoint: 232947 ns, At safepoint: 19054 ns, Total: 252001 ns
[2020-12-10T05:33:06.631+0000][6][safepoint    ] Safepoint "Cleanup", Time since last: 1000198157 ns, Reaching safepoint: 240967 ns, At safepoint: 18440 ns, Total: 259407 ns
[2020-12-10T05:33:07.632+0000][6][safepoint    ] Safepoint "Cleanup", Time since last: 1000185167 ns, Reaching safepoint: 241808 ns, At safepoint: 19999 ns, Total: 261807 ns
[2020-12-10T05:33:08.632+0000][6][safepoint    ] Safepoint "Cleanup", Time since last: 1000202247 ns, Reaching safepoint: 247192 ns, At safepoint: 22690 ns, Total: 269882 ns
[2020-12-10T05:33:09.633+0000][6][safepoint    ] Safepoint "Cleanup", Time since last: 1000193503 ns, Reaching safepoint: 230159 ns, At safepoint: 17096 ns, Total: 247255 ns
[2020-12-10T05:33:10.633+0000][6][safepoint    ] Safepoint "Cleanup", Time since last: 1000179957 ns, Reaching safepoint: 222208 ns, At safepoint: 17700 ns, Total: 239908 ns
[2020-12-10T05:33:11.634+0000][6][safepoint    ] Safepoint "Cleanup", Time since last: 1000196917 ns, Reaching safepoint: 245301 ns, At safepoint: 18894 ns, Total: 264195 ns
[2020-12-10T05:33:12.634+0000][6][safepoint    ] Safepoint "Cleanup", Time since last: 1000182093 ns, Reaching safepoint: 256161 ns, At safepoint: 27569 ns, Total: 283730 ns
[2020-12-10T05:33:13.634+0000][6][safepoint    ] Safepoint "Cleanup", Time since last: 1000196146 ns, Reaching safepoint: 223535 ns, At safepoint: 18951 ns, Total: 242486 ns
[2020-12-10T05:33:14.635+0000][6][safepoint    ] Safepoint "Cleanup", Time since last: 1000184287 ns, Reaching safepoint: 229368 ns, At safepoint: 18714 ns, Total: 248082 ns
[2020-12-10T05:33:15.635+0000][6][safepoint    ] Safepoint "Cleanup", Time since last: 1000174896 ns, Reaching safepoint: 260586 ns, At safepoint: 18117 ns, Total: 278703 ns
[2020-12-10T05:33:16.636+0000][6][safepoint    ] Safepoint "Cleanup", Time since last: 1000149419 ns, Reaching safepoint: 247582 ns, At safepoint: 16982 ns, Total: 264564 ns
[2020-12-10T05:33:17.636+0000][6][safepoint    ] Safepoint "Cleanup", Time since last: 1000182851 ns, Reaching safepoint: 278857 ns, At safepoint: 19161 ns, Total: 298018 ns
[2020-12-10T05:33:18.637+0000][6][safepoint    ] Safepoint "Cleanup", Time since last: 1000134823 ns, Reaching safepoint: 225639 ns, At safepoint: 17293 ns, Total: 242932 ns
[2020-12-10T05:33:19.637+0000][6][safepoint    ] Safepoint "Cleanup", Time since last: 1000182599 ns, Reaching safepoint: 251068 ns, At safepoint: 19004 ns, Total: 270072 ns
[2020-12-10T05:33:20.637+0000][6][safepoint    ] Safepoint "Cleanup", Time since last: 1000205725 ns, Reaching safepoint: 224099 ns, At safepoint: 18878 ns, Total: 242977 ns
[2020-12-10T05:33:21.638+0000][6][safepoint    ] Safepoint "Cleanup", Time since last: 1000150662 ns, Reaching safepoint: 242463 ns, At safepoint: 21166 ns, Total: 263629 ns
[2020-12-10T05:33:22.638+0000][6][safepoint    ] Safepoint "Cleanup", Time since last: 1000202355 ns, Reaching safepoint: 232403 ns, At safepoint: 18878 ns, Total: 251281 ns
[2020-12-10T05:33:23.639+0000][6][safepoint    ] Safepoint "Cleanup", Time since last: 1000191568 ns, Reaching safepoint: 236826 ns, At safepoint: 21319 ns, Total: 258145 ns
[2020-12-10T05:33:25.101+0000][6][safepoint    ] Safepoint "Cleanup", Time since last: 1462374344 ns, Reaching safepoint: 218896 ns, At safepoint: 20978 ns, Total: 239874 ns
[2020-12-10T05:33:26.102+0000][6][safepoint    ] Safepoint "Cleanup", Time since last: 1000163959 ns, Reaching safepoint: 178869 ns, At safepoint: 18428 ns, Total: 197297 ns
[2020-12-10T05:33:27.102+0000][6][safepoint    ] Safepoint "Cleanup", Time since last: 1000190917 ns, Reaching safepoint: 263177 ns, At safepoint: 18118 ns, Total: 281295 ns
[2020-12-10T05:33:28.103+0000][6][safepoint    ] Safepoint "Cleanup", Time since last: 1000179821 ns, Reaching safepoint: 232397 ns, At safepoint: 18694 ns, Total: 251091 ns
[2020-12-10T05:33:29.103+0000][6][safepoint    ] Safepoint "Cleanup", Time since last: 1000193839 ns, Reaching safepoint: 276432 ns, At safepoint: 19631 ns, Total: 296063 ns
[2020-12-10T05:33:30.104+0000][6][safepoint    ] Safepoint "Cleanup", Time since last: 1000189753 ns, Reaching safepoint: 234442 ns, At safepoint: 21615 ns, Total: 256057 ns
[2020-12-10T05:33:31.324+0000][6][safepoint    ] Safepoint "Cleanup", Time since last: 1219975408 ns, Reaching safepoint: 231711 ns, At safepoint: 18210 ns, Total: 249921 ns
[2020-12-10T05:33:32.324+0000][6][safepoint    ] Safepoint "Cleanup", Time since last: 1000188960 ns, Reaching safepoint: 272560 ns, At safepoint: 19495 ns, Total: 292055 ns
[2020-12-10T05:33:34.238+0000][6][safepoint    ] Safepoint "Cleanup", Time since last: 1913584456 ns, Reaching safepoint: 215247 ns, At safepoint: 17190 ns, Total: 232437 ns
[2020-12-10T05:33:35.293+0000][6][safepoint    ] Safepoint "Cleanup", Time since last: 1055088436 ns, Reaching safepoint: 242083 ns, At safepoint: 18887 ns, Total: 260970 ns
[2020-12-10T05:33:36.294+0000][6][safepoint    ] Safepoint "Cleanup", Time since last: 1000069798 ns, Reaching safepoint: 197454 ns, At safepoint: 18490 ns, Total: 215944 ns
[2020-12-10T05:33:37.294+0000][6][safepoint    ] Safepoint "Cleanup", Time since last: 1000205732 ns, Reaching safepoint: 345546 ns, At safepoint: 16232 ns, Total: 361778 ns
[2020-12-10T05:33:38.295+0000][6][safepoint    ] Safepoint "Cleanup", Time since last: 1000186128 ns, Reaching safepoint: 214380 ns, At safepoint: 17700 ns, Total: 232080 ns
[2020-12-10T05:33:39.694+0000][6][safepoint    ] Safepoint "Cleanup", Time since last: 1399263535 ns, Reaching safepoint: 294478 ns, At safepoint: 17404 ns, Total: 311882 ns
[2020-12-10T05:33:40.698+0000][6][safepoint    ] Safepoint "Cleanup", Time since last: 1002990270 ns, Reaching safepoint: 225770 ns, At safepoint: 17903 ns, Total: 243673 ns
[2020-12-10T05:33:51.429+0000][6][safepoint    ] Safepoint "Cleanup", Time since last: 10731587680 ns, Reaching safepoint: 236481 ns, At safepoint: 17065 ns, Total: 253546 ns
[2020-12-10T05:33:52.434+0000][6][safepoint    ] Safepoint "Cleanup", Time since last: 1004683528 ns, Reaching safepoint: 292588 ns, At safepoint: 17690 ns, Total: 310278 ns
[2020-12-10T05:33:53.435+0000][6][safepoint    ] Safepoint "Cleanup", Time since last: 1000181979 ns, Reaching safepoint: 223592 ns, At safepoint: 17630 ns, Total: 241222 ns
[2020-12-10T05:33:54.969+0000][6][safepoint    ] Safepoint "Cleanup", Time since last: 1534279748 ns, Reaching safepoint: 370083 ns, At safepoint: 21816 ns, Total: 391899 ns
[2020-12-10T05:34:01.971+0000][6][safepoint    ] Safepoint "Cleanup", Time since last: 7000885138 ns, Reaching safepoint: 223378 ns, At safepoint: 17450 ns, Total: 240828 ns
[2020-12-10T05:34:26.974+0000][6][safepoint    ] Safepoint "Cleanup", Time since last: 25003044563 ns, Reaching safepoint: 271753 ns, At safepoint: 18694 ns, Total: 290447 ns
[2020-12-10T05:34:34.331+0000][6][safepoint    ] Safepoint "Cleanup", Time since last: 7356562021 ns, Reaching safepoint: 199812 ns, At safepoint: 17605 ns, Total: 217417 ns
[2020-12-10T05:34:35.383+0000][6][safepoint    ] Safepoint "Cleanup", Time since last: 1051956824 ns, Reaching safepoint: 253057 ns, At safepoint: 17127 ns, Total: 270184 ns
[2020-12-10T05:34:37.384+0000][6][safepoint    ] Safepoint "Cleanup", Time since last: 2000317005 ns, Reaching safepoint: 236106 ns, At safepoint: 17020 ns, Total: 253126 ns
[2020-12-10T05:34:38.384+0000][6][safepoint    ] Safepoint "Cleanup", Time since last: 1000194501 ns, Reaching safepoint: 224233 ns, At safepoint: 17109 ns, Total: 241342 ns
[2020-12-10T05:34:39.732+0000][6][safepoint    ] Safepoint "Cleanup", Time since last: 1347940465 ns, Reaching safepoint: 254196 ns, At safepoint: 18724 ns, Total: 272920 ns
[2020-12-10T05:34:41.733+0000][6][safepoint    ] Safepoint "Cleanup", Time since last: 2000285674 ns, Reaching safepoint: 202699 ns, At safepoint: 18693 ns, Total: 221392 ns
[2020-12-10T05:34:53.734+0000][6][safepoint    ] Safepoint "Cleanup", Time since last: 12001472379 ns, Reaching safepoint: 252379 ns, At safepoint: 19154 ns, Total: 271533 ns
[2020-12-10T05:34:54.735+0000][6][safepoint    ] Safepoint "Cleanup", Time since last: 1000176807 ns, Reaching safepoint: 232106 ns, At safepoint: 19038 ns, Total: 251144 ns
[2020-12-10T05:35:14.738+0000][6][safepoint    ] Safepoint "Cleanup", Time since last: 20002439828 ns, Reaching safepoint: 220710 ns, At safepoint: 18811 ns, Total: 239521 ns
[2020-12-10T05:35:16.738+0000][6][safepoint    ] Safepoint "Cleanup", Time since last: 2000284735 ns, Reaching safepoint: 231330 ns, At safepoint: 33250 ns, Total: 264580 ns
[2020-12-10T05:35:23.739+0000][6][safepoint    ] Safepoint "Cleanup", Time since last: 7000857217 ns, Reaching safepoint: 264842 ns, At safepoint: 19125 ns, Total: 283967 ns
[2020-12-10T05:35:24.740+0000][6][safepoint    ] Safepoint "Cleanup", Time since last: 1000177984 ns, Reaching safepoint: 260577 ns, At safepoint: 20385 ns, Total: 280962 ns
[2020-12-10T05:35:34.422+0000][6][safepoint    ] Safepoint "Cleanup", Time since last: 9682001975 ns, Reaching safepoint: 266060 ns, At safepoint: 16349 ns, Total: 282409 ns
[2020-12-10T05:35:34.438+0000][6][safepoint    ] Safepoint "BulkRevokeBias", Time since last: 14975208 ns, Reaching safepoint: 169662 ns, At safepoint: 860537 ns, Total: 1030199 ns
[2020-12-10T05:35:35.475+0000][6][safepoint    ] Safepoint "Cleanup", Time since last: 1036339120 ns, Reaching safepoint: 248743 ns, At safepoint: 18117 ns, Total: 266860 ns
[2020-12-10T05:35:38.475+0000][6][safepoint    ] Safepoint "Cleanup", Time since last: 3000458027 ns, Reaching safepoint: 250489 ns, At safepoint: 17711 ns, Total: 268200 ns
[2020-12-10T05:35:38.788+0000][6][safepoint    ] Safepoint "BulkRevokeBias", Time since last: 311018586 ns, Reaching safepoint: 196396 ns, At safepoint: 1009969 ns, Total: 1206365 ns
[2020-12-10T05:35:46.789+0000][6][safepoint    ] Safepoint "Cleanup", Time since last: 8001055242 ns, Reaching safepoint: 225967 ns, At safepoint: 17980 ns, Total: 243947 ns
[2020-12-10T05:35:54.790+0000][6][safepoint    ] Safepoint "Cleanup", Time since last: 8001013809 ns, Reaching safepoint: 297328 ns, At safepoint: 17780 ns, Total: 315108 ns
[2020-12-10T05:36:07.792+0000][6][safepoint    ] Safepoint "Cleanup", Time since last: 13001577525 ns, Reaching safepoint: 204906 ns, At safepoint: 17764 ns, Total: 222670 ns
[2020-12-10T05:36:29.795+0000][6][safepoint    ] Safepoint "Cleanup", Time since last: 22002635907 ns, Reaching safepoint: 252486 ns, At safepoint: 19437 ns, Total: 271923 ns
[2020-12-10T05:36:34.513+0000][6][safepoint    ] Safepoint "Cleanup", Time since last: 4717577823 ns, Reaching safepoint: 197053 ns, At safepoint: 19522 ns, Total: 216575 ns
[2020-12-10T05:36:35.886+0000][6][safepoint    ] Safepoint "Cleanup", Time since last: 1373305113 ns, Reaching safepoint: 292665 ns, At safepoint: 24203 ns, Total: 316868 ns
[2020-12-10T05:36:37.811+0000][6][safepoint    ] Safepoint "Cleanup", Time since last: 1924140729 ns, Reaching safepoint: 263841 ns, At safepoint: 26165 ns, Total: 290006 ns
[2020-12-10T05:36:38.833+0000][6][safepoint    ] Safepoint "Cleanup", Time since last: 1022250257 ns, Reaching safepoint: 255757 ns, At safepoint: 19191 ns, Total: 274948 ns
[2020-12-10T05:36:41.662+0000][6][safepoint    ] Safepoint "Cleanup", Time since last: 2828865768 ns, Reaching safepoint: 274721 ns, At safepoint: 24327 ns, Total: 299048 ns
[2020-12-10T05:36:42.466+0000][6][safepoint    ] Safepoint "BulkRevokeBias", Time since last: 801931738 ns, Reaching safepoint: 204748 ns, At safepoint: 997481 ns, Total: 1202229 ns
[2020-12-10T05:36:43.466+0000][6][safepoint    ] Safepoint "Cleanup", Time since last: 1000178486 ns, Reaching safepoint: 247378 ns, At safepoint: 18207 ns, Total: 265585 ns
[2020-12-10T05:36:44.466+0000][6][safepoint    ] Safepoint "Cleanup", Time since last: 1000183189 ns, Reaching safepoint: 216598 ns, At safepoint: 18461 ns, Total: 235059 ns
[2020-12-10T05:36:45.467+0000][6][safepoint    ] Safepoint "Cleanup", Time since last: 1000179331 ns, Reaching safepoint: 264892 ns, At safepoint: 19044 ns, Total: 283936 ns
[2020-12-10T05:36:46.467+0000][6][safepoint    ] Safepoint "Cleanup", Time since last: 1000180808 ns, Reaching safepoint: 279184 ns, At safepoint: 19218 ns, Total: 298402 ns
[2020-12-10T05:36:47.468+0000][6][safepoint    ] Safepoint "Cleanup", Time since last: 1000184497 ns, Reaching safepoint: 237850 ns, At safepoint: 19241 ns, Total: 257091 ns
[2020-12-10T05:36:48.468+0000][6][safepoint    ] Safepoint "Cleanup", Time since last: 1000161260 ns, Reaching safepoint: 239464 ns, At safepoint: 18968 ns, Total: 258432 ns
[2020-12-10T05:36:49.469+0000][6][safepoint    ] Safepoint "Cleanup", Time since last: 1000185577 ns, Reaching safepoint: 240375 ns, At safepoint: 18958 ns, Total: 259333 ns
[2020-12-10T05:36:50.469+0000][6][safepoint    ] Safepoint "Cleanup", Time since last: 1000170701 ns, Reaching safepoint: 251889 ns, At safepoint: 17919 ns, Total: 269808 ns
[2020-12-10T05:36:51.470+0000][6][safepoint    ] Safepoint "Cleanup", Time since last: 1000174536 ns, Reaching safepoint: 243567 ns, At safepoint: 19267 ns, Total: 262834 ns
[2020-12-10T05:36:52.470+0000][6][safepoint    ] Safepoint "Cleanup", Time since last: 1000179541 ns, Reaching safepoint: 230783 ns, At safepoint: 18860 ns, Total: 249643 ns
[2020-12-10T05:36:53.470+0000][6][safepoint    ] Safepoint "Cleanup", Time since last: 1000186285 ns, Reaching safepoint: 230929 ns, At safepoint: 19255 ns, Total: 250184 ns
[2020-12-10T05:36:54.471+0000][6][safepoint    ] Safepoint "Cleanup", Time since last: 1000176722 ns, Reaching safepoint: 240505 ns, At safepoint: 18917 ns, Total: 259422 ns
[2020-12-10T05:36:55.471+0000][6][safepoint    ] Safepoint "Cleanup", Time since last: 1000172056 ns, Reaching safepoint: 249088 ns, At safepoint: 18119 ns, Total: 267207 ns
[2020-12-10T05:36:56.472+0000][6][safepoint    ] Safepoint "Cleanup", Time since last: 1000190148 ns, Reaching safepoint: 240845 ns, At safepoint: 19187 ns, Total: 260032 ns
[2020-12-10T05:36:57.472+0000][6][safepoint    ] Safepoint "Cleanup", Time since last: 1000186655 ns, Reaching safepoint: 265026 ns, At safepoint: 19458 ns, Total: 284484 ns
[2020-12-10T05:36:58.473+0000][6][safepoint    ] Safepoint "Cleanup", Time since last: 1000187128 ns, Reaching safepoint: 228205 ns, At safepoint: 18930 ns, Total: 247135 ns
[2020-12-10T05:36:59.473+0000][6][safepoint    ] Safepoint "Cleanup", Time since last: 1000185578 ns, Reaching safepoint: 275708 ns, At safepoint: 17370 ns, Total: 293078 ns
[2020-12-10T05:37:00.474+0000][6][safepoint    ] Safepoint "Cleanup", Time since last: 1000182589 ns, Reaching safepoint: 222438 ns, At safepoint: 18891 ns, Total: 241329 ns
[2020-12-10T05:37:01.474+0000][6][safepoint    ] Safepoint "Cleanup", Time since last: 1000183883 ns, Reaching safepoint: 222538 ns, At safepoint: 18867 ns, Total: 241405 ns
[2020-12-10T05:37:02.474+0000][6][safepoint    ] Safepoint "Cleanup", Time since last: 1000200006 ns, Reaching safepoint: 228575 ns, At safepoint: 18877 ns, Total: 247452 ns
[2020-12-10T05:37:03.475+0000][6][safepoint    ] Safepoint "Cleanup", Time since last: 1000189177 ns, Reaching safepoint: 241502 ns, At safepoint: 18914 ns, Total: 260416 ns
[2020-12-10T05:37:04.475+0000][6][safepoint    ] Safepoint "Cleanup", Time since last: 1000195853 ns, Reaching safepoint: 235802 ns, At safepoint: 19075 ns, Total: 254877 ns
[2020-12-10T05:37:05.476+0000][6][safepoint    ] Safepoint "Cleanup", Time since last: 1000169428 ns, Reaching safepoint: 242603 ns, At safepoint: 18771 ns, Total: 261374 ns
[2020-12-10T05:37:06.476+0000][6][safepoint    ] Safepoint "Cleanup", Time since last: 1000185257 ns, Reaching safepoint: 242873 ns, At safepoint: 17443 ns, Total: 260316 ns
[2020-12-10T05:37:07.477+0000][6][safepoint    ] Safepoint "Cleanup", Time since last: 1000190514 ns, Reaching safepoint: 242709 ns, At safepoint: 19081 ns, Total: 261790 ns
[2020-12-10T05:37:08.477+0000][6][safepoint    ] Safepoint "Cleanup", Time since last: 1000187262 ns, Reaching safepoint: 239064 ns, At safepoint: 35547 ns, Total: 274611 ns
[2020-12-10T05:37:09.477+0000][6][safepoint    ] Safepoint "Cleanup", Time since last: 1000149474 ns, Reaching safepoint: 221071 ns, At safepoint: 18220 ns, Total: 239291 ns
[2020-12-10T05:37:10.478+0000][6][safepoint    ] Safepoint "Cleanup", Time since last: 1000164281 ns, Reaching safepoint: 233282 ns, At safepoint: 17307 ns, Total: 250589 ns
[2020-12-10T05:37:11.478+0000][6][safepoint    ] Safepoint "Cleanup", Time since last: 1000219392 ns, Reaching safepoint: 268854 ns, At safepoint: 19565 ns, Total: 288419 ns
[2020-12-10T05:37:12.479+0000][6][safepoint    ] Safepoint "Cleanup", Time since last: 1000190424 ns, Reaching safepoint: 242819 ns, At safepoint: 18971 ns, Total: 261790 ns
[2020-12-10T05:37:13.479+0000][6][safepoint    ] Safepoint "Cleanup", Time since last: 1000220979 ns, Reaching safepoint: 242240 ns, At safepoint: 18073 ns, Total: 260313 ns
[2020-12-10T05:37:14.480+0000][6][safepoint    ] Safepoint "Cleanup", Time since last: 1000185660 ns, Reaching safepoint: 231313 ns, At safepoint: 18827 ns, Total: 250140 ns
[2020-12-10T05:37:15.480+0000][6][safepoint    ] Safepoint "Cleanup", Time since last: 1000178470 ns, Reaching safepoint: 247286 ns, At safepoint: 20599 ns, Total: 267885 ns
[2020-12-10T05:37:16.481+0000][6][safepoint    ] Safepoint "Cleanup", Time since last: 1000148392 ns, Reaching safepoint: 212766 ns, At safepoint: 18264 ns, Total: 231030 ns
[2020-12-10T05:37:17.481+0000][6][safepoint    ] Safepoint "Cleanup", Time since last: 1000200026 ns, Reaching safepoint: 222094 ns, At safepoint: 18914 ns, Total: 241008 ns
[2020-12-10T05:37:18.482+0000][6][safepoint    ] Safepoint "Cleanup", Time since last: 1000232021 ns, Reaching safepoint: 269885 ns, At safepoint: 18644 ns, Total: 288529 ns
[2020-12-10T05:37:19.482+0000][6][safepoint    ] Safepoint "Cleanup", Time since last: 1000187936 ns, Reaching safepoint: 214216 ns, At safepoint: 18257 ns, Total: 232473 ns
[2020-12-10T05:37:20.482+0000][6][safepoint    ] Safepoint "Cleanup", Time since last: 1000184020 ns, Reaching safepoint: 288751 ns, At safepoint: 17743 ns, Total: 306494 ns
[2020-12-10T05:37:21.483+0000][6][safepoint    ] Safepoint "Cleanup", Time since last: 1000179482 ns, Reaching safepoint: 222024 ns, At safepoint: 17957 ns, Total: 239981 ns
[2020-12-10T05:37:22.483+0000][6][safepoint    ] Safepoint "Cleanup", Time since last: 1000222846 ns, Reaching safepoint: 255020 ns, At safepoint: 18691 ns, Total: 273711 ns
[2020-12-10T05:37:23.484+0000][6][safepoint    ] Safepoint "Cleanup", Time since last: 1000190471 ns, Reaching safepoint: 233968 ns, At safepoint: 20452 ns, Total: 254420 ns
[2020-12-10T05:37:24.484+0000][6][safepoint    ] Safepoint "Cleanup", Time since last: 1000180980 ns, Reaching safepoint: 216068 ns, At safepoint: 19034 ns, Total: 235102 ns
[2020-12-10T05:37:25.485+0000][6][safepoint    ] Safepoint "Cleanup", Time since last: 1000189544 ns, Reaching safepoint: 246899 ns, At safepoint: 17783 ns, Total: 264682 ns
[2020-12-10T05:37:26.485+0000][6][safepoint    ] Safepoint "Cleanup", Time since last: 1000189873 ns, Reaching safepoint: 247347 ns, At safepoint: 17967 ns, Total: 265314 ns
[2020-12-10T05:37:27.486+0000][6][safepoint    ] Safepoint "Cleanup", Time since last: 1000179658 ns, Reaching safepoint: 272027 ns, At safepoint: 24642 ns, Total: 296669 ns
[2020-12-10T05:37:28.486+0000][6][safepoint    ] Safepoint "Cleanup", Time since last: 1000184466 ns, Reaching safepoint: 230843 ns, At safepoint: 36518 ns, Total: 267361 ns
[2020-12-10T05:37:29.486+0000][6][safepoint    ] Safepoint "Cleanup", Time since last: 1000133005 ns, Reaching safepoint: 166748 ns, At safepoint: 11915 ns, Total: 178663 ns
[2020-12-10T05:37:30.487+0000][6][safepoint    ] Safepoint "Cleanup", Time since last: 1000162132 ns, Reaching safepoint: 227327 ns, At safepoint: 18651 ns, Total: 245978 ns
[2020-12-10T05:37:31.487+0000][6][safepoint    ] Safepoint "Cleanup", Time since last: 1000177747 ns, Reaching safepoint: 250314 ns, At safepoint: 17487 ns, Total: 267801 ns
[2020-12-10T05:37:32.488+0000][6][safepoint    ] Safepoint "Cleanup", Time since last: 1000178840 ns, Reaching safepoint: 231809 ns, At safepoint: 18658 ns, Total: 250467 ns
[2020-12-10T05:37:33.488+0000][6][safepoint    ] Safepoint "Cleanup", Time since last: 1000191978 ns, Reaching safepoint: 258051 ns, At safepoint: 17560 ns, Total: 275611 ns
[2020-12-10T05:37:34.489+0000][6][safepoint    ] Safepoint "Cleanup", Time since last: 1000188266 ns, Reaching safepoint: 241984 ns, At safepoint: 17675 ns, Total: 259659 ns
[2020-12-10T05:37:35.651+0000][6][safepoint    ] Safepoint "Cleanup", Time since last: 1161794391 ns, Reaching safepoint: 248906 ns, At safepoint: 19241 ns, Total: 268147 ns
[2020-12-10T05:37:36.651+0000][6][safepoint    ] Safepoint "Cleanup", Time since last: 1000194222 ns, Reaching safepoint: 257455 ns, At safepoint: 19511 ns, Total: 276966 ns
[2020-12-10T05:37:37.652+0000][6][safepoint    ] Safepoint "Cleanup", Time since last: 1000190221 ns, Reaching safepoint: 231516 ns, At safepoint: 18777 ns, Total: 250293 ns
[2020-12-10T05:37:37.857+0000][6][safepoint    ] Safepoint "BulkRevokeBias", Time since last: 204237783 ns, Reaching safepoint: 204151 ns, At safepoint: 1071105 ns, Total: 1275256 ns
[2020-12-10T05:37:38.860+0000][6][safepoint    ] Safepoint "Cleanup", Time since last: 1002444225 ns, Reaching safepoint: 232800 ns, At safepoint: 19351 ns, Total: 252151 ns
[2020-12-10T05:37:39.860+0000][6][safepoint    ] Safepoint "Cleanup", Time since last: 1000191046 ns, Reaching safepoint: 241872 ns, At safepoint: 20578 ns, Total: 262450 ns
[2020-12-10T05:37:40.861+0000][6][safepoint    ] Safepoint "Cleanup", Time since last: 1000190221 ns, Reaching safepoint: 223511 ns, At safepoint: 18915 ns, Total: 242426 ns
[2020-12-10T05:37:41.861+0000][6][safepoint    ] Safepoint "Cleanup", Time since last: 1000197237 ns, Reaching safepoint: 262307 ns, At safepoint: 20902 ns, Total: 283209 ns
[2020-12-10T05:37:42.862+0000][6][safepoint    ] Safepoint "Cleanup", Time since last: 1000190643 ns, Reaching safepoint: 217066 ns, At safepoint: 17718 ns, Total: 234784 ns
[2020-12-10T05:37:43.862+0000][6][safepoint    ] Safepoint "Cleanup", Time since last: 1000186527 ns, Reaching safepoint: 225143 ns, At safepoint: 17927 ns, Total: 243070 ns
[2020-12-10T05:37:44.862+0000][6][safepoint    ] Safepoint "Cleanup", Time since last: 1000207426 ns, Reaching safepoint: 220347 ns, At safepoint: 18601 ns, Total: 238948 ns
[2020-12-10T05:37:45.863+0000][6][safepoint    ] Safepoint "Cleanup", Time since last: 1000178560 ns, Reaching safepoint: 231109 ns, At safepoint: 19161 ns, Total: 250270 ns
[2020-12-10T05:37:46.863+0000][6][safepoint    ] Safepoint "Cleanup", Time since last: 1000219687 ns, Reaching safepoint: 232867 ns, At safepoint: 18620 ns, Total: 251487 ns
[2020-12-10T05:37:47.864+0000][6][safepoint    ] Safepoint "Cleanup", Time since last: 1000185205 ns, Reaching safepoint: 227831 ns, At safepoint: 18771 ns, Total: 246602 ns
[2020-12-10T05:37:48.864+0000][6][safepoint    ] Safepoint "Cleanup", Time since last: 1000163648 ns, Reaching safepoint: 341553 ns, At safepoint: 21806 ns, Total: 363359 ns
[2020-12-10T05:37:49.865+0000][6][safepoint    ] Safepoint "Cleanup", Time since last: 1000188956 ns, Reaching safepoint: 222467 ns, At safepoint: 19021 ns, Total: 241488 ns
[2020-12-10T05:37:50.865+0000][6][safepoint    ] Safepoint "Cleanup", Time since last: 1000154421 ns, Reaching safepoint: 274544 ns, At safepoint: 19425 ns, Total: 293969 ns
[2020-12-10T05:37:51.866+0000][6][safepoint    ] Safepoint "Cleanup", Time since last: 1000174240 ns, Reaching safepoint: 228740 ns, At safepoint: 17731 ns, Total: 246471 ns
[2020-12-10T05:37:52.866+0000][6][safepoint    ] Safepoint "Cleanup", Time since last: 1000161699 ns, Reaching safepoint: 205535 ns, At safepoint: 15696 ns, Total: 221231 ns
[2020-12-10T05:37:53.866+0000][6][safepoint    ] Safepoint "Cleanup", Time since last: 1000135570 ns, Reaching safepoint: 218332 ns, At safepoint: 19625 ns, Total: 237957 ns
[2020-12-10T05:37:54.867+0000][6][safepoint    ] Safepoint "Cleanup", Time since last: 1000150971 ns, Reaching safepoint: 228165 ns, At safepoint: 17517 ns, Total: 245682 ns
[2020-12-10T05:37:55.867+0000][6][safepoint    ] Safepoint "Cleanup", Time since last: 1000177432 ns, Reaching safepoint: 246508 ns, At safepoint: 20849 ns, Total: 267357 ns
[2020-12-10T05:37:56.868+0000][6][safepoint    ] Safepoint "Cleanup", Time since last: 1000198921 ns, Reaching safepoint: 202407 ns, At safepoint: 18874 ns, Total: 221281 ns
[2020-12-10T05:37:57.868+0000][6][safepoint    ] Safepoint "Cleanup", Time since last: 1000173968 ns, Reaching safepoint: 209097 ns, At safepoint: 18467 ns, Total: 227564 ns
[2020-12-10T05:37:58.218+0000][6][safepoint    ] Safepoint "BulkRevokeBias", Time since last: 348593803 ns, Reaching safepoint: 222587 ns, At safepoint: 830599 ns, Total: 1053186 ns
[2020-12-10T05:37:58.224+0000][6][safepoint    ] Safepoint "BulkRevokeBias", Time since last: 5378170 ns, Reaching safepoint: 181239 ns, At safepoint: 694206 ns, Total: 875445 ns
[2020-12-10T05:37:58.351+0000][6][safepoint    ] Safepoint "BulkRevokeBias", Time since last: 126151173 ns, Reaching safepoint: 286725 ns, At safepoint: 932518 ns, Total: 1219243 ns
[2020-12-10T05:37:58.437+0000][6][gc,heap,exit ] Heap
[2020-12-10T05:37:58.437+0000][6][gc,heap,exit ]  garbage-first heap   total 849920K, used 504179K [0x00000000c0000000, 0x0000000100000000)
[2020-12-10T05:37:58.437+0000][6][gc,heap,exit ]   region size 1024K, 332 young (339968K), 25 survivors (25600K)
[2020-12-10T05:37:58.437+0000][6][gc,heap,exit ]  Metaspace       used 72075K, capacity 76752K, committed 76968K, reserved 1116160K
[2020-12-10T05:37:58.437+0000][6][gc,heap,exit ]   class space    used 9336K, capacity 11304K, committed 11336K, reserved 1048576K
