[2021-08-17T02:44:49.738+0000][6][gc,heap] Heap region size: 1M
[2021-08-17T02:44:49.738+0000][6][gc,heap,coops] Heap address: 0x00000000c0000000, size: 1024 MB, Compressed Oops mode: 32-bit
[2021-08-17T02:44:49.856+0000][6][gc           ] Using G1
[2021-08-17T02:44:49.856+0000][6][gc,cds       ] Mark closed archive regions in map: [0x00000000fff00000, 0x00000000fff7eff8]
[2021-08-17T02:44:49.856+0000][6][gc,cds       ] Mark open archive regions in map: [0x00000000ffe00000, 0x00000000ffe51ff8]
[2021-08-17T02:44:49.871+0000][6][gc           ] Periodic GC disabled
[2021-08-17T02:44:50.251+0000][6][gc,start     ] GC(0) Pause Young (Normal) (G1 Evacuation Pause)
[2021-08-17T02:44:50.255+0000][6][gc,task      ] GC(0) Using 4 workers of 4 for evacuation
[2021-08-17T02:44:50.255+0000][6][gc,age       ] GC(0) Desired survivor size 1048576 bytes, new threshold 15 (max threshold 15)
[2021-08-17T02:44:50.261+0000][6][gc,age       ] GC(0) Age table with threshold 15 (max threshold 15)
[2021-08-17T02:44:50.261+0000][6][gc,age       ] GC(0) - age   1:    2069320 bytes,    2069320 total
[2021-08-17T02:44:50.261+0000][6][gc,phases    ] GC(0)   Pre Evacuate Collection Set: 0.1ms
[2021-08-17T02:44:50.261+0000][6][gc,phases    ] GC(0)   Merge Heap Roots: 0.1ms
[2021-08-17T02:44:50.261+0000][6][gc,phases    ] GC(0)   Evacuate Collection Set: 4.8ms
[2021-08-17T02:44:50.261+0000][6][gc,phases    ] GC(0)   Post Evacuate Collection Set: 0.4ms
[2021-08-17T02:44:50.261+0000][6][gc,phases    ] GC(0)   Other: 4.2ms
[2021-08-17T02:44:50.261+0000][6][gc,heap      ] GC(0) Eden regions: 13->0(16)
[2021-08-17T02:44:50.261+0000][6][gc,heap      ] GC(0) Survivor regions: 0->2(2)
[2021-08-17T02:44:50.261+0000][6][gc,heap      ] GC(0) Old regions: 0->1
[2021-08-17T02:44:50.261+0000][6][gc,heap      ] GC(0) Archive regions: 2->2
[2021-08-17T02:44:50.261+0000][6][gc,heap      ] GC(0) Humongous regions: 1->1
[2021-08-17T02:44:50.261+0000][6][gc,metaspace ] GC(0) Metaspace: 3457K(6656K)->3457K(6656K) NonClass: 3097K(5888K)->3097K(5888K) Class: 360K(768K)->360K(768K)
[2021-08-17T02:44:50.261+0000][6][gc           ] GC(0) Pause Young (Normal) (G1 Evacuation Pause) 14M->3M(258M) 9.779ms
[2021-08-17T02:44:50.261+0000][6][gc,cpu       ] GC(0) User=0.00s Sys=0.00s Real=0.01s
[2021-08-17T02:44:50.261+0000][6][safepoint    ] Safepoint "G1CollectForAllocation", Time since last: 386779936 ns, Reaching safepoint: 667165 ns, At safepoint: 9896805 ns, Total: 10563970 ns
[2021-08-17T02:44:50.868+0000][6][gc,start     ] GC(1) Pause Young (Normal) (G1 Evacuation Pause)
[2021-08-17T02:44:50.868+0000][6][gc,task      ] GC(1) Using 4 workers of 4 for evacuation
[2021-08-17T02:44:50.868+0000][6][gc,age       ] GC(1) Desired survivor size 1572864 bytes, new threshold 1 (max threshold 15)
[2021-08-17T02:44:50.873+0000][6][gc,age       ] GC(1) Age table with threshold 1 (max threshold 15)
[2021-08-17T02:44:50.873+0000][6][gc,age       ] GC(1) - age   1:    1244224 bytes,    1244224 total
[2021-08-17T02:44:50.873+0000][6][gc,phases    ] GC(1)   Pre Evacuate Collection Set: 0.1ms
[2021-08-17T02:44:50.873+0000][6][gc,phases    ] GC(1)   Merge Heap Roots: 0.0ms
[2021-08-17T02:44:50.873+0000][6][gc,phases    ] GC(1)   Evacuate Collection Set: 3.2ms
[2021-08-17T02:44:50.873+0000][6][gc,phases    ] GC(1)   Post Evacuate Collection Set: 0.7ms
[2021-08-17T02:44:50.873+0000][6][gc,phases    ] GC(1)   Other: 0.1ms
[2021-08-17T02:44:50.873+0000][6][gc,heap      ] GC(1) Eden regions: 16->0(49)
[2021-08-17T02:44:50.873+0000][6][gc,heap      ] GC(1) Survivor regions: 2->2(3)
[2021-08-17T02:44:50.873+0000][6][gc,heap      ] GC(1) Old regions: 1->3
[2021-08-17T02:44:50.873+0000][6][gc,heap      ] GC(1) Archive regions: 2->2
[2021-08-17T02:44:50.873+0000][6][gc,heap      ] GC(1) Humongous regions: 1->1
[2021-08-17T02:44:50.873+0000][6][gc,metaspace ] GC(1) Metaspace: 8011K(9600K)->8011K(9600K) NonClass: 7062K(8448K)->7062K(8448K) Class: 948K(1152K)->948K(1152K)
[2021-08-17T02:44:50.873+0000][6][gc           ] GC(1) Pause Young (Normal) (G1 Evacuation Pause) 19M->5M(258M) 4.353ms
[2021-08-17T02:44:50.873+0000][6][gc,cpu       ] GC(1) User=0.01s Sys=0.00s Real=0.01s
[2021-08-17T02:44:50.873+0000][6][safepoint    ] Safepoint "G1CollectForAllocation", Time since last: 607150334 ns, Reaching safepoint: 121798 ns, At safepoint: 4429070 ns, Total: 4550868 ns
[2021-08-17T02:44:51.657+0000][6][safepoint    ] Safepoint "ICBufferFull", Time since last: 783750190 ns, Reaching safepoint: 924005 ns, At safepoint: 27226 ns, Total: 951231 ns
[2021-08-17T02:44:51.719+0000][6][gc,start     ] GC(2) Pause Young (Normal) (G1 Evacuation Pause)
[2021-08-17T02:44:51.719+0000][6][gc,task      ] GC(2) Using 4 workers of 4 for evacuation
[2021-08-17T02:44:51.719+0000][6][gc,age       ] GC(2) Desired survivor size 3670016 bytes, new threshold 15 (max threshold 15)
[2021-08-17T02:44:51.725+0000][6][gc,age       ] GC(2) Age table with threshold 15 (max threshold 15)
[2021-08-17T02:44:51.725+0000][6][gc,age       ] GC(2) - age   1:    2964992 bytes,    2964992 total
[2021-08-17T02:44:51.725+0000][6][gc,age       ] GC(2) - age   2:    1153768 bytes,    4118760 total
[2021-08-17T02:44:51.725+0000][6][gc,phases    ] GC(2)   Pre Evacuate Collection Set: 0.2ms
[2021-08-17T02:44:51.725+0000][6][gc,phases    ] GC(2)   Merge Heap Roots: 0.2ms
[2021-08-17T02:44:51.725+0000][6][gc,phases    ] GC(2)   Evacuate Collection Set: 4.5ms
[2021-08-17T02:44:51.725+0000][6][gc,phases    ] GC(2)   Post Evacuate Collection Set: 1.4ms
[2021-08-17T02:44:51.725+0000][6][gc,phases    ] GC(2)   Other: 0.1ms
[2021-08-17T02:44:51.725+0000][6][gc,heap      ] GC(2) Eden regions: 49->0(148)
[2021-08-17T02:44:51.725+0000][6][gc,heap      ] GC(2) Survivor regions: 2->5(7)
[2021-08-17T02:44:51.725+0000][6][gc,heap      ] GC(2) Old regions: 3->3
[2021-08-17T02:44:51.725+0000][6][gc,heap      ] GC(2) Archive regions: 2->2
[2021-08-17T02:44:51.725+0000][6][gc,heap      ] GC(2) Humongous regions: 1->1
[2021-08-17T02:44:51.725+0000][6][gc,metaspace ] GC(2) Metaspace: 14018K(14848K)->14018K(14848K) NonClass: 12314K(12800K)->12314K(12800K) Class: 1703K(2048K)->1703K(2048K)
[2021-08-17T02:44:51.725+0000][6][gc           ] GC(2) Pause Young (Normal) (G1 Evacuation Pause) 54M->7M(258M) 6.448ms
[2021-08-17T02:44:51.725+0000][6][gc,cpu       ] GC(2) User=0.01s Sys=0.00s Real=0.01s
[2021-08-17T02:44:51.725+0000][6][safepoint    ] Safepoint "G1CollectForAllocation", Time since last: 61016572 ns, Reaching safepoint: 283722 ns, At safepoint: 6516775 ns, Total: 6800497 ns
[2021-08-17T02:44:51.729+0000][6][safepoint    ] Safepoint "BulkRevokeBias", Time since last: 3417015 ns, Reaching safepoint: 291951 ns, At safepoint: 71090 ns, Total: 363041 ns
[2021-08-17T02:44:52.194+0000][6][gc,start     ] GC(3) Pause Young (Normal) (G1 Evacuation Pause)
[2021-08-17T02:44:52.194+0000][6][gc,task      ] GC(3) Using 4 workers of 4 for evacuation
[2021-08-17T02:44:52.194+0000][6][gc,age       ] GC(3) Desired survivor size 10485760 bytes, new threshold 15 (max threshold 15)
[2021-08-17T02:44:52.202+0000][6][gc,age       ] GC(3) Age table with threshold 15 (max threshold 15)
[2021-08-17T02:44:52.202+0000][6][gc,age       ] GC(3) - age   1:    2590080 bytes,    2590080 total
[2021-08-17T02:44:52.202+0000][6][gc,age       ] GC(3) - age   2:    1823072 bytes,    4413152 total
[2021-08-17T02:44:52.202+0000][6][gc,age       ] GC(3) - age   3:    1150024 bytes,    5563176 total
[2021-08-17T02:44:52.202+0000][6][gc,phases    ] GC(3)   Pre Evacuate Collection Set: 0.2ms
[2021-08-17T02:44:52.202+0000][6][gc,phases    ] GC(3)   Merge Heap Roots: 0.2ms
[2021-08-17T02:44:52.202+0000][6][gc,phases    ] GC(3)   Evacuate Collection Set: 6.7ms
[2021-08-17T02:44:52.202+0000][6][gc,phases    ] GC(3)   Post Evacuate Collection Set: 0.8ms
[2021-08-17T02:44:52.202+0000][6][gc,phases    ] GC(3)   Other: 0.2ms
[2021-08-17T02:44:52.202+0000][6][gc,heap      ] GC(3) Eden regions: 148->0(147)
[2021-08-17T02:44:52.202+0000][6][gc,heap      ] GC(3) Survivor regions: 5->6(20)
[2021-08-17T02:44:52.202+0000][6][gc,heap      ] GC(3) Old regions: 3->3
[2021-08-17T02:44:52.202+0000][6][gc,heap      ] GC(3) Archive regions: 2->2
[2021-08-17T02:44:52.202+0000][6][gc,heap      ] GC(3) Humongous regions: 2->1
[2021-08-17T02:44:52.202+0000][6][gc,metaspace ] GC(3) Metaspace: 16219K(17152K)->16219K(17152K) NonClass: 14224K(14848K)->14224K(14848K) Class: 1995K(2304K)->1995K(2304K)
[2021-08-17T02:44:52.202+0000][6][gc           ] GC(3) Pause Young (Normal) (G1 Evacuation Pause) 156M->9M(258M) 8.214ms
[2021-08-17T02:44:52.202+0000][6][gc,cpu       ] GC(3) User=0.02s Sys=0.00s Real=0.01s
[2021-08-17T02:44:52.203+0000][6][safepoint    ] Safepoint "G1CollectForAllocation", Time since last: 464913361 ns, Reaching safepoint: 284149 ns, At safepoint: 8290261 ns, Total: 8574410 ns
[2021-08-17T02:44:52.221+0000][6][safepoint    ] Safepoint "BulkRevokeBias", Time since last: 18002591 ns, Reaching safepoint: 757950 ns, At safepoint: 72928 ns, Total: 830878 ns
[2021-08-17T02:44:52.222+0000][6][safepoint    ] Safepoint "BulkRevokeBias", Time since last: 66346 ns, Reaching safepoint: 259023 ns, At safepoint: 53740 ns, Total: 312763 ns
[2021-08-17T02:44:52.577+0000][6][gc,start     ] GC(4) Pause Young (Normal) (G1 Evacuation Pause)
[2021-08-17T02:44:52.577+0000][6][gc,task      ] GC(4) Using 4 workers of 4 for evacuation
[2021-08-17T02:44:52.577+0000][6][gc,age       ] GC(4) Desired survivor size 10485760 bytes, new threshold 15 (max threshold 15)
[2021-08-17T02:44:52.586+0000][6][gc,age       ] GC(4) Age table with threshold 15 (max threshold 15)
[2021-08-17T02:44:52.586+0000][6][gc,age       ] GC(4) - age   1:    2617752 bytes,    2617752 total
[2021-08-17T02:44:52.586+0000][6][gc,age       ] GC(4) - age   2:    2140376 bytes,    4758128 total
[2021-08-17T02:44:52.586+0000][6][gc,age       ] GC(4) - age   3:    1822616 bytes,    6580744 total
[2021-08-17T02:44:52.586+0000][6][gc,age       ] GC(4) - age   4:    1150024 bytes,    7730768 total
[2021-08-17T02:44:52.586+0000][6][gc,phases    ] GC(4)   Pre Evacuate Collection Set: 0.1ms
[2021-08-17T02:44:52.586+0000][6][gc,phases    ] GC(4)   Merge Heap Roots: 0.1ms
[2021-08-17T02:44:52.586+0000][6][gc,phases    ] GC(4)   Evacuate Collection Set: 7.2ms
[2021-08-17T02:44:52.586+0000][6][gc,phases    ] GC(4)   Post Evacuate Collection Set: 1.3ms
[2021-08-17T02:44:52.586+0000][6][gc,phases    ] GC(4)   Other: 0.2ms
[2021-08-17T02:44:52.586+0000][6][gc,heap      ] GC(4) Eden regions: 147->0(145)
[2021-08-17T02:44:52.586+0000][6][gc,heap      ] GC(4) Survivor regions: 6->8(20)
[2021-08-17T02:44:52.586+0000][6][gc,heap      ] GC(4) Old regions: 3->3
[2021-08-17T02:44:52.586+0000][6][gc,heap      ] GC(4) Archive regions: 2->2
[2021-08-17T02:44:52.586+0000][6][gc,heap      ] GC(4) Humongous regions: 1->1
[2021-08-17T02:44:52.586+0000][6][gc,metaspace ] GC(4) Metaspace: 17684K(18688K)->17684K(18688K) NonClass: 15544K(16128K)->15544K(16128K) Class: 2140K(2560K)->2140K(2560K)
[2021-08-17T02:44:52.586+0000][6][gc           ] GC(4) Pause Young (Normal) (G1 Evacuation Pause) 156M->11M(258M) 8.843ms
[2021-08-17T02:44:52.586+0000][6][gc,cpu       ] GC(4) User=0.02s Sys=0.00s Real=0.01s
[2021-08-17T02:44:52.586+0000][6][safepoint    ] Safepoint "G1CollectForAllocation", Time since last: 355367716 ns, Reaching safepoint: 277776 ns, At safepoint: 8894427 ns, Total: 9172203 ns
[2021-08-17T02:44:52.587+0000][6][safepoint    ] Safepoint "BulkRevokeBias", Time since last: 358573 ns, Reaching safepoint: 145020 ns, At safepoint: 42862 ns, Total: 187882 ns
[2021-08-17T02:44:52.804+0000][6][gc,start     ] GC(5) Pause Young (Concurrent Start) (Metadata GC Threshold)
[2021-08-17T02:44:52.804+0000][6][gc,task      ] GC(5) Using 4 workers of 4 for evacuation
[2021-08-17T02:44:52.804+0000][6][gc,age       ] GC(5) Desired survivor size 10485760 bytes, new threshold 15 (max threshold 15)
[2021-08-17T02:44:52.813+0000][6][gc,age       ] GC(5) Age table with threshold 15 (max threshold 15)
[2021-08-17T02:44:52.813+0000][6][gc,age       ] GC(5) - age   1:     468208 bytes,     468208 total
[2021-08-17T02:44:52.813+0000][6][gc,age       ] GC(5) - age   2:    2583704 bytes,    3051912 total
[2021-08-17T02:44:52.813+0000][6][gc,age       ] GC(5) - age   3:    2136808 bytes,    5188720 total
[2021-08-17T02:44:52.813+0000][6][gc,age       ] GC(5) - age   4:    1813840 bytes,    7002560 total
[2021-08-17T02:44:52.813+0000][6][gc,age       ] GC(5) - age   5:    1147744 bytes,    8150304 total
[2021-08-17T02:44:52.813+0000][6][gc,phases    ] GC(5)   Pre Evacuate Collection Set: 0.9ms
[2021-08-17T02:44:52.813+0000][6][gc,phases    ] GC(5)   Merge Heap Roots: 0.0ms
[2021-08-17T02:44:52.813+0000][6][gc,phases    ] GC(5)   Evacuate Collection Set: 7.5ms
[2021-08-17T02:44:52.813+0000][6][gc,phases    ] GC(5)   Post Evacuate Collection Set: 0.9ms
[2021-08-17T02:44:52.813+0000][6][gc,phases    ] GC(5)   Other: 0.2ms
[2021-08-17T02:44:52.813+0000][6][gc,heap      ] GC(5) Eden regions: 26->0(144)
[2021-08-17T02:44:52.813+0000][6][gc,heap      ] GC(5) Survivor regions: 8->9(20)
[2021-08-17T02:44:52.813+0000][6][gc,heap      ] GC(5) Old regions: 3->3
[2021-08-17T02:44:52.813+0000][6][gc,heap      ] GC(5) Archive regions: 2->2
[2021-08-17T02:44:52.813+0000][6][gc,heap      ] GC(5) Humongous regions: 1->1
[2021-08-17T02:44:52.813+0000][6][gc,metaspace ] GC(5) Metaspace: 20204K(21248K)->20204K(21248K) NonClass: 17768K(18432K)->17768K(18432K) Class: 2435K(2816K)->2435K(2816K)
[2021-08-17T02:44:52.813+0000][6][gc           ] GC(5) Pause Young (Concurrent Start) (Metadata GC Threshold) 37M->12M(258M) 9.508ms
[2021-08-17T02:44:52.813+0000][6][gc,cpu       ] GC(5) User=0.03s Sys=0.00s Real=0.01s
[2021-08-17T02:44:52.813+0000][6][safepoint    ] Safepoint "CollectForMetadataAllocation", Time since last: 216540270 ns, Reaching safepoint: 271620 ns, At safepoint: 9674481 ns, Total: 9946101 ns
[2021-08-17T02:44:52.813+0000][6][gc           ] GC(6) Concurrent Cycle
[2021-08-17T02:44:52.813+0000][6][gc,marking   ] GC(6) Concurrent Clear Claimed Marks
[2021-08-17T02:44:52.813+0000][6][gc,marking   ] GC(6) Concurrent Clear Claimed Marks 0.063ms
[2021-08-17T02:44:52.813+0000][6][gc,marking   ] GC(6) Concurrent Scan Root Regions
[2021-08-17T02:44:52.821+0000][6][gc,marking   ] GC(6) Concurrent Scan Root Regions 7.360ms
[2021-08-17T02:44:52.821+0000][6][gc,marking   ] GC(6) Concurrent Mark (3.093s)
[2021-08-17T02:44:52.821+0000][6][gc,marking   ] GC(6) Concurrent Mark From Roots
[2021-08-17T02:44:52.821+0000][6][gc,task      ] GC(6) Using 1 workers of 1 for marking
[2021-08-17T02:44:52.825+0000][6][gc,marking   ] GC(6) Concurrent Mark From Roots 3.727ms
[2021-08-17T02:44:52.825+0000][6][gc,marking   ] GC(6) Concurrent Preclean
[2021-08-17T02:44:52.825+0000][6][gc,marking   ] GC(6) Concurrent Preclean 0.139ms
[2021-08-17T02:44:52.825+0000][6][gc,marking   ] GC(6) Concurrent Mark (3.093s, 3.097s) 3.899ms
[2021-08-17T02:44:52.829+0000][6][gc,start     ] GC(6) Pause Remark
[2021-08-17T02:44:52.833+0000][6][gc           ] GC(6) Pause Remark 12M->12M(256M) 4.258ms
[2021-08-17T02:44:52.833+0000][6][gc,cpu       ] GC(6) User=0.01s Sys=0.00s Real=0.01s
[2021-08-17T02:44:52.833+0000][6][safepoint    ] Safepoint "G1Concurrent", Time since last: 15222405 ns, Reaching safepoint: 203779 ns, At safepoint: 4334091 ns, Total: 4537870 ns
[2021-08-17T02:44:52.833+0000][6][gc,marking   ] GC(6) Concurrent Rebuild Remembered Sets
[2021-08-17T02:44:52.835+0000][6][gc,marking   ] GC(6) Concurrent Rebuild Remembered Sets 1.541ms
[2021-08-17T02:44:52.836+0000][6][gc,start     ] GC(6) Pause Cleanup
[2021-08-17T02:44:52.836+0000][6][gc           ] GC(6) Pause Cleanup 12M->12M(256M) 0.119ms
[2021-08-17T02:44:52.836+0000][6][gc,cpu       ] GC(6) User=0.00s Sys=0.00s Real=0.00s
[2021-08-17T02:44:52.836+0000][6][safepoint    ] Safepoint "G1Concurrent", Time since last: 1648915 ns, Reaching safepoint: 860654 ns, At safepoint: 160476 ns, Total: 1021130 ns
[2021-08-17T02:44:52.836+0000][6][gc,marking   ] GC(6) Concurrent Cleanup for Next Mark
[2021-08-17T02:44:52.836+0000][6][gc,marking   ] GC(6) Concurrent Cleanup for Next Mark 0.343ms
[2021-08-17T02:44:52.836+0000][6][gc           ] GC(6) Concurrent Cycle 22.850ms
[2021-08-17T02:44:52.843+0000][6][safepoint    ] Safepoint "BulkRevokeBias", Time since last: 6869593 ns, Reaching safepoint: 207038 ns, At safepoint: 70236 ns, Total: 277274 ns
[2021-08-17T02:44:52.843+0000][6][safepoint    ] Safepoint "BulkRevokeBias", Time since last: 77051 ns, Reaching safepoint: 164496 ns, At safepoint: 56306 ns, Total: 220802 ns
[2021-08-17T02:44:53.519+0000][6][safepoint    ] Safepoint "ICBufferFull", Time since last: 675554667 ns, Reaching safepoint: 390081 ns, At safepoint: 27008 ns, Total: 417089 ns
[2021-08-17T02:44:53.991+0000][6][gc,start     ] GC(7) Pause Young (Normal) (G1 Evacuation Pause)
[2021-08-17T02:44:53.991+0000][6][gc,task      ] GC(7) Using 4 workers of 4 for evacuation
[2021-08-17T02:44:53.991+0000][6][gc,age       ] GC(7) Desired survivor size 10485760 bytes, new threshold 15 (max threshold 15)
[2021-08-17T02:44:54.008+0000][6][gc,age       ] GC(7) Age table with threshold 15 (max threshold 15)
[2021-08-17T02:44:54.008+0000][6][gc,age       ] GC(7) - age   1:   12873904 bytes,   12873904 total
[2021-08-17T02:44:54.008+0000][6][gc,age       ] GC(7) - age   2:     440696 bytes,   13314600 total
[2021-08-17T02:44:54.008+0000][6][gc,age       ] GC(7) - age   3:    2576144 bytes,   15890744 total
[2021-08-17T02:44:54.008+0000][6][gc,age       ] GC(7) - age   4:    2133288 bytes,   18024032 total
[2021-08-17T02:44:54.008+0000][6][gc,age       ] GC(7) - age   5:    1782600 bytes,   19806632 total
[2021-08-17T02:44:54.008+0000][6][gc,age       ] GC(7) - age   6:    1139120 bytes,   20945752 total
[2021-08-17T02:44:54.008+0000][6][gc,phases    ] GC(7)   Pre Evacuate Collection Set: 0.3ms
[2021-08-17T02:44:54.008+0000][6][gc,phases    ] GC(7)   Merge Heap Roots: 0.2ms
[2021-08-17T02:44:54.008+0000][6][gc,phases    ] GC(7)   Evacuate Collection Set: 15.3ms
[2021-08-17T02:44:54.008+0000][6][gc,phases    ] GC(7)   Post Evacuate Collection Set: 1.5ms
[2021-08-17T02:44:54.008+0000][6][gc,phases    ] GC(7)   Other: 0.2ms
[2021-08-17T02:44:54.008+0000][6][gc,heap      ] GC(7) Eden regions: 144->0(133)
[2021-08-17T02:44:54.008+0000][6][gc,heap      ] GC(7) Survivor regions: 9->20(20)
[2021-08-17T02:44:54.008+0000][6][gc,heap      ] GC(7) Old regions: 3->9
[2021-08-17T02:44:54.008+0000][6][gc,heap      ] GC(7) Archive regions: 2->2
[2021-08-17T02:44:54.008+0000][6][gc,heap      ] GC(7) Humongous regions: 1->1
[2021-08-17T02:44:54.008+0000][6][gc,metaspace ] GC(7) Metaspace: 24766K(26108K)->24766K(26108K) NonClass: 21677K(22524K)->21677K(22524K) Class: 3089K(3584K)->3089K(3584K)
[2021-08-17T02:44:54.008+0000][6][gc           ] GC(7) Pause Young (Normal) (G1 Evacuation Pause) 156M->29M(256M) 17.593ms
[2021-08-17T02:44:54.008+0000][6][gc,cpu       ] GC(7) User=0.07s Sys=0.00s Real=0.02s
[2021-08-17T02:44:54.008+0000][6][safepoint    ] Safepoint "G1CollectForAllocation", Time since last: 471357876 ns, Reaching safepoint: 288302 ns, At safepoint: 17697565 ns, Total: 17985867 ns
[2021-08-17T02:44:54.612+0000][6][safepoint    ] Safepoint "ICBufferFull", Time since last: 603314864 ns, Reaching safepoint: 307065 ns, At safepoint: 6851 ns, Total: 313916 ns
[2021-08-17T02:44:54.749+0000][6][gc,start     ] GC(8) Pause Young (Concurrent Start) (Metadata GC Threshold)
[2021-08-17T02:44:54.749+0000][6][gc,task      ] GC(8) Using 4 workers of 4 for evacuation
[2021-08-17T02:44:54.749+0000][6][gc,age       ] GC(8) Desired survivor size 10485760 bytes, new threshold 1 (max threshold 15)
[2021-08-17T02:44:54.770+0000][6][gc,age       ] GC(8) Age table with threshold 1 (max threshold 15)
[2021-08-17T02:44:54.770+0000][6][gc,age       ] GC(8) - age   1:   10195224 bytes,   10195224 total
[2021-08-17T02:44:54.770+0000][6][gc,phases    ] GC(8)   Pre Evacuate Collection Set: 0.3ms
[2021-08-17T02:44:54.770+0000][6][gc,phases    ] GC(8)   Merge Heap Roots: 0.5ms
[2021-08-17T02:44:54.770+0000][6][gc,phases    ] GC(8)   Evacuate Collection Set: 17.3ms
[2021-08-17T02:44:54.770+0000][6][gc,phases    ] GC(8)   Post Evacuate Collection Set: 2.0ms
[2021-08-17T02:44:54.770+0000][6][gc,phases    ] GC(8)   Other: 0.2ms
[2021-08-17T02:44:54.770+0000][6][gc,heap      ] GC(8) Eden regions: 104->0(123)
[2021-08-17T02:44:54.770+0000][6][gc,heap      ] GC(8) Survivor regions: 20->11(20)
[2021-08-17T02:44:54.770+0000][6][gc,heap      ] GC(8) Old regions: 9->29
[2021-08-17T02:44:54.770+0000][6][gc,heap      ] GC(8) Archive regions: 2->2
[2021-08-17T02:44:54.770+0000][6][gc,heap      ] GC(8) Humongous regions: 1->1
[2021-08-17T02:44:54.770+0000][6][gc,metaspace ] GC(8) Metaspace: 33773K(36048K)->33773K(36048K) NonClass: 29332K(30672K)->29332K(30672K) Class: 4441K(5376K)->4441K(5376K)
[2021-08-17T02:44:54.770+0000][6][gc           ] GC(8) Pause Young (Concurrent Start) (Metadata GC Threshold) 133M->40M(256M) 20.322ms
[2021-08-17T02:44:54.770+0000][6][gc,cpu       ] GC(8) User=0.07s Sys=0.00s Real=0.02s
[2021-08-17T02:44:54.770+0000][6][gc           ] GC(9) Concurrent Cycle
[2021-08-17T02:44:54.770+0000][6][gc,marking   ] GC(9) Concurrent Clear Claimed Marks
[2021-08-17T02:44:54.770+0000][6][safepoint    ] Safepoint "CollectForMetadataAllocation", Time since last: 137077291 ns, Reaching safepoint: 139941 ns, At safepoint: 20547162 ns, Total: 20687103 ns
[2021-08-17T02:44:54.770+0000][6][gc,marking   ] GC(9) Concurrent Clear Claimed Marks 0.140ms
[2021-08-17T02:44:54.770+0000][6][gc,marking   ] GC(9) Concurrent Scan Root Regions
[2021-08-17T02:44:54.784+0000][6][safepoint    ] Safepoint "CollectForMetadataAllocation", Time since last: 11808426 ns, Reaching safepoint: 2013550 ns, At safepoint: 110628 ns, Total: 2124178 ns
[2021-08-17T02:44:54.788+0000][6][gc,marking   ] GC(9) Concurrent Scan Root Regions 17.706ms
[2021-08-17T02:44:54.788+0000][6][gc,marking   ] GC(9) Concurrent Mark (5.060s)
[2021-08-17T02:44:54.788+0000][6][gc,marking   ] GC(9) Concurrent Mark From Roots
[2021-08-17T02:44:54.788+0000][6][gc,task      ] GC(9) Using 1 workers of 1 for marking
[2021-08-17T02:44:54.797+0000][6][safepoint    ] Safepoint "CollectForMetadataAllocation", Time since last: 12928583 ns, Reaching safepoint: 232611 ns, At safepoint: 88976 ns, Total: 321587 ns
[2021-08-17T02:44:54.802+0000][6][gc,marking   ] GC(9) Concurrent Mark From Roots 14.373ms
[2021-08-17T02:44:54.802+0000][6][gc,marking   ] GC(9) Concurrent Preclean
[2021-08-17T02:44:54.802+0000][6][gc,marking   ] GC(9) Concurrent Preclean 0.128ms
[2021-08-17T02:44:54.802+0000][6][gc,marking   ] GC(9) Concurrent Mark (5.060s, 5.074s) 14.541ms
[2021-08-17T02:44:54.803+0000][6][gc,start     ] GC(9) Pause Remark
[2021-08-17T02:44:54.806+0000][6][gc           ] GC(9) Pause Remark 43M->43M(256M) 3.123ms
[2021-08-17T02:44:54.806+0000][6][gc,cpu       ] GC(9) User=0.01s Sys=0.00s Real=0.00s
[2021-08-17T02:44:54.806+0000][6][safepoint    ] Safepoint "G1Concurrent", Time since last: 5502524 ns, Reaching safepoint: 286885 ns, At safepoint: 3202601 ns, Total: 3489486 ns
[2021-08-17T02:44:54.806+0000][6][gc,marking   ] GC(9) Concurrent Rebuild Remembered Sets
[2021-08-17T02:44:54.835+0000][6][gc,marking   ] GC(9) Concurrent Rebuild Remembered Sets 29.332ms
[2021-08-17T02:44:54.837+0000][6][gc,start     ] GC(9) Pause Cleanup
[2021-08-17T02:44:54.838+0000][6][gc           ] GC(9) Pause Cleanup 44M->44M(256M) 0.245ms
[2021-08-17T02:44:54.838+0000][6][gc,cpu       ] GC(9) User=0.00s Sys=0.00s Real=0.00s
[2021-08-17T02:44:54.838+0000][6][safepoint    ] Safepoint "G1Concurrent", Time since last: 30960049 ns, Reaching safepoint: 465199 ns, At safepoint: 314883 ns, Total: 780082 ns
[2021-08-17T02:44:54.838+0000][6][gc,marking   ] GC(9) Concurrent Cleanup for Next Mark
[2021-08-17T02:44:54.838+0000][6][gc,marking   ] GC(9) Concurrent Cleanup for Next Mark 0.649ms
[2021-08-17T02:44:54.838+0000][6][gc           ] GC(9) Concurrent Cycle 68.701ms
[2021-08-17T02:44:55.581+0000][6][safepoint    ] Safepoint "ICBufferFull", Time since last: 742044097 ns, Reaching safepoint: 982324 ns, At safepoint: 6326 ns, Total: 988650 ns
[2021-08-17T02:44:55.947+0000][6][safepoint    ] Safepoint "BulkRevokeBias", Time since last: 365734701 ns, Reaching safepoint: 499686 ns, At safepoint: 60634 ns, Total: 560320 ns
[2021-08-17T02:44:55.960+0000][6][safepoint    ] Safepoint "BulkRevokeBias", Time since last: 12247854 ns, Reaching safepoint: 240246 ns, At safepoint: 73219 ns, Total: 313465 ns
[2021-08-17T02:44:56.222+0000][6][safepoint    ] Safepoint "BulkRevokeBias", Time since last: 261937315 ns, Reaching safepoint: 449415 ns, At safepoint: 93154 ns, Total: 542569 ns
[2021-08-17T02:44:56.266+0000][6][gc,start     ] GC(10) Pause Young (Concurrent Start) (G1 Evacuation Pause)
[2021-08-17T02:44:56.266+0000][6][gc,task      ] GC(10) Using 4 workers of 4 for evacuation
[2021-08-17T02:44:56.266+0000][6][gc,age       ] GC(10) Desired survivor size 8912896 bytes, new threshold 1 (max threshold 15)
[2021-08-17T02:44:56.282+0000][6][gc,age       ] GC(10) Age table with threshold 1 (max threshold 15)
[2021-08-17T02:44:56.282+0000][6][gc,age       ] GC(10) - age   1:    7047768 bytes,    7047768 total
[2021-08-17T02:44:56.282+0000][6][gc,phases    ] GC(10)   Pre Evacuate Collection Set: 0.4ms
[2021-08-17T02:44:56.282+0000][6][gc,phases    ] GC(10)   Merge Heap Roots: 0.2ms
[2021-08-17T02:44:56.282+0000][6][gc,phases    ] GC(10)   Evacuate Collection Set: 12.8ms
[2021-08-17T02:44:56.282+0000][6][gc,phases    ] GC(10)   Post Evacuate Collection Set: 2.3ms
[2021-08-17T02:44:56.282+0000][6][gc,phases    ] GC(10)   Other: 0.2ms
[2021-08-17T02:44:56.282+0000][6][gc,heap      ] GC(10) Eden regions: 123->0(118)
[2021-08-17T02:44:56.282+0000][6][gc,heap      ] GC(10) Survivor regions: 11->8(17)
[2021-08-17T02:44:56.282+0000][6][gc,heap      ] GC(10) Old regions: 29->39
[2021-08-17T02:44:56.282+0000][6][gc,heap      ] GC(10) Archive regions: 2->2
[2021-08-17T02:44:56.282+0000][6][gc,heap      ] GC(10) Humongous regions: 1->1
[2021-08-17T02:44:56.282+0000][6][gc,metaspace ] GC(10) Metaspace: 56614K(60520K)->56614K(60520K) NonClass: 49094K(51304K)->49094K(51304K) Class: 7519K(9216K)->7519K(9216K)
[2021-08-17T02:44:56.282+0000][6][gc           ] GC(10) Pause Young (Concurrent Start) (G1 Evacuation Pause) 163M->47M(256M) 15.877ms
[2021-08-17T02:44:56.282+0000][6][gc,cpu       ] GC(10) User=0.05s Sys=0.00s Real=0.02s
[2021-08-17T02:44:56.282+0000][6][gc           ] GC(11) Concurrent Cycle
[2021-08-17T02:44:56.282+0000][6][gc,marking   ] GC(11) Concurrent Clear Claimed Marks
[2021-08-17T02:44:56.282+0000][6][safepoint    ] Safepoint "G1CollectForAllocation", Time since last: 43657001 ns, Reaching safepoint: 95663 ns, At safepoint: 16004642 ns, Total: 16100305 ns
[2021-08-17T02:44:56.282+0000][6][gc,marking   ] GC(11) Concurrent Clear Claimed Marks 0.302ms
[2021-08-17T02:44:56.282+0000][6][gc,marking   ] GC(11) Concurrent Scan Root Regions
[2021-08-17T02:44:56.294+0000][6][gc,marking   ] GC(11) Concurrent Scan Root Regions 11.661ms
[2021-08-17T02:44:56.294+0000][6][gc,marking   ] GC(11) Concurrent Mark (6.566s)
[2021-08-17T02:44:56.294+0000][6][gc,marking   ] GC(11) Concurrent Mark From Roots
[2021-08-17T02:44:56.294+0000][6][gc,task      ] GC(11) Using 1 workers of 1 for marking
[2021-08-17T02:44:56.345+0000][6][gc,marking   ] GC(11) Concurrent Mark From Roots 51.219ms
[2021-08-17T02:44:56.345+0000][6][gc,marking   ] GC(11) Concurrent Preclean
[2021-08-17T02:44:56.345+0000][6][gc,marking   ] GC(11) Concurrent Preclean 0.178ms
[2021-08-17T02:44:56.345+0000][6][gc,marking   ] GC(11) Concurrent Mark (6.566s, 6.617s) 51.509ms
[2021-08-17T02:44:56.347+0000][6][gc,start     ] GC(11) Pause Remark
[2021-08-17T02:44:56.352+0000][6][gc           ] GC(11) Pause Remark 55M->55M(256M) 4.390ms
[2021-08-17T02:44:56.352+0000][6][gc,cpu       ] GC(11) User=0.01s Sys=0.00s Real=0.01s
[2021-08-17T02:44:56.352+0000][6][safepoint    ] Safepoint "G1Concurrent", Time since last: 63645956 ns, Reaching safepoint: 1760683 ns, At safepoint: 4478221 ns, Total: 6238904 ns
[2021-08-17T02:44:56.352+0000][6][gc,marking   ] GC(11) Concurrent Rebuild Remembered Sets
[2021-08-17T02:44:56.365+0000][6][safepoint    ] Safepoint "BulkRevokeBias", Time since last: 11826324 ns, Reaching safepoint: 1081622 ns, At safepoint: 189975 ns, Total: 1271597 ns
[2021-08-17T02:44:56.401+0000][6][gc,marking   ] GC(11) Concurrent Rebuild Remembered Sets 49.658ms
[2021-08-17T02:44:56.402+0000][6][gc,start     ] GC(11) Pause Cleanup
[2021-08-17T02:44:56.402+0000][6][gc           ] GC(11) Pause Cleanup 61M->61M(256M) 0.227ms
[2021-08-17T02:44:56.402+0000][6][gc,cpu       ] GC(11) User=0.00s Sys=0.00s Real=0.00s
[2021-08-17T02:44:56.402+0000][6][safepoint    ] Safepoint "G1Concurrent", Time since last: 36632963 ns, Reaching safepoint: 335548 ns, At safepoint: 296734 ns, Total: 632282 ns
[2021-08-17T02:44:56.402+0000][6][gc,marking   ] GC(11) Concurrent Cleanup for Next Mark
[2021-08-17T02:44:56.403+0000][6][gc,marking   ] GC(11) Concurrent Cleanup for Next Mark 1.207ms
[2021-08-17T02:44:56.403+0000][6][gc           ] GC(11) Concurrent Cycle 121.505ms
[2021-08-17T02:44:56.984+0000][6][safepoint    ] Safepoint "BulkRevokeBias", Time since last: 581204697 ns, Reaching safepoint: 164495 ns, At safepoint: 120922 ns, Total: 285417 ns
[2021-08-17T02:44:57.255+0000][6][gc,start     ] GC(12) Pause Young (Concurrent Start) (G1 Humongous Allocation)
[2021-08-17T02:44:57.255+0000][6][gc,task      ] GC(12) Using 4 workers of 4 for evacuation
[2021-08-17T02:44:57.255+0000][6][gc,age       ] GC(12) Desired survivor size 8388608 bytes, new threshold 15 (max threshold 15)
[2021-08-17T02:44:57.296+0000][6][gc,age       ] GC(12) Age table with threshold 15 (max threshold 15)
[2021-08-17T02:44:57.296+0000][6][gc,age       ] GC(12) - age   1:   10087856 bytes,   10087856 total
[2021-08-17T02:44:57.296+0000][6][gc,age       ] GC(12) - age   2:    6672216 bytes,   16760072 total
[2021-08-17T02:44:57.296+0000][6][gc,phases    ] GC(12)   Pre Evacuate Collection Set: 0.4ms
[2021-08-17T02:44:57.296+0000][6][gc,phases    ] GC(12)   Merge Heap Roots: 0.2ms
[2021-08-17T02:44:57.296+0000][6][gc,phases    ] GC(12)   Evacuate Collection Set: 38.3ms
[2021-08-17T02:44:57.296+0000][6][gc,phases    ] GC(12)   Post Evacuate Collection Set: 1.6ms
[2021-08-17T02:44:57.296+0000][6][gc,phases    ] GC(12)   Other: 0.3ms
[2021-08-17T02:44:57.296+0000][6][gc,heap      ] GC(12) Eden regions: 103->0(33)
[2021-08-17T02:44:57.296+0000][6][gc,heap      ] GC(12) Survivor regions: 8->16(16)
[2021-08-17T02:44:57.296+0000][6][gc,heap      ] GC(12) Old regions: 39->78
[2021-08-17T02:44:57.296+0000][6][gc,heap      ] GC(12) Archive regions: 2->2
[2021-08-17T02:44:57.296+0000][6][gc,heap      ] GC(12) Humongous regions: 36->36
[2021-08-17T02:44:57.296+0000][6][gc,metaspace ] GC(12) Metaspace: 59906K(64104K)->59906K(64104K) NonClass: 51934K(54376K)->51934K(54376K) Class: 7972K(9728K)->7972K(9728K)
[2021-08-17T02:44:57.296+0000][6][gc           ] GC(12) Pause Young (Concurrent Start) (G1 Humongous Allocation) 184M->129M(256M) 40.922ms
[2021-08-17T02:44:57.296+0000][6][gc,cpu       ] GC(12) User=0.15s Sys=0.00s Real=0.04s
[2021-08-17T02:44:57.296+0000][6][safepoint    ] Safepoint "G1TryInitiateConcMark", Time since last: 271649233 ns, Reaching safepoint: 124211 ns, At safepoint: 41041714 ns, Total: 41165925 ns
[2021-08-17T02:44:57.296+0000][6][gc           ] GC(13) Concurrent Cycle
[2021-08-17T02:44:57.297+0000][6][gc,marking   ] GC(13) Concurrent Clear Claimed Marks
[2021-08-17T02:44:57.297+0000][6][gc,marking   ] GC(13) Concurrent Clear Claimed Marks 0.319ms
[2021-08-17T02:44:57.297+0000][6][gc,marking   ] GC(13) Concurrent Scan Root Regions
[2021-08-17T02:44:57.321+0000][6][gc,marking   ] GC(13) Concurrent Scan Root Regions 24.172ms
[2021-08-17T02:44:57.321+0000][6][gc,marking   ] GC(13) Concurrent Mark (7.593s)
[2021-08-17T02:44:57.321+0000][6][gc,marking   ] GC(13) Concurrent Mark From Roots
[2021-08-17T02:44:57.321+0000][6][gc,task      ] GC(13) Using 1 workers of 1 for marking
[2021-08-17T02:44:57.376+0000][6][gc,start     ] GC(14) Pause Young (Normal) (G1 Evacuation Pause)
[2021-08-17T02:44:57.376+0000][6][gc,task      ] GC(14) Using 4 workers of 4 for evacuation
[2021-08-17T02:44:57.376+0000][6][gc,age       ] GC(14) Desired survivor size 3670016 bytes, new threshold 1 (max threshold 15)
[2021-08-17T02:44:57.394+0000][6][gc,age       ] GC(14) Age table with threshold 1 (max threshold 15)
[2021-08-17T02:44:57.394+0000][6][gc,age       ] GC(14) - age   1:    2111664 bytes,    2111664 total
[2021-08-17T02:44:57.394+0000][6][gc,phases    ] GC(14)   Pre Evacuate Collection Set: 0.1ms
[2021-08-17T02:44:57.394+0000][6][gc,phases    ] GC(14)   Merge Heap Roots: 0.1ms
[2021-08-17T02:44:57.394+0000][6][gc,phases    ] GC(14)   Evacuate Collection Set: 16.8ms
[2021-08-17T02:44:57.394+0000][6][gc,phases    ] GC(14)   Post Evacuate Collection Set: 1.0ms
[2021-08-17T02:44:57.394+0000][6][gc,phases    ] GC(14)   Other: 0.1ms
[2021-08-17T02:44:57.394+0000][6][gc,heap      ] GC(14) Eden regions: 33->0(21)
[2021-08-17T02:44:57.394+0000][6][gc,heap      ] GC(14) Survivor regions: 16->4(7)
[2021-08-17T02:44:57.394+0000][6][gc,heap      ] GC(14) Old regions: 78->95
[2021-08-17T02:44:57.394+0000][6][gc,heap      ] GC(14) Archive regions: 2->2
[2021-08-17T02:44:57.394+0000][6][gc,heap      ] GC(14) Humongous regions: 71->55
[2021-08-17T02:44:57.394+0000][6][gc,metaspace ] GC(14) Metaspace: 59923K(64104K)->59923K(64104K) NonClass: 51949K(54376K)->51949K(54376K) Class: 7973K(9728K)->7973K(9728K)
[2021-08-17T02:44:57.394+0000][6][gc           ] GC(14) Pause Young (Normal) (G1 Evacuation Pause) 197M->153M(256M) 18.223ms
[2021-08-17T02:44:57.394+0000][6][gc,cpu       ] GC(14) User=0.07s Sys=0.00s Real=0.02s
[2021-08-17T02:44:57.394+0000][6][safepoint    ] Safepoint "G1CollectForAllocation", Time since last: 79114819 ns, Reaching safepoint: 162153 ns, At safepoint: 18317865 ns, Total: 18480018 ns
[2021-08-17T02:44:57.411+0000][6][gc,start     ] GC(15) Pause Young (Normal) (G1 Evacuation Pause)
[2021-08-17T02:44:57.411+0000][6][gc,task      ] GC(15) Using 4 workers of 4 for evacuation
[2021-08-17T02:44:57.411+0000][6][gc,age       ] GC(15) Desired survivor size 2097152 bytes, new threshold 1 (max threshold 15)
[2021-08-17T02:44:57.414+0000][6][gc,age       ] GC(15) Age table with threshold 1 (max threshold 15)
[2021-08-17T02:44:57.414+0000][6][gc,age       ] GC(15) - age   1:    1542248 bytes,    1542248 total
[2021-08-17T02:44:57.414+0000][6][gc,phases    ] GC(15)   Pre Evacuate Collection Set: 0.1ms
[2021-08-17T02:44:57.414+0000][6][gc,phases    ] GC(15)   Merge Heap Roots: 0.0ms
[2021-08-17T02:44:57.414+0000][6][gc,phases    ] GC(15)   Evacuate Collection Set: 2.4ms
[2021-08-17T02:44:57.414+0000][6][gc,phases    ] GC(15)   Post Evacuate Collection Set: 1.0ms
[2021-08-17T02:44:57.415+0000][6][gc,phases    ] GC(15)   Other: 0.1ms
[2021-08-17T02:44:57.415+0000][6][gc,heap      ] GC(15) Eden regions: 21->0(21)
[2021-08-17T02:44:57.415+0000][6][gc,heap      ] GC(15) Survivor regions: 4->3(4)
[2021-08-17T02:44:57.415+0000][6][gc,heap      ] GC(15) Old regions: 95->98
[2021-08-17T02:44:57.415+0000][6][gc,heap      ] GC(15) Archive regions: 2->2
[2021-08-17T02:44:57.415+0000][6][gc,heap      ] GC(15) Humongous regions: 55->55
[2021-08-17T02:44:57.415+0000][6][gc,metaspace ] GC(15) Metaspace: 59927K(64104K)->59927K(64104K) NonClass: 51954K(54376K)->51954K(54376K) Class: 7973K(9728K)->7973K(9728K)
[2021-08-17T02:44:57.415+0000][6][gc           ] GC(15) Pause Young (Normal) (G1 Evacuation Pause) 174M->155M(256M) 3.780ms
[2021-08-17T02:44:57.415+0000][6][gc,cpu       ] GC(15) User=0.01s Sys=0.00s Real=0.01s
[2021-08-17T02:44:57.415+0000][6][safepoint    ] Safepoint "G1CollectForAllocation", Time since last: 16559767 ns, Reaching safepoint: 134920 ns, At safepoint: 3873868 ns, Total: 4008788 ns
[2021-08-17T02:44:57.419+0000][6][gc,marking   ] GC(13) Concurrent Mark From Roots 97.457ms
[2021-08-17T02:44:57.419+0000][6][gc,marking   ] GC(13) Concurrent Preclean
[2021-08-17T02:44:57.419+0000][6][gc,marking   ] GC(13) Concurrent Preclean 0.206ms
[2021-08-17T02:44:57.419+0000][6][gc,marking   ] GC(13) Concurrent Mark (7.593s, 7.691s) 97.701ms
[2021-08-17T02:44:57.419+0000][6][gc,start     ] GC(13) Pause Remark
[2021-08-17T02:44:57.423+0000][6][gc           ] GC(13) Pause Remark 161M->150M(257M) 3.660ms
[2021-08-17T02:44:57.423+0000][6][gc,cpu       ] GC(13) User=0.01s Sys=0.01s Real=0.01s
[2021-08-17T02:44:57.423+0000][6][safepoint    ] Safepoint "G1Concurrent", Time since last: 4230515 ns, Reaching safepoint: 211967 ns, At safepoint: 3729172 ns, Total: 3941139 ns
[2021-08-17T02:44:57.423+0000][6][gc,marking   ] GC(13) Concurrent Rebuild Remembered Sets
[2021-08-17T02:44:57.435+0000][6][gc,start     ] GC(16) Pause Young (Normal) (G1 Evacuation Pause)
[2021-08-17T02:44:57.435+0000][6][gc,task      ] GC(16) Using 4 workers of 4 for evacuation
[2021-08-17T02:44:57.435+0000][6][gc,age       ] GC(16) Desired survivor size 1572864 bytes, new threshold 15 (max threshold 15)
[2021-08-17T02:44:57.438+0000][6][gc,age       ] GC(16) Age table with threshold 15 (max threshold 15)
[2021-08-17T02:44:57.438+0000][6][gc,age       ] GC(16) - age   1:    1691192 bytes,    1691192 total
[2021-08-17T02:44:57.438+0000][6][gc,age       ] GC(16) - age   2:    1257544 bytes,    2948736 total
[2021-08-17T02:44:57.438+0000][6][gc,phases    ] GC(16)   Pre Evacuate Collection Set: 0.1ms
[2021-08-17T02:44:57.438+0000][6][gc,phases    ] GC(16)   Merge Heap Roots: 0.0ms
[2021-08-17T02:44:57.438+0000][6][gc,phases    ] GC(16)   Evacuate Collection Set: 2.5ms
[2021-08-17T02:44:57.438+0000][6][gc,phases    ] GC(16)   Post Evacuate Collection Set: 0.9ms
[2021-08-17T02:44:57.438+0000][6][gc,phases    ] GC(16)   Other: 0.1ms
[2021-08-17T02:44:57.438+0000][6][gc,heap      ] GC(16) Eden regions: 21->0(29)
[2021-08-17T02:44:57.438+0000][6][gc,heap      ] GC(16) Survivor regions: 3->3(3)
[2021-08-17T02:44:57.438+0000][6][gc,heap      ] GC(16) Old regions: 98->98
[2021-08-17T02:44:57.438+0000][6][gc,heap      ] GC(16) Archive regions: 2->2
[2021-08-17T02:44:57.438+0000][6][gc,heap      ] GC(16) Humongous regions: 44->44
[2021-08-17T02:44:57.438+0000][6][gc,metaspace ] GC(16) Metaspace: 59927K(64104K)->59927K(64104K) NonClass: 51954K(54376K)->51954K(54376K) Class: 7973K(9728K)->7973K(9728K)
[2021-08-17T02:44:57.438+0000][6][gc           ] GC(16) Pause Young (Normal) (G1 Evacuation Pause) 165M->144M(257M) 3.646ms
[2021-08-17T02:44:57.438+0000][6][gc,cpu       ] GC(16) User=0.00s Sys=0.00s Real=0.00s
[2021-08-17T02:44:57.438+0000][6][safepoint    ] Safepoint "G1CollectForAllocation", Time since last: 11072784 ns, Reaching safepoint: 755785 ns, At safepoint: 3740258 ns, Total: 4496043 ns
[2021-08-17T02:44:57.456+0000][6][gc,start     ] GC(17) Pause Young (Normal) (G1 Evacuation Pause)
[2021-08-17T02:44:57.456+0000][6][gc,task      ] GC(17) Using 4 workers of 4 for evacuation
[2021-08-17T02:44:57.456+0000][6][gc,age       ] GC(17) Desired survivor size 2097152 bytes, new threshold 2 (max threshold 15)
[2021-08-17T02:44:57.461+0000][6][gc,age       ] GC(17) Age table with threshold 2 (max threshold 15)
[2021-08-17T02:44:57.461+0000][6][gc,age       ] GC(17) - age   1:    1772576 bytes,    1772576 total
[2021-08-17T02:44:57.461+0000][6][gc,age       ] GC(17) - age   2:    1264064 bytes,    3036640 total
[2021-08-17T02:44:57.461+0000][6][gc,phases    ] GC(17)   Pre Evacuate Collection Set: 0.1ms
[2021-08-17T02:44:57.461+0000][6][gc,phases    ] GC(17)   Merge Heap Roots: 0.0ms
[2021-08-17T02:44:57.461+0000][6][gc,phases    ] GC(17)   Evacuate Collection Set: 4.5ms
[2021-08-17T02:44:57.461+0000][6][gc,phases    ] GC(17)   Post Evacuate Collection Set: 0.8ms
[2021-08-17T02:44:57.461+0000][6][gc,phases    ] GC(17)   Other: 0.2ms
[2021-08-17T02:44:57.461+0000][6][gc,heap      ] GC(17) Eden regions: 29->0(28)
[2021-08-17T02:44:57.461+0000][6][gc,heap      ] GC(17) Survivor regions: 3->3(4)
[2021-08-17T02:44:57.461+0000][6][gc,heap      ] GC(17) Old regions: 98->100
[2021-08-17T02:44:57.461+0000][6][gc,heap      ] GC(17) Archive regions: 2->2
[2021-08-17T02:44:57.461+0000][6][gc,heap      ] GC(17) Humongous regions: 45->45
[2021-08-17T02:44:57.461+0000][6][gc,metaspace ] GC(17) Metaspace: 59927K(64104K)->59927K(64104K) NonClass: 51954K(54376K)->51954K(54376K) Class: 7973K(9728K)->7973K(9728K)
[2021-08-17T02:44:57.461+0000][6][gc           ] GC(17) Pause Young (Normal) (G1 Evacuation Pause) 174M->147M(257M) 5.700ms
[2021-08-17T02:44:57.461+0000][6][gc,cpu       ] GC(17) User=0.02s Sys=0.00s Real=0.01s
[2021-08-17T02:44:57.461+0000][6][safepoint    ] Safepoint "G1CollectForAllocation", Time since last: 17141671 ns, Reaching safepoint: 142666 ns, At safepoint: 5795506 ns, Total: 5938172 ns
[2021-08-17T02:44:57.479+0000][6][gc,start     ] GC(18) Pause Young (Normal) (G1 Evacuation Pause)
[2021-08-17T02:44:57.479+0000][6][gc,task      ] GC(18) Using 4 workers of 4 for evacuation
[2021-08-17T02:44:57.479+0000][6][gc,age       ] GC(18) Desired survivor size 2097152 bytes, new threshold 2 (max threshold 15)
[2021-08-17T02:44:57.486+0000][6][gc,age       ] GC(18) Age table with threshold 2 (max threshold 15)
[2021-08-17T02:44:57.487+0000][6][gc,age       ] GC(18) - age   1:    1720912 bytes,    1720912 total
[2021-08-17T02:44:57.487+0000][6][gc,age       ] GC(18) - age   2:    1772056 bytes,    3492968 total
[2021-08-17T02:44:57.487+0000][6][gc,phases    ] GC(18)   Pre Evacuate Collection Set: 0.1ms
[2021-08-17T02:44:57.487+0000][6][gc,phases    ] GC(18)   Merge Heap Roots: 0.1ms
[2021-08-17T02:44:57.487+0000][6][gc,phases    ] GC(18)   Evacuate Collection Set: 6.5ms
[2021-08-17T02:44:57.487+0000][6][gc,phases    ] GC(18)   Post Evacuate Collection Set: 0.9ms
[2021-08-17T02:44:57.487+0000][6][gc,phases    ] GC(18)   Other: 0.2ms
[2021-08-17T02:44:57.487+0000][6][gc,heap      ] GC(18) Eden regions: 28->0(28)
[2021-08-17T02:44:57.487+0000][6][gc,heap      ] GC(18) Survivor regions: 3->4(4)
[2021-08-17T02:44:57.487+0000][6][gc,heap      ] GC(18) Old regions: 100->101
[2021-08-17T02:44:57.487+0000][6][gc,heap      ] GC(18) Archive regions: 2->2
[2021-08-17T02:44:57.487+0000][6][gc,heap      ] GC(18) Humongous regions: 46->46
[2021-08-17T02:44:57.487+0000][6][gc,metaspace ] GC(18) Metaspace: 59927K(64104K)->59927K(64104K) NonClass: 51954K(54376K)->51954K(54376K) Class: 7973K(9728K)->7973K(9728K)
[2021-08-17T02:44:57.487+0000][6][gc           ] GC(18) Pause Young (Normal) (G1 Evacuation Pause) 176M->150M(257M) 7.831ms
[2021-08-17T02:44:57.487+0000][6][gc,cpu       ] GC(18) User=0.02s Sys=0.00s Real=0.01s
[2021-08-17T02:44:57.487+0000][6][safepoint    ] Safepoint "G1CollectForAllocation", Time since last: 16964790 ns, Reaching safepoint: 363707 ns, At safepoint: 7924391 ns, Total: 8288098 ns
[2021-08-17T02:44:57.503+0000][6][gc,start     ] GC(19) Pause Young (Normal) (G1 Evacuation Pause)
[2021-08-17T02:44:57.503+0000][6][gc,task      ] GC(19) Using 4 workers of 4 for evacuation
[2021-08-17T02:44:57.503+0000][6][gc,age       ] GC(19) Desired survivor size 2097152 bytes, new threshold 2 (max threshold 15)
[2021-08-17T02:44:57.512+0000][6][gc,age       ] GC(19) Age table with threshold 2 (max threshold 15)
[2021-08-17T02:44:57.512+0000][6][gc,age       ] GC(19) - age   1:    1713232 bytes,    1713232 total
[2021-08-17T02:44:57.512+0000][6][gc,age       ] GC(19) - age   2:    1720560 bytes,    3433792 total
[2021-08-17T02:44:57.512+0000][6][gc,phases    ] GC(19)   Pre Evacuate Collection Set: 0.2ms
[2021-08-17T02:44:57.512+0000][6][gc,phases    ] GC(19)   Merge Heap Roots: 0.2ms
[2021-08-17T02:44:57.512+0000][6][gc,phases    ] GC(19)   Evacuate Collection Set: 7.7ms
[2021-08-17T02:44:57.512+0000][6][gc,phases    ] GC(19)   Post Evacuate Collection Set: 0.8ms
[2021-08-17T02:44:57.512+0000][6][gc,phases    ] GC(19)   Other: 0.2ms
[2021-08-17T02:44:57.512+0000][6][gc,heap      ] GC(19) Eden regions: 28->0(27)
[2021-08-17T02:44:57.512+0000][6][gc,heap      ] GC(19) Survivor regions: 4->4(4)
[2021-08-17T02:44:57.512+0000][6][gc,heap      ] GC(19) Old regions: 101->103
[2021-08-17T02:44:57.512+0000][6][gc,heap      ] GC(19) Archive regions: 2->2
[2021-08-17T02:44:57.512+0000][6][gc,heap      ] GC(19) Humongous regions: 46->46
[2021-08-17T02:44:57.512+0000][6][gc,metaspace ] GC(19) Metaspace: 59927K(64104K)->59927K(64104K) NonClass: 51954K(54376K)->51954K(54376K) Class: 7973K(9728K)->7973K(9728K)
[2021-08-17T02:44:57.512+0000][6][gc           ] GC(19) Pause Young (Normal) (G1 Evacuation Pause) 178M->151M(257M) 9.080ms
[2021-08-17T02:44:57.512+0000][6][gc,cpu       ] GC(19) User=0.03s Sys=0.00s Real=0.01s
[2021-08-17T02:44:57.512+0000][6][safepoint    ] Safepoint "G1CollectForAllocation", Time since last: 15751815 ns, Reaching safepoint: 349753 ns, At safepoint: 9178942 ns, Total: 9528695 ns
[2021-08-17T02:44:57.525+0000][6][gc,start     ] GC(20) Pause Young (Normal) (G1 Evacuation Pause)
[2021-08-17T02:44:57.525+0000][6][gc,task      ] GC(20) Using 4 workers of 4 for evacuation
[2021-08-17T02:44:57.525+0000][6][gc,age       ] GC(20) Desired survivor size 2097152 bytes, new threshold 2 (max threshold 15)
[2021-08-17T02:44:57.532+0000][6][gc,age       ] GC(20) Age table with threshold 2 (max threshold 15)
[2021-08-17T02:44:57.532+0000][6][gc,age       ] GC(20) - age   1:    1655832 bytes,    1655832 total
[2021-08-17T02:44:57.532+0000][6][gc,age       ] GC(20) - age   2:    1713104 bytes,    3368936 total
[2021-08-17T02:44:57.532+0000][6][gc,phases    ] GC(20)   Pre Evacuate Collection Set: 0.2ms
[2021-08-17T02:44:57.532+0000][6][gc,phases    ] GC(20)   Merge Heap Roots: 0.2ms
[2021-08-17T02:44:57.532+0000][6][gc,phases    ] GC(20)   Evacuate Collection Set: 5.4ms
[2021-08-17T02:44:57.532+0000][6][gc,phases    ] GC(20)   Post Evacuate Collection Set: 1.0ms
[2021-08-17T02:44:57.532+0000][6][gc,phases    ] GC(20)   Other: 0.2ms
[2021-08-17T02:44:57.532+0000][6][gc,heap      ] GC(20) Eden regions: 27->0(27)
[2021-08-17T02:44:57.532+0000][6][gc,heap      ] GC(20) Survivor regions: 4->4(4)
[2021-08-17T02:44:57.532+0000][6][gc,heap      ] GC(20) Old regions: 103->104
[2021-08-17T02:44:57.532+0000][6][gc,heap      ] GC(20) Archive regions: 2->2
[2021-08-17T02:44:57.532+0000][6][gc,heap      ] GC(20) Humongous regions: 46->46
[2021-08-17T02:44:57.532+0000][6][gc,metaspace ] GC(20) Metaspace: 59927K(64104K)->59927K(64104K) NonClass: 51954K(54376K)->51954K(54376K) Class: 7973K(9728K)->7973K(9728K)
[2021-08-17T02:44:57.532+0000][6][gc           ] GC(20) Pause Young (Normal) (G1 Evacuation Pause) 178M->153M(257M) 7.055ms
[2021-08-17T02:44:57.532+0000][6][gc,cpu       ] GC(20) User=0.02s Sys=0.01s Real=0.01s
[2021-08-17T02:44:57.532+0000][6][safepoint    ] Safepoint "G1CollectForAllocation", Time since last: 12435261 ns, Reaching safepoint: 297844 ns, At safepoint: 7135315 ns, Total: 7433159 ns
[2021-08-17T02:44:57.544+0000][6][gc,start     ] GC(21) Pause Young (Normal) (G1 Evacuation Pause)
[2021-08-17T02:44:57.544+0000][6][gc,task      ] GC(21) Using 4 workers of 4 for evacuation
[2021-08-17T02:44:57.544+0000][6][gc,age       ] GC(21) Desired survivor size 2097152 bytes, new threshold 2 (max threshold 15)
[2021-08-17T02:44:57.552+0000][6][gc,age       ] GC(21) Age table with threshold 2 (max threshold 15)
[2021-08-17T02:44:57.552+0000][6][gc,age       ] GC(21) - age   1:    1657528 bytes,    1657528 total
[2021-08-17T02:44:57.552+0000][6][gc,age       ] GC(21) - age   2:    1655408 bytes,    3312936 total
[2021-08-17T02:44:57.552+0000][6][gc,phases    ] GC(21)   Pre Evacuate Collection Set: 0.3ms
[2021-08-17T02:44:57.552+0000][6][gc,phases    ] GC(21)   Merge Heap Roots: 0.2ms
[2021-08-17T02:44:57.552+0000][6][gc,phases    ] GC(21)   Evacuate Collection Set: 6.4ms
[2021-08-17T02:44:57.552+0000][6][gc,phases    ] GC(21)   Post Evacuate Collection Set: 1.0ms
[2021-08-17T02:44:57.552+0000][6][gc,phases    ] GC(21)   Other: 0.2ms
[2021-08-17T02:44:57.552+0000][6][gc,heap      ] GC(21) Eden regions: 27->0(25)
[2021-08-17T02:44:57.552+0000][6][gc,heap      ] GC(21) Survivor regions: 4->4(4)
[2021-08-17T02:44:57.552+0000][6][gc,heap      ] GC(21) Old regions: 104->106
[2021-08-17T02:44:57.552+0000][6][gc,heap      ] GC(21) Archive regions: 2->2
[2021-08-17T02:44:57.552+0000][6][gc,heap      ] GC(21) Humongous regions: 48->48
[2021-08-17T02:44:57.552+0000][6][gc,metaspace ] GC(21) Metaspace: 59927K(64104K)->59927K(64104K) NonClass: 51954K(54376K)->51954K(54376K) Class: 7973K(9728K)->7973K(9728K)
[2021-08-17T02:44:57.552+0000][6][gc           ] GC(21) Pause Young (Normal) (G1 Evacuation Pause) 182M->157M(257M) 8.050ms
[2021-08-17T02:44:57.552+0000][6][gc,cpu       ] GC(21) User=0.02s Sys=0.00s Real=0.01s
[2021-08-17T02:44:57.552+0000][6][safepoint    ] Safepoint "G1CollectForAllocation", Time since last: 11849552 ns, Reaching safepoint: 262554 ns, At safepoint: 8129559 ns, Total: 8392113 ns
[2021-08-17T02:44:57.559+0000][6][gc,marking   ] GC(13) Concurrent Rebuild Remembered Sets 136.388ms
[2021-08-17T02:44:57.560+0000][6][gc,start     ] GC(13) Pause Cleanup
[2021-08-17T02:44:57.560+0000][6][gc           ] GC(13) Pause Cleanup 175M->175M(257M) 0.247ms
[2021-08-17T02:44:57.560+0000][6][gc,cpu       ] GC(13) User=0.00s Sys=0.00s Real=0.00s
[2021-08-17T02:44:57.560+0000][6][safepoint    ] Safepoint "G1Concurrent", Time since last: 7294258 ns, Reaching safepoint: 171536 ns, At safepoint: 283155 ns, Total: 454691 ns
[2021-08-17T02:44:57.560+0000][6][gc,marking   ] GC(13) Concurrent Cleanup for Next Mark
[2021-08-17T02:44:57.560+0000][6][gc,marking   ] GC(13) Concurrent Cleanup for Next Mark 0.482ms
[2021-08-17T02:44:57.560+0000][6][gc           ] GC(13) Concurrent Cycle 264.001ms
[2021-08-17T02:44:57.563+0000][6][gc,start     ] GC(22) Pause Young (Normal) (G1 Evacuation Pause)
[2021-08-17T02:44:57.563+0000][6][gc,task      ] GC(22) Using 4 workers of 4 for evacuation
[2021-08-17T02:44:57.563+0000][6][gc,age       ] GC(22) Desired survivor size 2097152 bytes, new threshold 2 (max threshold 15)
[2021-08-17T02:44:57.570+0000][6][gc,age       ] GC(22) Age table with threshold 2 (max threshold 15)
[2021-08-17T02:44:57.570+0000][6][gc,age       ] GC(22) - age   1:    1521384 bytes,    1521384 total
[2021-08-17T02:44:57.570+0000][6][gc,age       ] GC(22) - age   2:    1657032 bytes,    3178416 total
[2021-08-17T02:44:57.570+0000][6][gc,phases    ] GC(22)   Pre Evacuate Collection Set: 0.2ms
[2021-08-17T02:44:57.570+0000][6][gc,phases    ] GC(22)   Merge Heap Roots: 0.2ms
[2021-08-17T02:44:57.570+0000][6][gc,phases    ] GC(22)   Evacuate Collection Set: 5.5ms
[2021-08-17T02:44:57.570+0000][6][gc,phases    ] GC(22)   Post Evacuate Collection Set: 0.7ms
[2021-08-17T02:44:57.570+0000][6][gc,phases    ] GC(22)   Other: 0.1ms
[2021-08-17T02:44:57.570+0000][6][gc,heap      ] GC(22) Eden regions: 25->0(24)
[2021-08-17T02:44:57.570+0000][6][gc,heap      ] GC(22) Survivor regions: 4->4(4)
[2021-08-17T02:44:57.570+0000][6][gc,heap      ] GC(22) Old regions: 106->108
[2021-08-17T02:44:57.570+0000][6][gc,heap      ] GC(22) Archive regions: 2->2
[2021-08-17T02:44:57.570+0000][6][gc,heap      ] GC(22) Humongous regions: 48->48
[2021-08-17T02:44:57.570+0000][6][gc,metaspace ] GC(22) Metaspace: 59927K(64104K)->59927K(64104K) NonClass: 51954K(54376K)->51954K(54376K) Class: 7973K(9728K)->7973K(9728K)
[2021-08-17T02:44:57.570+0000][6][gc           ] GC(22) Pause Young (Normal) (G1 Evacuation Pause) 182M->158M(257M) 6.757ms
[2021-08-17T02:44:57.570+0000][6][gc,cpu       ] GC(22) User=0.03s Sys=0.00s Real=0.00s
[2021-08-17T02:44:57.570+0000][6][safepoint    ] Safepoint "G1CollectForAllocation", Time since last: 3133519 ns, Reaching safepoint: 209994 ns, At safepoint: 6803342 ns, Total: 7013336 ns
[2021-08-17T02:44:57.580+0000][6][gc,start     ] GC(23) Pause Young (Concurrent Start) (G1 Evacuation Pause)
[2021-08-17T02:44:57.580+0000][6][gc,task      ] GC(23) Using 4 workers of 4 for evacuation
[2021-08-17T02:44:57.580+0000][6][gc,age       ] GC(23) Desired survivor size 2097152 bytes, new threshold 2 (max threshold 15)
[2021-08-17T02:44:57.586+0000][6][gc,age       ] GC(23) Age table with threshold 2 (max threshold 15)
[2021-08-17T02:44:57.586+0000][6][gc,age       ] GC(23) - age   1:    1466160 bytes,    1466160 total
[2021-08-17T02:44:57.586+0000][6][gc,age       ] GC(23) - age   2:    1521384 bytes,    2987544 total
[2021-08-17T02:44:57.586+0000][6][gc,phases    ] GC(23)   Pre Evacuate Collection Set: 0.5ms
[2021-08-17T02:44:57.586+0000][6][gc,phases    ] GC(23)   Merge Heap Roots: 0.2ms
[2021-08-17T02:44:57.586+0000][6][gc,phases    ] GC(23)   Evacuate Collection Set: 4.2ms
[2021-08-17T02:44:57.586+0000][6][gc,phases    ] GC(23)   Post Evacuate Collection Set: 0.8ms
[2021-08-17T02:44:57.586+0000][6][gc,phases    ] GC(23)   Other: 0.1ms
[2021-08-17T02:44:57.586+0000][6][gc,heap      ] GC(23) Eden regions: 24->0(23)
[2021-08-17T02:44:57.586+0000][6][gc,heap      ] GC(23) Survivor regions: 4->4(4)
[2021-08-17T02:44:57.586+0000][6][gc,heap      ] GC(23) Old regions: 108->110
[2021-08-17T02:44:57.586+0000][6][gc,heap      ] GC(23) Archive regions: 2->2
[2021-08-17T02:44:57.586+0000][6][gc,heap      ] GC(23) Humongous regions: 48->48
[2021-08-17T02:44:57.586+0000][6][gc,metaspace ] GC(23) Metaspace: 59927K(64104K)->59927K(64104K) NonClass: 51954K(54376K)->51954K(54376K) Class: 7973K(9728K)->7973K(9728K)
[2021-08-17T02:44:57.586+0000][6][gc           ] GC(23) Pause Young (Concurrent Start) (G1 Evacuation Pause) 182M->160M(257M) 5.845ms
[2021-08-17T02:44:57.586+0000][6][gc,cpu       ] GC(23) User=0.01s Sys=0.00s Real=0.01s
[2021-08-17T02:44:57.586+0000][6][safepoint    ] Safepoint "G1CollectForAllocation", Time since last: 9860410 ns, Reaching safepoint: 102213 ns, At safepoint: 5917042 ns, Total: 6019255 ns
[2021-08-17T02:44:57.586+0000][6][gc           ] GC(24) Concurrent Cycle
[2021-08-17T02:44:57.586+0000][6][gc,marking   ] GC(24) Concurrent Clear Claimed Marks
[2021-08-17T02:44:57.586+0000][6][gc,marking   ] GC(24) Concurrent Clear Claimed Marks 0.289ms
[2021-08-17T02:44:57.586+0000][6][gc,marking   ] GC(24) Concurrent Scan Root Regions
[2021-08-17T02:44:57.588+0000][6][gc,marking   ] GC(24) Concurrent Scan Root Regions 1.324ms
[2021-08-17T02:44:57.588+0000][6][gc,marking   ] GC(24) Concurrent Mark (7.860s)
[2021-08-17T02:44:57.588+0000][6][gc,marking   ] GC(24) Concurrent Mark From Roots
[2021-08-17T02:44:57.588+0000][6][gc,task      ] GC(24) Using 1 workers of 1 for marking
[2021-08-17T02:44:57.598+0000][6][gc,start     ] GC(25) Pause Young (Normal) (G1 Evacuation Pause)
[2021-08-17T02:44:57.598+0000][6][gc,task      ] GC(25) Using 4 workers of 4 for evacuation
[2021-08-17T02:44:57.598+0000][6][gc,age       ] GC(25) Desired survivor size 2097152 bytes, new threshold 2 (max threshold 15)
[2021-08-17T02:44:57.603+0000][6][gc,age       ] GC(25) Age table with threshold 2 (max threshold 15)
[2021-08-17T02:44:57.603+0000][6][gc,age       ] GC(25) - age   1:    1423272 bytes,    1423272 total
[2021-08-17T02:44:57.603+0000][6][gc,age       ] GC(25) - age   2:    1465960 bytes,    2889232 total
[2021-08-17T02:44:57.830+0000][6][gc,mmu       ] GC(25) MMU target violated: 201.0ms (200.0ms/201.0ms)
[2021-08-17T02:44:57.830+0000][6][gc,phases    ] GC(25)   Pre Evacuate Collection Set: 0.2ms
[2021-08-17T02:44:57.830+0000][6][gc,phases    ] GC(25)   Merge Heap Roots: 0.2ms
[2021-08-17T02:44:57.830+0000][6][gc,phases    ] GC(25)   Evacuate Collection Set: 3.8ms
[2021-08-17T02:44:57.830+0000][6][gc,phases    ] GC(25)   Post Evacuate Collection Set: 228.6ms
[2021-08-17T02:44:57.830+0000][6][gc,phases    ] GC(25)   Other: 0.2ms
[2021-08-17T02:44:57.830+0000][6][gc,heap      ] GC(25) Eden regions: 23->0(176)
[2021-08-17T02:44:57.830+0000][6][gc,heap      ] GC(25) Survivor regions: 4->3(4)
[2021-08-17T02:44:57.830+0000][6][gc,heap      ] GC(25) Old regions: 110->111
[2021-08-17T02:44:57.830+0000][6][gc,heap      ] GC(25) Archive regions: 2->2
[2021-08-17T02:44:57.830+0000][6][gc,heap      ] GC(25) Humongous regions: 48->48
[2021-08-17T02:44:57.830+0000][6][gc,metaspace ] GC(25) Metaspace: 59929K(64104K)->59929K(64104K) NonClass: 51955K(54376K)->51955K(54376K) Class: 7973K(9728K)->7973K(9728K)
[2021-08-17T02:44:57.830+0000][6][gc           ] GC(25) Pause Young (Normal) (G1 Evacuation Pause) 183M->161M(514M) 232.983ms
[2021-08-17T02:44:57.831+0000][6][gc,cpu       ] GC(25) User=0.04s Sys=0.20s Real=0.23s
[2021-08-17T02:44:57.831+0000][6][safepoint    ] Safepoint "G1CollectForAllocation", Time since last: 11438054 ns, Reaching safepoint: 187542 ns, At safepoint: 233064595 ns, Total: 233252137 ns
[2021-08-17T02:44:57.910+0000][6][gc,marking   ] GC(24) Concurrent Mark From Roots 322.036ms
[2021-08-17T02:44:57.910+0000][6][gc,marking   ] GC(24) Concurrent Preclean
[2021-08-17T02:44:57.910+0000][6][gc,marking   ] GC(24) Concurrent Preclean 0.167ms
[2021-08-17T02:44:57.910+0000][6][gc,marking   ] GC(24) Concurrent Mark (7.860s, 8.182s) 322.256ms
[2021-08-17T02:44:57.910+0000][6][gc,start     ] GC(24) Pause Remark
[2021-08-17T02:44:57.923+0000][6][gc           ] GC(24) Pause Remark 331M->291M(514M) 12.669ms
[2021-08-17T02:44:57.923+0000][6][gc,cpu       ] GC(24) User=0.04s Sys=0.00s Real=0.02s
[2021-08-17T02:44:57.923+0000][6][safepoint    ] Safepoint "G1Concurrent", Time since last: 79403418 ns, Reaching safepoint: 119462 ns, At safepoint: 12801230 ns, Total: 12920692 ns
[2021-08-17T02:44:57.925+0000][6][gc,marking   ] GC(24) Concurrent Rebuild Remembered Sets
[2021-08-17T02:44:57.949+0000][6][gc,start     ] GC(26) Pause Young (Normal) (G1 Evacuation Pause)
[2021-08-17T02:44:57.949+0000][6][gc,task      ] GC(26) Using 4 workers of 4 for evacuation
[2021-08-17T02:44:57.949+0000][6][gc,age       ] GC(26) Desired survivor size 12058624 bytes, new threshold 15 (max threshold 15)
[2021-08-17T02:44:57.996+0000][6][gc,age       ] GC(26) Age table with threshold 15 (max threshold 15)
[2021-08-17T02:44:57.996+0000][6][gc,age       ] GC(26) - age   1:   10779656 bytes,   10779656 total
[2021-08-17T02:44:57.996+0000][6][gc,age       ] GC(26) - age   2:    1423272 bytes,   12202928 total
[2021-08-17T02:44:57.996+0000][6][gc,age       ] GC(26) - age   3:    1465960 bytes,   13668888 total
[2021-08-17T02:44:57.996+0000][6][gc,phases    ] GC(26)   Pre Evacuate Collection Set: 0.5ms
[2021-08-17T02:44:57.996+0000][6][gc,phases    ] GC(26)   Merge Heap Roots: 0.3ms
[2021-08-17T02:44:57.996+0000][6][gc,phases    ] GC(26)   Evacuate Collection Set: 45.0ms
[2021-08-17T02:44:57.996+0000][6][gc,phases    ] GC(26)   Post Evacuate Collection Set: 1.3ms
[2021-08-17T02:44:57.996+0000][6][gc,phases    ] GC(26)   Other: 0.5ms
[2021-08-17T02:44:57.996+0000][6][gc,heap      ] GC(26) Eden regions: 176->0(194)
[2021-08-17T02:44:57.996+0000][6][gc,heap      ] GC(26) Survivor regions: 3->14(23)
[2021-08-17T02:44:57.996+0000][6][gc,heap      ] GC(26) Old regions: 78->78
[2021-08-17T02:44:57.996+0000][6][gc,heap      ] GC(26) Archive regions: 2->2
[2021-08-17T02:44:57.996+0000][6][gc,heap      ] GC(26) Humongous regions: 48->48
[2021-08-17T02:44:57.996+0000][6][gc,metaspace ] GC(26) Metaspace: 59930K(64104K)->59930K(64104K) NonClass: 51956K(54376K)->51956K(54376K) Class: 7973K(9728K)->7973K(9728K)
[2021-08-17T02:44:57.996+0000][6][gc           ] GC(26) Pause Young (Normal) (G1 Evacuation Pause) 304M->139M(514M) 47.721ms
[2021-08-17T02:44:57.996+0000][6][gc,cpu       ] GC(26) User=0.13s Sys=0.00s Real=0.05s
[2021-08-17T02:44:57.997+0000][6][safepoint    ] Safepoint "G1CollectForAllocation", Time since last: 23952616 ns, Reaching safepoint: 1712448 ns, At safepoint: 48279324 ns, Total: 49991772 ns
[2021-08-17T02:44:58.151+0000][6][safepoint    ] Safepoint "BulkRevokeBias", Time since last: 152601149 ns, Reaching safepoint: 1012345 ns, At safepoint: 387087 ns, Total: 1399432 ns
[2021-08-17T02:44:58.160+0000][6][gc,marking   ] GC(24) Concurrent Rebuild Remembered Sets 234.829ms
[2021-08-17T02:44:58.160+0000][6][gc,start     ] GC(24) Pause Cleanup
[2021-08-17T02:44:58.161+0000][6][gc           ] GC(24) Pause Cleanup 295M->295M(514M) 0.496ms
[2021-08-17T02:44:58.161+0000][6][gc,cpu       ] GC(24) User=0.00s Sys=0.01s Real=0.00s
[2021-08-17T02:44:58.161+0000][6][safepoint    ] Safepoint "G1Concurrent", Time since last: 9032264 ns, Reaching safepoint: 548130 ns, At safepoint: 749683 ns, Total: 1297813 ns
[2021-08-17T02:44:58.161+0000][6][gc,marking   ] GC(24) Concurrent Cleanup for Next Mark
[2021-08-17T02:44:58.166+0000][6][gc,marking   ] GC(24) Concurrent Cleanup for Next Mark 4.569ms
[2021-08-17T02:44:58.166+0000][6][gc           ] GC(24) Concurrent Cycle 580.002ms
[2021-08-17T02:44:58.200+0000][6][gc,start     ] GC(27) Pause Young (Normal) (G1 Evacuation Pause)
[2021-08-17T02:44:58.200+0000][6][gc,task      ] GC(27) Using 4 workers of 4 for evacuation
[2021-08-17T02:44:58.200+0000][6][gc,age       ] GC(27) Desired survivor size 13631488 bytes, new threshold 3 (max threshold 15)
[2021-08-17T02:44:58.258+0000][6][gc,age       ] GC(27) Age table with threshold 3 (max threshold 15)
[2021-08-17T02:44:58.258+0000][6][gc,age       ] GC(27) - age   1:   12264992 bytes,   12264992 total
[2021-08-17T02:44:58.258+0000][6][gc,age       ] GC(27) - age   2:   10779352 bytes,   23044344 total
[2021-08-17T02:44:58.258+0000][6][gc,age       ] GC(27) - age   3:    1423272 bytes,   24467616 total
[2021-08-17T02:44:58.258+0000][6][gc,phases    ] GC(27)   Pre Evacuate Collection Set: 0.3ms
[2021-08-17T02:44:58.258+0000][6][gc,phases    ] GC(27)   Merge Heap Roots: 0.2ms
[2021-08-17T02:44:58.258+0000][6][gc,phases    ] GC(27)   Evacuate Collection Set: 55.0ms
[2021-08-17T02:44:58.258+0000][6][gc,phases    ] GC(27)   Post Evacuate Collection Set: 1.9ms
[2021-08-17T02:44:58.258+0000][6][gc,phases    ] GC(27)   Other: 0.4ms
[2021-08-17T02:44:58.258+0000][6][gc,heap      ] GC(27) Eden regions: 194->0(187)
[2021-08-17T02:44:58.258+0000][6][gc,heap      ] GC(27) Survivor regions: 14->25(26)
[2021-08-17T02:44:58.258+0000][6][gc,heap      ] GC(27) Old regions: 78->80
[2021-08-17T02:44:58.258+0000][6][gc,heap      ] GC(27) Archive regions: 2->2
[2021-08-17T02:44:58.258+0000][6][gc,heap      ] GC(27) Humongous regions: 48->48
[2021-08-17T02:44:58.258+0000][6][gc,metaspace ] GC(27) Metaspace: 60650K(64744K)->60650K(64744K) NonClass: 52589K(54888K)->52589K(54888K) Class: 8061K(9856K)->8061K(9856K)
[2021-08-17T02:44:58.258+0000][6][gc           ] GC(27) Pause Young (Normal) (G1 Evacuation Pause) 333M->151M(514M) 58.109ms
[2021-08-17T02:44:58.258+0000][6][gc,cpu       ] GC(27) User=0.17s Sys=0.00s Real=0.06s
[2021-08-17T02:44:58.259+0000][6][safepoint    ] Safepoint "G1CollectForAllocation", Time since last: 38696518 ns, Reaching safepoint: 292055 ns, At safepoint: 58733684 ns, Total: 59025739 ns
[2021-08-17T02:44:58.473+0000][6][safepoint    ] Safepoint "G1CollectForAllocation", Time since last: 213872035 ns, Reaching safepoint: 217631 ns, At safepoint: 40261 ns, Total: 257892 ns
[2021-08-17T02:44:58.474+0000][6][gc,start     ] GC(28) Pause Young (Normal) (GCLocker Initiated GC)
[2021-08-17T02:44:58.474+0000][6][gc,task      ] GC(28) Using 4 workers of 4 for evacuation
[2021-08-17T02:44:58.474+0000][6][gc,age       ] GC(28) Desired survivor size 14155776 bytes, new threshold 2 (max threshold 15)
[2021-08-17T02:44:58.498+0000][6][gc,age       ] GC(28) Age table with threshold 2 (max threshold 15)
[2021-08-17T02:44:58.499+0000][6][gc,age       ] GC(28) - age   1:    6912184 bytes,    6912184 total
[2021-08-17T02:44:58.499+0000][6][gc,age       ] GC(28) - age   2:   12259800 bytes,   19171984 total
[2021-08-17T02:44:58.499+0000][6][gc,phases    ] GC(28)   Pre Evacuate Collection Set: 0.2ms
[2021-08-17T02:44:58.499+0000][6][gc,phases    ] GC(28)   Merge Heap Roots: 0.2ms
[2021-08-17T02:44:58.499+0000][6][gc,phases    ] GC(28)   Evacuate Collection Set: 23.1ms
[2021-08-17T02:44:58.499+0000][6][gc,phases    ] GC(28)   Post Evacuate Collection Set: 1.3ms
[2021-08-17T02:44:58.499+0000][6][gc,phases    ] GC(28)   Other: 0.2ms
[2021-08-17T02:44:58.499+0000][6][gc,heap      ] GC(28) Eden regions: 187->0(184)
[2021-08-17T02:44:58.499+0000][6][gc,heap      ] GC(28) Survivor regions: 25->19(27)
[2021-08-17T02:44:58.499+0000][6][gc,heap      ] GC(28) Old regions: 80->91
[2021-08-17T02:44:58.499+0000][6][gc,heap      ] GC(28) Archive regions: 2->2
[2021-08-17T02:44:58.499+0000][6][gc,heap      ] GC(28) Humongous regions: 53->53
[2021-08-17T02:44:58.499+0000][6][gc,metaspace ] GC(28) Metaspace: 61736K(65896K)->61736K(65896K) NonClass: 53512K(55912K)->53512K(55912K) Class: 8224K(9984K)->8224K(9984K)
[2021-08-17T02:44:58.499+0000][6][gc           ] GC(28) Pause Young (Normal) (GCLocker Initiated GC) 343M->162M(514M) 25.129ms
[2021-08-17T02:44:58.499+0000][6][gc,cpu       ] GC(28) User=0.09s Sys=0.00s Real=0.02s
[2021-08-17T02:44:58.499+0000][6][safepoint    ] Safepoint "G1CollectForAllocation", Time since last: 344010 ns, Reaching safepoint: 148341 ns, At safepoint: 25226130 ns, Total: 25374471 ns
[2021-08-17T02:44:58.509+0000][6][safepoint    ] Safepoint "BulkRevokeBias", Time since last: 9490528 ns, Reaching safepoint: 236274 ns, At safepoint: 273310 ns, Total: 509584 ns
[2021-08-17T02:44:58.700+0000][6][gc,start     ] GC(29) Pause Young (Normal) (G1 Evacuation Pause)
[2021-08-17T02:44:58.700+0000][6][gc,task      ] GC(29) Using 4 workers of 4 for evacuation
[2021-08-17T02:44:58.700+0000][6][gc,age       ] GC(29) Desired survivor size 13631488 bytes, new threshold 2 (max threshold 15)
[2021-08-17T02:44:58.728+0000][6][gc,age       ] GC(29) Age table with threshold 2 (max threshold 15)
[2021-08-17T02:44:58.728+0000][6][gc,age       ] GC(29) - age   1:      95520 bytes,      95520 total
[2021-08-17T02:44:58.728+0000][6][gc,age       ] GC(29) - age   2:    6888608 bytes,    6984128 total
[2021-08-17T02:44:59.012+0000][6][gc,mmu       ] GC(29) MMU target violated: 201.0ms (200.0ms/201.0ms)
[2021-08-17T02:44:59.012+0000][6][gc,phases    ] GC(29)   Pre Evacuate Collection Set: 0.3ms
[2021-08-17T02:44:59.012+0000][6][gc,phases    ] GC(29)   Merge Heap Roots: 0.3ms
[2021-08-17T02:44:59.012+0000][6][gc,phases    ] GC(29)   Evacuate Collection Set: 26.0ms
[2021-08-17T02:44:59.012+0000][6][gc,phases    ] GC(29)   Post Evacuate Collection Set: 284.6ms
[2021-08-17T02:44:59.012+0000][6][gc,phases    ] GC(29)   Other: 0.3ms
[2021-08-17T02:44:59.012+0000][6][gc,heap      ] GC(29) Eden regions: 184->0(324)
[2021-08-17T02:44:59.012+0000][6][gc,heap      ] GC(29) Survivor regions: 19->8(26)
[2021-08-17T02:44:59.012+0000][6][gc,heap      ] GC(29) Old regions: 91->103
[2021-08-17T02:44:59.012+0000][6][gc,heap      ] GC(29) Archive regions: 2->2
[2021-08-17T02:44:59.012+0000][6][gc,heap      ] GC(29) Humongous regions: 53->53
[2021-08-17T02:44:59.012+0000][6][gc,metaspace ] GC(29) Metaspace: 61834K(65896K)->61834K(65896K) NonClass: 53596K(55912K)->53596K(55912K) Class: 8237K(9984K)->8237K(9984K)
[2021-08-17T02:44:59.012+0000][6][gc           ] GC(29) Pause Young (Normal) (G1 Evacuation Pause) 346M->163M(718M) 311.619ms
[2021-08-17T02:44:59.012+0000][6][gc,cpu       ] GC(29) User=0.21s Sys=0.04s Real=0.31s
[2021-08-17T02:44:59.012+0000][6][safepoint    ] Safepoint "G1CollectForAllocation", Time since last: 191077430 ns, Reaching safepoint: 171020 ns, At safepoint: 311720742 ns, Total: 311891762 ns
[2021-08-17T02:44:59.281+0000][6][gc,start     ] GC(30) Pause Young (Normal) (G1 Evacuation Pause)
[2021-08-17T02:44:59.281+0000][6][gc,task      ] GC(30) Using 4 workers of 4 for evacuation
[2021-08-17T02:44:59.281+0000][6][gc,age       ] GC(30) Desired survivor size 22020096 bytes, new threshold 15 (max threshold 15)
[2021-08-17T02:44:59.295+0000][6][gc,age       ] GC(30) Age table with threshold 15 (max threshold 15)
[2021-08-17T02:44:59.295+0000][6][gc,age       ] GC(30) - age   1:       1248 bytes,       1248 total
[2021-08-17T02:44:59.295+0000][6][gc,age       ] GC(30) - age   2:      94728 bytes,      95976 total
[2021-08-17T02:44:59.295+0000][6][gc,age       ] GC(30) - age   3:    6888608 bytes,    6984584 total
[2021-08-17T02:44:59.295+0000][6][gc,phases    ] GC(30)   Pre Evacuate Collection Set: 0.5ms
[2021-08-17T02:44:59.295+0000][6][gc,phases    ] GC(30)   Merge Heap Roots: 0.1ms
[2021-08-17T02:44:59.295+0000][6][gc,phases    ] GC(30)   Evacuate Collection Set: 11.5ms
[2021-08-17T02:44:59.295+0000][6][gc,phases    ] GC(30)   Post Evacuate Collection Set: 1.6ms
[2021-08-17T02:44:59.295+0000][6][gc,phases    ] GC(30)   Other: 0.5ms
[2021-08-17T02:44:59.295+0000][6][gc,heap      ] GC(30) Eden regions: 324->0(351)
[2021-08-17T02:44:59.295+0000][6][gc,heap      ] GC(30) Survivor regions: 8->7(42)
[2021-08-17T02:44:59.295+0000][6][gc,heap      ] GC(30) Old regions: 103->103
[2021-08-17T02:44:59.295+0000][6][gc,heap      ] GC(30) Archive regions: 2->2
[2021-08-17T02:44:59.295+0000][6][gc,heap      ] GC(30) Humongous regions: 53->53
[2021-08-17T02:44:59.295+0000][6][gc,metaspace ] GC(30) Metaspace: 61834K(65896K)->61834K(65896K) NonClass: 53597K(55912K)->53597K(55912K) Class: 8237K(9984K)->8237K(9984K)
[2021-08-17T02:44:59.295+0000][6][gc           ] GC(30) Pause Young (Normal) (G1 Evacuation Pause) 487M->162M(718M) 14.282ms
[2021-08-17T02:44:59.295+0000][6][gc,cpu       ] GC(30) User=0.04s Sys=0.00s Real=0.02s
[2021-08-17T02:44:59.295+0000][6][safepoint    ] Safepoint "G1CollectForAllocation", Time since last: 268794816 ns, Reaching safepoint: 278752 ns, At safepoint: 14397707 ns, Total: 14676459 ns
[2021-08-17T02:44:59.447+0000][6][gc,start     ] GC(31) Pause Young (Normal) (G1 Evacuation Pause)
[2021-08-17T02:44:59.447+0000][6][gc,task      ] GC(31) Using 4 workers of 4 for evacuation
[2021-08-17T02:44:59.447+0000][6][gc,age       ] GC(31) Desired survivor size 23592960 bytes, new threshold 15 (max threshold 15)
[2021-08-17T02:44:59.454+0000][6][gc,age       ] GC(31) Age table with threshold 15 (max threshold 15)
[2021-08-17T02:44:59.454+0000][6][gc,age       ] GC(31) - age   1:        128 bytes,        128 total
[2021-08-17T02:44:59.454+0000][6][gc,age       ] GC(31) - age   2:       1120 bytes,       1248 total
[2021-08-17T02:44:59.454+0000][6][gc,age       ] GC(31) - age   3:      94728 bytes,      95976 total
[2021-08-17T02:44:59.454+0000][6][gc,age       ] GC(31) - age   4:    6888608 bytes,    6984584 total
[2021-08-17T02:44:59.454+0000][6][gc,phases    ] GC(31)   Pre Evacuate Collection Set: 0.3ms
[2021-08-17T02:44:59.454+0000][6][gc,phases    ] GC(31)   Merge Heap Roots: 0.3ms
[2021-08-17T02:44:59.454+0000][6][gc,phases    ] GC(31)   Evacuate Collection Set: 4.6ms
[2021-08-17T02:44:59.454+0000][6][gc,phases    ] GC(31)   Post Evacuate Collection Set: 1.7ms
[2021-08-17T02:44:59.454+0000][6][gc,phases    ] GC(31)   Other: 0.2ms
[2021-08-17T02:44:59.454+0000][6][gc,heap      ] GC(31) Eden regions: 351->0(356)
[2021-08-17T02:44:59.454+0000][6][gc,heap      ] GC(31) Survivor regions: 7->7(45)
[2021-08-17T02:44:59.454+0000][6][gc,heap      ] GC(31) Old regions: 103->103
[2021-08-17T02:44:59.454+0000][6][gc,heap      ] GC(31) Archive regions: 2->2
[2021-08-17T02:44:59.454+0000][6][gc,heap      ] GC(31) Humongous regions: 53->53
[2021-08-17T02:44:59.454+0000][6][gc,metaspace ] GC(31) Metaspace: 61834K(65896K)->61834K(65896K) NonClass: 53597K(55912K)->53597K(55912K) Class: 8237K(9984K)->8237K(9984K)
[2021-08-17T02:44:59.454+0000][6][gc           ] GC(31) Pause Young (Normal) (G1 Evacuation Pause) 513M->162M(718M) 7.132ms
[2021-08-17T02:44:59.454+0000][6][gc,cpu       ] GC(31) User=0.02s Sys=0.00s Real=0.01s
[2021-08-17T02:44:59.455+0000][6][safepoint    ] Safepoint "G1CollectForAllocation", Time since last: 151790908 ns, Reaching safepoint: 349585 ns, At safepoint: 7211355 ns, Total: 7560940 ns
[2021-08-17T02:44:59.564+0000][6][gc,start     ] GC(32) Pause Young (Normal) (G1 Evacuation Pause)
[2021-08-17T02:44:59.564+0000][6][gc,task      ] GC(32) Using 4 workers of 4 for evacuation
[2021-08-17T02:44:59.564+0000][6][gc,age       ] GC(32) Desired survivor size 24117248 bytes, new threshold 15 (max threshold 15)
[2021-08-17T02:44:59.571+0000][6][gc,age       ] GC(32) Age table with threshold 15 (max threshold 15)
[2021-08-17T02:44:59.571+0000][6][gc,age       ] GC(32) - age   3:       1120 bytes,       1120 total
[2021-08-17T02:44:59.571+0000][6][gc,age       ] GC(32) - age   4:      94728 bytes,      95848 total
[2021-08-17T02:44:59.571+0000][6][gc,age       ] GC(32) - age   5:    6888608 bytes,    6984456 total
[2021-08-17T02:44:59.571+0000][6][gc,phases    ] GC(32)   Pre Evacuate Collection Set: 0.3ms
[2021-08-17T02:44:59.571+0000][6][gc,phases    ] GC(32)   Merge Heap Roots: 0.3ms
[2021-08-17T02:44:59.571+0000][6][gc,phases    ] GC(32)   Evacuate Collection Set: 4.5ms
[2021-08-17T02:44:59.571+0000][6][gc,phases    ] GC(32)   Post Evacuate Collection Set: 2.1ms
[2021-08-17T02:44:59.571+0000][6][gc,phases    ] GC(32)   Other: 0.2ms
[2021-08-17T02:44:59.571+0000][6][gc,heap      ] GC(32) Eden regions: 356->0(359)
[2021-08-17T02:44:59.571+0000][6][gc,heap      ] GC(32) Survivor regions: 7->8(46)
[2021-08-17T02:44:59.571+0000][6][gc,heap      ] GC(32) Old regions: 103->103
[2021-08-17T02:44:59.571+0000][6][gc,heap      ] GC(32) Archive regions: 2->2
[2021-08-17T02:44:59.571+0000][6][gc,heap      ] GC(32) Humongous regions: 53->53
[2021-08-17T02:44:59.571+0000][6][gc,metaspace ] GC(32) Metaspace: 61834K(65896K)->61834K(65896K) NonClass: 53597K(55912K)->53597K(55912K) Class: 8237K(9984K)->8237K(9984K)
[2021-08-17T02:44:59.571+0000][6][gc           ] GC(32) Pause Young (Normal) (G1 Evacuation Pause) 518M->163M(718M) 7.396ms
[2021-08-17T02:44:59.571+0000][6][gc,cpu       ] GC(32) User=0.02s Sys=0.00s Real=0.00s
[2021-08-17T02:44:59.571+0000][6][safepoint    ] Safepoint "G1CollectForAllocation", Time since last: 108771584 ns, Reaching safepoint: 245395 ns, At safepoint: 7455422 ns, Total: 7700817 ns
[2021-08-17T02:44:59.686+0000][6][gc,start     ] GC(33) Pause Young (Normal) (G1 Evacuation Pause)
[2021-08-17T02:44:59.686+0000][6][gc,task      ] GC(33) Using 4 workers of 4 for evacuation
[2021-08-17T02:44:59.686+0000][6][gc,age       ] GC(33) Desired survivor size 24117248 bytes, new threshold 15 (max threshold 15)
[2021-08-17T02:44:59.692+0000][6][gc,age       ] GC(33) Age table with threshold 15 (max threshold 15)
[2021-08-17T02:44:59.692+0000][6][gc,age       ] GC(33) - age   4:       1120 bytes,       1120 total
[2021-08-17T02:44:59.692+0000][6][gc,age       ] GC(33) - age   5:      94728 bytes,      95848 total
[2021-08-17T02:44:59.692+0000][6][gc,age       ] GC(33) - age   6:    6888608 bytes,    6984456 total
[2021-08-17T02:44:59.692+0000][6][gc,phases    ] GC(33)   Pre Evacuate Collection Set: 0.3ms
[2021-08-17T02:44:59.692+0000][6][gc,phases    ] GC(33)   Merge Heap Roots: 0.3ms
[2021-08-17T02:44:59.692+0000][6][gc,phases    ] GC(33)   Evacuate Collection Set: 3.9ms
[2021-08-17T02:44:59.692+0000][6][gc,phases    ] GC(33)   Post Evacuate Collection Set: 1.5ms
[2021-08-17T02:44:59.692+0000][6][gc,phases    ] GC(33)   Other: 0.2ms
[2021-08-17T02:44:59.692+0000][6][gc,heap      ] GC(33) Eden regions: 359->0(362)
[2021-08-17T02:44:59.692+0000][6][gc,heap      ] GC(33) Survivor regions: 8->7(46)
[2021-08-17T02:44:59.692+0000][6][gc,heap      ] GC(33) Old regions: 103->103
[2021-08-17T02:44:59.692+0000][6][gc,heap      ] GC(33) Archive regions: 2->2
[2021-08-17T02:44:59.692+0000][6][gc,heap      ] GC(33) Humongous regions: 53->53
[2021-08-17T02:44:59.692+0000][6][gc,metaspace ] GC(33) Metaspace: 61834K(65896K)->61834K(65896K) NonClass: 53597K(55912K)->53597K(55912K) Class: 8237K(9984K)->8237K(9984K)
[2021-08-17T02:44:59.692+0000][6][gc           ] GC(33) Pause Young (Normal) (G1 Evacuation Pause) 522M->162M(718M) 6.296ms
[2021-08-17T02:44:59.692+0000][6][gc,cpu       ] GC(33) User=0.02s Sys=0.00s Real=0.01s
[2021-08-17T02:44:59.692+0000][6][safepoint    ] Safepoint "G1CollectForAllocation", Time since last: 114899851 ns, Reaching safepoint: 180365 ns, At safepoint: 6348776 ns, Total: 6529141 ns
[2021-08-17T02:44:59.818+0000][6][gc,start     ] GC(34) Pause Young (Normal) (G1 Evacuation Pause)
[2021-08-17T02:44:59.818+0000][6][gc,task      ] GC(34) Using 4 workers of 4 for evacuation
[2021-08-17T02:44:59.818+0000][6][gc,age       ] GC(34) Desired survivor size 24641536 bytes, new threshold 15 (max threshold 15)
[2021-08-17T02:44:59.824+0000][6][gc,age       ] GC(34) Age table with threshold 15 (max threshold 15)
[2021-08-17T02:44:59.824+0000][6][gc,age       ] GC(34) - age   5:       1120 bytes,       1120 total
[2021-08-17T02:44:59.824+0000][6][gc,age       ] GC(34) - age   6:      94728 bytes,      95848 total
[2021-08-17T02:44:59.824+0000][6][gc,age       ] GC(34) - age   7:    6888608 bytes,    6984456 total
[2021-08-17T02:44:59.824+0000][6][gc,phases    ] GC(34)   Pre Evacuate Collection Set: 0.4ms
[2021-08-17T02:44:59.824+0000][6][gc,phases    ] GC(34)   Merge Heap Roots: 0.3ms
[2021-08-17T02:44:59.824+0000][6][gc,phases    ] GC(34)   Evacuate Collection Set: 4.0ms
[2021-08-17T02:44:59.824+0000][6][gc,phases    ] GC(34)   Post Evacuate Collection Set: 1.6ms
[2021-08-17T02:44:59.824+0000][6][gc,phases    ] GC(34)   Other: 0.2ms
[2021-08-17T02:44:59.824+0000][6][gc,heap      ] GC(34) Eden regions: 362->0(364)
[2021-08-17T02:44:59.824+0000][6][gc,heap      ] GC(34) Survivor regions: 7->8(47)
[2021-08-17T02:44:59.824+0000][6][gc,heap      ] GC(34) Old regions: 103->103
[2021-08-17T02:44:59.824+0000][6][gc,heap      ] GC(34) Archive regions: 2->2
[2021-08-17T02:44:59.824+0000][6][gc,heap      ] GC(34) Humongous regions: 53->53
[2021-08-17T02:44:59.824+0000][6][gc,metaspace ] GC(34) Metaspace: 61834K(65896K)->61834K(65896K) NonClass: 53597K(55912K)->53597K(55912K) Class: 8237K(9984K)->8237K(9984K)
[2021-08-17T02:44:59.824+0000][6][gc           ] GC(34) Pause Young (Normal) (G1 Evacuation Pause) 524M->163M(718M) 6.533ms
[2021-08-17T02:44:59.824+0000][6][gc,cpu       ] GC(34) User=0.02s Sys=0.00s Real=0.01s
[2021-08-17T02:44:59.824+0000][6][safepoint    ] Safepoint "G1CollectForAllocation", Time since last: 125071842 ns, Reaching safepoint: 127531 ns, At safepoint: 6589620 ns, Total: 6717151 ns
[2021-08-17T02:44:59.953+0000][6][gc,start     ] GC(35) Pause Young (Normal) (G1 Evacuation Pause)
[2021-08-17T02:44:59.953+0000][6][gc,task      ] GC(35) Using 4 workers of 4 for evacuation
[2021-08-17T02:44:59.953+0000][6][gc,age       ] GC(35) Desired survivor size 24641536 bytes, new threshold 15 (max threshold 15)
[2021-08-17T02:44:59.959+0000][6][gc,age       ] GC(35) Age table with threshold 15 (max threshold 15)
[2021-08-17T02:44:59.959+0000][6][gc,age       ] GC(35) - age   1:        128 bytes,        128 total
[2021-08-17T02:44:59.959+0000][6][gc,age       ] GC(35) - age   6:       1120 bytes,       1248 total
[2021-08-17T02:44:59.959+0000][6][gc,age       ] GC(35) - age   7:      94728 bytes,      95976 total
[2021-08-17T02:44:59.959+0000][6][gc,age       ] GC(35) - age   8:    6888608 bytes,    6984584 total
[2021-08-17T02:44:59.959+0000][6][gc,phases    ] GC(35)   Pre Evacuate Collection Set: 0.2ms
[2021-08-17T02:44:59.959+0000][6][gc,phases    ] GC(35)   Merge Heap Roots: 0.1ms
[2021-08-17T02:44:59.959+0000][6][gc,phases    ] GC(35)   Evacuate Collection Set: 4.0ms
[2021-08-17T02:44:59.959+0000][6][gc,phases    ] GC(35)   Post Evacuate Collection Set: 1.6ms
[2021-08-17T02:44:59.959+0000][6][gc,phases    ] GC(35)   Other: 0.2ms
[2021-08-17T02:44:59.959+0000][6][gc,heap      ] GC(35) Eden regions: 364->0(364)
[2021-08-17T02:44:59.959+0000][6][gc,heap      ] GC(35) Survivor regions: 8->8(47)
[2021-08-17T02:44:59.959+0000][6][gc,heap      ] GC(35) Old regions: 103->103
[2021-08-17T02:44:59.959+0000][6][gc,heap      ] GC(35) Archive regions: 2->2
[2021-08-17T02:44:59.959+0000][6][gc,heap      ] GC(35) Humongous regions: 53->53
[2021-08-17T02:44:59.959+0000][6][gc,metaspace ] GC(35) Metaspace: 61834K(65896K)->61834K(65896K) NonClass: 53597K(55912K)->53597K(55912K) Class: 8237K(9984K)->8237K(9984K)
[2021-08-17T02:44:59.959+0000][6][gc           ] GC(35) Pause Young (Normal) (G1 Evacuation Pause) 527M->163M(718M) 6.115ms
[2021-08-17T02:44:59.959+0000][6][gc,cpu       ] GC(35) User=0.01s Sys=0.00s Real=0.00s
[2021-08-17T02:44:59.959+0000][6][safepoint    ] Safepoint "G1CollectForAllocation", Time since last: 128139018 ns, Reaching safepoint: 149375 ns, At safepoint: 6196690 ns, Total: 6346065 ns
[2021-08-17T02:45:00.087+0000][6][gc,start     ] GC(36) Pause Young (Normal) (G1 Evacuation Pause)
[2021-08-17T02:45:00.087+0000][6][gc,task      ] GC(36) Using 4 workers of 4 for evacuation
[2021-08-17T02:45:00.087+0000][6][gc,age       ] GC(36) Desired survivor size 24641536 bytes, new threshold 15 (max threshold 15)
[2021-08-17T02:45:00.094+0000][6][gc,age       ] GC(36) Age table with threshold 15 (max threshold 15)
[2021-08-17T02:45:00.094+0000][6][gc,age       ] GC(36) - age   1:      34008 bytes,      34008 total
[2021-08-17T02:45:00.094+0000][6][gc,age       ] GC(36) - age   7:         56 bytes,      34064 total
[2021-08-17T02:45:00.094+0000][6][gc,age       ] GC(36) - age   8:      94728 bytes,     128792 total
[2021-08-17T02:45:00.094+0000][6][gc,age       ] GC(36) - age   9:    6872208 bytes,    7001000 total
[2021-08-17T02:45:00.094+0000][6][gc,phases    ] GC(36)   Pre Evacuate Collection Set: 0.3ms
[2021-08-17T02:45:00.094+0000][6][gc,phases    ] GC(36)   Merge Heap Roots: 0.3ms
[2021-08-17T02:45:00.094+0000][6][gc,phases    ] GC(36)   Evacuate Collection Set: 4.4ms
[2021-08-17T02:45:00.094+0000][6][gc,phases    ] GC(36)   Post Evacuate Collection Set: 1.1ms
[2021-08-17T02:45:00.094+0000][6][gc,phases    ] GC(36)   Other: 0.3ms
[2021-08-17T02:45:00.094+0000][6][gc,heap      ] GC(36) Eden regions: 364->0(366)
[2021-08-17T02:45:00.094+0000][6][gc,heap      ] GC(36) Survivor regions: 8->7(47)
[2021-08-17T02:45:00.094+0000][6][gc,heap      ] GC(36) Old regions: 103->103
[2021-08-17T02:45:00.094+0000][6][gc,heap      ] GC(36) Archive regions: 2->2
[2021-08-17T02:45:00.094+0000][6][gc,heap      ] GC(36) Humongous regions: 53->53
[2021-08-17T02:45:00.094+0000][6][gc,metaspace ] GC(36) Metaspace: 61836K(65896K)->61836K(65896K) NonClass: 53599K(55912K)->53599K(55912K) Class: 8237K(9984K)->8237K(9984K)
[2021-08-17T02:45:00.094+0000][6][gc           ] GC(36) Pause Young (Normal) (G1 Evacuation Pause) 527M->162M(718M) 6.517ms
[2021-08-17T02:45:00.094+0000][6][gc,cpu       ] GC(36) User=0.02s Sys=0.00s Real=0.01s
[2021-08-17T02:45:00.094+0000][6][safepoint    ] Safepoint "G1CollectForAllocation", Time since last: 128339745 ns, Reaching safepoint: 143176 ns, At safepoint: 6581960 ns, Total: 6725136 ns
[2021-08-17T02:45:00.229+0000][6][gc,start     ] GC(37) Pause Young (Normal) (G1 Evacuation Pause)
[2021-08-17T02:45:00.230+0000][6][gc,task      ] GC(37) Using 4 workers of 4 for evacuation
[2021-08-17T02:45:00.230+0000][6][gc,age       ] GC(37) Desired survivor size 24641536 bytes, new threshold 15 (max threshold 15)
[2021-08-17T02:45:00.236+0000][6][gc,age       ] GC(37) Age table with threshold 15 (max threshold 15)
[2021-08-17T02:45:00.236+0000][6][gc,age       ] GC(37) - age   1:     132736 bytes,     132736 total
[2021-08-17T02:45:00.236+0000][6][gc,age       ] GC(37) - age   2:       1064 bytes,     133800 total
[2021-08-17T02:45:00.236+0000][6][gc,age       ] GC(37) - age   8:         56 bytes,     133856 total
[2021-08-17T02:45:00.236+0000][6][gc,age       ] GC(37) - age   9:      94440 bytes,     228296 total
[2021-08-17T02:45:00.236+0000][6][gc,age       ] GC(37) - age  10:    6872208 bytes,    7100504 total
[2021-08-17T02:45:00.236+0000][6][gc,phases    ] GC(37)   Pre Evacuate Collection Set: 0.3ms
[2021-08-17T02:45:00.236+0000][6][gc,phases    ] GC(37)   Merge Heap Roots: 0.3ms
[2021-08-17T02:45:00.236+0000][6][gc,phases    ] GC(37)   Evacuate Collection Set: 4.6ms
[2021-08-17T02:45:00.236+0000][6][gc,phases    ] GC(37)   Post Evacuate Collection Set: 1.6ms
[2021-08-17T02:45:00.236+0000][6][gc,phases    ] GC(37)   Other: 0.2ms
[2021-08-17T02:45:00.236+0000][6][gc,heap      ] GC(37) Eden regions: 366->0(364)
[2021-08-17T02:45:00.236+0000][6][gc,heap      ] GC(37) Survivor regions: 7->8(47)
[2021-08-17T02:45:00.236+0000][6][gc,heap      ] GC(37) Old regions: 103->103
[2021-08-17T02:45:00.236+0000][6][gc,heap      ] GC(37) Archive regions: 2->2
[2021-08-17T02:45:00.236+0000][6][gc,heap      ] GC(37) Humongous regions: 53->53
[2021-08-17T02:45:00.236+0000][6][gc,metaspace ] GC(37) Metaspace: 61844K(65896K)->61844K(65896K) NonClass: 53606K(55912K)->53606K(55912K) Class: 8238K(9984K)->8238K(9984K)
[2021-08-17T02:45:00.237+0000][6][gc           ] GC(37) Pause Young (Normal) (G1 Evacuation Pause) 528M->163M(718M) 7.027ms
[2021-08-17T02:45:00.237+0000][6][gc,cpu       ] GC(37) User=0.02s Sys=0.00s Real=0.01s
[2021-08-17T02:45:00.237+0000][6][safepoint    ] Safepoint "G1CollectForAllocation", Time since last: 135546149 ns, Reaching safepoint: 141402 ns, At safepoint: 7108734 ns, Total: 7250136 ns
[2021-08-17T02:45:00.376+0000][6][gc,start     ] GC(38) Pause Young (Normal) (G1 Evacuation Pause)
[2021-08-17T02:45:00.376+0000][6][gc,task      ] GC(38) Using 4 workers of 4 for evacuation
[2021-08-17T02:45:00.376+0000][6][gc,age       ] GC(38) Desired survivor size 24641536 bytes, new threshold 15 (max threshold 15)
[2021-08-17T02:45:00.383+0000][6][gc,age       ] GC(38) Age table with threshold 15 (max threshold 15)
[2021-08-17T02:45:00.383+0000][6][gc,age       ] GC(38) - age   1:        160 bytes,        160 total
[2021-08-17T02:45:00.383+0000][6][gc,age       ] GC(38) - age   2:       1440 bytes,       1600 total
[2021-08-17T02:45:00.383+0000][6][gc,age       ] GC(38) - age   3:       1064 bytes,       2664 total
[2021-08-17T02:45:00.383+0000][6][gc,age       ] GC(38) - age   9:         56 bytes,       2720 total
[2021-08-17T02:45:00.383+0000][6][gc,age       ] GC(38) - age  10:      94440 bytes,      97160 total
[2021-08-17T02:45:00.383+0000][6][gc,age       ] GC(38) - age  11:    6872208 bytes,    6969368 total
[2021-08-17T02:45:00.383+0000][6][gc,phases    ] GC(38)   Pre Evacuate Collection Set: 0.3ms
[2021-08-17T02:45:00.383+0000][6][gc,phases    ] GC(38)   Merge Heap Roots: 0.3ms
[2021-08-17T02:45:00.383+0000][6][gc,phases    ] GC(38)   Evacuate Collection Set: 4.5ms
[2021-08-17T02:45:00.383+0000][6][gc,phases    ] GC(38)   Post Evacuate Collection Set: 1.7ms
[2021-08-17T02:45:00.383+0000][6][gc,phases    ] GC(38)   Other: 0.3ms
[2021-08-17T02:45:00.383+0000][6][gc,heap      ] GC(38) Eden regions: 364->0(363)
[2021-08-17T02:45:00.383+0000][6][gc,heap      ] GC(38) Survivor regions: 8->8(47)
[2021-08-17T02:45:00.383+0000][6][gc,heap      ] GC(38) Old regions: 103->103
[2021-08-17T02:45:00.383+0000][6][gc,heap      ] GC(38) Archive regions: 2->2
[2021-08-17T02:45:00.383+0000][6][gc,heap      ] GC(38) Humongous regions: 54->54
[2021-08-17T02:45:00.383+0000][6][gc,metaspace ] GC(38) Metaspace: 61844K(65896K)->61844K(65896K) NonClass: 53606K(55912K)->53606K(55912K) Class: 8238K(9984K)->8238K(9984K)
[2021-08-17T02:45:00.383+0000][6][gc           ] GC(38) Pause Young (Normal) (G1 Evacuation Pause) 528M->164M(718M) 7.111ms
[2021-08-17T02:45:00.383+0000][6][gc,cpu       ] GC(38) User=0.02s Sys=0.00s Real=0.01s
[2021-08-17T02:45:00.383+0000][6][safepoint    ] Safepoint "G1CollectForAllocation", Time since last: 139319397 ns, Reaching safepoint: 219570 ns, At safepoint: 7258129 ns, Total: 7477699 ns
[2021-08-17T02:45:00.514+0000][6][gc,start     ] GC(39) Pause Young (Normal) (G1 Evacuation Pause)
[2021-08-17T02:45:00.514+0000][6][gc,task      ] GC(39) Using 4 workers of 4 for evacuation
[2021-08-17T02:45:00.514+0000][6][gc,age       ] GC(39) Desired survivor size 24641536 bytes, new threshold 15 (max threshold 15)
[2021-08-17T02:45:00.521+0000][6][gc,age       ] GC(39) Age table with threshold 15 (max threshold 15)
[2021-08-17T02:45:00.521+0000][6][gc,age       ] GC(39) - age   1:        160 bytes,        160 total
[2021-08-17T02:45:00.521+0000][6][gc,age       ] GC(39) - age   3:       1440 bytes,       1600 total
[2021-08-17T02:45:00.521+0000][6][gc,age       ] GC(39) - age   4:       1064 bytes,       2664 total
[2021-08-17T02:45:00.521+0000][6][gc,age       ] GC(39) - age  10:         56 bytes,       2720 total
[2021-08-17T02:45:00.521+0000][6][gc,age       ] GC(39) - age  11:      94440 bytes,      97160 total
[2021-08-17T02:45:00.521+0000][6][gc,age       ] GC(39) - age  12:    6872208 bytes,    6969368 total
[2021-08-17T02:45:00.521+0000][6][gc,phases    ] GC(39)   Pre Evacuate Collection Set: 0.3ms
[2021-08-17T02:45:00.521+0000][6][gc,phases    ] GC(39)   Merge Heap Roots: 0.3ms
[2021-08-17T02:45:00.521+0000][6][gc,phases    ] GC(39)   Evacuate Collection Set: 4.2ms
[2021-08-17T02:45:00.521+0000][6][gc,phases    ] GC(39)   Post Evacuate Collection Set: 2.2ms
[2021-08-17T02:45:00.521+0000][6][gc,phases    ] GC(39)   Other: 0.2ms
[2021-08-17T02:45:00.521+0000][6][gc,heap      ] GC(39) Eden regions: 363->0(363)
[2021-08-17T02:45:00.521+0000][6][gc,heap      ] GC(39) Survivor regions: 8->8(47)
[2021-08-17T02:45:00.521+0000][6][gc,heap      ] GC(39) Old regions: 103->103
[2021-08-17T02:45:00.521+0000][6][gc,heap      ] GC(39) Archive regions: 2->2
[2021-08-17T02:45:00.521+0000][6][gc,heap      ] GC(39) Humongous regions: 54->54
[2021-08-17T02:45:00.521+0000][6][gc,metaspace ] GC(39) Metaspace: 61844K(65896K)->61844K(65896K) NonClass: 53606K(55912K)->53606K(55912K) Class: 8238K(9984K)->8238K(9984K)
[2021-08-17T02:45:00.521+0000][6][gc           ] GC(39) Pause Young (Normal) (G1 Evacuation Pause) 527M->164M(718M) 7.144ms
[2021-08-17T02:45:00.521+0000][6][gc,cpu       ] GC(39) User=0.02s Sys=0.00s Real=0.00s
[2021-08-17T02:45:00.521+0000][6][safepoint    ] Safepoint "G1CollectForAllocation", Time since last: 130183479 ns, Reaching safepoint: 287015 ns, At safepoint: 7200803 ns, Total: 7487818 ns
[2021-08-17T02:45:00.653+0000][6][gc,start     ] GC(40) Pause Young (Normal) (G1 Evacuation Pause)
[2021-08-17T02:45:00.653+0000][6][gc,task      ] GC(40) Using 4 workers of 4 for evacuation
[2021-08-17T02:45:00.653+0000][6][gc,age       ] GC(40) Desired survivor size 24641536 bytes, new threshold 15 (max threshold 15)
[2021-08-17T02:45:00.661+0000][6][gc,age       ] GC(40) Age table with threshold 15 (max threshold 15)
[2021-08-17T02:45:00.661+0000][6][gc,age       ] GC(40) - age   1:       1328 bytes,       1328 total
[2021-08-17T02:45:00.661+0000][6][gc,age       ] GC(40) - age   4:       1440 bytes,       2768 total
[2021-08-17T02:45:00.661+0000][6][gc,age       ] GC(40) - age   5:       1064 bytes,       3832 total
[2021-08-17T02:45:00.661+0000][6][gc,age       ] GC(40) - age  11:         56 bytes,       3888 total
[2021-08-17T02:45:00.661+0000][6][gc,age       ] GC(40) - age  12:      94440 bytes,      98328 total
[2021-08-17T02:45:00.661+0000][6][gc,age       ] GC(40) - age  13:    6871200 bytes,    6969528 total
[2021-08-17T02:45:00.661+0000][6][gc,phases    ] GC(40)   Pre Evacuate Collection Set: 0.2ms
[2021-08-17T02:45:00.661+0000][6][gc,phases    ] GC(40)   Merge Heap Roots: 0.1ms
[2021-08-17T02:45:00.661+0000][6][gc,phases    ] GC(40)   Evacuate Collection Set: 5.5ms
[2021-08-17T02:45:00.661+0000][6][gc,phases    ] GC(40)   Post Evacuate Collection Set: 1.5ms
[2021-08-17T02:45:00.661+0000][6][gc,phases    ] GC(40)   Other: 0.2ms
[2021-08-17T02:45:00.661+0000][6][gc,heap      ] GC(40) Eden regions: 363->0(365)
[2021-08-17T02:45:00.661+0000][6][gc,heap      ] GC(40) Survivor regions: 8->7(47)
[2021-08-17T02:45:00.661+0000][6][gc,heap      ] GC(40) Old regions: 103->103
[2021-08-17T02:45:00.661+0000][6][gc,heap      ] GC(40) Archive regions: 2->2
[2021-08-17T02:45:00.661+0000][6][gc,heap      ] GC(40) Humongous regions: 54->54
[2021-08-17T02:45:00.661+0000][6][gc,metaspace ] GC(40) Metaspace: 61856K(65896K)->61856K(65896K) NonClass: 53617K(55912K)->53617K(55912K) Class: 8238K(9984K)->8238K(9984K)
[2021-08-17T02:45:00.661+0000][6][gc           ] GC(40) Pause Young (Normal) (G1 Evacuation Pause) 527M->163M(718M) 7.461ms
[2021-08-17T02:45:00.661+0000][6][gc,cpu       ] GC(40) User=0.02s Sys=0.00s Real=0.00s
[2021-08-17T02:45:00.661+0000][6][safepoint    ] Safepoint "G1CollectForAllocation", Time since last: 132153563 ns, Reaching safepoint: 150908 ns, At safepoint: 7548287 ns, Total: 7699195 ns
[2021-08-17T02:45:00.790+0000][6][gc,start     ] GC(41) Pause Young (Normal) (G1 Evacuation Pause)
[2021-08-17T02:45:00.790+0000][6][gc,task      ] GC(41) Using 4 workers of 4 for evacuation
[2021-08-17T02:45:00.790+0000][6][gc,age       ] GC(41) Desired survivor size 24641536 bytes, new threshold 15 (max threshold 15)
[2021-08-17T02:45:00.796+0000][6][gc,age       ] GC(41) Age table with threshold 15 (max threshold 15)
[2021-08-17T02:45:00.796+0000][6][gc,age       ] GC(41) - age   1:        128 bytes,        128 total
[2021-08-17T02:45:00.796+0000][6][gc,age       ] GC(41) - age   2:       1200 bytes,       1328 total
[2021-08-17T02:45:00.796+0000][6][gc,age       ] GC(41) - age   5:       1440 bytes,       2768 total
[2021-08-17T02:45:00.796+0000][6][gc,age       ] GC(41) - age   6:       1064 bytes,       3832 total
[2021-08-17T02:45:00.796+0000][6][gc,age       ] GC(41) - age  12:         56 bytes,       3888 total
[2021-08-17T02:45:00.796+0000][6][gc,age       ] GC(41) - age  13:      94440 bytes,      98328 total
[2021-08-17T02:45:00.796+0000][6][gc,age       ] GC(41) - age  14:    6871200 bytes,    6969528 total
[2021-08-17T02:45:00.796+0000][6][gc,phases    ] GC(41)   Pre Evacuate Collection Set: 0.3ms
[2021-08-17T02:45:00.796+0000][6][gc,phases    ] GC(41)   Merge Heap Roots: 0.3ms
[2021-08-17T02:45:00.796+0000][6][gc,phases    ] GC(41)   Evacuate Collection Set: 4.1ms
[2021-08-17T02:45:00.797+0000][6][gc,phases    ] GC(41)   Post Evacuate Collection Set: 1.8ms
[2021-08-17T02:45:00.797+0000][6][gc,phases    ] GC(41)   Other: 0.3ms
[2021-08-17T02:45:00.797+0000][6][gc,heap      ] GC(41) Eden regions: 365->0(363)
[2021-08-17T02:45:00.797+0000][6][gc,heap      ] GC(41) Survivor regions: 7->8(47)
[2021-08-17T02:45:00.797+0000][6][gc,heap      ] GC(41) Old regions: 103->103
[2021-08-17T02:45:00.797+0000][6][gc,heap      ] GC(41) Archive regions: 2->2
[2021-08-17T02:45:00.797+0000][6][gc,heap      ] GC(41) Humongous regions: 54->54
[2021-08-17T02:45:00.797+0000][6][gc,metaspace ] GC(41) Metaspace: 61856K(65896K)->61856K(65896K) NonClass: 53617K(55912K)->53617K(55912K) Class: 8238K(9984K)->8238K(9984K)
[2021-08-17T02:45:00.797+0000][6][gc           ] GC(41) Pause Young (Normal) (G1 Evacuation Pause) 528M->164M(718M) 6.960ms
[2021-08-17T02:45:00.797+0000][6][gc,cpu       ] GC(41) User=0.02s Sys=0.00s Real=0.01s
[2021-08-17T02:45:00.797+0000][6][safepoint    ] Safepoint "G1CollectForAllocation", Time since last: 128566675 ns, Reaching safepoint: 142880 ns, At safepoint: 7018260 ns, Total: 7161140 ns
[2021-08-17T02:45:00.926+0000][6][gc,start     ] GC(42) Pause Young (Normal) (G1 Evacuation Pause)
[2021-08-17T02:45:00.926+0000][6][gc,task      ] GC(42) Using 4 workers of 4 for evacuation
[2021-08-17T02:45:00.926+0000][6][gc,age       ] GC(42) Desired survivor size 24641536 bytes, new threshold 15 (max threshold 15)
[2021-08-17T02:45:00.934+0000][6][gc,age       ] GC(42) Age table with threshold 15 (max threshold 15)
[2021-08-17T02:45:00.934+0000][6][gc,age       ] GC(42) - age   1:        128 bytes,        128 total
[2021-08-17T02:45:00.934+0000][6][gc,age       ] GC(42) - age   3:       1200 bytes,       1328 total
[2021-08-17T02:45:00.934+0000][6][gc,age       ] GC(42) - age   6:       1440 bytes,       2768 total
[2021-08-17T02:45:00.934+0000][6][gc,age       ] GC(42) - age   7:       1064 bytes,       3832 total
[2021-08-17T02:45:00.934+0000][6][gc,age       ] GC(42) - age  13:         56 bytes,       3888 total
[2021-08-17T02:45:00.934+0000][6][gc,age       ] GC(42) - age  14:      94440 bytes,      98328 total
[2021-08-17T02:45:00.934+0000][6][gc,age       ] GC(42) - age  15:    6871200 bytes,    6969528 total
[2021-08-17T02:45:00.934+0000][6][gc,phases    ] GC(42)   Pre Evacuate Collection Set: 0.3ms
[2021-08-17T02:45:00.934+0000][6][gc,phases    ] GC(42)   Merge Heap Roots: 0.3ms
[2021-08-17T02:45:00.934+0000][6][gc,phases    ] GC(42)   Evacuate Collection Set: 5.7ms
[2021-08-17T02:45:00.934+0000][6][gc,phases    ] GC(42)   Post Evacuate Collection Set: 1.6ms
[2021-08-17T02:45:00.934+0000][6][gc,phases    ] GC(42)   Other: 0.2ms
[2021-08-17T02:45:00.934+0000][6][gc,heap      ] GC(42) Eden regions: 363->0(363)
[2021-08-17T02:45:00.934+0000][6][gc,heap      ] GC(42) Survivor regions: 8->8(47)
[2021-08-17T02:45:00.934+0000][6][gc,heap      ] GC(42) Old regions: 103->103
[2021-08-17T02:45:00.934+0000][6][gc,heap      ] GC(42) Archive regions: 2->2
[2021-08-17T02:45:00.934+0000][6][gc,heap      ] GC(42) Humongous regions: 54->54
[2021-08-17T02:45:00.934+0000][6][gc,metaspace ] GC(42) Metaspace: 61856K(65896K)->61856K(65896K) NonClass: 53617K(55912K)->53617K(55912K) Class: 8238K(9984K)->8238K(9984K)
[2021-08-17T02:45:00.934+0000][6][gc           ] GC(42) Pause Young (Normal) (G1 Evacuation Pause) 527M->164M(718M) 8.073ms
[2021-08-17T02:45:00.934+0000][6][gc,cpu       ] GC(42) User=0.02s Sys=0.00s Real=0.01s
[2021-08-17T02:45:00.934+0000][6][safepoint    ] Safepoint "G1CollectForAllocation", Time since last: 128948540 ns, Reaching safepoint: 133470 ns, At safepoint: 8134846 ns, Total: 8268316 ns
[2021-08-17T02:45:01.069+0000][6][gc,start     ] GC(43) Pause Young (Normal) (G1 Evacuation Pause)
[2021-08-17T02:45:01.069+0000][6][gc,task      ] GC(43) Using 4 workers of 4 for evacuation
[2021-08-17T02:45:01.069+0000][6][gc,age       ] GC(43) Desired survivor size 24641536 bytes, new threshold 15 (max threshold 15)
[2021-08-17T02:45:01.078+0000][6][gc,age       ] GC(43) Age table with threshold 15 (max threshold 15)
[2021-08-17T02:45:01.078+0000][6][gc,age       ] GC(43) - age   1:     115368 bytes,     115368 total
[2021-08-17T02:45:01.078+0000][6][gc,age       ] GC(43) - age   4:       1200 bytes,     116568 total
[2021-08-17T02:45:01.078+0000][6][gc,age       ] GC(43) - age   7:       1408 bytes,     117976 total
[2021-08-17T02:45:01.078+0000][6][gc,age       ] GC(43) - age   8:         32 bytes,     118008 total
[2021-08-17T02:45:01.078+0000][6][gc,age       ] GC(43) - age  14:         56 bytes,     118064 total
[2021-08-17T02:45:01.078+0000][6][gc,age       ] GC(43) - age  15:      94312 bytes,     212376 total
[2021-08-17T02:45:01.078+0000][6][gc,phases    ] GC(43)   Pre Evacuate Collection Set: 0.3ms
[2021-08-17T02:45:01.078+0000][6][gc,phases    ] GC(43)   Merge Heap Roots: 0.6ms
[2021-08-17T02:45:01.078+0000][6][gc,phases    ] GC(43)   Evacuate Collection Set: 6.6ms
[2021-08-17T02:45:01.078+0000][6][gc,phases    ] GC(43)   Post Evacuate Collection Set: 1.8ms
[2021-08-17T02:45:01.078+0000][6][gc,phases    ] GC(43)   Other: 0.2ms
[2021-08-17T02:45:01.078+0000][6][gc,heap      ] GC(43) Eden regions: 363->0(369)
[2021-08-17T02:45:01.078+0000][6][gc,heap      ] GC(43) Survivor regions: 8->1(47)
[2021-08-17T02:45:01.078+0000][6][gc,heap      ] GC(43) Old regions: 103->110
[2021-08-17T02:45:01.078+0000][6][gc,heap      ] GC(43) Archive regions: 2->2
[2021-08-17T02:45:01.078+0000][6][gc,heap      ] GC(43) Humongous regions: 54->54
[2021-08-17T02:45:01.078+0000][6][gc,metaspace ] GC(43) Metaspace: 61861K(66152K)->61861K(66152K) NonClass: 53622K(56168K)->53622K(56168K) Class: 8238K(9984K)->8238K(9984K)
[2021-08-17T02:45:01.078+0000][6][gc           ] GC(43) Pause Young (Normal) (G1 Evacuation Pause) 527M->164M(718M) 9.523ms
[2021-08-17T02:45:01.078+0000][6][gc,cpu       ] GC(43) User=0.02s Sys=0.00s Real=0.01s
[2021-08-17T02:45:01.078+0000][6][safepoint    ] Safepoint "G1CollectForAllocation", Time since last: 134386991 ns, Reaching safepoint: 459321 ns, At safepoint: 9607474 ns, Total: 10066795 ns
[2021-08-17T02:45:01.231+0000][6][gc,start     ] GC(44) Pause Young (Normal) (G1 Evacuation Pause)
[2021-08-17T02:45:01.231+0000][6][gc,task      ] GC(44) Using 4 workers of 4 for evacuation
[2021-08-17T02:45:01.231+0000][6][gc,age       ] GC(44) Desired survivor size 24641536 bytes, new threshold 15 (max threshold 15)
[2021-08-17T02:45:01.235+0000][6][gc,age       ] GC(44) Age table with threshold 15 (max threshold 15)
[2021-08-17T02:45:01.235+0000][6][gc,age       ] GC(44) - age   1:        128 bytes,        128 total
[2021-08-17T02:45:01.235+0000][6][gc,age       ] GC(44) - age   2:     115240 bytes,     115368 total
[2021-08-17T02:45:01.235+0000][6][gc,age       ] GC(44) - age   5:       1200 bytes,     116568 total
[2021-08-17T02:45:01.235+0000][6][gc,age       ] GC(44) - age   8:       1408 bytes,     117976 total
[2021-08-17T02:45:01.235+0000][6][gc,age       ] GC(44) - age   9:         32 bytes,     118008 total
[2021-08-17T02:45:01.235+0000][6][gc,age       ] GC(44) - age  15:         56 bytes,     118064 total
[2021-08-17T02:45:01.235+0000][6][gc,phases    ] GC(44)   Pre Evacuate Collection Set: 0.2ms
[2021-08-17T02:45:01.235+0000][6][gc,phases    ] GC(44)   Merge Heap Roots: 0.3ms
[2021-08-17T02:45:01.235+0000][6][gc,phases    ] GC(44)   Evacuate Collection Set: 2.6ms
[2021-08-17T02:45:01.235+0000][6][gc,phases    ] GC(44)   Post Evacuate Collection Set: 0.9ms
[2021-08-17T02:45:01.235+0000][6][gc,phases    ] GC(44)   Other: 0.4ms
[2021-08-17T02:45:01.235+0000][6][gc,heap      ] GC(44) Eden regions: 369->0(367)
[2021-08-17T02:45:01.235+0000][6][gc,heap      ] GC(44) Survivor regions: 1->1(47)
[2021-08-17T02:45:01.235+0000][6][gc,heap      ] GC(44) Old regions: 110->110
[2021-08-17T02:45:01.235+0000][6][gc,heap      ] GC(44) Archive regions: 2->2
[2021-08-17T02:45:01.235+0000][6][gc,heap      ] GC(44) Humongous regions: 56->56
[2021-08-17T02:45:01.235+0000][6][gc,metaspace ] GC(44) Metaspace: 61861K(66152K)->61861K(66152K) NonClass: 53622K(56168K)->53622K(56168K) Class: 8238K(9984K)->8238K(9984K)
[2021-08-17T02:45:01.235+0000][6][gc           ] GC(44) Pause Young (Normal) (G1 Evacuation Pause) 535M->166M(718M) 4.333ms
[2021-08-17T02:45:01.235+0000][6][gc,cpu       ] GC(44) User=0.01s Sys=0.01s Real=0.01s
[2021-08-17T02:45:01.236+0000][6][safepoint    ] Safepoint "G1CollectForAllocation", Time since last: 152698486 ns, Reaching safepoint: 123457 ns, At safepoint: 4414152 ns, Total: 4537609 ns
[2021-08-17T02:45:01.387+0000][6][gc,start     ] GC(45) Pause Young (Normal) (G1 Evacuation Pause)
[2021-08-17T02:45:01.387+0000][6][gc,task      ] GC(45) Using 4 workers of 4 for evacuation
[2021-08-17T02:45:01.387+0000][6][gc,age       ] GC(45) Desired survivor size 24117248 bytes, new threshold 15 (max threshold 15)
[2021-08-17T02:45:01.390+0000][6][gc,age       ] GC(45) Age table with threshold 15 (max threshold 15)
[2021-08-17T02:45:01.390+0000][6][gc,age       ] GC(45) - age   1:        128 bytes,        128 total
[2021-08-17T02:45:01.390+0000][6][gc,age       ] GC(45) - age   3:     115240 bytes,     115368 total
[2021-08-17T02:45:01.390+0000][6][gc,age       ] GC(45) - age   6:       1200 bytes,     116568 total
[2021-08-17T02:45:01.390+0000][6][gc,age       ] GC(45) - age   9:       1408 bytes,     117976 total
[2021-08-17T02:45:01.390+0000][6][gc,age       ] GC(45) - age  10:         32 bytes,     118008 total
[2021-08-17T02:45:01.390+0000][6][gc,phases    ] GC(45)   Pre Evacuate Collection Set: 0.2ms
[2021-08-17T02:45:01.390+0000][6][gc,phases    ] GC(45)   Merge Heap Roots: 0.1ms
[2021-08-17T02:45:01.390+0000][6][gc,phases    ] GC(45)   Evacuate Collection Set: 1.2ms
[2021-08-17T02:45:01.390+0000][6][gc,phases    ] GC(45)   Post Evacuate Collection Set: 1.4ms
[2021-08-17T02:45:01.390+0000][6][gc,phases    ] GC(45)   Other: 0.2ms
[2021-08-17T02:45:01.390+0000][6][gc,heap      ] GC(45) Eden regions: 367->0(367)
[2021-08-17T02:45:01.390+0000][6][gc,heap      ] GC(45) Survivor regions: 1->1(46)
[2021-08-17T02:45:01.390+0000][6][gc,heap      ] GC(45) Old regions: 110->111
[2021-08-17T02:45:01.390+0000][6][gc,heap      ] GC(45) Archive regions: 2->2
[2021-08-17T02:45:01.390+0000][6][gc,heap      ] GC(45) Humongous regions: 56->56
[2021-08-17T02:45:01.390+0000][6][gc,metaspace ] GC(45) Metaspace: 61861K(66152K)->61861K(66152K) NonClass: 53622K(56168K)->53622K(56168K) Class: 8238K(9984K)->8238K(9984K)
[2021-08-17T02:45:01.390+0000][6][gc           ] GC(45) Pause Young (Normal) (G1 Evacuation Pause) 533M->166M(718M) 3.051ms
[2021-08-17T02:45:01.390+0000][6][gc,cpu       ] GC(45) User=0.00s Sys=0.00s Real=0.00s
[2021-08-17T02:45:01.390+0000][6][safepoint    ] Safepoint "G1CollectForAllocation", Time since last: 151567174 ns, Reaching safepoint: 143099 ns, At safepoint: 3105835 ns, Total: 3248934 ns
[2021-08-17T02:45:01.525+0000][6][gc,start     ] GC(46) Pause Young (Normal) (G1 Evacuation Pause)
[2021-08-17T02:45:01.525+0000][6][gc,task      ] GC(46) Using 4 workers of 4 for evacuation
[2021-08-17T02:45:01.525+0000][6][gc,age       ] GC(46) Desired survivor size 24117248 bytes, new threshold 15 (max threshold 15)
[2021-08-17T02:45:01.529+0000][6][gc,age       ] GC(46) Age table with threshold 15 (max threshold 15)
[2021-08-17T02:45:01.529+0000][6][gc,age       ] GC(46) - age   1:        128 bytes,        128 total
[2021-08-17T02:45:01.529+0000][6][gc,age       ] GC(46) - age   4:     115240 bytes,     115368 total
[2021-08-17T02:45:01.529+0000][6][gc,age       ] GC(46) - age   7:       1200 bytes,     116568 total
[2021-08-17T02:45:01.529+0000][6][gc,age       ] GC(46) - age  10:       1408 bytes,     117976 total
[2021-08-17T02:45:01.529+0000][6][gc,age       ] GC(46) - age  11:         32 bytes,     118008 total
[2021-08-17T02:45:01.529+0000][6][gc,phases    ] GC(46)   Pre Evacuate Collection Set: 0.2ms
[2021-08-17T02:45:01.529+0000][6][gc,phases    ] GC(46)   Merge Heap Roots: 0.1ms
[2021-08-17T02:45:01.529+0000][6][gc,phases    ] GC(46)   Evacuate Collection Set: 1.5ms
[2021-08-17T02:45:01.529+0000][6][gc,phases    ] GC(46)   Post Evacuate Collection Set: 1.7ms
[2021-08-17T02:45:01.529+0000][6][gc,phases    ] GC(46)   Other: 0.2ms
[2021-08-17T02:45:01.529+0000][6][gc,heap      ] GC(46) Eden regions: 367->0(364)
[2021-08-17T02:45:01.529+0000][6][gc,heap      ] GC(46) Survivor regions: 1->1(46)
[2021-08-17T02:45:01.529+0000][6][gc,heap      ] GC(46) Old regions: 111->111
[2021-08-17T02:45:01.529+0000][6][gc,heap      ] GC(46) Archive regions: 2->2
[2021-08-17T02:45:01.529+0000][6][gc,heap      ] GC(46) Humongous regions: 59->59
[2021-08-17T02:45:01.529+0000][6][gc,metaspace ] GC(46) Metaspace: 61861K(66152K)->61861K(66152K) NonClass: 53622K(56168K)->53622K(56168K) Class: 8238K(9984K)->8238K(9984K)
[2021-08-17T02:45:01.529+0000][6][gc           ] GC(46) Pause Young (Normal) (G1 Evacuation Pause) 536M->169M(718M) 3.676ms
[2021-08-17T02:45:01.529+0000][6][gc,cpu       ] GC(46) User=0.01s Sys=0.00s Real=0.00s
[2021-08-17T02:45:01.529+0000][6][safepoint    ] Safepoint "G1CollectForAllocation", Time since last: 134570021 ns, Reaching safepoint: 108433 ns, At safepoint: 3730044 ns, Total: 3838477 ns
[2021-08-17T02:45:01.660+0000][6][gc,start     ] GC(47) Pause Young (Normal) (G1 Evacuation Pause)
[2021-08-17T02:45:01.660+0000][6][gc,task      ] GC(47) Using 4 workers of 4 for evacuation
[2021-08-17T02:45:01.660+0000][6][gc,age       ] GC(47) Desired survivor size 24117248 bytes, new threshold 15 (max threshold 15)
[2021-08-17T02:45:01.663+0000][6][gc,age       ] GC(47) Age table with threshold 15 (max threshold 15)
[2021-08-17T02:45:01.663+0000][6][gc,age       ] GC(47) - age   1:        160 bytes,        160 total
[2021-08-17T02:45:01.663+0000][6][gc,age       ] GC(47) - age   5:     115240 bytes,     115400 total
[2021-08-17T02:45:01.663+0000][6][gc,age       ] GC(47) - age   8:       1200 bytes,     116600 total
[2021-08-17T02:45:01.663+0000][6][gc,age       ] GC(47) - age  11:       1408 bytes,     118008 total
[2021-08-17T02:45:01.663+0000][6][gc,age       ] GC(47) - age  12:         32 bytes,     118040 total
[2021-08-17T02:45:01.663+0000][6][gc,phases    ] GC(47)   Pre Evacuate Collection Set: 0.2ms
[2021-08-17T02:45:01.663+0000][6][gc,phases    ] GC(47)   Merge Heap Roots: 0.2ms
[2021-08-17T02:45:01.663+0000][6][gc,phases    ] GC(47)   Evacuate Collection Set: 1.1ms
[2021-08-17T02:45:01.663+0000][6][gc,phases    ] GC(47)   Post Evacuate Collection Set: 1.4ms
[2021-08-17T02:45:01.663+0000][6][gc,phases    ] GC(47)   Other: 0.2ms
[2021-08-17T02:45:01.663+0000][6][gc,heap      ] GC(47) Eden regions: 364->0(364)
[2021-08-17T02:45:01.663+0000][6][gc,heap      ] GC(47) Survivor regions: 1->1(46)
[2021-08-17T02:45:01.663+0000][6][gc,heap      ] GC(47) Old regions: 111->111
[2021-08-17T02:45:01.663+0000][6][gc,heap      ] GC(47) Archive regions: 2->2
[2021-08-17T02:45:01.663+0000][6][gc,heap      ] GC(47) Humongous regions: 59->59
[2021-08-17T02:45:01.663+0000][6][gc,metaspace ] GC(47) Metaspace: 61861K(66152K)->61861K(66152K) NonClass: 53622K(56168K)->53622K(56168K) Class: 8238K(9984K)->8238K(9984K)
[2021-08-17T02:45:01.663+0000][6][gc           ] GC(47) Pause Young (Normal) (G1 Evacuation Pause) 533M->169M(718M) 3.174ms
[2021-08-17T02:45:01.663+0000][6][gc,cpu       ] GC(47) User=0.01s Sys=0.00s Real=0.01s
[2021-08-17T02:45:01.663+0000][6][safepoint    ] Safepoint "G1CollectForAllocation", Time since last: 130923952 ns, Reaching safepoint: 142492 ns, At safepoint: 3227639 ns, Total: 3370131 ns
[2021-08-17T02:45:01.793+0000][6][gc,start     ] GC(48) Pause Young (Normal) (G1 Evacuation Pause)
[2021-08-17T02:45:01.793+0000][6][gc,task      ] GC(48) Using 4 workers of 4 for evacuation
[2021-08-17T02:45:01.793+0000][6][gc,age       ] GC(48) Desired survivor size 24117248 bytes, new threshold 15 (max threshold 15)
[2021-08-17T02:45:01.796+0000][6][gc,age       ] GC(48) Age table with threshold 15 (max threshold 15)
[2021-08-17T02:45:01.796+0000][6][gc,age       ] GC(48) - age   6:     115240 bytes,     115240 total
[2021-08-17T02:45:01.796+0000][6][gc,age       ] GC(48) - age   9:       1200 bytes,     116440 total
[2021-08-17T02:45:01.796+0000][6][gc,age       ] GC(48) - age  12:       1408 bytes,     117848 total
[2021-08-17T02:45:01.796+0000][6][gc,age       ] GC(48) - age  13:         32 bytes,     117880 total
[2021-08-17T02:45:01.796+0000][6][gc,phases    ] GC(48)   Pre Evacuate Collection Set: 0.3ms
[2021-08-17T02:45:01.796+0000][6][gc,phases    ] GC(48)   Merge Heap Roots: 0.3ms
[2021-08-17T02:45:01.796+0000][6][gc,phases    ] GC(48)   Evacuate Collection Set: 1.2ms
[2021-08-17T02:45:01.796+0000][6][gc,phases    ] GC(48)   Post Evacuate Collection Set: 1.2ms
[2021-08-17T02:45:01.796+0000][6][gc,phases    ] GC(48)   Other: 0.2ms
[2021-08-17T02:45:01.796+0000][6][gc,heap      ] GC(48) Eden regions: 364->0(364)
[2021-08-17T02:45:01.796+0000][6][gc,heap      ] GC(48) Survivor regions: 1->1(46)
[2021-08-17T02:45:01.796+0000][6][gc,heap      ] GC(48) Old regions: 111->111
[2021-08-17T02:45:01.796+0000][6][gc,heap      ] GC(48) Archive regions: 2->2
[2021-08-17T02:45:01.796+0000][6][gc,heap      ] GC(48) Humongous regions: 59->59
[2021-08-17T02:45:01.796+0000][6][gc,metaspace ] GC(48) Metaspace: 61861K(66152K)->61861K(66152K) NonClass: 53622K(56168K)->53622K(56168K) Class: 8238K(9984K)->8238K(9984K)
[2021-08-17T02:45:01.796+0000][6][gc           ] GC(48) Pause Young (Normal) (G1 Evacuation Pause) 533M->169M(718M) 3.187ms
[2021-08-17T02:45:01.796+0000][6][gc,cpu       ] GC(48) User=0.00s Sys=0.00s Real=0.00s
[2021-08-17T02:45:01.796+0000][6][safepoint    ] Safepoint "G1CollectForAllocation", Time since last: 129610905 ns, Reaching safepoint: 116944 ns, At safepoint: 3240203 ns, Total: 3357147 ns
[2021-08-17T02:45:02.013+0000][6][safepoint    ] Safepoint "ICBufferFull", Time since last: 217092115 ns, Reaching safepoint: 250538 ns, At safepoint: 39871 ns, Total: 290409 ns
[2021-08-17T02:45:02.409+0000][6][gc,start     ] GC(49) Pause Young (Normal) (G1 Evacuation Pause)
[2021-08-17T02:45:02.409+0000][6][gc,task      ] GC(49) Using 4 workers of 4 for evacuation
[2021-08-17T02:45:02.409+0000][6][gc,age       ] GC(49) Desired survivor size 24117248 bytes, new threshold 15 (max threshold 15)
[2021-08-17T02:45:02.420+0000][6][gc,age       ] GC(49) Age table with threshold 15 (max threshold 15)
[2021-08-17T02:45:02.420+0000][6][gc,age       ] GC(49) - age   1:    4543320 bytes,    4543320 total
[2021-08-17T02:45:02.420+0000][6][gc,age       ] GC(49) - age   7:     114176 bytes,    4657496 total
[2021-08-17T02:45:02.420+0000][6][gc,age       ] GC(49) - age  10:       1200 bytes,    4658696 total
[2021-08-17T02:45:02.420+0000][6][gc,age       ] GC(49) - age  13:       1408 bytes,    4660104 total
[2021-08-17T02:45:02.420+0000][6][gc,phases    ] GC(49)   Pre Evacuate Collection Set: 0.4ms
[2021-08-17T02:45:02.420+0000][6][gc,phases    ] GC(49)   Merge Heap Roots: 0.2ms
[2021-08-17T02:45:02.420+0000][6][gc,phases    ] GC(49)   Evacuate Collection Set: 8.8ms
[2021-08-17T02:45:02.420+0000][6][gc,phases    ] GC(49)   Post Evacuate Collection Set: 1.2ms
[2021-08-17T02:45:02.420+0000][6][gc,phases    ] GC(49)   Other: 0.3ms
[2021-08-17T02:45:02.420+0000][6][gc,heap      ] GC(49) Eden regions: 364->0(348)
[2021-08-17T02:45:02.420+0000][6][gc,heap      ] GC(49) Survivor regions: 1->5(46)
[2021-08-17T02:45:02.420+0000][6][gc,heap      ] GC(49) Old regions: 111->111
[2021-08-17T02:45:02.420+0000][6][gc,heap      ] GC(49) Archive regions: 2->2
[2021-08-17T02:45:02.420+0000][6][gc,heap      ] GC(49) Humongous regions: 67->67
[2021-08-17T02:45:02.420+0000][6][gc,metaspace ] GC(49) Metaspace: 61977K(66152K)->61977K(66152K) NonClass: 53739K(56168K)->53739K(56168K) Class: 8238K(9984K)->8238K(9984K)
[2021-08-17T02:45:02.420+0000][6][gc           ] GC(49) Pause Young (Normal) (G1 Evacuation Pause) 541M->181M(718M) 10.819ms
[2021-08-17T02:45:02.420+0000][6][gc,cpu       ] GC(49) User=0.04s Sys=0.00s Real=0.01s
[2021-08-17T02:45:02.420+0000][6][safepoint    ] Safepoint "G1CollectForAllocation", Time since last: 395636599 ns, Reaching safepoint: 115421 ns, At safepoint: 10879375 ns, Total: 10994796 ns
[2021-08-17T02:45:03.396+0000][6][gc,start     ] GC(50) Pause Young (Normal) (G1 Evacuation Pause)
[2021-08-17T02:45:03.396+0000][6][gc,task      ] GC(50) Using 4 workers of 4 for evacuation
[2021-08-17T02:45:03.396+0000][6][gc,age       ] GC(50) Desired survivor size 23592960 bytes, new threshold 15 (max threshold 15)
[2021-08-17T02:45:03.419+0000][6][gc,age       ] GC(50) Age table with threshold 15 (max threshold 15)
[2021-08-17T02:45:03.419+0000][6][gc,age       ] GC(50) - age   1:    8544264 bytes,    8544264 total
[2021-08-17T02:45:03.419+0000][6][gc,age       ] GC(50) - age   2:    4306704 bytes,   12850968 total
[2021-08-17T02:45:03.419+0000][6][gc,age       ] GC(50) - age   8:     114176 bytes,   12965144 total
[2021-08-17T02:45:03.419+0000][6][gc,age       ] GC(50) - age  11:        120 bytes,   12965264 total
[2021-08-17T02:45:03.419+0000][6][gc,age       ] GC(50) - age  14:       1408 bytes,   12966672 total
[2021-08-17T02:45:03.420+0000][6][gc,phases    ] GC(50)   Pre Evacuate Collection Set: 0.4ms
[2021-08-17T02:45:03.420+0000][6][gc,phases    ] GC(50)   Merge Heap Roots: 0.2ms
[2021-08-17T02:45:03.420+0000][6][gc,phases    ] GC(50)   Evacuate Collection Set: 21.1ms
[2021-08-17T02:45:03.420+0000][6][gc,phases    ] GC(50)   Post Evacuate Collection Set: 1.6ms
[2021-08-17T02:45:03.420+0000][6][gc,phases    ] GC(50)   Other: 0.3ms
[2021-08-17T02:45:03.420+0000][6][gc,heap      ] GC(50) Eden regions: 348->0(331)
[2021-08-17T02:45:03.420+0000][6][gc,heap      ] GC(50) Survivor regions: 5->13(45)
[2021-08-17T02:45:03.420+0000][6][gc,heap      ] GC(50) Old regions: 111->111
[2021-08-17T02:45:03.420+0000][6][gc,heap      ] GC(50) Archive regions: 2->2
[2021-08-17T02:45:03.420+0000][6][gc,heap      ] GC(50) Humongous regions: 69->68
[2021-08-17T02:45:03.420+0000][6][gc,metaspace ] GC(50) Metaspace: 61993K(66152K)->61993K(66152K) NonClass: 53754K(56168K)->53754K(56168K) Class: 8238K(9984K)->8238K(9984K)
[2021-08-17T02:45:03.420+0000][6][gc           ] GC(50) Pause Young (Normal) (G1 Evacuation Pause) 531M->190M(718M) 23.684ms
[2021-08-17T02:45:03.420+0000][6][gc,cpu       ] GC(50) User=0.09s Sys=0.00s Real=0.02s
[2021-08-17T02:45:03.420+0000][6][safepoint    ] Safepoint "G1CollectForAllocation", Time since last: 975760444 ns, Reaching safepoint: 128927 ns, At safepoint: 23768364 ns, Total: 23897291 ns
[2021-08-17T02:45:04.087+0000][6][safepoint    ] Safepoint "ICBufferFull", Time since last: 666311416 ns, Reaching safepoint: 507564 ns, At safepoint: 58588 ns, Total: 566152 ns
[2021-08-17T02:45:04.111+0000][6][safepoint    ] Safepoint "BulkRevokeBias", Time since last: 23681043 ns, Reaching safepoint: 123910 ns, At safepoint: 157803 ns, Total: 281713 ns
[2021-08-17T02:45:04.216+0000][6][safepoint    ] Safepoint "ICBufferFull", Time since last: 105399912 ns, Reaching safepoint: 349644 ns, At safepoint: 24947 ns, Total: 374591 ns
[2021-08-17T02:45:05.561+0000][6][safepoint    ] Safepoint "Cleanup", Time since last: 1344410228 ns, Reaching safepoint: 353133 ns, At safepoint: 59657 ns, Total: 412790 ns
[2021-08-17T02:45:06.040+0000][6][safepoint    ] Safepoint "BulkRevokeBias", Time since last: 478210547 ns, Reaching safepoint: 495932 ns, At safepoint: 404194 ns, Total: 900126 ns
[2021-08-17T02:45:07.140+0000][6][safepoint    ] Safepoint "Cleanup", Time since last: 1099389131 ns, Reaching safepoint: 350846 ns, At safepoint: 7707 ns, Total: 358553 ns
[2021-08-17T02:45:09.063+0000][6][safepoint    ] Safepoint "Cleanup", Time since last: 1922443386 ns, Reaching safepoint: 382248 ns, At safepoint: 10183 ns, Total: 392431 ns
[2021-08-17T02:45:10.563+0000][6][safepoint    ] Safepoint "Cleanup", Time since last: 1500233009 ns, Reaching safepoint: 274691 ns, At safepoint: 7094 ns, Total: 281785 ns
[2021-08-17T02:45:11.564+0000][6][safepoint    ] Safepoint "Cleanup", Time since last: 1000353368 ns, Reaching safepoint: 131165 ns, At safepoint: 7565 ns, Total: 138730 ns
[2021-08-17T02:45:12.565+0000][6][safepoint    ] Safepoint "Cleanup", Time since last: 1000916841 ns, Reaching safepoint: 173398 ns, At safepoint: 7469 ns, Total: 180867 ns
[2021-08-17T02:45:14.067+0000][6][safepoint    ] Safepoint "Cleanup", Time since last: 1501538575 ns, Reaching safepoint: 323155 ns, At safepoint: 34718 ns, Total: 357873 ns
[2021-08-17T02:45:15.572+0000][6][safepoint    ] Safepoint "Cleanup", Time since last: 1504702936 ns, Reaching safepoint: 399976 ns, At safepoint: 34104 ns, Total: 434080 ns
[2021-08-17T02:45:16.576+0000][6][safepoint    ] Safepoint "Cleanup", Time since last: 1003448819 ns, Reaching safepoint: 176299 ns, At safepoint: 7684 ns, Total: 183983 ns
[2021-08-17T02:45:18.077+0000][6][safepoint    ] Safepoint "Cleanup", Time since last: 1500904485 ns, Reaching safepoint: 145055 ns, At safepoint: 6515 ns, Total: 151570 ns
[2021-08-17T02:45:20.580+0000][6][safepoint    ] Safepoint "BulkRevokeBias", Time since last: 2502749798 ns, Reaching safepoint: 171710 ns, At safepoint: 691656 ns, Total: 863366 ns
[2021-08-17T02:45:21.582+0000][6][safepoint    ] Safepoint "Cleanup", Time since last: 1001548356 ns, Reaching safepoint: 184015 ns, At safepoint: 7761 ns, Total: 191776 ns
[2021-08-17T02:45:23.081+0000][6][safepoint    ] Safepoint "Cleanup", Time since last: 1498999156 ns, Reaching safepoint: 355747 ns, At safepoint: 34365 ns, Total: 390112 ns
[2021-08-17T02:45:25.583+0000][6][safepoint    ] Safepoint "Cleanup", Time since last: 2501730671 ns, Reaching safepoint: 292169 ns, At safepoint: 33365 ns, Total: 325534 ns
[2021-08-17T02:45:26.987+0000][6][safepoint    ] Safepoint "Cleanup", Time since last: 1402568177 ns, Reaching safepoint: 452808 ns, At safepoint: 59522 ns, Total: 512330 ns
[2021-08-17T02:45:27.993+0000][6][safepoint    ] Safepoint "Cleanup", Time since last: 1005788690 ns, Reaching safepoint: 196354 ns, At safepoint: 7308 ns, Total: 203662 ns
[2021-08-17T02:45:29.084+0000][6][safepoint    ] Safepoint "Cleanup", Time since last: 1091504673 ns, Reaching safepoint: 241973 ns, At safepoint: 14831 ns, Total: 256804 ns
[2021-08-17T02:45:30.589+0000][6][safepoint    ] Safepoint "Cleanup", Time since last: 1504806718 ns, Reaching safepoint: 78036 ns, At safepoint: 4149 ns, Total: 82185 ns
[2021-08-17T02:45:31.591+0000][6][safepoint    ] Safepoint "Cleanup", Time since last: 1001460644 ns, Reaching safepoint: 182630 ns, At safepoint: 7451 ns, Total: 190081 ns
[2021-08-17T02:45:32.594+0000][6][safepoint    ] Safepoint "Cleanup", Time since last: 1003478538 ns, Reaching safepoint: 174470 ns, At safepoint: 7887 ns, Total: 182357 ns
[2021-08-17T02:45:34.031+0000][6][safepoint    ] Safepoint "Cleanup", Time since last: 1436373372 ns, Reaching safepoint: 173383 ns, At safepoint: 48030 ns, Total: 221413 ns
[2021-08-17T02:45:35.056+0000][6][safepoint    ] Safepoint "Cleanup", Time since last: 1024198283 ns, Reaching safepoint: 247849 ns, At safepoint: 8106 ns, Total: 255955 ns
[2021-08-17T02:45:36.606+0000][6][safepoint    ] Safepoint "Cleanup", Time since last: 1550727518 ns, Reaching safepoint: 231350 ns, At safepoint: 8500 ns, Total: 239850 ns
[2021-08-17T02:45:38.103+0000][6][gc,start     ] GC(51) Pause Young (Normal) (G1 Evacuation Pause)
[2021-08-17T02:45:38.103+0000][6][gc,task      ] GC(51) Using 4 workers of 4 for evacuation
[2021-08-17T02:45:38.103+0000][6][gc,age       ] GC(51) Desired survivor size 22544384 bytes, new threshold 15 (max threshold 15)
[2021-08-17T02:45:38.123+0000][6][gc,age       ] GC(51) Age table with threshold 15 (max threshold 15)
[2021-08-17T02:45:38.123+0000][6][gc,age       ] GC(51) - age   1:    9639424 bytes,    9639424 total
[2021-08-17T02:45:38.123+0000][6][gc,age       ] GC(51) - age   2:    8317152 bytes,   17956576 total
[2021-08-17T02:45:38.123+0000][6][gc,age       ] GC(51) - age   3:    4212136 bytes,   22168712 total
[2021-08-17T02:45:38.123+0000][6][gc,age       ] GC(51) - age   9:      47032 bytes,   22215744 total
[2021-08-17T02:45:38.123+0000][6][gc,age       ] GC(51) - age  12:         88 bytes,   22215832 total
[2021-08-17T02:45:38.123+0000][6][gc,age       ] GC(51) - age  15:       1136 bytes,   22216968 total
[2021-08-17T02:45:38.123+0000][6][gc,phases    ] GC(51)   Pre Evacuate Collection Set: 0.3ms
[2021-08-17T02:45:38.123+0000][6][gc,phases    ] GC(51)   Merge Heap Roots: 0.1ms
[2021-08-17T02:45:38.123+0000][6][gc,phases    ] GC(51)   Evacuate Collection Set: 18.0ms
[2021-08-17T02:45:38.123+0000][6][gc,phases    ] GC(51)   Post Evacuate Collection Set: 1.7ms
[2021-08-17T02:45:38.123+0000][6][gc,phases    ] GC(51)   Other: 0.2ms
[2021-08-17T02:45:38.123+0000][6][gc,heap      ] GC(51) Eden regions: 331->0(308)
[2021-08-17T02:45:38.123+0000][6][gc,heap      ] GC(51) Survivor regions: 13->22(43)
[2021-08-17T02:45:38.123+0000][6][gc,heap      ] GC(51) Old regions: 111->111
[2021-08-17T02:45:38.123+0000][6][gc,heap      ] GC(51) Archive regions: 2->2
[2021-08-17T02:45:38.123+0000][6][gc,heap      ] GC(51) Humongous regions: 75->73
[2021-08-17T02:45:38.123+0000][6][gc,metaspace ] GC(51) Metaspace: 65531K(69864K)->65531K(69864K) NonClass: 56819K(59240K)->56819K(59240K) Class: 8711K(10624K)->8711K(10624K)
[2021-08-17T02:45:38.123+0000][6][gc           ] GC(51) Pause Young (Normal) (G1 Evacuation Pause) 528M->204M(718M) 20.355ms
[2021-08-17T02:45:38.123+0000][6][gc,cpu       ] GC(51) User=0.06s Sys=0.01s Real=0.02s
[2021-08-17T02:45:38.123+0000][6][safepoint    ] Safepoint "G1CollectForAllocation", Time since last: 1496253419 ns, Reaching safepoint: 178842 ns, At safepoint: 20453433 ns, Total: 20632275 ns
[2021-08-17T02:45:40.608+0000][6][safepoint    ] Safepoint "Cleanup", Time since last: 2484417142 ns, Reaching safepoint: 153641 ns, At safepoint: 35699 ns, Total: 189340 ns
[2021-08-17T02:45:43.111+0000][6][safepoint    ] Safepoint "Cleanup", Time since last: 2502506117 ns, Reaching safepoint: 258669 ns, At safepoint: 26480 ns, Total: 285149 ns
[2021-08-17T02:45:44.112+0000][6][safepoint    ] Safepoint "Cleanup", Time since last: 1000713104 ns, Reaching safepoint: 220487 ns, At safepoint: 9451 ns, Total: 229938 ns
[2021-08-17T02:45:45.615+0000][6][safepoint    ] Safepoint "Cleanup", Time since last: 1502778591 ns, Reaching safepoint: 276233 ns, At safepoint: 8281 ns, Total: 284514 ns
[2021-08-17T02:45:47.618+0000][6][safepoint    ] Safepoint "Cleanup", Time since last: 2003247771 ns, Reaching safepoint: 157876 ns, At safepoint: 8848 ns, Total: 166724 ns
[2021-08-17T02:45:49.117+0000][6][safepoint    ] Safepoint "Cleanup", Time since last: 1498821344 ns, Reaching safepoint: 184907 ns, At safepoint: 11678 ns, Total: 196585 ns
[2021-08-17T02:45:50.630+0000][6][safepoint    ] Safepoint "Cleanup", Time since last: 1512258423 ns, Reaching safepoint: 111948 ns, At safepoint: 6430 ns, Total: 118378 ns
[2021-08-17T02:45:52.532+0000][6][safepoint    ] Safepoint "Cleanup", Time since last: 1902091671 ns, Reaching safepoint: 178334 ns, At safepoint: 8828 ns, Total: 187162 ns
[2021-08-17T02:45:54.153+0000][6][safepoint    ] Safepoint "Cleanup", Time since last: 1620677932 ns, Reaching safepoint: 168275 ns, At safepoint: 8525 ns, Total: 176800 ns
[2021-08-17T02:45:55.642+0000][6][safepoint    ] Safepoint "Cleanup", Time since last: 1489310554 ns, Reaching safepoint: 343994 ns, At safepoint: 8050 ns, Total: 352044 ns
[2021-08-17T02:45:56.646+0000][6][safepoint    ] Safepoint "Cleanup", Time since last: 1003578740 ns, Reaching safepoint: 161821 ns, At safepoint: 8563 ns, Total: 170384 ns
[2021-08-17T02:45:57.649+0000][6][safepoint    ] Safepoint "Cleanup", Time since last: 1003158242 ns, Reaching safepoint: 172888 ns, At safepoint: 7634 ns, Total: 180522 ns
[2021-08-17T02:45:59.151+0000][6][safepoint    ] Safepoint "Cleanup", Time since last: 1501306311 ns, Reaching safepoint: 149937 ns, At safepoint: 7470 ns, Total: 157407 ns
[2021-08-17T02:46:00.651+0000][6][safepoint    ] Safepoint "Cleanup", Time since last: 1499860878 ns, Reaching safepoint: 123455 ns, At safepoint: 6159 ns, Total: 129614 ns
[2021-08-17T02:46:01.652+0000][6][safepoint    ] Safepoint "Cleanup", Time since last: 1000690411 ns, Reaching safepoint: 210815 ns, At safepoint: 10472 ns, Total: 221287 ns
[2021-08-17T02:46:03.151+0000][6][safepoint    ] Safepoint "Cleanup", Time since last: 1499417587 ns, Reaching safepoint: 92767 ns, At safepoint: 20081 ns, Total: 112848 ns
[2021-08-17T02:46:04.154+0000][6][safepoint    ] Safepoint "Cleanup", Time since last: 1002657257 ns, Reaching safepoint: 229403 ns, At safepoint: 66713 ns, Total: 296116 ns
[2021-08-17T02:46:09.165+0000][6][safepoint    ] Safepoint "Cleanup", Time since last: 5010116009 ns, Reaching safepoint: 226915 ns, At safepoint: 8990 ns, Total: 235905 ns
[2021-08-17T02:46:10.671+0000][6][safepoint    ] Safepoint "Cleanup", Time since last: 1505999122 ns, Reaching safepoint: 221434 ns, At safepoint: 6573 ns, Total: 228007 ns
[2021-08-17T02:46:15.682+0000][6][safepoint    ] Safepoint "Cleanup", Time since last: 5011198687 ns, Reaching safepoint: 166038 ns, At safepoint: 40783 ns, Total: 206821 ns
[2021-08-17T02:46:18.197+0000][6][safepoint    ] Safepoint "Cleanup", Time since last: 2514530334 ns, Reaching safepoint: 124605 ns, At safepoint: 8372 ns, Total: 132977 ns
[2021-08-17T02:46:20.701+0000][6][safepoint    ] Safepoint "Cleanup", Time since last: 2504275933 ns, Reaching safepoint: 158029 ns, At safepoint: 31046 ns, Total: 189075 ns
[2021-08-17T02:46:21.713+0000][6][safepoint    ] Safepoint "Cleanup", Time since last: 1011481373 ns, Reaching safepoint: 160184 ns, At safepoint: 8061 ns, Total: 168245 ns
[2021-08-17T02:46:22.715+0000][6][safepoint    ] Safepoint "Cleanup", Time since last: 1002189528 ns, Reaching safepoint: 183592 ns, At safepoint: 9245 ns, Total: 192837 ns
[2021-08-17T02:46:24.214+0000][6][safepoint    ] Safepoint "Cleanup", Time since last: 1498797923 ns, Reaching safepoint: 202104 ns, At safepoint: 9243 ns, Total: 211347 ns
[2021-08-17T02:46:25.219+0000][6][safepoint    ] Safepoint "Cleanup", Time since last: 1003914263 ns, Reaching safepoint: 175160 ns, At safepoint: 7568 ns, Total: 182728 ns
[2021-08-17T02:46:26.723+0000][6][safepoint    ] Safepoint "Cleanup", Time since last: 1503991440 ns, Reaching safepoint: 207479 ns, At safepoint: 8862 ns, Total: 216341 ns
[2021-08-17T02:46:27.726+0000][6][safepoint    ] Safepoint "Cleanup", Time since last: 1002589306 ns, Reaching safepoint: 217325 ns, At safepoint: 10177 ns, Total: 227502 ns
[2021-08-17T02:46:30.230+0000][6][safepoint    ] Safepoint "Cleanup", Time since last: 2504011785 ns, Reaching safepoint: 151105 ns, At safepoint: 7097 ns, Total: 158202 ns
[2021-08-17T02:46:31.730+0000][6][safepoint    ] Safepoint "Cleanup", Time since last: 1500435628 ns, Reaching safepoint: 121870 ns, At safepoint: 4783 ns, Total: 126653 ns
[2021-08-17T02:46:33.234+0000][6][safepoint    ] Safepoint "BulkRevokeBias", Time since last: 1502930833 ns, Reaching safepoint: 627426 ns, At safepoint: 487146 ns, Total: 1114572 ns
[2021-08-17T02:46:34.235+0000][6][safepoint    ] Safepoint "Cleanup", Time since last: 1000905322 ns, Reaching safepoint: 207162 ns, At safepoint: 8080 ns, Total: 215242 ns
[2021-08-17T02:46:38.238+0000][6][safepoint    ] Safepoint "Cleanup", Time since last: 4001831486 ns, Reaching safepoint: 201349 ns, At safepoint: 71331 ns, Total: 272680 ns
[2021-08-17T02:46:40.743+0000][6][safepoint    ] Safepoint "Cleanup", Time since last: 2505197748 ns, Reaching safepoint: 263468 ns, At safepoint: 37862 ns, Total: 301330 ns
[2021-08-17T02:46:43.244+0000][6][safepoint    ] Safepoint "Cleanup", Time since last: 2500317630 ns, Reaching safepoint: 198516 ns, At safepoint: 23400 ns, Total: 221916 ns
[2021-08-17T02:46:45.249+0000][6][safepoint    ] Safepoint "Cleanup", Time since last: 2004962072 ns, Reaching safepoint: 131194 ns, At safepoint: 9278 ns, Total: 140472 ns
[2021-08-17T02:46:48.252+0000][6][safepoint    ] Safepoint "Cleanup", Time since last: 3003328017 ns, Reaching safepoint: 122870 ns, At safepoint: 10209 ns, Total: 133079 ns
[2021-08-17T02:46:50.757+0000][6][safepoint    ] Safepoint "Cleanup", Time since last: 2504183913 ns, Reaching safepoint: 285866 ns, At safepoint: 33660 ns, Total: 319526 ns
[2021-08-17T02:46:53.257+0000][6][safepoint    ] Safepoint "Cleanup", Time since last: 2499845287 ns, Reaching safepoint: 95699 ns, At safepoint: 60531 ns, Total: 156230 ns
[2021-08-17T02:46:55.761+0000][6][safepoint    ] Safepoint "Cleanup", Time since last: 2504425858 ns, Reaching safepoint: 169252 ns, At safepoint: 6675 ns, Total: 175927 ns
[2021-08-17T02:46:57.358+0000][6][safepoint    ] Safepoint "Cleanup", Time since last: 1596213390 ns, Reaching safepoint: 173939 ns, At safepoint: 7752 ns, Total: 181691 ns
[2021-08-17T02:46:59.270+0000][6][safepoint    ] Safepoint "Cleanup", Time since last: 1911726247 ns, Reaching safepoint: 186069 ns, At safepoint: 7871 ns, Total: 193940 ns
[2021-08-17T02:47:03.282+0000][6][safepoint    ] Safepoint "Cleanup", Time since last: 4011811094 ns, Reaching safepoint: 409890 ns, At safepoint: 50109 ns, Total: 459999 ns
[2021-08-17T02:47:04.291+0000][6][safepoint    ] Safepoint "Cleanup", Time since last: 1008333162 ns, Reaching safepoint: 271534 ns, At safepoint: 11189 ns, Total: 282723 ns
[2021-08-17T02:47:05.292+0000][6][safepoint    ] Safepoint "Cleanup", Time since last: 1000976100 ns, Reaching safepoint: 186799 ns, At safepoint: 9001 ns, Total: 195800 ns
[2021-08-17T02:47:06.804+0000][6][safepoint    ] Safepoint "Cleanup", Time since last: 1511809134 ns, Reaching safepoint: 289722 ns, At safepoint: 12174 ns, Total: 301896 ns
[2021-08-17T02:47:08.291+0000][6][safepoint    ] Safepoint "Cleanup", Time since last: 1486684035 ns, Reaching safepoint: 94090 ns, At safepoint: 23402 ns, Total: 117492 ns
[2021-08-17T02:47:09.304+0000][6][safepoint    ] Safepoint "Cleanup", Time since last: 1013395327 ns, Reaching safepoint: 174452 ns, At safepoint: 99565 ns, Total: 274017 ns
[2021-08-17T02:47:10.806+0000][6][safepoint    ] Safepoint "Cleanup", Time since last: 1501966365 ns, Reaching safepoint: 219787 ns, At safepoint: 41230 ns, Total: 261017 ns
[2021-08-17T02:47:11.820+0000][6][safepoint    ] Safepoint "Cleanup", Time since last: 1012910220 ns, Reaching safepoint: 302307 ns, At safepoint: 11350 ns, Total: 313657 ns
[2021-08-17T02:47:13.317+0000][6][safepoint    ] Safepoint "Cleanup", Time since last: 1497421264 ns, Reaching safepoint: 96466 ns, At safepoint: 40993 ns, Total: 137459 ns
[2021-08-17T02:47:14.333+0000][6][safepoint    ] Safepoint "Cleanup", Time since last: 1015280983 ns, Reaching safepoint: 255494 ns, At safepoint: 10697 ns, Total: 266191 ns
[2021-08-17T02:47:15.341+0000][6][safepoint    ] Safepoint "Cleanup", Time since last: 1007635485 ns, Reaching safepoint: 259408 ns, At safepoint: 17078 ns, Total: 276486 ns
[2021-08-17T02:47:26.839+0000][6][safepoint    ] Safepoint "Cleanup", Time since last: 11498031769 ns, Reaching safepoint: 197249 ns, At safepoint: 31893 ns, Total: 229142 ns
[2021-08-17T02:47:33.345+0000][6][safepoint    ] Safepoint "Cleanup", Time since last: 6505553877 ns, Reaching safepoint: 593704 ns, At safepoint: 30301 ns, Total: 624005 ns
[2021-08-17T02:47:34.346+0000][6][safepoint    ] Safepoint "Cleanup", Time since last: 1000428600 ns, Reaching safepoint: 198080 ns, At safepoint: 8141 ns, Total: 206221 ns
[2021-08-17T02:47:35.347+0000][6][safepoint    ] Safepoint "Cleanup", Time since last: 1000729663 ns, Reaching safepoint: 117463 ns, At safepoint: 6696 ns, Total: 124159 ns
[2021-08-17T02:47:36.852+0000][6][safepoint    ] Safepoint "Cleanup", Time since last: 1504939897 ns, Reaching safepoint: 125674 ns, At safepoint: 6409 ns, Total: 132083 ns
[2021-08-17T02:47:38.351+0000][6][safepoint    ] Safepoint "Cleanup", Time since last: 1498933308 ns, Reaching safepoint: 133898 ns, At safepoint: 6324 ns, Total: 140222 ns
[2021-08-17T02:47:40.352+0000][6][safepoint    ] Safepoint "Cleanup", Time since last: 2001338466 ns, Reaching safepoint: 316773 ns, At safepoint: 10221 ns, Total: 326994 ns
[2021-08-17T02:47:43.359+0000][6][safepoint    ] Safepoint "Cleanup", Time since last: 3005913219 ns, Reaching safepoint: 415576 ns, At safepoint: 58521 ns, Total: 474097 ns
[2021-08-17T02:47:45.865+0000][6][safepoint    ] Safepoint "BulkRevokeBias", Time since last: 2505844144 ns, Reaching safepoint: 409361 ns, At safepoint: 276023 ns, Total: 685384 ns
[2021-08-17T02:47:50.870+0000][6][safepoint    ] Safepoint "Cleanup", Time since last: 5004840926 ns, Reaching safepoint: 160912 ns, At safepoint: 45505 ns, Total: 206417 ns
[2021-08-17T02:47:51.872+0000][6][safepoint    ] Safepoint "Cleanup", Time since last: 1001223364 ns, Reaching safepoint: 224273 ns, At safepoint: 4444 ns, Total: 228717 ns
[2021-08-17T02:47:53.375+0000][6][safepoint    ] Safepoint "Cleanup", Time since last: 1502341463 ns, Reaching safepoint: 326529 ns, At safepoint: 59807 ns, Total: 386336 ns
[2021-08-17T02:47:54.378+0000][6][safepoint    ] Safepoint "Cleanup", Time since last: 1003329235 ns, Reaching safepoint: 153142 ns, At safepoint: 7443 ns, Total: 160585 ns
[2021-08-17T02:47:57.886+0000][6][safepoint    ] Safepoint "Cleanup", Time since last: 3507625945 ns, Reaching safepoint: 191731 ns, At safepoint: 6960 ns, Total: 198691 ns
[2021-08-17T02:47:59.388+0000][6][safepoint    ] Safepoint "Cleanup", Time since last: 1501509207 ns, Reaching safepoint: 185258 ns, At safepoint: 7900 ns, Total: 193158 ns
[2021-08-17T02:48:03.395+0000][6][safepoint    ] Safepoint "Cleanup", Time since last: 4007017374 ns, Reaching safepoint: 95317 ns, At safepoint: 6208 ns, Total: 101525 ns
[2021-08-17T02:48:04.396+0000][6][safepoint    ] Safepoint "Cleanup", Time since last: 1000689151 ns, Reaching safepoint: 136664 ns, At safepoint: 11417 ns, Total: 148081 ns
[2021-08-17T02:48:05.898+0000][6][safepoint    ] Safepoint "Cleanup", Time since last: 1502609794 ns, Reaching safepoint: 111308 ns, At safepoint: 5882 ns, Total: 117190 ns
[2021-08-17T02:48:10.906+0000][6][safepoint    ] Safepoint "Cleanup", Time since last: 5007729043 ns, Reaching safepoint: 251333 ns, At safepoint: 9739 ns, Total: 261072 ns
[2021-08-17T02:48:13.418+0000][6][safepoint    ] Safepoint "Cleanup", Time since last: 2511058537 ns, Reaching safepoint: 185440 ns, At safepoint: 7249 ns, Total: 192689 ns
[2021-08-17T02:48:23.456+0000][6][safepoint    ] Safepoint "Cleanup", Time since last: 10037804620 ns, Reaching safepoint: 153930 ns, At safepoint: 7063 ns, Total: 160993 ns
[2021-08-17T02:48:27.984+0000][6][safepoint    ] Safepoint "Cleanup", Time since last: 4528596825 ns, Reaching safepoint: 195837 ns, At safepoint: 11110 ns, Total: 206947 ns
[2021-08-17T02:48:29.491+0000][6][safepoint    ] Safepoint "Cleanup", Time since last: 1506572135 ns, Reaching safepoint: 280399 ns, At safepoint: 11427 ns, Total: 291826 ns
[2021-08-17T02:48:30.994+0000][6][safepoint    ] Safepoint "Cleanup", Time since last: 1502926704 ns, Reaching safepoint: 170153 ns, At safepoint: 29450 ns, Total: 199603 ns
[2021-08-17T02:48:32.004+0000][6][safepoint    ] Safepoint "Cleanup", Time since last: 1009100382 ns, Reaching safepoint: 168086 ns, At safepoint: 8385 ns, Total: 176471 ns
[2021-08-17T02:48:36.019+0000][6][safepoint    ] Safepoint "Cleanup", Time since last: 4014985455 ns, Reaching safepoint: 162624 ns, At safepoint: 6971 ns, Total: 169595 ns
[2021-08-17T02:48:38.534+0000][6][safepoint    ] Safepoint "Cleanup", Time since last: 2514774831 ns, Reaching safepoint: 115345 ns, At safepoint: 12170 ns, Total: 127515 ns
[2021-08-17T02:48:41.037+0000][6][safepoint    ] Safepoint "Cleanup", Time since last: 2503476553 ns, Reaching safepoint: 155032 ns, At safepoint: 34426 ns, Total: 189458 ns
[2021-08-17T02:48:46.066+0000][6][safepoint    ] Safepoint "Cleanup", Time since last: 5028003340 ns, Reaching safepoint: 221187 ns, At safepoint: 12941 ns, Total: 234128 ns
[2021-08-17T02:48:48.567+0000][6][safepoint    ] Safepoint "Cleanup", Time since last: 2500731055 ns, Reaching safepoint: 256157 ns, At safepoint: 7302 ns, Total: 263459 ns
[2021-08-17T02:48:58.582+0000][6][safepoint    ] Safepoint "BulkRevokeBias", Time since last: 10014615920 ns, Reaching safepoint: 119706 ns, At safepoint: 240388 ns, Total: 360094 ns
[2021-08-17T02:49:06.102+0000][6][safepoint    ] Safepoint "Cleanup", Time since last: 7520397725 ns, Reaching safepoint: 105819 ns, At safepoint: 8275 ns, Total: 114094 ns
[2021-08-17T02:49:08.608+0000][6][safepoint    ] Safepoint "Cleanup", Time since last: 2505887472 ns, Reaching safepoint: 129480 ns, At safepoint: 6145 ns, Total: 135625 ns
[2021-08-17T02:49:12.114+0000][6][safepoint    ] Safepoint "Cleanup", Time since last: 3505298824 ns, Reaching safepoint: 190746 ns, At safepoint: 7741 ns, Total: 198487 ns
[2021-08-17T02:49:18.640+0000][6][safepoint    ] Safepoint "Cleanup", Time since last: 6526594473 ns, Reaching safepoint: 211714 ns, At safepoint: 38498 ns, Total: 250212 ns
[2021-08-17T02:49:21.140+0000][6][safepoint    ] Safepoint "Cleanup", Time since last: 2499661572 ns, Reaching safepoint: 114166 ns, At safepoint: 32697 ns, Total: 146863 ns
[2021-08-17T02:49:27.165+0000][6][safepoint    ] Safepoint "Cleanup", Time since last: 6024232141 ns, Reaching safepoint: 251242 ns, At safepoint: 8777 ns, Total: 260019 ns
[2021-08-17T02:49:28.663+0000][6][safepoint    ] Safepoint "Cleanup", Time since last: 1498387887 ns, Reaching safepoint: 121429 ns, At safepoint: 5933 ns, Total: 127362 ns
[2021-08-17T02:49:31.165+0000][6][safepoint    ] Safepoint "Cleanup", Time since last: 2501946370 ns, Reaching safepoint: 97380 ns, At safepoint: 4251 ns, Total: 101631 ns
[2021-08-17T02:49:33.679+0000][6][safepoint    ] Safepoint "Cleanup", Time since last: 2513355204 ns, Reaching safepoint: 820352 ns, At safepoint: 9181 ns, Total: 829533 ns
[2021-08-17T02:49:34.690+0000][6][safepoint    ] Safepoint "Cleanup", Time since last: 1009874346 ns, Reaching safepoint: 195177 ns, At safepoint: 10336 ns, Total: 205513 ns
[2021-08-17T02:49:35.705+0000][6][safepoint    ] Safepoint "Cleanup", Time since last: 1014874603 ns, Reaching safepoint: 320373 ns, At safepoint: 18561 ns, Total: 338934 ns
[2021-08-17T02:49:37.204+0000][6][safepoint    ] Safepoint "Cleanup", Time since last: 1498955122 ns, Reaching safepoint: 259054 ns, At safepoint: 8806 ns, Total: 267860 ns
[2021-08-17T02:49:38.704+0000][6][safepoint    ] Safepoint "Cleanup", Time since last: 1500338887 ns, Reaching safepoint: 171470 ns, At safepoint: 7767 ns, Total: 179237 ns
[2021-08-17T02:49:41.206+0000][6][safepoint    ] Safepoint "Cleanup", Time since last: 2501065307 ns, Reaching safepoint: 90105 ns, At safepoint: 9889 ns, Total: 99994 ns
[2021-08-17T02:49:48.736+0000][6][safepoint    ] Safepoint "Cleanup", Time since last: 7530248341 ns, Reaching safepoint: 79581 ns, At safepoint: 6696 ns, Total: 86277 ns
[2021-08-17T02:49:51.243+0000][6][safepoint    ] Safepoint "Cleanup", Time since last: 2506158381 ns, Reaching safepoint: 548759 ns, At safepoint: 40866 ns, Total: 589625 ns
[2021-08-17T02:49:52.841+0000][6][safepoint    ] Safepoint "Cleanup", Time since last: 1597989218 ns, Reaching safepoint: 121823 ns, At safepoint: 4398 ns, Total: 126221 ns
[2021-08-17T02:49:54.745+0000][6][safepoint    ] Safepoint "Cleanup", Time since last: 1903549257 ns, Reaching safepoint: 243423 ns, At safepoint: 7334 ns, Total: 250757 ns
[2021-08-17T02:49:56.251+0000][6][safepoint    ] Safepoint "Cleanup", Time since last: 1506593544 ns, Reaching safepoint: 163332 ns, At safepoint: 7407 ns, Total: 170739 ns
[2021-08-17T02:49:57.399+0000][6][safepoint    ] Safepoint "Cleanup", Time since last: 1147689433 ns, Reaching safepoint: 324286 ns, At safepoint: 9828 ns, Total: 334114 ns
[2021-08-17T02:50:01.259+0000][6][safepoint    ] Safepoint "Cleanup", Time since last: 3859511638 ns, Reaching safepoint: 184265 ns, At safepoint: 7924 ns, Total: 192189 ns
[2021-08-17T02:50:03.764+0000][6][safepoint    ] Safepoint "BulkRevokeBias", Time since last: 2504036361 ns, Reaching safepoint: 124727 ns, At safepoint: 229023 ns, Total: 353750 ns
[2021-08-17T02:50:04.766+0000][6][safepoint    ] Safepoint "Cleanup", Time since last: 1002507690 ns, Reaching safepoint: 155207 ns, At safepoint: 6924 ns, Total: 162131 ns
[2021-08-17T02:50:05.769+0000][6][safepoint    ] Safepoint "Cleanup", Time since last: 1002758276 ns, Reaching safepoint: 139992 ns, At safepoint: 4635 ns, Total: 144627 ns
[2021-08-17T02:50:06.233+0000][6][safepoint    ] Safepoint "BulkRevokeBias", Time since last: 463167046 ns, Reaching safepoint: 640154 ns, At safepoint: 298648 ns, Total: 938802 ns
[2021-08-17T02:50:06.236+0000][6][safepoint    ] Safepoint "BulkRevokeBias", Time since last: 1916036 ns, Reaching safepoint: 432103 ns, At safepoint: 357292 ns, Total: 789395 ns
[2021-08-17T02:50:07.264+0000][6][safepoint    ] Safepoint "Cleanup", Time since last: 1027672031 ns, Reaching safepoint: 445273 ns, At safepoint: 40067 ns, Total: 485340 ns
[2021-08-17T02:50:07.289+0000][6][safepoint    ] Safepoint "BulkRevokeBias", Time since last: 24331775 ns, Reaching safepoint: 299154 ns, At safepoint: 258725 ns, Total: 557879 ns
[2021-08-17T02:50:08.293+0000][6][safepoint    ] Safepoint "Cleanup", Time since last: 1003672459 ns, Reaching safepoint: 148554 ns, At safepoint: 4969 ns, Total: 153523 ns
[2021-08-17T02:50:09.296+0000][6][safepoint    ] Safepoint "Cleanup", Time since last: 1002912326 ns, Reaching safepoint: 225259 ns, At safepoint: 9606 ns, Total: 234865 ns
[2021-08-17T02:50:10.297+0000][6][safepoint    ] Safepoint "Cleanup", Time since last: 1000983391 ns, Reaching safepoint: 145022 ns, At safepoint: 5640 ns, Total: 150662 ns
[2021-08-17T02:50:11.299+0000][6][safepoint    ] Safepoint "Cleanup", Time since last: 1001843408 ns, Reaching safepoint: 236013 ns, At safepoint: 15224 ns, Total: 251237 ns
[2021-08-17T02:50:12.304+0000][6][safepoint    ] Safepoint "Cleanup", Time since last: 1004048439 ns, Reaching safepoint: 373687 ns, At safepoint: 37781 ns, Total: 411468 ns
[2021-08-17T02:50:13.304+0000][6][safepoint    ] Safepoint "Cleanup", Time since last: 1000382495 ns, Reaching safepoint: 197208 ns, At safepoint: 7749 ns, Total: 204957 ns
[2021-08-17T02:50:14.308+0000][6][safepoint    ] Safepoint "Cleanup", Time since last: 1003831327 ns, Reaching safepoint: 246111 ns, At safepoint: 50973 ns, Total: 297084 ns
[2021-08-17T02:50:15.311+0000][6][safepoint    ] Safepoint "Cleanup", Time since last: 1002453867 ns, Reaching safepoint: 454997 ns, At safepoint: 42884 ns, Total: 497881 ns
[2021-08-17T02:50:16.314+0000][6][safepoint    ] Safepoint "Cleanup", Time since last: 1002413440 ns, Reaching safepoint: 418965 ns, At safepoint: 39167 ns, Total: 458132 ns
[2021-08-17T02:50:17.317+0000][6][safepoint    ] Safepoint "Cleanup", Time since last: 1002654571 ns, Reaching safepoint: 146571 ns, At safepoint: 9526 ns, Total: 156097 ns
[2021-08-17T02:50:18.318+0000][6][safepoint    ] Safepoint "Cleanup", Time since last: 1000850167 ns, Reaching safepoint: 502637 ns, At safepoint: 42788 ns, Total: 545425 ns
[2021-08-17T02:50:19.319+0000][6][safepoint    ] Safepoint "Cleanup", Time since last: 1000345559 ns, Reaching safepoint: 213965 ns, At safepoint: 7675 ns, Total: 221640 ns
[2021-08-17T02:50:20.320+0000][6][safepoint    ] Safepoint "Cleanup", Time since last: 1001129102 ns, Reaching safepoint: 373024 ns, At safepoint: 18541 ns, Total: 391565 ns
[2021-08-17T02:50:21.322+0000][6][safepoint    ] Safepoint "Cleanup", Time since last: 1001633815 ns, Reaching safepoint: 216596 ns, At safepoint: 8078 ns, Total: 224674 ns
[2021-08-17T02:50:22.326+0000][6][safepoint    ] Safepoint "Cleanup", Time since last: 1003740423 ns, Reaching safepoint: 204519 ns, At safepoint: 12526 ns, Total: 217045 ns
[2021-08-17T02:50:23.329+0000][6][safepoint    ] Safepoint "Cleanup", Time since last: 1002531822 ns, Reaching safepoint: 154530 ns, At safepoint: 9597 ns, Total: 164127 ns
[2021-08-17T02:50:24.330+0000][6][safepoint    ] Safepoint "Cleanup", Time since last: 1001235516 ns, Reaching safepoint: 128171 ns, At safepoint: 8739 ns, Total: 136910 ns
[2021-08-17T02:50:25.333+0000][6][safepoint    ] Safepoint "Cleanup", Time since last: 1002245482 ns, Reaching safepoint: 662951 ns, At safepoint: 56050 ns, Total: 719001 ns
[2021-08-17T02:50:26.334+0000][6][safepoint    ] Safepoint "Cleanup", Time since last: 1000794540 ns, Reaching safepoint: 138078 ns, At safepoint: 10439 ns, Total: 148517 ns
[2021-08-17T02:50:27.339+0000][6][safepoint    ] Safepoint "Cleanup", Time since last: 1004261174 ns, Reaching safepoint: 446479 ns, At safepoint: 13847 ns, Total: 460326 ns
[2021-08-17T02:50:28.340+0000][6][safepoint    ] Safepoint "Cleanup", Time since last: 1000635364 ns, Reaching safepoint: 413223 ns, At safepoint: 9848 ns, Total: 423071 ns
[2021-08-17T02:50:29.342+0000][6][safepoint    ] Safepoint "Cleanup", Time since last: 1001407818 ns, Reaching safepoint: 106228 ns, At safepoint: 7054 ns, Total: 113282 ns
[2021-08-17T02:50:30.342+0000][6][safepoint    ] Safepoint "Cleanup", Time since last: 1000544197 ns, Reaching safepoint: 155797 ns, At safepoint: 6933 ns, Total: 162730 ns
[2021-08-17T02:50:31.345+0000][6][safepoint    ] Safepoint "Cleanup", Time since last: 1002195435 ns, Reaching safepoint: 135186 ns, At safepoint: 7956 ns, Total: 143142 ns
[2021-08-17T02:50:32.347+0000][6][safepoint    ] Safepoint "Cleanup", Time since last: 1001665059 ns, Reaching safepoint: 532221 ns, At safepoint: 12278 ns, Total: 544499 ns
[2021-08-17T02:50:33.353+0000][6][safepoint    ] Safepoint "Cleanup", Time since last: 1006445542 ns, Reaching safepoint: 146382 ns, At safepoint: 14970 ns, Total: 161352 ns
[2021-08-17T02:50:34.354+0000][6][safepoint    ] Safepoint "Cleanup", Time since last: 1000862353 ns, Reaching safepoint: 204374 ns, At safepoint: 8726 ns, Total: 213100 ns
[2021-08-17T02:50:35.357+0000][6][safepoint    ] Safepoint "Cleanup", Time since last: 1002288186 ns, Reaching safepoint: 138607 ns, At safepoint: 6614 ns, Total: 145221 ns
[2021-08-17T02:50:36.360+0000][6][safepoint    ] Safepoint "Cleanup", Time since last: 1002456853 ns, Reaching safepoint: 132652 ns, At safepoint: 8146 ns, Total: 140798 ns
[2021-08-17T02:50:37.361+0000][6][safepoint    ] Safepoint "Cleanup", Time since last: 1001517741 ns, Reaching safepoint: 435631 ns, At safepoint: 12677 ns, Total: 448308 ns
[2021-08-17T02:50:38.364+0000][6][safepoint    ] Safepoint "Cleanup", Time since last: 1002306486 ns, Reaching safepoint: 125369 ns, At safepoint: 8216 ns, Total: 133585 ns
[2021-08-17T02:50:39.365+0000][6][safepoint    ] Safepoint "Cleanup", Time since last: 1000893000 ns, Reaching safepoint: 126339 ns, At safepoint: 8049 ns, Total: 134388 ns
[2021-08-17T02:50:40.368+0000][6][safepoint    ] Safepoint "Cleanup", Time since last: 1001960232 ns, Reaching safepoint: 586286 ns, At safepoint: 11383 ns, Total: 597669 ns
[2021-08-17T02:50:41.368+0000][6][safepoint    ] Safepoint "Cleanup", Time since last: 1000762623 ns, Reaching safepoint: 147728 ns, At safepoint: 43538 ns, Total: 191266 ns
[2021-08-17T02:50:42.369+0000][6][safepoint    ] Safepoint "Cleanup", Time since last: 1000608989 ns, Reaching safepoint: 257717 ns, At safepoint: 12338 ns, Total: 270055 ns
[2021-08-17T02:50:43.374+0000][6][safepoint    ] Safepoint "Cleanup", Time since last: 1004203459 ns, Reaching safepoint: 385528 ns, At safepoint: 37637 ns, Total: 423165 ns
[2021-08-17T02:50:44.377+0000][6][safepoint    ] Safepoint "Cleanup", Time since last: 1002689355 ns, Reaching safepoint: 404556 ns, At safepoint: 39135 ns, Total: 443691 ns
[2021-08-17T02:50:45.378+0000][6][safepoint    ] Safepoint "Cleanup", Time since last: 1001234157 ns, Reaching safepoint: 155940 ns, At safepoint: 9387 ns, Total: 165327 ns
[2021-08-17T02:50:46.379+0000][6][safepoint    ] Safepoint "Cleanup", Time since last: 1000698713 ns, Reaching safepoint: 179094 ns, At safepoint: 39631 ns, Total: 218725 ns
[2021-08-17T02:50:47.383+0000][6][safepoint    ] Safepoint "Cleanup", Time since last: 1003624998 ns, Reaching safepoint: 214381 ns, At safepoint: 36851 ns, Total: 251232 ns
[2021-08-17T02:50:48.387+0000][6][safepoint    ] Safepoint "Cleanup", Time since last: 1003262582 ns, Reaching safepoint: 219379 ns, At safepoint: 38864 ns, Total: 258243 ns
[2021-08-17T02:50:49.388+0000][6][safepoint    ] Safepoint "Cleanup", Time since last: 1000819986 ns, Reaching safepoint: 431223 ns, At safepoint: 38154 ns, Total: 469377 ns
[2021-08-17T02:50:50.392+0000][6][safepoint    ] Safepoint "Cleanup", Time since last: 1003354123 ns, Reaching safepoint: 406211 ns, At safepoint: 37575 ns, Total: 443786 ns
[2021-08-17T02:50:51.393+0000][6][safepoint    ] Safepoint "Cleanup", Time since last: 1000989264 ns, Reaching safepoint: 258533 ns, At safepoint: 24412 ns, Total: 282945 ns
[2021-08-17T02:50:52.394+0000][6][safepoint    ] Safepoint "Cleanup", Time since last: 1000688190 ns, Reaching safepoint: 438025 ns, At safepoint: 49634 ns, Total: 487659 ns
[2021-08-17T02:50:53.396+0000][6][safepoint    ] Safepoint "Cleanup", Time since last: 1001272306 ns, Reaching safepoint: 471663 ns, At safepoint: 41004 ns, Total: 512667 ns
[2021-08-17T02:50:54.400+0000][6][safepoint    ] Safepoint "Cleanup", Time since last: 1003209229 ns, Reaching safepoint: 375647 ns, At safepoint: 68805 ns, Total: 444452 ns
[2021-08-17T02:50:55.402+0000][6][safepoint    ] Safepoint "Cleanup", Time since last: 1002463486 ns, Reaching safepoint: 189643 ns, At safepoint: 41752 ns, Total: 231395 ns
[2021-08-17T02:50:56.404+0000][6][safepoint    ] Safepoint "Cleanup", Time since last: 1001355722 ns, Reaching safepoint: 155673 ns, At safepoint: 28898 ns, Total: 184571 ns
[2021-08-17T02:50:57.405+0000][6][safepoint    ] Safepoint "Cleanup", Time since last: 1000470095 ns, Reaching safepoint: 208107 ns, At safepoint: 8282 ns, Total: 216389 ns
[2021-08-17T02:50:58.408+0000][6][safepoint    ] Safepoint "Cleanup", Time since last: 1003079191 ns, Reaching safepoint: 144015 ns, At safepoint: 5290 ns, Total: 149305 ns
[2021-08-17T02:50:59.411+0000][6][safepoint    ] Safepoint "Cleanup", Time since last: 1003139097 ns, Reaching safepoint: 132807 ns, At safepoint: 5322 ns, Total: 138129 ns
[2021-08-17T02:51:00.414+0000][6][safepoint    ] Safepoint "Cleanup", Time since last: 1002422745 ns, Reaching safepoint: 95355 ns, At safepoint: 4341 ns, Total: 99696 ns
[2021-08-17T02:51:01.417+0000][6][safepoint    ] Safepoint "Cleanup", Time since last: 1003101290 ns, Reaching safepoint: 260198 ns, At safepoint: 5115 ns, Total: 265313 ns
[2021-08-17T02:51:02.420+0000][6][safepoint    ] Safepoint "Cleanup", Time since last: 1002396069 ns, Reaching safepoint: 188283 ns, At safepoint: 8420 ns, Total: 196703 ns
[2021-08-17T02:51:03.422+0000][6][safepoint    ] Safepoint "Cleanup", Time since last: 1002671755 ns, Reaching safepoint: 108270 ns, At safepoint: 4421 ns, Total: 112691 ns
[2021-08-17T02:51:04.424+0000][6][safepoint    ] Safepoint "Cleanup", Time since last: 1001042009 ns, Reaching safepoint: 140261 ns, At safepoint: 8012 ns, Total: 148273 ns
[2021-08-17T02:51:05.428+0000][6][safepoint    ] Safepoint "Cleanup", Time since last: 1003741013 ns, Reaching safepoint: 190749 ns, At safepoint: 7793 ns, Total: 198542 ns
[2021-08-17T02:51:06.428+0000][6][safepoint    ] Safepoint "Cleanup", Time since last: 1000357302 ns, Reaching safepoint: 181030 ns, At safepoint: 8322 ns, Total: 189352 ns
[2021-08-17T02:51:07.432+0000][6][safepoint    ] Safepoint "Cleanup", Time since last: 1003425380 ns, Reaching safepoint: 321011 ns, At safepoint: 14142 ns, Total: 335153 ns
[2021-08-17T02:51:08.433+0000][6][safepoint    ] Safepoint "Cleanup", Time since last: 1000777877 ns, Reaching safepoint: 140252 ns, At safepoint: 8318 ns, Total: 148570 ns
[2021-08-17T02:51:09.437+0000][6][safepoint    ] Safepoint "Cleanup", Time since last: 1003841322 ns, Reaching safepoint: 238241 ns, At safepoint: 10428 ns, Total: 248669 ns
[2021-08-17T02:51:10.446+0000][6][safepoint    ] Safepoint "Cleanup", Time since last: 1009324975 ns, Reaching safepoint: 209967 ns, At safepoint: 12589 ns, Total: 222556 ns
[2021-08-17T02:51:11.447+0000][6][safepoint    ] Safepoint "Cleanup", Time since last: 1000827919 ns, Reaching safepoint: 171873 ns, At safepoint: 16039 ns, Total: 187912 ns
[2021-08-17T02:51:12.463+0000][6][safepoint    ] Safepoint "Cleanup", Time since last: 1015182313 ns, Reaching safepoint: 206928 ns, At safepoint: 9879 ns, Total: 216807 ns
[2021-08-17T02:51:13.468+0000][6][safepoint    ] Safepoint "Cleanup", Time since last: 1005021240 ns, Reaching safepoint: 251086 ns, At safepoint: 12126 ns, Total: 263212 ns
[2021-08-17T02:51:14.470+0000][6][safepoint    ] Safepoint "Cleanup", Time since last: 1002103787 ns, Reaching safepoint: 206675 ns, At safepoint: 9126 ns, Total: 215801 ns
[2021-08-17T02:51:15.473+0000][6][safepoint    ] Safepoint "Cleanup", Time since last: 1002357461 ns, Reaching safepoint: 224968 ns, At safepoint: 9747 ns, Total: 234715 ns
[2021-08-17T02:51:16.475+0000][6][safepoint    ] Safepoint "Cleanup", Time since last: 1001693504 ns, Reaching safepoint: 217398 ns, At safepoint: 8408 ns, Total: 225806 ns
[2021-08-17T02:51:17.477+0000][6][safepoint    ] Safepoint "Cleanup", Time since last: 1001301519 ns, Reaching safepoint: 223490 ns, At safepoint: 13918 ns, Total: 237408 ns
[2021-08-17T02:51:18.477+0000][6][safepoint    ] Safepoint "Cleanup", Time since last: 1000719532 ns, Reaching safepoint: 215641 ns, At safepoint: 9413 ns, Total: 225054 ns
[2021-08-17T02:51:19.482+0000][6][safepoint    ] Safepoint "Cleanup", Time since last: 1003858713 ns, Reaching safepoint: 182944 ns, At safepoint: 7340 ns, Total: 190284 ns
[2021-08-17T02:51:20.483+0000][6][safepoint    ] Safepoint "Cleanup", Time since last: 1001192784 ns, Reaching safepoint: 199120 ns, At safepoint: 7646 ns, Total: 206766 ns
[2021-08-17T02:51:21.485+0000][6][safepoint    ] Safepoint "Cleanup", Time since last: 1001383632 ns, Reaching safepoint: 191273 ns, At safepoint: 7905 ns, Total: 199178 ns
[2021-08-17T02:51:22.486+0000][6][safepoint    ] Safepoint "Cleanup", Time since last: 1001073800 ns, Reaching safepoint: 257322 ns, At safepoint: 11107 ns, Total: 268429 ns
[2021-08-17T02:51:23.490+0000][6][safepoint    ] Safepoint "Cleanup", Time since last: 1003496258 ns, Reaching safepoint: 186936 ns, At safepoint: 7603 ns, Total: 194539 ns
[2021-08-17T02:51:24.492+0000][6][safepoint    ] Safepoint "Cleanup", Time since last: 1002509568 ns, Reaching safepoint: 240251 ns, At safepoint: 10941 ns, Total: 251192 ns
[2021-08-17T02:51:25.493+0000][6][safepoint    ] Safepoint "Cleanup", Time since last: 1000318626 ns, Reaching safepoint: 359181 ns, At safepoint: 14564 ns, Total: 373745 ns
[2021-08-17T02:51:26.495+0000][6][safepoint    ] Safepoint "Cleanup", Time since last: 1001228725 ns, Reaching safepoint: 498858 ns, At safepoint: 15809 ns, Total: 514667 ns
[2021-08-17T02:51:27.496+0000][6][safepoint    ] Safepoint "Cleanup", Time since last: 1001229874 ns, Reaching safepoint: 160024 ns, At safepoint: 7273 ns, Total: 167297 ns
[2021-08-17T02:51:28.500+0000][6][safepoint    ] Safepoint "Cleanup", Time since last: 1003165656 ns, Reaching safepoint: 188014 ns, At safepoint: 7867 ns, Total: 195881 ns
[2021-08-17T02:51:29.504+0000][6][safepoint    ] Safepoint "Cleanup", Time since last: 1004045968 ns, Reaching safepoint: 250054 ns, At safepoint: 10899 ns, Total: 260953 ns
[2021-08-17T02:51:30.505+0000][6][safepoint    ] Safepoint "Cleanup", Time since last: 1000569942 ns, Reaching safepoint: 200726 ns, At safepoint: 36681 ns, Total: 237407 ns
[2021-08-17T02:51:31.508+0000][6][safepoint    ] Safepoint "Cleanup", Time since last: 1003433412 ns, Reaching safepoint: 246965 ns, At safepoint: 10550 ns, Total: 257515 ns
[2021-08-17T02:51:32.511+0000][6][safepoint    ] Safepoint "Cleanup", Time since last: 1002987829 ns, Reaching safepoint: 184871 ns, At safepoint: 7856 ns, Total: 192727 ns
[2021-08-17T02:51:33.515+0000][6][safepoint    ] Safepoint "Cleanup", Time since last: 1003458553 ns, Reaching safepoint: 161824 ns, At safepoint: 7426 ns, Total: 169250 ns
[2021-08-17T02:51:34.519+0000][6][safepoint    ] Safepoint "Cleanup", Time since last: 1003718467 ns, Reaching safepoint: 255504 ns, At safepoint: 9695 ns, Total: 265199 ns
[2021-08-17T02:51:35.521+0000][6][safepoint    ] Safepoint "Cleanup", Time since last: 1001293466 ns, Reaching safepoint: 142140 ns, At safepoint: 6595 ns, Total: 148735 ns
[2021-08-17T02:51:36.525+0000][6][safepoint    ] Safepoint "Cleanup", Time since last: 1004105838 ns, Reaching safepoint: 201970 ns, At safepoint: 7205 ns, Total: 209175 ns
[2021-08-17T02:51:37.528+0000][6][safepoint    ] Safepoint "Cleanup", Time since last: 1002457132 ns, Reaching safepoint: 223225 ns, At safepoint: 8549 ns, Total: 231774 ns
[2021-08-17T02:51:38.530+0000][6][safepoint    ] Safepoint "Cleanup", Time since last: 1001690281 ns, Reaching safepoint: 299415 ns, At safepoint: 17624 ns, Total: 317039 ns
[2021-08-17T02:51:39.530+0000][6][safepoint    ] Safepoint "Cleanup", Time since last: 1000510645 ns, Reaching safepoint: 165160 ns, At safepoint: 7135 ns, Total: 172295 ns
[2021-08-17T02:51:40.533+0000][6][safepoint    ] Safepoint "Cleanup", Time since last: 1002228971 ns, Reaching safepoint: 190227 ns, At safepoint: 7943 ns, Total: 198170 ns
[2021-08-17T02:51:41.537+0000][6][safepoint    ] Safepoint "Cleanup", Time since last: 1004141694 ns, Reaching safepoint: 198733 ns, At safepoint: 7596 ns, Total: 206329 ns
[2021-08-17T02:51:42.539+0000][6][safepoint    ] Safepoint "Cleanup", Time since last: 1001447366 ns, Reaching safepoint: 222093 ns, At safepoint: 11192 ns, Total: 233285 ns
[2021-08-17T02:51:43.543+0000][6][safepoint    ] Safepoint "Cleanup", Time since last: 1004177651 ns, Reaching safepoint: 228101 ns, At safepoint: 10794 ns, Total: 238895 ns
[2021-08-17T02:51:44.544+0000][6][safepoint    ] Safepoint "Cleanup", Time since last: 1000752008 ns, Reaching safepoint: 200363 ns, At safepoint: 8993 ns, Total: 209356 ns
[2021-08-17T02:51:45.545+0000][6][safepoint    ] Safepoint "Cleanup", Time since last: 1001014791 ns, Reaching safepoint: 312223 ns, At safepoint: 8007 ns, Total: 320230 ns
[2021-08-17T02:51:46.546+0000][6][safepoint    ] Safepoint "Cleanup", Time since last: 1000686464 ns, Reaching safepoint: 289100 ns, At safepoint: 9390 ns, Total: 298490 ns
[2021-08-17T02:51:47.547+0000][6][safepoint    ] Safepoint "Cleanup", Time since last: 1000562783 ns, Reaching safepoint: 253119 ns, At safepoint: 8146 ns, Total: 261265 ns
[2021-08-17T02:51:48.549+0000][6][safepoint    ] Safepoint "Cleanup", Time since last: 1001760487 ns, Reaching safepoint: 248182 ns, At safepoint: 7996 ns, Total: 256178 ns
[2021-08-17T02:51:49.553+0000][6][safepoint    ] Safepoint "Cleanup", Time since last: 1004041422 ns, Reaching safepoint: 201827 ns, At safepoint: 7771 ns, Total: 209598 ns
[2021-08-17T02:51:50.554+0000][6][safepoint    ] Safepoint "Cleanup", Time since last: 1000485086 ns, Reaching safepoint: 194223 ns, At safepoint: 7850 ns, Total: 202073 ns
[2021-08-17T02:51:51.556+0000][6][safepoint    ] Safepoint "Cleanup", Time since last: 1001544058 ns, Reaching safepoint: 188590 ns, At safepoint: 8263 ns, Total: 196853 ns
[2021-08-17T02:51:52.559+0000][6][safepoint    ] Safepoint "Cleanup", Time since last: 1003042347 ns, Reaching safepoint: 194138 ns, At safepoint: 7537 ns, Total: 201675 ns
[2021-08-17T02:51:53.563+0000][6][safepoint    ] Safepoint "Cleanup", Time since last: 1003883694 ns, Reaching safepoint: 225643 ns, At safepoint: 13888 ns, Total: 239531 ns
[2021-08-17T02:51:54.564+0000][6][safepoint    ] Safepoint "Cleanup", Time since last: 1000709621 ns, Reaching safepoint: 190194 ns, At safepoint: 7795 ns, Total: 197989 ns
[2021-08-17T02:51:55.566+0000][6][safepoint    ] Safepoint "Cleanup", Time since last: 1001894767 ns, Reaching safepoint: 191713 ns, At safepoint: 7569 ns, Total: 199282 ns
[2021-08-17T02:51:56.568+0000][6][safepoint    ] Safepoint "Cleanup", Time since last: 1001362063 ns, Reaching safepoint: 231577 ns, At safepoint: 11748 ns, Total: 243325 ns
[2021-08-17T02:51:57.569+0000][6][safepoint    ] Safepoint "Cleanup", Time since last: 1000785943 ns, Reaching safepoint: 205496 ns, At safepoint: 10230 ns, Total: 215726 ns
[2021-08-17T02:51:58.571+0000][6][safepoint    ] Safepoint "Cleanup", Time since last: 1001828135 ns, Reaching safepoint: 194723 ns, At safepoint: 8256 ns, Total: 202979 ns
[2021-08-17T02:51:59.572+0000][6][safepoint    ] Safepoint "Cleanup", Time since last: 1001009818 ns, Reaching safepoint: 199472 ns, At safepoint: 7422 ns, Total: 206894 ns
[2021-08-17T02:52:00.576+0000][6][safepoint    ] Safepoint "Cleanup", Time since last: 1004147718 ns, Reaching safepoint: 192962 ns, At safepoint: 7669 ns, Total: 200631 ns
[2021-08-17T02:52:01.581+0000][6][safepoint    ] Safepoint "Cleanup", Time since last: 1003764668 ns, Reaching safepoint: 236631 ns, At safepoint: 10770 ns, Total: 247401 ns
[2021-08-17T02:52:02.584+0000][6][safepoint    ] Safepoint "Cleanup", Time since last: 1002843339 ns, Reaching safepoint: 189759 ns, At safepoint: 7466 ns, Total: 197225 ns
[2021-08-17T02:52:03.586+0000][6][safepoint    ] Safepoint "Cleanup", Time since last: 1001945234 ns, Reaching safepoint: 172695 ns, At safepoint: 10255 ns, Total: 182950 ns
[2021-08-17T02:52:04.588+0000][6][safepoint    ] Safepoint "Cleanup", Time since last: 1002053455 ns, Reaching safepoint: 145064 ns, At safepoint: 6541 ns, Total: 151605 ns
[2021-08-17T02:52:05.590+0000][6][safepoint    ] Safepoint "Cleanup", Time since last: 1001697681 ns, Reaching safepoint: 192860 ns, At safepoint: 8101 ns, Total: 200961 ns
[2021-08-17T02:52:06.593+0000][6][safepoint    ] Safepoint "Cleanup", Time since last: 1002708883 ns, Reaching safepoint: 207856 ns, At safepoint: 7864 ns, Total: 215720 ns
[2021-08-17T02:52:07.597+0000][6][safepoint    ] Safepoint "Cleanup", Time since last: 1003716791 ns, Reaching safepoint: 211286 ns, At safepoint: 7696 ns, Total: 218982 ns
[2021-08-17T02:52:08.600+0000][6][safepoint    ] Safepoint "Cleanup", Time since last: 1003203747 ns, Reaching safepoint: 206111 ns, At safepoint: 7552 ns, Total: 213663 ns
[2021-08-17T02:52:09.603+0000][6][safepoint    ] Safepoint "Cleanup", Time since last: 1002835513 ns, Reaching safepoint: 160904 ns, At safepoint: 6694 ns, Total: 167598 ns
[2021-08-17T02:52:10.607+0000][6][safepoint    ] Safepoint "Cleanup", Time since last: 1003908873 ns, Reaching safepoint: 325958 ns, At safepoint: 22058 ns, Total: 348016 ns
[2021-08-17T02:52:11.608+0000][6][safepoint    ] Safepoint "Cleanup", Time since last: 1000777018 ns, Reaching safepoint: 349077 ns, At safepoint: 8044 ns, Total: 357121 ns
[2021-08-17T02:52:12.613+0000][6][safepoint    ] Safepoint "Cleanup", Time since last: 1003827711 ns, Reaching safepoint: 296340 ns, At safepoint: 13056 ns, Total: 309396 ns
[2021-08-17T02:52:13.615+0000][6][safepoint    ] Safepoint "Cleanup", Time since last: 1002365511 ns, Reaching safepoint: 302366 ns, At safepoint: 11096 ns, Total: 313462 ns
[2021-08-17T02:52:14.618+0000][6][safepoint    ] Safepoint "Cleanup", Time since last: 1002190245 ns, Reaching safepoint: 287735 ns, At safepoint: 9778 ns, Total: 297513 ns
[2021-08-17T02:52:15.620+0000][6][safepoint    ] Safepoint "Cleanup", Time since last: 1001688440 ns, Reaching safepoint: 228761 ns, At safepoint: 8163 ns, Total: 236924 ns
[2021-08-17T02:52:16.623+0000][6][safepoint    ] Safepoint "Cleanup", Time since last: 1003316280 ns, Reaching safepoint: 234852 ns, At safepoint: 7680 ns, Total: 242532 ns
[2021-08-17T02:52:17.625+0000][6][safepoint    ] Safepoint "Cleanup", Time since last: 1001532326 ns, Reaching safepoint: 268719 ns, At safepoint: 56369 ns, Total: 325088 ns
[2021-08-17T02:52:18.632+0000][6][safepoint    ] Safepoint "Cleanup", Time since last: 1006801107 ns, Reaching safepoint: 154187 ns, At safepoint: 10361 ns, Total: 164548 ns
[2021-08-17T02:52:19.647+0000][6][safepoint    ] Safepoint "Cleanup", Time since last: 1014650732 ns, Reaching safepoint: 139436 ns, At safepoint: 8174 ns, Total: 147610 ns
[2021-08-17T02:52:20.653+0000][6][safepoint    ] Safepoint "Cleanup", Time since last: 1005864203 ns, Reaching safepoint: 507762 ns, At safepoint: 23807 ns, Total: 531569 ns
[2021-08-17T02:52:21.654+0000][6][safepoint    ] Safepoint "Cleanup", Time since last: 1000244314 ns, Reaching safepoint: 307904 ns, At safepoint: 14241 ns, Total: 322145 ns
[2021-08-17T02:52:22.655+0000][6][safepoint    ] Safepoint "Cleanup", Time since last: 1000659805 ns, Reaching safepoint: 204342 ns, At safepoint: 11165 ns, Total: 215507 ns
[2021-08-17T02:52:23.668+0000][6][safepoint    ] Safepoint "Cleanup", Time since last: 1013277720 ns, Reaching safepoint: 196503 ns, At safepoint: 8347 ns, Total: 204850 ns
[2021-08-17T02:52:24.670+0000][6][safepoint    ] Safepoint "Cleanup", Time since last: 1001113801 ns, Reaching safepoint: 280030 ns, At safepoint: 15680 ns, Total: 295710 ns
[2021-08-17T02:52:25.685+0000][6][safepoint    ] Safepoint "Cleanup", Time since last: 1015496862 ns, Reaching safepoint: 162979 ns, At safepoint: 8034 ns, Total: 171013 ns
[2021-08-17T02:52:26.692+0000][6][safepoint    ] Safepoint "Cleanup", Time since last: 1006486281 ns, Reaching safepoint: 229548 ns, At safepoint: 9559 ns, Total: 239107 ns
[2021-08-17T02:52:27.695+0000][6][safepoint    ] Safepoint "Cleanup", Time since last: 1002824624 ns, Reaching safepoint: 151339 ns, At safepoint: 5266 ns, Total: 156605 ns
[2021-08-17T02:52:28.698+0000][6][safepoint    ] Safepoint "Cleanup", Time since last: 1002415564 ns, Reaching safepoint: 126938 ns, At safepoint: 6715 ns, Total: 133653 ns
[2021-08-17T02:52:29.700+0000][6][safepoint    ] Safepoint "Cleanup", Time since last: 1001956978 ns, Reaching safepoint: 261835 ns, At safepoint: 10144 ns, Total: 271979 ns
[2021-08-17T02:52:30.702+0000][6][safepoint    ] Safepoint "Cleanup", Time since last: 1001995913 ns, Reaching safepoint: 186739 ns, At safepoint: 7269 ns, Total: 194008 ns
[2021-08-17T02:52:31.703+0000][6][safepoint    ] Safepoint "Cleanup", Time since last: 1001154806 ns, Reaching safepoint: 300460 ns, At safepoint: 9889 ns, Total: 310349 ns
[2021-08-17T02:52:32.707+0000][6][safepoint    ] Safepoint "Cleanup", Time since last: 1003456851 ns, Reaching safepoint: 193538 ns, At safepoint: 8903 ns, Total: 202441 ns
[2021-08-17T02:52:33.709+0000][6][safepoint    ] Safepoint "Cleanup", Time since last: 1001686419 ns, Reaching safepoint: 201665 ns, At safepoint: 7735 ns, Total: 209400 ns
[2021-08-17T02:52:34.710+0000][6][safepoint    ] Safepoint "Cleanup", Time since last: 1001118643 ns, Reaching safepoint: 192895 ns, At safepoint: 8298 ns, Total: 201193 ns
[2021-08-17T02:52:35.714+0000][6][safepoint    ] Safepoint "Cleanup", Time since last: 1003118630 ns, Reaching safepoint: 194450 ns, At safepoint: 7530 ns, Total: 201980 ns
[2021-08-17T02:52:36.716+0000][6][safepoint    ] Safepoint "Cleanup", Time since last: 1001858162 ns, Reaching safepoint: 220405 ns, At safepoint: 8986 ns, Total: 229391 ns
[2021-08-17T02:52:37.716+0000][6][safepoint    ] Safepoint "Cleanup", Time since last: 1000602176 ns, Reaching safepoint: 170317 ns, At safepoint: 6688 ns, Total: 177005 ns
[2021-08-17T02:52:38.720+0000][6][safepoint    ] Safepoint "Cleanup", Time since last: 1003636118 ns, Reaching safepoint: 318640 ns, At safepoint: 11138 ns, Total: 329778 ns
[2021-08-17T02:52:39.724+0000][6][safepoint    ] Safepoint "Cleanup", Time since last: 1003548732 ns, Reaching safepoint: 195354 ns, At safepoint: 8173 ns, Total: 203527 ns
[2021-08-17T02:52:40.726+0000][6][safepoint    ] Safepoint "Cleanup", Time since last: 1001240320 ns, Reaching safepoint: 223944 ns, At safepoint: 11234 ns, Total: 235178 ns
[2021-08-17T02:52:41.726+0000][6][safepoint    ] Safepoint "Cleanup", Time since last: 1000430392 ns, Reaching safepoint: 189126 ns, At safepoint: 8029 ns, Total: 197155 ns
[2021-08-17T02:52:42.729+0000][6][safepoint    ] Safepoint "Cleanup", Time since last: 1002385801 ns, Reaching safepoint: 200516 ns, At safepoint: 7562 ns, Total: 208078 ns
[2021-08-17T02:52:43.730+0000][6][safepoint    ] Safepoint "Cleanup", Time since last: 1001010482 ns, Reaching safepoint: 278902 ns, At safepoint: 13189 ns, Total: 292091 ns
[2021-08-17T02:52:44.731+0000][6][safepoint    ] Safepoint "Cleanup", Time since last: 1000703536 ns, Reaching safepoint: 174671 ns, At safepoint: 6792 ns, Total: 181463 ns
[2021-08-17T02:52:45.736+0000][6][safepoint    ] Safepoint "Cleanup", Time since last: 1004510669 ns, Reaching safepoint: 149721 ns, At safepoint: 7345 ns, Total: 157066 ns
[2021-08-17T02:52:46.751+0000][6][safepoint    ] Safepoint "Cleanup", Time since last: 1014951807 ns, Reaching safepoint: 173500 ns, At safepoint: 7036 ns, Total: 180536 ns
[2021-08-17T02:52:47.765+0000][6][safepoint    ] Safepoint "Cleanup", Time since last: 1013673166 ns, Reaching safepoint: 124656 ns, At safepoint: 10442 ns, Total: 135098 ns
[2021-08-17T02:52:48.769+0000][6][safepoint    ] Safepoint "Cleanup", Time since last: 1004592534 ns, Reaching safepoint: 125324 ns, At safepoint: 10580 ns, Total: 135904 ns
[2021-08-17T02:52:49.783+0000][6][safepoint    ] Safepoint "Cleanup", Time since last: 1013421908 ns, Reaching safepoint: 153256 ns, At safepoint: 7096 ns, Total: 160352 ns
[2021-08-17T02:52:50.790+0000][6][safepoint    ] Safepoint "Cleanup", Time since last: 1006666320 ns, Reaching safepoint: 601572 ns, At safepoint: 51817 ns, Total: 653389 ns
[2021-08-17T02:52:51.805+0000][6][safepoint    ] Safepoint "Cleanup", Time since last: 1014497298 ns, Reaching safepoint: 469446 ns, At safepoint: 17362 ns, Total: 486808 ns
[2021-08-17T02:52:52.809+0000][6][safepoint    ] Safepoint "Cleanup", Time since last: 1003272626 ns, Reaching safepoint: 336165 ns, At safepoint: 26960 ns, Total: 363125 ns
[2021-08-17T02:52:53.812+0000][6][safepoint    ] Safepoint "Cleanup", Time since last: 1003324682 ns, Reaching safepoint: 237118 ns, At safepoint: 9980 ns, Total: 247098 ns
[2021-08-17T02:52:54.828+0000][6][safepoint    ] Safepoint "Cleanup", Time since last: 1015398677 ns, Reaching safepoint: 105685 ns, At safepoint: 5247 ns, Total: 110932 ns
[2021-08-17T02:52:55.832+0000][6][safepoint    ] Safepoint "Cleanup", Time since last: 1003340954 ns, Reaching safepoint: 252695 ns, At safepoint: 9927 ns, Total: 262622 ns
[2021-08-17T02:52:56.833+0000][6][safepoint    ] Safepoint "Cleanup", Time since last: 1001321965 ns, Reaching safepoint: 206258 ns, At safepoint: 8057 ns, Total: 214315 ns
[2021-08-17T02:52:57.837+0000][6][safepoint    ] Safepoint "Cleanup", Time since last: 1003375247 ns, Reaching safepoint: 171869 ns, At safepoint: 6396 ns, Total: 178265 ns
[2021-08-17T02:52:58.839+0000][6][safepoint    ] Safepoint "Cleanup", Time since last: 1002134185 ns, Reaching safepoint: 195665 ns, At safepoint: 8134 ns, Total: 203799 ns
[2021-08-17T02:52:59.840+0000][6][safepoint    ] Safepoint "Cleanup", Time since last: 1001091552 ns, Reaching safepoint: 319854 ns, At safepoint: 7950 ns, Total: 327804 ns
[2021-08-17T02:53:00.843+0000][6][safepoint    ] Safepoint "Cleanup", Time since last: 1002782492 ns, Reaching safepoint: 190849 ns, At safepoint: 7585 ns, Total: 198434 ns
[2021-08-17T02:53:01.844+0000][6][safepoint    ] Safepoint "Cleanup", Time since last: 1000800074 ns, Reaching safepoint: 225056 ns, At safepoint: 8619 ns, Total: 233675 ns
[2021-08-17T02:53:02.848+0000][6][safepoint    ] Safepoint "Cleanup", Time since last: 1003411185 ns, Reaching safepoint: 216720 ns, At safepoint: 9833 ns, Total: 226553 ns
[2021-08-17T02:53:03.851+0000][6][safepoint    ] Safepoint "Cleanup", Time since last: 1002307538 ns, Reaching safepoint: 256268 ns, At safepoint: 9974 ns, Total: 266242 ns
[2021-08-17T02:53:04.853+0000][6][safepoint    ] Safepoint "Cleanup", Time since last: 1002001378 ns, Reaching safepoint: 232772 ns, At safepoint: 9761 ns, Total: 242533 ns
[2021-08-17T02:53:05.855+0000][6][safepoint    ] Safepoint "Cleanup", Time since last: 1001935274 ns, Reaching safepoint: 201354 ns, At safepoint: 8478 ns, Total: 209832 ns
[2021-08-17T02:53:06.857+0000][6][safepoint    ] Safepoint "Cleanup", Time since last: 1001546521 ns, Reaching safepoint: 207682 ns, At safepoint: 8284 ns, Total: 215966 ns
[2021-08-17T02:53:07.859+0000][6][safepoint    ] Safepoint "Cleanup", Time since last: 1001928780 ns, Reaching safepoint: 231584 ns, At safepoint: 7912 ns, Total: 239496 ns
[2021-08-17T02:53:08.860+0000][6][safepoint    ] Safepoint "Cleanup", Time since last: 1000998520 ns, Reaching safepoint: 243489 ns, At safepoint: 10772 ns, Total: 254261 ns
[2021-08-17T02:53:09.861+0000][6][safepoint    ] Safepoint "Cleanup", Time since last: 1000497340 ns, Reaching safepoint: 213070 ns, At safepoint: 7628 ns, Total: 220698 ns
[2021-08-17T02:53:10.863+0000][6][safepoint    ] Safepoint "Cleanup", Time since last: 1001706498 ns, Reaching safepoint: 274565 ns, At safepoint: 13432 ns, Total: 287997 ns
[2021-08-17T02:53:11.866+0000][6][safepoint    ] Safepoint "Cleanup", Time since last: 1002571540 ns, Reaching safepoint: 535086 ns, At safepoint: 15257 ns, Total: 550343 ns
[2021-08-17T02:53:12.868+0000][6][safepoint    ] Safepoint "Cleanup", Time since last: 1002199775 ns, Reaching safepoint: 195420 ns, At safepoint: 7843 ns, Total: 203263 ns
[2021-08-17T02:53:13.871+0000][6][safepoint    ] Safepoint "Cleanup", Time since last: 1002468358 ns, Reaching safepoint: 200227 ns, At safepoint: 7955 ns, Total: 208182 ns
[2021-08-17T02:53:14.872+0000][6][safepoint    ] Safepoint "Cleanup", Time since last: 1001076476 ns, Reaching safepoint: 240248 ns, At safepoint: 10720 ns, Total: 250968 ns
[2021-08-17T02:53:15.876+0000][6][safepoint    ] Safepoint "Cleanup", Time since last: 1003748610 ns, Reaching safepoint: 190046 ns, At safepoint: 7493 ns, Total: 197539 ns
[2021-08-17T02:53:16.878+0000][6][safepoint    ] Safepoint "Cleanup", Time since last: 1001647878 ns, Reaching safepoint: 222096 ns, At safepoint: 9876 ns, Total: 231972 ns
[2021-08-17T02:53:17.881+0000][6][safepoint    ] Safepoint "Cleanup", Time since last: 1002534710 ns, Reaching safepoint: 192218 ns, At safepoint: 8404 ns, Total: 200622 ns
[2021-08-17T02:53:18.883+0000][6][safepoint    ] Safepoint "Cleanup", Time since last: 1002215528 ns, Reaching safepoint: 213481 ns, At safepoint: 7648 ns, Total: 221129 ns
[2021-08-17T02:53:19.886+0000][6][safepoint    ] Safepoint "Cleanup", Time since last: 1002542357 ns, Reaching safepoint: 193252 ns, At safepoint: 7495 ns, Total: 200747 ns
[2021-08-17T02:53:20.888+0000][6][safepoint    ] Safepoint "Cleanup", Time since last: 1001183961 ns, Reaching safepoint: 159819 ns, At safepoint: 7570 ns, Total: 167389 ns
[2021-08-17T02:53:21.889+0000][6][safepoint    ] Safepoint "Cleanup", Time since last: 1001332735 ns, Reaching safepoint: 203758 ns, At safepoint: 7520 ns, Total: 211278 ns
[2021-08-17T02:53:22.891+0000][6][safepoint    ] Safepoint "Cleanup", Time since last: 1001289007 ns, Reaching safepoint: 197150 ns, At safepoint: 7774 ns, Total: 204924 ns
[2021-08-17T02:53:23.893+0000][6][safepoint    ] Safepoint "Cleanup", Time since last: 1001927183 ns, Reaching safepoint: 174959 ns, At safepoint: 9741 ns, Total: 184700 ns
[2021-08-17T02:53:24.895+0000][6][safepoint    ] Safepoint "Cleanup", Time since last: 1001474708 ns, Reaching safepoint: 423923 ns, At safepoint: 16105 ns, Total: 440028 ns
[2021-08-17T02:53:25.896+0000][6][safepoint    ] Safepoint "Cleanup", Time since last: 1001562230 ns, Reaching safepoint: 236930 ns, At safepoint: 8804 ns, Total: 245734 ns
[2021-08-17T02:53:26.897+0000][6][safepoint    ] Safepoint "Cleanup", Time since last: 1000803522 ns, Reaching safepoint: 113407 ns, At safepoint: 8132 ns, Total: 121539 ns
[2021-08-17T02:53:27.900+0000][6][safepoint    ] Safepoint "Cleanup", Time since last: 1002057331 ns, Reaching safepoint: 194908 ns, At safepoint: 8368 ns, Total: 203276 ns
[2021-08-17T02:53:28.900+0000][6][safepoint    ] Safepoint "Cleanup", Time since last: 1000393170 ns, Reaching safepoint: 198178 ns, At safepoint: 7532 ns, Total: 205710 ns
[2021-08-17T02:53:29.903+0000][6][safepoint    ] Safepoint "Cleanup", Time since last: 1002952784 ns, Reaching safepoint: 201341 ns, At safepoint: 8133 ns, Total: 209474 ns
[2021-08-17T02:53:30.907+0000][6][safepoint    ] Safepoint "Cleanup", Time since last: 1003211075 ns, Reaching safepoint: 249050 ns, At safepoint: 28425 ns, Total: 277475 ns
[2021-08-17T02:53:31.911+0000][6][safepoint    ] Safepoint "Cleanup", Time since last: 1003670283 ns, Reaching safepoint: 199387 ns, At safepoint: 9816 ns, Total: 209203 ns
[2021-08-17T02:53:32.913+0000][6][safepoint    ] Safepoint "Cleanup", Time since last: 1001519861 ns, Reaching safepoint: 268485 ns, At safepoint: 10169 ns, Total: 278654 ns
[2021-08-17T02:53:33.916+0000][6][safepoint    ] Safepoint "Cleanup", Time since last: 1003319135 ns, Reaching safepoint: 224208 ns, At safepoint: 8218 ns, Total: 232426 ns
[2021-08-17T02:53:34.917+0000][6][safepoint    ] Safepoint "Cleanup", Time since last: 1001115383 ns, Reaching safepoint: 207707 ns, At safepoint: 8057 ns, Total: 215764 ns
[2021-08-17T02:53:35.922+0000][6][safepoint    ] Safepoint "Cleanup", Time since last: 1004052979 ns, Reaching safepoint: 188941 ns, At safepoint: 7796 ns, Total: 196737 ns
[2021-08-17T02:53:36.924+0000][6][safepoint    ] Safepoint "Cleanup", Time since last: 1002197314 ns, Reaching safepoint: 245769 ns, At safepoint: 9893 ns, Total: 255662 ns
[2021-08-17T02:53:37.925+0000][6][safepoint    ] Safepoint "Cleanup", Time since last: 1000875270 ns, Reaching safepoint: 184744 ns, At safepoint: 6900 ns, Total: 191644 ns
[2021-08-17T02:53:38.927+0000][6][safepoint    ] Safepoint "Cleanup", Time since last: 1001875455 ns, Reaching safepoint: 389525 ns, At safepoint: 9754 ns, Total: 399279 ns
[2021-08-17T02:53:39.938+0000][6][safepoint    ] Safepoint "Cleanup", Time since last: 1010083179 ns, Reaching safepoint: 310323 ns, At safepoint: 18287 ns, Total: 328610 ns
[2021-08-17T02:53:40.939+0000][6][safepoint    ] Safepoint "Cleanup", Time since last: 1000697571 ns, Reaching safepoint: 251241 ns, At safepoint: 10415 ns, Total: 261656 ns
[2021-08-17T02:53:41.940+0000][6][safepoint    ] Safepoint "Cleanup", Time since last: 1001007598 ns, Reaching safepoint: 217811 ns, At safepoint: 9988 ns, Total: 227799 ns
[2021-08-17T02:53:42.945+0000][6][safepoint    ] Safepoint "Cleanup", Time since last: 1004970029 ns, Reaching safepoint: 200885 ns, At safepoint: 18534 ns, Total: 219419 ns
[2021-08-17T02:53:43.948+0000][6][safepoint    ] Safepoint "Cleanup", Time since last: 1002419022 ns, Reaching safepoint: 313380 ns, At safepoint: 10822 ns, Total: 324202 ns
[2021-08-17T02:53:44.952+0000][6][safepoint    ] Safepoint "Cleanup", Time since last: 1003831491 ns, Reaching safepoint: 396062 ns, At safepoint: 62884 ns, Total: 458946 ns
[2021-08-17T02:53:45.955+0000][6][safepoint    ] Safepoint "Cleanup", Time since last: 1002006633 ns, Reaching safepoint: 234947 ns, At safepoint: 8989 ns, Total: 243936 ns
[2021-08-17T02:53:46.958+0000][6][safepoint    ] Safepoint "Cleanup", Time since last: 1003111826 ns, Reaching safepoint: 198926 ns, At safepoint: 8169 ns, Total: 207095 ns
[2021-08-17T02:53:47.959+0000][6][safepoint    ] Safepoint "Cleanup", Time since last: 1000676568 ns, Reaching safepoint: 189741 ns, At safepoint: 7645 ns, Total: 197386 ns
[2021-08-17T02:53:48.963+0000][6][safepoint    ] Safepoint "Cleanup", Time since last: 1004130226 ns, Reaching safepoint: 201820 ns, At safepoint: 5443 ns, Total: 207263 ns
[2021-08-17T02:53:49.967+0000][6][safepoint    ] Safepoint "Cleanup", Time since last: 1003322184 ns, Reaching safepoint: 149145 ns, At safepoint: 6422 ns, Total: 155567 ns
[2021-08-17T02:53:50.970+0000][6][safepoint    ] Safepoint "Cleanup", Time since last: 1002983325 ns, Reaching safepoint: 156867 ns, At safepoint: 6421 ns, Total: 163288 ns
[2021-08-17T02:53:51.973+0000][6][safepoint    ] Safepoint "Cleanup", Time since last: 1003476231 ns, Reaching safepoint: 194115 ns, At safepoint: 7645 ns, Total: 201760 ns
[2021-08-17T02:53:52.975+0000][6][safepoint    ] Safepoint "Cleanup", Time since last: 1001083090 ns, Reaching safepoint: 204839 ns, At safepoint: 7946 ns, Total: 212785 ns
[2021-08-17T02:53:53.977+0000][6][safepoint    ] Safepoint "Cleanup", Time since last: 1002561918 ns, Reaching safepoint: 190528 ns, At safepoint: 7746 ns, Total: 198274 ns
[2021-08-17T02:53:54.978+0000][6][safepoint    ] Safepoint "Cleanup", Time since last: 1000813308 ns, Reaching safepoint: 202874 ns, At safepoint: 7834 ns, Total: 210708 ns
[2021-08-17T02:53:55.983+0000][6][safepoint    ] Safepoint "Cleanup", Time since last: 1003779059 ns, Reaching safepoint: 345272 ns, At safepoint: 14917 ns, Total: 360189 ns
[2021-08-17T02:53:56.985+0000][6][safepoint    ] Safepoint "Cleanup", Time since last: 1002249077 ns, Reaching safepoint: 217083 ns, At safepoint: 10355 ns, Total: 227438 ns
[2021-08-17T02:53:57.987+0000][6][safepoint    ] Safepoint "Cleanup", Time since last: 1001800860 ns, Reaching safepoint: 207228 ns, At safepoint: 7861 ns, Total: 215089 ns
[2021-08-17T02:53:58.990+0000][6][safepoint    ] Safepoint "Cleanup", Time since last: 1003124206 ns, Reaching safepoint: 140107 ns, At safepoint: 6533 ns, Total: 146640 ns
[2021-08-17T02:53:59.994+0000][6][safepoint    ] Safepoint "Cleanup", Time since last: 1002920745 ns, Reaching safepoint: 206680 ns, At safepoint: 8048 ns, Total: 214728 ns
[2021-08-17T02:54:00.994+0000][6][safepoint    ] Safepoint "Cleanup", Time since last: 1000265121 ns, Reaching safepoint: 249936 ns, At safepoint: 10058 ns, Total: 259994 ns
[2021-08-17T02:54:01.996+0000][6][safepoint    ] Safepoint "Cleanup", Time since last: 1002086211 ns, Reaching safepoint: 324979 ns, At safepoint: 10907 ns, Total: 335886 ns
[2021-08-17T02:54:03.000+0000][6][safepoint    ] Safepoint "Cleanup", Time since last: 1003421822 ns, Reaching safepoint: 244006 ns, At safepoint: 9367 ns, Total: 253373 ns
[2021-08-17T02:54:04.118+0000][6][safepoint    ] Safepoint "Cleanup", Time since last: 1117569757 ns, Reaching safepoint: 223985 ns, At safepoint: 48484 ns, Total: 272469 ns
[2021-08-17T02:54:05.119+0000][6][safepoint    ] Safepoint "Cleanup", Time since last: 1000310478 ns, Reaching safepoint: 199220 ns, At safepoint: 7632 ns, Total: 206852 ns
[2021-08-17T02:54:06.122+0000][6][safepoint    ] Safepoint "Cleanup", Time since last: 1002821334 ns, Reaching safepoint: 188482 ns, At safepoint: 7889 ns, Total: 196371 ns
[2021-08-17T02:54:07.124+0000][6][safepoint    ] Safepoint "Cleanup", Time since last: 1002352107 ns, Reaching safepoint: 284323 ns, At safepoint: 13856 ns, Total: 298179 ns
[2021-08-17T02:54:08.127+0000][6][safepoint    ] Safepoint "Cleanup", Time since last: 1002161736 ns, Reaching safepoint: 223252 ns, At safepoint: 7685 ns, Total: 230937 ns
[2021-08-17T02:54:09.130+0000][6][safepoint    ] Safepoint "Cleanup", Time since last: 1003197233 ns, Reaching safepoint: 115177 ns, At safepoint: 4328 ns, Total: 119505 ns
[2021-08-17T02:54:10.133+0000][6][safepoint    ] Safepoint "Cleanup", Time since last: 1002536676 ns, Reaching safepoint: 207293 ns, At safepoint: 9689 ns, Total: 216982 ns
[2021-08-17T02:54:11.134+0000][6][safepoint    ] Safepoint "Cleanup", Time since last: 1001009416 ns, Reaching safepoint: 208305 ns, At safepoint: 7855 ns, Total: 216160 ns
[2021-08-17T02:54:12.136+0000][6][safepoint    ] Safepoint "Cleanup", Time since last: 1002258395 ns, Reaching safepoint: 335188 ns, At safepoint: 10044 ns, Total: 345232 ns
[2021-08-17T02:54:13.140+0000][6][safepoint    ] Safepoint "Cleanup", Time since last: 1003773185 ns, Reaching safepoint: 202882 ns, At safepoint: 7476 ns, Total: 210358 ns
[2021-08-17T02:54:14.144+0000][6][safepoint    ] Safepoint "Cleanup", Time since last: 1003246111 ns, Reaching safepoint: 140032 ns, At safepoint: 7291 ns, Total: 147323 ns
[2021-08-17T02:54:14.222+0000][6][safepoint    ] Safepoint "ICBufferFull", Time since last: 77670358 ns, Reaching safepoint: 419943 ns, At safepoint: 9387 ns, Total: 429330 ns
[2021-08-17T02:54:16.152+0000][6][safepoint    ] Safepoint "Cleanup", Time since last: 1929084555 ns, Reaching safepoint: 510045 ns, At safepoint: 42773 ns, Total: 552818 ns
[2021-08-17T02:54:17.154+0000][6][safepoint    ] Safepoint "Cleanup", Time since last: 1002299932 ns, Reaching safepoint: 568968 ns, At safepoint: 46314 ns, Total: 615282 ns
[2021-08-17T02:54:18.159+0000][6][safepoint    ] Safepoint "Cleanup", Time since last: 1003880116 ns, Reaching safepoint: 137536 ns, At safepoint: 12692 ns, Total: 150228 ns
[2021-08-17T02:54:19.161+0000][6][safepoint    ] Safepoint "Cleanup", Time since last: 1001941761 ns, Reaching safepoint: 172332 ns, At safepoint: 9877 ns, Total: 182209 ns
[2021-08-17T02:54:20.161+0000][6][safepoint    ] Safepoint "Cleanup", Time since last: 1000212514 ns, Reaching safepoint: 163813 ns, At safepoint: 6576 ns, Total: 170389 ns
[2021-08-17T02:54:21.164+0000][6][safepoint    ] Safepoint "Cleanup", Time since last: 1002511637 ns, Reaching safepoint: 121897 ns, At safepoint: 11366 ns, Total: 133263 ns
[2021-08-17T02:54:22.166+0000][6][safepoint    ] Safepoint "Cleanup", Time since last: 1001864467 ns, Reaching safepoint: 492724 ns, At safepoint: 11633 ns, Total: 504357 ns
[2021-08-17T02:54:23.170+0000][6][safepoint    ] Safepoint "Cleanup", Time since last: 1003942367 ns, Reaching safepoint: 298829 ns, At safepoint: 22162 ns, Total: 320991 ns
[2021-08-17T02:54:24.175+0000][6][safepoint    ] Safepoint "Cleanup", Time since last: 1003941734 ns, Reaching safepoint: 371401 ns, At safepoint: 12453 ns, Total: 383854 ns
[2021-08-17T02:54:25.178+0000][6][safepoint    ] Safepoint "Cleanup", Time since last: 1002751587 ns, Reaching safepoint: 517646 ns, At safepoint: 6281 ns, Total: 523927 ns
[2021-08-17T02:54:26.179+0000][6][safepoint    ] Safepoint "Cleanup", Time since last: 1000948701 ns, Reaching safepoint: 469560 ns, At safepoint: 40603 ns, Total: 510163 ns
[2021-08-17T02:54:27.182+0000][6][safepoint    ] Safepoint "Cleanup", Time since last: 1002342346 ns, Reaching safepoint: 208252 ns, At safepoint: 12500 ns, Total: 220752 ns
[2021-08-17T02:54:28.185+0000][6][safepoint    ] Safepoint "Cleanup", Time since last: 1002677016 ns, Reaching safepoint: 144058 ns, At safepoint: 9475 ns, Total: 153533 ns
[2021-08-17T02:54:29.185+0000][6][safepoint    ] Safepoint "Cleanup", Time since last: 1000339253 ns, Reaching safepoint: 195611 ns, At safepoint: 7469 ns, Total: 203080 ns
[2021-08-17T02:54:30.186+0000][6][safepoint    ] Safepoint "Cleanup", Time since last: 1000710052 ns, Reaching safepoint: 132952 ns, At safepoint: 7408 ns, Total: 140360 ns
[2021-08-17T02:54:31.190+0000][6][safepoint    ] Safepoint "Cleanup", Time since last: 1003189313 ns, Reaching safepoint: 388278 ns, At safepoint: 9850 ns, Total: 398128 ns
[2021-08-17T02:54:32.191+0000][6][safepoint    ] Safepoint "Cleanup", Time since last: 1001566840 ns, Reaching safepoint: 137043 ns, At safepoint: 9653 ns, Total: 146696 ns
[2021-08-17T02:54:33.193+0000][6][safepoint    ] Safepoint "Cleanup", Time since last: 1001629870 ns, Reaching safepoint: 146190 ns, At safepoint: 12567 ns, Total: 158757 ns
[2021-08-17T02:54:34.196+0000][6][safepoint    ] Safepoint "Cleanup", Time since last: 1002548519 ns, Reaching safepoint: 378785 ns, At safepoint: 9494 ns, Total: 388279 ns
[2021-08-17T02:54:35.198+0000][6][safepoint    ] Safepoint "Cleanup", Time since last: 1001400373 ns, Reaching safepoint: 440911 ns, At safepoint: 9760 ns, Total: 450671 ns
[2021-08-17T02:54:36.199+0000][6][safepoint    ] Safepoint "Cleanup", Time since last: 1001001350 ns, Reaching safepoint: 168021 ns, At safepoint: 8226 ns, Total: 176247 ns
[2021-08-17T02:54:37.202+0000][6][safepoint    ] Safepoint "Cleanup", Time since last: 1002116640 ns, Reaching safepoint: 415294 ns, At safepoint: 9963 ns, Total: 425257 ns
[2021-08-17T02:54:38.204+0000][6][safepoint    ] Safepoint "Cleanup", Time since last: 1002484066 ns, Reaching safepoint: 140423 ns, At safepoint: 8227 ns, Total: 148650 ns
[2021-08-17T02:54:39.207+0000][6][safepoint    ] Safepoint "Cleanup", Time since last: 1002761328 ns, Reaching safepoint: 244749 ns, At safepoint: 8864 ns, Total: 253613 ns
[2021-08-17T02:54:40.209+0000][6][safepoint    ] Safepoint "Cleanup", Time since last: 1000865275 ns, Reaching safepoint: 423577 ns, At safepoint: 11785 ns, Total: 435362 ns
[2021-08-17T02:54:41.211+0000][6][safepoint    ] Safepoint "Cleanup", Time since last: 1001925595 ns, Reaching safepoint: 387590 ns, At safepoint: 9787 ns, Total: 397377 ns
[2021-08-17T02:54:42.214+0000][6][safepoint    ] Safepoint "Cleanup", Time since last: 1003231847 ns, Reaching safepoint: 140948 ns, At safepoint: 7007 ns, Total: 147955 ns
[2021-08-17T02:54:43.216+0000][6][safepoint    ] Safepoint "Cleanup", Time since last: 1001601544 ns, Reaching safepoint: 102529 ns, At safepoint: 4916 ns, Total: 107445 ns
[2021-08-17T02:54:44.217+0000][6][safepoint    ] Safepoint "Cleanup", Time since last: 1000925319 ns, Reaching safepoint: 418744 ns, At safepoint: 11419 ns, Total: 430163 ns
[2021-08-17T02:54:45.222+0000][6][safepoint    ] Safepoint "Cleanup", Time since last: 1003906073 ns, Reaching safepoint: 144116 ns, At safepoint: 8159 ns, Total: 152275 ns
[2021-08-17T02:54:46.225+0000][6][safepoint    ] Safepoint "Cleanup", Time since last: 1003559601 ns, Reaching safepoint: 168769 ns, At safepoint: 6872 ns, Total: 175641 ns
[2021-08-17T02:54:47.229+0000][6][safepoint    ] Safepoint "Cleanup", Time since last: 1003129007 ns, Reaching safepoint: 368153 ns, At safepoint: 8319 ns, Total: 376472 ns
[2021-08-17T02:54:48.229+0000][6][safepoint    ] Safepoint "Cleanup", Time since last: 1000526348 ns, Reaching safepoint: 131955 ns, At safepoint: 11893 ns, Total: 143848 ns
[2021-08-17T02:54:49.232+0000][6][safepoint    ] Safepoint "Cleanup", Time since last: 1002836485 ns, Reaching safepoint: 156875 ns, At safepoint: 23106 ns, Total: 179981 ns
[2021-08-17T02:54:50.258+0000][6][safepoint    ] Safepoint "Cleanup", Time since last: 1025323831 ns, Reaching safepoint: 180273 ns, At safepoint: 8168 ns, Total: 188441 ns
[2021-08-17T02:54:51.259+0000][6][safepoint    ] Safepoint "Cleanup", Time since last: 1000345435 ns, Reaching safepoint: 396120 ns, At safepoint: 16608 ns, Total: 412728 ns
[2021-08-17T02:54:52.764+0000][6][safepoint    ] Safepoint "Cleanup", Time since last: 1504563136 ns, Reaching safepoint: 206427 ns, At safepoint: 8002 ns, Total: 214429 ns
[2021-08-17T02:54:53.767+0000][6][safepoint    ] Safepoint "Cleanup", Time since last: 1003170376 ns, Reaching safepoint: 204148 ns, At safepoint: 7966 ns, Total: 212114 ns
[2021-08-17T02:54:54.770+0000][6][safepoint    ] Safepoint "Cleanup", Time since last: 1002656265 ns, Reaching safepoint: 198339 ns, At safepoint: 8102 ns, Total: 206441 ns
[2021-08-17T02:54:55.773+0000][6][safepoint    ] Safepoint "Cleanup", Time since last: 1002933200 ns, Reaching safepoint: 143762 ns, At safepoint: 12525 ns, Total: 156287 ns
[2021-08-17T02:54:56.776+0000][6][safepoint    ] Safepoint "Cleanup", Time since last: 1002654525 ns, Reaching safepoint: 199064 ns, At safepoint: 7720 ns, Total: 206784 ns
[2021-08-17T02:54:57.991+0000][6][safepoint    ] Safepoint "Cleanup", Time since last: 1215277305 ns, Reaching safepoint: 223155 ns, At safepoint: 9039 ns, Total: 232194 ns
[2021-08-17T02:54:58.993+0000][6][safepoint    ] Safepoint "Cleanup", Time since last: 1001799599 ns, Reaching safepoint: 204716 ns, At safepoint: 8333 ns, Total: 213049 ns
[2021-08-17T02:54:59.997+0000][6][safepoint    ] Safepoint "Cleanup", Time since last: 1003661501 ns, Reaching safepoint: 191114 ns, At safepoint: 8071 ns, Total: 199185 ns
[2021-08-17T02:55:00.999+0000][6][safepoint    ] Safepoint "Cleanup", Time since last: 1002146012 ns, Reaching safepoint: 226738 ns, At safepoint: 31923 ns, Total: 258661 ns
[2021-08-17T02:55:02.003+0000][6][safepoint    ] Safepoint "Cleanup", Time since last: 1002940729 ns, Reaching safepoint: 176989 ns, At safepoint: 6751 ns, Total: 183740 ns
[2021-08-17T02:55:03.005+0000][6][safepoint    ] Safepoint "Cleanup", Time since last: 1001764216 ns, Reaching safepoint: 294951 ns, At safepoint: 5007 ns, Total: 299958 ns
[2021-08-17T02:55:04.007+0000][6][safepoint    ] Safepoint "Cleanup", Time since last: 1002555563 ns, Reaching safepoint: 201800 ns, At safepoint: 7709 ns, Total: 209509 ns
[2021-08-17T02:55:05.056+0000][6][safepoint    ] Safepoint "Cleanup", Time since last: 1048548262 ns, Reaching safepoint: 196897 ns, At safepoint: 7754 ns, Total: 204651 ns
[2021-08-17T02:55:06.058+0000][6][safepoint    ] Safepoint "Cleanup", Time since last: 1002083267 ns, Reaching safepoint: 196530 ns, At safepoint: 9859 ns, Total: 206389 ns
[2021-08-17T02:55:07.062+0000][6][safepoint    ] Safepoint "Cleanup", Time since last: 1003643882 ns, Reaching safepoint: 349879 ns, At safepoint: 11162 ns, Total: 361041 ns
[2021-08-17T02:55:08.065+0000][6][safepoint    ] Safepoint "Cleanup", Time since last: 1002166746 ns, Reaching safepoint: 242230 ns, At safepoint: 8553 ns, Total: 250783 ns
[2021-08-17T02:55:09.066+0000][6][safepoint    ] Safepoint "Cleanup", Time since last: 1000773888 ns, Reaching safepoint: 220039 ns, At safepoint: 11987 ns, Total: 232026 ns
[2021-08-17T02:55:10.069+0000][6][safepoint    ] Safepoint "Cleanup", Time since last: 1003042044 ns, Reaching safepoint: 205547 ns, At safepoint: 7500 ns, Total: 213047 ns
[2021-08-17T02:55:11.286+0000][6][safepoint    ] Safepoint "Cleanup", Time since last: 1216758616 ns, Reaching safepoint: 425785 ns, At safepoint: 9934 ns, Total: 435719 ns
[2021-08-17T02:55:12.289+0000][6][safepoint    ] Safepoint "Cleanup", Time since last: 1002496224 ns, Reaching safepoint: 345797 ns, At safepoint: 42286 ns, Total: 388083 ns
[2021-08-17T02:55:13.292+0000][6][safepoint    ] Safepoint "Cleanup", Time since last: 1002100100 ns, Reaching safepoint: 218123 ns, At safepoint: 38094 ns, Total: 256217 ns
[2021-08-17T02:55:14.292+0000][6][safepoint    ] Safepoint "Cleanup", Time since last: 1000549736 ns, Reaching safepoint: 182083 ns, At safepoint: 7886 ns, Total: 189969 ns
[2021-08-17T02:55:15.294+0000][6][safepoint    ] Safepoint "Cleanup", Time since last: 1001073601 ns, Reaching safepoint: 197871 ns, At safepoint: 8229 ns, Total: 206100 ns
[2021-08-17T02:55:16.297+0000][6][safepoint    ] Safepoint "Cleanup", Time since last: 1002625551 ns, Reaching safepoint: 282404 ns, At safepoint: 39763 ns, Total: 322167 ns
[2021-08-17T02:55:17.307+0000][6][safepoint    ] Safepoint "Cleanup", Time since last: 1010109896 ns, Reaching safepoint: 415977 ns, At safepoint: 49442 ns, Total: 465419 ns
[2021-08-17T02:55:18.310+0000][6][safepoint    ] Safepoint "Cleanup", Time since last: 1002633809 ns, Reaching safepoint: 216683 ns, At safepoint: 44280 ns, Total: 260963 ns
[2021-08-17T02:55:19.311+0000][6][safepoint    ] Safepoint "Cleanup", Time since last: 1000975140 ns, Reaching safepoint: 209224 ns, At safepoint: 60736 ns, Total: 269960 ns
[2021-08-17T02:55:20.314+0000][6][safepoint    ] Safepoint "Cleanup", Time since last: 1002277665 ns, Reaching safepoint: 247068 ns, At safepoint: 13071 ns, Total: 260139 ns
[2021-08-17T02:55:21.317+0000][6][safepoint    ] Safepoint "Cleanup", Time since last: 1002991979 ns, Reaching safepoint: 351826 ns, At safepoint: 8834 ns, Total: 360660 ns
[2021-08-17T02:55:22.321+0000][6][safepoint    ] Safepoint "Cleanup", Time since last: 1003072172 ns, Reaching safepoint: 394108 ns, At safepoint: 9558 ns, Total: 403666 ns
[2021-08-17T02:55:23.323+0000][6][safepoint    ] Safepoint "Cleanup", Time since last: 1002747415 ns, Reaching safepoint: 92086 ns, At safepoint: 5063 ns, Total: 97149 ns
[2021-08-17T02:55:24.327+0000][6][safepoint    ] Safepoint "Cleanup", Time since last: 1003192657 ns, Reaching safepoint: 520702 ns, At safepoint: 8564 ns, Total: 529266 ns
[2021-08-17T02:55:25.329+0000][6][safepoint    ] Safepoint "Cleanup", Time since last: 1001901366 ns, Reaching safepoint: 307156 ns, At safepoint: 9822 ns, Total: 316978 ns
[2021-08-17T02:55:26.332+0000][6][safepoint    ] Safepoint "Cleanup", Time since last: 1002214778 ns, Reaching safepoint: 420968 ns, At safepoint: 9171 ns, Total: 430139 ns
[2021-08-17T02:55:27.336+0000][6][safepoint    ] Safepoint "Cleanup", Time since last: 1003019911 ns, Reaching safepoint: 618118 ns, At safepoint: 52310 ns, Total: 670428 ns
[2021-08-17T02:55:28.339+0000][6][safepoint    ] Safepoint "Cleanup", Time since last: 1002979332 ns, Reaching safepoint: 470296 ns, At safepoint: 45715 ns, Total: 516011 ns
[2021-08-17T02:55:29.342+0000][6][safepoint    ] Safepoint "Cleanup", Time since last: 1002283553 ns, Reaching safepoint: 186014 ns, At safepoint: 10263 ns, Total: 196277 ns
[2021-08-17T02:55:30.345+0000][6][safepoint    ] Safepoint "Cleanup", Time since last: 1003033574 ns, Reaching safepoint: 129271 ns, At safepoint: 8354 ns, Total: 137625 ns
[2021-08-17T02:55:31.348+0000][6][safepoint    ] Safepoint "Cleanup", Time since last: 1003424026 ns, Reaching safepoint: 133549 ns, At safepoint: 8177 ns, Total: 141726 ns
[2021-08-17T02:55:32.351+0000][6][safepoint    ] Safepoint "Cleanup", Time since last: 1002282059 ns, Reaching safepoint: 325840 ns, At safepoint: 8457 ns, Total: 334297 ns
[2021-08-17T02:55:33.354+0000][6][safepoint    ] Safepoint "Cleanup", Time since last: 1002994854 ns, Reaching safepoint: 315907 ns, At safepoint: 14605 ns, Total: 330512 ns
[2021-08-17T02:55:34.356+0000][6][safepoint    ] Safepoint "Cleanup", Time since last: 1001674682 ns, Reaching safepoint: 128491 ns, At safepoint: 6478 ns, Total: 134969 ns
[2021-08-17T02:55:35.361+0000][6][safepoint    ] Safepoint "Cleanup", Time since last: 1004078844 ns, Reaching safepoint: 269464 ns, At safepoint: 7314 ns, Total: 276778 ns
[2021-08-17T02:55:36.363+0000][6][safepoint    ] Safepoint "Cleanup", Time since last: 1002642823 ns, Reaching safepoint: 97221 ns, At safepoint: 5280 ns, Total: 102501 ns
[2021-08-17T02:55:37.365+0000][6][safepoint    ] Safepoint "Cleanup", Time since last: 1001184468 ns, Reaching safepoint: 352183 ns, At safepoint: 8617 ns, Total: 360800 ns
[2021-08-17T02:55:38.366+0000][6][safepoint    ] Safepoint "Cleanup", Time since last: 1000801907 ns, Reaching safepoint: 381389 ns, At safepoint: 8814 ns, Total: 390203 ns
[2021-08-17T02:55:39.368+0000][6][safepoint    ] Safepoint "Cleanup", Time since last: 1002168068 ns, Reaching safepoint: 184671 ns, At safepoint: 9643 ns, Total: 194314 ns
[2021-08-17T02:55:40.370+0000][6][safepoint    ] Safepoint "Cleanup", Time since last: 1000969249 ns, Reaching safepoint: 402948 ns, At safepoint: 10818 ns, Total: 413766 ns
[2021-08-17T02:55:41.370+0000][6][safepoint    ] Safepoint "Cleanup", Time since last: 1000382272 ns, Reaching safepoint: 151902 ns, At safepoint: 5567 ns, Total: 157469 ns
[2021-08-17T02:55:42.371+0000][6][safepoint    ] Safepoint "Cleanup", Time since last: 1000371228 ns, Reaching safepoint: 127873 ns, At safepoint: 6653 ns, Total: 134526 ns
[2021-08-17T02:55:43.371+0000][6][safepoint    ] Safepoint "Cleanup", Time since last: 1000362854 ns, Reaching safepoint: 189951 ns, At safepoint: 7737 ns, Total: 197688 ns
[2021-08-17T02:55:44.375+0000][6][safepoint    ] Safepoint "Cleanup", Time since last: 1003236071 ns, Reaching safepoint: 349827 ns, At safepoint: 41020 ns, Total: 390847 ns
[2021-08-17T02:55:45.377+0000][6][safepoint    ] Safepoint "Cleanup", Time since last: 1001389859 ns, Reaching safepoint: 371153 ns, At safepoint: 12228 ns, Total: 383381 ns
[2021-08-17T02:55:46.379+0000][6][safepoint    ] Safepoint "Cleanup", Time since last: 1002231782 ns, Reaching safepoint: 133513 ns, At safepoint: 9545 ns, Total: 143058 ns
[2021-08-17T02:55:47.383+0000][6][safepoint    ] Safepoint "Cleanup", Time since last: 1003231614 ns, Reaching safepoint: 421310 ns, At safepoint: 9424 ns, Total: 430734 ns
[2021-08-17T02:55:48.387+0000][6][safepoint    ] Safepoint "Cleanup", Time since last: 1004056715 ns, Reaching safepoint: 196596 ns, At safepoint: 12090 ns, Total: 208686 ns
[2021-08-17T02:55:49.389+0000][6][safepoint    ] Safepoint "Cleanup", Time since last: 1001748625 ns, Reaching safepoint: 499802 ns, At safepoint: 10341 ns, Total: 510143 ns
[2021-08-17T02:55:50.391+0000][6][safepoint    ] Safepoint "Cleanup", Time since last: 1001470326 ns, Reaching safepoint: 136343 ns, At safepoint: 9376 ns, Total: 145719 ns
[2021-08-17T02:55:51.394+0000][6][safepoint    ] Safepoint "Cleanup", Time since last: 1002407783 ns, Reaching safepoint: 384736 ns, At safepoint: 32100 ns, Total: 416836 ns
[2021-08-17T02:55:52.397+0000][6][safepoint    ] Safepoint "Cleanup", Time since last: 1003159661 ns, Reaching safepoint: 149067 ns, At safepoint: 8971 ns, Total: 158038 ns
[2021-08-17T02:55:53.399+0000][6][safepoint    ] Safepoint "Cleanup", Time since last: 1002173701 ns, Reaching safepoint: 127406 ns, At safepoint: 6698 ns, Total: 134104 ns
[2021-08-17T02:55:54.403+0000][6][safepoint    ] Safepoint "Cleanup", Time since last: 1003262197 ns, Reaching safepoint: 119253 ns, At safepoint: 11603 ns, Total: 130856 ns
[2021-08-17T02:55:55.406+0000][6][safepoint    ] Safepoint "Cleanup", Time since last: 1002963249 ns, Reaching safepoint: 105965 ns, At safepoint: 24728 ns, Total: 130693 ns
[2021-08-17T02:55:56.408+0000][6][safepoint    ] Safepoint "Cleanup", Time since last: 1001823707 ns, Reaching safepoint: 420296 ns, At safepoint: 16336 ns, Total: 436632 ns
[2021-08-17T02:55:57.409+0000][6][safepoint    ] Safepoint "Cleanup", Time since last: 1000632330 ns, Reaching safepoint: 344292 ns, At safepoint: 8151 ns, Total: 352443 ns
[2021-08-17T02:55:58.411+0000][6][safepoint    ] Safepoint "Cleanup", Time since last: 1002027052 ns, Reaching safepoint: 186713 ns, At safepoint: 7734 ns, Total: 194447 ns
[2021-08-17T02:55:59.413+0000][6][safepoint    ] Safepoint "Cleanup", Time since last: 1001912464 ns, Reaching safepoint: 130148 ns, At safepoint: 10825 ns, Total: 140973 ns
[2021-08-17T02:56:00.416+0000][6][safepoint    ] Safepoint "Cleanup", Time since last: 1001818420 ns, Reaching safepoint: 377010 ns, At safepoint: 11880 ns, Total: 388890 ns
[2021-08-17T02:56:01.418+0000][6][safepoint    ] Safepoint "Cleanup", Time since last: 1001588894 ns, Reaching safepoint: 335521 ns, At safepoint: 11333 ns, Total: 346854 ns
[2021-08-17T02:56:02.420+0000][6][safepoint    ] Safepoint "Cleanup", Time since last: 1001627496 ns, Reaching safepoint: 437295 ns, At safepoint: 11209 ns, Total: 448504 ns
[2021-08-17T02:56:03.423+0000][6][safepoint    ] Safepoint "Cleanup", Time since last: 1002829879 ns, Reaching safepoint: 411685 ns, At safepoint: 9631 ns, Total: 421316 ns
[2021-08-17T02:56:04.426+0000][6][safepoint    ] Safepoint "Cleanup", Time since last: 1002614583 ns, Reaching safepoint: 122614 ns, At safepoint: 9390 ns, Total: 132004 ns
[2021-08-17T02:56:05.427+0000][6][safepoint    ] Safepoint "Cleanup", Time since last: 1001256131 ns, Reaching safepoint: 490551 ns, At safepoint: 11759 ns, Total: 502310 ns
[2021-08-17T02:56:06.430+0000][6][safepoint    ] Safepoint "Cleanup", Time since last: 1002628747 ns, Reaching safepoint: 386252 ns, At safepoint: 10046 ns, Total: 396298 ns
[2021-08-17T02:56:07.431+0000][6][safepoint    ] Safepoint "Cleanup", Time since last: 1000581526 ns, Reaching safepoint: 397928 ns, At safepoint: 10883 ns, Total: 408811 ns
[2021-08-17T02:56:08.435+0000][6][safepoint    ] Safepoint "Cleanup", Time since last: 1003377902 ns, Reaching safepoint: 587990 ns, At safepoint: 12619 ns, Total: 600609 ns
[2021-08-17T02:56:09.437+0000][6][safepoint    ] Safepoint "Cleanup", Time since last: 1001597988 ns, Reaching safepoint: 400682 ns, At safepoint: 9446 ns, Total: 410128 ns
[2021-08-17T02:56:10.441+0000][6][safepoint    ] Safepoint "Cleanup", Time since last: 1003249713 ns, Reaching safepoint: 453458 ns, At safepoint: 13143 ns, Total: 466601 ns
[2021-08-17T02:56:11.444+0000][6][safepoint    ] Safepoint "Cleanup", Time since last: 1002499301 ns, Reaching safepoint: 92014 ns, At safepoint: 4544 ns, Total: 96558 ns
[2021-08-17T02:56:12.447+0000][6][safepoint    ] Safepoint "Cleanup", Time since last: 1002904767 ns, Reaching safepoint: 423373 ns, At safepoint: 11797 ns, Total: 435170 ns
[2021-08-17T02:56:13.448+0000][6][safepoint    ] Safepoint "Cleanup", Time since last: 1001182859 ns, Reaching safepoint: 122978 ns, At safepoint: 9034 ns, Total: 132012 ns
[2021-08-17T02:56:14.452+0000][6][safepoint    ] Safepoint "Cleanup", Time since last: 1002708220 ns, Reaching safepoint: 396270 ns, At safepoint: 39344 ns, Total: 435614 ns
[2021-08-17T02:56:15.455+0000][6][safepoint    ] Safepoint "Cleanup", Time since last: 1003440375 ns, Reaching safepoint: 483093 ns, At safepoint: 12436 ns, Total: 495529 ns
[2021-08-17T02:56:16.459+0000][6][safepoint    ] Safepoint "Cleanup", Time since last: 1003313848 ns, Reaching safepoint: 534703 ns, At safepoint: 49980 ns, Total: 584683 ns
[2021-08-17T02:56:17.463+0000][6][safepoint    ] Safepoint "Cleanup", Time since last: 1003138509 ns, Reaching safepoint: 428939 ns, At safepoint: 41780 ns, Total: 470719 ns
[2021-08-17T02:56:18.466+0000][6][safepoint    ] Safepoint "Cleanup", Time since last: 1002433668 ns, Reaching safepoint: 429519 ns, At safepoint: 40897 ns, Total: 470416 ns
[2021-08-17T02:56:19.470+0000][6][safepoint    ] Safepoint "Cleanup", Time since last: 1003660596 ns, Reaching safepoint: 408927 ns, At safepoint: 37883 ns, Total: 446810 ns
[2021-08-17T02:56:20.471+0000][6][safepoint    ] Safepoint "Cleanup", Time since last: 1000925763 ns, Reaching safepoint: 347743 ns, At safepoint: 27360 ns, Total: 375103 ns
[2021-08-17T02:56:21.472+0000][6][safepoint    ] Safepoint "Cleanup", Time since last: 1000868003 ns, Reaching safepoint: 171614 ns, At safepoint: 20700 ns, Total: 192314 ns
[2021-08-17T02:56:22.474+0000][6][safepoint    ] Safepoint "Cleanup", Time since last: 1001308729 ns, Reaching safepoint: 159156 ns, At safepoint: 8534 ns, Total: 167690 ns
[2021-08-17T02:56:23.475+0000][6][safepoint    ] Safepoint "Cleanup", Time since last: 1000928318 ns, Reaching safepoint: 93759 ns, At safepoint: 4429 ns, Total: 98188 ns
[2021-08-17T02:56:24.478+0000][6][safepoint    ] Safepoint "Cleanup", Time since last: 1002461525 ns, Reaching safepoint: 378332 ns, At safepoint: 13068 ns, Total: 391400 ns
[2021-08-17T02:56:25.481+0000][6][safepoint    ] Safepoint "Cleanup", Time since last: 1003079141 ns, Reaching safepoint: 255601 ns, At safepoint: 5352 ns, Total: 260953 ns
[2021-08-17T02:56:26.484+0000][6][safepoint    ] Safepoint "Cleanup", Time since last: 1002212623 ns, Reaching safepoint: 355632 ns, At safepoint: 9250 ns, Total: 364882 ns
[2021-08-17T02:56:27.487+0000][6][safepoint    ] Safepoint "Cleanup", Time since last: 1003287901 ns, Reaching safepoint: 502604 ns, At safepoint: 18742 ns, Total: 521346 ns
[2021-08-17T02:56:28.491+0000][6][safepoint    ] Safepoint "Cleanup", Time since last: 1002949379 ns, Reaching safepoint: 121880 ns, At safepoint: 8027 ns, Total: 129907 ns
[2021-08-17T02:56:29.494+0000][6][safepoint    ] Safepoint "Cleanup", Time since last: 1002886268 ns, Reaching safepoint: 122771 ns, At safepoint: 8948 ns, Total: 131719 ns
[2021-08-17T02:56:30.496+0000][6][safepoint    ] Safepoint "Cleanup", Time since last: 1002181081 ns, Reaching safepoint: 156861 ns, At safepoint: 9787 ns, Total: 166648 ns
[2021-08-17T02:56:31.500+0000][6][safepoint    ] Safepoint "Cleanup", Time since last: 1004049303 ns, Reaching safepoint: 275709 ns, At safepoint: 22870 ns, Total: 298579 ns
[2021-08-17T02:56:32.504+0000][6][safepoint    ] Safepoint "Cleanup", Time since last: 1003306893 ns, Reaching safepoint: 394317 ns, At safepoint: 38063 ns, Total: 432380 ns
[2021-08-17T02:56:33.507+0000][6][safepoint    ] Safepoint "Cleanup", Time since last: 1003235449 ns, Reaching safepoint: 202200 ns, At safepoint: 36264 ns, Total: 238464 ns
[2021-08-17T02:56:34.509+0000][6][safepoint    ] Safepoint "Cleanup", Time since last: 1000891861 ns, Reaching safepoint: 302355 ns, At safepoint: 37397 ns, Total: 339752 ns
[2021-08-17T02:56:35.513+0000][6][safepoint    ] Safepoint "Cleanup", Time since last: 1004061249 ns, Reaching safepoint: 342934 ns, At safepoint: 25199 ns, Total: 368133 ns
[2021-08-17T02:56:36.524+0000][6][safepoint    ] Safepoint "Cleanup", Time since last: 1010151587 ns, Reaching safepoint: 269736 ns, At safepoint: 41675 ns, Total: 311411 ns
[2021-08-17T02:56:37.531+0000][6][safepoint    ] Safepoint "Cleanup", Time since last: 1007156659 ns, Reaching safepoint: 133800 ns, At safepoint: 5961 ns, Total: 139761 ns
[2021-08-17T02:56:38.545+0000][6][safepoint    ] Safepoint "Cleanup", Time since last: 1013658070 ns, Reaching safepoint: 480575 ns, At safepoint: 6196 ns, Total: 486771 ns
[2021-08-17T02:56:39.553+0000][6][safepoint    ] Safepoint "Cleanup", Time since last: 1007754517 ns, Reaching safepoint: 179174 ns, At safepoint: 11358 ns, Total: 190532 ns
[2021-08-17T02:56:40.557+0000][6][safepoint    ] Safepoint "Cleanup", Time since last: 1003593201 ns, Reaching safepoint: 135729 ns, At safepoint: 12828 ns, Total: 148557 ns
[2021-08-17T02:56:41.563+0000][6][safepoint    ] Safepoint "Cleanup", Time since last: 1006569959 ns, Reaching safepoint: 166889 ns, At safepoint: 9919 ns, Total: 176808 ns
[2021-08-17T02:56:42.569+0000][6][safepoint    ] Safepoint "Cleanup", Time since last: 1005076345 ns, Reaching safepoint: 145447 ns, At safepoint: 9394 ns, Total: 154841 ns
[2021-08-17T02:56:43.572+0000][6][safepoint    ] Safepoint "Cleanup", Time since last: 1002877704 ns, Reaching safepoint: 212350 ns, At safepoint: 9168 ns, Total: 221518 ns
[2021-08-17T02:56:44.576+0000][6][safepoint    ] Safepoint "Cleanup", Time since last: 1003510073 ns, Reaching safepoint: 503097 ns, At safepoint: 13069 ns, Total: 516166 ns
[2021-08-17T02:56:45.579+0000][6][safepoint    ] Safepoint "Cleanup", Time since last: 1003236096 ns, Reaching safepoint: 122728 ns, At safepoint: 8539 ns, Total: 131267 ns
[2021-08-17T02:56:46.583+0000][6][safepoint    ] Safepoint "Cleanup", Time since last: 1003527844 ns, Reaching safepoint: 169638 ns, At safepoint: 7177 ns, Total: 176815 ns
[2021-08-17T02:56:47.585+0000][6][safepoint    ] Safepoint "Cleanup", Time since last: 1002348220 ns, Reaching safepoint: 142498 ns, At safepoint: 10878 ns, Total: 153376 ns
[2021-08-17T02:56:48.588+0000][6][safepoint    ] Safepoint "Cleanup", Time since last: 1001877571 ns, Reaching safepoint: 423280 ns, At safepoint: 11553 ns, Total: 434833 ns
[2021-08-17T02:56:49.592+0000][6][safepoint    ] Safepoint "Cleanup", Time since last: 1003409220 ns, Reaching safepoint: 405371 ns, At safepoint: 11948 ns, Total: 417319 ns
[2021-08-17T02:56:50.593+0000][6][safepoint    ] Safepoint "Cleanup", Time since last: 1000680818 ns, Reaching safepoint: 433826 ns, At safepoint: 11788 ns, Total: 445614 ns
[2021-08-17T02:56:51.595+0000][6][safepoint    ] Safepoint "Cleanup", Time since last: 1002616879 ns, Reaching safepoint: 200953 ns, At safepoint: 8123 ns, Total: 209076 ns
[2021-08-17T02:56:52.598+0000][6][safepoint    ] Safepoint "Cleanup", Time since last: 1002519578 ns, Reaching safepoint: 132833 ns, At safepoint: 8048 ns, Total: 140881 ns
[2021-08-17T02:56:53.599+0000][6][safepoint    ] Safepoint "Cleanup", Time since last: 1000796120 ns, Reaching safepoint: 401559 ns, At safepoint: 8629 ns, Total: 410188 ns
[2021-08-17T02:56:54.602+0000][6][safepoint    ] Safepoint "Cleanup", Time since last: 1002339881 ns, Reaching safepoint: 336292 ns, At safepoint: 12831 ns, Total: 349123 ns
[2021-08-17T02:56:55.603+0000][6][safepoint    ] Safepoint "Cleanup", Time since last: 1000743210 ns, Reaching safepoint: 449692 ns, At safepoint: 11904 ns, Total: 461596 ns
[2021-08-17T02:56:56.607+0000][6][safepoint    ] Safepoint "Cleanup", Time since last: 1003251330 ns, Reaching safepoint: 176959 ns, At safepoint: 10895 ns, Total: 187854 ns
[2021-08-17T02:56:57.609+0000][6][safepoint    ] Safepoint "Cleanup", Time since last: 1001657989 ns, Reaching safepoint: 180899 ns, At safepoint: 38829 ns, Total: 219728 ns
[2021-08-17T02:56:58.611+0000][6][safepoint    ] Safepoint "Cleanup", Time since last: 1001887556 ns, Reaching safepoint: 392212 ns, At safepoint: 9841 ns, Total: 402053 ns
[2021-08-17T02:56:59.612+0000][6][safepoint    ] Safepoint "Cleanup", Time since last: 1000749830 ns, Reaching safepoint: 147439 ns, At safepoint: 10913 ns, Total: 158352 ns
[2021-08-17T02:57:00.612+0000][6][safepoint    ] Safepoint "Cleanup", Time since last: 1000466048 ns, Reaching safepoint: 212465 ns, At safepoint: 10053 ns, Total: 222518 ns
[2021-08-17T02:57:01.616+0000][6][safepoint    ] Safepoint "Cleanup", Time since last: 1003863299 ns, Reaching safepoint: 163223 ns, At safepoint: 9063 ns, Total: 172286 ns
[2021-08-17T02:57:02.620+0000][6][safepoint    ] Safepoint "Cleanup", Time since last: 1003759543 ns, Reaching safepoint: 160655 ns, At safepoint: 7366 ns, Total: 168021 ns
[2021-08-17T02:57:03.622+0000][6][safepoint    ] Safepoint "Cleanup", Time since last: 1000986714 ns, Reaching safepoint: 165900 ns, At safepoint: 11893 ns, Total: 177793 ns
[2021-08-17T02:57:04.631+0000][6][safepoint    ] Safepoint "Cleanup", Time since last: 1008481164 ns, Reaching safepoint: 415836 ns, At safepoint: 41286 ns, Total: 457122 ns
[2021-08-17T02:57:05.638+0000][6][safepoint    ] Safepoint "Cleanup", Time since last: 1007194140 ns, Reaching safepoint: 470606 ns, At safepoint: 11927 ns, Total: 482533 ns
[2021-08-17T02:57:06.645+0000][6][safepoint    ] Safepoint "Cleanup", Time since last: 1006737078 ns, Reaching safepoint: 389517 ns, At safepoint: 7109 ns, Total: 396626 ns
[2021-08-17T02:57:07.652+0000][6][safepoint    ] Safepoint "Cleanup", Time since last: 1006883874 ns, Reaching safepoint: 162693 ns, At safepoint: 9627 ns, Total: 172320 ns
[2021-08-17T02:57:08.667+0000][6][safepoint    ] Safepoint "Cleanup", Time since last: 1014581818 ns, Reaching safepoint: 479061 ns, At safepoint: 11638 ns, Total: 490699 ns
[2021-08-17T02:57:09.683+0000][6][safepoint    ] Safepoint "Cleanup", Time since last: 1015146238 ns, Reaching safepoint: 449650 ns, At safepoint: 13324 ns, Total: 462974 ns
[2021-08-17T02:57:10.699+0000][6][safepoint    ] Safepoint "Cleanup", Time since last: 1015704478 ns, Reaching safepoint: 144607 ns, At safepoint: 8941 ns, Total: 153548 ns
[2021-08-17T02:57:11.704+0000][6][safepoint    ] Safepoint "Cleanup", Time since last: 1004899551 ns, Reaching safepoint: 160885 ns, At safepoint: 10585 ns, Total: 171470 ns
[2021-08-17T02:57:12.720+0000][6][safepoint    ] Safepoint "Cleanup", Time since last: 1015584290 ns, Reaching safepoint: 507328 ns, At safepoint: 6012 ns, Total: 513340 ns
[2021-08-17T02:57:13.726+0000][6][safepoint    ] Safepoint "Cleanup", Time since last: 1006158685 ns, Reaching safepoint: 192529 ns, At safepoint: 11851 ns, Total: 204380 ns
[2021-08-17T02:57:14.730+0000][6][safepoint    ] Safepoint "Cleanup", Time since last: 1002962809 ns, Reaching safepoint: 158208 ns, At safepoint: 9209 ns, Total: 167417 ns
[2021-08-17T02:57:15.733+0000][6][safepoint    ] Safepoint "Cleanup", Time since last: 1003415167 ns, Reaching safepoint: 388894 ns, At safepoint: 46894 ns, Total: 435788 ns
[2021-08-17T02:57:16.739+0000][6][safepoint    ] Safepoint "Cleanup", Time since last: 1004811878 ns, Reaching safepoint: 434544 ns, At safepoint: 12329 ns, Total: 446873 ns
[2021-08-17T02:57:17.742+0000][6][safepoint    ] Safepoint "Cleanup", Time since last: 1003366929 ns, Reaching safepoint: 421839 ns, At safepoint: 9434 ns, Total: 431273 ns
[2021-08-17T02:57:18.744+0000][6][safepoint    ] Safepoint "Cleanup", Time since last: 1000877805 ns, Reaching safepoint: 418024 ns, At safepoint: 9346 ns, Total: 427370 ns
[2021-08-17T02:57:19.745+0000][6][safepoint    ] Safepoint "Cleanup", Time since last: 1000622631 ns, Reaching safepoint: 119022 ns, At safepoint: 8718 ns, Total: 127740 ns
[2021-08-17T02:57:20.747+0000][6][safepoint    ] Safepoint "Cleanup", Time since last: 1001708534 ns, Reaching safepoint: 355396 ns, At safepoint: 9722 ns, Total: 365118 ns
[2021-08-17T02:57:21.749+0000][6][safepoint    ] Safepoint "Cleanup", Time since last: 1002099143 ns, Reaching safepoint: 366399 ns, At safepoint: 9513 ns, Total: 375912 ns
[2021-08-17T02:57:22.751+0000][6][safepoint    ] Safepoint "Cleanup", Time since last: 1001355092 ns, Reaching safepoint: 147941 ns, At safepoint: 8044 ns, Total: 155985 ns
[2021-08-17T02:57:23.752+0000][6][safepoint    ] Safepoint "Cleanup", Time since last: 1001056852 ns, Reaching safepoint: 81439 ns, At safepoint: 5266 ns, Total: 86705 ns
[2021-08-17T02:57:24.754+0000][6][safepoint    ] Safepoint "Cleanup", Time since last: 1002181583 ns, Reaching safepoint: 451248 ns, At safepoint: 16483 ns, Total: 467731 ns
[2021-08-17T02:57:25.755+0000][6][safepoint    ] Safepoint "Cleanup", Time since last: 1000276039 ns, Reaching safepoint: 183750 ns, At safepoint: 7903 ns, Total: 191653 ns
[2021-08-17T02:57:26.757+0000][6][safepoint    ] Safepoint "Cleanup", Time since last: 1001725020 ns, Reaching safepoint: 159857 ns, At safepoint: 12822 ns, Total: 172679 ns
[2021-08-17T02:57:27.759+0000][6][safepoint    ] Safepoint "Cleanup", Time since last: 1002176294 ns, Reaching safepoint: 422086 ns, At safepoint: 14005 ns, Total: 436091 ns
[2021-08-17T02:57:28.761+0000][6][safepoint    ] Safepoint "Cleanup", Time since last: 1001158951 ns, Reaching safepoint: 144276 ns, At safepoint: 8426 ns, Total: 152702 ns
[2021-08-17T02:57:29.764+0000][6][safepoint    ] Safepoint "Cleanup", Time since last: 1003114750 ns, Reaching safepoint: 154815 ns, At safepoint: 10081 ns, Total: 164896 ns
[2021-08-17T02:57:30.767+0000][6][safepoint    ] Safepoint "Cleanup", Time since last: 1002872995 ns, Reaching safepoint: 401805 ns, At safepoint: 9149 ns, Total: 410954 ns
[2021-08-17T02:57:31.770+0000][6][safepoint    ] Safepoint "Cleanup", Time since last: 1002727172 ns, Reaching safepoint: 135707 ns, At safepoint: 9436 ns, Total: 145143 ns
[2021-08-17T02:57:32.773+0000][6][safepoint    ] Safepoint "Cleanup", Time since last: 1002335836 ns, Reaching safepoint: 115130 ns, At safepoint: 11462 ns, Total: 126592 ns
[2021-08-17T02:57:33.773+0000][6][safepoint    ] Safepoint "Cleanup", Time since last: 1000339921 ns, Reaching safepoint: 191284 ns, At safepoint: 7855 ns, Total: 199139 ns
[2021-08-17T02:57:34.777+0000][6][safepoint    ] Safepoint "Cleanup", Time since last: 1003427409 ns, Reaching safepoint: 155333 ns, At safepoint: 11216 ns, Total: 166549 ns
[2021-08-17T02:57:35.780+0000][6][safepoint    ] Safepoint "Cleanup", Time since last: 1002551859 ns, Reaching safepoint: 536147 ns, At safepoint: 56516 ns, Total: 592663 ns
[2021-08-17T02:57:36.781+0000][6][safepoint    ] Safepoint "Cleanup", Time since last: 1001140326 ns, Reaching safepoint: 381418 ns, At safepoint: 9878 ns, Total: 391296 ns
[2021-08-17T02:57:37.782+0000][6][safepoint    ] Safepoint "Cleanup", Time since last: 1000623524 ns, Reaching safepoint: 148750 ns, At safepoint: 7343 ns, Total: 156093 ns
[2021-08-17T02:57:38.786+0000][6][safepoint    ] Safepoint "Cleanup", Time since last: 1003052526 ns, Reaching safepoint: 351060 ns, At safepoint: 7029 ns, Total: 358089 ns
[2021-08-17T02:57:39.786+0000][6][safepoint    ] Safepoint "Cleanup", Time since last: 1000413048 ns, Reaching safepoint: 144785 ns, At safepoint: 6693 ns, Total: 151478 ns
[2021-08-17T02:57:40.789+0000][6][safepoint    ] Safepoint "Cleanup", Time since last: 1002865750 ns, Reaching safepoint: 345474 ns, At safepoint: 21042 ns, Total: 366516 ns
[2021-08-17T02:57:41.791+0000][6][safepoint    ] Safepoint "Cleanup", Time since last: 1001024938 ns, Reaching safepoint: 376901 ns, At safepoint: 10208 ns, Total: 387109 ns
[2021-08-17T02:57:42.794+0000][6][safepoint    ] Safepoint "Cleanup", Time since last: 1002475719 ns, Reaching safepoint: 440803 ns, At safepoint: 11887 ns, Total: 452690 ns
[2021-08-17T02:57:43.797+0000][6][safepoint    ] Safepoint "Cleanup", Time since last: 1003023173 ns, Reaching safepoint: 410828 ns, At safepoint: 8683 ns, Total: 419511 ns
[2021-08-17T02:57:44.800+0000][6][safepoint    ] Safepoint "Cleanup", Time since last: 1002544115 ns, Reaching safepoint: 137277 ns, At safepoint: 8235 ns, Total: 145512 ns
[2021-08-17T02:57:45.802+0000][6][safepoint    ] Safepoint "Cleanup", Time since last: 1002525208 ns, Reaching safepoint: 120487 ns, At safepoint: 7416 ns, Total: 127903 ns
[2021-08-17T02:57:46.806+0000][6][safepoint    ] Safepoint "Cleanup", Time since last: 1003373792 ns, Reaching safepoint: 433164 ns, At safepoint: 9346 ns, Total: 442510 ns
[2021-08-17T02:57:47.809+0000][6][safepoint    ] Safepoint "Cleanup", Time since last: 1002447647 ns, Reaching safepoint: 389015 ns, At safepoint: 8751 ns, Total: 397766 ns
[2021-08-17T02:57:48.812+0000][6][safepoint    ] Safepoint "Cleanup", Time since last: 1002743722 ns, Reaching safepoint: 122545 ns, At safepoint: 8784 ns, Total: 131329 ns
[2021-08-17T02:57:49.816+0000][6][safepoint    ] Safepoint "Cleanup", Time since last: 1003585649 ns, Reaching safepoint: 393829 ns, At safepoint: 9710 ns, Total: 403539 ns
[2021-08-17T02:57:50.819+0000][6][safepoint    ] Safepoint "Cleanup", Time since last: 1002671838 ns, Reaching safepoint: 462302 ns, At safepoint: 43107 ns, Total: 505409 ns
[2021-08-17T02:57:51.821+0000][6][safepoint    ] Safepoint "Cleanup", Time since last: 1001478006 ns, Reaching safepoint: 376140 ns, At safepoint: 11489 ns, Total: 387629 ns
[2021-08-17T02:57:53.053+0000][6][safepoint    ] Safepoint "Cleanup", Time since last: 1231302911 ns, Reaching safepoint: 256071 ns, At safepoint: 9442 ns, Total: 265513 ns
[2021-08-17T02:57:54.055+0000][6][safepoint    ] Safepoint "Cleanup", Time since last: 1001870710 ns, Reaching safepoint: 230384 ns, At safepoint: 9942 ns, Total: 240326 ns
[2021-08-17T02:57:55.056+0000][6][safepoint    ] Safepoint "Cleanup", Time since last: 1000981513 ns, Reaching safepoint: 201902 ns, At safepoint: 7842 ns, Total: 209744 ns
[2021-08-17T02:57:56.059+0000][6][safepoint    ] Safepoint "Cleanup", Time since last: 1002151697 ns, Reaching safepoint: 424907 ns, At safepoint: 5000 ns, Total: 429907 ns
[2021-08-17T02:57:57.060+0000][6][safepoint    ] Safepoint "Cleanup", Time since last: 1001561159 ns, Reaching safepoint: 197874 ns, At safepoint: 8218 ns, Total: 206092 ns
[2021-08-17T02:57:58.063+0000][6][safepoint    ] Safepoint "Cleanup", Time since last: 1002849518 ns, Reaching safepoint: 194869 ns, At safepoint: 7572 ns, Total: 202441 ns
[2021-08-17T02:57:59.066+0000][6][safepoint    ] Safepoint "Cleanup", Time since last: 1002250201 ns, Reaching safepoint: 167056 ns, At safepoint: 6243 ns, Total: 173299 ns
[2021-08-17T02:58:00.067+0000][6][safepoint    ] Safepoint "Cleanup", Time since last: 1001291466 ns, Reaching safepoint: 143327 ns, At safepoint: 5226 ns, Total: 148553 ns
[2021-08-17T02:58:01.071+0000][6][safepoint    ] Safepoint "Cleanup", Time since last: 1003145281 ns, Reaching safepoint: 191018 ns, At safepoint: 8234 ns, Total: 199252 ns
[2021-08-17T02:58:02.072+0000][6][safepoint    ] Safepoint "Cleanup", Time since last: 1001646420 ns, Reaching safepoint: 202532 ns, At safepoint: 8358 ns, Total: 210890 ns
[2021-08-17T02:58:03.075+0000][6][safepoint    ] Safepoint "Cleanup", Time since last: 1002401722 ns, Reaching safepoint: 202627 ns, At safepoint: 8739 ns, Total: 211366 ns
[2021-08-17T02:58:04.078+0000][6][safepoint    ] Safepoint "Cleanup", Time since last: 1002888704 ns, Reaching safepoint: 131319 ns, At safepoint: 32652 ns, Total: 163971 ns
[2021-08-17T02:58:05.081+0000][6][safepoint    ] Safepoint "Cleanup", Time since last: 1002524704 ns, Reaching safepoint: 238704 ns, At safepoint: 10769 ns, Total: 249473 ns
[2021-08-17T02:58:06.082+0000][6][safepoint    ] Safepoint "Cleanup", Time since last: 1001007720 ns, Reaching safepoint: 203913 ns, At safepoint: 40206 ns, Total: 244119 ns
[2021-08-17T02:58:07.086+0000][6][safepoint    ] Safepoint "Cleanup", Time since last: 1003652506 ns, Reaching safepoint: 222297 ns, At safepoint: 11863 ns, Total: 234160 ns
[2021-08-17T02:58:08.089+0000][6][safepoint    ] Safepoint "Cleanup", Time since last: 1002687397 ns, Reaching safepoint: 208185 ns, At safepoint: 8207 ns, Total: 216392 ns
[2021-08-17T02:58:09.093+0000][6][safepoint    ] Safepoint "Cleanup", Time since last: 1003528420 ns, Reaching safepoint: 172183 ns, At safepoint: 6703 ns, Total: 178886 ns
[2021-08-17T02:58:10.094+0000][6][safepoint    ] Safepoint "Cleanup", Time since last: 1001091010 ns, Reaching safepoint: 236435 ns, At safepoint: 8656 ns, Total: 245091 ns
[2021-08-17T02:58:11.097+0000][6][safepoint    ] Safepoint "Cleanup", Time since last: 1002822787 ns, Reaching safepoint: 134922 ns, At safepoint: 6471 ns, Total: 141393 ns
[2021-08-17T02:58:12.101+0000][6][safepoint    ] Safepoint "Cleanup", Time since last: 1003869716 ns, Reaching safepoint: 158891 ns, At safepoint: 5543 ns, Total: 164434 ns
[2021-08-17T02:58:13.104+0000][6][safepoint    ] Safepoint "Cleanup", Time since last: 1003023644 ns, Reaching safepoint: 195088 ns, At safepoint: 7894 ns, Total: 202982 ns
[2021-08-17T02:58:14.105+0000][6][safepoint    ] Safepoint "Cleanup", Time since last: 1000437391 ns, Reaching safepoint: 194667 ns, At safepoint: 7519 ns, Total: 202186 ns
[2021-08-17T02:58:15.106+0000][6][safepoint    ] Safepoint "Cleanup", Time since last: 1000534662 ns, Reaching safepoint: 191972 ns, At safepoint: 8080 ns, Total: 200052 ns
[2021-08-17T02:58:16.109+0000][6][safepoint    ] Safepoint "Cleanup", Time since last: 1003092171 ns, Reaching safepoint: 198841 ns, At safepoint: 8222 ns, Total: 207063 ns
[2021-08-17T02:58:17.112+0000][6][safepoint    ] Safepoint "Cleanup", Time since last: 1002835526 ns, Reaching safepoint: 192953 ns, At safepoint: 10513 ns, Total: 203466 ns
[2021-08-17T02:58:18.114+0000][6][safepoint    ] Safepoint "Cleanup", Time since last: 1001875440 ns, Reaching safepoint: 239177 ns, At safepoint: 30646 ns, Total: 269823 ns
[2021-08-17T02:58:19.116+0000][6][safepoint    ] Safepoint "Cleanup", Time since last: 1001776524 ns, Reaching safepoint: 222739 ns, At safepoint: 7303 ns, Total: 230042 ns
[2021-08-17T02:58:20.118+0000][6][safepoint    ] Safepoint "Cleanup", Time since last: 1001859937 ns, Reaching safepoint: 197979 ns, At safepoint: 8065 ns, Total: 206044 ns
[2021-08-17T02:58:21.120+0000][6][safepoint    ] Safepoint "Cleanup", Time since last: 1001695701 ns, Reaching safepoint: 129641 ns, At safepoint: 4598 ns, Total: 134239 ns
[2021-08-17T02:58:22.123+0000][6][safepoint    ] Safepoint "Cleanup", Time since last: 1002861377 ns, Reaching safepoint: 136193 ns, At safepoint: 4830 ns, Total: 141023 ns
[2021-08-17T02:58:23.126+0000][6][safepoint    ] Safepoint "Cleanup", Time since last: 1002601229 ns, Reaching safepoint: 242143 ns, At safepoint: 13025 ns, Total: 255168 ns
[2021-08-17T02:58:24.126+0000][6][safepoint    ] Safepoint "Cleanup", Time since last: 1000282862 ns, Reaching safepoint: 159269 ns, At safepoint: 6412 ns, Total: 165681 ns
[2021-08-17T02:58:25.127+0000][6][safepoint    ] Safepoint "Cleanup", Time since last: 1000275636 ns, Reaching safepoint: 247428 ns, At safepoint: 9829 ns, Total: 257257 ns
[2021-08-17T02:58:26.128+0000][6][safepoint    ] Safepoint "Cleanup", Time since last: 1001479297 ns, Reaching safepoint: 135702 ns, At safepoint: 5437 ns, Total: 141139 ns
[2021-08-17T02:58:27.131+0000][6][safepoint    ] Safepoint "Cleanup", Time since last: 1002138438 ns, Reaching safepoint: 128115 ns, At safepoint: 5051 ns, Total: 133166 ns
[2021-08-17T02:58:28.131+0000][6][safepoint    ] Safepoint "Cleanup", Time since last: 1000612293 ns, Reaching safepoint: 205607 ns, At safepoint: 8244 ns, Total: 213851 ns
[2021-08-17T02:58:29.135+0000][6][safepoint    ] Safepoint "Cleanup", Time since last: 1003603588 ns, Reaching safepoint: 192064 ns, At safepoint: 7638 ns, Total: 199702 ns
[2021-08-17T02:58:30.137+0000][6][safepoint    ] Safepoint "Cleanup", Time since last: 1001993426 ns, Reaching safepoint: 207511 ns, At safepoint: 7948 ns, Total: 215459 ns
[2021-08-17T02:58:31.139+0000][6][safepoint    ] Safepoint "Cleanup", Time since last: 1001743815 ns, Reaching safepoint: 196111 ns, At safepoint: 7678 ns, Total: 203789 ns
[2021-08-17T02:58:32.142+0000][6][safepoint    ] Safepoint "Cleanup", Time since last: 1001934080 ns, Reaching safepoint: 263053 ns, At safepoint: 5351 ns, Total: 268404 ns
[2021-08-17T02:58:33.144+0000][6][safepoint    ] Safepoint "Cleanup", Time since last: 1002111566 ns, Reaching safepoint: 195629 ns, At safepoint: 7790 ns, Total: 203419 ns
[2021-08-17T02:58:34.145+0000][6][safepoint    ] Safepoint "Cleanup", Time since last: 1001307337 ns, Reaching safepoint: 208790 ns, At safepoint: 10550 ns, Total: 219340 ns
[2021-08-17T02:58:35.148+0000][6][safepoint    ] Safepoint "Cleanup", Time since last: 1002728261 ns, Reaching safepoint: 204964 ns, At safepoint: 7512 ns, Total: 212476 ns
[2021-08-17T02:58:36.152+0000][6][safepoint    ] Safepoint "Cleanup", Time since last: 1002865889 ns, Reaching safepoint: 277737 ns, At safepoint: 13015 ns, Total: 290752 ns
[2021-08-17T02:58:37.152+0000][6][safepoint    ] Safepoint "Cleanup", Time since last: 1000665465 ns, Reaching safepoint: 202334 ns, At safepoint: 7994 ns, Total: 210328 ns
[2021-08-17T02:58:38.156+0000][6][safepoint    ] Safepoint "Cleanup", Time since last: 1003203265 ns, Reaching safepoint: 254188 ns, At safepoint: 9577 ns, Total: 263765 ns
[2021-08-17T02:58:39.160+0000][6][safepoint    ] Safepoint "Cleanup", Time since last: 1003600167 ns, Reaching safepoint: 196437 ns, At safepoint: 8146 ns, Total: 204583 ns
[2021-08-17T02:58:40.161+0000][6][safepoint    ] Safepoint "Cleanup", Time since last: 1001014906 ns, Reaching safepoint: 384226 ns, At safepoint: 12840 ns, Total: 397066 ns
[2021-08-17T02:58:41.163+0000][6][safepoint    ] Safepoint "Cleanup", Time since last: 1001931356 ns, Reaching safepoint: 242928 ns, At safepoint: 11028 ns, Total: 253956 ns
[2021-08-17T02:58:42.166+0000][6][safepoint    ] Safepoint "Cleanup", Time since last: 1002666350 ns, Reaching safepoint: 185342 ns, At safepoint: 7618 ns, Total: 192960 ns
[2021-08-17T02:58:43.168+0000][6][safepoint    ] Safepoint "Cleanup", Time since last: 1001654344 ns, Reaching safepoint: 178139 ns, At safepoint: 5075 ns, Total: 183214 ns
[2021-08-17T02:58:44.170+0000][6][safepoint    ] Safepoint "Cleanup", Time since last: 1002202780 ns, Reaching safepoint: 149099 ns, At safepoint: 5646 ns, Total: 154745 ns
[2021-08-17T02:58:45.173+0000][6][safepoint    ] Safepoint "Cleanup", Time since last: 1002898008 ns, Reaching safepoint: 146428 ns, At safepoint: 5391 ns, Total: 151819 ns
[2021-08-17T02:58:46.177+0000][6][safepoint    ] Safepoint "Cleanup", Time since last: 1003905396 ns, Reaching safepoint: 157953 ns, At safepoint: 5629 ns, Total: 163582 ns
[2021-08-17T02:58:47.181+0000][6][safepoint    ] Safepoint "Cleanup", Time since last: 1003111624 ns, Reaching safepoint: 379080 ns, At safepoint: 14421 ns, Total: 393501 ns
[2021-08-17T02:58:48.184+0000][6][safepoint    ] Safepoint "Cleanup", Time since last: 1003228509 ns, Reaching safepoint: 135531 ns, At safepoint: 4655 ns, Total: 140186 ns
[2021-08-17T02:58:49.188+0000][6][safepoint    ] Safepoint "Cleanup", Time since last: 1003017366 ns, Reaching safepoint: 236677 ns, At safepoint: 10741 ns, Total: 247418 ns
[2021-08-17T02:58:50.192+0000][6][safepoint    ] Safepoint "Cleanup", Time since last: 1003975563 ns, Reaching safepoint: 276042 ns, At safepoint: 14826 ns, Total: 290868 ns
[2021-08-17T02:58:51.195+0000][6][safepoint    ] Safepoint "Cleanup", Time since last: 1002482703 ns, Reaching safepoint: 183706 ns, At safepoint: 7501 ns, Total: 191207 ns
[2021-08-17T02:58:52.199+0000][6][safepoint    ] Safepoint "Cleanup", Time since last: 1003796095 ns, Reaching safepoint: 228567 ns, At safepoint: 10446 ns, Total: 239013 ns
[2021-08-17T02:58:53.201+0000][6][safepoint    ] Safepoint "Cleanup", Time since last: 1001916042 ns, Reaching safepoint: 170105 ns, At safepoint: 6714 ns, Total: 176819 ns
[2021-08-17T02:58:54.203+0000][6][safepoint    ] Safepoint "Cleanup", Time since last: 1002081246 ns, Reaching safepoint: 163095 ns, At safepoint: 7821 ns, Total: 170916 ns
[2021-08-17T02:58:55.205+0000][6][safepoint    ] Safepoint "Cleanup", Time since last: 1001932428 ns, Reaching safepoint: 214763 ns, At safepoint: 7200 ns, Total: 221963 ns
[2021-08-17T02:58:56.209+0000][6][safepoint    ] Safepoint "Cleanup", Time since last: 1003866451 ns, Reaching safepoint: 140800 ns, At safepoint: 4790 ns, Total: 145590 ns
[2021-08-17T02:58:57.212+0000][6][safepoint    ] Safepoint "Cleanup", Time since last: 1002469426 ns, Reaching safepoint: 254845 ns, At safepoint: 9279 ns, Total: 264124 ns
[2021-08-17T02:58:58.215+0000][6][safepoint    ] Safepoint "Cleanup", Time since last: 1002884402 ns, Reaching safepoint: 305602 ns, At safepoint: 45475 ns, Total: 351077 ns
[2021-08-17T02:58:59.217+0000][6][safepoint    ] Safepoint "Cleanup", Time since last: 1001428095 ns, Reaching safepoint: 172316 ns, At safepoint: 7761 ns, Total: 180077 ns
[2021-08-17T02:59:00.220+0000][6][safepoint    ] Safepoint "Cleanup", Time since last: 1003302372 ns, Reaching safepoint: 269391 ns, At safepoint: 10301 ns, Total: 279692 ns
[2021-08-17T02:59:01.224+0000][6][safepoint    ] Safepoint "Cleanup", Time since last: 1003311685 ns, Reaching safepoint: 206440 ns, At safepoint: 7936 ns, Total: 214376 ns
[2021-08-17T02:59:02.227+0000][6][safepoint    ] Safepoint "Cleanup", Time since last: 1003053132 ns, Reaching safepoint: 137113 ns, At safepoint: 5390 ns, Total: 142503 ns
[2021-08-17T02:59:03.228+0000][6][safepoint    ] Safepoint "Cleanup", Time since last: 1000653785 ns, Reaching safepoint: 207883 ns, At safepoint: 7527 ns, Total: 215410 ns
[2021-08-17T02:59:04.229+0000][6][safepoint    ] Safepoint "Cleanup", Time since last: 1000999441 ns, Reaching safepoint: 201129 ns, At safepoint: 8361 ns, Total: 209490 ns
[2021-08-17T02:59:05.232+0000][6][safepoint    ] Safepoint "Cleanup", Time since last: 1002893477 ns, Reaching safepoint: 209644 ns, At safepoint: 7961 ns, Total: 217605 ns
[2021-08-17T02:59:06.233+0000][6][safepoint    ] Safepoint "Cleanup", Time since last: 1000367294 ns, Reaching safepoint: 121984 ns, At safepoint: 5053 ns, Total: 127037 ns
[2021-08-17T02:59:07.236+0000][6][safepoint    ] Safepoint "Cleanup", Time since last: 1003118842 ns, Reaching safepoint: 196433 ns, At safepoint: 8900 ns, Total: 205333 ns
[2021-08-17T02:59:08.237+0000][6][safepoint    ] Safepoint "Cleanup", Time since last: 1000384746 ns, Reaching safepoint: 173845 ns, At safepoint: 5483 ns, Total: 179328 ns
[2021-08-17T02:59:09.239+0000][6][safepoint    ] Safepoint "Cleanup", Time since last: 1002710136 ns, Reaching safepoint: 201508 ns, At safepoint: 9588 ns, Total: 211096 ns
[2021-08-17T02:59:10.241+0000][6][safepoint    ] Safepoint "Cleanup", Time since last: 1001604783 ns, Reaching safepoint: 316944 ns, At safepoint: 7842 ns, Total: 324786 ns
[2021-08-17T02:59:11.245+0000][6][safepoint    ] Safepoint "Cleanup", Time since last: 1003210019 ns, Reaching safepoint: 205571 ns, At safepoint: 36390 ns, Total: 241961 ns
[2021-08-17T02:59:12.247+0000][6][safepoint    ] Safepoint "Cleanup", Time since last: 1001679226 ns, Reaching safepoint: 170813 ns, At safepoint: 7936 ns, Total: 178749 ns
[2021-08-17T02:59:13.248+0000][6][safepoint    ] Safepoint "Cleanup", Time since last: 1001152982 ns, Reaching safepoint: 209697 ns, At safepoint: 9533 ns, Total: 219230 ns
[2021-08-17T02:59:14.250+0000][6][safepoint    ] Safepoint "Cleanup", Time since last: 1001752843 ns, Reaching safepoint: 147232 ns, At safepoint: 5485 ns, Total: 152717 ns
[2021-08-17T02:59:15.254+0000][6][safepoint    ] Safepoint "Cleanup", Time since last: 1003868898 ns, Reaching safepoint: 139391 ns, At safepoint: 5089 ns, Total: 144480 ns
[2021-08-17T02:59:16.258+0000][6][safepoint    ] Safepoint "Cleanup", Time since last: 1003670143 ns, Reaching safepoint: 150285 ns, At safepoint: 4944 ns, Total: 155229 ns
[2021-08-17T02:59:17.260+0000][6][safepoint    ] Safepoint "Cleanup", Time since last: 1002291217 ns, Reaching safepoint: 343430 ns, At safepoint: 10076 ns, Total: 353506 ns
[2021-08-17T02:59:18.261+0000][6][safepoint    ] Safepoint "Cleanup", Time since last: 1000521782 ns, Reaching safepoint: 204750 ns, At safepoint: 7462 ns, Total: 212212 ns
[2021-08-17T02:59:19.265+0000][6][safepoint    ] Safepoint "Cleanup", Time since last: 1003051526 ns, Reaching safepoint: 237148 ns, At safepoint: 10122 ns, Total: 247270 ns
[2021-08-17T02:59:20.266+0000][6][safepoint    ] Safepoint "Cleanup", Time since last: 1001027407 ns, Reaching safepoint: 204464 ns, At safepoint: 7805 ns, Total: 212269 ns
[2021-08-17T02:59:21.268+0000][6][safepoint    ] Safepoint "Cleanup", Time since last: 1002292853 ns, Reaching safepoint: 195782 ns, At safepoint: 7796 ns, Total: 203578 ns
[2021-08-17T02:59:22.269+0000][6][safepoint    ] Safepoint "Cleanup", Time since last: 1000744716 ns, Reaching safepoint: 226036 ns, At safepoint: 9127 ns, Total: 235163 ns
[2021-08-17T02:59:23.270+0000][6][safepoint    ] Safepoint "Cleanup", Time since last: 1000620473 ns, Reaching safepoint: 197436 ns, At safepoint: 8171 ns, Total: 205607 ns
[2021-08-17T02:59:24.272+0000][6][safepoint    ] Safepoint "Cleanup", Time since last: 1001274601 ns, Reaching safepoint: 249781 ns, At safepoint: 9992 ns, Total: 259773 ns
[2021-08-17T02:59:25.275+0000][6][safepoint    ] Safepoint "Cleanup", Time since last: 1002881279 ns, Reaching safepoint: 128773 ns, At safepoint: 36679 ns, Total: 165452 ns
[2021-08-17T02:59:26.279+0000][6][safepoint    ] Safepoint "Cleanup", Time since last: 1003969060 ns, Reaching safepoint: 157982 ns, At safepoint: 5703 ns, Total: 163685 ns
[2021-08-17T02:59:27.281+0000][6][safepoint    ] Safepoint "Cleanup", Time since last: 1002209486 ns, Reaching safepoint: 189221 ns, At safepoint: 7712 ns, Total: 196933 ns
[2021-08-17T02:59:28.283+0000][6][safepoint    ] Safepoint "Cleanup", Time since last: 1001641435 ns, Reaching safepoint: 206608 ns, At safepoint: 8066 ns, Total: 214674 ns
[2021-08-17T02:59:29.284+0000][6][safepoint    ] Safepoint "Cleanup", Time since last: 1000269198 ns, Reaching safepoint: 197935 ns, At safepoint: 8603 ns, Total: 206538 ns
[2021-08-17T02:59:30.287+0000][6][safepoint    ] Safepoint "Cleanup", Time since last: 1003603970 ns, Reaching safepoint: 301454 ns, At safepoint: 8280 ns, Total: 309734 ns
[2021-08-17T02:59:31.288+0000][6][safepoint    ] Safepoint "Cleanup", Time since last: 1000545921 ns, Reaching safepoint: 194222 ns, At safepoint: 8129 ns, Total: 202351 ns
[2021-08-17T02:59:32.290+0000][6][safepoint    ] Safepoint "Cleanup", Time since last: 1001780577 ns, Reaching safepoint: 207425 ns, At safepoint: 8050 ns, Total: 215475 ns
[2021-08-17T02:59:33.293+0000][6][safepoint    ] Safepoint "Cleanup", Time since last: 1002782308 ns, Reaching safepoint: 197665 ns, At safepoint: 8053 ns, Total: 205718 ns
[2021-08-17T02:59:34.297+0000][6][safepoint    ] Safepoint "Cleanup", Time since last: 1003150322 ns, Reaching safepoint: 205415 ns, At safepoint: 7822 ns, Total: 213237 ns
[2021-08-17T02:59:35.298+0000][6][safepoint    ] Safepoint "Cleanup", Time since last: 1000878735 ns, Reaching safepoint: 200012 ns, At safepoint: 7381 ns, Total: 207393 ns
[2021-08-17T02:59:36.298+0000][6][safepoint    ] Safepoint "Cleanup", Time since last: 1000607720 ns, Reaching safepoint: 254285 ns, At safepoint: 10196 ns, Total: 264481 ns
[2021-08-17T02:59:37.302+0000][6][safepoint    ] Safepoint "Cleanup", Time since last: 1003183922 ns, Reaching safepoint: 250359 ns, At safepoint: 11262 ns, Total: 261621 ns
[2021-08-17T02:59:38.304+0000][6][safepoint    ] Safepoint "Cleanup", Time since last: 1001801430 ns, Reaching safepoint: 277189 ns, At safepoint: 10643 ns, Total: 287832 ns
[2021-08-17T02:59:39.306+0000][6][safepoint    ] Safepoint "Cleanup", Time since last: 1001554497 ns, Reaching safepoint: 199649 ns, At safepoint: 7696 ns, Total: 207345 ns
[2021-08-17T02:59:40.307+0000][6][safepoint    ] Safepoint "Cleanup", Time since last: 1001119284 ns, Reaching safepoint: 177732 ns, At safepoint: 8446 ns, Total: 186178 ns
[2021-08-17T02:59:41.311+0000][6][safepoint    ] Safepoint "Cleanup", Time since last: 1004120601 ns, Reaching safepoint: 250947 ns, At safepoint: 7492 ns, Total: 258439 ns
[2021-08-17T02:59:42.313+0000][6][safepoint    ] Safepoint "Cleanup", Time since last: 1000833216 ns, Reaching safepoint: 195268 ns, At safepoint: 7794 ns, Total: 203062 ns
[2021-08-17T02:59:43.316+0000][6][safepoint    ] Safepoint "Cleanup", Time since last: 1003483430 ns, Reaching safepoint: 208737 ns, At safepoint: 8438 ns, Total: 217175 ns
[2021-08-17T02:59:44.318+0000][6][safepoint    ] Safepoint "Cleanup", Time since last: 1002043511 ns, Reaching safepoint: 212811 ns, At safepoint: 10507 ns, Total: 223318 ns
[2021-08-17T02:59:45.322+0000][6][safepoint    ] Safepoint "Cleanup", Time since last: 1003100613 ns, Reaching safepoint: 175223 ns, At safepoint: 7588 ns, Total: 182811 ns
[2021-08-17T02:59:46.322+0000][6][safepoint    ] Safepoint "Cleanup", Time since last: 1000388524 ns, Reaching safepoint: 269201 ns, At safepoint: 7993 ns, Total: 277194 ns
[2021-08-17T02:59:47.323+0000][6][safepoint    ] Safepoint "Cleanup", Time since last: 1000201991 ns, Reaching safepoint: 198718 ns, At safepoint: 7703 ns, Total: 206421 ns
[2021-08-17T02:59:48.325+0000][6][safepoint    ] Safepoint "Cleanup", Time since last: 1001605724 ns, Reaching safepoint: 187247 ns, At safepoint: 5292 ns, Total: 192539 ns
[2021-08-17T02:59:49.327+0000][6][safepoint    ] Safepoint "Cleanup", Time since last: 1002194392 ns, Reaching safepoint: 191669 ns, At safepoint: 6644 ns, Total: 198313 ns
[2021-08-17T02:59:50.328+0000][6][safepoint    ] Safepoint "Cleanup", Time since last: 1001097985 ns, Reaching safepoint: 324570 ns, At safepoint: 10094 ns, Total: 334664 ns
[2021-08-17T02:59:51.332+0000][6][safepoint    ] Safepoint "Cleanup", Time since last: 1003339719 ns, Reaching safepoint: 162421 ns, At safepoint: 5859 ns, Total: 168280 ns
[2021-08-17T02:59:52.333+0000][6][safepoint    ] Safepoint "Cleanup", Time since last: 1001033640 ns, Reaching safepoint: 194949 ns, At safepoint: 7880 ns, Total: 202829 ns
[2021-08-17T02:59:53.334+0000][6][safepoint    ] Safepoint "Cleanup", Time since last: 1001068242 ns, Reaching safepoint: 145490 ns, At safepoint: 5092 ns, Total: 150582 ns
[2021-08-17T02:59:54.336+0000][6][safepoint    ] Safepoint "Cleanup", Time since last: 1000849078 ns, Reaching safepoint: 227877 ns, At safepoint: 9987 ns, Total: 237864 ns
[2021-08-17T02:59:55.339+0000][6][safepoint    ] Safepoint "Cleanup", Time since last: 1003205882 ns, Reaching safepoint: 213248 ns, At safepoint: 8103 ns, Total: 221351 ns
[2021-08-17T02:59:56.341+0000][6][safepoint    ] Safepoint "Cleanup", Time since last: 1001708947 ns, Reaching safepoint: 322177 ns, At safepoint: 9192 ns, Total: 331369 ns
[2021-08-17T02:59:57.344+0000][6][safepoint    ] Safepoint "Cleanup", Time since last: 1002445944 ns, Reaching safepoint: 116264 ns, At safepoint: 4241 ns, Total: 120505 ns
[2021-08-17T02:59:58.347+0000][6][safepoint    ] Safepoint "Cleanup", Time since last: 1003750153 ns, Reaching safepoint: 202453 ns, At safepoint: 8484 ns, Total: 210937 ns
[2021-08-17T02:59:59.350+0000][6][safepoint    ] Safepoint "Cleanup", Time since last: 1002429110 ns, Reaching safepoint: 157080 ns, At safepoint: 6148 ns, Total: 163228 ns
[2021-08-17T03:00:00.351+0000][6][safepoint    ] Safepoint "Cleanup", Time since last: 1000810699 ns, Reaching safepoint: 148768 ns, At safepoint: 7131 ns, Total: 155899 ns
[2021-08-17T03:00:01.355+0000][6][safepoint    ] Safepoint "Cleanup", Time since last: 1004064846 ns, Reaching safepoint: 253338 ns, At safepoint: 8462 ns, Total: 261800 ns
[2021-08-17T03:00:02.360+0000][6][safepoint    ] Safepoint "Cleanup", Time since last: 1003968781 ns, Reaching safepoint: 145147 ns, At safepoint: 31266 ns, Total: 176413 ns
[2021-08-17T03:00:03.361+0000][6][safepoint    ] Safepoint "Cleanup", Time since last: 1001707471 ns, Reaching safepoint: 193337 ns, At safepoint: 8016 ns, Total: 201353 ns
[2021-08-17T03:00:04.363+0000][6][safepoint    ] Safepoint "Cleanup", Time since last: 1000873882 ns, Reaching safepoint: 195195 ns, At safepoint: 8204 ns, Total: 203399 ns
[2021-08-17T03:00:05.363+0000][6][safepoint    ] Safepoint "Cleanup", Time since last: 1000746499 ns, Reaching safepoint: 203100 ns, At safepoint: 7900 ns, Total: 211000 ns
[2021-08-17T03:00:06.365+0000][6][safepoint    ] Safepoint "Cleanup", Time since last: 1000791748 ns, Reaching safepoint: 286342 ns, At safepoint: 12021 ns, Total: 298363 ns
[2021-08-17T03:00:07.366+0000][6][safepoint    ] Safepoint "Cleanup", Time since last: 1000690470 ns, Reaching safepoint: 274588 ns, At safepoint: 10637 ns, Total: 285225 ns
[2021-08-17T03:00:08.369+0000][6][safepoint    ] Safepoint "Cleanup", Time since last: 1003472598 ns, Reaching safepoint: 200534 ns, At safepoint: 6880 ns, Total: 207414 ns
[2021-08-17T03:00:09.373+0000][6][safepoint    ] Safepoint "Cleanup", Time since last: 1003533275 ns, Reaching safepoint: 204750 ns, At safepoint: 9703 ns, Total: 214453 ns
[2021-08-17T03:00:10.374+0000][6][safepoint    ] Safepoint "Cleanup", Time since last: 1000869569 ns, Reaching safepoint: 205264 ns, At safepoint: 8395 ns, Total: 213659 ns
[2021-08-17T03:00:11.375+0000][6][safepoint    ] Safepoint "Cleanup", Time since last: 1000688693 ns, Reaching safepoint: 144743 ns, At safepoint: 7480 ns, Total: 152223 ns
[2021-08-17T03:00:12.376+0000][6][safepoint    ] Safepoint "Cleanup", Time since last: 1001239620 ns, Reaching safepoint: 281575 ns, At safepoint: 8795 ns, Total: 290370 ns
[2021-08-17T03:00:13.380+0000][6][safepoint    ] Safepoint "Cleanup", Time since last: 1002913368 ns, Reaching safepoint: 223777 ns, At safepoint: 14690 ns, Total: 238467 ns
[2021-08-17T03:00:14.388+0000][6][safepoint    ] Safepoint "Cleanup", Time since last: 1007808444 ns, Reaching safepoint: 148965 ns, At safepoint: 8858 ns, Total: 157823 ns
[2021-08-17T03:00:15.393+0000][6][safepoint    ] Safepoint "Cleanup", Time since last: 1004795780 ns, Reaching safepoint: 287852 ns, At safepoint: 10933 ns, Total: 298785 ns
[2021-08-17T03:00:16.394+0000][6][safepoint    ] Safepoint "Cleanup", Time since last: 1000898483 ns, Reaching safepoint: 255512 ns, At safepoint: 9916 ns, Total: 265428 ns
[2021-08-17T03:00:17.397+0000][6][safepoint    ] Safepoint "Cleanup", Time since last: 1002625644 ns, Reaching safepoint: 211923 ns, At safepoint: 9705 ns, Total: 221628 ns
[2021-08-17T03:00:18.404+0000][6][safepoint    ] Safepoint "Cleanup", Time since last: 1006856778 ns, Reaching safepoint: 187274 ns, At safepoint: 8556 ns, Total: 195830 ns
[2021-08-17T03:00:19.407+0000][6][safepoint    ] Safepoint "Cleanup", Time since last: 1003281260 ns, Reaching safepoint: 252720 ns, At safepoint: 11147 ns, Total: 263867 ns
[2021-08-17T03:00:20.416+0000][6][safepoint    ] Safepoint "Cleanup", Time since last: 1008998602 ns, Reaching safepoint: 146628 ns, At safepoint: 7718 ns, Total: 154346 ns
[2021-08-17T03:00:21.426+0000][6][safepoint    ] Safepoint "Cleanup", Time since last: 1009130213 ns, Reaching safepoint: 270613 ns, At safepoint: 16498 ns, Total: 287111 ns
[2021-08-17T03:00:22.434+0000][6][safepoint    ] Safepoint "Cleanup", Time since last: 1007812075 ns, Reaching safepoint: 179936 ns, At safepoint: 7974 ns, Total: 187910 ns
[2021-08-17T03:00:23.440+0000][6][safepoint    ] Safepoint "Cleanup", Time since last: 1006085516 ns, Reaching safepoint: 208186 ns, At safepoint: 8461 ns, Total: 216647 ns
[2021-08-17T03:00:24.450+0000][6][safepoint    ] Safepoint "Cleanup", Time since last: 1009641781 ns, Reaching safepoint: 170190 ns, At safepoint: 7796 ns, Total: 177986 ns
[2021-08-17T03:00:25.453+0000][6][safepoint    ] Safepoint "Cleanup", Time since last: 1003309111 ns, Reaching safepoint: 214374 ns, At safepoint: 10714 ns, Total: 225088 ns
[2021-08-17T03:00:26.460+0000][6][safepoint    ] Safepoint "Cleanup", Time since last: 1006056684 ns, Reaching safepoint: 411728 ns, At safepoint: 16343 ns, Total: 428071 ns
[2021-08-17T03:00:27.464+0000][6][safepoint    ] Safepoint "Cleanup", Time since last: 1003495277 ns, Reaching safepoint: 176746 ns, At safepoint: 7408 ns, Total: 184154 ns
[2021-08-17T03:00:45.540+0000][6][safepoint    ] Safepoint "Cleanup", Time since last: 18075815901 ns, Reaching safepoint: 236860 ns, At safepoint: 7757 ns, Total: 244617 ns
[2021-08-17T03:00:55.565+0000][6][safepoint    ] Safepoint "Cleanup", Time since last: 10024637580 ns, Reaching safepoint: 198780 ns, At safepoint: 7701 ns, Total: 206481 ns
[2021-08-17T03:00:56.566+0000][6][safepoint    ] Safepoint "Cleanup", Time since last: 1000726808 ns, Reaching safepoint: 249731 ns, At safepoint: 17081 ns, Total: 266812 ns
[2021-08-17T03:01:00.575+0000][6][safepoint    ] Safepoint "Cleanup", Time since last: 4008905856 ns, Reaching safepoint: 194443 ns, At safepoint: 7709 ns, Total: 202152 ns
[2021-08-17T03:01:04.584+0000][6][safepoint    ] Safepoint "Cleanup", Time since last: 4008955320 ns, Reaching safepoint: 230576 ns, At safepoint: 9025 ns, Total: 239601 ns
[2021-08-17T03:01:05.585+0000][6][safepoint    ] Safepoint "Cleanup", Time since last: 1001297611 ns, Reaching safepoint: 335466 ns, At safepoint: 10399 ns, Total: 345865 ns
[2021-08-17T03:01:06.588+0000][6][safepoint    ] Safepoint "Cleanup", Time since last: 1002752855 ns, Reaching safepoint: 136906 ns, At safepoint: 6663 ns, Total: 143569 ns
[2021-08-17T03:01:07.592+0000][6][safepoint    ] Safepoint "Cleanup", Time since last: 1003993170 ns, Reaching safepoint: 97907 ns, At safepoint: 4328 ns, Total: 102235 ns
[2021-08-17T03:01:08.596+0000][6][safepoint    ] Safepoint "Cleanup", Time since last: 1003087601 ns, Reaching safepoint: 158737 ns, At safepoint: 5932 ns, Total: 164669 ns
[2021-08-17T03:01:09.597+0000][6][safepoint    ] Safepoint "Cleanup", Time since last: 1001379491 ns, Reaching safepoint: 199404 ns, At safepoint: 7555 ns, Total: 206959 ns
[2021-08-17T03:01:10.599+0000][6][safepoint    ] Safepoint "Cleanup", Time since last: 1002019245 ns, Reaching safepoint: 155468 ns, At safepoint: 5968 ns, Total: 161436 ns
[2021-08-17T03:01:11.601+0000][6][safepoint    ] Safepoint "Cleanup", Time since last: 1001061753 ns, Reaching safepoint: 143167 ns, At safepoint: 5247 ns, Total: 148414 ns
[2021-08-17T03:01:12.608+0000][6][safepoint    ] Safepoint "Cleanup", Time since last: 1006659570 ns, Reaching safepoint: 196233 ns, At safepoint: 9064 ns, Total: 205297 ns
[2021-08-17T03:01:13.610+0000][6][safepoint    ] Safepoint "Cleanup", Time since last: 1002038470 ns, Reaching safepoint: 234418 ns, At safepoint: 8333 ns, Total: 242751 ns
[2021-08-17T03:01:14.610+0000][6][safepoint    ] Safepoint "Cleanup", Time since last: 1000469013 ns, Reaching safepoint: 176620 ns, At safepoint: 6475 ns, Total: 183095 ns
[2021-08-17T03:01:15.612+0000][6][safepoint    ] Safepoint "Cleanup", Time since last: 1000804999 ns, Reaching safepoint: 199842 ns, At safepoint: 7932 ns, Total: 207774 ns
[2021-08-17T03:01:16.613+0000][6][safepoint    ] Safepoint "Cleanup", Time since last: 1001449942 ns, Reaching safepoint: 141876 ns, At safepoint: 5195 ns, Total: 147071 ns
[2021-08-17T03:01:17.615+0000][6][safepoint    ] Safepoint "Cleanup", Time since last: 1001208917 ns, Reaching safepoint: 204956 ns, At safepoint: 7820 ns, Total: 212776 ns
[2021-08-17T03:01:18.618+0000][6][safepoint    ] Safepoint "Cleanup", Time since last: 1003017822 ns, Reaching safepoint: 211462 ns, At safepoint: 8141 ns, Total: 219603 ns
[2021-08-17T03:01:19.620+0000][6][safepoint    ] Safepoint "Cleanup", Time since last: 1001820032 ns, Reaching safepoint: 243421 ns, At safepoint: 10274 ns, Total: 253695 ns
[2021-08-17T03:01:20.624+0000][6][safepoint    ] Safepoint "Cleanup", Time since last: 1003590848 ns, Reaching safepoint: 156738 ns, At safepoint: 5074 ns, Total: 161812 ns
[2021-08-17T03:01:21.627+0000][6][safepoint    ] Safepoint "Cleanup", Time since last: 1002768756 ns, Reaching safepoint: 208533 ns, At safepoint: 7800 ns, Total: 216333 ns
[2021-08-17T03:01:22.627+0000][6][safepoint    ] Safepoint "Cleanup", Time since last: 1000473489 ns, Reaching safepoint: 152053 ns, At safepoint: 5858 ns, Total: 157911 ns
[2021-08-17T03:01:23.629+0000][6][safepoint    ] Safepoint "Cleanup", Time since last: 1001430718 ns, Reaching safepoint: 219012 ns, At safepoint: 9368 ns, Total: 228380 ns
[2021-08-17T03:01:24.630+0000][6][safepoint    ] Safepoint "Cleanup", Time since last: 1000666449 ns, Reaching safepoint: 187196 ns, At safepoint: 7278 ns, Total: 194474 ns
[2021-08-17T03:01:25.631+0000][6][safepoint    ] Safepoint "Cleanup", Time since last: 1001161899 ns, Reaching safepoint: 214274 ns, At safepoint: 7703 ns, Total: 221977 ns
[2021-08-17T03:01:26.635+0000][6][safepoint    ] Safepoint "Cleanup", Time since last: 1003524723 ns, Reaching safepoint: 199232 ns, At safepoint: 4825 ns, Total: 204057 ns
[2021-08-17T03:01:27.638+0000][6][safepoint    ] Safepoint "Cleanup", Time since last: 1003035717 ns, Reaching safepoint: 207209 ns, At safepoint: 9243 ns, Total: 216452 ns
[2021-08-17T03:01:28.639+0000][6][safepoint    ] Safepoint "Cleanup", Time since last: 1000892223 ns, Reaching safepoint: 183955 ns, At safepoint: 7029 ns, Total: 190984 ns
[2021-08-17T03:01:29.641+0000][6][safepoint    ] Safepoint "Cleanup", Time since last: 1001220911 ns, Reaching safepoint: 193298 ns, At safepoint: 7646 ns, Total: 200944 ns
[2021-08-17T03:01:30.643+0000][6][safepoint    ] Safepoint "Cleanup", Time since last: 1002266698 ns, Reaching safepoint: 227385 ns, At safepoint: 11086 ns, Total: 238471 ns
[2021-08-17T03:01:31.646+0000][6][safepoint    ] Safepoint "Cleanup", Time since last: 1002326820 ns, Reaching safepoint: 216145 ns, At safepoint: 8739 ns, Total: 224884 ns
[2021-08-17T03:01:32.649+0000][6][safepoint    ] Safepoint "Cleanup", Time since last: 1003400574 ns, Reaching safepoint: 276259 ns, At safepoint: 10236 ns, Total: 286495 ns
[2021-08-17T03:01:33.651+0000][6][safepoint    ] Safepoint "Cleanup", Time since last: 1001941032 ns, Reaching safepoint: 138752 ns, At safepoint: 5139 ns, Total: 143891 ns
[2021-08-17T03:01:34.654+0000][6][safepoint    ] Safepoint "Cleanup", Time since last: 1002359427 ns, Reaching safepoint: 210533 ns, At safepoint: 9086 ns, Total: 219619 ns
[2021-08-17T03:01:35.654+0000][6][safepoint    ] Safepoint "Cleanup", Time since last: 1000249451 ns, Reaching safepoint: 196215 ns, At safepoint: 7707 ns, Total: 203922 ns
[2021-08-17T03:01:36.658+0000][6][safepoint    ] Safepoint "Cleanup", Time since last: 1003447916 ns, Reaching safepoint: 260357 ns, At safepoint: 10255 ns, Total: 270612 ns
[2021-08-17T03:01:37.661+0000][6][safepoint    ] Safepoint "Cleanup", Time since last: 1002765978 ns, Reaching safepoint: 199796 ns, At safepoint: 7478 ns, Total: 207274 ns
[2021-08-17T03:01:38.665+0000][6][safepoint    ] Safepoint "Cleanup", Time since last: 1003391518 ns, Reaching safepoint: 164516 ns, At safepoint: 21407 ns, Total: 185923 ns
[2021-08-17T03:01:39.667+0000][6][safepoint    ] Safepoint "Cleanup", Time since last: 1002161715 ns, Reaching safepoint: 466897 ns, At safepoint: 14032 ns, Total: 480929 ns
[2021-08-17T03:01:40.669+0000][6][safepoint    ] Safepoint "Cleanup", Time since last: 1001720586 ns, Reaching safepoint: 335062 ns, At safepoint: 10208 ns, Total: 345270 ns
[2021-08-17T03:01:41.671+0000][6][safepoint    ] Safepoint "Cleanup", Time since last: 1001566696 ns, Reaching safepoint: 246118 ns, At safepoint: 10187 ns, Total: 256305 ns
[2021-08-17T03:01:42.675+0000][6][safepoint    ] Safepoint "Cleanup", Time since last: 1003987736 ns, Reaching safepoint: 208231 ns, At safepoint: 9397 ns, Total: 217628 ns
[2021-08-17T03:01:43.679+0000][6][safepoint    ] Safepoint "Cleanup", Time since last: 1002925254 ns, Reaching safepoint: 313128 ns, At safepoint: 4709 ns, Total: 317837 ns
[2021-08-17T03:01:44.682+0000][6][safepoint    ] Safepoint "Cleanup", Time since last: 1003347106 ns, Reaching safepoint: 262203 ns, At safepoint: 11179 ns, Total: 273382 ns
[2021-08-17T03:01:45.685+0000][6][safepoint    ] Safepoint "Cleanup", Time since last: 1002404307 ns, Reaching safepoint: 209226 ns, At safepoint: 7893 ns, Total: 217119 ns
[2021-08-17T03:01:46.686+0000][6][safepoint    ] Safepoint "Cleanup", Time since last: 1001186626 ns, Reaching safepoint: 285483 ns, At safepoint: 9023 ns, Total: 294506 ns
[2021-08-17T03:01:47.688+0000][6][safepoint    ] Safepoint "Cleanup", Time since last: 1001445565 ns, Reaching safepoint: 237635 ns, At safepoint: 10017 ns, Total: 247652 ns
[2021-08-17T03:01:48.692+0000][6][safepoint    ] Safepoint "Cleanup", Time since last: 1003477104 ns, Reaching safepoint: 264395 ns, At safepoint: 10076 ns, Total: 274471 ns
[2021-08-17T03:01:49.694+0000][6][safepoint    ] Safepoint "Cleanup", Time since last: 1002383516 ns, Reaching safepoint: 182762 ns, At safepoint: 8205 ns, Total: 190967 ns
[2021-08-17T03:01:50.695+0000][6][safepoint    ] Safepoint "Cleanup", Time since last: 1000557304 ns, Reaching safepoint: 137366 ns, At safepoint: 5244 ns, Total: 142610 ns
[2021-08-17T03:01:51.696+0000][6][safepoint    ] Safepoint "Cleanup", Time since last: 1000961869 ns, Reaching safepoint: 250671 ns, At safepoint: 10499 ns, Total: 261170 ns
[2021-08-17T03:01:52.700+0000][6][safepoint    ] Safepoint "Cleanup", Time since last: 1002891258 ns, Reaching safepoint: 330760 ns, At safepoint: 9388 ns, Total: 340148 ns
[2021-08-17T03:01:53.701+0000][6][safepoint    ] Safepoint "Cleanup", Time since last: 1001393746 ns, Reaching safepoint: 207333 ns, At safepoint: 7517 ns, Total: 214850 ns
[2021-08-17T03:01:54.704+0000][6][safepoint    ] Safepoint "Cleanup", Time since last: 1002242606 ns, Reaching safepoint: 236464 ns, At safepoint: 10591 ns, Total: 247055 ns
[2021-08-17T03:01:55.705+0000][6][safepoint    ] Safepoint "Cleanup", Time since last: 1000781883 ns, Reaching safepoint: 195943 ns, At safepoint: 8118 ns, Total: 204061 ns
[2021-08-17T03:01:56.708+0000][6][safepoint    ] Safepoint "Cleanup", Time since last: 1003272653 ns, Reaching safepoint: 222393 ns, At safepoint: 9172 ns, Total: 231565 ns
[2021-08-17T03:01:57.710+0000][6][safepoint    ] Safepoint "Cleanup", Time since last: 1002078530 ns, Reaching safepoint: 188373 ns, At safepoint: 8041 ns, Total: 196414 ns
[2021-08-17T03:01:58.713+0000][6][safepoint    ] Safepoint "Cleanup", Time since last: 1002040661 ns, Reaching safepoint: 202793 ns, At safepoint: 9791 ns, Total: 212584 ns
[2021-08-17T03:01:59.714+0000][6][safepoint    ] Safepoint "Cleanup", Time since last: 1000940198 ns, Reaching safepoint: 204673 ns, At safepoint: 8101 ns, Total: 212774 ns
[2021-08-17T03:02:00.714+0000][6][safepoint    ] Safepoint "Cleanup", Time since last: 1000379895 ns, Reaching safepoint: 188830 ns, At safepoint: 7924 ns, Total: 196754 ns
[2021-08-17T03:02:01.715+0000][6][safepoint    ] Safepoint "Cleanup", Time since last: 1000437547 ns, Reaching safepoint: 153894 ns, At safepoint: 7349 ns, Total: 161243 ns
[2021-08-17T03:02:02.716+0000][6][safepoint    ] Safepoint "Cleanup", Time since last: 1000808574 ns, Reaching safepoint: 192306 ns, At safepoint: 7761 ns, Total: 200067 ns
[2021-08-17T03:02:03.719+0000][6][safepoint    ] Safepoint "Cleanup", Time since last: 1002812349 ns, Reaching safepoint: 205598 ns, At safepoint: 7692 ns, Total: 213290 ns
[2021-08-17T03:02:04.722+0000][6][safepoint    ] Safepoint "Cleanup", Time since last: 1002443275 ns, Reaching safepoint: 199749 ns, At safepoint: 7592 ns, Total: 207341 ns
[2021-08-17T03:02:05.725+0000][6][safepoint    ] Safepoint "Cleanup", Time since last: 1003265798 ns, Reaching safepoint: 210864 ns, At safepoint: 8277 ns, Total: 219141 ns
[2021-08-17T03:02:06.729+0000][6][safepoint    ] Safepoint "Cleanup", Time since last: 1003871163 ns, Reaching safepoint: 331946 ns, At safepoint: 10515 ns, Total: 342461 ns
[2021-08-17T03:02:07.733+0000][6][safepoint    ] Safepoint "Cleanup", Time since last: 1003517215 ns, Reaching safepoint: 195371 ns, At safepoint: 8416 ns, Total: 203787 ns
[2021-08-17T03:02:08.737+0000][6][safepoint    ] Safepoint "Cleanup", Time since last: 1003293636 ns, Reaching safepoint: 190306 ns, At safepoint: 12563 ns, Total: 202869 ns
[2021-08-17T03:02:09.740+0000][6][safepoint    ] Safepoint "Cleanup", Time since last: 1003325293 ns, Reaching safepoint: 152820 ns, At safepoint: 20883 ns, Total: 173703 ns
[2021-08-17T03:02:10.741+0000][6][safepoint    ] Safepoint "Cleanup", Time since last: 1000666288 ns, Reaching safepoint: 136269 ns, At safepoint: 5275 ns, Total: 141544 ns
[2021-08-17T03:02:11.743+0000][6][safepoint    ] Safepoint "Cleanup", Time since last: 1002032631 ns, Reaching safepoint: 177431 ns, At safepoint: 6189 ns, Total: 183620 ns
[2021-08-17T03:02:12.746+0000][6][safepoint    ] Safepoint "Cleanup", Time since last: 1002435252 ns, Reaching safepoint: 211804 ns, At safepoint: 9242 ns, Total: 221046 ns
[2021-08-17T03:02:13.748+0000][6][safepoint    ] Safepoint "Cleanup", Time since last: 1002074675 ns, Reaching safepoint: 219839 ns, At safepoint: 7454 ns, Total: 227293 ns
[2021-08-17T03:02:14.749+0000][6][safepoint    ] Safepoint "Cleanup", Time since last: 1000400368 ns, Reaching safepoint: 200928 ns, At safepoint: 7914 ns, Total: 208842 ns
[2021-08-17T03:02:15.752+0000][6][safepoint    ] Safepoint "Cleanup", Time since last: 1003481983 ns, Reaching safepoint: 235275 ns, At safepoint: 10308 ns, Total: 245583 ns
[2021-08-17T03:02:16.753+0000][6][safepoint    ] Safepoint "Cleanup", Time since last: 1000793776 ns, Reaching safepoint: 162073 ns, At safepoint: 9183 ns, Total: 171256 ns
[2021-08-17T03:02:17.754+0000][6][safepoint    ] Safepoint "Cleanup", Time since last: 1000844190 ns, Reaching safepoint: 146890 ns, At safepoint: 8488 ns, Total: 155378 ns
[2021-08-17T03:02:18.756+0000][6][safepoint    ] Safepoint "Cleanup", Time since last: 1001115173 ns, Reaching safepoint: 191511 ns, At safepoint: 7395 ns, Total: 198906 ns
[2021-08-17T03:02:19.759+0000][6][safepoint    ] Safepoint "Cleanup", Time since last: 1002834535 ns, Reaching safepoint: 137408 ns, At safepoint: 6572 ns, Total: 143980 ns
[2021-08-17T03:02:20.761+0000][6][safepoint    ] Safepoint "Cleanup", Time since last: 1002510640 ns, Reaching safepoint: 131637 ns, At safepoint: 6653 ns, Total: 138290 ns
[2021-08-17T03:02:21.765+0000][6][safepoint    ] Safepoint "Cleanup", Time since last: 1003213552 ns, Reaching safepoint: 227235 ns, At safepoint: 8306 ns, Total: 235541 ns
[2021-08-17T03:02:22.765+0000][6][safepoint    ] Safepoint "Cleanup", Time since last: 1000465824 ns, Reaching safepoint: 192134 ns, At safepoint: 7806 ns, Total: 199940 ns
[2021-08-17T03:02:23.768+0000][6][safepoint    ] Safepoint "Cleanup", Time since last: 1001984016 ns, Reaching safepoint: 205749 ns, At safepoint: 7819 ns, Total: 213568 ns
[2021-08-17T03:02:24.769+0000][6][safepoint    ] Safepoint "Cleanup", Time since last: 1000695862 ns, Reaching safepoint: 200392 ns, At safepoint: 9589 ns, Total: 209981 ns
[2021-08-17T03:02:25.769+0000][6][safepoint    ] Safepoint "Cleanup", Time since last: 1000297706 ns, Reaching safepoint: 258289 ns, At safepoint: 30855 ns, Total: 289144 ns
[2021-08-17T03:02:26.772+0000][6][safepoint    ] Safepoint "Cleanup", Time since last: 1003092737 ns, Reaching safepoint: 152657 ns, At safepoint: 8510 ns, Total: 161167 ns
[2021-08-17T03:02:27.773+0000][6][safepoint    ] Safepoint "Cleanup", Time since last: 1000487263 ns, Reaching safepoint: 139017 ns, At safepoint: 5151 ns, Total: 144168 ns
[2021-08-17T03:02:28.775+0000][6][safepoint    ] Safepoint "Cleanup", Time since last: 1001692035 ns, Reaching safepoint: 145201 ns, At safepoint: 4982 ns, Total: 150183 ns
[2021-08-17T03:02:29.777+0000][6][safepoint    ] Safepoint "Cleanup", Time since last: 1001510326 ns, Reaching safepoint: 193529 ns, At safepoint: 7494 ns, Total: 201023 ns
[2021-08-17T03:02:30.779+0000][6][safepoint    ] Safepoint "Cleanup", Time since last: 1002592162 ns, Reaching safepoint: 209653 ns, At safepoint: 7826 ns, Total: 217479 ns
[2021-08-17T03:02:31.781+0000][6][safepoint    ] Safepoint "Cleanup", Time since last: 1001795720 ns, Reaching safepoint: 194660 ns, At safepoint: 8423 ns, Total: 203083 ns
[2021-08-17T03:02:32.786+0000][6][safepoint    ] Safepoint "Cleanup", Time since last: 1004003098 ns, Reaching safepoint: 302604 ns, At safepoint: 16728 ns, Total: 319332 ns
[2021-08-17T03:02:33.789+0000][6][safepoint    ] Safepoint "Cleanup", Time since last: 1003155673 ns, Reaching safepoint: 224780 ns, At safepoint: 8358 ns, Total: 233138 ns
[2021-08-17T03:02:34.791+0000][6][safepoint    ] Safepoint "Cleanup", Time since last: 1001447095 ns, Reaching safepoint: 195757 ns, At safepoint: 8089 ns, Total: 203846 ns
[2021-08-17T03:02:35.794+0000][6][safepoint    ] Safepoint "Cleanup", Time since last: 1003159714 ns, Reaching safepoint: 191483 ns, At safepoint: 7949 ns, Total: 199432 ns
[2021-08-17T03:02:36.798+0000][6][safepoint    ] Safepoint "Cleanup", Time since last: 1003227802 ns, Reaching safepoint: 197149 ns, At safepoint: 8190 ns, Total: 205339 ns
[2021-08-17T03:02:37.807+0000][6][safepoint    ] Safepoint "Cleanup", Time since last: 1009427879 ns, Reaching safepoint: 167829 ns, At safepoint: 7922 ns, Total: 175751 ns
[2021-08-17T03:02:38.809+0000][6][safepoint    ] Safepoint "Cleanup", Time since last: 1001779122 ns, Reaching safepoint: 144371 ns, At safepoint: 5802 ns, Total: 150173 ns
[2021-08-17T03:02:39.812+0000][6][safepoint    ] Safepoint "Cleanup", Time since last: 1002861975 ns, Reaching safepoint: 204539 ns, At safepoint: 7759 ns, Total: 212298 ns
[2021-08-17T03:02:40.813+0000][6][safepoint    ] Safepoint "Cleanup", Time since last: 1000903833 ns, Reaching safepoint: 206591 ns, At safepoint: 9469 ns, Total: 216060 ns
[2021-08-17T03:02:41.816+0000][6][safepoint    ] Safepoint "Cleanup", Time since last: 1002384958 ns, Reaching safepoint: 244063 ns, At safepoint: 13115 ns, Total: 257178 ns
[2021-08-17T03:02:42.819+0000][6][safepoint    ] Safepoint "Cleanup", Time since last: 1002425043 ns, Reaching safepoint: 168167 ns, At safepoint: 7717 ns, Total: 175884 ns
[2021-08-17T03:02:43.822+0000][6][safepoint    ] Safepoint "Cleanup", Time since last: 1002724985 ns, Reaching safepoint: 267991 ns, At safepoint: 9614 ns, Total: 277605 ns
[2021-08-17T03:02:44.823+0000][6][safepoint    ] Safepoint "Cleanup", Time since last: 1001534844 ns, Reaching safepoint: 198306 ns, At safepoint: 7794 ns, Total: 206100 ns
[2021-08-17T03:02:45.825+0000][6][safepoint    ] Safepoint "Cleanup", Time since last: 1001683662 ns, Reaching safepoint: 197108 ns, At safepoint: 7021 ns, Total: 204129 ns
[2021-08-17T03:02:46.827+0000][6][safepoint    ] Safepoint "Cleanup", Time since last: 1002020826 ns, Reaching safepoint: 144969 ns, At safepoint: 5169 ns, Total: 150138 ns
[2021-08-17T03:02:47.830+0000][6][safepoint    ] Safepoint "Cleanup", Time since last: 1002151238 ns, Reaching safepoint: 194377 ns, At safepoint: 8097 ns, Total: 202474 ns
[2021-08-17T03:02:48.832+0000][6][safepoint    ] Safepoint "Cleanup", Time since last: 1001990331 ns, Reaching safepoint: 225652 ns, At safepoint: 10986 ns, Total: 236638 ns
[2021-08-17T03:02:49.833+0000][6][safepoint    ] Safepoint "Cleanup", Time since last: 1000704620 ns, Reaching safepoint: 189438 ns, At safepoint: 7636 ns, Total: 197074 ns
[2021-08-17T03:02:50.834+0000][6][safepoint    ] Safepoint "Cleanup", Time since last: 1000826181 ns, Reaching safepoint: 202017 ns, At safepoint: 7952 ns, Total: 209969 ns
[2021-08-17T03:02:51.835+0000][6][safepoint    ] Safepoint "Cleanup", Time since last: 1000561856 ns, Reaching safepoint: 194060 ns, At safepoint: 7833 ns, Total: 201893 ns
[2021-08-17T03:02:52.837+0000][6][safepoint    ] Safepoint "Cleanup", Time since last: 1002242162 ns, Reaching safepoint: 206788 ns, At safepoint: 7810 ns, Total: 214598 ns
[2021-08-17T03:02:53.841+0000][6][safepoint    ] Safepoint "Cleanup", Time since last: 1003360716 ns, Reaching safepoint: 143356 ns, At safepoint: 6324 ns, Total: 149680 ns
[2021-08-17T03:02:54.842+0000][6][safepoint    ] Safepoint "Cleanup", Time since last: 1001312036 ns, Reaching safepoint: 222281 ns, At safepoint: 11053 ns, Total: 233334 ns
[2021-08-17T03:02:55.844+0000][6][safepoint    ] Safepoint "Cleanup", Time since last: 1001201016 ns, Reaching safepoint: 189850 ns, At safepoint: 7190 ns, Total: 197040 ns
[2021-08-17T03:02:56.845+0000][6][safepoint    ] Safepoint "Cleanup", Time since last: 1001411105 ns, Reaching safepoint: 259197 ns, At safepoint: 9633 ns, Total: 268830 ns
[2021-08-17T03:02:57.846+0000][6][safepoint    ] Safepoint "Cleanup", Time since last: 1000643301 ns, Reaching safepoint: 176468 ns, At safepoint: 9641 ns, Total: 186109 ns
[2021-08-17T03:02:58.847+0000][6][safepoint    ] Safepoint "Cleanup", Time since last: 1000288398 ns, Reaching safepoint: 261171 ns, At safepoint: 9277 ns, Total: 270448 ns
[2021-08-17T03:02:59.847+0000][6][safepoint    ] Safepoint "Cleanup", Time since last: 1000377110 ns, Reaching safepoint: 285640 ns, At safepoint: 13754 ns, Total: 299394 ns
[2021-08-17T03:03:00.851+0000][6][safepoint    ] Safepoint "Cleanup", Time since last: 1003430039 ns, Reaching safepoint: 222045 ns, At safepoint: 10928 ns, Total: 232973 ns
[2021-08-17T03:03:01.853+0000][6][safepoint    ] Safepoint "Cleanup", Time since last: 1001604990 ns, Reaching safepoint: 209134 ns, At safepoint: 8972 ns, Total: 218106 ns
[2021-08-17T03:03:02.854+0000][6][safepoint    ] Safepoint "Cleanup", Time since last: 1000887718 ns, Reaching safepoint: 231515 ns, At safepoint: 10600 ns, Total: 242115 ns
[2021-08-17T03:03:03.855+0000][6][safepoint    ] Safepoint "Cleanup", Time since last: 1000555184 ns, Reaching safepoint: 136806 ns, At safepoint: 4690 ns, Total: 141496 ns
[2021-08-17T03:03:04.858+0000][6][safepoint    ] Safepoint "Cleanup", Time since last: 1002931732 ns, Reaching safepoint: 185428 ns, At safepoint: 9439 ns, Total: 194867 ns
[2021-08-17T03:03:05.861+0000][6][safepoint    ] Safepoint "Cleanup", Time since last: 1003064729 ns, Reaching safepoint: 152367 ns, At safepoint: 5937 ns, Total: 158304 ns
[2021-08-17T03:03:06.863+0000][6][safepoint    ] Safepoint "Cleanup", Time since last: 1002020895 ns, Reaching safepoint: 214946 ns, At safepoint: 8892 ns, Total: 223838 ns
[2021-08-17T03:03:07.865+0000][6][safepoint    ] Safepoint "Cleanup", Time since last: 1001213967 ns, Reaching safepoint: 166083 ns, At safepoint: 6145 ns, Total: 172228 ns
[2021-08-17T03:03:08.868+0000][6][safepoint    ] Safepoint "Cleanup", Time since last: 1003312949 ns, Reaching safepoint: 186831 ns, At safepoint: 7905 ns, Total: 194736 ns
[2021-08-17T03:03:09.870+0000][6][safepoint    ] Safepoint "Cleanup", Time since last: 1001422425 ns, Reaching safepoint: 153328 ns, At safepoint: 5208 ns, Total: 158536 ns
[2021-08-17T03:03:10.871+0000][6][safepoint    ] Safepoint "Cleanup", Time since last: 1001084439 ns, Reaching safepoint: 354585 ns, At safepoint: 15143 ns, Total: 369728 ns
[2021-08-17T03:03:11.873+0000][6][safepoint    ] Safepoint "Cleanup", Time since last: 1001480632 ns, Reaching safepoint: 339866 ns, At safepoint: 10431 ns, Total: 350297 ns
[2021-08-17T03:03:12.874+0000][6][safepoint    ] Safepoint "Cleanup", Time since last: 1000839571 ns, Reaching safepoint: 222869 ns, At safepoint: 7835 ns, Total: 230704 ns
[2021-08-17T03:03:13.876+0000][6][safepoint    ] Safepoint "Cleanup", Time since last: 1001612856 ns, Reaching safepoint: 256780 ns, At safepoint: 8155 ns, Total: 264935 ns
[2021-08-17T03:03:14.879+0000][6][safepoint    ] Safepoint "Cleanup", Time since last: 1002920772 ns, Reaching safepoint: 193217 ns, At safepoint: 7737 ns, Total: 200954 ns
[2021-08-17T03:03:15.894+0000][6][safepoint    ] Safepoint "Cleanup", Time since last: 1014709167 ns, Reaching safepoint: 171482 ns, At safepoint: 7317 ns, Total: 178799 ns
[2021-08-17T03:03:16.909+0000][6][safepoint    ] Safepoint "Cleanup", Time since last: 1014760337 ns, Reaching safepoint: 261533 ns, At safepoint: 10745 ns, Total: 272278 ns
[2021-08-17T03:03:17.916+0000][6][safepoint    ] Safepoint "Cleanup", Time since last: 1006575315 ns, Reaching safepoint: 218797 ns, At safepoint: 8943 ns, Total: 227740 ns
[2021-08-17T03:03:18.917+0000][6][safepoint    ] Safepoint "Cleanup", Time since last: 1000947181 ns, Reaching safepoint: 198187 ns, At safepoint: 7613 ns, Total: 205800 ns
[2021-08-17T03:03:19.918+0000][6][safepoint    ] Safepoint "Cleanup", Time since last: 1000830690 ns, Reaching safepoint: 162613 ns, At safepoint: 6598 ns, Total: 169211 ns
[2021-08-17T03:03:20.922+0000][6][safepoint    ] Safepoint "Cleanup", Time since last: 1003729459 ns, Reaching safepoint: 155886 ns, At safepoint: 7457 ns, Total: 163343 ns
[2021-08-17T03:03:21.924+0000][6][safepoint    ] Safepoint "Cleanup", Time since last: 1001508993 ns, Reaching safepoint: 220807 ns, At safepoint: 15208 ns, Total: 236015 ns
[2021-08-17T03:03:22.927+0000][6][safepoint    ] Safepoint "Cleanup", Time since last: 1003704877 ns, Reaching safepoint: 140144 ns, At safepoint: 6926 ns, Total: 147070 ns
[2021-08-17T03:03:23.930+0000][6][safepoint    ] Safepoint "Cleanup", Time since last: 1002004180 ns, Reaching safepoint: 129021 ns, At safepoint: 4666 ns, Total: 133687 ns
[2021-08-17T03:03:24.930+0000][6][safepoint    ] Safepoint "Cleanup", Time since last: 1000294742 ns, Reaching safepoint: 213092 ns, At safepoint: 31413 ns, Total: 244505 ns
[2021-08-17T03:03:25.931+0000][6][safepoint    ] Safepoint "Cleanup", Time since last: 1001152967 ns, Reaching safepoint: 145103 ns, At safepoint: 5680 ns, Total: 150783 ns
[2021-08-17T03:03:26.933+0000][6][safepoint    ] Safepoint "Cleanup", Time since last: 1001883429 ns, Reaching safepoint: 203154 ns, At safepoint: 7629 ns, Total: 210783 ns
[2021-08-17T03:03:27.935+0000][6][safepoint    ] Safepoint "Cleanup", Time since last: 1000825236 ns, Reaching safepoint: 225797 ns, At safepoint: 6200 ns, Total: 231997 ns
[2021-08-17T03:03:28.937+0000][6][safepoint    ] Safepoint "Cleanup", Time since last: 1002687668 ns, Reaching safepoint: 191807 ns, At safepoint: 7494 ns, Total: 199301 ns
[2021-08-17T03:03:29.941+0000][6][safepoint    ] Safepoint "Cleanup", Time since last: 1002835678 ns, Reaching safepoint: 283822 ns, At safepoint: 10682 ns, Total: 294504 ns
[2021-08-17T03:03:30.942+0000][6][safepoint    ] Safepoint "Cleanup", Time since last: 1001054779 ns, Reaching safepoint: 235346 ns, At safepoint: 10499 ns, Total: 245845 ns
[2021-08-17T03:03:31.946+0000][6][safepoint    ] Safepoint "Cleanup", Time since last: 1003568535 ns, Reaching safepoint: 250378 ns, At safepoint: 8416 ns, Total: 258794 ns
[2021-08-17T03:03:32.949+0000][6][safepoint    ] Safepoint "Cleanup", Time since last: 1003038469 ns, Reaching safepoint: 263691 ns, At safepoint: 32200 ns, Total: 295891 ns
[2021-08-17T03:03:33.952+0000][6][safepoint    ] Safepoint "Cleanup", Time since last: 1002503859 ns, Reaching safepoint: 190988 ns, At safepoint: 14692 ns, Total: 205680 ns
[2021-08-17T03:03:34.955+0000][6][safepoint    ] Safepoint "Cleanup", Time since last: 1003329706 ns, Reaching safepoint: 188993 ns, At safepoint: 7448 ns, Total: 196441 ns
[2021-08-17T03:03:35.957+0000][6][safepoint    ] Safepoint "Cleanup", Time since last: 1001436224 ns, Reaching safepoint: 181585 ns, At safepoint: 6466 ns, Total: 188051 ns
[2021-08-17T03:03:36.958+0000][6][safepoint    ] Safepoint "Cleanup", Time since last: 1000628287 ns, Reaching safepoint: 224812 ns, At safepoint: 10118 ns, Total: 234930 ns
[2021-08-17T03:03:37.971+0000][6][safepoint    ] Safepoint "Cleanup", Time since last: 1013297570 ns, Reaching safepoint: 129643 ns, At safepoint: 8305 ns, Total: 137948 ns
[2021-08-17T03:03:38.977+0000][6][safepoint    ] Safepoint "Cleanup", Time since last: 1005599832 ns, Reaching safepoint: 202199 ns, At safepoint: 5178 ns, Total: 207377 ns
[2021-08-17T03:03:39.978+0000][6][safepoint    ] Safepoint "Cleanup", Time since last: 1000706996 ns, Reaching safepoint: 210502 ns, At safepoint: 8935 ns, Total: 219437 ns
[2021-08-17T03:03:40.981+0000][6][safepoint    ] Safepoint "Cleanup", Time since last: 1003143401 ns, Reaching safepoint: 294360 ns, At safepoint: 19727 ns, Total: 314087 ns
[2021-08-17T03:03:41.983+0000][6][safepoint    ] Safepoint "Cleanup", Time since last: 1001618133 ns, Reaching safepoint: 237410 ns, At safepoint: 9721 ns, Total: 247131 ns
[2021-08-17T03:03:42.987+0000][6][safepoint    ] Safepoint "Cleanup", Time since last: 1003245659 ns, Reaching safepoint: 257226 ns, At safepoint: 10460 ns, Total: 267686 ns
[2021-08-17T03:03:43.988+0000][6][safepoint    ] Safepoint "Cleanup", Time since last: 1000907347 ns, Reaching safepoint: 157924 ns, At safepoint: 5339 ns, Total: 163263 ns
[2021-08-17T03:03:44.990+0000][6][safepoint    ] Safepoint "Cleanup", Time since last: 1002436113 ns, Reaching safepoint: 194143 ns, At safepoint: 7701 ns, Total: 201844 ns
[2021-08-17T03:03:45.991+0000][6][safepoint    ] Safepoint "Cleanup", Time since last: 1000739519 ns, Reaching safepoint: 157094 ns, At safepoint: 5679 ns, Total: 162773 ns
[2021-08-17T03:03:46.993+0000][6][safepoint    ] Safepoint "Cleanup", Time since last: 1001935922 ns, Reaching safepoint: 204252 ns, At safepoint: 9435 ns, Total: 213687 ns
[2021-08-17T03:03:47.995+0000][6][safepoint    ] Safepoint "Cleanup", Time since last: 1001694891 ns, Reaching safepoint: 207547 ns, At safepoint: 7783 ns, Total: 215330 ns
[2021-08-17T03:03:48.998+0000][6][safepoint    ] Safepoint "Cleanup", Time since last: 1002275905 ns, Reaching safepoint: 193017 ns, At safepoint: 7748 ns, Total: 200765 ns
[2021-08-17T03:03:50.000+0000][6][safepoint    ] Safepoint "Cleanup", Time since last: 1002022455 ns, Reaching safepoint: 155525 ns, At safepoint: 14617 ns, Total: 170142 ns
[2021-08-17T03:03:51.003+0000][6][safepoint    ] Safepoint "Cleanup", Time since last: 1002942264 ns, Reaching safepoint: 217008 ns, At safepoint: 9089 ns, Total: 226097 ns
[2021-08-17T03:03:52.006+0000][6][safepoint    ] Safepoint "Cleanup", Time since last: 1002460175 ns, Reaching safepoint: 204872 ns, At safepoint: 7672 ns, Total: 212544 ns
[2021-08-17T03:03:53.009+0000][6][safepoint    ] Safepoint "Cleanup", Time since last: 1002932722 ns, Reaching safepoint: 155720 ns, At safepoint: 5706 ns, Total: 161426 ns
[2021-08-17T03:03:54.012+0000][6][safepoint    ] Safepoint "Cleanup", Time since last: 1002565016 ns, Reaching safepoint: 358876 ns, At safepoint: 6064 ns, Total: 364940 ns
[2021-08-17T03:03:55.015+0000][6][safepoint    ] Safepoint "Cleanup", Time since last: 1002910175 ns, Reaching safepoint: 140329 ns, At safepoint: 5597 ns, Total: 145926 ns
[2021-08-17T03:03:56.017+0000][6][safepoint    ] Safepoint "Cleanup", Time since last: 1002320624 ns, Reaching safepoint: 170700 ns, At safepoint: 7062 ns, Total: 177762 ns
[2021-08-17T03:03:57.019+0000][6][safepoint    ] Safepoint "Cleanup", Time since last: 1001259787 ns, Reaching safepoint: 194422 ns, At safepoint: 7500 ns, Total: 201922 ns
[2021-08-17T03:03:58.021+0000][6][safepoint    ] Safepoint "Cleanup", Time since last: 1001977423 ns, Reaching safepoint: 196298 ns, At safepoint: 7798 ns, Total: 204096 ns
[2021-08-17T03:03:59.024+0000][6][safepoint    ] Safepoint "Cleanup", Time since last: 1002477669 ns, Reaching safepoint: 274628 ns, At safepoint: 15406 ns, Total: 290034 ns
[2021-08-17T03:04:00.035+0000][6][safepoint    ] Safepoint "Cleanup", Time since last: 1010420973 ns, Reaching safepoint: 303938 ns, At safepoint: 17155 ns, Total: 321093 ns
[2021-08-17T03:04:01.049+0000][6][safepoint    ] Safepoint "Cleanup", Time since last: 1013831869 ns, Reaching safepoint: 240764 ns, At safepoint: 10976 ns, Total: 251740 ns
[2021-08-17T03:04:02.064+0000][6][safepoint    ] Safepoint "Cleanup", Time since last: 1015522668 ns, Reaching safepoint: 210747 ns, At safepoint: 10570 ns, Total: 221317 ns
[2021-08-17T03:04:03.069+0000][6][safepoint    ] Safepoint "Cleanup", Time since last: 1004417946 ns, Reaching safepoint: 204608 ns, At safepoint: 12458 ns, Total: 217066 ns
[2021-08-17T03:04:04.071+0000][6][safepoint    ] Safepoint "Cleanup", Time since last: 1001586144 ns, Reaching safepoint: 256024 ns, At safepoint: 10462 ns, Total: 266486 ns
[2021-08-17T03:04:05.076+0000][6][safepoint    ] Safepoint "Cleanup", Time since last: 1004942703 ns, Reaching safepoint: 240334 ns, At safepoint: 9854 ns, Total: 250188 ns
[2021-08-17T03:04:06.080+0000][6][safepoint    ] Safepoint "Cleanup", Time since last: 1003203672 ns, Reaching safepoint: 228881 ns, At safepoint: 9734 ns, Total: 238615 ns
[2021-08-17T03:04:07.085+0000][6][safepoint    ] Safepoint "Cleanup", Time since last: 1004724674 ns, Reaching safepoint: 215038 ns, At safepoint: 10190 ns, Total: 225228 ns
[2021-08-17T03:04:08.087+0000][6][safepoint    ] Safepoint "Cleanup", Time since last: 1002011266 ns, Reaching safepoint: 148201 ns, At safepoint: 7592 ns, Total: 155793 ns
[2021-08-17T03:04:09.088+0000][6][safepoint    ] Safepoint "Cleanup", Time since last: 1001190992 ns, Reaching safepoint: 173270 ns, At safepoint: 9432 ns, Total: 182702 ns
[2021-08-17T03:04:10.092+0000][6][safepoint    ] Safepoint "Cleanup", Time since last: 1004160457 ns, Reaching safepoint: 198990 ns, At safepoint: 30187 ns, Total: 229177 ns
[2021-08-17T03:04:11.098+0000][6][safepoint    ] Safepoint "Cleanup", Time since last: 1005361715 ns, Reaching safepoint: 196264 ns, At safepoint: 12033 ns, Total: 208297 ns
[2021-08-17T03:04:12.106+0000][6][safepoint    ] Safepoint "Cleanup", Time since last: 1007539811 ns, Reaching safepoint: 140301 ns, At safepoint: 7199 ns, Total: 147500 ns
[2021-08-17T03:04:13.110+0000][6][safepoint    ] Safepoint "Cleanup", Time since last: 1003675725 ns, Reaching safepoint: 313254 ns, At safepoint: 11962 ns, Total: 325216 ns
[2021-08-17T03:04:14.124+0000][6][safepoint    ] Safepoint "Cleanup", Time since last: 1013958040 ns, Reaching safepoint: 243144 ns, At safepoint: 4885 ns, Total: 248029 ns
[2021-08-17T03:04:15.139+0000][6][safepoint    ] Safepoint "Cleanup", Time since last: 1015108211 ns, Reaching safepoint: 219546 ns, At safepoint: 10206 ns, Total: 229752 ns
[2021-08-17T03:04:16.143+0000][6][safepoint    ] Safepoint "Cleanup", Time since last: 1002812205 ns, Reaching safepoint: 434664 ns, At safepoint: 19012 ns, Total: 453676 ns
[2021-08-17T03:04:17.147+0000][6][safepoint    ] Safepoint "Cleanup", Time since last: 1004284569 ns, Reaching safepoint: 216690 ns, At safepoint: 9539 ns, Total: 226229 ns
[2021-08-17T03:04:18.150+0000][6][safepoint    ] Safepoint "Cleanup", Time since last: 1002489880 ns, Reaching safepoint: 248163 ns, At safepoint: 11497 ns, Total: 259660 ns
[2021-08-17T03:04:19.153+0000][6][safepoint    ] Safepoint "Cleanup", Time since last: 1002993952 ns, Reaching safepoint: 154964 ns, At safepoint: 7418 ns, Total: 162382 ns
[2021-08-17T03:04:20.157+0000][6][safepoint    ] Safepoint "Cleanup", Time since last: 1003898338 ns, Reaching safepoint: 198345 ns, At safepoint: 8801 ns, Total: 207146 ns
[2021-08-17T03:04:21.162+0000][6][safepoint    ] Safepoint "Cleanup", Time since last: 1004503382 ns, Reaching safepoint: 166969 ns, At safepoint: 9723 ns, Total: 176692 ns
[2021-08-17T03:04:22.171+0000][6][safepoint    ] Safepoint "Cleanup", Time since last: 1008502580 ns, Reaching safepoint: 240085 ns, At safepoint: 9830 ns, Total: 249915 ns
[2021-08-17T03:04:23.174+0000][6][safepoint    ] Safepoint "Cleanup", Time since last: 1003363330 ns, Reaching safepoint: 204683 ns, At safepoint: 11488 ns, Total: 216171 ns
[2021-08-17T03:04:24.179+0000][6][safepoint    ] Safepoint "Cleanup", Time since last: 1004518680 ns, Reaching safepoint: 224688 ns, At safepoint: 10844 ns, Total: 235532 ns
[2021-08-17T03:04:25.182+0000][6][safepoint    ] Safepoint "Cleanup", Time since last: 1002943925 ns, Reaching safepoint: 202237 ns, At safepoint: 9172 ns, Total: 211409 ns
[2021-08-17T03:04:26.184+0000][6][safepoint    ] Safepoint "Cleanup", Time since last: 1001750865 ns, Reaching safepoint: 138693 ns, At safepoint: 4622 ns, Total: 143315 ns
[2021-08-17T03:04:27.185+0000][6][safepoint    ] Safepoint "Cleanup", Time since last: 1001367906 ns, Reaching safepoint: 198501 ns, At safepoint: 8678 ns, Total: 207179 ns
[2021-08-17T03:04:28.188+0000][6][safepoint    ] Safepoint "Cleanup", Time since last: 1002206395 ns, Reaching safepoint: 206824 ns, At safepoint: 7589 ns, Total: 214413 ns
[2021-08-17T03:04:29.190+0000][6][safepoint    ] Safepoint "Cleanup", Time since last: 1002045923 ns, Reaching safepoint: 144816 ns, At safepoint: 7360 ns, Total: 152176 ns
[2021-08-17T03:04:30.194+0000][6][safepoint    ] Safepoint "Cleanup", Time since last: 1003271073 ns, Reaching safepoint: 351430 ns, At safepoint: 13552 ns, Total: 364982 ns
[2021-08-17T03:04:31.197+0000][6][safepoint    ] Safepoint "Cleanup", Time since last: 1002754462 ns, Reaching safepoint: 201426 ns, At safepoint: 8369 ns, Total: 209795 ns
[2021-08-17T03:04:32.200+0000][6][safepoint    ] Safepoint "Cleanup", Time since last: 1002906707 ns, Reaching safepoint: 255198 ns, At safepoint: 8928 ns, Total: 264126 ns
[2021-08-17T03:04:33.203+0000][6][safepoint    ] Safepoint "Cleanup", Time since last: 1002823443 ns, Reaching safepoint: 200230 ns, At safepoint: 7656 ns, Total: 207886 ns
[2021-08-17T03:04:34.205+0000][6][safepoint    ] Safepoint "Cleanup", Time since last: 1002460270 ns, Reaching safepoint: 146332 ns, At safepoint: 5311 ns, Total: 151643 ns
[2021-08-17T03:04:35.209+0000][6][safepoint    ] Safepoint "Cleanup", Time since last: 1002779959 ns, Reaching safepoint: 221191 ns, At safepoint: 7841 ns, Total: 229032 ns
[2021-08-17T03:04:36.210+0000][6][safepoint    ] Safepoint "Cleanup", Time since last: 1000847368 ns, Reaching safepoint: 148523 ns, At safepoint: 6678 ns, Total: 155201 ns
[2021-08-17T03:04:37.213+0000][6][safepoint    ] Safepoint "Cleanup", Time since last: 1003129932 ns, Reaching safepoint: 302452 ns, At safepoint: 19829 ns, Total: 322281 ns
[2021-08-17T03:04:38.215+0000][6][safepoint    ] Safepoint "Cleanup", Time since last: 1002288635 ns, Reaching safepoint: 202950 ns, At safepoint: 9699 ns, Total: 212649 ns
[2021-08-17T03:04:39.219+0000][6][safepoint    ] Safepoint "Cleanup", Time since last: 1003265378 ns, Reaching safepoint: 138975 ns, At safepoint: 4832 ns, Total: 143807 ns
[2021-08-17T03:04:40.222+0000][6][safepoint    ] Safepoint "Cleanup", Time since last: 1003367676 ns, Reaching safepoint: 162090 ns, At safepoint: 7612 ns, Total: 169702 ns
[2021-08-17T03:04:41.226+0000][6][safepoint    ] Safepoint "Cleanup", Time since last: 1003138803 ns, Reaching safepoint: 199168 ns, At safepoint: 8073 ns, Total: 207241 ns
[2021-08-17T03:04:42.230+0000][6][safepoint    ] Safepoint "Cleanup", Time since last: 1004112914 ns, Reaching safepoint: 207540 ns, At safepoint: 31259 ns, Total: 238799 ns
[2021-08-17T03:04:43.233+0000][6][safepoint    ] Safepoint "Cleanup", Time since last: 1002843004 ns, Reaching safepoint: 347141 ns, At safepoint: 6584 ns, Total: 353725 ns
[2021-08-17T03:04:44.236+0000][6][safepoint    ] Safepoint "Cleanup", Time since last: 1002149459 ns, Reaching safepoint: 203118 ns, At safepoint: 6770 ns, Total: 209888 ns
[2021-08-17T03:04:45.238+0000][6][safepoint    ] Safepoint "Cleanup", Time since last: 1002013005 ns, Reaching safepoint: 190461 ns, At safepoint: 7292 ns, Total: 197753 ns
[2021-08-17T03:04:46.240+0000][6][safepoint    ] Safepoint "Cleanup", Time since last: 1001415590 ns, Reaching safepoint: 210918 ns, At safepoint: 7910 ns, Total: 218828 ns
[2021-08-17T03:04:47.240+0000][6][safepoint    ] Safepoint "Cleanup", Time since last: 1000507751 ns, Reaching safepoint: 176683 ns, At safepoint: 8023 ns, Total: 184706 ns
[2021-08-17T03:04:48.245+0000][6][safepoint    ] Safepoint "Cleanup", Time since last: 1004134610 ns, Reaching safepoint: 291033 ns, At safepoint: 11368 ns, Total: 302401 ns
[2021-08-17T03:04:49.246+0000][6][safepoint    ] Safepoint "Cleanup", Time since last: 1000798236 ns, Reaching safepoint: 235697 ns, At safepoint: 14554 ns, Total: 250251 ns
[2021-08-17T03:04:50.247+0000][6][safepoint    ] Safepoint "Cleanup", Time since last: 1001068613 ns, Reaching safepoint: 195425 ns, At safepoint: 7600 ns, Total: 203025 ns
[2021-08-17T03:04:51.249+0000][6][safepoint    ] Safepoint "Cleanup", Time since last: 1001321584 ns, Reaching safepoint: 237687 ns, At safepoint: 11454 ns, Total: 249141 ns
[2021-08-17T03:04:52.249+0000][6][safepoint    ] Safepoint "Cleanup", Time since last: 1000537973 ns, Reaching safepoint: 209881 ns, At safepoint: 8134 ns, Total: 218015 ns
[2021-08-17T03:04:53.253+0000][6][safepoint    ] Safepoint "Cleanup", Time since last: 1003073224 ns, Reaching safepoint: 198054 ns, At safepoint: 8582 ns, Total: 206636 ns
[2021-08-17T03:04:54.253+0000][6][safepoint    ] Safepoint "Cleanup", Time since last: 1000307866 ns, Reaching safepoint: 222815 ns, At safepoint: 10212 ns, Total: 233027 ns
[2021-08-17T03:04:55.265+0000][6][safepoint    ] Safepoint "Cleanup", Time since last: 1011545467 ns, Reaching safepoint: 150014 ns, At safepoint: 7186 ns, Total: 157200 ns
[2021-08-17T03:04:56.298+0000][6][safepoint    ] Safepoint "Cleanup", Time since last: 1033450657 ns, Reaching safepoint: 221620 ns, At safepoint: 10155 ns, Total: 231775 ns
[2021-08-17T03:04:57.301+0000][6][safepoint    ] Safepoint "Cleanup", Time since last: 1002222223 ns, Reaching safepoint: 215938 ns, At safepoint: 9464 ns, Total: 225402 ns
[2021-08-17T03:04:58.304+0000][6][safepoint    ] Safepoint "Cleanup", Time since last: 1002919741 ns, Reaching safepoint: 213875 ns, At safepoint: 7969 ns, Total: 221844 ns
[2021-08-17T03:04:59.307+0000][6][safepoint    ] Safepoint "Cleanup", Time since last: 1002379428 ns, Reaching safepoint: 230741 ns, At safepoint: 35277 ns, Total: 266018 ns
[2021-08-17T03:05:00.309+0000][6][safepoint    ] Safepoint "Cleanup", Time since last: 1002170806 ns, Reaching safepoint: 182203 ns, At safepoint: 7271 ns, Total: 189474 ns
[2021-08-17T03:05:01.312+0000][6][safepoint    ] Safepoint "Cleanup", Time since last: 1002186449 ns, Reaching safepoint: 286191 ns, At safepoint: 10228 ns, Total: 296419 ns
[2021-08-17T03:05:02.314+0000][6][safepoint    ] Safepoint "Cleanup", Time since last: 1002024118 ns, Reaching safepoint: 254949 ns, At safepoint: 11501 ns, Total: 266450 ns
[2021-08-17T03:05:03.317+0000][6][safepoint    ] Safepoint "Cleanup", Time since last: 1002762253 ns, Reaching safepoint: 210376 ns, At safepoint: 9568 ns, Total: 219944 ns
[2021-08-17T03:05:05.038+0000][6][safepoint    ] Safepoint "Cleanup", Time since last: 1720518168 ns, Reaching safepoint: 161419 ns, At safepoint: 5964 ns, Total: 167383 ns
[2021-08-17T03:05:06.041+0000][6][safepoint    ] Safepoint "Cleanup", Time since last: 1003129414 ns, Reaching safepoint: 104861 ns, At safepoint: 4976 ns, Total: 109837 ns
[2021-08-17T03:05:07.042+0000][6][safepoint    ] Safepoint "Cleanup", Time since last: 1001467505 ns, Reaching safepoint: 127932 ns, At safepoint: 8910 ns, Total: 136842 ns
[2021-08-17T03:05:08.044+0000][6][safepoint    ] Safepoint "Cleanup", Time since last: 1001087595 ns, Reaching safepoint: 136683 ns, At safepoint: 5336 ns, Total: 142019 ns
[2021-08-17T03:05:09.044+0000][6][safepoint    ] Safepoint "Cleanup", Time since last: 1000373835 ns, Reaching safepoint: 143595 ns, At safepoint: 5578 ns, Total: 149173 ns
[2021-08-17T03:05:10.045+0000][6][safepoint    ] Safepoint "Cleanup", Time since last: 1001139918 ns, Reaching safepoint: 198496 ns, At safepoint: 7538 ns, Total: 206034 ns
[2021-08-17T03:05:11.049+0000][6][safepoint    ] Safepoint "Cleanup", Time since last: 1003509897 ns, Reaching safepoint: 248459 ns, At safepoint: 10624 ns, Total: 259083 ns
[2021-08-17T03:05:12.052+0000][6][safepoint    ] Safepoint "Cleanup", Time since last: 1002490382 ns, Reaching safepoint: 199222 ns, At safepoint: 7737 ns, Total: 206959 ns
[2021-08-17T03:05:13.053+0000][6][safepoint    ] Safepoint "Cleanup", Time since last: 1001074893 ns, Reaching safepoint: 209412 ns, At safepoint: 7773 ns, Total: 217185 ns
[2021-08-17T03:05:14.055+0000][6][safepoint    ] Safepoint "Cleanup", Time since last: 1001607419 ns, Reaching safepoint: 150527 ns, At safepoint: 4626 ns, Total: 155153 ns
[2021-08-17T03:05:15.059+0000][6][safepoint    ] Safepoint "Cleanup", Time since last: 1003660288 ns, Reaching safepoint: 224605 ns, At safepoint: 11588 ns, Total: 236193 ns
[2021-08-17T03:05:16.060+0000][6][safepoint    ] Safepoint "Cleanup", Time since last: 1001312202 ns, Reaching safepoint: 173863 ns, At safepoint: 7355 ns, Total: 181218 ns
[2021-08-17T03:05:17.065+0000][6][safepoint    ] Safepoint "Cleanup", Time since last: 1003880050 ns, Reaching safepoint: 252614 ns, At safepoint: 10830 ns, Total: 263444 ns
[2021-08-17T03:05:18.066+0000][6][safepoint    ] Safepoint "Cleanup", Time since last: 1001183967 ns, Reaching safepoint: 157784 ns, At safepoint: 5865 ns, Total: 163649 ns
[2021-08-17T03:05:19.069+0000][6][safepoint    ] Safepoint "Cleanup", Time since last: 1002677183 ns, Reaching safepoint: 127366 ns, At safepoint: 6135 ns, Total: 133501 ns
[2021-08-17T03:05:20.073+0000][6][safepoint    ] Safepoint "Cleanup", Time since last: 1003981848 ns, Reaching safepoint: 248850 ns, At safepoint: 18358 ns, Total: 267208 ns
[2021-08-17T03:05:21.075+0000][6][safepoint    ] Safepoint "Cleanup", Time since last: 1001660496 ns, Reaching safepoint: 198385 ns, At safepoint: 7699 ns, Total: 206084 ns
[2021-08-17T03:05:22.078+0000][6][safepoint    ] Safepoint "Cleanup", Time since last: 1002848655 ns, Reaching safepoint: 206148 ns, At safepoint: 8057 ns, Total: 214205 ns
[2021-08-17T03:05:23.080+0000][6][safepoint    ] Safepoint "Cleanup", Time since last: 1002403105 ns, Reaching safepoint: 153696 ns, At safepoint: 6945 ns, Total: 160641 ns
[2021-08-17T03:05:24.083+0000][6][safepoint    ] Safepoint "Cleanup", Time since last: 1002509867 ns, Reaching safepoint: 92380 ns, At safepoint: 5723 ns, Total: 98103 ns
[2021-08-17T03:05:25.086+0000][6][safepoint    ] Safepoint "Cleanup", Time since last: 1003056538 ns, Reaching safepoint: 203476 ns, At safepoint: 7616 ns, Total: 211092 ns
[2021-08-17T03:05:26.087+0000][6][safepoint    ] Safepoint "Cleanup", Time since last: 1000984694 ns, Reaching safepoint: 199655 ns, At safepoint: 8815 ns, Total: 208470 ns
[2021-08-17T03:05:27.090+0000][6][safepoint    ] Safepoint "Cleanup", Time since last: 1001941581 ns, Reaching safepoint: 194568 ns, At safepoint: 7603 ns, Total: 202171 ns
[2021-08-17T03:05:28.091+0000][6][safepoint    ] Safepoint "Cleanup", Time since last: 1000881070 ns, Reaching safepoint: 180406 ns, At safepoint: 6748 ns, Total: 187154 ns
[2021-08-17T03:05:29.092+0000][6][safepoint    ] Safepoint "Cleanup", Time since last: 1000767775 ns, Reaching safepoint: 250165 ns, At safepoint: 10285 ns, Total: 260450 ns
[2021-08-17T03:05:30.096+0000][6][safepoint    ] Safepoint "Cleanup", Time since last: 1003579044 ns, Reaching safepoint: 198618 ns, At safepoint: 7542 ns, Total: 206160 ns
[2021-08-17T03:05:31.112+0000][6][safepoint    ] Safepoint "Cleanup", Time since last: 1015882466 ns, Reaching safepoint: 190164 ns, At safepoint: 10461 ns, Total: 200625 ns
[2021-08-17T03:05:32.114+0000][6][safepoint    ] Safepoint "Cleanup", Time since last: 1002403334 ns, Reaching safepoint: 244554 ns, At safepoint: 9969 ns, Total: 254523 ns
[2021-08-17T03:05:33.121+0000][6][safepoint    ] Safepoint "Cleanup", Time since last: 1006583010 ns, Reaching safepoint: 391274 ns, At safepoint: 18955 ns, Total: 410229 ns
[2021-08-17T03:05:34.129+0000][6][safepoint    ] Safepoint "Cleanup", Time since last: 1007026554 ns, Reaching safepoint: 253672 ns, At safepoint: 11222 ns, Total: 264894 ns
[2021-08-17T03:05:35.133+0000][6][safepoint    ] Safepoint "Cleanup", Time since last: 1004464367 ns, Reaching safepoint: 265629 ns, At safepoint: 15412 ns, Total: 281041 ns
[2021-08-17T03:05:36.147+0000][6][safepoint    ] Safepoint "Cleanup", Time since last: 1013930142 ns, Reaching safepoint: 142415 ns, At safepoint: 14255 ns, Total: 156670 ns
[2021-08-17T03:05:37.154+0000][6][safepoint    ] Safepoint "Cleanup", Time since last: 1006181058 ns, Reaching safepoint: 215950 ns, At safepoint: 9207 ns, Total: 225157 ns
[2021-08-17T03:05:38.159+0000][6][safepoint    ] Safepoint "Cleanup", Time since last: 1005061158 ns, Reaching safepoint: 255139 ns, At safepoint: 10214 ns, Total: 265353 ns
[2021-08-17T03:05:39.170+0000][6][safepoint    ] Safepoint "Cleanup", Time since last: 1010756776 ns, Reaching safepoint: 376682 ns, At safepoint: 11092 ns, Total: 387774 ns
[2021-08-17T03:05:40.177+0000][6][safepoint    ] Safepoint "Cleanup", Time since last: 1006791034 ns, Reaching safepoint: 218066 ns, At safepoint: 16710 ns, Total: 234776 ns
[2021-08-17T03:05:41.181+0000][6][safepoint    ] Safepoint "Cleanup", Time since last: 1003784778 ns, Reaching safepoint: 153958 ns, At safepoint: 7677 ns, Total: 161635 ns
[2021-08-17T03:05:42.187+0000][6][safepoint    ] Safepoint "Cleanup", Time since last: 1005070838 ns, Reaching safepoint: 257436 ns, At safepoint: 10875 ns, Total: 268311 ns
[2021-08-17T03:05:43.190+0000][6][safepoint    ] Safepoint "Cleanup", Time since last: 1002955144 ns, Reaching safepoint: 345192 ns, At safepoint: 5516 ns, Total: 350708 ns
[2021-08-17T03:05:44.193+0000][6][safepoint    ] Safepoint "Cleanup", Time since last: 1003029617 ns, Reaching safepoint: 196328 ns, At safepoint: 17228 ns, Total: 213556 ns
[2021-08-17T03:05:45.194+0000][6][safepoint    ] Safepoint "Cleanup", Time since last: 1001139862 ns, Reaching safepoint: 209007 ns, At safepoint: 10862 ns, Total: 219869 ns
[2021-08-17T03:05:46.199+0000][6][safepoint    ] Safepoint "Cleanup", Time since last: 1003730096 ns, Reaching safepoint: 480143 ns, At safepoint: 31249 ns, Total: 511392 ns
[2021-08-17T03:05:47.203+0000][6][safepoint    ] Safepoint "Cleanup", Time since last: 1003565982 ns, Reaching safepoint: 216458 ns, At safepoint: 9210 ns, Total: 225668 ns
[2021-08-17T03:05:48.218+0000][6][safepoint    ] Safepoint "Cleanup", Time since last: 1014902116 ns, Reaching safepoint: 206637 ns, At safepoint: 9383 ns, Total: 216020 ns
[2021-08-17T03:05:49.218+0000][6][safepoint    ] Safepoint "Cleanup", Time since last: 1000581067 ns, Reaching safepoint: 192409 ns, At safepoint: 7715 ns, Total: 200124 ns
[2021-08-17T03:05:50.221+0000][6][safepoint    ] Safepoint "Cleanup", Time since last: 1002461297 ns, Reaching safepoint: 206458 ns, At safepoint: 7869 ns, Total: 214327 ns
[2021-08-17T03:05:51.224+0000][6][safepoint    ] Safepoint "Cleanup", Time since last: 1003198104 ns, Reaching safepoint: 194680 ns, At safepoint: 8039 ns, Total: 202719 ns
[2021-08-17T03:05:52.225+0000][6][safepoint    ] Safepoint "Cleanup", Time since last: 1000309342 ns, Reaching safepoint: 183709 ns, At safepoint: 12607 ns, Total: 196316 ns
[2021-08-17T03:05:53.227+0000][6][safepoint    ] Safepoint "Cleanup", Time since last: 1001616475 ns, Reaching safepoint: 223304 ns, At safepoint: 8448 ns, Total: 231752 ns
[2021-08-17T03:05:54.230+0000][6][safepoint    ] Safepoint "Cleanup", Time since last: 1003083773 ns, Reaching safepoint: 210425 ns, At safepoint: 10610 ns, Total: 221035 ns
[2021-08-17T03:05:55.234+0000][6][safepoint    ] Safepoint "Cleanup", Time since last: 1003270596 ns, Reaching safepoint: 184193 ns, At safepoint: 7153 ns, Total: 191346 ns
[2021-08-17T03:05:56.235+0000][6][safepoint    ] Safepoint "Cleanup", Time since last: 1001604995 ns, Reaching safepoint: 164941 ns, At safepoint: 6140 ns, Total: 171081 ns
[2021-08-17T03:05:57.237+0000][6][safepoint    ] Safepoint "Cleanup", Time since last: 1001125545 ns, Reaching safepoint: 318066 ns, At safepoint: 16900 ns, Total: 334966 ns
[2021-08-17T03:05:58.240+0000][6][safepoint    ] Safepoint "Cleanup", Time since last: 1003449485 ns, Reaching safepoint: 187421 ns, At safepoint: 7642 ns, Total: 195063 ns
[2021-08-17T03:05:59.241+0000][6][safepoint    ] Safepoint "Cleanup", Time since last: 1000855474 ns, Reaching safepoint: 154548 ns, At safepoint: 5185 ns, Total: 159733 ns
[2021-08-17T03:06:00.243+0000][6][safepoint    ] Safepoint "Cleanup", Time since last: 1001242147 ns, Reaching safepoint: 103253 ns, At safepoint: 4481 ns, Total: 107734 ns
[2021-08-17T03:06:01.245+0000][6][safepoint    ] Safepoint "Cleanup", Time since last: 1002084030 ns, Reaching safepoint: 201976 ns, At safepoint: 7829 ns, Total: 209805 ns
[2021-08-17T03:06:02.247+0000][6][safepoint    ] Safepoint "Cleanup", Time since last: 1001364808 ns, Reaching safepoint: 129558 ns, At safepoint: 6504 ns, Total: 136062 ns
[2021-08-17T03:06:03.248+0000][6][safepoint    ] Safepoint "Cleanup", Time since last: 1001550653 ns, Reaching safepoint: 159922 ns, At safepoint: 6645 ns, Total: 166567 ns
[2021-08-17T03:06:04.251+0000][6][safepoint    ] Safepoint "Cleanup", Time since last: 1002316641 ns, Reaching safepoint: 137995 ns, At safepoint: 7103 ns, Total: 145098 ns
[2021-08-17T03:06:05.251+0000][6][safepoint    ] Safepoint "Cleanup", Time since last: 1000413073 ns, Reaching safepoint: 211173 ns, At safepoint: 10826 ns, Total: 221999 ns
[2021-08-17T03:06:06.265+0000][6][safepoint    ] Safepoint "Cleanup", Time since last: 1013259422 ns, Reaching safepoint: 196934 ns, At safepoint: 8401 ns, Total: 205335 ns
[2021-08-17T03:06:07.268+0000][6][safepoint    ] Safepoint "Cleanup", Time since last: 1002725491 ns, Reaching safepoint: 138015 ns, At safepoint: 7686 ns, Total: 145701 ns
[2021-08-17T03:06:08.271+0000][6][safepoint    ] Safepoint "Cleanup", Time since last: 1002942693 ns, Reaching safepoint: 172532 ns, At safepoint: 10152 ns, Total: 182684 ns
[2021-08-17T03:06:09.276+0000][6][safepoint    ] Safepoint "Cleanup", Time since last: 1004413974 ns, Reaching safepoint: 244277 ns, At safepoint: 10469 ns, Total: 254746 ns
[2021-08-17T03:06:10.278+0000][6][safepoint    ] Safepoint "Cleanup", Time since last: 1002201811 ns, Reaching safepoint: 461823 ns, At safepoint: 17797 ns, Total: 479620 ns
[2021-08-17T03:06:11.287+0000][6][safepoint    ] Safepoint "Cleanup", Time since last: 1008123400 ns, Reaching safepoint: 166649 ns, At safepoint: 7202 ns, Total: 173851 ns
[2021-08-17T03:06:12.289+0000][6][safepoint    ] Safepoint "Cleanup", Time since last: 1002043832 ns, Reaching safepoint: 237154 ns, At safepoint: 11042 ns, Total: 248196 ns
[2021-08-17T03:06:13.301+0000][6][safepoint    ] Safepoint "Cleanup", Time since last: 1011817434 ns, Reaching safepoint: 244628 ns, At safepoint: 23789 ns, Total: 268417 ns
[2021-08-17T03:06:14.305+0000][6][safepoint    ] Safepoint "Cleanup", Time since last: 1003549025 ns, Reaching safepoint: 147965 ns, At safepoint: 4921 ns, Total: 152886 ns
[2021-08-17T03:06:15.309+0000][6][safepoint    ] Safepoint "Cleanup", Time since last: 1003874496 ns, Reaching safepoint: 160173 ns, At safepoint: 6945 ns, Total: 167118 ns
[2021-08-17T03:06:16.311+0000][6][safepoint    ] Safepoint "Cleanup", Time since last: 1001608547 ns, Reaching safepoint: 207078 ns, At safepoint: 9327 ns, Total: 216405 ns
[2021-08-17T03:06:17.311+0000][6][safepoint    ] Safepoint "Cleanup", Time since last: 1000452516 ns, Reaching safepoint: 205887 ns, At safepoint: 7798 ns, Total: 213685 ns
[2021-08-17T03:06:18.313+0000][6][safepoint    ] Safepoint "Cleanup", Time since last: 1001241246 ns, Reaching safepoint: 305664 ns, At safepoint: 8312 ns, Total: 313976 ns
[2021-08-17T03:06:19.314+0000][6][safepoint    ] Safepoint "Cleanup", Time since last: 1000763415 ns, Reaching safepoint: 187988 ns, At safepoint: 7519 ns, Total: 195507 ns
[2021-08-17T03:06:20.317+0000][6][safepoint    ] Safepoint "Cleanup", Time since last: 1003257664 ns, Reaching safepoint: 205449 ns, At safepoint: 7878 ns, Total: 213327 ns
[2021-08-17T03:06:21.320+0000][6][safepoint    ] Safepoint "Cleanup", Time since last: 1002766934 ns, Reaching safepoint: 210643 ns, At safepoint: 11069 ns, Total: 221712 ns
[2021-08-17T03:06:22.322+0000][6][safepoint    ] Safepoint "Cleanup", Time since last: 1001903456 ns, Reaching safepoint: 194361 ns, At safepoint: 7915 ns, Total: 202276 ns
[2021-08-17T03:06:23.325+0000][6][safepoint    ] Safepoint "Cleanup", Time since last: 1002845049 ns, Reaching safepoint: 189970 ns, At safepoint: 7674 ns, Total: 197644 ns
[2021-08-17T03:06:24.326+0000][6][safepoint    ] Safepoint "Cleanup", Time since last: 1000333124 ns, Reaching safepoint: 185004 ns, At safepoint: 4838 ns, Total: 189842 ns
[2021-08-17T03:06:25.329+0000][6][safepoint    ] Safepoint "Cleanup", Time since last: 1002824266 ns, Reaching safepoint: 194392 ns, At safepoint: 7844 ns, Total: 202236 ns
[2021-08-17T03:06:26.341+0000][6][safepoint    ] Safepoint "Cleanup", Time since last: 1012268489 ns, Reaching safepoint: 170244 ns, At safepoint: 5445 ns, Total: 175689 ns
[2021-08-17T03:06:27.350+0000][6][safepoint    ] Safepoint "Cleanup", Time since last: 1008213105 ns, Reaching safepoint: 235838 ns, At safepoint: 6356 ns, Total: 242194 ns
[2021-08-17T03:06:28.355+0000][6][safepoint    ] Safepoint "Cleanup", Time since last: 1004857675 ns, Reaching safepoint: 394362 ns, At safepoint: 13824 ns, Total: 408186 ns
[2021-08-17T03:06:29.358+0000][6][safepoint    ] Safepoint "Cleanup", Time since last: 1002899402 ns, Reaching safepoint: 431611 ns, At safepoint: 14641 ns, Total: 446252 ns
[2021-08-17T03:06:30.361+0000][6][safepoint    ] Safepoint "Cleanup", Time since last: 1002549587 ns, Reaching safepoint: 299736 ns, At safepoint: 48590 ns, Total: 348326 ns
[2021-08-17T03:06:31.363+0000][6][safepoint    ] Safepoint "Cleanup", Time since last: 1001633085 ns, Reaching safepoint: 159032 ns, At safepoint: 17224 ns, Total: 176256 ns
[2021-08-17T03:06:32.366+0000][6][safepoint    ] Safepoint "Cleanup", Time since last: 1002898261 ns, Reaching safepoint: 359422 ns, At safepoint: 10935 ns, Total: 370357 ns
[2021-08-17T03:06:33.367+0000][6][safepoint    ] Safepoint "Cleanup", Time since last: 1000860273 ns, Reaching safepoint: 165176 ns, At safepoint: 9305 ns, Total: 174481 ns
[2021-08-17T03:06:34.370+0000][6][safepoint    ] Safepoint "Cleanup", Time since last: 1002240598 ns, Reaching safepoint: 288722 ns, At safepoint: 5886 ns, Total: 294608 ns
[2021-08-17T03:06:35.371+0000][6][safepoint    ] Safepoint "Cleanup", Time since last: 1001008723 ns, Reaching safepoint: 458370 ns, At safepoint: 9746 ns, Total: 468116 ns
[2021-08-17T03:06:36.375+0000][6][safepoint    ] Safepoint "Cleanup", Time since last: 1003107508 ns, Reaching safepoint: 149007 ns, At safepoint: 11975 ns, Total: 160982 ns
[2021-08-17T03:06:37.378+0000][6][safepoint    ] Safepoint "Cleanup", Time since last: 1002974897 ns, Reaching safepoint: 624100 ns, At safepoint: 9833 ns, Total: 633933 ns
[2021-08-17T03:06:38.380+0000][6][safepoint    ] Safepoint "Cleanup", Time since last: 1001154052 ns, Reaching safepoint: 111607 ns, At safepoint: 7282 ns, Total: 118889 ns
[2021-08-17T03:06:39.383+0000][6][safepoint    ] Safepoint "Cleanup", Time since last: 1003093600 ns, Reaching safepoint: 400531 ns, At safepoint: 10494 ns, Total: 411025 ns
[2021-08-17T03:06:40.385+0000][6][safepoint    ] Safepoint "Cleanup", Time since last: 1001331634 ns, Reaching safepoint: 148816 ns, At safepoint: 13053 ns, Total: 161869 ns
[2021-08-17T03:06:41.388+0000][6][safepoint    ] Safepoint "Cleanup", Time since last: 1003026845 ns, Reaching safepoint: 131461 ns, At safepoint: 8232 ns, Total: 139693 ns
[2021-08-17T03:06:42.391+0000][6][safepoint    ] Safepoint "Cleanup", Time since last: 1002942561 ns, Reaching safepoint: 149929 ns, At safepoint: 11671 ns, Total: 161600 ns
[2021-08-17T03:06:43.392+0000][6][safepoint    ] Safepoint "Cleanup", Time since last: 1001036148 ns, Reaching safepoint: 603044 ns, At safepoint: 48814 ns, Total: 651858 ns
[2021-08-17T03:06:44.395+0000][6][safepoint    ] Safepoint "Cleanup", Time since last: 1002201462 ns, Reaching safepoint: 154355 ns, At safepoint: 8654 ns, Total: 163009 ns
[2021-08-17T03:06:45.395+0000][6][safepoint    ] Safepoint "Cleanup", Time since last: 1000279204 ns, Reaching safepoint: 326628 ns, At safepoint: 8776 ns, Total: 335404 ns
[2021-08-17T03:06:46.397+0000][6][safepoint    ] Safepoint "Cleanup", Time since last: 1000994935 ns, Reaching safepoint: 131702 ns, At safepoint: 7508 ns, Total: 139210 ns
[2021-08-17T03:06:47.400+0000][6][safepoint    ] Safepoint "Cleanup", Time since last: 1002887087 ns, Reaching safepoint: 238320 ns, At safepoint: 14779 ns, Total: 253099 ns
[2021-08-17T03:06:48.402+0000][6][safepoint    ] Safepoint "Cleanup", Time since last: 1001591141 ns, Reaching safepoint: 324319 ns, At safepoint: 47414 ns, Total: 371733 ns
[2021-08-17T03:06:49.404+0000][6][safepoint    ] Safepoint "Cleanup", Time since last: 1002115700 ns, Reaching safepoint: 125828 ns, At safepoint: 6468 ns, Total: 132296 ns
[2021-08-17T03:06:50.406+0000][6][safepoint    ] Safepoint "Cleanup", Time since last: 1001680861 ns, Reaching safepoint: 123791 ns, At safepoint: 5604 ns, Total: 129395 ns
[2021-08-17T03:06:51.414+0000][6][safepoint    ] Safepoint "Cleanup", Time since last: 1007371564 ns, Reaching safepoint: 402732 ns, At safepoint: 11717 ns, Total: 414449 ns
[2021-08-17T03:06:52.414+0000][6][safepoint    ] Safepoint "Cleanup", Time since last: 1000328747 ns, Reaching safepoint: 200911 ns, At safepoint: 9384 ns, Total: 210295 ns
[2021-08-17T03:06:53.418+0000][6][safepoint    ] Safepoint "Cleanup", Time since last: 1003253331 ns, Reaching safepoint: 207552 ns, At safepoint: 15042 ns, Total: 222594 ns
[2021-08-17T03:06:54.419+0000][6][safepoint    ] Safepoint "Cleanup", Time since last: 1001126391 ns, Reaching safepoint: 120546 ns, At safepoint: 8343 ns, Total: 128889 ns
[2021-08-17T03:06:55.427+0000][6][safepoint    ] Safepoint "Cleanup", Time since last: 1007075048 ns, Reaching safepoint: 709480 ns, At safepoint: 51590 ns, Total: 761070 ns
[2021-08-17T03:06:56.430+0000][6][safepoint    ] Safepoint "Cleanup", Time since last: 1003630499 ns, Reaching safepoint: 99042 ns, At safepoint: 5357 ns, Total: 104399 ns
[2021-08-17T03:06:57.445+0000][6][safepoint    ] Safepoint "Cleanup", Time since last: 1013958014 ns, Reaching safepoint: 338208 ns, At safepoint: 60769 ns, Total: 398977 ns
[2021-08-17T03:06:58.450+0000][6][safepoint    ] Safepoint "Cleanup", Time since last: 1005241951 ns, Reaching safepoint: 137676 ns, At safepoint: 12060 ns, Total: 149736 ns
[2021-08-17T03:06:59.456+0000][6][safepoint    ] Safepoint "Cleanup", Time since last: 1005527688 ns, Reaching safepoint: 152971 ns, At safepoint: 14472 ns, Total: 167443 ns
[2021-08-17T03:07:00.462+0000][6][safepoint    ] Safepoint "Cleanup", Time since last: 1005826455 ns, Reaching safepoint: 449885 ns, At safepoint: 12338 ns, Total: 462223 ns
[2021-08-17T03:07:01.477+0000][6][safepoint    ] Safepoint "Cleanup", Time since last: 1014977144 ns, Reaching safepoint: 327637 ns, At safepoint: 12027 ns, Total: 339664 ns
[2021-08-17T03:07:02.480+0000][6][safepoint    ] Safepoint "Cleanup", Time since last: 1002226504 ns, Reaching safepoint: 120028 ns, At safepoint: 6693 ns, Total: 126721 ns
[2021-08-17T03:07:03.483+0000][6][safepoint    ] Safepoint "Cleanup", Time since last: 1002683380 ns, Reaching safepoint: 111066 ns, At safepoint: 8607 ns, Total: 119673 ns
[2021-08-17T03:07:04.486+0000][6][safepoint    ] Safepoint "Cleanup", Time since last: 1003148708 ns, Reaching safepoint: 166978 ns, At safepoint: 9499 ns, Total: 176477 ns
[2021-08-17T03:07:05.487+0000][6][safepoint    ] Safepoint "Cleanup", Time since last: 1000982059 ns, Reaching safepoint: 345034 ns, At safepoint: 51579 ns, Total: 396613 ns
[2021-08-17T03:07:06.489+0000][6][safepoint    ] Safepoint "Cleanup", Time since last: 1002037779 ns, Reaching safepoint: 155210 ns, At safepoint: 7618 ns, Total: 162828 ns
[2021-08-17T03:07:07.494+0000][6][safepoint    ] Safepoint "Cleanup", Time since last: 1004688425 ns, Reaching safepoint: 186715 ns, At safepoint: 8922 ns, Total: 195637 ns
[2021-08-17T03:07:08.501+0000][6][safepoint    ] Safepoint "Cleanup", Time since last: 1006596667 ns, Reaching safepoint: 155572 ns, At safepoint: 54956 ns, Total: 210528 ns
[2021-08-17T03:07:09.505+0000][6][safepoint    ] Safepoint "Cleanup", Time since last: 1003386284 ns, Reaching safepoint: 214632 ns, At safepoint: 44007 ns, Total: 258639 ns
[2021-08-17T03:07:10.511+0000][6][safepoint    ] Safepoint "Cleanup", Time since last: 1005543540 ns, Reaching safepoint: 461962 ns, At safepoint: 8941 ns, Total: 470903 ns
[2021-08-17T03:07:11.515+0000][6][safepoint    ] Safepoint "Cleanup", Time since last: 1003593906 ns, Reaching safepoint: 184369 ns, At safepoint: 17339 ns, Total: 201708 ns
[2021-08-17T03:07:12.520+0000][6][safepoint    ] Safepoint "Cleanup", Time since last: 1004705301 ns, Reaching safepoint: 329128 ns, At safepoint: 9114 ns, Total: 338242 ns
[2021-08-17T03:07:13.521+0000][6][safepoint    ] Safepoint "Cleanup", Time since last: 1001349079 ns, Reaching safepoint: 171577 ns, At safepoint: 10335 ns, Total: 181912 ns
[2021-08-17T03:07:14.527+0000][6][safepoint    ] Safepoint "Cleanup", Time since last: 1004928354 ns, Reaching safepoint: 460688 ns, At safepoint: 32965 ns, Total: 493653 ns
[2021-08-17T03:07:15.532+0000][6][safepoint    ] Safepoint "Cleanup", Time since last: 1005226038 ns, Reaching safepoint: 175304 ns, At safepoint: 10238 ns, Total: 185542 ns
[2021-08-17T03:07:16.538+0000][6][safepoint    ] Safepoint "Cleanup", Time since last: 1005957421 ns, Reaching safepoint: 373402 ns, At safepoint: 10054 ns, Total: 383456 ns
[2021-08-17T03:07:17.541+0000][6][safepoint    ] Safepoint "Cleanup", Time since last: 1002364500 ns, Reaching safepoint: 435538 ns, At safepoint: 10366 ns, Total: 445904 ns
[2021-08-17T03:07:18.546+0000][6][safepoint    ] Safepoint "Cleanup", Time since last: 1004183668 ns, Reaching safepoint: 118298 ns, At safepoint: 8555 ns, Total: 126853 ns
[2021-08-17T03:07:19.548+0000][6][safepoint    ] Safepoint "Cleanup", Time since last: 1002486352 ns, Reaching safepoint: 395242 ns, At safepoint: 12457 ns, Total: 407699 ns
[2021-08-17T03:07:20.551+0000][6][safepoint    ] Safepoint "Cleanup", Time since last: 1002065204 ns, Reaching safepoint: 437580 ns, At safepoint: 13747 ns, Total: 451327 ns
[2021-08-17T03:07:21.553+0000][6][safepoint    ] Safepoint "Cleanup", Time since last: 1002052472 ns, Reaching safepoint: 134791 ns, At safepoint: 11323 ns, Total: 146114 ns
[2021-08-17T03:07:22.555+0000][6][safepoint    ] Safepoint "Cleanup", Time since last: 1001557839 ns, Reaching safepoint: 405208 ns, At safepoint: 11188 ns, Total: 416396 ns
[2021-08-17T03:07:23.556+0000][6][safepoint    ] Safepoint "Cleanup", Time since last: 1000531210 ns, Reaching safepoint: 143993 ns, At safepoint: 5351 ns, Total: 149344 ns
[2021-08-17T03:07:24.559+0000][6][safepoint    ] Safepoint "Cleanup", Time since last: 1002950686 ns, Reaching safepoint: 124153 ns, At safepoint: 6866 ns, Total: 131019 ns
[2021-08-17T03:07:25.562+0000][6][safepoint    ] Safepoint "Cleanup", Time since last: 1002919528 ns, Reaching safepoint: 321905 ns, At safepoint: 38426 ns, Total: 360331 ns
[2021-08-17T03:07:26.565+0000][6][safepoint    ] Safepoint "Cleanup", Time since last: 1002125625 ns, Reaching safepoint: 444483 ns, At safepoint: 36654 ns, Total: 481137 ns
[2021-08-17T03:07:27.567+0000][6][safepoint    ] Safepoint "Cleanup", Time since last: 1002527125 ns, Reaching safepoint: 168461 ns, At safepoint: 8175 ns, Total: 176636 ns
[2021-08-17T03:07:28.571+0000][6][safepoint    ] Safepoint "Cleanup", Time since last: 1003063857 ns, Reaching safepoint: 136011 ns, At safepoint: 7545 ns, Total: 143556 ns
[2021-08-17T03:07:29.572+0000][6][safepoint    ] Safepoint "Cleanup", Time since last: 1001030384 ns, Reaching safepoint: 138733 ns, At safepoint: 10595 ns, Total: 149328 ns
[2021-08-17T03:07:30.574+0000][6][safepoint    ] Safepoint "Cleanup", Time since last: 1001904763 ns, Reaching safepoint: 202279 ns, At safepoint: 10135 ns, Total: 212414 ns
[2021-08-17T03:07:31.576+0000][6][safepoint    ] Safepoint "Cleanup", Time since last: 1001365857 ns, Reaching safepoint: 281530 ns, At safepoint: 6822 ns, Total: 288352 ns
[2021-08-17T03:07:32.579+0000][6][safepoint    ] Safepoint "Cleanup", Time since last: 1003234481 ns, Reaching safepoint: 369329 ns, At safepoint: 9526 ns, Total: 378855 ns
[2021-08-17T03:07:33.580+0000][6][safepoint    ] Safepoint "Cleanup", Time since last: 1000430423 ns, Reaching safepoint: 157620 ns, At safepoint: 6201 ns, Total: 163821 ns
[2021-08-17T03:07:34.582+0000][6][safepoint    ] Safepoint "Cleanup", Time since last: 1002017397 ns, Reaching safepoint: 115998 ns, At safepoint: 5668 ns, Total: 121666 ns
[2021-08-17T03:07:35.583+0000][6][safepoint    ] Safepoint "Cleanup", Time since last: 1000683529 ns, Reaching safepoint: 110952 ns, At safepoint: 8273 ns, Total: 119225 ns
[2021-08-17T03:07:36.586+0000][6][safepoint    ] Safepoint "Cleanup", Time since last: 1002998256 ns, Reaching safepoint: 652554 ns, At safepoint: 43726 ns, Total: 696280 ns
[2021-08-17T03:07:37.588+0000][6][safepoint    ] Safepoint "Cleanup", Time since last: 1001372905 ns, Reaching safepoint: 221962 ns, At safepoint: 8064 ns, Total: 230026 ns
[2021-08-17T03:07:38.590+0000][6][safepoint    ] Safepoint "Cleanup", Time since last: 1001449269 ns, Reaching safepoint: 176634 ns, At safepoint: 39416 ns, Total: 216050 ns
[2021-08-17T03:07:39.593+0000][6][safepoint    ] Safepoint "Cleanup", Time since last: 1003186792 ns, Reaching safepoint: 212878 ns, At safepoint: 49595 ns, Total: 262473 ns
[2021-08-17T03:07:40.594+0000][6][safepoint    ] Safepoint "Cleanup", Time since last: 1001126204 ns, Reaching safepoint: 182097 ns, At safepoint: 9011 ns, Total: 191108 ns
[2021-08-17T03:07:41.598+0000][6][safepoint    ] Safepoint "Cleanup", Time since last: 1003377694 ns, Reaching safepoint: 140408 ns, At safepoint: 12278 ns, Total: 152686 ns
[2021-08-17T03:07:42.602+0000][6][safepoint    ] Safepoint "Cleanup", Time since last: 1003796314 ns, Reaching safepoint: 383853 ns, At safepoint: 9829 ns, Total: 393682 ns
[2021-08-17T03:07:43.604+0000][6][safepoint    ] Safepoint "Cleanup", Time since last: 1001827530 ns, Reaching safepoint: 132027 ns, At safepoint: 8388 ns, Total: 140415 ns
[2021-08-17T03:07:44.607+0000][6][safepoint    ] Safepoint "Cleanup", Time since last: 1002847476 ns, Reaching safepoint: 100746 ns, At safepoint: 5002 ns, Total: 105748 ns
[2021-08-17T03:07:45.608+0000][6][safepoint    ] Safepoint "Cleanup", Time since last: 1000648593 ns, Reaching safepoint: 264542 ns, At safepoint: 6590 ns, Total: 271132 ns
[2021-08-17T03:07:46.609+0000][6][safepoint    ] Safepoint "Cleanup", Time since last: 1000369761 ns, Reaching safepoint: 178222 ns, At safepoint: 8023 ns, Total: 186245 ns
[2021-08-17T03:07:47.612+0000][6][safepoint    ] Safepoint "Cleanup", Time since last: 1003634681 ns, Reaching safepoint: 196224 ns, At safepoint: 10858 ns, Total: 207082 ns
[2021-08-17T03:07:48.615+0000][6][safepoint    ] Safepoint "Cleanup", Time since last: 1002810065 ns, Reaching safepoint: 136671 ns, At safepoint: 9307 ns, Total: 145978 ns
[2021-08-17T03:07:49.617+0000][6][safepoint    ] Safepoint "Cleanup", Time since last: 1000843912 ns, Reaching safepoint: 266332 ns, At safepoint: 35697 ns, Total: 302029 ns
[2021-08-17T03:07:50.629+0000][6][safepoint    ] Safepoint "Cleanup", Time since last: 1011840692 ns, Reaching safepoint: 324612 ns, At safepoint: 10161 ns, Total: 334773 ns
[2021-08-17T03:07:51.635+0000][6][safepoint    ] Safepoint "Cleanup", Time since last: 1006092537 ns, Reaching safepoint: 210559 ns, At safepoint: 13842 ns, Total: 224401 ns
[2021-08-17T03:07:52.641+0000][6][safepoint    ] Safepoint "Cleanup", Time since last: 1006250347 ns, Reaching safepoint: 183505 ns, At safepoint: 13314 ns, Total: 196819 ns
[2021-08-17T03:07:53.645+0000][6][safepoint    ] Safepoint "Cleanup", Time since last: 1002974895 ns, Reaching safepoint: 160154 ns, At safepoint: 12411 ns, Total: 172565 ns
[2021-08-17T03:07:54.650+0000][6][safepoint    ] Safepoint "Cleanup", Time since last: 1004602810 ns, Reaching safepoint: 561113 ns, At safepoint: 13597 ns, Total: 574710 ns
[2021-08-17T03:07:55.654+0000][6][safepoint    ] Safepoint "Cleanup", Time since last: 1004017860 ns, Reaching safepoint: 447478 ns, At safepoint: 12460 ns, Total: 459938 ns
[2021-08-17T03:07:56.656+0000][6][safepoint    ] Safepoint "Cleanup", Time since last: 1001942699 ns, Reaching safepoint: 121727 ns, At safepoint: 9405 ns, Total: 131132 ns
[2021-08-17T03:07:57.662+0000][6][safepoint    ] Safepoint "Cleanup", Time since last: 1005346657 ns, Reaching safepoint: 255375 ns, At safepoint: 4766 ns, Total: 260141 ns
[2021-08-17T03:07:58.666+0000][6][safepoint    ] Safepoint "Cleanup", Time since last: 1003878024 ns, Reaching safepoint: 381393 ns, At safepoint: 48730 ns, Total: 430123 ns
[2021-08-17T03:07:59.669+0000][6][safepoint    ] Safepoint "Cleanup", Time since last: 1002524507 ns, Reaching safepoint: 154280 ns, At safepoint: 35102 ns, Total: 189382 ns
[2021-08-17T03:08:00.672+0000][6][safepoint    ] Safepoint "Cleanup", Time since last: 1002685101 ns, Reaching safepoint: 740809 ns, At safepoint: 46751 ns, Total: 787560 ns
[2021-08-17T03:08:01.674+0000][6][safepoint    ] Safepoint "Cleanup", Time since last: 1001240652 ns, Reaching safepoint: 185860 ns, At safepoint: 9570 ns, Total: 195430 ns
[2021-08-17T03:08:02.678+0000][6][safepoint    ] Safepoint "Cleanup", Time since last: 1003378351 ns, Reaching safepoint: 358870 ns, At safepoint: 42351 ns, Total: 401221 ns
[2021-08-17T03:08:03.679+0000][6][safepoint    ] Safepoint "Cleanup", Time since last: 1000943146 ns, Reaching safepoint: 188238 ns, At safepoint: 10284 ns, Total: 198522 ns
[2021-08-17T03:08:04.680+0000][6][safepoint    ] Safepoint "Cleanup", Time since last: 1000742800 ns, Reaching safepoint: 252123 ns, At safepoint: 6000 ns, Total: 258123 ns
[2021-08-17T03:08:05.680+0000][6][safepoint    ] Safepoint "Cleanup", Time since last: 1000262428 ns, Reaching safepoint: 388561 ns, At safepoint: 6865 ns, Total: 395426 ns
[2021-08-17T03:08:06.681+0000][6][safepoint    ] Safepoint "Cleanup", Time since last: 1000618495 ns, Reaching safepoint: 318946 ns, At safepoint: 10115 ns, Total: 329061 ns
[2021-08-17T03:08:07.685+0000][6][safepoint    ] Safepoint "Cleanup", Time since last: 1003390683 ns, Reaching safepoint: 248313 ns, At safepoint: 5891 ns, Total: 254204 ns
[2021-08-17T03:08:08.688+0000][6][safepoint    ] Safepoint "Cleanup", Time since last: 1002491628 ns, Reaching safepoint: 135108 ns, At safepoint: 9773 ns, Total: 144881 ns
[2021-08-17T03:08:09.689+0000][6][safepoint    ] Safepoint "Cleanup", Time since last: 1000996843 ns, Reaching safepoint: 119035 ns, At safepoint: 7790 ns, Total: 126825 ns
[2021-08-17T03:08:10.692+0000][6][safepoint    ] Safepoint "Cleanup", Time since last: 1002737204 ns, Reaching safepoint: 403115 ns, At safepoint: 13354 ns, Total: 416469 ns
[2021-08-17T03:08:11.695+0000][6][safepoint    ] Safepoint "Cleanup", Time since last: 1002398812 ns, Reaching safepoint: 110985 ns, At safepoint: 4569 ns, Total: 115554 ns
[2021-08-17T03:08:12.697+0000][6][safepoint    ] Safepoint "Cleanup", Time since last: 1002576290 ns, Reaching safepoint: 133261 ns, At safepoint: 7018 ns, Total: 140279 ns
[2021-08-17T03:08:13.699+0000][6][safepoint    ] Safepoint "Cleanup", Time since last: 1002003989 ns, Reaching safepoint: 124953 ns, At safepoint: 7443 ns, Total: 132396 ns
[2021-08-17T03:08:14.702+0000][6][safepoint    ] Safepoint "Cleanup", Time since last: 1002205932 ns, Reaching safepoint: 472055 ns, At safepoint: 12313 ns, Total: 484368 ns
[2021-08-17T03:08:15.703+0000][6][safepoint    ] Safepoint "Cleanup", Time since last: 1000890677 ns, Reaching safepoint: 141076 ns, At safepoint: 7463 ns, Total: 148539 ns
[2021-08-17T03:08:17.103+0000][6][safepoint    ] Safepoint "Cleanup", Time since last: 1399416630 ns, Reaching safepoint: 191315 ns, At safepoint: 7732 ns, Total: 199047 ns
[2021-08-17T03:08:18.105+0000][6][safepoint    ] Safepoint "Cleanup", Time since last: 1001670344 ns, Reaching safepoint: 205502 ns, At safepoint: 7643 ns, Total: 213145 ns
[2021-08-17T03:08:19.105+0000][6][safepoint    ] Safepoint "Cleanup", Time since last: 1000237529 ns, Reaching safepoint: 141721 ns, At safepoint: 5303 ns, Total: 147024 ns
[2021-08-17T03:08:20.108+0000][6][safepoint    ] Safepoint "Cleanup", Time since last: 1002711936 ns, Reaching safepoint: 206037 ns, At safepoint: 7634 ns, Total: 213671 ns
[2021-08-17T03:08:21.110+0000][6][safepoint    ] Safepoint "Cleanup", Time since last: 1002020160 ns, Reaching safepoint: 186898 ns, At safepoint: 7871 ns, Total: 194769 ns
[2021-08-17T03:08:22.114+0000][6][safepoint    ] Safepoint "Cleanup", Time since last: 1003455089 ns, Reaching safepoint: 198086 ns, At safepoint: 8227 ns, Total: 206313 ns
[2021-08-17T03:08:23.117+0000][6][safepoint    ] Safepoint "Cleanup", Time since last: 1003341983 ns, Reaching safepoint: 305583 ns, At safepoint: 7796 ns, Total: 313379 ns
[2021-08-17T03:08:24.121+0000][6][safepoint    ] Safepoint "Cleanup", Time since last: 1003486924 ns, Reaching safepoint: 237644 ns, At safepoint: 13073 ns, Total: 250717 ns
[2021-08-17T03:08:25.124+0000][6][safepoint    ] Safepoint "Cleanup", Time since last: 1002734122 ns, Reaching safepoint: 232605 ns, At safepoint: 10467 ns, Total: 243072 ns
[2021-08-17T03:08:26.127+0000][6][safepoint    ] Safepoint "Cleanup", Time since last: 1002798546 ns, Reaching safepoint: 202259 ns, At safepoint: 8692 ns, Total: 210951 ns
[2021-08-17T03:08:27.128+0000][6][safepoint    ] Safepoint "Cleanup", Time since last: 1000412437 ns, Reaching safepoint: 198322 ns, At safepoint: 8763 ns, Total: 207085 ns
[2021-08-17T03:08:28.131+0000][6][safepoint    ] Safepoint "Cleanup", Time since last: 1003061832 ns, Reaching safepoint: 249624 ns, At safepoint: 9616 ns, Total: 259240 ns
[2021-08-17T03:08:29.133+0000][6][safepoint    ] Safepoint "Cleanup", Time since last: 1001317255 ns, Reaching safepoint: 201668 ns, At safepoint: 7872 ns, Total: 209540 ns
[2021-08-17T03:08:30.135+0000][6][safepoint    ] Safepoint "Cleanup", Time since last: 1002097889 ns, Reaching safepoint: 195453 ns, At safepoint: 7805 ns, Total: 203258 ns
[2021-08-17T03:08:31.139+0000][6][safepoint    ] Safepoint "Cleanup", Time since last: 1003436086 ns, Reaching safepoint: 188990 ns, At safepoint: 7978 ns, Total: 196968 ns
[2021-08-17T03:08:32.142+0000][6][safepoint    ] Safepoint "Cleanup", Time since last: 1003286463 ns, Reaching safepoint: 203978 ns, At safepoint: 7535 ns, Total: 211513 ns
[2021-08-17T03:08:33.146+0000][6][safepoint    ] Safepoint "Cleanup", Time since last: 1003546011 ns, Reaching safepoint: 232067 ns, At safepoint: 10543 ns, Total: 242610 ns
[2021-08-17T03:08:34.149+0000][6][safepoint    ] Safepoint "Cleanup", Time since last: 1002911907 ns, Reaching safepoint: 223843 ns, At safepoint: 10484 ns, Total: 234327 ns
[2021-08-17T03:08:35.150+0000][6][safepoint    ] Safepoint "Cleanup", Time since last: 1000391817 ns, Reaching safepoint: 187063 ns, At safepoint: 7810 ns, Total: 194873 ns
[2021-08-17T03:08:36.153+0000][6][safepoint    ] Safepoint "Cleanup", Time since last: 1003339982 ns, Reaching safepoint: 204774 ns, At safepoint: 8182 ns, Total: 212956 ns
[2021-08-17T03:08:37.155+0000][6][safepoint    ] Safepoint "Cleanup", Time since last: 1001884646 ns, Reaching safepoint: 253985 ns, At safepoint: 9638 ns, Total: 263623 ns
[2021-08-17T03:08:38.159+0000][6][safepoint    ] Safepoint "Cleanup", Time since last: 1003536939 ns, Reaching safepoint: 237574 ns, At safepoint: 9842 ns, Total: 247416 ns
[2021-08-17T03:08:39.163+0000][6][safepoint    ] Safepoint "Cleanup", Time since last: 1003523752 ns, Reaching safepoint: 130401 ns, At safepoint: 7169 ns, Total: 137570 ns
[2021-08-17T03:08:40.166+0000][6][safepoint    ] Safepoint "Cleanup", Time since last: 1002665135 ns, Reaching safepoint: 268058 ns, At safepoint: 11107 ns, Total: 279165 ns
[2021-08-17T03:08:41.167+0000][6][safepoint    ] Safepoint "Cleanup", Time since last: 1000771213 ns, Reaching safepoint: 197764 ns, At safepoint: 7630 ns, Total: 205394 ns
[2021-08-17T03:08:42.167+0000][6][safepoint    ] Safepoint "Cleanup", Time since last: 1000452634 ns, Reaching safepoint: 189804 ns, At safepoint: 8134 ns, Total: 197938 ns
[2021-08-17T03:08:43.169+0000][6][safepoint    ] Safepoint "Cleanup", Time since last: 1001788850 ns, Reaching safepoint: 133560 ns, At safepoint: 4819 ns, Total: 138379 ns
[2021-08-17T03:08:44.170+0000][6][safepoint    ] Safepoint "Cleanup", Time since last: 1000236157 ns, Reaching safepoint: 224159 ns, At safepoint: 14094 ns, Total: 238253 ns
[2021-08-17T03:08:45.171+0000][6][safepoint    ] Safepoint "Cleanup", Time since last: 1000695986 ns, Reaching safepoint: 154317 ns, At safepoint: 4758 ns, Total: 159075 ns
[2021-08-17T03:08:46.172+0000][6][safepoint    ] Safepoint "Cleanup", Time since last: 1001300980 ns, Reaching safepoint: 203955 ns, At safepoint: 8697 ns, Total: 212652 ns
[2021-08-17T03:08:47.175+0000][6][safepoint    ] Safepoint "Cleanup", Time since last: 1002515731 ns, Reaching safepoint: 204348 ns, At safepoint: 7860 ns, Total: 212208 ns
[2021-08-17T03:08:48.176+0000][6][safepoint    ] Safepoint "Cleanup", Time since last: 1001491866 ns, Reaching safepoint: 190663 ns, At safepoint: 7914 ns, Total: 198577 ns
[2021-08-17T03:08:49.179+0000][6][safepoint    ] Safepoint "Cleanup", Time since last: 1002794593 ns, Reaching safepoint: 199788 ns, At safepoint: 7742 ns, Total: 207530 ns
[2021-08-17T03:08:50.182+0000][6][safepoint    ] Safepoint "Cleanup", Time since last: 1001995802 ns, Reaching safepoint: 136044 ns, At safepoint: 5303 ns, Total: 141347 ns
[2021-08-17T03:08:51.185+0000][6][safepoint    ] Safepoint "Cleanup", Time since last: 1003228366 ns, Reaching safepoint: 203720 ns, At safepoint: 7892 ns, Total: 211612 ns
[2021-08-17T03:08:52.186+0000][6][safepoint    ] Safepoint "Cleanup", Time since last: 1000805402 ns, Reaching safepoint: 192052 ns, At safepoint: 7632 ns, Total: 199684 ns
[2021-08-17T03:08:53.190+0000][6][safepoint    ] Safepoint "Cleanup", Time since last: 1003293652 ns, Reaching safepoint: 146258 ns, At safepoint: 6487 ns, Total: 152745 ns
[2021-08-17T03:08:54.191+0000][6][safepoint    ] Safepoint "Cleanup", Time since last: 1001105331 ns, Reaching safepoint: 196532 ns, At safepoint: 7884 ns, Total: 204416 ns
[2021-08-17T03:08:55.193+0000][6][safepoint    ] Safepoint "Cleanup", Time since last: 1001949658 ns, Reaching safepoint: 203620 ns, At safepoint: 9870 ns, Total: 213490 ns
[2021-08-17T03:08:56.791+0000][6][safepoint    ] Safepoint "Cleanup", Time since last: 1597762382 ns, Reaching safepoint: 390625 ns, At safepoint: 9775 ns, Total: 400400 ns
[2021-08-17T03:08:57.792+0000][6][safepoint    ] Safepoint "Cleanup", Time since last: 1000803011 ns, Reaching safepoint: 396448 ns, At safepoint: 9974 ns, Total: 406422 ns
[2021-08-17T03:08:58.795+0000][6][safepoint    ] Safepoint "Cleanup", Time since last: 1002504987 ns, Reaching safepoint: 126049 ns, At safepoint: 15919 ns, Total: 141968 ns
[2021-08-17T03:08:59.799+0000][6][safepoint    ] Safepoint "Cleanup", Time since last: 1003633572 ns, Reaching safepoint: 128580 ns, At safepoint: 6664 ns, Total: 135244 ns
[2021-08-17T03:09:00.800+0000][6][safepoint    ] Safepoint "Cleanup", Time since last: 1000827631 ns, Reaching safepoint: 150070 ns, At safepoint: 10052 ns, Total: 160122 ns
[2021-08-17T03:09:01.803+0000][6][safepoint    ] Safepoint "Cleanup", Time since last: 1003002515 ns, Reaching safepoint: 134872 ns, At safepoint: 8166 ns, Total: 143038 ns
[2021-08-17T03:09:02.805+0000][6][safepoint    ] Safepoint "Cleanup", Time since last: 1002164004 ns, Reaching safepoint: 328547 ns, At safepoint: 9877 ns, Total: 338424 ns
[2021-08-17T03:09:03.806+0000][6][safepoint    ] Safepoint "Cleanup", Time since last: 1000562325 ns, Reaching safepoint: 389030 ns, At safepoint: 10890 ns, Total: 399920 ns
[2021-08-17T03:09:04.808+0000][6][safepoint    ] Safepoint "Cleanup", Time since last: 1001681952 ns, Reaching safepoint: 165478 ns, At safepoint: 6640 ns, Total: 172118 ns
[2021-08-17T03:09:05.810+0000][6][safepoint    ] Safepoint "Cleanup", Time since last: 1001728213 ns, Reaching safepoint: 142520 ns, At safepoint: 8897 ns, Total: 151417 ns
[2021-08-17T03:09:06.812+0000][6][safepoint    ] Safepoint "Cleanup", Time since last: 1001457534 ns, Reaching safepoint: 124510 ns, At safepoint: 6753 ns, Total: 131263 ns
[2021-08-17T03:09:07.814+0000][6][safepoint    ] Safepoint "Cleanup", Time since last: 1002234961 ns, Reaching safepoint: 467974 ns, At safepoint: 11933 ns, Total: 479907 ns
[2021-08-17T03:09:08.815+0000][6][safepoint    ] Safepoint "Cleanup", Time since last: 1000682254 ns, Reaching safepoint: 239044 ns, At safepoint: 10651 ns, Total: 249695 ns
[2021-08-17T03:09:09.818+0000][6][safepoint    ] Safepoint "Cleanup", Time since last: 1002931932 ns, Reaching safepoint: 151298 ns, At safepoint: 33335 ns, Total: 184633 ns
[2021-08-17T03:09:10.821+0000][6][safepoint    ] Safepoint "Cleanup", Time since last: 1001919545 ns, Reaching safepoint: 153112 ns, At safepoint: 6746 ns, Total: 159858 ns
[2021-08-17T03:09:11.822+0000][6][safepoint    ] Safepoint "Cleanup", Time since last: 1001293347 ns, Reaching safepoint: 486668 ns, At safepoint: 11757 ns, Total: 498425 ns
[2021-08-17T03:09:12.825+0000][6][safepoint    ] Safepoint "Cleanup", Time since last: 1002590043 ns, Reaching safepoint: 468489 ns, At safepoint: 9788 ns, Total: 478277 ns
[2021-08-17T03:09:13.827+0000][6][safepoint    ] Safepoint "Cleanup", Time since last: 1001559074 ns, Reaching safepoint: 434435 ns, At safepoint: 10559 ns, Total: 444994 ns
[2021-08-17T03:09:14.830+0000][6][safepoint    ] Safepoint "Cleanup", Time since last: 1002336966 ns, Reaching safepoint: 169892 ns, At safepoint: 6719 ns, Total: 176611 ns
[2021-08-17T03:09:15.831+0000][6][safepoint    ] Safepoint "Cleanup", Time since last: 1001115733 ns, Reaching safepoint: 151947 ns, At safepoint: 9178 ns, Total: 161125 ns
[2021-08-17T03:09:16.832+0000][6][safepoint    ] Safepoint "Cleanup", Time since last: 1000413687 ns, Reaching safepoint: 164831 ns, At safepoint: 6733 ns, Total: 171564 ns
[2021-08-17T03:09:17.836+0000][6][safepoint    ] Safepoint "Cleanup", Time since last: 1003722174 ns, Reaching safepoint: 122502 ns, At safepoint: 16177 ns, Total: 138679 ns
[2021-08-17T03:09:18.838+0000][6][safepoint    ] Safepoint "Cleanup", Time since last: 1001899039 ns, Reaching safepoint: 125801 ns, At safepoint: 8820 ns, Total: 134621 ns
[2021-08-17T03:09:19.842+0000][6][safepoint    ] Safepoint "Cleanup", Time since last: 1004158446 ns, Reaching safepoint: 157381 ns, At safepoint: 8916 ns, Total: 166297 ns
[2021-08-17T03:09:20.844+0000][6][safepoint    ] Safepoint "Cleanup", Time since last: 1001977676 ns, Reaching safepoint: 204246 ns, At safepoint: 8708 ns, Total: 212954 ns
[2021-08-17T03:09:21.846+0000][6][safepoint    ] Safepoint "Cleanup", Time since last: 1001403550 ns, Reaching safepoint: 473599 ns, At safepoint: 12115 ns, Total: 485714 ns
[2021-08-17T03:09:22.850+0000][6][safepoint    ] Safepoint "Cleanup", Time since last: 1003813311 ns, Reaching safepoint: 130544 ns, At safepoint: 6383 ns, Total: 136927 ns
[2021-08-17T03:09:23.854+0000][6][safepoint    ] Safepoint "Cleanup", Time since last: 1003244277 ns, Reaching safepoint: 388486 ns, At safepoint: 11339 ns, Total: 399825 ns
[2021-08-17T03:09:24.856+0000][6][safepoint    ] Safepoint "Cleanup", Time since last: 1002577170 ns, Reaching safepoint: 132326 ns, At safepoint: 10327 ns, Total: 142653 ns
[2021-08-17T03:09:25.859+0000][6][safepoint    ] Safepoint "Cleanup", Time since last: 1002238936 ns, Reaching safepoint: 628901 ns, At safepoint: 50533 ns, Total: 679434 ns
[2021-08-17T03:09:26.860+0000][6][safepoint    ] Safepoint "Cleanup", Time since last: 1000668049 ns, Reaching safepoint: 124218 ns, At safepoint: 9629 ns, Total: 133847 ns
[2021-08-17T03:09:27.863+0000][6][safepoint    ] Safepoint "Cleanup", Time since last: 1002820718 ns, Reaching safepoint: 506566 ns, At safepoint: 10452 ns, Total: 517018 ns
[2021-08-17T03:09:28.867+0000][6][safepoint    ] Safepoint "Cleanup", Time since last: 1002840167 ns, Reaching safepoint: 409310 ns, At safepoint: 9445 ns, Total: 418755 ns
[2021-08-17T03:09:29.870+0000][6][safepoint    ] Safepoint "Cleanup", Time since last: 1003518239 ns, Reaching safepoint: 129346 ns, At safepoint: 10686 ns, Total: 140032 ns
[2021-08-17T03:09:30.871+0000][6][safepoint    ] Safepoint "Cleanup", Time since last: 1000531727 ns, Reaching safepoint: 491176 ns, At safepoint: 10824 ns, Total: 502000 ns
[2021-08-17T03:09:31.875+0000][6][safepoint    ] Safepoint "Cleanup", Time since last: 1003487925 ns, Reaching safepoint: 135134 ns, At safepoint: 11611 ns, Total: 146745 ns
[2021-08-17T03:09:32.875+0000][6][safepoint    ] Safepoint "Cleanup", Time since last: 1000227641 ns, Reaching safepoint: 190023 ns, At safepoint: 7856 ns, Total: 197879 ns
[2021-08-17T03:09:33.879+0000][6][safepoint    ] Safepoint "Cleanup", Time since last: 1002948467 ns, Reaching safepoint: 168582 ns, At safepoint: 10348 ns, Total: 178930 ns
[2021-08-17T03:09:34.881+0000][6][safepoint    ] Safepoint "Cleanup", Time since last: 1002387806 ns, Reaching safepoint: 441281 ns, At safepoint: 13125 ns, Total: 454406 ns
[2021-08-17T03:09:35.885+0000][6][safepoint    ] Safepoint "Cleanup", Time since last: 1003126197 ns, Reaching safepoint: 388695 ns, At safepoint: 11333 ns, Total: 400028 ns
[2021-08-17T03:09:36.886+0000][6][safepoint    ] Safepoint "Cleanup", Time since last: 1000580033 ns, Reaching safepoint: 432805 ns, At safepoint: 17589 ns, Total: 450394 ns
[2021-08-17T03:09:37.890+0000][6][safepoint    ] Safepoint "Cleanup", Time since last: 1003702221 ns, Reaching safepoint: 470020 ns, At safepoint: 11312 ns, Total: 481332 ns
[2021-08-17T03:09:38.893+0000][6][safepoint    ] Safepoint "Cleanup", Time since last: 1002354613 ns, Reaching safepoint: 142368 ns, At safepoint: 8263 ns, Total: 150631 ns
[2021-08-17T03:09:39.896+0000][6][safepoint    ] Safepoint "Cleanup", Time since last: 1003245281 ns, Reaching safepoint: 524380 ns, At safepoint: 10428 ns, Total: 534808 ns
[2021-08-17T03:09:40.900+0000][6][safepoint    ] Safepoint "Cleanup", Time since last: 1003205046 ns, Reaching safepoint: 141387 ns, At safepoint: 10023 ns, Total: 151410 ns
[2021-08-17T03:09:41.900+0000][6][safepoint    ] Safepoint "Cleanup", Time since last: 1000301007 ns, Reaching safepoint: 223710 ns, At safepoint: 8041 ns, Total: 231751 ns
[2021-08-17T03:09:42.905+0000][6][safepoint    ] Safepoint "Cleanup", Time since last: 1003861279 ns, Reaching safepoint: 393767 ns, At safepoint: 9209 ns, Total: 402976 ns
[2021-08-17T03:09:43.908+0000][6][safepoint    ] Safepoint "Cleanup", Time since last: 1002936469 ns, Reaching safepoint: 432184 ns, At safepoint: 41412 ns, Total: 473596 ns
[2021-08-17T03:09:44.911+0000][6][safepoint    ] Safepoint "Cleanup", Time since last: 1002792014 ns, Reaching safepoint: 146252 ns, At safepoint: 8406 ns, Total: 154658 ns
[2021-08-17T03:09:45.913+0000][6][safepoint    ] Safepoint "Cleanup", Time since last: 1002049102 ns, Reaching safepoint: 132018 ns, At safepoint: 8042 ns, Total: 140060 ns
[2021-08-17T03:09:46.915+0000][6][safepoint    ] Safepoint "Cleanup", Time since last: 1001072768 ns, Reaching safepoint: 402616 ns, At safepoint: 9939 ns, Total: 412555 ns
[2021-08-17T03:09:47.915+0000][6][safepoint    ] Safepoint "Cleanup", Time since last: 1000320838 ns, Reaching safepoint: 190214 ns, At safepoint: 7478 ns, Total: 197692 ns
[2021-08-17T03:09:48.917+0000][6][safepoint    ] Safepoint "Cleanup", Time since last: 1001637219 ns, Reaching safepoint: 134338 ns, At safepoint: 6345 ns, Total: 140683 ns
[2021-08-17T03:09:49.921+0000][6][safepoint    ] Safepoint "Cleanup", Time since last: 1003296660 ns, Reaching safepoint: 287798 ns, At safepoint: 6919 ns, Total: 294717 ns
[2021-08-17T03:09:50.921+0000][6][safepoint    ] Safepoint "Cleanup", Time since last: 1000761354 ns, Reaching safepoint: 150344 ns, At safepoint: 8660 ns, Total: 159004 ns
[2021-08-17T03:09:51.938+0000][6][safepoint    ] Safepoint "Cleanup", Time since last: 1015816087 ns, Reaching safepoint: 500224 ns, At safepoint: 13622 ns, Total: 513846 ns
[2021-08-17T03:09:52.939+0000][6][safepoint    ] Safepoint "Cleanup", Time since last: 1001456218 ns, Reaching safepoint: 141986 ns, At safepoint: 8218 ns, Total: 150204 ns
[2021-08-17T03:09:53.942+0000][6][safepoint    ] Safepoint "Cleanup", Time since last: 1001944940 ns, Reaching safepoint: 397847 ns, At safepoint: 9522 ns, Total: 407369 ns
[2021-08-17T03:09:54.942+0000][6][safepoint    ] Safepoint "Cleanup", Time since last: 1000489640 ns, Reaching safepoint: 217741 ns, At safepoint: 18712 ns, Total: 236453 ns
[2021-08-17T03:09:55.943+0000][6][safepoint    ] Safepoint "Cleanup", Time since last: 1000332607 ns, Reaching safepoint: 144452 ns, At safepoint: 9231 ns, Total: 153683 ns
[2021-08-17T03:09:56.943+0000][6][safepoint    ] Safepoint "Cleanup", Time since last: 1000263469 ns, Reaching safepoint: 200022 ns, At safepoint: 9061 ns, Total: 209083 ns
[2021-08-17T03:09:57.948+0000][6][safepoint    ] Safepoint "Cleanup", Time since last: 1004131371 ns, Reaching safepoint: 137108 ns, At safepoint: 6960 ns, Total: 144068 ns
[2021-08-17T03:09:58.949+0000][6][safepoint    ] Safepoint "Cleanup", Time since last: 1001524581 ns, Reaching safepoint: 123900 ns, At safepoint: 6840 ns, Total: 130740 ns
[2021-08-17T03:09:59.951+0000][6][safepoint    ] Safepoint "Cleanup", Time since last: 1001909119 ns, Reaching safepoint: 139317 ns, At safepoint: 10267 ns, Total: 149584 ns
[2021-08-17T03:10:00.953+0000][6][safepoint    ] Safepoint "Cleanup", Time since last: 1001423533 ns, Reaching safepoint: 121612 ns, At safepoint: 8475 ns, Total: 130087 ns
[2021-08-17T03:10:01.957+0000][6][safepoint    ] Safepoint "Cleanup", Time since last: 1003534646 ns, Reaching safepoint: 133676 ns, At safepoint: 12207 ns, Total: 145883 ns
[2021-08-17T03:10:02.960+0000][6][safepoint    ] Safepoint "Cleanup", Time since last: 1002797613 ns, Reaching safepoint: 361687 ns, At safepoint: 8591 ns, Total: 370278 ns
[2021-08-17T03:10:03.963+0000][6][safepoint    ] Safepoint "Cleanup", Time since last: 1003241025 ns, Reaching safepoint: 159622 ns, At safepoint: 8812 ns, Total: 168434 ns
[2021-08-17T03:10:04.964+0000][6][safepoint    ] Safepoint "Cleanup", Time since last: 1000672256 ns, Reaching safepoint: 130834 ns, At safepoint: 8828 ns, Total: 139662 ns
[2021-08-17T03:10:18.458+0000][6][safepoint    ] Safepoint "Cleanup", Time since last: 13493525032 ns, Reaching safepoint: 245820 ns, At safepoint: 9456 ns, Total: 255276 ns
[2021-08-17T03:10:58.558+0000][6][safepoint    ] Safepoint "Cleanup", Time since last: 40099732645 ns, Reaching safepoint: 246754 ns, At safepoint: 10874 ns, Total: 257628 ns
[2021-08-17T03:11:26.619+0000][6][safepoint    ] Safepoint "Cleanup", Time since last: 28061090140 ns, Reaching safepoint: 269741 ns, At safepoint: 8077 ns, Total: 277818 ns
[2021-08-17T03:11:28.623+0000][6][safepoint    ] Safepoint "Cleanup", Time since last: 2003311195 ns, Reaching safepoint: 153791 ns, At safepoint: 5686 ns, Total: 159477 ns
[2021-08-17T03:11:34.635+0000][6][safepoint    ] Safepoint "Cleanup", Time since last: 6011710149 ns, Reaching safepoint: 109076 ns, At safepoint: 6361 ns, Total: 115437 ns
[2021-08-17T03:11:36.641+0000][6][safepoint    ] Safepoint "Cleanup", Time since last: 2006453010 ns, Reaching safepoint: 320295 ns, At safepoint: 13374 ns, Total: 333669 ns
[2021-08-17T03:11:57.717+0000][6][safepoint    ] Safepoint "Cleanup", Time since last: 21075211513 ns, Reaching safepoint: 123017 ns, At safepoint: 5071 ns, Total: 128088 ns
[2021-08-17T03:12:26.871+0000][6][safepoint    ] Safepoint "Cleanup", Time since last: 29154664548 ns, Reaching safepoint: 211042 ns, At safepoint: 9520 ns, Total: 220562 ns
[2021-08-17T03:12:56.945+0000][6][safepoint    ] Safepoint "Cleanup", Time since last: 30073306128 ns, Reaching safepoint: 305965 ns, At safepoint: 11290 ns, Total: 317255 ns
[2021-08-17T03:13:28.036+0000][6][safepoint    ] Safepoint "Cleanup", Time since last: 31090803240 ns, Reaching safepoint: 412240 ns, At safepoint: 27046 ns, Total: 439286 ns
[2021-08-17T03:13:35.050+0000][6][safepoint    ] Safepoint "Cleanup", Time since last: 7013663660 ns, Reaching safepoint: 163842 ns, At safepoint: 6776 ns, Total: 170618 ns
[2021-08-17T03:13:37.056+0000][6][safepoint    ] Safepoint "Cleanup", Time since last: 2005777348 ns, Reaching safepoint: 144795 ns, At safepoint: 6867 ns, Total: 151662 ns
[2021-08-17T03:13:40.063+0000][6][safepoint    ] Safepoint "Cleanup", Time since last: 3006570593 ns, Reaching safepoint: 201232 ns, At safepoint: 7632 ns, Total: 208864 ns
[2021-08-17T03:43:41.874+0000][6][safepoint    ] Safepoint "Cleanup", Time since last: 88948495038 ns, Reaching safepoint: 381483 ns, At safepoint: 9264 ns, Total: 390747 ns
[2021-08-17T03:43:53.242+0000][6][safepoint    ] Safepoint "Cleanup", Time since last: 11367657809 ns, Reaching safepoint: 555110 ns, At safepoint: 26504 ns, Total: 581614 ns
[2021-08-17T03:43:55.084+0000][6][safepoint    ] Safepoint "Cleanup", Time since last: 1841703258 ns, Reaching safepoint: 303709 ns, At safepoint: 7779 ns, Total: 311488 ns
[2021-08-17T03:43:56.085+0000][6][safepoint    ] Safepoint "Cleanup", Time since last: 1000202649 ns, Reaching safepoint: 201449 ns, At safepoint: 7314 ns, Total: 208763 ns
[2021-08-17T03:43:58.087+0000][6][safepoint    ] Safepoint "Cleanup", Time since last: 2001600158 ns, Reaching safepoint: 206396 ns, At safepoint: 9860 ns, Total: 216256 ns
[2021-08-17T03:43:59.944+0000][6][safepoint    ] Safepoint "Cleanup", Time since last: 1857277717 ns, Reaching safepoint: 172913 ns, At safepoint: 4978 ns, Total: 177891 ns
[2021-08-17T03:44:10.957+0000][6][safepoint    ] Safepoint "Cleanup", Time since last: 11012501345 ns, Reaching safepoint: 166396 ns, At safepoint: 5787 ns, Total: 172183 ns
[2021-08-17T03:44:11.957+0000][6][safepoint    ] Safepoint "Cleanup", Time since last: 1000514023 ns, Reaching safepoint: 119399 ns, At safepoint: 24144 ns, Total: 143543 ns
[2021-08-17T03:44:12.959+0000][6][safepoint    ] Safepoint "Cleanup", Time since last: 1000806267 ns, Reaching safepoint: 345969 ns, At safepoint: 38272 ns, Total: 384241 ns
[2021-08-17T03:44:13.959+0000][6][safepoint    ] Safepoint "Cleanup", Time since last: 1000230589 ns, Reaching safepoint: 181192 ns, At safepoint: 7087 ns, Total: 188279 ns
[2021-08-17T03:44:15.383+0000][6][safepoint    ] Safepoint "Cleanup", Time since last: 1424278516 ns, Reaching safepoint: 211272 ns, At safepoint: 5974 ns, Total: 217246 ns
[2021-08-17T03:44:16.385+0000][6][safepoint    ] Safepoint "Cleanup", Time since last: 1001086827 ns, Reaching safepoint: 159672 ns, At safepoint: 6468 ns, Total: 166140 ns
[2021-08-17T03:44:17.385+0000][6][safepoint    ] Safepoint "Cleanup", Time since last: 1000392020 ns, Reaching safepoint: 184240 ns, At safepoint: 7924 ns, Total: 192164 ns
[2021-08-17T03:44:18.386+0000][6][safepoint    ] Safepoint "Cleanup", Time since last: 1000550587 ns, Reaching safepoint: 275322 ns, At safepoint: 7562 ns, Total: 282884 ns
[2021-08-17T03:44:19.387+0000][6][safepoint    ] Safepoint "Cleanup", Time since last: 1000510623 ns, Reaching safepoint: 200008 ns, At safepoint: 7630 ns, Total: 207638 ns
[2021-08-17T03:44:20.388+0000][6][safepoint    ] Safepoint "Cleanup", Time since last: 1000535931 ns, Reaching safepoint: 173642 ns, At safepoint: 8133 ns, Total: 181775 ns
[2021-08-17T03:44:21.741+0000][6][safepoint    ] Safepoint "Cleanup", Time since last: 1352778308 ns, Reaching safepoint: 221989 ns, At safepoint: 7580 ns, Total: 229569 ns
[2021-08-17T03:44:22.742+0000][6][safepoint    ] Safepoint "Cleanup", Time since last: 1000964815 ns, Reaching safepoint: 312463 ns, At safepoint: 12044 ns, Total: 324507 ns
[2021-08-17T03:44:23.743+0000][6][safepoint    ] Safepoint "Cleanup", Time since last: 1001072450 ns, Reaching safepoint: 160494 ns, At safepoint: 6585 ns, Total: 167079 ns
[2021-08-17T03:44:24.746+0000][6][safepoint    ] Safepoint "Cleanup", Time since last: 1002291845 ns, Reaching safepoint: 226400 ns, At safepoint: 9733 ns, Total: 236133 ns
[2021-08-17T03:44:25.748+0000][6][safepoint    ] Safepoint "Cleanup", Time since last: 1001911592 ns, Reaching safepoint: 123842 ns, At safepoint: 6472 ns, Total: 130314 ns
[2021-08-17T03:44:26.749+0000][6][safepoint    ] Safepoint "Cleanup", Time since last: 1000688982 ns, Reaching safepoint: 147951 ns, At safepoint: 5947 ns, Total: 153898 ns
[2021-08-17T03:44:27.750+0000][6][safepoint    ] Safepoint "Cleanup", Time since last: 1001641022 ns, Reaching safepoint: 214620 ns, At safepoint: 6196 ns, Total: 220816 ns
[2021-08-17T03:44:28.752+0000][6][safepoint    ] Safepoint "Cleanup", Time since last: 1001170095 ns, Reaching safepoint: 140085 ns, At safepoint: 4733 ns, Total: 144818 ns
[2021-08-17T03:44:29.753+0000][6][safepoint    ] Safepoint "Cleanup", Time since last: 1001442970 ns, Reaching safepoint: 160672 ns, At safepoint: 5347 ns, Total: 166019 ns
[2021-08-17T03:44:30.754+0000][6][safepoint    ] Safepoint "Cleanup", Time since last: 1001001772 ns, Reaching safepoint: 141296 ns, At safepoint: 4890 ns, Total: 146186 ns
[2021-08-17T03:44:31.756+0000][6][safepoint    ] Safepoint "Cleanup", Time since last: 1000860497 ns, Reaching safepoint: 205258 ns, At safepoint: 10416 ns, Total: 215674 ns
[2021-08-17T03:44:32.757+0000][6][safepoint    ] Safepoint "Cleanup", Time since last: 1000853861 ns, Reaching safepoint: 177806 ns, At safepoint: 7940 ns, Total: 185746 ns
[2021-08-17T03:44:33.758+0000][6][safepoint    ] Safepoint "Cleanup", Time since last: 1001665246 ns, Reaching safepoint: 139566 ns, At safepoint: 5578 ns, Total: 145144 ns
[2021-08-17T03:44:34.760+0000][6][safepoint    ] Safepoint "Cleanup", Time since last: 1001186993 ns, Reaching safepoint: 220077 ns, At safepoint: 26384 ns, Total: 246461 ns
[2021-08-17T03:44:35.761+0000][6][safepoint    ] Safepoint "Cleanup", Time since last: 1000718997 ns, Reaching safepoint: 162981 ns, At safepoint: 8364 ns, Total: 171345 ns
[2021-08-17T03:44:36.762+0000][6][safepoint    ] Safepoint "Cleanup", Time since last: 1001121038 ns, Reaching safepoint: 162250 ns, At safepoint: 6104 ns, Total: 168354 ns
[2021-08-17T03:44:37.763+0000][6][safepoint    ] Safepoint "Cleanup", Time since last: 1001054088 ns, Reaching safepoint: 138638 ns, At safepoint: 5429 ns, Total: 144067 ns
[2021-08-17T03:44:38.764+0000][6][safepoint    ] Safepoint "Cleanup", Time since last: 1000420896 ns, Reaching safepoint: 135225 ns, At safepoint: 5266 ns, Total: 140491 ns
[2021-08-17T03:44:39.766+0000][6][safepoint    ] Safepoint "Cleanup", Time since last: 1001889696 ns, Reaching safepoint: 124531 ns, At safepoint: 4492 ns, Total: 129023 ns
[2021-08-17T03:44:40.767+0000][6][safepoint    ] Safepoint "Cleanup", Time since last: 1001326492 ns, Reaching safepoint: 104212 ns, At safepoint: 4782 ns, Total: 108994 ns
[2021-08-17T03:44:41.768+0000][6][safepoint    ] Safepoint "Cleanup", Time since last: 1000232347 ns, Reaching safepoint: 212480 ns, At safepoint: 5021 ns, Total: 217501 ns
[2021-08-17T03:44:42.768+0000][6][safepoint    ] Safepoint "Cleanup", Time since last: 1000218134 ns, Reaching safepoint: 130851 ns, At safepoint: 5136 ns, Total: 135987 ns
[2021-08-17T03:44:43.768+0000][6][safepoint    ] Safepoint "Cleanup", Time since last: 1000209172 ns, Reaching safepoint: 147494 ns, At safepoint: 4860 ns, Total: 152354 ns
[2021-08-17T03:44:44.769+0000][6][safepoint    ] Safepoint "Cleanup", Time since last: 1000720536 ns, Reaching safepoint: 126332 ns, At safepoint: 4823 ns, Total: 131155 ns
[2021-08-17T03:44:45.770+0000][6][safepoint    ] Safepoint "Cleanup", Time since last: 1000301666 ns, Reaching safepoint: 165777 ns, At safepoint: 6122 ns, Total: 171899 ns
[2021-08-17T03:44:46.772+0000][6][safepoint    ] Safepoint "Cleanup", Time since last: 1002061264 ns, Reaching safepoint: 123963 ns, At safepoint: 4332 ns, Total: 128295 ns
[2021-08-17T03:44:47.774+0000][6][safepoint    ] Safepoint "Cleanup", Time since last: 1001865010 ns, Reaching safepoint: 148351 ns, At safepoint: 5237 ns, Total: 153588 ns
[2021-08-17T03:44:48.776+0000][6][safepoint    ] Safepoint "Cleanup", Time since last: 1001764777 ns, Reaching safepoint: 147379 ns, At safepoint: 5655 ns, Total: 153034 ns
[2021-08-17T03:44:49.777+0000][6][safepoint    ] Safepoint "Cleanup", Time since last: 1000511626 ns, Reaching safepoint: 212490 ns, At safepoint: 9500 ns, Total: 221990 ns
[2021-08-17T03:44:50.779+0000][6][safepoint    ] Safepoint "Cleanup", Time since last: 1001754982 ns, Reaching safepoint: 208165 ns, At safepoint: 8093 ns, Total: 216258 ns
[2021-08-17T03:44:51.779+0000][6][safepoint    ] Safepoint "Cleanup", Time since last: 1000393725 ns, Reaching safepoint: 166411 ns, At safepoint: 5357 ns, Total: 171768 ns
[2021-08-17T03:44:52.781+0000][6][safepoint    ] Safepoint "Cleanup", Time since last: 1001352494 ns, Reaching safepoint: 262615 ns, At safepoint: 7760 ns, Total: 270375 ns
[2021-08-17T03:44:53.784+0000][6][safepoint    ] Safepoint "Cleanup", Time since last: 1002643190 ns, Reaching safepoint: 179066 ns, At safepoint: 6283 ns, Total: 185349 ns
[2021-08-17T03:44:54.156+0000][6][safepoint    ] Safepoint "BulkRevokeBias", Time since last: 372463985 ns, Reaching safepoint: 210247 ns, At safepoint: 289195 ns, Total: 499442 ns
[2021-08-17T03:44:55.227+0000][6][safepoint    ] Safepoint "Cleanup", Time since last: 1070622534 ns, Reaching safepoint: 238865 ns, At safepoint: 9263 ns, Total: 248128 ns
[2021-08-17T03:44:56.229+0000][6][safepoint    ] Safepoint "Cleanup", Time since last: 1001370422 ns, Reaching safepoint: 213713 ns, At safepoint: 9444 ns, Total: 223157 ns
[2021-08-17T03:44:57.232+0000][6][safepoint    ] Safepoint "Cleanup", Time since last: 1002399653 ns, Reaching safepoint: 147996 ns, At safepoint: 5938 ns, Total: 153934 ns
[2021-08-17T03:44:58.233+0000][6][safepoint    ] Safepoint "Cleanup", Time since last: 1001482255 ns, Reaching safepoint: 141560 ns, At safepoint: 5357 ns, Total: 146917 ns
[2021-08-17T03:44:59.033+0000][6][safepoint    ] Safepoint "BulkRevokeBias", Time since last: 799821341 ns, Reaching safepoint: 152813 ns, At safepoint: 251957 ns, Total: 404770 ns
[2021-08-17T03:45:00.034+0000][6][safepoint    ] Safepoint "Cleanup", Time since last: 1000239186 ns, Reaching safepoint: 232398 ns, At safepoint: 4583 ns, Total: 236981 ns
[2021-08-17T03:45:01.038+0000][6][safepoint    ] Safepoint "Cleanup", Time since last: 1004025428 ns, Reaching safepoint: 209377 ns, At safepoint: 10101 ns, Total: 219478 ns
[2021-08-17T03:45:02.041+0000][6][safepoint    ] Safepoint "Cleanup", Time since last: 1002649370 ns, Reaching safepoint: 150455 ns, At safepoint: 7365 ns, Total: 157820 ns
[2021-08-17T03:45:03.043+0000][6][safepoint    ] Safepoint "Cleanup", Time since last: 1001371322 ns, Reaching safepoint: 423039 ns, At safepoint: 14330 ns, Total: 437369 ns
[2021-08-17T03:45:04.045+0000][6][safepoint    ] Safepoint "Cleanup", Time since last: 1001744499 ns, Reaching safepoint: 300879 ns, At safepoint: 9071 ns, Total: 309950 ns
[2021-08-17T03:45:05.046+0000][6][safepoint    ] Safepoint "Cleanup", Time since last: 1001319958 ns, Reaching safepoint: 366349 ns, At safepoint: 7725 ns, Total: 374074 ns
[2021-08-17T03:45:06.048+0000][6][safepoint    ] Safepoint "Cleanup", Time since last: 1001066979 ns, Reaching safepoint: 143793 ns, At safepoint: 7342 ns, Total: 151135 ns
[2021-08-17T03:45:07.049+0000][6][safepoint    ] Safepoint "Cleanup", Time since last: 1000892057 ns, Reaching safepoint: 185715 ns, At safepoint: 9448 ns, Total: 195163 ns
[2021-08-17T03:45:08.054+0000][6][safepoint    ] Safepoint "Cleanup", Time since last: 1005008849 ns, Reaching safepoint: 141461 ns, At safepoint: 38848 ns, Total: 180309 ns
[2021-08-17T03:45:09.057+0000][6][safepoint    ] Safepoint "Cleanup", Time since last: 1002608207 ns, Reaching safepoint: 110822 ns, At safepoint: 4513 ns, Total: 115335 ns
[2021-08-17T03:45:10.058+0000][6][safepoint    ] Safepoint "Cleanup", Time since last: 1000879472 ns, Reaching safepoint: 141734 ns, At safepoint: 5062 ns, Total: 146796 ns
[2021-08-17T03:45:11.059+0000][6][safepoint    ] Safepoint "Cleanup", Time since last: 1001357272 ns, Reaching safepoint: 113538 ns, At safepoint: 4696 ns, Total: 118234 ns
[2021-08-17T03:45:14.063+0000][6][safepoint    ] Safepoint "Cleanup", Time since last: 3003733288 ns, Reaching safepoint: 126581 ns, At safepoint: 6105 ns, Total: 132686 ns
[2021-08-17T03:45:26.081+0000][6][safepoint    ] Safepoint "Cleanup", Time since last: 12017771877 ns, Reaching safepoint: 164609 ns, At safepoint: 5247 ns, Total: 169856 ns
[2021-08-17T03:45:41.098+0000][6][safepoint    ] Safepoint "Cleanup", Time since last: 15017189049 ns, Reaching safepoint: 219993 ns, At safepoint: 8881 ns, Total: 228874 ns
[2021-08-17T03:45:46.110+0000][6][safepoint    ] Safepoint "Cleanup", Time since last: 5011526479 ns, Reaching safepoint: 207742 ns, At safepoint: 7821 ns, Total: 215563 ns
[2021-08-17T03:45:54.269+0000][6][safepoint    ] Safepoint "Cleanup", Time since last: 8158442919 ns, Reaching safepoint: 437493 ns, At safepoint: 24010 ns, Total: 461503 ns
[2021-08-17T03:45:55.349+0000][6][safepoint    ] Safepoint "Cleanup", Time since last: 1080058606 ns, Reaching safepoint: 185339 ns, At safepoint: 6996 ns, Total: 192335 ns
[2021-08-17T03:45:59.155+0000][6][safepoint    ] Safepoint "Cleanup", Time since last: 3805291068 ns, Reaching safepoint: 208747 ns, At safepoint: 8283 ns, Total: 217030 ns
[2021-08-17T03:46:00.173+0000][6][safepoint    ] Safepoint "Cleanup", Time since last: 1018432970 ns, Reaching safepoint: 179200 ns, At safepoint: 6977 ns, Total: 186177 ns
[2021-08-17T03:46:06.182+0000][6][safepoint    ] Safepoint "Cleanup", Time since last: 6008459598 ns, Reaching safepoint: 126225 ns, At safepoint: 8350 ns, Total: 134575 ns
[2021-08-17T03:46:11.194+0000][6][safepoint    ] Safepoint "Cleanup", Time since last: 5011760687 ns, Reaching safepoint: 579706 ns, At safepoint: 28628 ns, Total: 608334 ns
[2021-08-17T03:46:41.266+0000][6][safepoint    ] Safepoint "Cleanup", Time since last: 30070974776 ns, Reaching safepoint: 196549 ns, At safepoint: 5880 ns, Total: 202429 ns
[2021-08-17T03:46:54.381+0000][6][safepoint    ] Safepoint "Cleanup", Time since last: 13114714476 ns, Reaching safepoint: 184733 ns, At safepoint: 62431 ns, Total: 247164 ns
[2021-08-17T03:46:55.451+0000][6][safepoint    ] Safepoint "Cleanup", Time since last: 1069803461 ns, Reaching safepoint: 171086 ns, At safepoint: 7534 ns, Total: 178620 ns
[2021-08-17T03:46:56.452+0000][6][safepoint    ] Safepoint "Cleanup", Time since last: 1001484918 ns, Reaching safepoint: 145263 ns, At safepoint: 7637 ns, Total: 152900 ns
[2021-08-17T03:46:59.320+0000][6][safepoint    ] Safepoint "Cleanup", Time since last: 2867778075 ns, Reaching safepoint: 401369 ns, At safepoint: 39652 ns, Total: 441021 ns
[2021-08-17T03:46:59.326+0000][6][safepoint    ] Safepoint "BulkRevokeBias", Time since last: 5220518 ns, Reaching safepoint: 129989 ns, At safepoint: 332814 ns, Total: 462803 ns
[2021-08-17T03:46:59.342+0000][6][safepoint    ] Safepoint "BulkRevokeBias", Time since last: 15444439 ns, Reaching safepoint: 349294 ns, At safepoint: 317584 ns, Total: 666878 ns
[2021-08-17T03:47:06.362+0000][6][safepoint    ] Safepoint "Cleanup", Time since last: 7019262542 ns, Reaching safepoint: 105529 ns, At safepoint: 4946 ns, Total: 110475 ns
[2021-08-17T03:47:11.372+0000][6][safepoint    ] Safepoint "Cleanup", Time since last: 5010154251 ns, Reaching safepoint: 141694 ns, At safepoint: 9707 ns, Total: 151401 ns
[2021-08-17T03:47:16.384+0000][6][safepoint    ] Safepoint "Cleanup", Time since last: 5011879993 ns, Reaching safepoint: 270213 ns, At safepoint: 5834 ns, Total: 276047 ns
[2021-08-17T03:47:19.390+0000][6][safepoint    ] Safepoint "Cleanup", Time since last: 3006198904 ns, Reaching safepoint: 135200 ns, At safepoint: 8105 ns, Total: 143305 ns
[2021-08-17T03:47:29.408+0000][6][safepoint    ] Safepoint "Cleanup", Time since last: 10017338976 ns, Reaching safepoint: 463905 ns, At safepoint: 11094 ns, Total: 474999 ns
[2021-08-17T03:47:36.422+0000][6][safepoint    ] Safepoint "Cleanup", Time since last: 7013222933 ns, Reaching safepoint: 226731 ns, At safepoint: 10062 ns, Total: 236793 ns
[2021-08-17T03:47:39.431+0000][6][safepoint    ] Safepoint "Cleanup", Time since last: 3009339559 ns, Reaching safepoint: 152108 ns, At safepoint: 5302 ns, Total: 157410 ns
[2021-08-17T03:47:41.437+0000][6][safepoint    ] Safepoint "Cleanup", Time since last: 2005971268 ns, Reaching safepoint: 195211 ns, At safepoint: 10050 ns, Total: 205261 ns
[2021-08-17T03:47:54.479+0000][6][safepoint    ] Safepoint "Cleanup", Time since last: 13041168283 ns, Reaching safepoint: 193957 ns, At safepoint: 4618 ns, Total: 198575 ns
[2021-08-17T03:47:54.503+0000][6][safepoint    ] Safepoint "BulkRevokeBias", Time since last: 23769770 ns, Reaching safepoint: 169654 ns, At safepoint: 224867 ns, Total: 394521 ns
[2021-08-17T03:47:55.542+0000][6][safepoint    ] Safepoint "Cleanup", Time since last: 1039126843 ns, Reaching safepoint: 157957 ns, At safepoint: 6922 ns, Total: 164879 ns
[2021-08-17T03:47:58.546+0000][6][safepoint    ] Safepoint "Cleanup", Time since last: 3003783881 ns, Reaching safepoint: 129724 ns, At safepoint: 6909 ns, Total: 136633 ns
[2021-08-17T03:47:59.481+0000][6][safepoint    ] Safepoint "BulkRevokeBias", Time since last: 934854810 ns, Reaching safepoint: 188913 ns, At safepoint: 290433 ns, Total: 479346 ns
[2021-08-17T03:47:59.493+0000][6][safepoint    ] Safepoint "BulkRevokeBias", Time since last: 11312652 ns, Reaching safepoint: 98492 ns, At safepoint: 268082 ns, Total: 366574 ns
[2021-08-17T03:47:59.501+0000][6][safepoint    ] Safepoint "BulkRevokeBias", Time since last: 7285882 ns, Reaching safepoint: 127843 ns, At safepoint: 184866 ns, Total: 312709 ns
[2021-08-17T03:48:00.503+0000][6][safepoint    ] Safepoint "Cleanup", Time since last: 1001913791 ns, Reaching safepoint: 414672 ns, At safepoint: 44672 ns, Total: 459344 ns
[2021-08-17T03:48:04.508+0000][6][safepoint    ] Safepoint "Cleanup", Time since last: 4004373777 ns, Reaching safepoint: 206397 ns, At safepoint: 26732 ns, Total: 233129 ns
[2021-08-17T03:48:11.521+0000][6][safepoint    ] Safepoint "Cleanup", Time since last: 7013380743 ns, Reaching safepoint: 421299 ns, At safepoint: 11013 ns, Total: 432312 ns
[2021-08-17T03:48:30.558+0000][6][safepoint    ] Safepoint "Cleanup", Time since last: 19036431568 ns, Reaching safepoint: 153987 ns, At safepoint: 8222 ns, Total: 162209 ns
[2021-08-17T03:48:31.560+0000][6][safepoint    ] Safepoint "Cleanup", Time since last: 1002040857 ns, Reaching safepoint: 114339 ns, At safepoint: 4304 ns, Total: 118643 ns
[2021-08-17T03:48:54.574+0000][6][safepoint    ] Safepoint "Cleanup", Time since last: 23013598420 ns, Reaching safepoint: 315001 ns, At safepoint: 7688 ns, Total: 322689 ns
[2021-08-17T03:48:55.635+0000][6][safepoint    ] Safepoint "Cleanup", Time since last: 1060668508 ns, Reaching safepoint: 384098 ns, At safepoint: 16240 ns, Total: 400338 ns
[2021-08-17T03:48:58.628+0000][6][safepoint    ] Safepoint "Cleanup", Time since last: 2992734123 ns, Reaching safepoint: 226764 ns, At safepoint: 77079 ns, Total: 303843 ns
[2021-08-17T03:48:58.638+0000][6][safepoint    ] Safepoint "BulkRevokeBias", Time since last: 9704378 ns, Reaching safepoint: 195633 ns, At safepoint: 270000 ns, Total: 465633 ns
[2021-08-17T03:48:59.640+0000][6][safepoint    ] Safepoint "Cleanup", Time since last: 1001500167 ns, Reaching safepoint: 265715 ns, At safepoint: 5911 ns, Total: 271626 ns
[2021-08-17T03:49:00.644+0000][6][safepoint    ] Safepoint "Cleanup", Time since last: 1003391709 ns, Reaching safepoint: 364866 ns, At safepoint: 9509 ns, Total: 374375 ns
[2021-08-17T03:49:11.682+0000][6][safepoint    ] Safepoint "Cleanup", Time since last: 11038216870 ns, Reaching safepoint: 138122 ns, At safepoint: 4713 ns, Total: 142835 ns
[2021-08-17T03:49:53.746+0000][6][safepoint    ] Safepoint "Cleanup", Time since last: 42062759499 ns, Reaching safepoint: 455176 ns, At safepoint: 12345 ns, Total: 467521 ns
[2021-08-17T03:49:55.727+0000][6][safepoint    ] Safepoint "Cleanup", Time since last: 1980832409 ns, Reaching safepoint: 417938 ns, At safepoint: 11522 ns, Total: 429460 ns
[2021-08-17T03:49:58.758+0000][6][safepoint    ] Safepoint "Cleanup", Time since last: 3030439935 ns, Reaching safepoint: 334208 ns, At safepoint: 24874 ns, Total: 359082 ns
[2021-08-17T03:49:58.773+0000][6][safepoint    ] Safepoint "BulkRevokeBias", Time since last: 14750110 ns, Reaching safepoint: 325542 ns, At safepoint: 205566 ns, Total: 531108 ns
[2021-08-17T03:50:54.787+0000][6][safepoint    ] Safepoint "Cleanup", Time since last: 56014070118 ns, Reaching safepoint: 294413 ns, At safepoint: 7181 ns, Total: 301594 ns
[2021-08-17T03:50:54.795+0000][6][safepoint    ] Safepoint "BulkRevokeBias", Time since last: 7157666 ns, Reaching safepoint: 135108 ns, At safepoint: 241533 ns, Total: 376641 ns
[2021-08-17T03:50:54.825+0000][6][safepoint    ] Safepoint "BulkRevokeBias", Time since last: 29142695 ns, Reaching safepoint: 205047 ns, At safepoint: 599667 ns, Total: 804714 ns
[2021-08-17T03:50:56.829+0000][6][safepoint    ] Safepoint "Cleanup", Time since last: 2004013914 ns, Reaching safepoint: 233243 ns, At safepoint: 10913 ns, Total: 244156 ns
[2021-08-17T03:50:58.834+0000][6][safepoint    ] Safepoint "Cleanup", Time since last: 2005237185 ns, Reaching safepoint: 217424 ns, At safepoint: 8020 ns, Total: 225444 ns
[2021-08-17T03:50:58.902+0000][6][safepoint    ] Safepoint "BulkRevokeBias", Time since last: 67269239 ns, Reaching safepoint: 277704 ns, At safepoint: 205586 ns, Total: 483290 ns
[2021-08-17T03:50:59.904+0000][6][safepoint    ] Safepoint "Cleanup", Time since last: 1000769948 ns, Reaching safepoint: 700848 ns, At safepoint: 52024 ns, Total: 752872 ns
[2021-08-17T03:51:06.861+0000][6][safepoint    ] Safepoint "Cleanup", Time since last: 6957502843 ns, Reaching safepoint: 106043 ns, At safepoint: 4667 ns, Total: 110710 ns
[2021-08-17T03:51:06.875+0000][6][safepoint    ] Safepoint "BulkRevokeBias", Time since last: 12676756 ns, Reaching safepoint: 181342 ns, At safepoint: 348983 ns, Total: 530325 ns
[2021-08-17T03:51:06.911+0000][6][safepoint    ] Safepoint "BulkRevokeBias", Time since last: 35832630 ns, Reaching safepoint: 305005 ns, At safepoint: 227266 ns, Total: 532271 ns
[2021-08-17T03:51:06.942+0000][6][gc,heap,exit ] Heap
[2021-08-17T03:51:06.942+0000][6][gc,heap,exit ]  garbage-first heap   total 735232K, used 519130K [0x00000000c0000000, 0x0000000100000000)
[2021-08-17T03:51:06.942+0000][6][gc,heap,exit ]   region size 1024K, 326 young (333824K), 22 survivors (22528K)
[2021-08-17T03:51:06.942+0000][6][gc,heap,exit ]  Metaspace       used 70186K, capacity 74677K, committed 74728K, reserved 1114112K
[2021-08-17T03:51:06.942+0000][6][gc,heap,exit ]   class space    used 9165K, capacity 11122K, committed 11136K, reserved 1048576K
